09-25 13:19:30.730  3108  3145 I SemDvfsHyPerManager: acquire hyper - AMS_RESUME_TAIL/3108@20, type = -999
09-25 13:19:30.730  3108  3145 I SemDvfsHyPerManager: acquire hyper - AMS_ACT_LAZY/3108@21, type = -999
09-25 13:19:30.730  1809  1855 I HYPER-HAL: [RequestManager.cpp]acquire(): Acquired ID : 4893776  [3108 / 20]    HINT : AMS_RESUME_TAIL    list :
09-25 13:19:30.732  1809  1855 I HYPER-HAL: [RequestManager.cpp]acquire(): Acquired ID : 4896906  [3108 / 21]    HINT : AMS_ACT_LAZY    list :
09-25 13:19:30.732  4768  4860 I ViewRootImpl@e2cbd9b[dogglers]: mWNT: t=0xb400007732113a00 mBlastBufferQueue=0xb400007705019c80 fn= 2 caller= android.view.SyncRtSurfaceTransactionApplier.applyTransaction:96 android.view.SyncRtSurfaceTransactionApplier.lambda$scheduleApply$0$android-view-SyncRtSurfaceTransactionApplier:69 android.view.SyncRtSurfaceTransactionApplier$$ExternalSyntheticLambda0.onFrameDraw:4
09-25 13:19:30.732  4768  4860 I ViewRootImpl@e2cbd9b[dogglers]: mWNT: t=0xb400007732113b00 mBlastBufferQueue=0xb400007705019c80 fn= 2 caller= android.view.SyncRtSurfaceTransactionApplier.applyTransaction:96 android.view.SyncRtSurfaceTransactionApplier.lambda$scheduleApply$0$android-view-SyncRtSurfaceTransactionApplier:69 android.view.SyncRtSurfaceTransactionApplier$$ExternalSyntheticLambda0.onFrameDraw:4
09-25 13:19:30.734  1914  1914 D SurfaceFlinger: Display 4630947093241269891 HWC layers:
09-25 13:19:30.734  1914  1914 D SurfaceFlinger:      CLIENT | 0xb400007af6c13480 | 0100 | RGBx_8888    |  592.0    0.0 1628.0 2220.0 |    0    0 1440 3088 | Wallpaper BBQ wrapper#90
09-25 13:19:30.734  1914  1914 D SurfaceFlinger:      CLIENT | 0xb400007af6c11d80 | 0100 | RGBA_8888    |    0.0    0.0 1440.0 3088.0 |    0    0 1440 3088 | com.sec.android.app.launcher/com.sec[...]rActivity$_5369#162528 (blurRegions)
09-25 13:19:30.734  1914  1914 D SurfaceFlinger:      DEVICE | 0xb400007af6c14000 | 0102 | RGBA_8888    |    0.0    0.0 1440.0 3088.0 |   58  123 1382 2965 | com.example.dogglers/com.example.dogglers.VerticalListActivity$_5639#162547
09-25 13:19:30.734  1914  1914 D SurfaceFlinger:      DEVICE | 0xb400007af86f9100 | 0100 | RGBA_8888    |    0.0    0.0 1440.0 3088.0 |   58  123 1382 2965 | Splash Screen com.example.dogglers$_4768#162540
09-25 13:19:30.734  1914  1914 D SurfaceFlinger:      DEVICE | 0xb400007af6c14880 | 0100 | RGBA_8888    |    0.0    0.0 1440.0  100.0 |    0    0 1440  100 | StatusBar$_4768#95
09-25 13:19:30.734  1914  1914 D SurfaceFlinger:      DEVICE | 0xb400007af8705400 | 0100 | RGBA_8888    |    0.0    0.0   67.0  589.0 |    0  562   67 1151 | com.samsung.android.app.cocktailbars[...]vice.CocktailBarService$_8423#156853
09-25 13:19:30.734  1914  1914 D SurfaceFlinger:
09-25 13:19:30.734  1914  1914 D SurfaceFlinger: DEVICE | 0xb400007af8705500 | 0100 | RGBA_8888    |    0.0    0.0  518.0   48.0 |  922 3040 1440 3088 | SGestureOverlayWindow$_5369#156268
09-25 13:19:30.734  1914  1914 D SurfaceFlinger:      DEVICE | 0xb400007af6c15880 | 0100 | RGBA_8888    |    0.0    0.0 1440.0  168.0 |    0 2920 1440 3088 | NavigationBar0$_4768#92
09-25 13:19:30.734  1914  1914 D SurfaceFlinger:
09-25 13:19:30.734  3108  3145 D InputDispatcher: Focus entered window (0): d6c5b33 com.example.dogglers/com.example.dogglers.VerticalListActivity
09-25 13:19:30.735  1809  1855 I HYPER-HAL: [RequestManager.cpp]releaseLocked(): Released ID : 4903169
09-25 13:19:30.735  5639  5639 I ViewRootImpl@5a0dea7[VerticalListActivity]: MSG_WINDOW_FOCUS_CHANGED 1 0
09-25 13:19:30.735  5639  5639 I ViewRootImpl@5a0dea7[VerticalListActivity]: mThreadedRenderer.initializeIfNeeded()#2 mSurface={isValid=true 0xb40000772b21f000}
09-25 13:19:30.736  5639  5639 D InputMethodManager: startInputInner - Id : 0
09-25 13:19:30.736  5639  5639 I InputMethodManager: startInputInner - mService.startInputOrWindowGainedFocus
09-25 13:19:30.736  8328  8651 I SemDvfsHyPerManager: acquire hyper - TABaseBoost/8328@24, type = 1090523139
09-25 13:19:30.736  3108  3145 D InputMethodManagerService: DESKTOP MODE! : 2
09-25 13:19:30.736  3108  3145 D InputMethodManagerService: NOT IN KNOX DESKTOP MODE!
09-25 13:19:30.736  3108  3145 V InputMethodManagerService: getDisplayIdOfInputMethodWindowToBeAdded: displayId=0
09-25 13:19:30.736  5369 18503 I RecentModel: onTaskStackChangedBackground
09-25 13:19:30.736  1809  1855 I HYPER-HAL: [RequestManager.cpp]acquire(): Acquired ID : 34882152  [8328 / 24]    HINT :      list : [TABoost / 1]
09-25 13:19:30.737  3108  3145 D InputMethodManagerService: isImeSwitcherDisabledPackage : false
09-25 13:19:30.737  3108  3145 D InputMethodManagerService: checkDisplayOfStartInputAndUpdateKeyboard: displayId=0, mFocusedDisplayId=0
09-25 13:19:30.737  3108  3145 D InputTransport: Input channel constructed: 'ClientS', fd=1315
09-25 13:19:30.737  3108  3145 D InputTransport: Input channel destroyed: 'ClientS', fd=1315
09-25 13:19:30.737   586   586 I MSHandlerLifeCycle: check: return. pkg=com.google.android.inputmethod.latin isActivity=false callers=com.android.internal.policy.DecorView.setVisibility:4412 android.inputmethodservice.InkWindow.hide:100 android.inputmethodservice.InputMethodService$InputMethodImpl.unbindInput:875 android.inputmethodservice.IInputMethodWrapper.executeMessage:198 com.android.internal.os.HandlerCaller$MyHandler.handleMessage:44
09-25 13:19:30.738   586   586 I MSHandlerLifeCycle: removeMultiSplitHandler: no exist. decor=DecorView@722edec[]
09-25 13:19:30.738  8130  9622 I [AirCmd]_ActivitySwitchDetector: onTaskStackChanged : componentName - ComponentInfo{com.example.dogglers/com.example.dogglers.VerticalListActivity}
09-25 13:19:30.738  8130  9622 I [AirCmd]_ActivitySwitchDetector: onTaskStackChanged : mTopMostActivity - ComponentInfo{com.example.dogglers/androidx.test.core.app.InstrumentationActivityInvoker$BootstrapActivity}
09-25 13:19:30.738  8130  9622 I [AirCmd]_CallbackRepeater: stopRepeat : isWorking=false
09-25 13:19:30.738  8130  9622 I [AirCmd]_MediaControlStateMonitor: isForegroundAppSupportsMediaButton : mediaSession is empty
09-25 13:19:30.738   586   586 I GoogleInputMethodService: GoogleInputMethodService.onFinishInput():3267
09-25 13:19:30.738  5369  5741 I RecentTasksList: loadTasksInBackground : groupTask = GroupTask{task1=[id=6869 windowingMode=1 user=0 lastActiveTime=1366856278] null, task2=null, task3=null, mStagedSplitBounds=null}
09-25 13:19:30.738  5369  5741 I RecentTasksList: loadTasksInBackground : groupTask = GroupTask{task1=[id=6898 windowingMode=1 user=0 lastActiveTime=1367009547] null, task2=null, task3=null, mStagedSplitBounds=null}
09-25 13:19:30.738  5369  5741 I RecentTasksList: loadTasksInBackground : groupTask = GroupTask{task1=[id=7120 windowingMode=1 user=0 lastActiveTime=1370096893] null, task2=null, task3=null, mStagedSplitBounds=null}
09-25 13:19:30.739  5639  5639 I ViewInteraction: Checking 'com.example.dogglers.BaseTest$DrawableMatcher$RecyclerViewAssertion@d2bc847' assertion on view view.getId() is <2131231206/com.example.dogglers:id/vertical_recycler_view>
09-25 13:19:30.739  1914  3199 I SurfaceFlinger: id=162551 createSurf, flag=24004, Surface(name=6a358c3 InputMethod)/@0x1a6cc79 - animation-leash of insets_animation#162551
09-25 13:19:30.739   586   586 I GoogleInputMethodService: GoogleInputMethodService.updateDeviceLockedStatus():2097 repeatCheckTimes = 0, locked = false
09-25 13:19:30.739   586   586 D InputMethodService: checkFocusedDisplay() display Id 0last 0
09-25 13:19:30.739   586   586 I GoogleInputMethodService: GoogleInputMethodService.onStartInput():1889 onStartInput(EditorInfo{EditorInfo{packageName=com.example.dogglers, inputType=0, inputTypeString=NULL, enableLearning=false, autoCorrection=false, autoComplete=false, imeOptions=0, privateImeOptions=null, actionName=UNSPECIFIED, actionLabel=null, initialSelStart=-1, initialSelEnd=-1, initialCapsMode=0, label=null, fieldId=-1, fieldName=null, extras=Bundle[{displayId=0}], hintText=null, hintLocales=[]}}, false)
09-25 13:19:30.740  4768  4861 I ViewRootImpl@e2cbd9b[dogglers]: mWNT: t=0xb4000077a0f77500 mBlastBufferQueue=0xb400007705019c80 fn= 3 caller= android.view.SyncRtSurfaceTransactionApplier.applyTransaction:96 android.view.SyncRtSurfaceTransactionApplier.lambda$scheduleApply$0$android-view-SyncRtSurfaceTransactionApplier:69 android.view.SyncRtSurfaceTransactionApplier$$ExternalSyntheticLambda0.onFrameDraw:4
09-25 13:19:30.740  8130  9622 I [AirCmd]_MediaControlStateMonitor: active Notification List is null
09-25 13:19:30.740  8130  9622 I [AirCmd]_RemoteSpenMainController: hasGeneralAction : packageName is com.example.dogglers, activityName is com.example.dogglers.VerticalListActivity, hasActions is false
09-25 13:19:30.740  8130  9622 I [AirCmd]_CameraAvailabilityMonitor: isCameraPreviewOn : mIsCameraPreviewOn is false
09-25 13:19:30.740   586   586 I GoogleInputMethodService: GoogleInputMethodService.updateDeviceLockedStatus():2097 repeatCheckTimes = 1, locked = false
09-25 13:19:30.745  3108  3230 I ChimeraSystemEventListener: appLaunchIntent package name is: com.example.dogglers
09-25 13:19:30.745  8130  9622 I [AirCmd]_CameraAvailabilityMonitor: isCameraPreviewOn : mIsCameraPreviewOn is false
09-25 13:19:30.745  3108  4606 D InputMethodManagerService: isImeSwitcherDisabledPackage : false
09-25 13:19:30.746   586   586 I InputMethodService: removeImeSurface
09-25 13:19:30.746   586   586 I MSHandlerLifeCycle: check: return. pkg=com.google.android.inputmethod.latin isActivity=false callers=com.android.internal.policy.DecorView.setVisibility:4412 android.app.Dialog.hide:767 android.inputmethodservice.InputMethodService.removeImeSurface:1290 android.inputmethodservice.InputMethodService.scheduleImeSurfaceRemoval:1279 android.inputmethodservice.InputMethodService.-$$Nest$mscheduleImeSurfaceRemoval:0
09-25 13:19:30.746   586   586 I MSHandlerLifeCycle: removeMultiSplitHandler: no exist. decor=DecorView@3ddf8c7[InputMethod]
09-25 13:19:30.747  3108  6476 I SemDvfsHyPerManager: acquire hyper - AMS_ACT_START/3108@18, type = -999
09-25 13:19:30.747  1809  1855 I HYPER-HAL: [RequestManager.cpp]acquire(): Acquired ID : 4887519  [3108 / 18]    HINT : AMS_ACT_START    list :
09-25 13:19:30.747  1914  1914 I Layer   : id=162535 removedFromDrawingState Surface(name=6a358c3 InputMethod)/@0x1a6cc79 - animation-leash of insets_animation#162535 (340)
09-25 13:19:30.747  1914  1914 I SurfaceFlinger: id=162535 Removed Surface(name=6a358c3 InputMethod)/@0x1a6cc79 - animation-leash of insets_animation#162535 (340)
09-25 13:19:30.748  1914  1914 I Layer   : id=162535 Destroyed Surface(name=6a358c3 InputMethod)/@0x1a6cc79 - animation-leash of insets_animation#162535
09-25 13:19:30.748  4768  4860 I ViewRootImpl@e2cbd9b[dogglers]: mWNT: t=0xb4000077a0f77300 mBlastBufferQueue=0xb400007705019c80 fn= 4 caller= android.view.SyncRtSurfaceTransactionApplier.applyTransaction:96 android.view.SyncRtSurfaceTransactionApplier.lambda$scheduleApply$0$android-view-SyncRtSurfaceTransactionApplier:69 android.view.SyncRtSurfaceTransactionApplier$$ExternalSyntheticLambda0.onFrameDraw:4
09-25 13:19:30.750  1914  3193 I SurfaceFlinger: id=162552 createSurf, flag=80004, ActivityRecord{d6da79b u0 com.example.dogglers/androidx.test.core.app.InstrumentationActivityInvoker$EmptyActivity} t7120}#162552
09-25 13:19:30.756  1914  3193 I SurfaceFlinger: id=162553 createSurf, flag=80000, a990faa ActivityRecordInputSink com.example.dogglers/androidx.test.core.app.InstrumentationActivityInvoker$EmptyActivity#162553
09-25 13:19:30.757  4768  4861 I ViewRootImpl@e2cbd9b[dogglers]: mWNT: t=0xb4000077a0fcad00 mBlastBufferQueue=0xb400007705019c80 fn= 5 caller= android.view.SyncRtSurfaceTransactionApplier.applyTransaction:96 android.view.SyncRtSurfaceTransactionApplier.lambda$scheduleApply$0$android-view-SyncRtSurfaceTransactionApplier:69 android.view.SyncRtSurfaceTransactionApplier$$ExternalSyntheticLambda0.onFrameDraw:4
09-25 13:19:30.759  5759  5759 E pageboostd: Received HALT command code 2
09-25 13:19:30.759  8130  9622 I [AirCmd]_MediaControlStateMonitor: isForegroundAppSupportsMediaButton : mediaSession is empty
09-25 13:19:30.760  8130  9622 I [AirCmd]_MediaControlStateMonitor: active Notification List is null
09-25 13:19:30.760  8130  9622 I [AirCmd]_PenActionRule: getAction : get default action data from remote action because pen action data is null.
09-25 13:19:30.760  8130  9622 I [AirCmd]_ButtonActionDetector: enableDoubleClickDetection: enabled=true, doubleClickWaitInterval=300
09-25 13:19:30.760  8130  9622 I [AirCmd]_RemoteSpenMainController: onSwitch : package is com.example.dogglers   and activity is com.example.dogglers.VerticalListActivity and isBleConnected is false and hasActions is false
09-25 13:19:30.761  3108  3230 D PersonaActivityHelper: Activity not in resumed state, do not run immediate lock
09-25 13:19:30.761  5639  5639 D LifecycleMonitor: Lifecycle status change: com.example.dogglers.VerticalListActivity@7e36e60 in: PAUSED
09-25 13:19:30.761  5639  5639 V ActivityScenario: Update currentActivityStage to PAUSED, currentActivity=com.example.dogglers.VerticalListActivity@7e36e60
09-25 13:19:30.763  3108  6476 D InputDispatcher: Focused application(0): ActivityRecord{d6da79b u0 com.example.dogglers/androidx.test.core.app.InstrumentationActivityInvoker$EmptyActivity} t7120}
09-25 13:19:30.764  3108 29076 D RemoteAppTaskWatcher:  ****** RemoteAppTaskWatcher: Message Received 5 Task ID = 0
09-25 13:19:30.765  4768  4860 I ViewRootImpl@e2cbd9b[dogglers]: mWNT: t=0xb400007731efa000 mBlastBufferQueue=0xb400007705019c80 fn= 6 caller= android.view.SyncRtSurfaceTransactionApplier.applyTransaction:96 android.view.SyncRtSurfaceTransactionApplier.lambda$scheduleApply$0$android-view-SyncRtSurfaceTransactionApplier:69 android.view.SyncRtSurfaceTransactionApplier$$ExternalSyntheticLambda0.onFrameDraw:4
09-25 13:19:30.768  3108  3230 I SemPersonaManager: SecureFolder personaId = 150
09-25 13:19:30.769  5639  5639 D LifecycleMonitor: Lifecycle status change: androidx.test.core.app.InstrumentationActivityInvoker$EmptyActivity@4c90a99 in: PRE_ON_CREATE
09-25 13:19:30.769  5639  5639 V ActivityScenario: Activity lifecycle changed event received but ignored because the intent does not match. startActivityIntent=Intent { act=android.intent.action.MAIN cat=[android.intent.category.LAUNCHER] cmp=com.example.dogglers/.VerticalListActivity }, activity.getIntent()=Intent { act=android.intent.action.MAIN cat=[android.intent.category.LAUNCHER] flg=0x10000000 cmp=com.example.dogglers/androidx.test.core.app.InstrumentationActivityInvoker$EmptyActivity }, activity=androidx.test.core.app.InstrumentationActivityInvoker$EmptyActivity@4c90a99
09-25 13:19:30.772  3108  3230 D EnterpriseDeviceManagerService: isMdmAdminPresentInternal() : MDM Admin Found - com.samsung.knox.securefolder
09-25 13:19:30.772  1914  1914 I SurfaceFlinger: [d6c5b33 com.example.dogglers/com.example.dogglers.VerticalListActivity#162546] FrameRatePriority: -1
09-25 13:19:30.773  5639  5639 I DecorView: [INFO] isPopOver=false config=true
09-25 13:19:30.773  5639  5639 I DecorView: updateCaptionType: isFloating=false isApplication=true hasWindowDecorCaption=false this=DecorView@42ca04b[]
09-25 13:19:30.773  5639  5639 D DecorView: setCaptionType = 0, this = DecorView@42ca04b[]
09-25 13:19:30.774  5639  5639 I DecorView: getCurrentDensityDpi: from real metrics. densityDpi=560 msg=resources_loaded
09-25 13:19:30.774  5639  5639 I DecorView: setWindowBackground: isPopOver=false color=ff010101 d=android.graphics.drawable.StateListDrawable@4d94a28
09-25 13:19:30.774  5639  5639 D LifecycleMonitor: Lifecycle status change: androidx.test.core.app.InstrumentationActivityInvoker$EmptyActivity@4c90a99 in: CREATED
09-25 13:19:30.774  5639  5639 V ActivityScenario: Activity lifecycle changed event received but ignored because the intent does not match. startActivityIntent=Intent { act=android.intent.action.MAIN cat=[android.intent.category.LAUNCHER] cmp=com.example.dogglers/.VerticalListActivity }, activity.getIntent()=Intent { act=android.intent.action.MAIN cat=[android.intent.category.LAUNCHER] flg=0x10000000 cmp=com.example.dogglers/androidx.test.core.app.InstrumentationActivityInvoker$EmptyActivity }, activity=androidx.test.core.app.InstrumentationActivityInvoker$EmptyActivity@4c90a99
09-25 13:19:30.774  5639  5639 D LifecycleMonitor: Lifecycle status change: androidx.test.core.app.InstrumentationActivityInvoker$EmptyActivity@4c90a99 in: STARTED
09-25 13:19:30.774  5639  5639 V ActivityScenario: Activity lifecycle changed event received but ignored because the intent does not match. startActivityIntent=Intent { act=android.intent.action.MAIN cat=[android.intent.category.LAUNCHER] cmp=com.example.dogglers/.VerticalListActivity }, activity.getIntent()=Intent { act=android.intent.action.MAIN cat=[android.intent.category.LAUNCHER] flg=0x10000000 cmp=com.example.dogglers/androidx.test.core.app.InstrumentationActivityInvoker$EmptyActivity }, activity=androidx.test.core.app.InstrumentationActivityInvoker$EmptyActivity@4c90a99
09-25 13:19:30.775  3108  6472 D InputDispatcher: Focus left window (0): d6c5b33 com.example.dogglers/com.example.dogglers.VerticalListActivity
09-25 13:19:30.775  5639  5639 D LifecycleMonitor: Lifecycle status change: androidx.test.core.app.InstrumentationActivityInvoker$EmptyActivity@4c90a99 in: RESUMED
09-25 13:19:30.775  5639  5639 V ActivityScenario: Activity lifecycle changed event received but ignored because the intent does not match. startActivityIntent=Intent { act=android.intent.action.MAIN cat=[android.intent.category.LAUNCHER] cmp=com.example.dogglers/.VerticalListActivity }, activity.getIntent()=Intent { act=android.intent.action.MAIN cat=[android.intent.category.LAUNCHER] flg=0x10000000 cmp=com.example.dogglers/androidx.test.core.app.InstrumentationActivityInvoker$EmptyActivity }, activity=androidx.test.core.app.InstrumentationActivityInvoker$EmptyActivity@4c90a99
09-25 13:19:30.775  5639  5639 I MSHandlerLifeCycle: check: return. pkg=com.example.dogglers parent=null callers=com.android.internal.policy.DecorView.setVisibility:4412 android.app.ActivityThread.handleResumeActivity:5476 android.app.servertransaction.ResumeActivityItem.execute:54 android.app.servertransaction.ActivityTransactionItem.execute:45 android.app.servertransaction.TransactionExecutor.executeLifecycleState:176
09-25 13:19:30.775  5639  5639 I MSHandlerLifeCycle: removeMultiSplitHandler: no exist. decor=DecorView@42ca04b[]
09-25 13:19:30.776  4768  4861 I ViewRootImpl@e2cbd9b[dogglers]: mWNT: t=0xb4000077a0ef3300 mBlastBufferQueue=0xb400007705019c80 fn= 7 caller= android.view.SyncRtSurfaceTransactionApplier.applyTransaction:96 android.view.SyncRtSurfaceTransactionApplier.lambda$scheduleApply$0$android-view-SyncRtSurfaceTransactionApplier:69 android.view.SyncRtSurfaceTransactionApplier$$ExternalSyntheticLambda0.onFrameDraw:4
09-25 13:19:30.777  8423  8423 I ActivityUtils: HomePackage : com.sec.android.app.launcher, resumePackageName : com.example.dogglers
09-25 13:19:30.777  5639  5729 D NativeCustomFrequencyManager: [NativeCFMS] BpCustomFrequencyManager::BpCustomFrequencyManager()
09-25 13:19:30.777 15715 18710 I WindowsLink: (TaskInfoManager) +++++++++++onRecentTaskStackUpdated
09-25 13:19:30.777  3108  6142 I MediaSessionMonitor: Media session stopped : controllerList empty
09-25 13:19:30.779  3108  6476 D InputTransport: Input channel constructed: 'd3d9767', fd=1332
09-25 13:19:30.779  3108  6476 D InputTransport: Input channel constructed: 'd3d9767', fd=1333
09-25 13:19:30.779  3108  6476 D InputTransport: Input channel constructed: 'd3d9767', fd=1336
09-25 13:19:30.780  1914  3199 I SurfaceFlinger: id=162554 createSurf, flag=80004, d3d9767 com.example.dogglers/androidx.test.core.app.InstrumentationActivityInvoker$EmptyActivity#162554
09-25 13:19:30.781  3108  6476 D InputTransport: Input channel destroyed: 'd3d9767', fd=1336
09-25 13:19:30.781  4768  4851 D OpenGLRenderer: setSurface called with nullptr
09-25 13:19:30.781  4768  4851 D OpenGLRenderer: setSurface() destroyed EGLSurface
09-25 13:19:30.782  5639  5639 D InsetsController: onStateChanged: InsetsState: {mDisplayFrame=Rect(0, 0 - 1440, 3088), mDisplayCutout=DisplayCutout{insets=Rect(0, 100 - 0, 0) waterfall=Insets{left=0, top=0, right=0, bottom=0} boundingRect={Bounds=[Rect(0, 0 - 0, 0), Rect(685, 0 - 756, 100), Rect(0, 0 - 0, 0), Rect(0, 0 - 0, 0)]} cutoutPathParserInfo={CutoutPathParserInfo{displayWidth=1440 displayHeight=3088 physicalDisplayWidth=1440 physicalDisplayHeight=3088 density={3.75} cutoutSpec={M 0,0 H -9.466666666666667 V 26.66666666666667‬ H 9.466666666666667 V 0 H 0 Z @dp} rotation={0} scale={1.0} physicalPixelDisplaySizeRatio={1.0}}}}, mRoundedCorners=RoundedCorners{[RoundedCorner{position=TopLeft, radius=14, center=Point(14, 14)}, RoundedCorner{position=TopRight, radius=14, center=Point(1426, 14)}, RoundedCorner{position=BottomRight, radius=14, center=Point(1426, 3074)}, RoundedCorner{position=BottomLeft, radius=14, center=Point(14, 3074)}]}  mRoundedCornerFrame=Rect(0, 0 - 1440, 3088), mPrivacyIndicatorBounds=PrivacyIndicatorBounds {static bounds=Rect(1286, 0 - 1440, 100) rotation=0}, mSources= { InsetsSource: {mType=ITYPE_STATUS_BAR, mFrame=[0,0][1440,100], mVisible=true, mInsetsRoundedCornerFrame=false}, InsetsSource: {mType=ITYPE_NAVIGATION_BAR, mFrame=[0,3088][1440,3088], mVisible=true, mInsetsRoundedCornerFrame=false}, InsetsSource: {mType=ITYPE_LEFT_GESTURES, mFrame=[0,0][0,3088], mVisible=true, mInsetsRoundedCornerFrame=false}, InsetsSource: {mType=ITYPE_RIGHT_GESTURES, mFrame=[1440,0][1440,3088], mVisible=true, mInsetsRoundedCornerFrame=false}, InsetsSource: {mType=ITYPE_TOP_MANDATORY_GESTURES, mFrame=[0,0][1440,142], mVisible=true, mInsetsRoundedCornerFrame=false}, InsetsSource: {mType=ITYPE_BOTTOM_MANDATORY_GESTURES, mFrame=[0,3018][1440,3088], mVisible=true, mInsetsRoundedCornerFrame=false}, InsetsSource: {mType=ITYPE_LEFT_DISPLAY_CUTOUT, mFrame=[0,0][-100000,3088], mVisible=true, mInsetsRoundedCornerFrame=false}, InsetsSource: {mType=ITYPE_TOP_DISPLAY_CUTOUT, mFrame=[0,0][1440,100], mVisible=true, mInsetsRoundedCornerFrame=false}, InsetsSource: {mType=ITYPE_RIGHT_DISPLAY_CUTOUT, mFrame=[100000,0][1440,3088], mVisible=true, mInsetsRoundedCornerFrame=false}, InsetsSource: {mType=ITYPE_BOTTOM_DISPLAY_CUTOUT, mFrame=[0,100000][1440,3088], mVisible=true, mInsetsRoundedCornerFrame=false}, InsetsSource: {mType=ITYPE_TOP_TAPPABLE_ELEMENT, mFrame=[0,0][1440,100], mVisible=true, mInsetsRoundedCornerFrame=false}, InsetsSource: {mType=ITYPE_BOTTOM_TAPPABLE_ELEMENT, mFrame=[0,0][0,0], mVisible=true, mInsetsRoundedCornerFrame=false} } host=com.example.dogglers/androidx.test.core.app.InstrumentationActivityInvoker$EmptyActivity from=android.view.ViewRootImpl.setView:1732
09-25 13:19:30.782  4768  4851 D OpenGLRenderer: destroyEglSurface
09-25 13:19:30.784  4768  4843 I ViewRootImpl@e2cbd9b[dogglers]: performTraversals params={(0,0)(fillxfill) sim={adjust=pan} ty=APPLICATION_STARTING fmt=TRANSLUCENT wanim=0x1030001 alpha=0.0
09-25 13:19:30.784  4768  4843 I ViewRootImpl@e2cbd9b[dogglers]:   fl=81030118
09-25 13:19:30.784  4768  4843 I ViewRootImpl@e2cbd9b[dogglers]:   pfl=16000010
09-25 13:19:30.784  4768  4843 I ViewRootImpl@e2cbd9b[dogglers]:   bhv=DEFAULT
09-25 13:19:30.784  4768  4843 I ViewRootImpl@e2cbd9b[dogglers]:   fitSides= naviIconColor=0}
09-25 13:19:30.784  5639  5639 I ViewRootImpl@4e790e6[InstrumentationActivityInvoker$EmptyActivity]: setView = com.android.internal.policy.DecorView@42ca04b TM=true
09-25 13:19:30.784  4768  4843 I ViewRootImpl@e2cbd9b[dogglers]: performTraversals mFirst=false windowShouldResize=false viewVisibilityChanged=true mForceNextWindowRelayout=false params={(0,0)(fillxfill) sim={adjust=pan} ty=APPLICATION_STARTING fmt=TRANSLUCENT wanim=0x1030001 alpha=0.0
09-25 13:19:30.784  4768  4843 I ViewRootImpl@e2cbd9b[dogglers]:   fl=81030118
09-25 13:19:30.784  4768  4843 I ViewRootImpl@e2cbd9b[dogglers]:   pfl=16000010
09-25 13:19:30.784  4768  4843 I ViewRootImpl@e2cbd9b[dogglers]:   bhv=DEFAULT
09-25 13:19:30.784  4768  4843 I ViewRootImpl@e2cbd9b[dogglers]:   fitSides= naviIconColor=0}
09-25 13:19:30.784  3108  6476 V WindowManager: Relayout Window{775b98c u0 Splash Screen com.example.dogglers}: viewVisibility=8 req=1440x3088 d0
09-25 13:19:30.784  5639  5639 I MSHandlerLifeCycle: removeMultiSplitHandler: no exist. decor=DecorView@42ca04b[InstrumentationActivityInvoker$EmptyActivity]
09-25 13:19:30.786  3108  3338 D AnalyticsContainerHandler: handleMessage : { when=0 what=1 target=com.android.server.knox.KnoxAnalyticsContainer$AnalyticsHandler }
09-25 13:19:30.786  5639  5639 I ViewRootImpl@4e790e6[InstrumentationActivityInvoker$EmptyActivity]: performTraversals params={(0,0)(fillxfill) sim={adjust=pan forwardNavigation} ty=BASE_APPLICATION wanim=0x1030001
09-25 13:19:30.786  5639  5639 I ViewRootImpl@4e790e6[InstrumentationActivityInvoker$EmptyActivity]:   fl=1810100
09-25 13:19:30.786  5639  5639 I ViewRootImpl@4e790e6[InstrumentationActivityInvoker$EmptyActivity]:   pfl=12020040
09-25 13:19:30.786  5639  5639 I ViewRootImpl@4e790e6[InstrumentationActivityInvoker$EmptyActivity]:   bhv=DEFAULT
09-25 13:19:30.786  5639  5639 I ViewRootImpl@4e790e6[InstrumentationActivityInvoker$EmptyActivity]:   fitSides= naviIconColor=0}
09-25 13:19:30.786  3108  6476 V WindowManager: Relayout hash=775b98c, pid=4768, syncId=-1: mAttrs={(0,0)(fillxfill) sim={adjust=pan} ty=APPLICATION_STARTING fmt=TRANSLUCENT wanim=0x1030001 alpha=0.0
09-25 13:19:30.786  3108  6476 V WindowManager:   fl=81030118
09-25 13:19:30.786  3108  6476 V WindowManager:   pfl=16000010
09-25 13:19:30.786  3108  6476 V WindowManager:   bhv=DEFAULT
09-25 13:19:30.786  3108  6476 V WindowManager:   fitSides= naviIconColor=0}
09-25 13:19:30.786  5639  5639 I ViewRootImpl@4e790e6[InstrumentationActivityInvoker$EmptyActivity]: performTraversals mFirst=true windowShouldResize=true viewVisibilityChanged=false mForceNextWindowRelayout=false params={(0,0)(fillxfill) sim={adjust=pan forwardNavigation} ty=BASE_APPLICATION wanim=0x1030001
09-25 13:19:30.786  5639  5639 I ViewRootImpl@4e790e6[InstrumentationActivityInvoker$EmptyActivity]:   fl=1810100
09-25 13:19:30.786  5639  5639 I ViewRootImpl@4e790e6[InstrumentationActivityInvoker$EmptyActivity]:   pfl=12020040
09-25 13:19:30.786  5639  5639 I ViewRootImpl@4e790e6[InstrumentationActivityInvoker$EmptyActivity]:   bhv=DEFAULT
09-25 13:19:30.786  5639  5639 I ViewRootImpl@4e790e6[InstrumentationActivityInvoker$EmptyActivity]:   fitSides= naviIconColor=0}
09-25 13:19:30.786  3108  3146 V WindowManager: Relayout Window{d3d9767 u0 com.example.dogglers/androidx.test.core.app.InstrumentationActivityInvoker$EmptyActivity}: viewVisibility=0 req=1440x3088 d0
09-25 13:19:30.786  1914  3199 I SurfaceFlinger: id=162555 createSurf, flag=40004, com.example.dogglers/androidx.test.core.app.InstrumentationActivityInvoker$EmptyActivity$_5639#162555
09-25 13:19:30.786  4768  4843 I ViewRootImpl@e2cbd9b[dogglers]: Relayout returned: old=(0,0,1440,3088) new=(0,0,1440,3088) req=(1440,3088)8 dur=2 res=0x2 s={false 0x0} ch=true seqId=0
09-25 13:19:30.788  2229  5196 I CameraService: onUidStateChanged: uid=10042, procState is changed. (1 -> 0)
09-25 13:19:30.790  1914  3199 I SurfaceFlinger: id=162556 createSurf, flag=24000, Surface(name=4eb27f5 StatusBar)/@0x43fa543 - animation-leash of insets_animation#162556
09-25 13:19:30.793  1914  3199 I SurfaceFlinger: id=162557 createSurf, flag=24000, Surface(name=d110b4c NavigationBar0)/@0x8bdb781 - animation-leash of insets_animation#162557
09-25 13:19:30.793  1914  1914 D SurfaceFlinger: Display 4630947093241269891 HWC layers:
09-25 13:19:30.793  1914  1914 D SurfaceFlinger:      CLIENT | 0xb400007af6c13480 | 0100 | RGBx_8888    |  592.0    0.0 1628.0 2220.0 |    0    0 1440 3088 | Wallpaper BBQ wrapper#90
09-25 13:19:30.793  1914  1914 D SurfaceFlinger:      CLIENT | 0xb400007af6c11d80 | 0100 | RGBA_8888    |    0.0    0.0 1440.0 3088.0 |    0    0 1440 3088 | com.sec.android.app.launcher/com.sec[...]rActivity$_5369#162528 (blurRegions)
09-25 13:19:30.793  1914  1914 D SurfaceFlinger:      DEVICE | 0xb400007af6c13180 | 0102 | RGBA_8888    |    0.0    0.0 1440.0 3088.0 |   29   61 1411 3027 | com.example.dogglers/com.example.dogglers.VerticalListActivity$_5639#162547
09-25 13:19:30.793  1914  1914 D SurfaceFlinger:      DEVICE | 0xb400007af6c14880 | 0100 | RGBA_8888    |    0.0    0.0 1440.0  100.0 |    0    0 1440  100 | StatusBar$_4768#95
09-25 13:19:30.793  1914  1914 D SurfaceFlinger:      DEVICE | 0xb400007af8705400 | 0100 | RGBA_8888    |    0.0    0.0   67.0  589.0 |    0  562   67 1151 | com.samsung.android.app.cocktailbars[...]vice.CocktailBarService$_8423#156853
09-25 13:19:30.793  1914  1914 D SurfaceFlinger:      DEVICE | 0xb400007af8705500 | 0100 | RGBA_8888    |    0.0    0.0  518.0   48.0 |  922 3040 1440 3088 | SGestureOverlayWindow$_5369#156268
09-25 13:19:30.793  1914  1914 D SurfaceFlinger:      DEVICE | 0xb4
09-25 13:19:30.793  1914  1914 D SurfaceFlinger: 00007af6c15880 | 0100 | RGBA_8888    |    0.0    0.0 1440.0  168.0 |    0 2920 1440 3088 | NavigationBar0$_4768#92
09-25 13:19:30.793  1914  1914 D SurfaceFlinger:
09-25 13:19:30.796  3108  3146 V WindowManager: Relayout hash=d3d9767, pid=5639, syncId=-1: mAttrs={(0,0)(fillxfill) sim={adjust=pan forwardNavigation} ty=BASE_APPLICATION wanim=0x1030001
09-25 13:19:30.796  3108  3146 V WindowManager:   fl=1810100
09-25 13:19:30.796  3108  3146 V WindowManager:   pfl=12020040
09-25 13:19:30.796  3108  3146 V WindowManager:   bhv=DEFAULT
09-25 13:19:30.796  3108  3146 V WindowManager:   fitSides= naviIconColor=0}
09-25 13:19:30.797  5639  5639 D InsetsController: onStateChanged: InsetsState: {mDisplayFrame=Rect(0, 0 - 1440, 3088), mDisplayCutout=DisplayCutout{insets=Rect(0, 100 - 0, 0) waterfall=Insets{left=0, top=0, right=0, bottom=0} boundingRect={Bounds=[Rect(0, 0 - 0, 0), Rect(685, 0 - 756, 100), Rect(0, 0 - 0, 0), Rect(0, 0 - 0, 0)]} cutoutPathParserInfo={CutoutPathParserInfo{displayWidth=1440 displayHeight=3088 physicalDisplayWidth=1440 physicalDisplayHeight=3088 density={3.75} cutoutSpec={M 0,0 H -9.466666666666667 V 26.66666666666667‬ H 9.466666666666667 V 0 H 0 Z @dp} rotation={0} scale={1.0} physicalPixelDisplaySizeRatio={1.0}}}}, mRoundedCorners=RoundedCorners{[RoundedCorner{position=TopLeft, radius=14, center=Point(14, 14)}, RoundedCorner{position=TopRight, radius=14, center=Point(1426, 14)}, RoundedCorner{position=BottomRight, radius=14, center=Point(1426, 3074)}, RoundedCorner{position=BottomLeft, radius=14, center=Point(14, 3074)}]}  mRoundedCornerFrame=Rect(0, 0 - 1440, 3088), mPrivacyIndicatorBounds=PrivacyIndicatorBounds {static bounds=Rect(1286, 0 - 1440, 100) rotation=0}, mSources= { InsetsSource: {mType=ITYPE_STATUS_BAR, mFrame=[0,0][1440,100], mVisible=true, mInsetsRoundedCornerFrame=false}, InsetsSource: {mType=ITYPE_NAVIGATION_BAR, mFrame=[0,3088][1440,3088], mVisible=true, mInsetsRoundedCornerFrame=false}, InsetsSource: {mType=ITYPE_LEFT_GESTURES, mFrame=[0,0][0,3088], mVisible=true, mInsetsRoundedCornerFrame=false}, InsetsSource: {mType=ITYPE_RIGHT_GESTURES, mFrame=[1440,0][1440,3088], mVisible=true, mInsetsRoundedCornerFrame=false}, InsetsSource: {mType=ITYPE_TOP_MANDATORY_GESTURES, mFrame=[0,0][1440,142], mVisible=true, mInsetsRoundedCornerFrame=false}, InsetsSource: {mType=ITYPE_BOTTOM_MANDATORY_GESTURES, mFrame=[0,3018][1440,3088], mVisible=true, mInsetsRoundedCornerFrame=false}, InsetsSource: {mType=ITYPE_LEFT_DISPLAY_CUTOUT, mFrame=[0,0][-100000,3088], mVisible=true, mInsetsRoundedCornerFrame=false}, InsetsSource: {mType=ITYPE_TOP_DISPLAY_CUTOUT, mFrame=[0,0][1440,100], mVisible=true, mInsetsRoundedCornerFrame=false}, InsetsSource: {mType=ITYPE_RIGHT_DISPLAY_CUTOUT, mFrame=[100000,0][1440,3088], mVisible=true, mInsetsRoundedCornerFrame=false}, InsetsSource: {mType=ITYPE_BOTTOM_DISPLAY_CUTOUT, mFrame=[0,100000][1440,3088], mVisible=true, mInsetsRoundedCornerFrame=false}, InsetsSource: {mType=ITYPE_TOP_TAPPABLE_ELEMENT, mFrame=[0,0][1440,100], mVisible=true, mInsetsRoundedCornerFrame=false}, InsetsSource: {mType=ITYPE_BOTTOM_TAPPABLE_ELEMENT, mFrame=[0,0][0,0], mVisible=true, mInsetsRoundedCornerFrame=false}, InsetsSource: {mType=ITYPE_IME, mFrame=[0,0][0,0], mVisibleFrame=[0,3088][1440,3088], mVisible=false, mInsetsRoundedCornerFrame=false} } host=com.example.dogglers/androidx.test.core.app.InstrumentationActivityInvoker$EmptyActivity from=android.view.ViewRootImpl.relayoutWindow:9802
09-25 13:19:30.797  1914  1914 I Layer   : id=162549 removedFromDrawingState Surface(name=d110b4c NavigationBar0)/@0x8bdb781 - animation-leash of insets_animation#162549 (345)
09-25 13:19:30.797  1914  1914 I Layer   : id=77 removedFromDrawingState d110b4c NavigationBar0#77 (345)
09-25 13:19:30.797  1914  1914 I Layer   : id=92 removedFromDrawingState NavigationBar0$_4768#92 (345)
09-25 13:19:30.797  1914  1914 I Layer   : id=162548 removedFromDrawingState Surface(name=4eb27f5 StatusBar)/@0x43fa543 - animation-leash of insets_animation#162548 (345)
09-25 13:19:30.797  1914  1914 I Layer   : id=77 addToCurrentState d110b4c NavigationBar0#77 (345)
09-25 13:19:30.797  1914  1914 I Layer   : id=92 addToCurrentState NavigationBar0$_4768#92 (345)
09-25 13:19:30.797  1914  1914 I SurfaceFlinger: [d3d9767 com.example.dogglers/androidx.test.core.app.InstrumentationActivityInvoker$EmptyActivity#162554] FrameRatePriority: 1
09-25 13:19:30.798  5639  5639 I ViewRootImpl@4e790e6[InstrumentationActivityInvoker$EmptyActivity]: updateBlastSurfaceIfNeeded mBlastBufferQueue=null isSameSurfaceControl=false
09-25 13:19:30.798  5639  5639 I BLASTBufferQueue: new BLASTBufferQueue, mName= ViewRootImpl@4e790e6[InstrumentationActivityInvoker$EmptyActivity] mNativeObject= 0xb4000077a1041500 sc.mNativeObject= 0xb4000077a103f240 caller= android.view.ViewRootImpl.updateBlastSurfaceIfNeeded:2909 android.view.ViewRootImpl.relayoutWindow:9847 android.view.ViewRootImpl.performTraversals:3884 android.view.ViewRootImpl.doTraversal:3116 android.view.ViewRootImpl$TraversalRunnable.run:10885 android.view.Choreographer$CallbackRecord.run:1301 android.view.Choreographer$CallbackRecord.run:1309 android.view.Choreographer.doCallbacks:923 android.view.Choreographer.doFrame:852 android.view.Choreographer$FrameDisplayEventReceiver.run:1283
09-25 13:19:30.798  5639  5639 I BLASTBufferQueue: update, w= 1440 h= 3088 mName = ViewRootImpl@4e790e6[InstrumentationActivityInvoker$EmptyActivity] mNativeObject= 0xb4000077a1041500 sc.mNativeObject= 0xb4000077a103f240 format= -1 caller= android.graphics.BLASTBufferQueue.<init>:84 android.view.ViewRootImpl.updateBlastSurfaceIfNeeded:2909 android.view.ViewRootImpl.relayoutWindow:9847 android.view.ViewRootImpl.performTraversals:3884 android.view.ViewRootImpl.doTraversal:3116 android.view.ViewRootImpl$TraversalRunnable.run:10885
09-25 13:19:30.798  5639  5639 I ViewRootImpl@4e790e6[InstrumentationActivityInvoker$EmptyActivity]: Relayout returned: old=(0,0,1440,3088) new=(0,0,1440,3088) req=(1440,3088)0 dur=12 res=0x3 s={true 0xb4000076ebbd8800} ch=true seqId=0
09-25 13:19:30.798  5639  5639 I ViewRootImpl@4e790e6[InstrumentationActivityInvoker$EmptyActivity]: performConfigurationChange setNightDimText nightDimLevel=0
09-25 13:19:30.799  5639  5639 I ViewRootImpl@4e790e6[InstrumentationActivityInvoker$EmptyActivity]: mThreadedRenderer.initialize() mSurface={isValid=true 0xb4000076ebbd8800} hwInitialized=true
09-25 13:19:30.799  5639  5729 D OpenGLRenderer: eglCreateWindowSurface
09-25 13:19:30.799  4768  4843 I ViewRootImpl@e2cbd9b[dogglers]: dispatchDetachedFromWindow
09-25 13:19:30.801  5639  5639 I ViewRootImpl@4e790e6[InstrumentationActivityInvoker$EmptyActivity]: reportNextDraw android.view.ViewRootImpl.performTraversals:4438 android.view.ViewRootImpl.doTraversal:3116 android.view.ViewRootImpl$TraversalRunnable.run:10885 android.view.Choreographer$CallbackRecord.run:1301 android.view.Choreographer$CallbackRecord.run:1309
09-25 13:19:30.801  3108  3146 D InputTransport: Input channel destroyed: '775b98c', fd=1144
09-25 13:19:30.801  5639  5639 I ViewRootImpl@4e790e6[InstrumentationActivityInvoker$EmptyActivity]: Setup new sync id=0
09-25 13:19:30.801  3108  3146 W InputManager-JNI: Input channel object '775b98c Splash Screen com.example.dogglers (client)' was disposed without first being removed with the input manager!
09-25 13:19:30.801  3108  3146 D InputTransport: Input channel destroyed: '775b98c', fd=1162
09-25 13:19:30.801  5639  5639 I ViewRootImpl@4e790e6[InstrumentationActivityInvoker$EmptyActivity]: Setting syncFrameCallback
09-25 13:19:30.801  5639  5639 I ViewRootImpl@4e790e6[InstrumentationActivityInvoker$EmptyActivity]: registerCallbacksForSync syncBuffer=false
09-25 13:19:30.802  5639  5771 I ViewRootImpl@4e790e6[InstrumentationActivityInvoker$EmptyActivity]: Received frameDrawingCallback syncResult=0 frameNum=1.
09-25 13:19:30.802  5639  5771 I ViewRootImpl@4e790e6[InstrumentationActivityInvoker$EmptyActivity]: Setting up sync and frameCommitCallback
09-25 13:19:30.803  5639  5729 I BLASTBufferQueue: [ViewRootImpl@4e790e6[InstrumentationActivityInvoker$EmptyActivity]#49](f:0,a:0) onFrameAvailable the first frame is available
09-25 13:19:30.803  4768  4843 D InputTransport: Input channel destroyed: '775b98c', fd=212
09-25 13:19:30.803  5639  5729 I ViewRootImpl@4e790e6[InstrumentationActivityInvoker$EmptyActivity]: Received frameCommittedCallback lastAttemptedDrawFrameNum=1 didProduceBuffer=true
09-25 13:19:30.803  5639  5729 D OpenGLRenderer: CFMS:: SetUp Pid : 5639    Tid : 5729
09-25 13:19:30.805  5639  5639 I ViewRootImpl@4e790e6[InstrumentationActivityInvoker$EmptyActivity]: onSyncComplete
09-25 13:19:30.805  5639  5639 I ViewRootImpl@4e790e6[InstrumentationActivityInvoker$EmptyActivity]: setupSync seqId=0 mSyncId=0 fn=1 caller=android.view.ViewRootImpl$$ExternalSyntheticLambda11.accept:6 android.window.SurfaceSyncer.lambda$setupSync$1$android-window-SurfaceSyncer:128 android.window.SurfaceSyncer$$ExternalSyntheticLambda1.accept:8 android.window.SurfaceSyncer$SyncSet.checkIfSyncIsComplete:382 android.window.SurfaceSyncer$SyncSet.markSyncReady:359 android.window.SurfaceSyncer.markSyncReady:151 android.view.ViewRootImpl.performTraversals:4503
09-25 13:19:30.805  5639  5639 I ViewRootImpl@4e790e6[InstrumentationActivityInvoker$EmptyActivity]: reportDrawFinished seqId=0 mSyncId=-1 fn=1 mSurfaceChangedTransaction=0xb4000077a0f42400
09-25 13:19:30.806  1914  1914 I Layer   : id=162550 removedFromDrawingState Surface(name=d6c5b33 com.example.dogglers/com.example.dogglers.VerticalListActivity)/@0x76320b4 - animation-leash of starting_reveal#162550 (345)
09-25 13:19:30.806  5639  5639 I ViewRootImpl@5a0dea7[VerticalListActivity]: MSG_WINDOW_FOCUS_CHANGED 0 0
09-25 13:19:30.807  1914  4196 I SurfaceFlinger: id=162549 Removed Surface(name=d110b4c NavigationBar0)/@0x8bdb781 - animation-leash of insets_animation#162549 (345)
09-25 13:19:30.807  1914  4196 I SurfaceFlinger: id=162548 Removed Surface(name=4eb27f5 StatusBar)/@0x43fa543 - animation-leash of insets_animation#162548 (345)
09-25 13:19:30.807  3108  3145 D InputDispatcher: Focus request (0): d3d9767 com.example.dogglers/androidx.test.core.app.InstrumentationActivityInvoker$EmptyActivity but waiting because NO_WINDOW
09-25 13:19:30.807  3108  3146 I SemDvfsHyPerManager: acquire hyper - AMS_RESUME_TAIL/3108@20, type = -999
09-25 13:19:30.807  3108  3146 I SemDvfsHyPerManager: acquire hyper - AMS_ACT_LAZY/3108@21, type = -999
09-25 13:19:30.808  1809  1855 I HYPER-HAL: [RequestManager.cpp]acquire(): Acquired ID : 4893776  [3108 / 20]    HINT : AMS_RESUME_TAIL    list :
09-25 13:19:30.808  1809  1855 I HYPER-HAL: [RequestManager.cpp]acquire(): Acquired ID : 4896906  [3108 / 21]    HINT : AMS_ACT_LAZY    list :
09-25 13:19:30.810  1809  1855 I HYPER-HAL: [RequestManager.cpp]releaseLocked(): Released ID : 4887519
09-25 13:19:30.811  3108  3227 I ActivityTaskManager: Displayed com.example.dogglers/androidx.test.core.app.InstrumentationActivityInvoker$EmptyActivity: +65ms
09-25 13:19:30.811  5759  5759 E pageboostd: Received HALT command code 2
09-25 13:19:30.814  1914  1914 I Layer   : Layer [com.example.dogglers/androidx.test.core.app.InstrumentationActivityInvoker$EmptyActivity$_5639#162555] hidden!! flag(0)
09-25 13:19:30.814  1914  1914 I Layer   : id=162548 Destroyed Surface(name=4eb27f5 StatusBar)/@0x43fa543 - animation-leash of insets_animation#162548
09-25 13:19:30.814  1914  1914 I Layer   : id=162549 Destroyed Surface(name=d110b4c NavigationBar0)/@0x8bdb781 - animation-leash of insets_animation#162549
09-25 13:19:30.818  1914  1914 D SurfaceFlinger: Display 4630947093241269891 HWC layers:
09-25 13:19:30.818  1914  1914 D SurfaceFlinger:      CLIENT | 0xb400007af6c13480 | 0100 | RGBx_8888    |  592.0    0.0 1628.0 2220.0 |    0    0 1440 3088 | Wallpaper BBQ wrapper#90
09-25 13:19:30.818  1914  1914 D SurfaceFlinger:      CLIENT | 0xb400007af6c11d80 | 0100 | RGBA_8888    |    0.0    0.0 1440.0 3088.0 |    0    0 1440 3088 | com.sec.android.app.launcher/com.sec[...]rActivity$_5369#162528 (blurRegions)
09-25 13:19:30.818  1914  1914 D SurfaceFlinger:      DEVICE | 0xb400007af86f9580 | 0102 | RGBA_8888    |    0.0    0.0 1440.0 3088.0 |   21   45 1419 3043 | com.example.dogglers/androidx.test.c[...]tyInvoker$EmptyActivity$_5639#162555
09-25 13:19:30.818  1914  1914 D SurfaceFlinger:      DEVICE | 0xb400007af6c14880 | 0100 | RGBA_8888    |    0.0    0.0 1440.0  100.0 |    0    0 1440  100 | StatusBar$_4768#95
09-25 13:19:30.818  1914  1914 D SurfaceFlinger:      DEVICE | 0xb400007af8705400 | 0100 | RGBA_8888    |    0.0    0.0   67.0  589.0 |    0  562   67 1151 | com.samsung.android.app.cocktailbars[...]vice.CocktailBarService$_8423#156853
09-25 13:19:30.818  1914  1914 D SurfaceFlinger:      DEVICE | 0xb400007af8705500 | 0100 | RGBA_8888    |    0.0    0.0  518.0   48.0 |  922 3040 1440 3088 | SGestureOverlayWindow$_5369#156268
09-25 13:19:30.818  1914  1914 D SurfaceFlinger:      DEVICE | 0x
09-25 13:19:30.818  1914  1914 D SurfaceFlinger: b400007af6c15880 | 0100 | RGBA_8888    |    0.0    0.0 1440.0  168.0 |    0 2920 1440 3088 | NavigationBar0$_4768#92
09-25 13:19:30.818  1914  1914 D SurfaceFlinger:
09-25 13:19:30.818  3108  6472 D InputDispatcher: Focus entered window (0): d3d9767 com.example.dogglers/androidx.test.core.app.InstrumentationActivityInvoker$EmptyActivity
09-25 13:19:30.819  5639  5639 I ViewRootImpl@4e790e6[InstrumentationActivityInvoker$EmptyActivity]: MSG_WINDOW_FOCUS_CHANGED 1 0
09-25 13:19:30.819  5639  5639 I ViewRootImpl@4e790e6[InstrumentationActivityInvoker$EmptyActivity]: mThreadedRenderer.initializeIfNeeded()#2 mSurface={isValid=true 0xb4000076ebbd8800}
09-25 13:19:30.819  5639  5639 D InputMethodManager: startInputInner - Id : 0
09-25 13:19:30.819  5639  5639 I InputMethodManager: startInputInner - mService.startInputOrWindowGainedFocus
09-25 13:19:30.820  3108  3145 D InputMethodManagerService: DESKTOP MODE! : 2
09-25 13:19:30.820  3108  3145 D InputMethodManagerService: NOT IN KNOX DESKTOP MODE!
09-25 13:19:30.820  3108  3145 V InputMethodManagerService: getDisplayIdOfInputMethodWindowToBeAdded: displayId=0
09-25 13:19:30.820  3108  3145 D InputMethodManagerService: isImeSwitcherDisabledPackage : false
09-25 13:19:30.820  3108  3145 D InputMethodManagerService: checkDisplayOfStartInputAndUpdateKeyboard: displayId=0, mFocusedDisplayId=0
09-25 13:19:30.820  3108  3145 D InputTransport: Input channel constructed: 'ClientS', fd=1144
09-25 13:19:30.820  3108  3145 D InputTransport: Input channel destroyed: 'ClientS', fd=1144
09-25 13:19:30.821   586   586 I GoogleInputMethodService: GoogleInputMethodService.onFinishInput():3267
09-25 13:19:30.822  1914  3199 I SurfaceFlinger: id=162558 createSurf, flag=24004, Surface(name=6a358c3 InputMethod)/@0x1a6cc79 - animation-leash of insets_animation#162558
09-25 13:19:30.822   586   586 I GoogleInputMethodService: GoogleInputMethodService.updateDeviceLockedStatus():2097 repeatCheckTimes = 0, locked = false
09-25 13:19:30.822   586   586 D InputMethodService: checkFocusedDisplay() display Id 0last 0
09-25 13:19:30.822   586   586 I GoogleInputMethodService: GoogleInputMethodService.onStartInput():1889 onStartInput(EditorInfo{EditorInfo{packageName=com.example.dogglers, inputType=0, inputTypeString=NULL, enableLearning=false, autoCorrection=false, autoComplete=false, imeOptions=0, privateImeOptions=null, actionName=UNSPECIFIED, actionLabel=null, initialSelStart=-1, initialSelEnd=-1, initialCapsMode=0, label=null, fieldId=-1, fieldName=null, extras=Bundle[{displayId=0}], hintText=null, hintLocales=[]}}, false)
09-25 13:19:30.822   586   586 I GoogleInputMethodService: GoogleInputMethodService.updateDeviceLockedStatus():2097 repeatCheckTimes = 1, locked = false
09-25 13:19:30.826  3108  3230 I ChimeraSystemEventListener: appLaunchIntent package name is: com.example.dogglers
09-25 13:19:30.829  3108  3146 I SemDvfsHyPerManager: acquire hyper - AMS_ACT_START/3108@18, type = -999
09-25 13:19:30.829  1809  1855 I HYPER-HAL: [RequestManager.cpp]acquire(): Acquired ID : 4887519  [3108 / 18]    HINT : AMS_ACT_START    list :
09-25 13:19:30.830  1914  3199 I SurfaceFlinger: id=162559 createSurf, flag=80004, ActivityRecord{b8bf82d u0 com.example.dogglers/androidx.test.core.app.InstrumentationActivityInvoker$EmptyActivity} t7120}#162559
09-25 13:19:30.831  1914  1914 I Layer   : id=162551 removedFromDrawingState Surface(name=6a358c3 InputMethod)/@0x1a6cc79 - animation-leash of insets_animation#162551 (345)
09-25 13:19:30.831  1914  1914 I SurfaceFlinger: id=162551 Removed Surface(name=6a358c3 InputMethod)/@0x1a6cc79 - animation-leash of insets_animation#162551 (345)
09-25 13:19:30.831  1914  1914 I Layer   : id=162551 Destroyed Surface(name=6a358c3 InputMethod)/@0x1a6cc79 - animation-leash of insets_animation#162551
09-25 13:19:30.833  1914  2139 I SurfaceFlinger: id=162560 createSurf, flag=80000, 606df44 ActivityRecordInputSink com.example.dogglers/androidx.test.core.app.InstrumentationActivityInvoker$EmptyActivity#162560
09-25 13:19:30.838  5759  5759 E pageboostd: Received HALT command code 2
09-25 13:19:30.838  3108  3230 D PersonaActivityHelper: Activity not in resumed state, do not run immediate lock
09-25 13:19:30.839  3108  3145 D InputMethodManagerService: isImeSwitcherDisabledPackage : false
09-25 13:19:30.839  5639  5639 D LifecycleMonitor: Lifecycle status change: androidx.test.core.app.InstrumentationActivityInvoker$EmptyActivity@4c90a99 in: PAUSED
09-25 13:19:30.839  5639  5639 V ActivityScenario: Activity lifecycle changed event received but ignored because the intent does not match. startActivityIntent=Intent { act=android.intent.action.MAIN cat=[android.intent.category.LAUNCHER] cmp=com.example.dogglers/.VerticalListActivity }, activity.getIntent()=Intent { act=android.intent.action.MAIN cat=[android.intent.category.LAUNCHER] flg=0x10000000 cmp=com.example.dogglers/androidx.test.core.app.InstrumentationActivityInvoker$EmptyActivity }, activity=androidx.test.core.app.InstrumentationActivityInvoker$EmptyActivity@4c90a99
09-25 13:19:30.840   586   586 I InputMethodService: removeImeSurface
09-25 13:19:30.840   586   586 I MSHandlerLifeCycle: check: return. pkg=com.google.android.inputmethod.latin isActivity=false callers=com.android.internal.policy.DecorView.setVisibility:4412 android.app.Dialog.hide:767 android.inputmethodservice.InputMethodService.removeImeSurface:1290 android.inputmethodservice.InputMethodService.scheduleImeSurfaceRemoval:1279 android.inputmethodservice.InputMethodService.-$$Nest$mscheduleImeSurfaceRemoval:0
09-25 13:19:30.840   586   586 I MSHandlerLifeCycle: removeMultiSplitHandler: no exist. decor=DecorView@3ddf8c7[InputMethod]
09-25 13:19:30.866  3108  3146 D InputDispatcher: Focused application(0): ActivityRecord{b8bf82d u0 com.example.dogglers/androidx.test.core.app.InstrumentationActivityInvoker$EmptyActivity} t7120}
09-25 13:19:30.867  3108 29076 D RemoteAppTaskWatcher:  ****** RemoteAppTaskWatcher: Message Received 5 Task ID = 0
09-25 13:19:30.869  3108  3230 I SemPersonaManager: SecureFolder personaId = 150
09-25 13:19:30.870  5639  5639 D LifecycleMonitor: Lifecycle status change: androidx.test.core.app.InstrumentationActivityInvoker$EmptyActivity@c582eb1 in: PRE_ON_CREATE
09-25 13:19:30.870  5639  5639 V ActivityScenario: Activity lifecycle changed event received but ignored because the intent does not match. startActivityIntent=Intent { act=android.intent.action.MAIN cat=[android.intent.category.LAUNCHER] cmp=com.example.dogglers/.VerticalListActivity }, activity.getIntent()=Intent { act=android.intent.action.MAIN cat=[android.intent.category.LAUNCHER] flg=0x10000000 cmp=com.example.dogglers/androidx.test.core.app.InstrumentationActivityInvoker$EmptyActivity }, activity=androidx.test.core.app.InstrumentationActivityInvoker$EmptyActivity@c582eb1
09-25 13:19:30.872 15715 18710 I WindowsLink: (TaskInfoManager) +++++++++++onRecentTaskStackUpdated
09-25 13:19:30.872  1914  1914 I SurfaceFlinger: [d3d9767 com.example.dogglers/androidx.test.core.app.InstrumentationActivityInvoker$EmptyActivity#162554] FrameRatePriority: -1
09-25 13:19:30.875  3108  3230 D EnterpriseDeviceManagerService: isMdmAdminPresentInternal() : MDM Admin Found - com.samsung.knox.securefolder
09-25 13:19:30.876  5639  5639 I DecorView: [INFO] isPopOver=false config=true
09-25 13:19:30.877  5639  5639 I DecorView: updateCaptionType: isFloating=false isApplication=true hasWindowDecorCaption=false this=DecorView@142704[]
09-25 13:19:30.877  5639  5639 D DecorView: setCaptionType = 0, this = DecorView@142704[]
09-25 13:19:30.877  5639  5639 I DecorView: getCurrentDensityDpi: from real metrics. densityDpi=560 msg=resources_loaded
09-25 13:19:30.877  5639  5639 I DecorView: setWindowBackground: isPopOver=false color=ff010101 d=android.graphics.drawable.StateListDrawable@d9004ed
