09-25 13:19:25.660   586   586 I GoogleInputMethodService: GoogleInputMethodService.onStartInput():1889 onStartInput(EditorInfo{EditorInfo{packageName=com.example.dogglers, inputType=0, inputTypeString=NULL, enableLearning=false, autoCorrection=false, autoComplete=false, imeOptions=0, privateImeOptions=null, actionName=UNSPECIFIED, actionLabel=null, initialSelStart=-1, initialSelEnd=-1, initialCapsMode=0, label=null, fieldId=-1, fieldName=null, extras=Bundle[{displayId=0}], hintText=null, hintLocales=[]}}, false)
09-25 13:19:25.661   586   586 I GoogleInputMethodService: GoogleInputMethodService.updateDeviceLockedStatus():2097 repeatCheckTimes = 1, locked = false
09-25 13:19:25.663  1914  1914 I Layer   : id=162307 removedFromDrawingState Surface(name=6a358c3 InputMethod)/@0x1a6cc79 - animation-leash of insets_animation#162307 (338)
09-25 13:19:25.663  1914  1914 I SurfaceFlinger: id=162307 Removed Surface(name=6a358c3 InputMethod)/@0x1a6cc79 - animation-leash of insets_animation#162307 (338)
09-25 13:19:25.664  1914  1914 I Layer   : id=162307 Destroyed Surface(name=6a358c3 InputMethod)/@0x1a6cc79 - animation-leash of insets_animation#162307
09-25 13:19:25.664  4768  4861 I ViewRootImpl@b0cf5e7[dogglers]: mWNT: t=0xb400007731f01a00 mBlastBufferQueue=0xb400007705019c80 fn= 3 caller= android.view.SyncRtSurfaceTransactionApplier.applyTransaction:96 android.view.SyncRtSurfaceTransactionApplier.lambda$scheduleApply$0$android-view-SyncRtSurfaceTransactionApplier:69 android.view.SyncRtSurfaceTransactionApplier$$ExternalSyntheticLambda0.onFrameDraw:4
09-25 13:19:25.672  4768  4860 I ViewRootImpl@b0cf5e7[dogglers]: mWNT: t=0xb400007731f00500 mBlastBufferQueue=0xb400007705019c80 fn= 4 caller= android.view.SyncRtSurfaceTransactionApplier.applyTransaction:96 android.view.SyncRtSurfaceTransactionApplier.lambda$scheduleApply$0$android-view-SyncRtSurfaceTransactionApplier:69 android.view.SyncRtSurfaceTransactionApplier$$ExternalSyntheticLambda0.onFrameDraw:4
09-25 13:19:25.679  3108  3145 D InputMethodManagerService: isImeSwitcherDisabledPackage : false
09-25 13:19:25.680   586   586 I InputMethodService: removeImeSurface
09-25 13:19:25.680  5639  5639 I ViewInteraction: Checking 'MatchesViewAssertion{viewMatcher=(view has effective visibility <VISIBLE> and view.getGlobalVisibleRect() to return non-empty rectangle)}' assertion on view an instance of android.widget.TextView and view.getText() with or without transformation to match: is "Bella"
09-25 13:19:25.681   586   586 I MSHandlerLifeCycle: check: return. pkg=com.google.android.inputmethod.latin isActivity=false callers=com.android.internal.policy.DecorView.setVisibility:4412 android.app.Dialog.hide:767 android.inputmethodservice.InputMethodService.removeImeSurface:1290 android.inputmethodservice.InputMethodService.scheduleImeSurfaceRemoval:1279 android.inputmethodservice.InputMethodService.-$$Nest$mscheduleImeSurfaceRemoval:0
09-25 13:19:25.681   586   586 I MSHandlerLifeCycle: removeMultiSplitHandler: no exist. decor=DecorView@3ddf8c7[InputMethod]
09-25 13:19:25.681  4768  4861 I ViewRootImpl@b0cf5e7[dogglers]: mWNT: t=0xb40000773209e300 mBlastBufferQueue=0xb400007705019c80 fn= 5 caller= android.view.SyncRtSurfaceTransactionApplier.applyTransaction:96 android.view.SyncRtSurfaceTransactionApplier.lambda$scheduleApply$0$android-view-SyncRtSurfaceTransactionApplier:69 android.view.SyncRtSurfaceTransactionApplier$$ExternalSyntheticLambda0.onFrameDraw:4
09-25 13:19:25.686  3108  3230 I ChimeraSystemEventListener: appLaunchIntent package name is: com.example.dogglers
09-25 13:19:25.687  3108  6266 I SemDvfsHyPerManager: acquire hyper - AMS_ACT_START/3108@18, type = -999
09-25 13:19:25.687  1809  1855 I HYPER-HAL: [RequestManager.cpp]acquire(): Acquired ID : 4887519  [3108 / 18]    HINT : AMS_ACT_START    list :
09-25 13:19:25.688  1914  4196 I SurfaceFlinger: id=162324 createSurf, flag=80004, ActivityRecord{3686423 u0 com.example.dogglers/androidx.test.core.app.InstrumentationActivityInvoker$EmptyActivity} t7114}#162324
09-25 13:19:25.689  4768  4860 I ViewRootImpl@b0cf5e7[dogglers]: mWNT: t=0xb4000077a0f94100 mBlastBufferQueue=0xb400007705019c80 fn= 6 caller= android.view.SyncRtSurfaceTransactionApplier.applyTransaction:96 android.view.SyncRtSurfaceTransactionApplier.lambda$scheduleApply$0$android-view-SyncRtSurfaceTransactionApplier:69 android.view.SyncRtSurfaceTransactionApplier$$ExternalSyntheticLambda0.onFrameDraw:4
09-25 13:19:25.692  5369 18503 I RecentModel: onTaskStackChangedBackground
09-25 13:19:25.693  8328  8651 I SemDvfsHyPerManager: acquire hyper - TABaseBoost/8328@24, type = 1090523139
09-25 13:19:25.694  1809  1855 I HYPER-HAL: [RequestManager.cpp]acquire(): Acquired ID : 34882152  [8328 / 24]    HINT :      list : [TABoost / 1]
09-25 13:19:25.696  1914  3199 I SurfaceFlinger: id=162325 createSurf, flag=80000, fde4952 ActivityRecordInputSink com.example.dogglers/androidx.test.core.app.InstrumentationActivityInvoker$EmptyActivity#162325
09-25 13:19:25.697  4768  4861 I ViewRootImpl@b0cf5e7[dogglers]: mWNT: t=0xb400007731efa900 mBlastBufferQueue=0xb400007705019c80 fn= 7 caller= android.view.SyncRtSurfaceTransactionApplier.applyTransaction:96 android.view.SyncRtSurfaceTransactionApplier.lambda$scheduleApply$0$android-view-SyncRtSurfaceTransactionApplier:69 android.view.SyncRtSurfaceTransactionApplier$$ExternalSyntheticLambda0.onFrameDraw:4
09-25 13:19:25.699  5759  5759 E pageboostd: Received HALT command code 2
09-25 13:19:25.699  3108  4645 I SemWifiLinkQualityMonitor: Link Qos Query: 0.047 ms / 172.039 Mbps (175 / 0.001 / 1.000)
09-25 13:19:25.700  3108  3230 D PersonaActivityHelper: Activity not in resumed state, do not run immediate lock
09-25 13:19:25.700  3108  6746 D SemWifiUsabilityStatsMonitor: onWifiUsabilityStats - seqNum 70099, isSameBssidAndFreq true
09-25 13:19:25.700  5639  5639 D LifecycleMonitor: Lifecycle status change: com.example.dogglers.GridListActivity@23261a5 in: PAUSED
09-25 13:19:25.700  5639  5639 V ActivityScenario: Update currentActivityStage to PAUSED, currentActivity=com.example.dogglers.GridListActivity@23261a5
09-25 13:19:25.701  5369  5741 I RecentTasksList: loadTasksInBackground : groupTask = GroupTask{task1=[id=6869 windowingMode=1 user=0 lastActiveTime=1366856278] null, task2=null, task3=null, mStagedSplitBounds=null}
09-25 13:19:25.701  5369  5741 I RecentTasksList: loadTasksInBackground : groupTask = GroupTask{task1=[id=6898 windowingMode=1 user=0 lastActiveTime=1367009547] null, task2=null, task3=null, mStagedSplitBounds=null}
09-25 13:19:25.701  5369  5741 I RecentTasksList: loadTasksInBackground : groupTask = GroupTask{task1=[id=7114 windowingMode=1 user=0 lastActiveTime=1370091856] null, task2=null, task3=null, mStagedSplitBounds=null}
09-25 13:19:25.702  8130  8237 I [AirCmd]_ActivitySwitchDetector: onTaskStackChanged : componentName - ComponentInfo{com.example.dogglers/com.example.dogglers.GridListActivity}
09-25 13:19:25.702  8130  8237 I [AirCmd]_ActivitySwitchDetector: onTaskStackChanged : mTopMostActivity - ComponentInfo{com.example.dogglers/androidx.test.core.app.InstrumentationActivityInvoker$BootstrapActivity}
09-25 13:19:25.702  8130  8237 I [AirCmd]_CallbackRepeater: stopRepeat : isWorking=false
09-25 13:19:25.702  8130  8237 I [AirCmd]_MediaControlStateMonitor: isForegroundAppSupportsMediaButton : mediaSession is empty
09-25 13:19:25.702  8130  8237 I [AirCmd]_MediaControlStateMonitor: active Notification List is null
09-25 13:19:25.702  8130  8237 I [AirCmd]_RemoteSpenMainController: hasGeneralAction : packageName is com.example.dogglers, activityName is com.example.dogglers.GridListActivity, hasActions is false
09-25 13:19:25.702  8130  8237 I [AirCmd]_CameraAvailabilityMonitor: isCameraPreviewOn : mIsCameraPreviewOn is false
09-25 13:19:25.702  3108  8626 D InputDispatcher: Focused application(0): ActivityRecord{3686423 u0 com.example.dogglers/androidx.test.core.app.InstrumentationActivityInvoker$EmptyActivity} t7114}
09-25 13:19:25.703  3108 29076 D RemoteAppTaskWatcher:  ****** RemoteAppTaskWatcher: Message Received 5 Task ID = 0
09-25 13:19:25.704  8130  8237 I [AirCmd]_CameraAvailabilityMonitor: isCameraPreviewOn : mIsCameraPreviewOn is false
09-25 13:19:25.705  8130  8237 I [AirCmd]_MediaControlStateMonitor: isForegroundAppSupportsMediaButton : mediaSession is empty
09-25 13:19:25.705  1914  1914 I SurfaceFlinger: [47ae9f2 com.example.dogglers/com.example.dogglers.GridListActivity#162318] FrameRatePriority: -1
09-25 13:19:25.705  8130  8237 I [AirCmd]_MediaControlStateMonitor: active Notification List is null
09-25 13:19:25.705  8130  8237 I [AirCmd]_PenActionRule: getAction : get default action data from remote action because pen action data is null.
09-25 13:19:25.705  8130  8237 I [AirCmd]_ButtonActionDetector: enableDoubleClickDetection: enabled=true, doubleClickWaitInterval=300
09-25 13:19:25.705  8130  8237 I [AirCmd]_RemoteSpenMainController: onSwitch : package is com.example.dogglers   and activity is com.example.dogglers.GridListActivity and isBleConnected is false and hasActions is false
09-25 13:19:25.707  5639  5639 D LifecycleMonitor: Lifecycle status change: androidx.test.core.app.InstrumentationActivityInvoker$EmptyActivity@4ab946b in: PRE_ON_CREATE
09-25 13:19:25.707  5639  5639 V ActivityScenario: Activity lifecycle changed event received but ignored because the intent does not match. startActivityIntent=Intent { act=android.intent.action.MAIN cat=[android.intent.category.LAUNCHER] cmp=com.example.dogglers/.GridListActivity }, activity.getIntent()=Intent { act=android.intent.action.MAIN cat=[android.intent.category.LAUNCHER] flg=0x10000000 cmp=com.example.dogglers/androidx.test.core.app.InstrumentationActivityInvoker$EmptyActivity }, activity=androidx.test.core.app.InstrumentationActivityInvoker$EmptyActivity@4ab946b
09-25 13:19:25.707  4768  4851 D OpenGLRenderer: setSurface called with nullptr
09-25 13:19:25.707  4768  4851 D OpenGLRenderer: setSurface() destroyed EGLSurface
09-25 13:19:25.708  3108  3230 I SemPersonaManager: SecureFolder personaId = 150
09-25 13:19:25.708  4768  4851 D OpenGLRenderer: destroyEglSurface
09-25 13:19:25.709  2229  4077 I CameraService: onUidStateChanged: uid=10042, procState is changed. (1 -> 0)
09-25 13:19:25.709  4768  4843 I ViewRootImpl@b0cf5e7[dogglers]: performTraversals params={(0,0)(fillxfill) sim={adjust=pan} ty=APPLICATION_STARTING fmt=TRANSLUCENT wanim=0x1030001 alpha=0.0
09-25 13:19:25.709  4768  4843 I ViewRootImpl@b0cf5e7[dogglers]:   fl=81030118
09-25 13:19:25.709  4768  4843 I ViewRootImpl@b0cf5e7[dogglers]:   pfl=16000010
09-25 13:19:25.709  4768  4843 I ViewRootImpl@b0cf5e7[dogglers]:   bhv=DEFAULT
09-25 13:19:25.709  4768  4843 I ViewRootImpl@b0cf5e7[dogglers]:   fitSides= naviIconColor=0}
09-25 13:19:25.709  4768  4843 I ViewRootImpl@b0cf5e7[dogglers]: performTraversals mFirst=false windowShouldResize=false viewVisibilityChanged=true mForceNextWindowRelayout=false params={(0,0)(fillxfill) sim={adjust=pan} ty=APPLICATION_STARTING fmt=TRANSLUCENT wanim=0x1030001 alpha=0.0
09-25 13:19:25.709  4768  4843 I ViewRootImpl@b0cf5e7[dogglers]:   fl=81030118
09-25 13:19:25.709  4768  4843 I ViewRootImpl@b0cf5e7[dogglers]:   pfl=16000010
09-25 13:19:25.709  4768  4843 I ViewRootImpl@b0cf5e7[dogglers]:   bhv=DEFAULT
09-25 13:19:25.709  4768  4843 I ViewRootImpl@b0cf5e7[dogglers]:   fitSides= naviIconColor=0}
09-25 13:19:25.710  3108  8626 V WindowManager: Relayout Window{d7dbb32 u0 Splash Screen com.example.dogglers}: viewVisibility=8 req=1440x3088 d0
09-25 13:19:25.711  5639  5639 I DecorView: [INFO] isPopOver=false config=true
09-25 13:19:25.711  5639  5639 I DecorView: updateCaptionType: isFloating=false isApplication=true hasWindowDecorCaption=false this=DecorView@d91ab86[]
09-25 13:19:25.711  5639  5639 D DecorView: setCaptionType = 0, this = DecorView@d91ab86[]
09-25 13:19:25.711  3108  8626 V WindowManager: Relayout hash=d7dbb32, pid=4768, syncId=-1: mAttrs={(0,0)(fillxfill) sim={adjust=pan} ty=APPLICATION_STARTING fmt=TRANSLUCENT wanim=0x1030001 alpha=0.0
09-25 13:19:25.711  3108  8626 V WindowManager:   fl=81030118
09-25 13:19:25.711  3108  8626 V WindowManager:   pfl=16000010
09-25 13:19:25.711  3108  8626 V WindowManager:   bhv=DEFAULT
09-25 13:19:25.711  3108  8626 V WindowManager:   fitSides= naviIconColor=0}
09-25 13:19:25.711 15715 15751 I WindowsLink: (TaskInfoManager) +++++++++++onRecentTaskStackUpdated
09-25 13:19:25.712  5639  5639 I DecorView: getCurrentDensityDpi: from real metrics. densityDpi=560 msg=resources_loaded
09-25 13:19:25.712  5639  5639 I DecorView: setWindowBackground: isPopOver=false color=ff010101 d=android.graphics.drawable.StateListDrawable@8ed0c47
09-25 13:19:25.712  5639  5639 D LifecycleMonitor: Lifecycle status change: androidx.test.core.app.InstrumentationActivityInvoker$EmptyActivity@4ab946b in: CREATED
09-25 13:19:25.712  5639  5639 V ActivityScenario: Activity lifecycle changed event received but ignored because the intent does not match. startActivityIntent=Intent { act=android.intent.action.MAIN cat=[android.intent.category.LAUNCHER] cmp=com.example.dogglers/.GridListActivity }, activity.getIntent()=Intent { act=android.intent.action.MAIN cat=[android.intent.category.LAUNCHER] flg=0x10000000 cmp=com.example.dogglers/androidx.test.core.app.InstrumentationActivityInvoker$EmptyActivity }, activity=androidx.test.core.app.InstrumentationActivityInvoker$EmptyActivity@4ab946b
09-25 13:19:25.712  4768  4843 I ViewRootImpl@b0cf5e7[dogglers]: Relayout returned: old=(0,0,1440,3088) new=(0,0,1440,3088) req=(1440,3088)8 dur=1 res=0x2 s={false 0x0} ch=true seqId=0
09-25 13:19:25.712  5639  5639 D LifecycleMonitor: Lifecycle status change: androidx.test.core.app.InstrumentationActivityInvoker$EmptyActivity@4ab946b in: STARTED
09-25 13:19:25.712  5639  5639 V ActivityScenario: Activity lifecycle changed event received but ignored because the intent does not match. startActivityIntent=Intent { act=android.intent.action.MAIN cat=[android.intent.category.LAUNCHER] cmp=com.example.dogglers/.GridListActivity }, activity.getIntent()=Intent { act=android.intent.action.MAIN cat=[android.intent.category.LAUNCHER] flg=0x10000000 cmp=com.example.dogglers/androidx.test.core.app.InstrumentationActivityInvoker$EmptyActivity }, activity=androidx.test.core.app.InstrumentationActivityInvoker$EmptyActivity@4ab946b
09-25 13:19:25.713  4768  4843 I ViewRootImpl@b0cf5e7[dogglers]: dispatchDetachedFromWindow
09-25 13:19:25.713  5639  5639 D LifecycleMonitor: Lifecycle status change: androidx.test.core.app.InstrumentationActivityInvoker$EmptyActivity@4ab946b in: RESUMED
09-25 13:19:25.713  3108  3145 D InputTransport: Input channel destroyed: 'd7dbb32', fd=1058
09-25 13:19:25.713  3108  3230 D EnterpriseDeviceManagerService: isMdmAdminPresentInternal() : MDM Admin Found - com.samsung.knox.securefolder
09-25 13:19:25.713  5639  5639 V ActivityScenario: Activity lifecycle changed event received but ignored because the intent does not match. startActivityIntent=Intent { act=android.intent.action.MAIN cat=[android.intent.category.LAUNCHER] cmp=com.example.dogglers/.GridListActivity }, activity.getIntent()=Intent { act=android.intent.action.MAIN cat=[android.intent.category.LAUNCHER] flg=0x10000000 cmp=com.example.dogglers/androidx.test.core.app.InstrumentationActivityInvoker$EmptyActivity }, activity=androidx.test.core.app.InstrumentationActivityInvoker$EmptyActivity@4ab946b
09-25 13:19:25.713  3108  3145 W InputManager-JNI: Input channel object 'd7dbb32 Splash Screen com.example.dogglers (client)' was disposed without first being removed with the input manager!
09-25 13:19:25.713  3108  3145 D InputTransport: Input channel destroyed: 'd7dbb32', fd=1065
09-25 13:19:25.713  5639  5639 I MSHandlerLifeCycle: check: return. pkg=com.example.dogglers parent=null callers=com.android.internal.policy.DecorView.setVisibility:4412 android.app.ActivityThread.handleResumeActivity:5476 android.app.servertransaction.ResumeActivityItem.execute:54 android.app.servertransaction.ActivityTransactionItem.execute:45 android.app.servertransaction.TransactionExecutor.executeLifecycleState:176
09-25 13:19:25.713  5639  5639 I MSHandlerLifeCycle: removeMultiSplitHandler: no exist. decor=DecorView@d91ab86[]
09-25 13:19:25.714  3108  6472 D InputDispatcher: Focus request (0): <null> but waiting because NOT_FOCUSABLE
09-25 13:19:25.714  3108  6472 D InputDispatcher: Focus left window (0): 47ae9f2 com.example.dogglers/com.example.dogglers.GridListActivity
09-25 13:19:25.715  5639  5729 D NativeCustomFrequencyManager: [NativeCFMS] BpCustomFrequencyManager::BpCustomFrequencyManager()
09-25 13:19:25.716  4768  4843 D InputTransport: Input channel destroyed: 'd7dbb32', fd=212
09-25 13:19:25.716  1914  1914 D SurfaceFlinger: Display 4630947093241269891 HWC layers:
09-25 13:19:25.716  1914  1914 D SurfaceFlinger:      CLIENT | 0xb400007af6c13480 | 0100 | RGBx_8888    |  592.0    0.0 1628.0 2220.0 |    0    0 1440 3088 | Wallpaper BBQ wrapper#90
09-25 13:19:25.716  1914  1914 D SurfaceFlinger:      CLIENT | 0xb400007af86f9100 | 0100 | RGBA_8888    |    0.0    0.0 1440.0 3088.0 |    0    0 1440 3088 | com.sec.android.app.launcher/com.sec[...]rActivity$_5369#162300 (blurRegions)
09-25 13:19:25.716  1914  1914 D SurfaceFlinger:      DEVICE | 0xb400007af6c14080 | 0102 | RGBA_8888    |    0.0    0.0 1440.0 3088.0 |   43   93 1397 2995 | com.example.dogglers/com.example.dogglers.GridListActivity$_5639#162319
09-25 13:19:25.716  1914  1914 D SurfaceFlinger:      DEVICE | 0xb400007af6c14880 | 0100 | RGBA_8888    |    0.0    0.0 1440.0  100.0 |    0    0 1440  100 | StatusBar$_4768#95
09-25 13:19:25.716  1914  1914 D SurfaceFlinger:      DEVICE | 0xb400007af8705400 | 0100 | RGBA_8888    |    0.0    0.0   67.0  589.0 |    0  562   67 1151 | com.samsung.android.app.cocktailbars[...]vice.CocktailBarService$_8423#156853
09-25 13:19:25.716  1914  1914 D SurfaceFlinger:      DEVICE | 0xb400007af8705500 | 0100 | RGBA_8888    |    0.0    0.0  518.0   48.0 |  922 3040 1440 3088 | SGestureOverlayWindow$_5369#156268
09-25 13:19:25.716  1914  1914 D SurfaceFlinger:      DEVICE | 0xb40000
09-25 13:19:25.716  1914  1914 D SurfaceFlinger: 7af6c15880 | 0100 | RGBA_8888    |    0.0    0.0 1440.0  168.0 |    0 2920 1440 3088 | NavigationBar0$_4768#92
09-25 13:19:25.716  1914  1914 D SurfaceFlinger:
09-25 13:19:25.718  3108  3145 D InputTransport: Input channel constructed: 'e4a1f7c', fd=1058
09-25 13:19:25.718  3108  3145 D InputTransport: Input channel constructed: 'e4a1f7c', fd=1065
09-25 13:19:25.718  3108  3145 D InputTransport: Input channel constructed: 'e4a1f7c', fd=1285
09-25 13:19:25.718  1914  3199 I SurfaceFlinger: id=162326 createSurf, flag=80004, e4a1f7c com.example.dogglers/androidx.test.core.app.InstrumentationActivityInvoker$EmptyActivity#162326
09-25 13:19:25.719  3108  3145 D InputTransport: Input channel destroyed: 'e4a1f7c', fd=1285
09-25 13:19:25.720  5639  5639 D InsetsController: onStateChanged: InsetsState: {mDisplayFrame=Rect(0, 0 - 1440, 3088), mDisplayCutout=DisplayCutout{insets=Rect(0, 100 - 0, 0) waterfall=Insets{left=0, top=0, right=0, bottom=0} boundingRect={Bounds=[Rect(0, 0 - 0, 0), Rect(685, 0 - 756, 100), Rect(0, 0 - 0, 0), Rect(0, 0 - 0, 0)]} cutoutPathParserInfo={CutoutPathParserInfo{displayWidth=1440 displayHeight=3088 physicalDisplayWidth=1440 physicalDisplayHeight=3088 density={3.75} cutoutSpec={M 0,0 H -9.466666666666667 V 26.66666666666667‬ H 9.466666666666667 V 0 H 0 Z @dp} rotation={0} scale={1.0} physicalPixelDisplaySizeRatio={1.0}}}}, mRoundedCorners=RoundedCorners{[RoundedCorner{position=TopLeft, radius=14, center=Point(14, 14)}, RoundedCorner{position=TopRight, radius=14, center=Point(1426, 14)}, RoundedCorner{position=BottomRight, radius=14, center=Point(1426, 3074)}, RoundedCorner{position=BottomLeft, radius=14, center=Point(14, 3074)}]}  mRoundedCornerFrame=Rect(0, 0 - 1440, 3088), mPrivacyIndicatorBounds=PrivacyIndicatorBounds {static bounds=Rect(1286, 0 - 1440, 100) rotation=0}, mSources= { InsetsSource: {mType=ITYPE_STATUS_BAR, mFrame=[0,0][1440,100], mVisible=true, mInsetsRoundedCornerFrame=false}, InsetsSource: {mType=ITYPE_NAVIGATION_BAR, mFrame=[0,3088][1440,3088], mVisible=true, mInsetsRoundedCornerFrame=false}, InsetsSource: {mType=ITYPE_LEFT_GESTURES, mFrame=[0,0][0,3088], mVisible=true, mInsetsRoundedCornerFrame=false}, InsetsSource: {mType=ITYPE_RIGHT_GESTURES, mFrame=[1440,0][1440,3088], mVisible=true, mInsetsRoundedCornerFrame=false}, InsetsSource: {mType=ITYPE_TOP_MANDATORY_GESTURES, mFrame=[0,0][1440,142], mVisible=true, mInsetsRoundedCornerFrame=false}, InsetsSource: {mType=ITYPE_BOTTOM_MANDATORY_GESTURES, mFrame=[0,3018][1440,3088], mVisible=true, mInsetsRoundedCornerFrame=false}, InsetsSource: {mType=ITYPE_LEFT_DISPLAY_CUTOUT, mFrame=[0,0][-100000,3088], mVisible=true, mInsetsRoundedCornerFrame=false}, InsetsSource: {mType=ITYPE_TOP_DISPLAY_CUTOUT, mFrame=[0,0][1440,100], mVisible=true, mInsetsRoundedCornerFrame=false}, InsetsSource: {mType=ITYPE_RIGHT_DISPLAY_CUTOUT, mFrame=[100000,0][1440,3088], mVisible=true, mInsetsRoundedCornerFrame=false}, InsetsSource: {mType=ITYPE_BOTTOM_DISPLAY_CUTOUT, mFrame=[0,100000][1440,3088], mVisible=true, mInsetsRoundedCornerFrame=false}, InsetsSource: {mType=ITYPE_TOP_TAPPABLE_ELEMENT, mFrame=[0,0][1440,100], mVisible=true, mInsetsRoundedCornerFrame=false}, InsetsSource: {mType=ITYPE_BOTTOM_TAPPABLE_ELEMENT, mFrame=[0,0][0,0], mVisible=true, mInsetsRoundedCornerFrame=false} } host=com.example.dogglers/androidx.test.core.app.InstrumentationActivityInvoker$EmptyActivity from=android.view.ViewRootImpl.setView:1732
09-25 13:19:25.721  8423  8423 I ActivityUtils: HomePackage : com.sec.android.app.launcher, resumePackageName : com.example.dogglers
09-25 13:19:25.721  3108  6142 I MediaSessionMonitor: Media session stopped : controllerList empty
09-25 13:19:25.722  1914  1914 I Layer   : id=162322 removedFromDrawingState Surface(name=47ae9f2 com.example.dogglers/com.example.dogglers.GridListActivity)/@0x9e6e31c - animation-leash of starting_reveal#162322 (340)
09-25 13:19:25.722  5639  5639 I ViewRootImpl@966d59d[InstrumentationActivityInvoker$EmptyActivity]: setView = com.android.internal.policy.DecorView@d91ab86 TM=true
09-25 13:19:25.723  5639  5639 I MSHandlerLifeCycle: removeMultiSplitHandler: no exist. decor=DecorView@d91ab86[InstrumentationActivityInvoker$EmptyActivity]
09-25 13:19:25.724  3108  3338 D AnalyticsContainerHandler: handleMessage : { when=0 what=1 target=com.android.server.knox.KnoxAnalyticsContainer$AnalyticsHandler }
09-25 13:19:25.724  5639  5639 I ViewRootImpl@966d59d[InstrumentationActivityInvoker$EmptyActivity]: performTraversals params={(0,0)(fillxfill) sim={adjust=pan forwardNavigation} ty=BASE_APPLICATION wanim=0x1030001
09-25 13:19:25.724  5639  5639 I ViewRootImpl@966d59d[InstrumentationActivityInvoker$EmptyActivity]:   fl=1810100
09-25 13:19:25.724  5639  5639 I ViewRootImpl@966d59d[InstrumentationActivityInvoker$EmptyActivity]:   pfl=12020040
09-25 13:19:25.724  5639  5639 I ViewRootImpl@966d59d[InstrumentationActivityInvoker$EmptyActivity]:   bhv=DEFAULT
09-25 13:19:25.724  5639  5639 I ViewRootImpl@966d59d[InstrumentationActivityInvoker$EmptyActivity]:   fitSides= naviIconColor=0}
09-25 13:19:25.725  5639  5639 I ViewRootImpl@966d59d[InstrumentationActivityInvoker$EmptyActivity]: performTraversals mFirst=true windowShouldResize=true viewVisibilityChanged=false mForceNextWindowRelayout=false params={(0,0)(fillxfill) sim={adjust=pan forwardNavigation} ty=BASE_APPLICATION wanim=0x1030001
09-25 13:19:25.725  5639  5639 I ViewRootImpl@966d59d[InstrumentationActivityInvoker$EmptyActivity]:   fl=1810100
09-25 13:19:25.725  5639  5639 I ViewRootImpl@966d59d[InstrumentationActivityInvoker$EmptyActivity]:   pfl=12020040
09-25 13:19:25.725  5639  5639 I ViewRootImpl@966d59d[InstrumentationActivityInvoker$EmptyActivity]:   bhv=DEFAULT
09-25 13:19:25.725  5639  5639 I ViewRootImpl@966d59d[InstrumentationActivityInvoker$EmptyActivity]:   fitSides= naviIconColor=0}
09-25 13:19:25.725  3108  4073 V WindowManager: Relayout Window{e4a1f7c u0 com.example.dogglers/androidx.test.core.app.InstrumentationActivityInvoker$EmptyActivity}: viewVisibility=0 req=1440x3088 d0
09-25 13:19:25.725  1914  4196 I SurfaceFlinger: id=162327 createSurf, flag=40004, com.example.dogglers/androidx.test.core.app.InstrumentationActivityInvoker$EmptyActivity$_5639#162327
09-25 13:19:25.728  1914  4196 I SurfaceFlinger: id=162328 createSurf, flag=24000, Surface(name=4eb27f5 StatusBar)/@0x43fa543 - animation-leash of insets_animation#162328
09-25 13:19:25.729  1914  4196 I SurfaceFlinger: id=162329 createSurf, flag=24000, Surface(name=d110b4c NavigationBar0)/@0x8bdb781 - animation-leash of insets_animation#162329
09-25 13:19:25.729  3108  4073 V WindowManager: Relayout hash=e4a1f7c, pid=5639, syncId=-1: mAttrs={(0,0)(fillxfill) sim={adjust=pan forwardNavigation} ty=BASE_APPLICATION wanim=0x1030001
09-25 13:19:25.729  3108  4073 V WindowManager:   fl=1810100
09-25 13:19:25.729  3108  4073 V WindowManager:   pfl=12020040
09-25 13:19:25.729  3108  4073 V WindowManager:   bhv=DEFAULT
09-25 13:19:25.729  3108  4073 V WindowManager:   fitSides= naviIconColor=0}
09-25 13:19:25.730  5639  5639 D InsetsController: onStateChanged: InsetsState: {mDisplayFrame=Rect(0, 0 - 1440, 3088), mDisplayCutout=DisplayCutout{insets=Rect(0, 100 - 0, 0) waterfall=Insets{left=0, top=0, right=0, bottom=0} boundingRect={Bounds=[Rect(0, 0 - 0, 0), Rect(685, 0 - 756, 100), Rect(0, 0 - 0, 0), Rect(0, 0 - 0, 0)]} cutoutPathParserInfo={CutoutPathParserInfo{displayWidth=1440 displayHeight=3088 physicalDisplayWidth=1440 physicalDisplayHeight=3088 density={3.75} cutoutSpec={M 0,0 H -9.466666666666667 V 26.66666666666667‬ H 9.466666666666667 V 0 H 0 Z @dp} rotation={0} scale={1.0} physicalPixelDisplaySizeRatio={1.0}}}}, mRoundedCorners=RoundedCorners{[RoundedCorner{position=TopLeft, radius=14, center=Point(14, 14)}, RoundedCorner{position=TopRight, radius=14, center=Point(1426, 14)}, RoundedCorner{position=BottomRight, radius=14, center=Point(1426, 3074)}, RoundedCorner{position=BottomLeft, radius=14, center=Point(14, 3074)}]}  mRoundedCornerFrame=Rect(0, 0 - 1440, 3088), mPrivacyIndicatorBounds=PrivacyIndicatorBounds {static bounds=Rect(1286, 0 - 1440, 100) rotation=0}, mSources= { InsetsSource: {mType=ITYPE_STATUS_BAR, mFrame=[0,0][1440,100], mVisible=true, mInsetsRoundedCornerFrame=false}, InsetsSource: {mType=ITYPE_NAVIGATION_BAR, mFrame=[0,3088][1440,3088], mVisible=true, mInsetsRoundedCornerFrame=false}, InsetsSource: {mType=ITYPE_LEFT_GESTURES, mFrame=[0,0][0,3088], mVisible=true, mInsetsRoundedCornerFrame=false}, InsetsSource: {mType=ITYPE_RIGHT_GESTURES, mFrame=[1440,0][1440,3088], mVisible=true, mInsetsRoundedCornerFrame=false}, InsetsSource: {mType=ITYPE_TOP_MANDATORY_GESTURES, mFrame=[0,0][1440,142], mVisible=true, mInsetsRoundedCornerFrame=false}, InsetsSource: {mType=ITYPE_BOTTOM_MANDATORY_GESTURES, mFrame=[0,3018][1440,3088], mVisible=true, mInsetsRoundedCornerFrame=false}, InsetsSource: {mType=ITYPE_LEFT_DISPLAY_CUTOUT, mFrame=[0,0][-100000,3088], mVisible=true, mInsetsRoundedCornerFrame=false}, InsetsSource: {mType=ITYPE_TOP_DISPLAY_CUTOUT, mFrame=[0,0][1440,100], mVisible=true, mInsetsRoundedCornerFrame=false}, InsetsSource: {mType=ITYPE_RIGHT_DISPLAY_CUTOUT, mFrame=[100000,0][1440,3088], mVisible=true, mInsetsRoundedCornerFrame=false}, InsetsSource: {mType=ITYPE_BOTTOM_DISPLAY_CUTOUT, mFrame=[0,100000][1440,3088], mVisible=true, mInsetsRoundedCornerFrame=false}, InsetsSource: {mType=ITYPE_TOP_TAPPABLE_ELEMENT, mFrame=[0,0][1440,100], mVisible=true, mInsetsRoundedCornerFrame=false}, InsetsSource: {mType=ITYPE_BOTTOM_TAPPABLE_ELEMENT, mFrame=[0,0][0,0], mVisible=true, mInsetsRoundedCornerFrame=false}, InsetsSource: {mType=ITYPE_IME, mFrame=[0,0][0,0], mVisibleFrame=[0,3088][1440,3088], mVisible=false, mInsetsRoundedCornerFrame=false} } host=com.example.dogglers/androidx.test.core.app.InstrumentationActivityInvoker$EmptyActivity from=android.view.ViewRootImpl.relayoutWindow:9802
09-25 13:19:25.730  5639  5639 I ViewRootImpl@966d59d[InstrumentationActivityInvoker$EmptyActivity]: updateBlastSurfaceIfNeeded mBlastBufferQueue=null isSameSurfaceControl=false
09-25 13:19:25.731  5639  5639 I BLASTBufferQueue: new BLASTBufferQueue, mName= ViewRootImpl@966d59d[InstrumentationActivityInvoker$EmptyActivity] mNativeObject= 0xb4000077a1045b00 sc.mNativeObject= 0xb40000774d6b83a0 caller= android.view.ViewRootImpl.updateBlastSurfaceIfNeeded:2909 android.view.ViewRootImpl.relayoutWindow:9847 android.view.ViewRootImpl.performTraversals:3884 android.view.ViewRootImpl.doTraversal:3116 android.view.ViewRootImpl$TraversalRunnable.run:10885 android.view.Choreographer$CallbackRecord.run:1301 android.view.Choreographer$CallbackRecord.run:1309 android.view.Choreographer.doCallbacks:923 android.view.Choreographer.doFrame:852 android.view.Choreographer$FrameDisplayEventReceiver.run:1283
09-25 13:19:25.731  5639  5639 I BLASTBufferQueue: update, w= 1440 h= 3088 mName = ViewRootImpl@966d59d[InstrumentationActivityInvoker$EmptyActivity] mNativeObject= 0xb4000077a1045b00 sc.mNativeObject= 0xb40000774d6b83a0 format= -1 caller= android.graphics.BLASTBufferQueue.<init>:84 android.view.ViewRootImpl.updateBlastSurfaceIfNeeded:2909 android.view.ViewRootImpl.relayoutWindow:9847 android.view.ViewRootImpl.performTraversals:3884 android.view.ViewRootImpl.doTraversal:3116 android.view.ViewRootImpl$TraversalRunnable.run:10885
09-25 13:19:25.731  5639  5639 I ViewRootImpl@966d59d[InstrumentationActivityInvoker$EmptyActivity]: Relayout returned: old=(0,0,1440,3088) new=(0,0,1440,3088) req=(1440,3088)0 dur=5 res=0x3 s={true 0xb40000772b464800} ch=true seqId=0
09-25 13:19:25.731  5639  5639 I ViewRootImpl@966d59d[InstrumentationActivityInvoker$EmptyActivity]: performConfigurationChange setNightDimText nightDimLevel=0
09-25 13:19:25.731  5639  5639 I ViewRootImpl@966d59d[InstrumentationActivityInvoker$EmptyActivity]: mThreadedRenderer.initialize() mSurface={isValid=true 0xb40000772b464800} hwInitialized=true
09-25 13:19:25.732  5639  5729 D OpenGLRenderer: eglCreateWindowSurface
09-25 13:19:25.732  5639  5639 I ViewRootImpl@966d59d[InstrumentationActivityInvoker$EmptyActivity]: reportNextDraw android.view.ViewRootImpl.performTraversals:4438 android.view.ViewRootImpl.doTraversal:3116 android.view.ViewRootImpl$TraversalRunnable.run:10885 android.view.Choreographer$CallbackRecord.run:1301 android.view.Choreographer$CallbackRecord.run:1309
09-25 13:19:25.732  5639  5639 I ViewRootImpl@966d59d[InstrumentationActivityInvoker$EmptyActivity]: Setup new sync id=0
09-25 13:19:25.732  5639  5639 I ViewRootImpl@966d59d[InstrumentationActivityInvoker$EmptyActivity]: Setting syncFrameCallback
09-25 13:19:25.732  5639  5639 I ViewRootImpl@966d59d[InstrumentationActivityInvoker$EmptyActivity]: registerCallbacksForSync syncBuffer=false
09-25 13:19:25.733  5639  5771 I ViewRootImpl@966d59d[InstrumentationActivityInvoker$EmptyActivity]: Received frameDrawingCallback syncResult=0 frameNum=1.
09-25 13:19:25.733  5639  5771 I ViewRootImpl@966d59d[InstrumentationActivityInvoker$EmptyActivity]: Setting up sync and frameCommitCallback
09-25 13:19:25.734  5639  5729 I BLASTBufferQueue: [ViewRootImpl@966d59d[InstrumentationActivityInvoker$EmptyActivity]#31](f:0,a:0) onFrameAvailable the first frame is available
09-25 13:19:25.734  5639  5729 I ViewRootImpl@966d59d[InstrumentationActivityInvoker$EmptyActivity]: Received frameCommittedCallback lastAttemptedDrawFrameNum=1 didProduceBuffer=true
09-25 13:19:25.734  5639  5729 D OpenGLRenderer: CFMS:: SetUp Pid : 5639    Tid : 5729
09-25 13:19:25.737  5639  5639 I ViewRootImpl@966d59d[InstrumentationActivityInvoker$EmptyActivity]: onSyncComplete
09-25 13:19:25.737  5639  5639 I ViewRootImpl@966d59d[InstrumentationActivityInvoker$EmptyActivity]: setupSync seqId=0 mSyncId=0 fn=1 caller=android.view.ViewRootImpl$$ExternalSyntheticLambda11.accept:6 android.window.SurfaceSyncer.lambda$setupSync$1$android-window-SurfaceSyncer:128 android.window.SurfaceSyncer$$ExternalSyntheticLambda1.accept:8 android.window.SurfaceSyncer$SyncSet.checkIfSyncIsComplete:382 android.window.SurfaceSyncer$SyncSet.markSyncReady:359 android.window.SurfaceSyncer.markSyncReady:151 android.view.ViewRootImpl.performTraversals:4503
09-25 13:19:25.738  5639  5639 I ViewRootImpl@966d59d[InstrumentationActivityInvoker$EmptyActivity]: reportDrawFinished seqId=0 mSyncId=-1 fn=1 mSurfaceChangedTransaction=0xb4000077185b2900
09-25 13:19:25.738  5639  5639 I ViewRootImpl@53866d0[GridListActivity]: MSG_WINDOW_FOCUS_CHANGED 0 0
09-25 13:19:25.738  1914  1914 I Layer   : id=162320 removedFromDrawingState Surface(name=4eb27f5 StatusBar)/@0x43fa543 - animation-leash of insets_animation#162320 (343)
09-25 13:19:25.738  1914  1914 I Layer   : id=84 removedFromDrawingState 4eb27f5 StatusBar#84 (343)
09-25 13:19:25.738  1914  1914 I Layer   : id=95 removedFromDrawingState StatusBar$_4768#95 (343)
09-25 13:19:25.738  1914  1914 I Layer   : id=84 addToCurrentState 4eb27f5 StatusBar#84 (343)
09-25 13:19:25.738  1914  1914 I Layer   : id=95 addToCurrentState StatusBar$_4768#95 (343)
09-25 13:19:25.738  1914  1914 I Layer   : id=162321 removedFromDrawingState Surface(name=d110b4c NavigationBar0)/@0x8bdb781 - animation-leash of insets_animation#162321 (343)
09-25 13:19:25.738  1914  1914 I SurfaceFlinger: [e4a1f7c com.example.dogglers/androidx.test.core.app.InstrumentationActivityInvoker$EmptyActivity#162326] FrameRatePriority: 1
09-25 13:19:25.739  1914  4196 I SurfaceFlinger: id=162321 Removed Surface(name=d110b4c NavigationBar0)/@0x8bdb781 - animation-leash of insets_animation#162321 (343)
09-25 13:19:25.739  1914  3199 I SurfaceFlinger: id=162320 Removed Surface(name=4eb27f5 StatusBar)/@0x43fa543 - animation-leash of insets_animation#162320 (343)
09-25 13:19:25.740  3108  6472 D InputDispatcher: Focus request (0): e4a1f7c com.example.dogglers/androidx.test.core.app.InstrumentationActivityInvoker$EmptyActivity but waiting because NO_WINDOW
09-25 13:19:25.740  3108  3227 I ActivityTaskManager: Displayed com.example.dogglers/androidx.test.core.app.InstrumentationActivityInvoker$EmptyActivity: +54ms
09-25 13:19:25.741  5759  5759 E pageboostd: Received HALT command code 2
09-25 13:19:25.743  3108  3145 I SemDvfsHyPerManager: acquire hyper - AMS_RESUME_TAIL/3108@20, type = -999
09-25 13:19:25.743  3108  3145 I SemDvfsHyPerManager: acquire hyper - AMS_ACT_LAZY/3108@21, type = -999
09-25 13:19:25.743  1809  1855 I HYPER-HAL: [RequestManager.cpp]acquire(): Acquired ID : 4893776  [3108 / 20]    HINT : AMS_RESUME_TAIL    list :
09-25 13:19:25.744  1809  1855 I HYPER-HAL: [RequestManager.cpp]acquire(): Acquired ID : 4896906  [3108 / 21]    HINT : AMS_ACT_LAZY    list :
09-25 13:19:25.746  1809  1855 I HYPER-HAL: [RequestManager.cpp]releaseLocked(): Released ID : 4887519
09-25 13:19:25.747  1914  1914 I Layer   : Layer [com.example.dogglers/androidx.test.core.app.InstrumentationActivityInvoker$EmptyActivity$_5639#162327] hidden!! flag(0)
09-25 13:19:25.747  1914  1914 I Layer   : id=162320 Destroyed Surface(name=4eb27f5 StatusBar)/@0x43fa543 - animation-leash of insets_animation#162320
09-25 13:19:25.747  1914  1914 I Layer   : id=162321 Destroyed Surface(name=d110b4c NavigationBar0)/@0x8bdb781 - animation-leash of insets_animation#162321
09-25 13:19:25.748  3108  4074 D InputDispatcher: Focus entered window (0): e4a1f7c com.example.dogglers/androidx.test.core.app.InstrumentationActivityInvoker$EmptyActivity
09-25 13:19:25.749  5639  5639 I ViewRootImpl@966d59d[InstrumentationActivityInvoker$EmptyActivity]: MSG_WINDOW_FOCUS_CHANGED 1 0
09-25 13:19:25.749  5639  5639 I ViewRootImpl@966d59d[InstrumentationActivityInvoker$EmptyActivity]: mThreadedRenderer.initializeIfNeeded()#2 mSurface={isValid=true 0xb40000772b464800}
09-25 13:19:25.749  5639  5639 D InputMethodManager: startInputInner - Id : 0
09-25 13:19:25.749  5639  5639 I InputMethodManager: startInputInner - mService.startInputOrWindowGainedFocus
09-25 13:19:25.749  3108  3230 I ChimeraSystemEventListener: appLaunchIntent package name is: com.example.dogglers
09-25 13:19:25.750  3108  8626 I SemDvfsHyPerManager: acquire hyper - AMS_ACT_START/3108@18, type = -999
09-25 13:19:25.750  1914  1914 D SurfaceFlinger: Display 4630947093241269891 HWC layers:
09-25 13:19:25.750  1914  1914 D SurfaceFlinger:      CLIENT | 0xb400007af6c13480 | 0100 | RGBx_8888    |  592.0    0.0 1628.0 2220.0 |    0    0 1440 3088 | Wallpaper BBQ wrapper#90
09-25 13:19:25.750  1914  1914 D SurfaceFlinger:      CLIENT | 0xb400007af86f9100 | 0100 | RGBA_8888    |    0.0    0.0 1440.0 3088.0 |    0    0 1440 3088 | com.sec.android.app.launcher/com.sec[...]rActivity$_5369#162300 (blurRegions)
09-25 13:19:25.750  1914  1914 D SurfaceFlinger:      DEVICE | 0xb400007af6c14980 | 0102 | RGBA_8888    |    0.0    0.0 1440.0 3088.0 |   29   62 1411 3026 | com.example.dogglers/androidx.test.c[...]tyInvoker$EmptyActivity$_5639#162327
09-25 13:19:25.750  1914  1914 D SurfaceFlinger:      DEVICE | 0xb400007af6c14880 | 0100 | RGBA_8888    |    0.0    0.0 1440.0  100.0 |    0    0 1440  100 | StatusBar$_4768#95
09-25 13:19:25.750  1914  1914 D SurfaceFlinger:      DEVICE | 0xb400007af8705400 | 0100 | RGBA_8888    |    0.0    0.0   67.0  589.0 |    0  562   67 1151 | com.samsung.android.app.cocktailbars[...]vice.CocktailBarService$_8423#156853
09-25 13:19:25.750  1914  1914 D SurfaceFlinger:      DEVICE | 0xb400007af8705500 | 0100 | RGBA_8888    |    0.0    0.0  518.0   48.0 |  922 3040 1440 3088 | SGestureOverlayWindow$_5369#156268
09-25 13:19:25.750  1914  1914 D SurfaceFlinger:      DEVICE | 0x
09-25 13:19:25.750  1914  1914 D SurfaceFlinger: b400007af6c15880 | 0100 | RGBA_8888    |    0.0    0.0 1440.0  168.0 |    0 2920 1440 3088 | NavigationBar0$_4768#92
09-25 13:19:25.750  1914  1914 D SurfaceFlinger:
09-25 13:19:25.750  1809  1855 I HYPER-HAL: [RequestManager.cpp]acquire(): Acquired ID : 4887519  [3108 / 18]    HINT : AMS_ACT_START    list :
09-25 13:19:25.750  1914  3193 I SurfaceFlinger: id=162330 createSurf, flag=80004, ActivityRecord{c03cdfe u0 com.example.dogglers/androidx.test.core.app.InstrumentationActivityInvoker$EmptyActivity} t7114}#162330
09-25 13:19:25.757  1914  3193 I SurfaceFlinger: id=162331 createSurf, flag=80000, 89e15b9 ActivityRecordInputSink com.example.dogglers/androidx.test.core.app.InstrumentationActivityInvoker$EmptyActivity#162331
09-25 13:19:25.760  5759  5759 E pageboostd: Received HALT command code 2
09-25 13:19:25.761  3108  4074 D InputMethodManagerService: DESKTOP MODE! : 2
09-25 13:19:25.761  3108  4074 D InputMethodManagerService: NOT IN KNOX DESKTOP MODE!
09-25 13:19:25.761  3108  4074 V InputMethodManagerService: getDisplayIdOfInputMethodWindowToBeAdded: displayId=0
09-25 13:19:25.761  3108  4074 D InputMethodManagerService: isImeSwitcherDisabledPackage : false
09-25 13:19:25.761  3108  4074 D InputMethodManagerService: checkDisplayOfStartInputAndUpdateKeyboard: displayId=0, mFocusedDisplayId=0
09-25 13:19:25.761  3108  3230 D PersonaActivityHelper: Activity not in resumed state, do not run immediate lock
09-25 13:19:25.761  3108  4074 D InputTransport: Input channel constructed: 'ClientS', fd=1285
09-25 13:19:25.761  3108  4074 D InputTransport: Input channel destroyed: 'ClientS', fd=1285
09-25 13:19:25.762   586   586 I GoogleInputMethodService: GoogleInputMethodService.onFinishInput():3267
09-25 13:19:25.762  5639  5639 D LifecycleMonitor: Lifecycle status change: androidx.test.core.app.InstrumentationActivityInvoker$EmptyActivity@4ab946b in: PAUSED
09-25 13:19:25.762  5639  5639 V ActivityScenario: Activity lifecycle changed event received but ignored because the intent does not match. startActivityIntent=Intent { act=android.intent.action.MAIN cat=[android.intent.category.LAUNCHER] cmp=com.example.dogglers/.GridListActivity }, activity.getIntent()=Intent { act=android.intent.action.MAIN cat=[android.intent.category.LAUNCHER] flg=0x10000000 cmp=com.example.dogglers/androidx.test.core.app.InstrumentationActivityInvoker$EmptyActivity }, activity=androidx.test.core.app.InstrumentationActivityInvoker$EmptyActivity@4ab946b
09-25 13:19:25.762  1914  3193 I SurfaceFlinger: id=162332 createSurf, flag=24004, Surface(name=6a358c3 InputMethod)/@0x1a6cc79 - animation-leash of insets_animation#162332
09-25 13:19:25.763   586   586 I GoogleInputMethodService: GoogleInputMethodService.updateDeviceLockedStatus():2097 repeatCheckTimes = 0, locked = false
09-25 13:19:25.763   586   586 D InputMethodService: checkFocusedDisplay() display Id 0last 0
09-25 13:19:25.763   586   586 I GoogleInputMethodService: GoogleInputMethodService.onStartInput():1889 onStartInput(EditorInfo{EditorInfo{packageName=com.example.dogglers, inputType=0, inputTypeString=NULL, enableLearning=false, autoCorrection=false, autoComplete=false, imeOptions=0, privateImeOptions=null, actionName=UNSPECIFIED, actionLabel=null, initialSelStart=-1, initialSelEnd=-1, initialCapsMode=0, label=null, fieldId=-1, fieldName=null, extras=Bundle[{displayId=0}], hintText=null, hintLocales=[]}}, false)
09-25 13:19:25.763   586   586 I GoogleInputMethodService: GoogleInputMethodService.updateDeviceLockedStatus():2097 repeatCheckTimes = 1, locked = false
09-25 13:19:25.767  3108  3145 D InputDispatcher: Focused application(0): ActivityRecord{c03cdfe u0 com.example.dogglers/androidx.test.core.app.InstrumentationActivityInvoker$EmptyActivity} t7114}
09-25 13:19:25.768  3108 29076 D RemoteAppTaskWatcher:  ****** RemoteAppTaskWatcher: Message Received 5 Task ID = 0
09-25 13:19:25.772  5639  5639 D LifecycleMonitor: Lifecycle status change: androidx.test.core.app.InstrumentationActivityInvoker$EmptyActivity@a0f7aa4 in: PRE_ON_CREATE
09-25 13:19:25.772  5639  5639 V ActivityScenario: Activity lifecycle changed event received but ignored because the intent does not match. startActivityIntent=Intent { act=android.intent.action.MAIN cat=[android.intent.category.LAUNCHER] cmp=com.example.dogglers/.GridListActivity }, activity.getIntent()=Intent { act=android.intent.action.MAIN cat=[android.intent.category.LAUNCHER] flg=0x10000000 cmp=com.example.dogglers/androidx.test.core.app.InstrumentationActivityInvoker$EmptyActivity }, activity=androidx.test.core.app.InstrumentationActivityInvoker$EmptyActivity@a0f7aa4
09-25 13:19:25.772  6586  6586 I SAMSUNGWALLET-USBP: [AlertController] Boarding pass alert is not enabled
09-25 13:19:25.772  1914  1914 I Layer   : id=162323 removedFromDrawingState Surface(name=6a358c3 InputMethod)/@0x1a6cc79 - animation-leash of insets_animation#162323 (344)
09-25 13:19:25.772  1914  1914 I SurfaceFlinger: [e4a1f7c com.example.dogglers/androidx.test.core.app.InstrumentationActivityInvoker$EmptyActivity#162326] FrameRatePriority: -1
09-25 13:19:25.772  6586  6586 I SAMSUNGWALLET-USBP: [AlertController] dismiss alert: NO_ALERT
09-25 13:19:25.773  3108  3230 I SemPersonaManager: SecureFolder personaId = 150
09-25 13:19:25.774 15715 15751 I WindowsLink: (TaskInfoManager) +++++++++++onRecentTaskStackUpdated
09-25 13:19:25.775  5639  5639 I DecorView: [INFO] isPopOver=false config=true
09-25 13:19:25.775  5639  5639 I DecorView: updateCaptionType: isFloating=false isApplication=true hasWindowDecorCaption=false this=DecorView@41a4dd3[]
09-25 13:19:25.775  5639  5639 D DecorView: setCaptionType = 0, this = DecorView@41a4dd3[]
09-25 13:19:25.775  5639  5639 I DecorView: getCurrentDensityDpi: from real metrics. densityDpi=560 msg=resources_loaded
09-25 13:19:25.776  5639  5639 I DecorView: setWindowBackground: isPopOver=false color=ff010101 d=android.graphics.drawable.StateListDrawable@71b9d10
09-25 13:19:25.776  5639  5639 D LifecycleMonitor: Lifecycle status change: androidx.test.core.app.InstrumentationActivityInvoker$EmptyActivity@a0f7aa4 in: CREATED
09-25 13:19:25.776  5639  5639 V ActivityScenario: Activity lifecycle changed event received but ignored because the intent does not match. startActivityIntent=Intent { act=android.intent.action.MAIN cat=[android.intent.category.LAUNCHER] cmp=com.example.dogglers/.GridListActivity }, activity.getIntent()=Intent { act=android.intent.action.MAIN cat=[android.intent.category.LAUNCHER] flg=0x10000000 cmp=com.example.dogglers/androidx.test.core.app.InstrumentationActivityInvoker$EmptyActivity }, activity=androidx.test.core.app.InstrumentationActivityInvoker$EmptyActivity@a0f7aa4
09-25 13:19:25.776  5639  5639 D LifecycleMonitor: Lifecycle status change: androidx.test.core.app.InstrumentationActivityInvoker$EmptyActivity@a0f7aa4 in: STARTED
09-25 13:19:25.776  5639  5639 V ActivityScenario: Activity lifecycle changed event received but ignored because the intent does not match. startActivityIntent=Intent { act=android.intent.action.MAIN cat=[android.intent.category.LAUNCHER] cmp=com.example.dogglers/.GridListActivity }, activity.getIntent()=Intent { act=android.intent.action.MAIN cat=[android.intent.category.LAUNCHER] flg=0x10000000 cmp=com.example.dogglers/androidx.test.core.app.InstrumentationActivityInvoker$EmptyActivity }, activity=androidx.test.core.app.InstrumentationActivityInvoker$EmptyActivity@a0f7aa4
09-25 13:19:25.777  5639  5639 D LifecycleMonitor: Lifecycle status change: androidx.test.core.app.InstrumentationActivityInvoker$EmptyActivity@a0f7aa4 in: RESUMED
09-25 13:19:25.777  5639  5639 V ActivityScenario: Activity lifecycle changed event received but ignored because the intent does not match. startActivityIntent=Intent { act=android.intent.action.MAIN cat=[android.intent.category.LAUNCHER] cmp=com.example.dogglers/.GridListActivity }, activity.getIntent()=Intent { act=android.intent.action.MAIN cat=[android.intent.category.LAUNCHER] flg=0x10000000 cmp=com.example.dogglers/androidx.test.core.app.InstrumentationActivityInvoker$EmptyActivity }, activity=androidx.test.core.app.InstrumentationActivityInvoker$EmptyActivity@a0f7aa4
09-25 13:19:25.777  5639  5639 I MSHandlerLifeCycle: check: return. pkg=com.example.dogglers parent=null callers=com.android.internal.policy.DecorView.setVisibility:4412 android.app.ActivityThread.handleResumeActivity:5476 android.app.servertransaction.ResumeActivityItem.execute:54 android.app.servertransaction.ActivityTransactionItem.execute:45 android.app.servertransaction.TransactionExecutor.executeLifecycleState:176
09-25 13:19:25.777  5639  5639 I MSHandlerLifeCycle: removeMultiSplitHandler: no exist. decor=DecorView@41a4dd3[]
09-25 13:19:25.777  3108  3230 D EnterpriseDeviceManagerService: isMdmAdminPresentInternal() : MDM Admin Found - com.samsung.knox.securefolder
09-25 13:19:25.778  5639  5729 D NativeCustomFrequencyManager: [NativeCFMS] BpCustomFrequencyManager::BpCustomFrequencyManager()
09-25 13:19:25.779  3108  6142 I MediaSessionMonitor: Media session stopped : controllerList empty
09-25 13:19:25.779  8423  8423 I ActivityUtils: HomePackage : com.sec.android.app.launcher, resumePackageName : com.example.dogglers
09-25 13:19:25.781  3108  6472 D InputTransport: Input channel constructed: 'ae309c8', fd=1289
09-25 13:19:25.781  3108  6472 D InputTransport: Input channel constructed: 'ae309c8', fd=1292
09-25 13:19:25.781  3108  6472 D InputTransport: Input channel constructed: 'ae309c8', fd=1293
09-25 13:19:25.781  1914  3193 I SurfaceFlinger: id=162333 createSurf, flag=80004, ae309c8 com.example.dogglers/androidx.test.core.app.InstrumentationActivityInvoker$EmptyActivity#162333
09-25 13:19:25.781  3108  3145 D InputDispatcher: Focus request (0): <null> but waiting because NOT_FOCUSABLE
09-25 13:19:25.781  3108  3145 D InputDispatcher: Focus left window (0): e4a1f7c com.example.dogglers/androidx.test.core.app.InstrumentationActivityInvoker$EmptyActivity
09-25 13:19:25.783  3108  6472 D InputTransport: Input channel destroyed: 'ae309c8', fd=1293
