09-25 13:19:23.051  5639  5703 I TestRunner: started: recycler_view_item_count(com.example.dogglers.GridListTests)
09-25 13:19:23.052  3108 29076 D RemoteAppTaskWatcher:  ****** RemoteAppTaskWatcher: Message Received 3 Task ID = 7110
09-25 13:19:23.052  3108 29076 D RemoteAppTaskWatcher:  ****** RemoteAppTaskWatcher: Message Received 3 Task ID = 7110
09-25 13:19:23.054  5759  6241 E pageboostd: comquizletquizletandroid, amt 103333888 scnt 353 fcnt 42
09-25 13:19:23.054  5759  6241 E pageboostd: prefetch end : app comquizletquizletandroid data_amount 103333888
09-25 13:19:23.054  5369  5369 I RecentsView: onTaskRemoved() taskId : 7110
09-25 13:19:23.054  5369  5369 I TopTaskTracker: onTaskRemoved : taskId = 7110
09-25 13:19:23.054  5369  5369 I RecentsView: onTaskRemoved() taskId : 7110
09-25 13:19:23.054  5369  5369 I TopTaskTracker: onTaskRemoved : taskId = 7110
09-25 13:19:23.054  5639  5703 W Settings: Setting always_finish_activities has moved from android.provider.Settings.System to android.provider.Settings.Global, returning read-only value.
09-25 13:19:23.055  1914  1914 I Layer   : id=162173 removedFromDrawingState ActivityRecord{d1c6c40 u0 com.example.dogglers/androidx.test.core.app.InstrumentationActivityInvoker$EmptyActivity} t7110}#162173 (331)
09-25 13:19:23.055  1914  1914 I Layer   : id=162174 removedFromDrawingState a4d1bc3 ActivityRecordInputSink com.example.dogglers/androidx.test.core.app.InstrumentationActivityInvoker$EmptyActivity#162174 (331)
09-25 13:19:23.055  1914  1914 I Layer   : id=162168 removedFromDrawingState com.example.dogglers/com.example.dogglers.MainActivity$_5639#162168 (331)
09-25 13:19:23.055  1914  1914 I Layer   : id=162167 removedFromDrawingState 2a1efe3 com.example.dogglers/com.example.dogglers.MainActivity#162167 (331)
09-25 13:19:23.055  1914  1914 I Layer   : id=162162 removedFromDrawingState ActivityRecord{43566f1 u0 com.example.dogglers/.MainActivity} t7110}#162162 (331)
09-25 13:19:23.055  1914  1914 I Layer   : id=162166 removedFromDrawingState d317e98 ActivityRecordInputSink com.example.dogglers/.MainActivity#162166 (331)
09-25 13:19:23.055  1914  1914 I Layer   : id=162159 removedFromDrawingState ActivityRecord{1a7e8b u0 com.example.dogglers/androidx.test.core.app.InstrumentationActivityInvoker$BootstrapActivity} t7110}#162159 (331)
09-25 13:19:23.055  1914  1914 I Layer   : id=162165 removedFromDrawingState 5882c5a ActivityRecordInputSink com.example.dogglers/androidx.test.core.app.InstrumentationActivityInvoker$BootstrapActivity#162165 (331)
09-25 13:19:23.055  1914  1914 I Layer   : id=162158 removedFromDrawingState Task=7110#162158 (331)
09-25 13:19:23.055  1914  1914 I Layer   : id=162194 removedFromDrawingState Task=7110#162194 (331)
09-25 13:19:23.055  1914  1914 I SurfaceFlinger: id=162162 Removed ActivityRecord{43566f1 u0 com.example.dogglers/.MainActivity} t7110}#162162 (331)
09-25 13:19:23.055  1914  1914 I SurfaceFlinger: id=162159 Removed ActivityRecord{1a7e8b u0 com.example.dogglers/androidx.test.core.app.InstrumentationActivityInvoker$BootstrapActivity} t7110}#162159 (331)
09-25 13:19:23.055  1914  1914 I SurfaceFlinger: id=162194 Removed Task=7110#162194 (331)
09-25 13:19:23.055  1914  1914 I SurfaceFlinger: id=162173 Removed ActivityRecord{d1c6c40 u0 com.example.dogglers/androidx.test.core.app.InstrumentationActivityInvoker$EmptyActivity} t7110}#162173 (331)
09-25 13:19:23.055  1914  1914 I SurfaceFlinger: id=162168 Removed com.example.dogglers/com.example.dogglers.MainActivity$_5639#162168 (331)
09-25 13:19:23.055  1914  1914 I SurfaceFlinger: id=162167 Removed 2a1efe3 com.example.dogglers/com.example.dogglers.MainActivity#162167 (331)
09-25 13:19:23.055  1914  1914 I Layer   : id=162194 Destroyed Task=7110#162194
09-25 13:19:23.055  1914  1914 I Layer   : id=162167 Destroyed 2a1efe3 com.example.dogglers/com.example.dogglers.MainActivity#162167
09-25 13:19:23.055  1914  1914 I Layer   : id=162168 Destroyed com.example.dogglers/com.example.dogglers.MainActivity$_5639#162168
09-25 13:19:23.055  1914  1914 I Layer   : id=162159 Destroyed ActivityRecord{1a7e8b u0 com.example.dogglers/androidx.test.core.app.InstrumentationActivityInvoker$BootstrapActivity} t7110}#162159
09-25 13:19:23.055  1914  1914 I Layer   : id=162165 Destroyed 5882c5a ActivityRecordInputSink com.example.dogglers/androidx.test.core.app.InstrumentationActivityInvoker$BootstrapActivity#162165
09-25 13:19:23.055  1914  1914 I Layer   : id=162162 Destroyed ActivityRecord{43566f1 u0 com.example.dogglers/.MainActivity} t7110}#162162
09-25 13:19:23.055  1914  1914 I Layer   : id=162166 Destroyed d317e98 ActivityRecordInputSink com.example.dogglers/.MainActivity#162166
09-25 13:19:23.055  1914  1914 I Layer   : id=162173 Destroyed ActivityRecord{d1c6c40 u0 com.example.dogglers/androidx.test.core.app.InstrumentationActivityInvoker$EmptyActivity} t7110}#162173
09-25 13:19:23.055  1914  1914 I Layer   : id=162174 Destroyed a4d1bc3 ActivityRecordInputSink com.example.dogglers/androidx.test.core.app.InstrumentationActivityInvoker$EmptyActivity#162174
09-25 13:19:23.058  3108  3230 I ChimeraSystemEventListener: appLaunchIntent package name is: com.example.dogglers
09-25 13:19:23.059  3108  5688 I SemDvfsHyPerManager: acquire hyper - AMS_APP_SWITCH/3108@23, type = -999
09-25 13:19:23.059  3108 29076 D RemoteAppTaskWatcher:  ****** RemoteAppTaskWatcher: Message Received 0 Task ID = 7111
09-25 13:19:23.059  1809  1855 I HYPER-HAL: [RequestManager.cpp]acquire(): Acquired ID : 4903169  [3108 / 23]    HINT : AMS_APP_SWITCH    list :
09-25 13:19:23.060  1914  2140 I SurfaceFlinger: id=162195 createSurf, flag=24004, Task=7111#162195
09-25 13:19:23.061  8328  8328 I SemDvfsHyPerManager: acquire hyper - APP_START_SHORT/8328@19, type = -999
09-25 13:19:23.062  1914  2140 I SurfaceFlinger: id=162196 createSurf, flag=80004, ActivityRecord{6f5eee4 u0 com.example.dogglers/androidx.test.core.app.InstrumentationActivityInvoker$BootstrapActivity} t7111}#162196
09-25 13:19:23.064  1809  1855 I HYPER-HAL: [RequestManager.cpp]acquire(): Acquired ID : 34840397  [8328 / 19]    HINT : APP_START_LOW_HEAT    list : [TIMEOUT / 1500]
09-25 13:19:23.066  2229  7168 I CameraService: onUidStateChanged: uid=10042, procState is changed. (0 -> 1)
09-25 13:19:23.067  4768  4851 D NativeCustomFrequencyManager: [NativeCFMS] BpCustomFrequencyManager::BpCustomFrequencyManager()
09-25 13:19:23.068  3108  6472 I SemDvfsHyPerManager: acquire hyper - AMS_APP_LAUNCH/3108@19, type = -999
09-25 13:19:23.069  1809  1855 I HYPER-HAL: [RequestManager.cpp]acquire(): Acquired ID : 4890647  [3108 / 19]    HINT : AMS_APP_LAUNCH    list :
09-25 13:19:23.070  8328  8328 I SemDvfsHyPerManager: acquire hyper - APP_START/8328@21, type = -999
09-25 13:19:23.070  1809  1855 I HYPER-HAL: [RequestManager.cpp]acquire(): Acquired ID : 34857096  [8328 / 21]    HINT : APP_START_LOW_HEAT    list :
09-25 13:19:23.070  3108 29076 D RemoteAppTaskWatcher:  ****** RemoteAppTaskWatcher: Message Received 4 Task ID = 7111
09-25 13:19:23.070  3108 29076 D RemoteAppTaskWatcher:  ****** RemoteAppTaskWatcher: Message Received 0 Task ID = 7111
09-25 13:19:23.073  5369  5369 I BaseActivity: removeActivityFlags, flags : 16
09-25 13:19:23.074  5369  5369 I BaseActivity: removeActivityFlags, flags : 6
09-25 13:19:23.074  5369  5369 I DragController: endDrag
09-25 13:19:23.074  5369  5369 W LauncherAppWidgetHost: setShouldListenFlag, mFlags:15 flag:resume on:false isFront:false
09-25 13:19:23.074  5369  5369 I SPayUpdater: updateSpayHandler launcher activity is paused false
09-25 13:19:23.074  5369 11129 I WidgetRotationImpl: unsubscribeWidgetFocus 80
09-25 13:19:23.074  3108  6456 D InputTransport: Input channel constructed: 'f22f96f', fd=1065
09-25 13:19:23.074  3108  6456 D InputTransport: Input channel constructed: 'f22f96f', fd=1239
09-25 13:19:23.074  5759  5759 E pageboostd: Received HALT command code 2
09-25 13:19:23.074  3108  6456 D InputTransport: Input channel constructed: 'f22f96f', fd=1249
09-25 13:19:23.074  1914  2140 I SurfaceFlinger: id=162197 createSurf, flag=80004, f22f96f Splash Screen com.example.dogglers#162197
09-25 13:19:23.075  5369 11129 I IntelligentPlatformManagerImpl: unsubscribeWidgetFocus() id : 80
09-25 13:19:23.077  3108  6456 D InputTransport: Input channel destroyed: 'f22f96f', fd=1249
09-25 13:19:23.077  4768  4843 D InsetsController: onStateChanged: InsetsState: {mDisplayFrame=Rect(0, 0 - 1440, 3088), mDisplayCutout=DisplayCutout{insets=Rect(0, 100 - 0, 0) waterfall=Insets{left=0, top=0, right=0, bottom=0} boundingRect={Bounds=[Rect(0, 0 - 0, 0), Rect(685, 0 - 756, 100), Rect(0, 0 - 0, 0), Rect(0, 0 - 0, 0)]} cutoutPathParserInfo={CutoutPathParserInfo{displayWidth=1440 displayHeight=3088 physicalDisplayWidth=1440 physicalDisplayHeight=3088 density={3.75} cutoutSpec={M 0,0 H -9.466666666666667 V 26.66666666666667‬ H 9.466666666666667 V 0 H 0 Z @dp} rotation={0} scale={1.0} physicalPixelDisplaySizeRatio={1.0}}}}, mRoundedCorners=RoundedCorners{[RoundedCorner{position=TopLeft, radius=14, center=Point(14, 14)}, RoundedCorner{position=TopRight, radius=14, center=Point(1426, 14)}, RoundedCorner{position=BottomRight, radius=14, center=Point(1426, 3074)}, RoundedCorner{position=BottomLeft, radius=14, center=Point(14, 3074)}]}  mRoundedCornerFrame=Rect(0, 0 - 1440, 3088), mPrivacyIndicatorBounds=PrivacyIndicatorBounds {static bounds=Rect(1286, 0 - 1440, 100) rotation=0}, mSources= { InsetsSource: {mType=ITYPE_STATUS_BAR, mFrame=[0,0][1440,100], mVisible=true, mInsetsRoundedCornerFrame=false}, InsetsSource: {mType=ITYPE_NAVIGATION_BAR, mFrame=[0,3088][1440,3088], mVisible=true, mInsetsRoundedCornerFrame=false}, InsetsSource: {mType=ITYPE_LEFT_GESTURES, mFrame=[0,0][0,3088], mVisible=true, mInsetsRoundedCornerFrame=false}, InsetsSource: {mType=ITYPE_RIGHT_GESTURES, mFrame=[1440,0][1440,3088], mVisible=true, mInsetsRoundedCornerFrame=false}, InsetsSource: {mType=ITYPE_TOP_MANDATORY_GESTURES, mFrame=[0,0][1440,142], mVisible=true, mInsetsRoundedCornerFrame=false}, InsetsSource: {mType=ITYPE_BOTTOM_MANDATORY_GESTURES, mFrame=[0,3018][1440,3088], mVisible=true, mInsetsRoundedCornerFrame=false}, InsetsSource: {mType=ITYPE_LEFT_DISPLAY_CUTOUT, mFrame=[0,0][-100000,3088], mVisible=true, mInsetsRoundedCornerFrame=false}, InsetsSource: {mType=ITYPE_TOP_DISPLAY_CUTOUT, mFrame=[0,0][1440,100], mVisible=true, mInsetsRoundedCornerFrame=false}, InsetsSource: {mType=ITYPE_RIGHT_DISPLAY_CUTOUT, mFrame=[100000,0][1440,3088], mVisible=true, mInsetsRoundedCornerFrame=false}, InsetsSource: {mType=ITYPE_BOTTOM_DISPLAY_CUTOUT, mFrame=[0,100000][1440,3088], mVisible=true, mInsetsRoundedCornerFrame=false}, InsetsSource: {mType=ITYPE_TOP_TAPPABLE_ELEMENT, mFrame=[0,0][1440,100], mVisible=true, mInsetsRoundedCornerFrame=false}, InsetsSource: {mType=ITYPE_BOTTOM_TAPPABLE_ELEMENT, mFrame=[0,0][0,0], mVisible=true, mInsetsRoundedCornerFrame=false} } host=Splash Screen com.example.dogglers from=android.view.ViewRootImpl.setView:1732
09-25 13:19:23.080  3108  6472 D InputDispatcher: Focused application(0): ActivityRecord{6f5eee4 u0 com.example.dogglers/androidx.test.core.app.InstrumentationActivityInvoker$BootstrapActivity} t7111}
09-25 13:19:23.082  3108 29076 D RemoteAppTaskWatcher:  ****** RemoteAppTaskWatcher: Message Received 5 Task ID = 0
09-25 13:19:23.083  5369  5369 I TopTaskTracker: onTaskMovedToFront : taskId = 7111
09-25 13:19:23.084  3108  4605 D AS.MultiSoundManager: mForegroundUid = 10577
09-25 13:19:23.086  5639  5639 D LifecycleMonitor: Lifecycle status change: androidx.test.core.app.InstrumentationActivityInvoker$BootstrapActivity@995cc7f in: PRE_ON_CREATE
09-25 13:19:23.086  5639  5639 V ActivityScenario: Activity lifecycle changed event received but ignored because the intent does not match. startActivityIntent=Intent { act=android.intent.action.MAIN cat=[android.intent.category.LAUNCHER] cmp=com.example.dogglers/.GridListActivity }, activity.getIntent()=Intent { act=android.intent.action.MAIN cat=[android.intent.category.LAUNCHER] flg=0x10008000 cmp=com.example.dogglers/androidx.test.core.app.InstrumentationActivityInvoker$BootstrapActivity (has extras) }, activity=androidx.test.core.app.InstrumentationActivityInvoker$BootstrapActivity@995cc7f
09-25 13:19:23.086  4768  4843 I ViewRootImpl@48284ca[dogglers]: setView = android.widget.FrameLayout@bac2396 TM=true
09-25 13:19:23.087  4768  4843 I ViewRootImpl@48284ca[dogglers]: performTraversals params={(0,0)(fillxfill) sim={adjust=pan} ty=APPLICATION_STARTING fmt=TRANSLUCENT wanim=0x1030001
09-25 13:19:23.087  4768  4843 I ViewRootImpl@48284ca[dogglers]:   fl=81030118
09-25 13:19:23.087  4768  4843 I ViewRootImpl@48284ca[dogglers]:   pfl=16000010
09-25 13:19:23.087  4768  4843 I ViewRootImpl@48284ca[dogglers]:   bhv=DEFAULT
09-25 13:19:23.087  4768  4843 I ViewRootImpl@48284ca[dogglers]:   fitSides= naviIconColor=0}
09-25 13:19:23.087  4768  4843 I ViewRootImpl@48284ca[dogglers]: performTraversals mFirst=true windowShouldResize=true viewVisibilityChanged=false mForceNextWindowRelayout=false params={(0,0)(fillxfill) sim={adjust=pan} ty=APPLICATION_STARTING fmt=TRANSLUCENT wanim=0x1030001
09-25 13:19:23.087  4768  4843 I ViewRootImpl@48284ca[dogglers]:   fl=81030118
09-25 13:19:23.087  4768  4843 I ViewRootImpl@48284ca[dogglers]:   pfl=16000010
09-25 13:19:23.087  4768  4843 I ViewRootImpl@48284ca[dogglers]:   bhv=DEFAULT
09-25 13:19:23.087  4768  4843 I ViewRootImpl@48284ca[dogglers]:   fitSides= naviIconColor=0}
09-25 13:19:23.088  1914  1914 I SurfaceFlinger: [c7375dc com.sec.android.app.launcher/com.sec.android.app.launcher.activities.LauncherActivity#176] FrameRatePriority: -1
09-25 13:19:23.088  6586 25742 I SAMSUNGWALLET: [Hint_ProcessStatusChange] fg Change, pid : 5639 , isNotify : false , isForeground : true , fg list : []
09-25 13:19:23.088  3108  6472 V WindowManager: Relayout Window{f22f96f u0 Splash Screen com.example.dogglers}: viewVisibility=0 req=1440x3088 d0
09-25 13:19:23.088  6586 25742 I SAMSUNGWALLET: [ProcessStatusChange] fg Change, pid : 5639 , isNotify : false , isForeground : true , fg list : []
09-25 13:19:23.088  1914  2140 I SurfaceFlinger: id=162198 createSurf, flag=40004, Splash Screen com.example.dogglers$_4768#162198
09-25 13:19:23.090  3108  3146 D InputDispatcher: Focus request (0): <null> but waiting because NOT_FOCUSABLE
09-25 13:19:23.090  3108  3146 D InputDispatcher: Focus left window (0): c7375dc com.sec.android.app.launcher/com.sec.android.app.launcher.activities.LauncherActivity
09-25 13:19:23.091  5369  5369 I ViewRootImpl@7533534[LauncherActivity]: MSG_WINDOW_FOCUS_CHANGED 0 0
09-25 13:19:23.091  5369  5369 I BaseActivity: removeActivityFlags, flags : 8
09-25 13:19:23.091  5639  5639 I DecorView: [INFO] isPopOver=false config=true
09-25 13:19:23.091  5639  5639 I DecorView: updateCaptionType: isFloating=false isApplication=true hasWindowDecorCaption=false this=DecorView@a1e01aa[]
09-25 13:19:23.091  5639  5639 D DecorView: setCaptionType = 0, this = DecorView@a1e01aa[]
09-25 13:19:23.092  3108  6472 V WindowManager: Relayout hash=f22f96f, pid=4768, syncId=-1: mAttrs={(0,0)(fillxfill) sim={adjust=pan} ty=APPLICATION_STARTING fmt=TRANSLUCENT wanim=0x1030001
09-25 13:19:23.092  3108  6472 V WindowManager:   fl=81030118
09-25 13:19:23.092  3108  6472 V WindowManager:   pfl=16000010
09-25 13:19:23.092  3108  6472 V WindowManager:   bhv=DEFAULT
09-25 13:19:23.092  3108  6472 V WindowManager:   fitSides= naviIconColor=0}
09-25 13:19:23.092  5639  5639 I DecorView: getCurrentDensityDpi: from real metrics. densityDpi=560 msg=resources_loaded
09-25 13:19:23.092  5639  5639 I DecorView: setWindowBackground: isPopOver=false color=ff010101 d=android.graphics.drawable.StateListDrawable@6c4b19b
09-25 13:19:23.093  5639  5639 D LifecycleMonitor: Lifecycle status change: androidx.test.core.app.InstrumentationActivityInvoker$BootstrapActivity@995cc7f in: CREATED
09-25 13:19:23.093  5639  5639 V ActivityScenario: Activity lifecycle changed event received but ignored because the intent does not match. startActivityIntent=Intent { act=android.intent.action.MAIN cat=[android.intent.category.LAUNCHER] cmp=com.example.dogglers/.GridListActivity }, activity.getIntent()=Intent { act=android.intent.action.MAIN cat=[android.intent.category.LAUNCHER] flg=0x10008000 cmp=com.example.dogglers/androidx.test.core.app.InstrumentationActivityInvoker$BootstrapActivity (has extras) }, activity=androidx.test.core.app.InstrumentationActivityInvoker$BootstrapActivity@995cc7f
09-25 13:19:23.093  4768  4843 D InsetsController: onStateChanged: InsetsState: {mDisplayFrame=Rect(0, 0 - 1440, 3088), mDisplayCutout=DisplayCutout{insets=Rect(0, 100 - 0, 0) waterfall=Insets{left=0, top=0, right=0, bottom=0} boundingRect={Bounds=[Rect(0, 0 - 0, 0), Rect(685, 0 - 756, 100), Rect(0, 0 - 0, 0), Rect(0, 0 - 0, 0)]} cutoutPathParserInfo={CutoutPathParserInfo{displayWidth=1440 displayHeight=3088 physicalDisplayWidth=1440 physicalDisplayHeight=3088 density={3.75} cutoutSpec={M 0,0 H -9.466666666666667 V 26.66666666666667‬ H 9.466666666666667 V 0 H 0 Z @dp} rotation={0} scale={1.0} physicalPixelDisplaySizeRatio={1.0}}}}, mRoundedCorners=RoundedCorners{[RoundedCorner{position=TopLeft, radius=14, center=Point(14, 14)}, RoundedCorner{position=TopRight, radius=14, center=Point(1426, 14)}, RoundedCorner{position=BottomRight, radius=14, center=Point(1426, 3074)}, RoundedCorner{position=BottomLeft, radius=14, center=Point(14, 3074)}]}  mRoundedCornerFrame=Rect(0, 0 - 1440, 3088), mPrivacyIndicatorBounds=PrivacyIndicatorBounds {static bounds=Rect(1286, 0 - 1440, 100) rotation=0}, mSources= { InsetsSource: {mType=ITYPE_STATUS_BAR, mFrame=[0,0][1440,100], mVisible=true, mInsetsRoundedCornerFrame=false}, InsetsSource: {mType=ITYPE_NAVIGATION_BAR, mFrame=[0,3088][1440,3088], mVisible=true, mInsetsRoundedCornerFrame=false}, InsetsSource: {mType=ITYPE_LEFT_GESTURES, mFrame=[0,0][0,3088], mVisible=true, mInsetsRoundedCornerFrame=false}, InsetsSource: {mType=ITYPE_RIGHT_GESTURES, mFrame=[1440,0][1440,3088], mVisible=true, mInsetsRoundedCornerFrame=false}, InsetsSource: {mType=ITYPE_TOP_MANDATORY_GESTURES, mFrame=[0,0][1440,142], mVisible=true, mInsetsRoundedCornerFrame=false}, InsetsSource: {mType=ITYPE_BOTTOM_MANDATORY_GESTURES, mFrame=[0,3018][1440,3088], mVisible=true, mInsetsRoundedCornerFrame=false}, InsetsSource: {mType=ITYPE_LEFT_DISPLAY_CUTOUT, mFrame=[0,0][-100000,3088], mVisible=true, mInsetsRoundedCornerFrame=false}, InsetsSource: {mType=ITYPE_TOP_DISPLAY_CUTOUT, mFrame=[0,0][1440,100], mVisible=true, mInsetsRoundedCornerFrame=false}, InsetsSource: {mType=ITYPE_RIGHT_DISPLAY_CUTOUT, mFrame=[100000,0][1440,3088], mVisible=true, mInsetsRoundedCornerFrame=false}, InsetsSource: {mType=ITYPE_BOTTOM_DISPLAY_CUTOUT, mFrame=[0,100000][1440,3088], mVisible=true, mInsetsRoundedCornerFrame=false}, InsetsSource: {mType=ITYPE_TOP_TAPPABLE_ELEMENT, mFrame=[0,0][1440,100], mVisible=true, mInsetsRoundedCornerFrame=false}, InsetsSource: {mType=ITYPE_BOTTOM_TAPPABLE_ELEMENT, mFrame=[0,0][0,0], mVisible=true, mInsetsRoundedCornerFrame=false}, InsetsSource: {mType=ITYPE_IME, mFrame=[0,0][0,0], mVisibleFrame=[0,3088][1440,3088], mVisible=false, mInsetsRoundedCornerFrame=false} } host=Splash Screen com.example.dogglers from=android.view.ViewRootImpl.relayoutWindow:9802
09-25 13:19:23.093  4768  4843 I ViewRootImpl@48284ca[dogglers]: updateBlastSurfaceIfNeeded mBlastBufferQueue=null isSameSurfaceControl=false
09-25 13:19:23.093  5639  5639 D LifecycleMonitor: Lifecycle status change: androidx.test.core.app.InstrumentationActivityInvoker$BootstrapActivity@995cc7f in: STARTED
09-25 13:19:23.093  5639  5639 V ActivityScenario: Activity lifecycle changed event received but ignored because the intent does not match. startActivityIntent=Intent { act=android.intent.action.MAIN cat=[android.intent.category.LAUNCHER] cmp=com.example.dogglers/.GridListActivity }, activity.getIntent()=Intent { act=android.intent.action.MAIN cat=[android.intent.category.LAUNCHER] flg=0x10008000 cmp=com.example.dogglers/androidx.test.core.app.InstrumentationActivityInvoker$BootstrapActivity (has extras) }, activity=androidx.test.core.app.InstrumentationActivityInvoker$BootstrapActivity@995cc7f
09-25 13:19:23.093  4768  4843 I BLASTBufferQueue: new BLASTBufferQueue, mName= ViewRootImpl@48284ca[dogglers] mNativeObject= 0xb400007705019c80 sc.mNativeObject= 0xb400007721bd2d40 caller= android.view.ViewRootImpl.updateBlastSurfaceIfNeeded:2909 android.view.ViewRootImpl.relayoutWindow:9847 android.view.ViewRootImpl.performTraversals:3884 android.view.ViewRootImpl.doTraversal:3116 android.view.ViewRootImpl$TraversalRunnable.run:10885 android.view.Choreographer$CallbackRecord.run:1301 android.view.Choreographer$CallbackRecord.run:1309 android.view.Choreographer.doCallbacks:923 android.view.Choreographer.doFrame:852 android.view.Choreographer$FrameDisplayEventReceiver.run:1283
09-25 13:19:23.093  4768  4843 I BLASTBufferQueue: update, w= 1440 h= 3088 mName = ViewRootImpl@48284ca[dogglers] mNativeObject= 0xb400007705019c80 sc.mNativeObject= 0xb400007721bd2d40 format= -3 caller= android.graphics.BLASTBufferQueue.<init>:84 android.view.ViewRootImpl.updateBlastSurfaceIfNeeded:2909 android.view.ViewRootImpl.relayoutWindow:9847 android.view.ViewRootImpl.performTraversals:3884 android.view.ViewRootImpl.doTraversal:3116 android.view.ViewRootImpl$TraversalRunnable.run:10885
09-25 13:19:23.094  4768  4843 I ViewRootImpl@48284ca[dogglers]: Relayout returned: old=(0,0,1440,3088) new=(0,0,1440,3088) req=(1440,3088)0 dur=6 res=0x3 s={true 0xb400007700283000} ch=true seqId=0
09-25 13:19:23.094  3108  3230 I SemPersonaManager: SecureFolder personaId = 150
09-25 13:19:23.094  4768  4843 I ViewRootImpl@48284ca[dogglers]: performConfigurationChange setNightDimText nightDimLevel=0
09-25 13:19:23.094  4768  4843 I ViewRootImpl@48284ca[dogglers]: mThreadedRenderer.initialize() mSurface={isValid=true 0xb400007700283000} hwInitialized=true
09-25 13:19:23.094  4768  4851 D OpenGLRenderer: eglCreateWindowSurface
09-25 13:19:23.094  8130  8237 I [AirCmd]_ActivitySwitchDetector: onTaskFocusChanged : taskId 7111
09-25 13:19:23.095  1914  2140 I SurfaceFlinger: id=162199 createSurf, flag=80004, ActivityRecord{7405303 u0 com.example.dogglers/.GridListActivity} t7111}#162199
09-25 13:19:23.097  3108  3230 D EnterpriseDeviceManagerService: isMdmAdminPresentInternal() : MDM Admin Found - com.samsung.knox.securefolder
09-25 13:19:23.099  6586 10126 I SAMSUNGWALLET: [Hint_ProcessStatusChange] fg Change, pid : 5639 , isNotify : false , isForeground : true , fg list : []
09-25 13:19:23.099  6586 10126 I SAMSUNGWALLET: [ProcessStatusChange] fg Change, pid : 5639 , isNotify : false , isForeground : true , fg list : []
09-25 13:19:23.099  6586 25742 I SAMSUNGWALLET: [Hint_ProcessStatusChange] fg Change, pid : 5639 , isNotify : false , isForeground : true , fg list : []
09-25 13:19:23.099  6586 25742 I SAMSUNGWALLET: [ProcessStatusChange] fg Change, pid : 5639 , isNotify : false , isForeground : true , fg list : []
09-25 13:19:23.100  5369  5369 I BadgeRenderer: Invalid count : 0
09-25 13:19:23.102  5639  5639 D LifecycleMonitor: Lifecycle status change: androidx.test.core.app.InstrumentationActivityInvoker$BootstrapActivity@995cc7f in: RESUMED
09-25 13:19:23.102  5639  5639 V ActivityScenario: Activity lifecycle changed event received but ignored because the intent does not match. startActivityIntent=Intent { act=android.intent.action.MAIN cat=[android.intent.category.LAUNCHER] cmp=com.example.dogglers/.GridListActivity }, activity.getIntent()=Intent { act=android.intent.action.MAIN cat=[android.intent.category.LAUNCHER] flg=0x10008000 cmp=com.example.dogglers/androidx.test.core.app.InstrumentationActivityInvoker$BootstrapActivity (has extras) }, activity=androidx.test.core.app.InstrumentationActivityInvoker$BootstrapActivity@995cc7f
09-25 13:19:23.102  4768  4843 I ViewRootImpl@48284ca[dogglers]: reportNextDraw android.view.ViewRootImpl.performTraversals:4438 android.view.ViewRootImpl.doTraversal:3116 android.view.ViewRootImpl$TraversalRunnable.run:10885 android.view.Choreographer$CallbackRecord.run:1301 android.view.Choreographer$CallbackRecord.run:1309
09-25 13:19:23.102  4768  4843 I ViewRootImpl@48284ca[dogglers]: Setup new sync id=0
09-25 13:19:23.102  4768  4843 I ViewRootImpl@48284ca[dogglers]: Setting syncFrameCallback
09-25 13:19:23.102  4768  4843 I ViewRootImpl@48284ca[dogglers]: registerCallbacksForSync syncBuffer=false
09-25 13:19:23.102  4768  4860 I ViewRootImpl@48284ca[dogglers]: Received frameDrawingCallback syncResult=0 frameNum=1.
09-25 13:19:23.102  4768  4860 I ViewRootImpl@48284ca[dogglers]: Setting up sync and frameCommitCallback
09-25 13:19:23.104  5639  5639 D LifecycleMonitor: Lifecycle status change: androidx.test.core.app.InstrumentationActivityInvoker$BootstrapActivity@995cc7f in: PAUSED
09-25 13:19:23.104  5639  5639 V ActivityScenario: Activity lifecycle changed event received but ignored because the intent does not match. startActivityIntent=Intent { act=android.intent.action.MAIN cat=[android.intent.category.LAUNCHER] cmp=com.example.dogglers/.GridListActivity }, activity.getIntent()=Intent { act=android.intent.action.MAIN cat=[android.intent.category.LAUNCHER] flg=0x10008000 cmp=com.example.dogglers/androidx.test.core.app.InstrumentationActivityInvoker$BootstrapActivity (has extras) }, activity=androidx.test.core.app.InstrumentationActivityInvoker$BootstrapActivity@995cc7f
09-25 13:19:23.104  8130  8237 I [AirCmd]_ActivitySwitchDetector: onTaskFocusChanged : componentName - ComponentInfo{com.example.dogglers/androidx.test.core.app.InstrumentationActivityInvoker$BootstrapActivity}
09-25 13:19:23.104  8130  8237 I [AirCmd]_ActivitySwitchDetector: onTaskFocusChanged : mTopMostActivity - ComponentInfo{com.sec.android.app.launcher/com.android.launcher3.uioverrides.QuickstepLauncher}
09-25 13:19:23.104  4768  4851 I BLASTBufferQueue: [ViewRootImpl@48284ca[dogglers]#3971](f:0,a:0) onFrameAvailable the first frame is available
09-25 13:19:23.104  8130  8237 I [AirCmd]_CallbackRepeater: stopRepeat : isWorking=false
09-25 13:19:23.104  8130  8237 I [AirCmd]_MediaControlStateMonitor: isForegroundAppSupportsMediaButton : mediaSession is empty
09-25 13:19:23.104  4768  4851 I ViewRootImpl@48284ca[dogglers]: Received frameCommittedCallback lastAttemptedDrawFrameNum=1 didProduceBuffer=true
09-25 13:19:23.106  3108  8626 D InputDispatcher: Focused application(0): ActivityRecord{7405303 u0 com.example.dogglers/.GridListActivity} t7111}
09-25 13:19:23.106  8130  8237 I [AirCmd]_MediaControlStateMonitor: active Notification List is null
09-25 13:19:23.106  8130  8237 I [AirCmd]_RemoteSpenMainController: hasGeneralAction : packageName is com.example.dogglers, activityName is androidx.test.core.app.InstrumentationActivityInvoker$BootstrapActivity, hasActions is false
09-25 13:19:23.106  8130  8237 I [AirCmd]_CameraAvailabilityMonitor: isCameraPreviewOn : mIsCameraPreviewOn is false
09-25 13:19:23.107  5759  5759 E pageboostd: Received HALT command code 2
09-25 13:19:23.107  4768  4851 D OpenGLRenderer: CFMS:: SetUp Pid : 4768    Tid : 4851
09-25 13:19:23.108  3108 29076 D RemoteAppTaskWatcher:  ****** RemoteAppTaskWatcher: Message Received 5 Task ID = 0
09-25 13:19:23.111  4768  4843 I ViewRootImpl@48284ca[dogglers]: onSyncComplete
09-25 13:19:23.111  4768  4843 I ViewRootImpl@48284ca[dogglers]: setupSync seqId=0 mSyncId=0 fn=1 caller=android.view.ViewRootImpl$$ExternalSyntheticLambda11.accept:6 android.window.SurfaceSyncer.lambda$setupSync$1$android-window-SurfaceSyncer:128 android.window.SurfaceSyncer$$ExternalSyntheticLambda1.accept:8 android.window.SurfaceSyncer$SyncSet.checkIfSyncIsComplete:382 android.window.SurfaceSyncer$SyncSet.markSyncReady:359 android.window.SurfaceSyncer.markSyncReady:151 android.view.ViewRootImpl.performTraversals:4503
09-25 13:19:23.111  4768  4843 I ViewRootImpl@48284ca[dogglers]: reportDrawFinished seqId=0 mSyncId=-1 fn=1 mSurfaceChangedTransaction=0xb4000076d69de700
09-25 13:19:23.112 15715 18710 I WindowsLink: (TaskInfoManager) +++++++++++onRecentTaskStackUpdated
09-25 13:19:23.112  8130  8237 I [AirCmd]_CameraAvailabilityMonitor: isCameraPreviewOn : mIsCameraPreviewOn is false
09-25 13:19:23.113  8130  8237 I [AirCmd]_MediaControlStateMonitor: isForegroundAppSupportsMediaButton : mediaSession is empty
09-25 13:19:23.113  8130  8237 I [AirCmd]_MediaControlStateMonitor: active Notification List is null
09-25 13:19:23.113  8130  8237 I [AirCmd]_PenActionRule: getAction : get default action data from remote action because pen action data is null.
09-25 13:19:23.113  8130  8237 I [AirCmd]_ButtonActionDetector: enableDoubleClickDetection: enabled=true, doubleClickWaitInterval=300
09-25 13:19:23.113  8130  8237 I [AirCmd]_RemoteSpenMainController: onSwitch : package is com.example.dogglers   and activity is androidx.test.core.app.InstrumentationActivityInvoker$BootstrapActivity and isBleConnected is false and hasActions is false
09-25 13:19:23.114  3108  6142 I MediaSessionMonitor: Media session stopped : controllerList empty
09-25 13:19:23.114  5639  5639 D LifecycleMonitor: Lifecycle status change: com.example.dogglers.GridListActivity@41dc750 in: PRE_ON_CREATE
09-25 13:19:23.114  5639  5639 V ActivityScenario: Activity lifecycle changed event received but ignored because the reported transition was not ON_CREATE while the last known transition was PRE_ON_CREATE
09-25 13:19:23.117  8423  8423 I ActivityUtils: HomePackage : com.sec.android.app.launcher, resumePackageName : com.example.dogglers
09-25 13:19:23.117  5639  5639 I DecorView: [INFO] isPopOver=false config=true
09-25 13:19:23.117  5639  5639 I DecorView: updateCaptionType: isFloating=false isApplication=true hasWindowDecorCaption=false this=DecorView@b98126[]
09-25 13:19:23.117  5639  5639 D DecorView: setCaptionType = 0, this = DecorView@b98126[]
09-25 13:19:23.118  5639  5639 I DecorView: getCurrentDensityDpi: from real metrics. densityDpi=560 msg=resources_loaded
09-25 13:19:23.118  5639  5639 I DecorView: setWindowBackground: isPopOver=false color=ff121212 d=android.graphics.drawable.ColorDrawable@daeeb14
09-25 13:19:23.118  1914  3193 I SurfaceFlinger: id=162200 createSurf, flag=24000, Surface(name=Task=1)/@0xeddbc98 - animation-leash of app_transition#162200
09-25 13:19:23.121  5639  5639 D LifecycleMonitor: Lifecycle status change: com.example.dogglers.GridListActivity@41dc750 in: CREATED
09-25 13:19:23.121  1914  3193 I SurfaceFlinger: id=162201 createSurf, flag=24004, Surface(name=Task=7111)/@0xb3b1ae - animation-leash of app_transition#162201
09-25 13:19:23.121  5639  5639 V ActivityScenario: Update currentActivityStage to CREATED, currentActivity=com.example.dogglers.GridListActivity@41dc750
09-25 13:19:23.122  5639  5639 D LifecycleMonitor: Lifecycle status change: com.example.dogglers.GridListActivity@41dc750 in: STARTED
09-25 13:19:23.122  5639  5639 V ActivityScenario: Update currentActivityStage to STARTED, currentActivity=com.example.dogglers.GridListActivity@41dc750
09-25 13:19:23.122  5639  5639 D LifecycleMonitor: Lifecycle status change: com.example.dogglers.GridListActivity@41dc750 in: RESUMED
09-25 13:19:23.122  5639  5639 V ActivityScenario: Update currentActivityStage to RESUMED, currentActivity=com.example.dogglers.GridListActivity@41dc750
09-25 13:19:23.122  5639  5639 I MSHandlerLifeCycle: check: return. pkg=com.example.dogglers parent=null callers=com.android.internal.policy.DecorView.setVisibility:4412 android.app.ActivityThread.handleResumeActivity:5476 android.app.servertransaction.ResumeActivityItem.execute:54 android.app.servertransaction.ActivityTransactionItem.execute:45 android.app.servertransaction.TransactionExecutor.executeLifecycleState:176
09-25 13:19:23.122  5639  5639 I MSHandlerLifeCycle: removeMultiSplitHandler: no exist. decor=DecorView@b98126[]
09-25 13:19:23.124  5639  5729 D NativeCustomFrequencyManager: [NativeCFMS] BpCustomFrequencyManager::BpCustomFrequencyManager()
09-25 13:19:23.124  4768  5807 I ViewRootImpl@48284ca[dogglers]: Resizing android.view.ViewRootImpl@7270b17: frame = [0,0][1440,3088] reportDraw = false forceLayout = false syncSeqId = 0
09-25 13:19:23.124  4768  4843 I ViewRootImpl@48284ca[dogglers]: handleResized, msg = 4 frames=ClientWindowFrames{frame=[0,0][1440,3088] display=[0,0][1440,3088] parentFrame=[0,0][0,0] parentClippedByDisplayCutout=false} forceNextWindowRelayout=false displayId=0 resizeMode=-1 frameChanged=false displayFrameChanged=false configChanged=false displayChanged=false
09-25 13:19:23.124  1914  3193 I SurfaceFlinger: id=162202 createSurf, flag=80000, 88e3277 ActivityRecordInputSink com.example.dogglers/androidx.test.core.app.InstrumentationActivityInvoker$BootstrapActivity#162202
09-25 13:19:23.126  1914  3193 I SurfaceFlinger: id=162203 createSurf, flag=80000, c3727b2 ActivityRecordInputSink com.example.dogglers/.GridListActivity#162203
09-25 13:19:23.128  4768  4838 D Bubbles : onLocusVisibilityChanged: LocusId[17_chars] visible=false
09-25 13:19:23.128  3108  4074 D InputTransport: Input channel constructed: 'e828fe5', fd=1249
09-25 13:19:23.129  3108  4074 D InputTransport: Input channel constructed: 'e828fe5', fd=1273
09-25 13:19:23.129  3108  4074 D InputTransport: Input channel constructed: 'e828fe5', fd=1285
09-25 13:19:23.129  1914  3193 I SurfaceFlinger: id=162204 createSurf, flag=80004, e828fe5 com.example.dogglers/com.example.dogglers.GridListActivity#162204
09-25 13:19:23.130  1914  1914 I Layer   : Layer [Splash Screen com.example.dogglers$_4768#162198] hidden!! flag(0)
09-25 13:19:23.130  3108  4074 D InputTransport: Input channel destroyed: 'e828fe5', fd=1285
09-25 13:19:23.131  5639  5639 D InsetsController: onStateChanged: InsetsState: {mDisplayFrame=Rect(0, 0 - 1440, 3088), mDisplayCutout=DisplayCutout{insets=Rect(0, 100 - 0, 0) waterfall=Insets{left=0, top=0, right=0, bottom=0} boundingRect={Bounds=[Rect(0, 0 - 0, 0), Rect(685, 0 - 756, 100), Rect(0, 0 - 0, 0), Rect(0, 0 - 0, 0)]} cutoutPathParserInfo={CutoutPathParserInfo{displayWidth=1440 displayHeight=3088 physicalDisplayWidth=1440 physicalDisplayHeight=3088 density={3.75} cutoutSpec={M 0,0 H -9.466666666666667 V 26.66666666666667‬ H 9.466666666666667 V 0 H 0 Z @dp} rotation={0} scale={1.0} physicalPixelDisplaySizeRatio={1.0}}}}, mRoundedCorners=RoundedCorners{[RoundedCorner{position=TopLeft, radius=14, center=Point(14, 14)}, RoundedCorner{position=TopRight, radius=14, center=Point(1426, 14)}, RoundedCorner{position=BottomRight, radius=14, center=Point(1426, 3074)}, RoundedCorner{position=BottomLeft, radius=14, center=Point(14, 3074)}]}  mRoundedCornerFrame=Rect(0, 0 - 1440, 3088), mPrivacyIndicatorBounds=PrivacyIndicatorBounds {static bounds=Rect(1286, 0 - 1440, 100) rotation=0}, mSources= { InsetsSource: {mType=ITYPE_STATUS_BAR, mFrame=[0,0][1440,100], mVisible=true, mInsetsRoundedCornerFrame=false}, InsetsSource: {mType=ITYPE_NAVIGATION_BAR, mFrame=[0,3088][1440,3088], mVisible=true, mInsetsRoundedCornerFrame=false}, InsetsSource: {mType=ITYPE_LEFT_GESTURES, mFrame=[0,0][0,3088], mVisible=true, mInsetsRoundedCornerFrame=false}, InsetsSource: {mType=ITYPE_RIGHT_GESTURES, mFrame=[1440,0][1440,3088], mVisible=true, mInsetsRoundedCornerFrame=false}, InsetsSource: {mType=ITYPE_TOP_MANDATORY_GESTURES, mFrame=[0,0][1440,142], mVisible=true, mInsetsRoundedCornerFrame=false}, InsetsSource: {mType=ITYPE_BOTTOM_MANDATORY_GESTURES, mFrame=[0,3018][1440,3088], mVisible=true, mInsetsRoundedCornerFrame=false}, InsetsSource: {mType=ITYPE_LEFT_DISPLAY_CUTOUT, mFrame=[0,0][-100000,3088], mVisible=true, mInsetsRoundedCornerFrame=false}, InsetsSource: {mType=ITYPE_TOP_DISPLAY_CUTOUT, mFrame=[0,0][1440,100], mVisible=true, mInsetsRoundedCornerFrame=false}, InsetsSource: {mType=ITYPE_RIGHT_DISPLAY_CUTOUT, mFrame=[100000,0][1440,3088], mVisible=true, mInsetsRoundedCornerFrame=false}, InsetsSource: {mType=ITYPE_BOTTOM_DISPLAY_CUTOUT, mFrame=[0,100000][1440,3088], mVisible=true, mInsetsRoundedCornerFrame=false}, InsetsSource: {mType=ITYPE_TOP_TAPPABLE_ELEMENT, mFrame=[0,0][1440,100], mVisible=true, mInsetsRoundedCornerFrame=false}, InsetsSource: {mType=ITYPE_BOTTOM_TAPPABLE_ELEMENT, mFrame=[0,0][0,0], mVisible=true, mInsetsRoundedCornerFrame=false}, InsetsSource: {mType=ITYPE_IME, mFrame=[0,0][0,0], mVisibleFrame=[0,3088][1440,3088], mVisible=false, mInsetsRoundedCornerFrame=false} } host=com.example.dogglers/com.example.dogglers.GridListActivity from=android.view.ViewRootImpl.setView:1732
09-25 13:19:23.133 15715 18710 I WindowsLink: (TaskInfoManager) +++++++++++onRecentTaskStackUpdated
09-25 13:19:23.133  5639  5639 I ViewRootImpl@11fd257[GridListActivity]: setView = com.android.internal.policy.DecorView@b98126 TM=true
09-25 13:19:23.133  3108  3230 I SemPersonaManager: SecureFolder personaId = 150
09-25 13:19:23.133  5639  5639 I MSHandlerLifeCycle: removeMultiSplitHandler: no exist. decor=DecorView@b98126[GridListActivity]
09-25 13:19:23.133  3108  3338 D AnalyticsContainerHandler: handleMessage : { when=0 what=1 target=com.android.server.knox.KnoxAnalyticsContainer$AnalyticsHandler }
09-25 13:19:23.136  5639  5639 I ViewRootImpl@11fd257[GridListActivity]: performTraversals params={(0,0)(fillxfill) sim={adjust=resize forwardNavigation} ty=BASE_APPLICATION wanim=0x1030309
09-25 13:19:23.136  5639  5639 I ViewRootImpl@11fd257[GridListActivity]:   fl=81810100
09-25 13:19:23.136  5639  5639 I ViewRootImpl@11fd257[GridListActivity]:   pfl=12020040
09-25 13:19:23.136  5639  5639 I ViewRootImpl@11fd257[GridListActivity]:   bhv=DEFAULT
09-25 13:19:23.136  5639  5639 I ViewRootImpl@11fd257[GridListActivity]:   fitSides= naviIconColor=0}
09-25 13:19:23.136  5639  5639 I ViewRootImpl@11fd257[GridListActivity]: performTraversals mFirst=true windowShouldResize=true viewVisibilityChanged=false mForceNextWindowRelayout=false params={(0,0)(fillxfill) sim={adjust=resize forwardNavigation} ty=BASE_APPLICATION wanim=0x1030309
09-25 13:19:23.136  5639  5639 I ViewRootImpl@11fd257[GridListActivity]:   fl=81810100
09-25 13:19:23.136  5639  5639 I ViewRootImpl@11fd257[GridListActivity]:   pfl=12020040
09-25 13:19:23.136  5639  5639 I ViewRootImpl@11fd257[GridListActivity]:   bhv=DEFAULT
09-25 13:19:23.136  5639  5639 I ViewRootImpl@11fd257[GridListActivity]:   fitSides= naviIconColor=0}
09-25 13:19:23.136  3108  4074 V WindowManager: Relayout Window{e828fe5 u0 com.example.dogglers/com.example.dogglers.GridListActivity}: viewVisibility=0 req=1440x3088 d0
09-25 13:19:23.136  1914  3193 I SurfaceFlinger: id=162205 createSurf, flag=40004, com.example.dogglers/com.example.dogglers.GridListActivity$_5639#162205
09-25 13:19:23.137  3108  3230 D EnterpriseDeviceManagerService: isMdmAdminPresentInternal() : MDM Admin Found - com.samsung.knox.securefolder
09-25 13:19:23.140  1914  4196 I SurfaceFlinger: id=162206 createSurf, flag=24000, Surface(name=4eb27f5 StatusBar)/@0x43fa543 - animation-leash of insets_animation#162206
09-25 13:19:23.142  1914  4196 I SurfaceFlinger: id=162207 createSurf, flag=24000, Surface(name=d110b4c NavigationBar0)/@0x8bdb781 - animation-leash of insets_animation#162207
09-25 13:19:23.143  5369  8863 I TouchInteractionService: onSystemUiStateChanged, stateFlags : 131120 |a11y_click|a11y_long_click|allow_gesture|
09-25 13:19:23.143  3108  4074 V WindowManager: Relayout hash=e828fe5, pid=5639, syncId=-1: mAttrs={(0,0)(fillxfill) sim={adjust=resize forwardNavigation} ty=BASE_APPLICATION wanim=0x1030309
09-25 13:19:23.143  3108  4074 V WindowManager:   fl=81810100
09-25 13:19:23.143  3108  4074 V WindowManager:   pfl=12020040
09-25 13:19:23.143  3108  4074 V WindowManager:   bhv=DEFAULT
09-25 13:19:23.143  3108  4074 V WindowManager:   fitSides= naviIconColor=0}
09-25 13:19:23.143  5369  5369 I RecentsAnimationDeviceState: setSystemUiFlags, stateFlags : 131120
09-25 13:19:23.143  5369  5369 W SGestureOverlayWindow: setVisibilityGestureOverlayWindow, visibility = 0
09-25 13:19:23.143  5369  5369 I TouchInteractionService: onSystemUiFlagsChanged, lastSysUIFlags : 48
09-25 13:19:23.144  5639  5639 I ViewRootImpl@11fd257[GridListActivity]: updateBlastSurfaceIfNeeded mBlastBufferQueue=null isSameSurfaceControl=false
09-25 13:19:23.144  5639  5639 I BLASTBufferQueue: new BLASTBufferQueue, mName= ViewRootImpl@11fd257[GridListActivity] mNativeObject= 0xb4000077a1041500 sc.mNativeObject= 0xb4000077b1d3c380 caller= android.view.ViewRootImpl.updateBlastSurfaceIfNeeded:2909 android.view.ViewRootImpl.relayoutWindow:9847 android.view.ViewRootImpl.performTraversals:3884 android.view.ViewRootImpl.doTraversal:3116 android.view.ViewRootImpl$TraversalRunnable.run:10885 android.view.Choreographer$CallbackRecord.run:1301 android.view.Choreographer$CallbackRecord.run:1309 android.view.Choreographer.doCallbacks:923 android.view.Choreographer.doFrame:852 android.view.Choreographer$FrameDisplayEventReceiver.run:1283
09-25 13:19:23.144  5639  5639 I BLASTBufferQueue: update, w= 1440 h= 3088 mName = ViewRootImpl@11fd257[GridListActivity] mNativeObject= 0xb4000077a1041500 sc.mNativeObject= 0xb4000077b1d3c380 format= -1 caller= android.graphics.BLASTBufferQueue.<init>:84 android.view.ViewRootImpl.updateBlastSurfaceIfNeeded:2909 android.view.ViewRootImpl.relayoutWindow:9847 android.view.ViewRootImpl.performTraversals:3884 android.view.ViewRootImpl.doTraversal:3116 android.view.ViewRootImpl$TraversalRunnable.run:10885
09-25 13:19:23.145  5639  5639 I ViewRootImpl@11fd257[GridListActivity]: Relayout returned: old=(0,0,1440,3088) new=(0,0,1440,3088) req=(1440,3088)0 dur=8 res=0x3 s={true 0xb40000772b1f4000} ch=true seqId=0
09-25 13:19:23.145  5639  5639 I ViewRootImpl@11fd257[GridListActivity]: performConfigurationChange setNightDimText nightDimLevel=0
09-25 13:19:23.145  5639  5639 I ViewRootImpl@11fd257[GridListActivity]: mThreadedRenderer.initialize() mSurface={isValid=true 0xb40000772b1f4000} hwInitialized=true
09-25 13:19:23.145  5639  5729 D OpenGLRenderer: eglCreateWindowSurface
09-25 13:19:23.146  8423  8423 I ActivityUtils: HomePackage : com.sec.android.app.launcher, resumePackageName : com.example.dogglers
09-25 13:19:23.146  3108  6142 I MediaSessionMonitor: Media session stopped : controllerList empty
09-25 13:19:23.146  1914  1914 I Layer   : id=162191 removedFromDrawingState Surface(name=4eb27f5 StatusBar)/@0x43fa543 - animation-leash of insets_animation#162191 (335)
09-25 13:19:23.146  1914  1914 I Layer   : id=162192 removedFromDrawingState Surface(name=d110b4c NavigationBar0)/@0x8bdb781 - animation-leash of insets_animation#162192 (335)
09-25 13:19:23.146  1914  1914 I SurfaceFlinger: [e828fe5 com.example.dogglers/com.example.dogglers.GridListActivity#162204] FrameRatePriority: 1
09-25 13:19:23.146  1914  1914 I SurfaceFlinger: id=162191 Removed Surface(name=4eb27f5 StatusBar)/@0x43fa543 - animation-leash of insets_animation#162191 (335)
09-25 13:19:23.147  1914  1914 I SurfaceFlinger: id=162192 Removed Surface(name=d110b4c NavigationBar0)/@0x8bdb781 - animation-leash of insets_animation#162192 (335)
09-25 13:19:23.147  1914  1914 I Layer   : id=162191 Destroyed Surface(name=4eb27f5 StatusBar)/@0x43fa543 - animation-leash of insets_animation#162191
09-25 13:19:23.147  1914  1914 I Layer   : id=162192 Destroyed Surface(name=d110b4c NavigationBar0)/@0x8bdb781 - animation-leash of insets_animation#162192
09-25 13:19:23.149  1914  1914 D SurfaceFlinger: Display 4630947093241269891 HWC layers:
09-25 13:19:23.149  1914  1914 D SurfaceFlinger:      CLIENT | 0xb400007af6c13480 | 0100 | RGBx_8888    |  592.0    0.0 1628.0 2220.0 |    0    0 1440 3088 | Wallpaper BBQ wrapper#90
09-25 13:19:23.149  1914  1914 D SurfaceFlinger:      CLIENT | 0xb400007af6c11480 | 0100 | RGBA_8888    |    0.0    0.0 1440.0 3088.0 |    0    0 1440 3088 | com.sec.android.app.launcher/com.sec[...]rActivity$_5369#162113 (blurRegions)
09-25 13:19:23.149  1914  1914 D SurfaceFlinger:      DEVICE | 0xb400007af86f4f00 | 0100 | RGBA_8888    |    0.0    0.0 1440.0 3088.0 |  105  225 1335 2863 | Splash Screen com.example.dogglers$_4768#162198
09-25 13:19:23.149  1914  1914 D SurfaceFlinger:      DEVICE | 0xb400007af6c14880 | 0100 | RGBA_8888    |    0.0    0.0 1440.0  100.0 |    0    0 1440  100 | StatusBar$_4768#95
09-25 13:19:23.149  1914  1914 D SurfaceFlinger:      DEVICE | 0xb400007af8705400 | 0100 | RGBA_8888    |    0.0    0.0   67.0  589.0 |    0  562   67 1151 | com.samsung.android.app.cocktailbars[...]vice.CocktailBarService$_8423#156853
09-25 13:19:23.149  1914  1914 D SurfaceFlinger:      DEVICE | 0xb400007af8705500 | 0100 | RGBA_8888    |    0.0    0.0  518.0   48.0 |  922 3040 1440 3088 | SGestureOverlayWindow$_5369#156268
09-25 13:19:23.149  1914  1914 D SurfaceFlinger:      DEVICE | 0xb400007af6c15880 | 0100 | RGBA
09-25 13:19:23.149  1914  1914 D SurfaceFlinger: _8888    |    0.0    0.0 1440.0  168.0 |    0 2920 1440 3088 | NavigationBar0$_4768#92
09-25 13:19:23.149  1914  1914 D SurfaceFlinger:
09-25 13:19:23.155  3108  9815 D InputDispatcher: Focus request (0): e828fe5 com.example.dogglers/com.example.dogglers.GridListActivity but waiting because NO_WINDOW
09-25 13:19:23.159  5639  5639 I ViewRootImpl@11fd257[GridListActivity]: reportNextDraw android.view.ViewRootImpl.performTraversals:4438 android.view.ViewRootImpl.doTraversal:3116 android.view.ViewRootImpl$TraversalRunnable.run:10885 android.view.Choreographer$CallbackRecord.run:1301 android.view.Choreographer$CallbackRecord.run:1309
09-25 13:19:23.159  5639  5639 I ViewRootImpl@11fd257[GridListActivity]: Setup new sync id=0
09-25 13:19:23.159  5639  5639 I ViewRootImpl@11fd257[GridListActivity]: Setting syncFrameCallback
09-25 13:19:23.159  5639  5639 I ViewRootImpl@11fd257[GridListActivity]: registerCallbacksForSync syncBuffer=false
09-25 13:19:23.162  5639  5771 I ViewRootImpl@11fd257[GridListActivity]: Received frameDrawingCallback syncResult=0 frameNum=1.
09-25 13:19:23.162  5639  5771 I ViewRootImpl@11fd257[GridListActivity]: Setting up sync and frameCommitCallback
09-25 13:19:23.164  5639  5729 I BLASTBufferQueue: [ViewRootImpl@11fd257[GridListActivity]#21](f:0,a:0) onFrameAvailable the first frame is available
09-25 13:19:23.164  5639  5729 I ViewRootImpl@11fd257[GridListActivity]: Received frameCommittedCallback lastAttemptedDrawFrameNum=1 didProduceBuffer=true
09-25 13:19:23.165  5639  5729 D OpenGLRenderer: CFMS:: SetUp Pid : 5639    Tid : 5729
09-25 13:19:23.166  5639  5639 I ViewRootImpl@11fd257[GridListActivity]: onSyncComplete
09-25 13:19:23.167  5639  5639 I ViewRootImpl@11fd257[GridListActivity]: setupSync seqId=0 mSyncId=0 fn=1 caller=android.view.ViewRootImpl$$ExternalSyntheticLambda11.accept:6 android.window.SurfaceSyncer.lambda$setupSync$1$android-window-SurfaceSyncer:128 android.window.SurfaceSyncer$$ExternalSyntheticLambda1.accept:8 android.window.SurfaceSyncer$SyncSet.checkIfSyncIsComplete:382 android.window.SurfaceSyncer$SyncSet.markSyncReady:359 android.window.SurfaceSyncer.markSyncReady:151 android.view.ViewRootImpl.performTraversals:4503
09-25 13:19:23.167  5639  5639 I ViewRootImpl@11fd257[GridListActivity]: reportDrawFinished seqId=0 mSyncId=-1 fn=1 mSurfaceChangedTransaction=0xb4000077b1dbbc00
09-25 13:19:23.169  1797  6239 I sensors-hal: handle_sns_std_sensor_event:139, [0] Pressure 924.294, cal 0.205, sw_offset 0.000
09-25 13:19:23.169  3108  3227 W ziparchive: Unable to open '/data/app/~~ATcZRD0F-LmHTuxfrkuUPg==/com.example.dogglers-ejGvQ7nyEoA-Sr0nwgcZYw==/base.dm': No such file or directory
09-25 13:19:23.169  3108  6472 D SensorService: Calling activate off 61
09-25 13:19:23.169  3108  3227 I PkgPredictorService-SecIpmManagerServiceImpl: reportToNAP uid:10577 com.example.dogglers/com.example.dogglers.GridListActivity thisTime:111
09-25 13:19:23.169  1797  1797 I sensors-hal: activate:281, android.sensor.pressure/61 en=0
09-25 13:19:23.169  5639  5639 D RootViewPicker: Root not ready - waiting: 10ms for one to appear.
09-25 13:19:23.170  1914  3199 I SurfaceFlinger: id=162208 createSurf, flag=24000, Surface(name=e828fe5 com.example.dogglers/com.example.dogglers.GridListActivity)/@0xe76ae37 - animation-leash of starting_reveal#162208
09-25 13:19:23.170  3108  3227 I ActivityTaskManager: Displayed com.example.dogglers/.GridListActivity: +111ms
09-25 13:19:23.170  5759  5759 E pageboostd: Received HALT command code 2
09-25 13:19:23.170  1765  1963 E minksocket: MinkIPC_QRTR_Service: client with node 1 port 7d70 went down
09-25 13:19:23.170  1797  1797 I sensors-hal: ~ssc_qmi:53, ~ssc_qmi
09-25 13:19:23.170  1797  1797 I sensors-hal: deactivate:82, deactivate pressure
09-25 13:19:23.170  1765  1977 E minksocket: MinkIPC_QRTR_Service: client with node 1 port 7d70 went down
09-25 13:19:23.170  1797  1797 I sensors-hal: activate:299, android.sensor.pressure/61 en=0 completed
09-25 13:19:23.171  9074  9805 D SensorManager: unregisterListener
09-25 13:19:23.171  3108  4074 I SemDvfsHyPerManager: acquire hyper - AMS_RESUME_TAIL/3108@20, type = -999
09-25 13:19:23.171  3108  4074 I SemDvfsHyPerManager: acquire hyper - AMS_ACT_LAZY/3108@21, type = -999
09-25 13:19:23.172  1809  1855 I HYPER-HAL: [RequestManager.cpp]acquire(): Acquired ID : 4893776  [3108 / 20]    HINT : AMS_RESUME_TAIL    list :
09-25 13:19:23.173  3108  6472 D InputDispatcher: Focus entered window (0): e828fe5 com.example.dogglers/com.example.dogglers.GridListActivity
09-25 13:19:23.174  1809  1855 I HYPER-HAL: [RequestManager.cpp]acquire(): Acquired ID : 4896906  [3108 / 21]    HINT : AMS_ACT_LAZY    list :
09-25 13:19:23.174  5639  5639 I ViewRootImpl@11fd257[GridListActivity]: MSG_WINDOW_FOCUS_CHANGED 1 0
09-25 13:19:23.174  1914  1914 D SurfaceFlinger: Display 4630947093241269891 HWC layers:
09-25 13:19:23.174  1914  1914 D SurfaceFlinger:      CLIENT | 0xb400007af6c13480 | 0100 | RGBx_8888    |  592.0    0.0 1628.0 2220.0 |    0    0 1440 3088 | Wallpaper BBQ wrapper#90
