09-25 13:19:30.148  1914  1914 I Layer   : id=162506 Destroyed f20a287 ActivityRecordInputSink com.example.dogglers/.HorizontalListActivity#162506
09-25 13:19:30.148   586   586 I GoogleInputMethodService: GoogleInputMethodService.updateDeviceLockedStatus():2097 repeatCheckTimes = 0, locked = false
09-25 13:19:30.148   586   586 D InputMethodService: checkFocusedDisplay() display Id 0last 0
09-25 13:19:30.148   586   586 I GoogleInputMethodService: GoogleInputMethodService.onStartInput():1889 onStartInput(EditorInfo{EditorInfo{packageName=com.example.dogglers, inputType=0, inputTypeString=NULL, enableLearning=false, autoCorrection=false, autoComplete=false, imeOptions=0, privateImeOptions=null, actionName=UNSPECIFIED, actionLabel=null, initialSelStart=-1, initialSelEnd=-1, initialCapsMode=0, label=null, fieldId=-1, fieldName=null, extras=Bundle[{displayId=0}], hintText=null, hintLocales=[]}}, false)
09-25 13:19:30.150  6586  7669 I SAMSUNGWALLET: [ProcessMonitor] App went to background.
09-25 13:19:30.150  6586  7522 I SAMSUNGWALLET: [Hint_e] isHomePackageRunning topPkgName = com.sec.android.app.launcher, topClsName = com.android.launcher3.uioverrides.QuickstepLauncher, return true , se : true
09-25 13:19:30.150   586   586 I GoogleInputMethodService: GoogleInputMethodService.updateDeviceLockedStatus():2097 repeatCheckTimes = 1, locked = false
09-25 13:19:30.152  6586  7522 I SAMSUNGWALLET: [ResetData] getSAResetDialogFlag : false
09-25 13:19:30.152  6586  6586 I SAMSUNGWALLET: [Hint_PayHintService] Hint Status - already invisible, skip hide : [4000000] - 4000000
09-25 13:19:30.153  5639  5729 D OpenGLRenderer: setSurface called with nullptr
09-25 13:19:30.153  5639  5639 I ViewRootImpl@3543464[InstrumentationActivityInvoker$EmptyActivity]: dispatchDetachedFromWindow
09-25 13:19:30.153  6586  7669 I SAMSUNGWALLET: [ProcessMonitor] App went to background.
09-25 13:19:30.153  3108  4074 D InputTransport: Input channel destroyed: '72c731a', fd=1144
09-25 13:19:30.153  3108  4074 W InputManager-JNI: Input channel object '72c731a com.example.dogglers/androidx.test.core.app.InstrumentationActivityInvoker$EmptyActivity (client)' was disposed without first being removed with the input manager!
09-25 13:19:30.153  3108  4074 D InputTransport: Input channel destroyed: '72c731a', fd=1162
09-25 13:19:30.154  5639  5639 D InputTransport: Input channel destroyed: '72c731a', fd=128
09-25 13:19:30.155  6586  7522 I SAMSUNGWALLET: [Hint_e] isHomePackageRunning topPkgName = com.sec.android.app.launcher, topClsName = com.android.launcher3.uioverrides.QuickstepLauncher, return true , se : true
09-25 13:19:30.156  1914  1914 I Layer   : id=162521 removedFromDrawingState Surface(name=6a358c3 InputMethod)/@0x1a6cc79 - animation-leash of insets_animation#162521 (331)
09-25 13:19:30.156  1914  1914 I Layer   : id=162516 removedFromDrawingState com.example.dogglers/androidx.test.core.app.InstrumentationActivityInvoker$EmptyActivity$_5639#162516 (331)
09-25 13:19:30.156  1914  1914 I Layer   : id=162515 removedFromDrawingState 72c731a com.example.dogglers/androidx.test.core.app.InstrumentationActivityInvoker$EmptyActivity#162515 (331)
09-25 13:19:30.156  1914  1914 I SurfaceFlinger: id=162516 Removed com.example.dogglers/androidx.test.core.app.InstrumentationActivityInvoker$EmptyActivity$_5639#162516 (331)
09-25 13:19:30.156  1914  1914 I SurfaceFlinger: id=162515 Removed 72c731a com.example.dogglers/androidx.test.core.app.InstrumentationActivityInvoker$EmptyActivity#162515 (331)
09-25 13:19:30.156  1914  1914 I SurfaceFlinger: id=162521 Removed Surface(name=6a358c3 InputMethod)/@0x1a6cc79 - animation-leash of insets_animation#162521 (331)
09-25 13:19:30.156  8130 22447 I [AirCmd]_ActivitySwitchDetector: onTaskFocusChanged : componentName - ComponentInfo{com.sec.android.app.launcher/com.android.launcher3.uioverrides.QuickstepLauncher}
09-25 13:19:30.156  8130 22447 I [AirCmd]_ActivitySwitchDetector: onTaskFocusChanged : mTopMostActivity - ComponentInfo{com.example.dogglers/com.example.dogglers.HorizontalListActivity}
09-25 13:19:30.156  1914  1914 I Layer   : id=162515 Destroyed 72c731a com.example.dogglers/androidx.test.core.app.InstrumentationActivityInvoker$EmptyActivity#162515
09-25 13:19:30.156  1914  1914 I Layer   : id=162516 Destroyed com.example.dogglers/androidx.test.core.app.InstrumentationActivityInvoker$EmptyActivity$_5639#162516
09-25 13:19:30.156  1914  1914 I Layer   : id=162521 Destroyed Surface(name=6a358c3 InputMethod)/@0x1a6cc79 - animation-leash of insets_animation#162521
09-25 13:19:30.156  5639  5639 D LifecycleMonitor: Lifecycle status change: androidx.test.core.app.InstrumentationActivityInvoker$EmptyActivity@94a72e7 in: PAUSED
09-25 13:19:30.156  5639  5639 V ActivityScenario: Activity lifecycle changed event received but ignored because the intent does not match. startActivityIntent=Intent { act=android.intent.action.MAIN cat=[android.intent.category.LAUNCHER] cmp=com.example.dogglers/.HorizontalListActivity }, activity.getIntent()=Intent { act=android.intent.action.MAIN cat=[android.intent.category.LAUNCHER] flg=0x10000000 cmp=com.example.dogglers/androidx.test.core.app.InstrumentationActivityInvoker$EmptyActivity }, activity=androidx.test.core.app.InstrumentationActivityInvoker$EmptyActivity@94a72e7
09-25 13:19:30.156  1914  2139 I SurfaceFlinger: id=162514 Removed 6003b95 ActivityRecordInputSink com.example.dogglers/androidx.test.core.app.InstrumentationActivityInvoker$EmptyActivity#162514 (328)
09-25 13:19:30.157  8130 22447 I [AirCmd]_CallbackRepeater: stopRepeat : isWorking=false
09-25 13:19:30.157  8130 22447 I [AirCmd]_MediaControlStateMonitor: isForegroundAppSupportsMediaButton : mediaSession is empty
09-25 13:19:30.157  3108  6456 I SemDvfsHyPerManager: acquire hyper - AMS_APP_HOME/3108@24, type = -999
09-25 13:19:30.158  1809  1855 I HYPER-HAL: [RequestManager.cpp]acquire(): Acquired ID : 4906302  [3108 / 24]    HINT : AMS_APP_HOME    list :
09-25 13:19:30.158  8328  8328 I SemDvfsHyPerManager: acquire hyper - APP_START_HOME/8328@20, type = -999
09-25 13:19:30.158  5369  5369 I ViewRootImpl@7533534[LauncherActivity]: handleAppVisibility mAppVisible = false visible = true
09-25 13:19:30.158 21794 21794 I ViewRootImpl@888ef3d[LauncherActivity]: handleAppVisibility mAppVisible = false visible = true
09-25 13:19:30.159  5369  5369 I ViewRootImpl@7533534[LauncherActivity]: stopped(false) old = true
09-25 13:19:30.159  5369  5369 I ViewRootImpl@7533534[LauncherActivity]: WindowStopped on com.sec.android.app.launcher/com.sec.android.app.launcher.activities.LauncherActivity set to false
09-25 13:19:30.160  5369  5369 I Launcher: !@Boot_DEBUG: Launcher.onStart()
09-25 13:19:30.160  5369  5369 I Launcher: !@Boot_EBS_D: Launcher.onStart()
09-25 13:19:30.160  5369  5369 I BaseActivity: addActivityFlags, flags : 1
09-25 13:19:30.160  5369  5369 I WallpaperBlurController: dispatchTransactionSurface: mCurrentBlur = 150
09-25 13:19:30.160  5369  5369 W LauncherAppWidgetHost: setShouldListenFlag, mFlags:2 flag:start on:true isFront:false
09-25 13:19:30.160  5369  5369 W Launcher: onStart isListening : false isLoading false
09-25 13:19:30.160  1809  1855 I HYPER-HAL: [RequestManager.cpp]acquire(): Acquired ID : 34848746  [8328 / 20]    HINT : APP_START    list : [KERNEL_APP_START_NOTIFY / 0] [TIMEOUT / 1500]
09-25 13:19:30.160  3108 29076 D RemoteAppTaskWatcher:  ****** RemoteAppTaskWatcher: Message Received 5 Task ID = 0
09-25 13:19:30.161  5639  5639 I ViewRootImpl@c196039[InstrumentationActivityInvoker$EmptyActivity]: MSG_WINDOW_FOCUS_CHANGED 0 0
09-25 13:19:30.162  5639  5703 I TestRunner: finished: horizontal_scroll_content_at_first_position(com.example.dogglers.HorizontalListTests)
