09-25 13:19:22.413  1809  1855 I HYPER-HAL: [RequestManager.cpp]acquire(): Acquired ID : 4896906  [3108 / 21]    HINT : AMS_ACT_LAZY    list :
09-25 13:19:22.413   586   586 I MSHandlerLifeCycle: check: return. pkg=com.google.android.inputmethod.latin isActivity=false callers=com.android.internal.policy.DecorView.setVisibility:4412 android.inputmethodservice.InkWindow.hide:100 android.inputmethodservice.InputMethodService$InputMethodImpl.unbindInput:875 android.inputmethodservice.IInputMethodWrapper.executeMessage:198 com.android.internal.os.HandlerCaller$MyHandler.handleMessage:44
09-25 13:19:22.413   586   586 I MSHandlerLifeCycle: removeMultiSplitHandler: no exist. decor=DecorView@722edec[]
09-25 13:19:22.414  5639  5639 I ViewInteraction: Checking 'MatchesViewAssertion{viewMatcher=(view has effective visibility <VISIBLE> and view.getGlobalVisibleRect() to return non-empty rectangle)}' assertion on view view.getId() is <2131231204/com.example.dogglers:id/vertical_btn>
09-25 13:19:22.416  4768  4860 I ViewRootImpl@caf13c5[dogglers]: mWNT: t=0xb4000077a1011600 mBlastBufferQueue=0xb400007705019c80 fn= 2 caller= android.view.SyncRtSurfaceTransactionApplier.applyTransaction:96 android.view.SyncRtSurfaceTransactionApplier.lambda$scheduleApply$0$android-view-SyncRtSurfaceTransactionApplier:69 android.view.SyncRtSurfaceTransactionApplier$$ExternalSyntheticLambda0.onFrameDraw:4
09-25 13:19:22.416  4768  4860 I ViewRootImpl@caf13c5[dogglers]: mWNT: t=0xb4000077a10d7100 mBlastBufferQueue=0xb400007705019c80 fn= 2 caller= android.view.SyncRtSurfaceTransactionApplier.applyTransaction:96 android.view.SyncRtSurfaceTransactionApplier.lambda$scheduleApply$0$android-view-SyncRtSurfaceTransactionApplier:69 android.view.SyncRtSurfaceTransactionApplier$$ExternalSyntheticLambda0.onFrameDraw:4
09-25 13:19:22.416   586   586 I GoogleInputMethodService: GoogleInputMethodService.onFinishInput():3267
09-25 13:19:22.416  1809  1855 I HYPER-HAL: [RequestManager.cpp]releaseLocked(): Released ID : 4903169
09-25 13:19:22.417  1914  2139 I SurfaceFlinger: id=162172 createSurf, flag=24004, Surface(name=6a358c3 InputMethod)/@0x1a6cc79 - animation-leash of insets_animation#162172
09-25 13:19:22.417   586   586 I GoogleInputMethodService: GoogleInputMethodService.updateDeviceLockedStatus():2097 repeatCheckTimes = 0, locked = false
09-25 13:19:22.417   586   586 D InputMethodService: checkFocusedDisplay() display Id 0last 0
09-25 13:19:22.417   586   586 I GoogleInputMethodService: GoogleInputMethodService.onStartInput():1889 onStartInput(EditorInfo{EditorInfo{packageName=com.example.dogglers, inputType=0, inputTypeString=NULL, enableLearning=false, autoCorrection=false, autoComplete=false, imeOptions=0, privateImeOptions=null, actionName=UNSPECIFIED, actionLabel=null, initialSelStart=-1, initialSelEnd=-1, initialCapsMode=0, label=null, fieldId=-1, fieldName=null, extras=Bundle[{displayId=0}], hintText=null, hintLocales=[]}}, false)
09-25 13:19:22.418   586   586 I GoogleInputMethodService: GoogleInputMethodService.updateDeviceLockedStatus():2097 repeatCheckTimes = 1, locked = false
09-25 13:19:22.421  1914  1914 I Layer   : id=162156 removedFromDrawingState Surface(name=6a358c3 InputMethod)/@0x1a6cc79 - animation-leash of insets_animation#162156 (336)
09-25 13:19:22.421  1914  1914 I Layer   : id=97070 removedFromDrawingState 6a358c3 InputMethod#97070 (336)
09-25 13:19:22.421  1914  1914 I Layer   : id=97070 addToCurrentState 6a358c3 InputMethod#97070 (336)
09-25 13:19:22.422  1914  2140 I SurfaceFlinger: id=162156 Removed Surface(name=6a358c3 InputMethod)/@0x1a6cc79 - animation-leash of insets_animation#162156 (336)
09-25 13:19:22.423  3108  3230 I ChimeraSystemEventListener: appLaunchIntent package name is: com.example.dogglers
09-25 13:19:22.424  4768  4861 I ViewRootImpl@caf13c5[dogglers]: mWNT: t=0xb4000077a0f77700 mBlastBufferQueue=0xb400007705019c80 fn= 3 caller= android.view.SyncRtSurfaceTransactionApplier.applyTransaction:96 android.view.SyncRtSurfaceTransactionApplier.lambda$scheduleApply$0$android-view-SyncRtSurfaceTransactionApplier:69 android.view.SyncRtSurfaceTransactionApplier$$ExternalSyntheticLambda0.onFrameDraw:4
09-25 13:19:22.426  3108  6493 I SemDvfsHyPerManager: acquire hyper - AMS_ACT_START/3108@18, type = -999
09-25 13:19:22.426  1809  1855 I HYPER-HAL: [RequestManager.cpp]acquire(): Acquired ID : 4887519  [3108 / 18]    HINT : AMS_ACT_START    list :
09-25 13:19:22.427  1914  2139 I SurfaceFlinger: id=162173 createSurf, flag=80004, ActivityRecord{d1c6c40 u0 com.example.dogglers/androidx.test.core.app.InstrumentationActivityInvoker$EmptyActivity} t7110}#162173
09-25 13:19:22.430  1914  1914 I Layer   : id=162156 Destroyed Surface(name=6a358c3 InputMethod)/@0x1a6cc79 - animation-leash of insets_animation#162156
09-25 13:19:22.431  4768  4860 I ViewRootImpl@caf13c5[dogglers]: mWNT: t=0xb4000077a10d7500 mBlastBufferQueue=0xb400007705019c80 fn= 4 caller= android.view.SyncRtSurfaceTransactionApplier.applyTransaction:96 android.view.SyncRtSurfaceTransactionApplier.lambda$scheduleApply$0$android-view-SyncRtSurfaceTransactionApplier:69 android.view.SyncRtSurfaceTransactionApplier$$ExternalSyntheticLambda0.onFrameDraw:4
09-25 13:19:22.433  1914  2140 I SurfaceFlinger: id=162174 createSurf, flag=80000, a4d1bc3 ActivityRecordInputSink com.example.dogglers/androidx.test.core.app.InstrumentationActivityInvoker$EmptyActivity#162174
09-25 13:19:22.437  3108  4073 D InputMethodManagerService: isImeSwitcherDisabledPackage : false
09-25 13:19:22.438   586   586 I InputMethodService: removeImeSurface
09-25 13:19:22.438   586   586 I MSHandlerLifeCycle: check: return. pkg=com.google.android.inputmethod.latin isActivity=false callers=com.android.internal.policy.DecorView.setVisibility:4412 android.app.Dialog.hide:767 android.inputmethodservice.InputMethodService.removeImeSurface:1290 android.inputmethodservice.InputMethodService.scheduleImeSurfaceRemoval:1279 android.inputmethodservice.InputMethodService.-$$Nest$mscheduleImeSurfaceRemoval:0
09-25 13:19:22.438   586   586 I MSHandlerLifeCycle: removeMultiSplitHandler: no exist. decor=DecorView@3ddf8c7[InputMethod]
09-25 13:19:22.438  5639  5639 D LifecycleMonitor: Lifecycle status change: com.example.dogglers.MainActivity@8105e6c in: PAUSED
09-25 13:19:22.438  5639  5639 V ActivityScenario: Update currentActivityStage to PAUSED, currentActivity=com.example.dogglers.MainActivity@8105e6c
09-25 13:19:22.439  4768  4861 I ViewRootImpl@caf13c5[dogglers]: mWNT: t=0xb400007731efa200 mBlastBufferQueue=0xb400007705019c80 fn= 5 caller= android.view.SyncRtSurfaceTransactionApplier.applyTransaction:96 android.view.SyncRtSurfaceTransactionApplier.lambda$scheduleApply$0$android-view-SyncRtSurfaceTransactionApplier:69 android.view.SyncRtSurfaceTransactionApplier$$ExternalSyntheticLambda0.onFrameDraw:4
09-25 13:19:22.443  3108  6472 D InputDispatcher: Focused application(0): ActivityRecord{d1c6c40 u0 com.example.dogglers/androidx.test.core.app.InstrumentationActivityInvoker$EmptyActivity} t7110}
09-25 13:19:22.443  3108 29076 D RemoteAppTaskWatcher:  ****** RemoteAppTaskWatcher: Message Received 5 Task ID = 0
09-25 13:19:22.446  5639  5639 D LifecycleMonitor: Lifecycle status change: androidx.test.core.app.InstrumentationActivityInvoker$EmptyActivity@7b529a in: PRE_ON_CREATE
09-25 13:19:22.446  5639  5639 V ActivityScenario: Activity lifecycle changed event received but ignored because the intent does not match. startActivityIntent=Intent { act=android.intent.action.MAIN cat=[android.intent.category.LAUNCHER] cmp=com.example.dogglers/.MainActivity }, activity.getIntent()=Intent { act=android.intent.action.MAIN cat=[android.intent.category.LAUNCHER] flg=0x10000000 cmp=com.example.dogglers/androidx.test.core.app.InstrumentationActivityInvoker$EmptyActivity }, activity=androidx.test.core.app.InstrumentationActivityInvoker$EmptyActivity@7b529a
09-25 13:19:22.446  1914  1914 I SurfaceFlinger: [2a1efe3 com.example.dogglers/com.example.dogglers.MainActivity#162167] FrameRatePriority: -1
09-25 13:19:22.449  4768  4860 I ViewRootImpl@caf13c5[dogglers]: mWNT: t=0xb400007731efa000 mBlastBufferQueue=0xb400007705019c80 fn= 6 caller= android.view.SyncRtSurfaceTransactionApplier.applyTransaction:96 android.view.SyncRtSurfaceTransactionApplier.lambda$scheduleApply$0$android-view-SyncRtSurfaceTransactionApplier:69 android.view.SyncRtSurfaceTransactionApplier$$ExternalSyntheticLambda0.onFrameDraw:4
09-25 13:19:22.451 15715 18710 I WindowsLink: (TaskInfoManager) +++++++++++onRecentTaskStackUpdated
09-25 13:19:22.452  3108  3230 I SemPersonaManager: SecureFolder personaId = 150
09-25 13:19:22.452  5639  5639 I DecorView: [INFO] isPopOver=false config=true
09-25 13:19:22.452  5639  5639 I DecorView: updateCaptionType: isFloating=false isApplication=true hasWindowDecorCaption=false this=DecorView@410a6c1[]
09-25 13:19:22.452  5639  5639 D DecorView: setCaptionType = 0, this = DecorView@410a6c1[]
09-25 13:19:22.453  5639  5639 I DecorView: getCurrentDensityDpi: from real metrics. densityDpi=560 msg=resources_loaded
09-25 13:19:22.453  5639  5639 I DecorView: setWindowBackground: isPopOver=false color=ff010101 d=android.graphics.drawable.StateListDrawable@82bfe66
09-25 13:19:22.453  5639  5639 D LifecycleMonitor: Lifecycle status change: androidx.test.core.app.InstrumentationActivityInvoker$EmptyActivity@7b529a in: CREATED
09-25 13:19:22.453  5639  5639 V ActivityScenario: Activity lifecycle changed event received but ignored because the intent does not match. startActivityIntent=Intent { act=android.intent.action.MAIN cat=[android.intent.category.LAUNCHER] cmp=com.example.dogglers/.MainActivity }, activity.getIntent()=Intent { act=android.intent.action.MAIN cat=[android.intent.category.LAUNCHER] flg=0x10000000 cmp=com.example.dogglers/androidx.test.core.app.InstrumentationActivityInvoker$EmptyActivity }, activity=androidx.test.core.app.InstrumentationActivityInvoker$EmptyActivity@7b529a
09-25 13:19:22.453  5639  5639 D LifecycleMonitor: Lifecycle status change: androidx.test.core.app.InstrumentationActivityInvoker$EmptyActivity@7b529a in: STARTED
09-25 13:19:22.454  5639  5639 V ActivityScenario: Activity lifecycle changed event received but ignored because the intent does not match. startActivityIntent=Intent { act=android.intent.action.MAIN cat=[android.intent.category.LAUNCHER] cmp=com.example.dogglers/.MainActivity }, activity.getIntent()=Intent { act=android.intent.action.MAIN cat=[android.intent.category.LAUNCHER] flg=0x10000000 cmp=com.example.dogglers/androidx.test.core.app.InstrumentationActivityInvoker$EmptyActivity }, activity=androidx.test.core.app.InstrumentationActivityInvoker$EmptyActivity@7b529a
09-25 13:19:22.454  5639  5639 D LifecycleMonitor: Lifecycle status change: androidx.test.core.app.InstrumentationActivityInvoker$EmptyActivity@7b529a in: RESUMED
09-25 13:19:22.454  5639  5639 V ActivityScenario: Activity lifecycle changed event received but ignored because the intent does not match. startActivityIntent=Intent { act=android.intent.action.MAIN cat=[android.intent.category.LAUNCHER] cmp=com.example.dogglers/.MainActivity }, activity.getIntent()=Intent { act=android.intent.action.MAIN cat=[android.intent.category.LAUNCHER] flg=0x10000000 cmp=com.example.dogglers/androidx.test.core.app.InstrumentationActivityInvoker$EmptyActivity }, activity=androidx.test.core.app.InstrumentationActivityInvoker$EmptyActivity@7b529a
09-25 13:19:22.454  5639  5639 I MSHandlerLifeCycle: check: return. pkg=com.example.dogglers parent=null callers=com.android.internal.policy.DecorView.setVisibility:4412 android.app.ActivityThread.handleResumeActivity:5476 android.app.servertransaction.ResumeActivityItem.execute:54 android.app.servertransaction.ActivityTransactionItem.execute:45 android.app.servertransaction.TransactionExecutor.executeLifecycleState:176
09-25 13:19:22.454  5639  5639 I MSHandlerLifeCycle: removeMultiSplitHandler: no exist. decor=DecorView@410a6c1[]
09-25 13:19:22.455  4768  4861 I ViewRootImpl@caf13c5[dogglers]: mWNT: t=0xb400007731efa700 mBlastBufferQueue=0xb400007705019c80 fn= 7 caller= android.view.SyncRtSurfaceTransactionApplier.applyTransaction:96 android.view.SyncRtSurfaceTransactionApplier.lambda$scheduleApply$0$android-view-SyncRtSurfaceTransactionApplier:69 android.view.SyncRtSurfaceTransactionApplier$$ExternalSyntheticLambda0.onFrameDraw:4
09-25 13:19:22.456  3108  3230 D EnterpriseDeviceManagerService: isMdmAdminPresentInternal() : MDM Admin Found - com.samsung.knox.securefolder
09-25 13:19:22.456  3108  6493 D InputDispatcher: Focus request (0): <null> but waiting because NOT_FOCUSABLE
09-25 13:19:22.456  3108  6493 D InputDispatcher: Focus left window (0): 2a1efe3 com.example.dogglers/com.example.dogglers.MainActivity
09-25 13:19:22.458  3108  6142 I MediaSessionMonitor: Media session stopped : controllerList empty
09-25 13:19:22.459  5639  5729 D NativeCustomFrequencyManager: [NativeCFMS] BpCustomFrequencyManager::BpCustomFrequencyManager()
09-25 13:19:22.461  8423  8423 I ActivityUtils: HomePackage : com.sec.android.app.launcher, resumePackageName : com.example.dogglers
09-25 13:19:22.462  3108  6456 D InputTransport: Input channel constructed: '5d9200f', fd=1353
09-25 13:19:22.462  3108  6456 D InputTransport: Input channel constructed: '5d9200f', fd=1354
09-25 13:19:22.462  3108  6456 D InputTransport: Input channel constructed: '5d9200f', fd=1355
09-25 13:19:22.462  1914  2140 I SurfaceFlinger: id=162175 createSurf, flag=80004, 5d9200f com.example.dogglers/androidx.test.core.app.InstrumentationActivityInvoker$EmptyActivity#162175
09-25 13:19:22.465  4768  4851 D OpenGLRenderer: setSurface called with nullptr
09-25 13:19:22.465  4768  4851 D OpenGLRenderer: setSurface() destroyed EGLSurface
09-25 13:19:22.466  4768  4851 D OpenGLRenderer: destroyEglSurface
09-25 13:19:22.467  2229  5266 I CameraService: onUidStateChanged: uid=10042, procState is changed. (1 -> 0)
09-25 13:19:22.468  3108  6456 D InputTransport: Input channel destroyed: '5d9200f', fd=1355
09-25 13:19:22.469  4768  4843 I ViewRootImpl@caf13c5[dogglers]: performTraversals params={(0,0)(fillxfill) sim={adjust=pan} ty=APPLICATION_STARTING fmt=TRANSLUCENT wanim=0x1030001 alpha=0.0
09-25 13:19:22.469  4768  4843 I ViewRootImpl@caf13c5[dogglers]:   fl=81030118
09-25 13:19:22.469  4768  4843 I ViewRootImpl@caf13c5[dogglers]:   pfl=16000010
09-25 13:19:22.469  4768  4843 I ViewRootImpl@caf13c5[dogglers]:   bhv=DEFAULT
09-25 13:19:22.469  4768  4843 I ViewRootImpl@caf13c5[dogglers]:   fitSides= naviIconColor=0}
09-25 13:19:22.469  4768  4843 I ViewRootImpl@caf13c5[dogglers]: performTraversals mFirst=false windowShouldResize=false viewVisibilityChanged=true mForceNextWindowRelayout=false params={(0,0)(fillxfill) sim={adjust=pan} ty=APPLICATION_STARTING fmt=TRANSLUCENT wanim=0x1030001 alpha=0.0
09-25 13:19:22.469  4768  4843 I ViewRootImpl@caf13c5[dogglers]:   fl=81030118
09-25 13:19:22.469  4768  4843 I ViewRootImpl@caf13c5[dogglers]:   pfl=16000010
09-25 13:19:22.469  4768  4843 I ViewRootImpl@caf13c5[dogglers]:   bhv=DEFAULT
09-25 13:19:22.469  4768  4843 I ViewRootImpl@caf13c5[dogglers]:   fitSides= naviIconColor=0}
09-25 13:19:22.469  5639  5639 D InsetsController: onStateChanged: InsetsState: {mDisplayFrame=Rect(0, 0 - 1440, 3088), mDisplayCutout=DisplayCutout{insets=Rect(0, 100 - 0, 0) waterfall=Insets{left=0, top=0, right=0, bottom=0} boundingRect={Bounds=[Rect(0, 0 - 0, 0), Rect(685, 0 - 756, 100), Rect(0, 0 - 0, 0), Rect(0, 0 - 0, 0)]} cutoutPathParserInfo={CutoutPathParserInfo{displayWidth=1440 displayHeight=3088 physicalDisplayWidth=1440 physicalDisplayHeight=3088 density={3.75} cutoutSpec={M 0,0 H -9.466666666666667 V 26.66666666666667‬ H 9.466666666666667 V 0 H 0 Z @dp} rotation={0} scale={1.0} physicalPixelDisplaySizeRatio={1.0}}}}, mRoundedCorners=RoundedCorners{[RoundedCorner{position=TopLeft, radius=14, center=Point(14, 14)}, RoundedCorner{position=TopRight, radius=14, center=Point(1426, 14)}, RoundedCorner{position=BottomRight, radius=14, center=Point(1426, 3074)}, RoundedCorner{position=BottomLeft, radius=14, center=Point(14, 3074)}]}  mRoundedCornerFrame=Rect(0, 0 - 1440, 3088), mPrivacyIndicatorBounds=PrivacyIndicatorBounds {static bounds=Rect(1286, 0 - 1440, 100) rotation=0}, mSources= { InsetsSource: {mType=ITYPE_STATUS_BAR, mFrame=[0,0][1440,100], mVisible=true, mInsetsRoundedCornerFrame=false}, InsetsSource: {mType=ITYPE_NAVIGATION_BAR, mFrame=[0,3088][1440,3088], mVisible=true, mInsetsRoundedCornerFrame=false}, InsetsSource: {mType=ITYPE_LEFT_GESTURES, mFrame=[0,0][0,3088], mVisible=true, mInsetsRoundedCornerFrame=false}, InsetsSource: {mType=ITYPE_RIGHT_GESTURES, mFrame=[1440,0][1440,3088], mVisible=true, mInsetsRoundedCornerFrame=false}, InsetsSource: {mType=ITYPE_TOP_MANDATORY_GESTURES, mFrame=[0,0][1440,142], mVisible=true, mInsetsRoundedCornerFrame=false}, InsetsSource: {mType=ITYPE_BOTTOM_MANDATORY_GESTURES, mFrame=[0,3018][1440,3088], mVisible=true, mInsetsRoundedCornerFrame=false}, InsetsSource: {mType=ITYPE_LEFT_DISPLAY_CUTOUT, mFrame=[0,0][-100000,3088], mVisible=true, mInsetsRoundedCornerFrame=false}, InsetsSource: {mType=ITYPE_TOP_DISPLAY_CUTOUT, mFrame=[0,0][1440,100], mVisible=true, mInsetsRoundedCornerFrame=false}, InsetsSource: {mType=ITYPE_RIGHT_DISPLAY_CUTOUT, mFrame=[100000,0][1440,3088], mVisible=true, mInsetsRoundedCornerFrame=false}, InsetsSource: {mType=ITYPE_BOTTOM_DISPLAY_CUTOUT, mFrame=[0,100000][1440,3088], mVisible=true, mInsetsRoundedCornerFrame=false}, InsetsSource: {mType=ITYPE_TOP_TAPPABLE_ELEMENT, mFrame=[0,0][1440,100], mVisible=true, mInsetsRoundedCornerFrame=false}, InsetsSource: {mType=ITYPE_BOTTOM_TAPPABLE_ELEMENT, mFrame=[0,0][0,0], mVisible=true, mInsetsRoundedCornerFrame=false} } host=com.example.dogglers/androidx.test.core.app.InstrumentationActivityInvoker$EmptyActivity from=android.view.ViewRootImpl.setView:1732
09-25 13:19:22.469  3108  6493 V WindowManager: Relayout Window{1ffecb2 u0 Splash Screen com.example.dogglers}: viewVisibility=8 req=1440x3088 d0
09-25 13:19:22.472  5759  5759 E pageboostd: Received HALT command code 2
09-25 13:19:22.473  3108  6493 V WindowManager: Relayout hash=1ffecb2, pid=4768, syncId=-1: mAttrs={(0,0)(fillxfill) sim={adjust=pan} ty=APPLICATION_STARTING fmt=TRANSLUCENT wanim=0x1030001 alpha=0.0
09-25 13:19:22.473  3108  6493 V WindowManager:   fl=81030118
09-25 13:19:22.473  3108  6493 V WindowManager:   pfl=16000010
09-25 13:19:22.473  3108  6493 V WindowManager:   bhv=DEFAULT
09-25 13:19:22.473  3108  6493 V WindowManager:   fitSides= naviIconColor=0}
09-25 13:19:22.474  5639  5639 I ViewRootImpl@d7cca54[InstrumentationActivityInvoker$EmptyActivity]: setView = com.android.internal.policy.DecorView@410a6c1 TM=true
09-25 13:19:22.474  5639  5639 I MSHandlerLifeCycle: removeMultiSplitHandler: no exist. decor=DecorView@410a6c1[InstrumentationActivityInvoker$EmptyActivity]
09-25 13:19:22.474  4768  4843 I ViewRootImpl@caf13c5[dogglers]: Relayout returned: old=(0,0,1440,3088) new=(0,0,1440,3088) req=(1440,3088)8 dur=4 res=0x2 s={false 0x0} ch=true seqId=0
09-25 13:19:22.474  3108  3338 D AnalyticsContainerHandler: handleMessage : { when=0 what=1 target=com.android.server.knox.KnoxAnalyticsContainer$AnalyticsHandler }
09-25 13:19:22.475  4768  4843 I ViewRootImpl@caf13c5[dogglers]: dispatchDetachedFromWindow
09-25 13:19:22.475  3108  6456 D InputTransport: Input channel destroyed: '1ffecb2', fd=1143
09-25 13:19:22.475  3108  6456 W InputManager-JNI: Input channel object '1ffecb2 Splash Screen com.example.dogglers (client)' was disposed without first being removed with the input manager!
09-25 13:19:22.475  3108  6456 D InputTransport: Input channel destroyed: '1ffecb2', fd=1249
09-25 13:19:22.476  5639  5639 I ViewRootImpl@d7cca54[InstrumentationActivityInvoker$EmptyActivity]: performTraversals params={(0,0)(fillxfill) sim={adjust=pan forwardNavigation} ty=BASE_APPLICATION wanim=0x1030001
09-25 13:19:22.476  5639  5639 I ViewRootImpl@d7cca54[InstrumentationActivityInvoker$EmptyActivity]:   fl=1810100
09-25 13:19:22.476  5639  5639 I ViewRootImpl@d7cca54[InstrumentationActivityInvoker$EmptyActivity]:   pfl=12020040
09-25 13:19:22.476  5639  5639 I ViewRootImpl@d7cca54[InstrumentationActivityInvoker$EmptyActivity]:   bhv=DEFAULT
09-25 13:19:22.476  5639  5639 I ViewRootImpl@d7cca54[InstrumentationActivityInvoker$EmptyActivity]:   fitSides= naviIconColor=0}
09-25 13:19:22.476  5639  5639 I ViewRootImpl@d7cca54[InstrumentationActivityInvoker$EmptyActivity]: performTraversals mFirst=true windowShouldResize=true viewVisibilityChanged=false mForceNextWindowRelayout=false params={(0,0)(fillxfill) sim={adjust=pan forwardNavigation} ty=BASE_APPLICATION wanim=0x1030001
09-25 13:19:22.476  5639  5639 I ViewRootImpl@d7cca54[InstrumentationActivityInvoker$EmptyActivity]:   fl=1810100
09-25 13:19:22.476  5639  5639 I ViewRootImpl@d7cca54[InstrumentationActivityInvoker$EmptyActivity]:   pfl=12020040
09-25 13:19:22.476  5639  5639 I ViewRootImpl@d7cca54[InstrumentationActivityInvoker$EmptyActivity]:   bhv=DEFAULT
09-25 13:19:22.476  5639  5639 I ViewRootImpl@d7cca54[InstrumentationActivityInvoker$EmptyActivity]:   fitSides= naviIconColor=0}
09-25 13:19:22.477  4768  4843 D InputTransport: Input channel destroyed: '1ffecb2', fd=212
09-25 13:19:22.477  3108  6493 V WindowManager: Relayout Window{5d9200f u0 com.example.dogglers/androidx.test.core.app.InstrumentationActivityInvoker$EmptyActivity}: viewVisibility=0 req=1440x3088 d0
09-25 13:19:22.478  1914  2140 I SurfaceFlinger: id=162176 createSurf, flag=40004, com.example.dogglers/androidx.test.core.app.InstrumentationActivityInvoker$EmptyActivity$_5639#162176
09-25 13:19:22.480  1914  1914 I Layer   : id=162171 removedFromDrawingState Surface(name=2a1efe3 com.example.dogglers/com.example.dogglers.MainActivity)/@0x58d7dc5 - animation-leash of starting_reveal#162171 (339)
09-25 13:19:22.482  3108  4643 D SemNscXgbMsL1: Probability - Cloud gaming: [0.102111794]
09-25 13:19:22.482  1914  4196 I SurfaceFlinger: id=162177 createSurf, flag=24000, Surface(name=4eb27f5 StatusBar)/@0x43fa543 - animation-leash of insets_animation#162177
09-25 13:19:22.482  3108  4643 D SemNscXgbMsL1: Probability - Real time: [0.1886183]
09-25 13:19:22.482  3108  4643 D SemNscXgbMsL1: Probability - Non real time: [0.6056498]
09-25 13:19:22.483  3108  4643 D SemNscXgbMsL1: 1 sample inference time: 0.718542 msecs
09-25 13:19:22.483  3108  4643 D SemNscXgbL2Rt: L2 RT 1 sample inference time: 0.380729 msecs
09-25 13:19:22.483  3108  4643 D SemNscXgbL2Nrt: L2 NRT 1 sample inference time: 0.340313 msecs
09-25 13:19:22.484  1914  1914 D SurfaceFlinger: Display 4630947093241269891 HWC layers:
09-25 13:19:22.484  1914  1914 D SurfaceFlinger:      CLIENT | 0xb400007af6c13480 | 0100 | RGBx_8888    |  592.0    0.0 1628.0 2220.0 |    0    0 1440 3088 | Wallpaper BBQ wrapper#90
09-25 13:19:22.484  1914  1914 D SurfaceFlinger:      CLIENT | 0xb400007af6c11480 | 0100 | RGBA_8888    |    0.0    0.0 1440.0 3088.0 |    0    0 1440 3088 | com.sec.android.app.launcher/com.sec[...]rActivity$_5369#162113 (blurRegions)
09-25 13:19:22.484  1914  1914 D SurfaceFlinger:      DEVICE | 0xb400007af86f9300 | 0102 | RGBA_8888    |    0.0    0.0 1440.0 3088.0 |   39   84 1401 3004 | com.example.dogglers/com.example.dogglers.MainActivity$_5639#162168
09-25 13:19:22.484  1914  1914 D SurfaceFlinger:      DEVICE | 0xb400007af6c14880 | 0100 | RGBA_8888    |    0.0    0.0 1440.0  100.0 |    0    0 1440  100 | StatusBar$_4768#95
09-25 13:19:22.484  1914  1914 D SurfaceFlinger:      DEVICE | 0xb400007af8705400 | 0100 | RGBA_8888    |    0.0    0.0   67.0  589.0 |    0  562   67 1151 | com.samsung.android.app.cocktailbars[...]vice.CocktailBarService$_8423#156853
09-25 13:19:22.484  1914  1914 D SurfaceFlinger:      DEVICE | 0xb400007af8705500 | 0100 | RGBA_8888    |    0.0    0.0  518.0   48.0 |  922 3040 1440 3088 | SGestureOverlayWindow$_5369#156268
09-25 13:19:22.484  1914  1914 D SurfaceFlinger:      DEVICE | 0xb400007af6
09-25 13:19:22.484  1914  1914 D SurfaceFlinger: c15880 | 0100 | RGBA_8888    |    0.0    0.0 1440.0  168.0 |    0 2920 1440 3088 | NavigationBar0$_4768#92
09-25 13:19:22.484  1914  1914 D SurfaceFlinger:
09-25 13:19:22.485  1914  4196 I SurfaceFlinger: id=162178 createSurf, flag=24000, Surface(name=d110b4c NavigationBar0)/@0x8bdb781 - animation-leash of insets_animation#162178
09-25 13:19:22.486  3108  6493 V WindowManager: Relayout hash=5d9200f, pid=5639, syncId=-1: mAttrs={(0,0)(fillxfill) sim={adjust=pan forwardNavigation} ty=BASE_APPLICATION wanim=0x1030001
09-25 13:19:22.486  3108  6493 V WindowManager:   fl=1810100
09-25 13:19:22.486  3108  6493 V WindowManager:   pfl=12020040
09-25 13:19:22.486  3108  6493 V WindowManager:   bhv=DEFAULT
09-25 13:19:22.486  3108  6493 V WindowManager:   fitSides= naviIconColor=0}
09-25 13:19:22.487  5639  5639 D InsetsController: onStateChanged: InsetsState: {mDisplayFrame=Rect(0, 0 - 1440, 3088), mDisplayCutout=DisplayCutout{insets=Rect(0, 100 - 0, 0) waterfall=Insets{left=0, top=0, right=0, bottom=0} boundingRect={Bounds=[Rect(0, 0 - 0, 0), Rect(685, 0 - 756, 100), Rect(0, 0 - 0, 0), Rect(0, 0 - 0, 0)]} cutoutPathParserInfo={CutoutPathParserInfo{displayWidth=1440 displayHeight=3088 physicalDisplayWidth=1440 physicalDisplayHeight=3088 density={3.75} cutoutSpec={M 0,0 H -9.466666666666667 V 26.66666666666667‬ H 9.466666666666667 V 0 H 0 Z @dp} rotation={0} scale={1.0} physicalPixelDisplaySizeRatio={1.0}}}}, mRoundedCorners=RoundedCorners{[RoundedCorner{position=TopLeft, radius=14, center=Point(14, 14)}, RoundedCorner{position=TopRight, radius=14, center=Point(1426, 14)}, RoundedCorner{position=BottomRight, radius=14, center=Point(1426, 3074)}, RoundedCorner{position=BottomLeft, radius=14, center=Point(14, 3074)}]}  mRoundedCornerFrame=Rect(0, 0 - 1440, 3088), mPrivacyIndicatorBounds=PrivacyIndicatorBounds {static bounds=Rect(1286, 0 - 1440, 100) rotation=0}, mSources= { InsetsSource: {mType=ITYPE_STATUS_BAR, mFrame=[0,0][1440,100], mVisible=true, mInsetsRoundedCornerFrame=false}, InsetsSource: {mType=ITYPE_NAVIGATION_BAR, mFrame=[0,3088][1440,3088], mVisible=true, mInsetsRoundedCornerFrame=false}, InsetsSource: {mType=ITYPE_LEFT_GESTURES, mFrame=[0,0][0,3088], mVisible=true, mInsetsRoundedCornerFrame=false}, InsetsSource: {mType=ITYPE_RIGHT_GESTURES, mFrame=[1440,0][1440,3088], mVisible=true, mInsetsRoundedCornerFrame=false}, InsetsSource: {mType=ITYPE_TOP_MANDATORY_GESTURES, mFrame=[0,0][1440,142], mVisible=true, mInsetsRoundedCornerFrame=false}, InsetsSource: {mType=ITYPE_BOTTOM_MANDATORY_GESTURES, mFrame=[0,3018][1440,3088], mVisible=true, mInsetsRoundedCornerFrame=false}, InsetsSource: {mType=ITYPE_LEFT_DISPLAY_CUTOUT, mFrame=[0,0][-100000,3088], mVisible=true, mInsetsRoundedCornerFrame=false}, InsetsSource: {mType=ITYPE_TOP_DISPLAY_CUTOUT, mFrame=[0,0][1440,100], mVisible=true, mInsetsRoundedCornerFrame=false}, InsetsSource: {mType=ITYPE_RIGHT_DISPLAY_CUTOUT, mFrame=[100000,0][1440,3088], mVisible=true, mInsetsRoundedCornerFrame=false}, InsetsSource: {mType=ITYPE_BOTTOM_DISPLAY_CUTOUT, mFrame=[0,100000][1440,3088], mVisible=true, mInsetsRoundedCornerFrame=false}, InsetsSource: {mType=ITYPE_TOP_TAPPABLE_ELEMENT, mFrame=[0,0][1440,100], mVisible=true, mInsetsRoundedCornerFrame=false}, InsetsSource: {mType=ITYPE_BOTTOM_TAPPABLE_ELEMENT, mFrame=[0,0][0,0], mVisible=true, mInsetsRoundedCornerFrame=false}, InsetsSource: {mType=ITYPE_IME, mFrame=[0,0][0,0], mVisibleFrame=[0,3088][1440,3088], mVisible=false, mInsetsRoundedCornerFrame=false} } host=com.example.dogglers/androidx.test.core.app.InstrumentationActivityInvoker$EmptyActivity from=android.view.ViewRootImpl.relayoutWindow:9802
09-25 13:19:22.488  5639  5639 I ViewRootImpl@d7cca54[InstrumentationActivityInvoker$EmptyActivity]: updateBlastSurfaceIfNeeded mBlastBufferQueue=null isSameSurfaceControl=false
09-25 13:19:22.488  1914  1914 I Layer   : id=162169 removedFromDrawingState Surface(name=4eb27f5 StatusBar)/@0x43fa543 - animation-leash of insets_animation#162169 (341)
09-25 13:19:22.488  1914  1914 I Layer   : id=162170 removedFromDrawingState Surface(name=d110b4c NavigationBar0)/@0x8bdb781 - animation-leash of insets_animation#162170 (341)
09-25 13:19:22.488  1914  1914 I SurfaceFlinger: [5d9200f com.example.dogglers/androidx.test.core.app.InstrumentationActivityInvoker$EmptyActivity#162175] FrameRatePriority: 1
09-25 13:19:22.488  5639  5639 I BLASTBufferQueue: new BLASTBufferQueue, mName= ViewRootImpl@d7cca54[InstrumentationActivityInvoker$EmptyActivity] mNativeObject= 0xb4000077a1043800 sc.mNativeObject= 0xb4000077b1d47340 caller= android.view.ViewRootImpl.updateBlastSurfaceIfNeeded:2909 android.view.ViewRootImpl.relayoutWindow:9847 android.view.ViewRootImpl.performTraversals:3884 android.view.ViewRootImpl.doTraversal:3116 android.view.ViewRootImpl$TraversalRunnable.run:10885 android.view.Choreographer$CallbackRecord.run:1301 android.view.Choreographer$CallbackRecord.run:1309 android.view.Choreographer.doCallbacks:923 android.view.Choreographer.doFrame:852 android.view.Choreographer$FrameDisplayEventReceiver.run:1283
09-25 13:19:22.488  5639  5639 I BLASTBufferQueue: update, w= 1440 h= 3088 mName = ViewRootImpl@d7cca54[InstrumentationActivityInvoker$EmptyActivity] mNativeObject= 0xb4000077a1043800 sc.mNativeObject= 0xb4000077b1d47340 format= -1 caller= android.graphics.BLASTBufferQueue.<init>:84 android.view.ViewRootImpl.updateBlastSurfaceIfNeeded:2909 android.view.ViewRootImpl.relayoutWindow:9847 android.view.ViewRootImpl.performTraversals:3884 android.view.ViewRootImpl.doTraversal:3116 android.view.ViewRootImpl$TraversalRunnable.run:10885
09-25 13:19:22.489  5639  5639 I ViewRootImpl@d7cca54[InstrumentationActivityInvoker$EmptyActivity]: Relayout returned: old=(0,0,1440,3088) new=(0,0,1440,3088) req=(1440,3088)0 dur=12 res=0x3 s={true 0xb400007734853800} ch=true seqId=0
09-25 13:19:22.489  5639  5639 I ViewRootImpl@d7cca54[InstrumentationActivityInvoker$EmptyActivity]: performConfigurationChange setNightDimText nightDimLevel=0
09-25 13:19:22.489  5639  5639 I ViewRootImpl@d7cca54[InstrumentationActivityInvoker$EmptyActivity]: mThreadedRenderer.initialize() mSurface={isValid=true 0xb400007734853800} hwInitialized=true
09-25 13:19:22.489  5639  5729 D OpenGLRenderer: eglCreateWindowSurface
09-25 13:19:22.489  3108  6493 D InputDispatcher: Focus request (0): 5d9200f com.example.dogglers/androidx.test.core.app.InstrumentationActivityInvoker$EmptyActivity but waiting because NOT_VISIBLE
09-25 13:19:22.490  5639  5639 I ViewRootImpl@d7cca54[InstrumentationActivityInvoker$EmptyActivity]: reportNextDraw android.view.ViewRootImpl.performTraversals:4438 android.view.ViewRootImpl.doTraversal:3116 android.view.ViewRootImpl$TraversalRunnable.run:10885 android.view.Choreographer$CallbackRecord.run:1301 android.view.Choreographer$CallbackRecord.run:1309
09-25 13:19:22.490  5639  5639 I ViewRootImpl@d7cca54[InstrumentationActivityInvoker$EmptyActivity]: Setup new sync id=0
09-25 13:19:22.490  5639  5639 I ViewRootImpl@d7cca54[InstrumentationActivityInvoker$EmptyActivity]: Setting syncFrameCallback
09-25 13:19:22.490  5639  5639 I ViewRootImpl@d7cca54[InstrumentationActivityInvoker$EmptyActivity]: registerCallbacksForSync syncBuffer=false
09-25 13:19:22.491  5639  5771 I ViewRootImpl@d7cca54[InstrumentationActivityInvoker$EmptyActivity]: Received frameDrawingCallback syncResult=0 frameNum=1.
09-25 13:19:22.491  5639  5771 I ViewRootImpl@d7cca54[InstrumentationActivityInvoker$EmptyActivity]: Setting up sync and frameCommitCallback
09-25 13:19:22.492  5639  5729 I BLASTBufferQueue: [ViewRootImpl@d7cca54[InstrumentationActivityInvoker$EmptyActivity]#19](f:0,a:0) onFrameAvailable the first frame is available
09-25 13:19:22.493  5639  5729 I ViewRootImpl@d7cca54[InstrumentationActivityInvoker$EmptyActivity]: Received frameCommittedCallback lastAttemptedDrawFrameNum=1 didProduceBuffer=true
09-25 13:19:22.493  5639  5729 D OpenGLRenderer: CFMS:: SetUp Pid : 5639    Tid : 5729
09-25 13:19:22.498  6586  6586 I SAMSUNGWALLET-USBP: [AlertController] Boarding pass alert is not enabled
09-25 13:19:22.498  6586  6586 I SAMSUNGWALLET-USBP: [AlertController] dismiss alert: NO_ALERT
09-25 13:19:22.500  5639  5639 I ViewRootImpl@d7cca54[InstrumentationActivityInvoker$EmptyActivity]: onSyncComplete
09-25 13:19:22.500  5639  5639 I ViewRootImpl@d7cca54[InstrumentationActivityInvoker$EmptyActivity]: setupSync seqId=0 mSyncId=0 fn=1 caller=android.view.ViewRootImpl$$ExternalSyntheticLambda11.accept:6 android.window.SurfaceSyncer.lambda$setupSync$1$android-window-SurfaceSyncer:128 android.window.SurfaceSyncer$$ExternalSyntheticLambda1.accept:8 android.window.SurfaceSyncer$SyncSet.checkIfSyncIsComplete:382 android.window.SurfaceSyncer$SyncSet.markSyncReady:359 android.window.SurfaceSyncer.markSyncReady:151 android.view.ViewRootImpl.performTraversals:4503
09-25 13:19:22.500  5639  5639 I ViewRootImpl@d7cca54[InstrumentationActivityInvoker$EmptyActivity]: reportDrawFinished seqId=0 mSyncId=-1 fn=1 mSurfaceChangedTransaction=0xb4000077345cf200
09-25 13:19:22.501  5639  5639 I ViewRootImpl@8ebde2e[MainActivity]: MSG_WINDOW_FOCUS_CHANGED 0 0
09-25 13:19:22.502  1914  4196 I SurfaceFlinger: id=162170 Removed Surface(name=d110b4c NavigationBar0)/@0x8bdb781 - animation-leash of insets_animation#162170 (341)
09-25 13:19:22.502  1914  4196 I SurfaceFlinger: id=162169 Removed Surface(name=4eb27f5 StatusBar)/@0x43fa543 - animation-leash of insets_animation#162169 (341)
09-25 13:19:22.503  3108  3227 I ActivityTaskManager: Displayed com.example.dogglers/androidx.test.core.app.InstrumentationActivityInvoker$EmptyActivity: +80ms
09-25 13:19:22.504  5759  5759 E pageboostd: Received HALT command code 2
09-25 13:19:22.505  1914  1914 I Layer   : id=162169 Destroyed Surface(name=4eb27f5 StatusBar)/@0x43fa543 - animation-leash of insets_animation#162169
09-25 13:19:22.505  1914  1914 I Layer   : id=162170 Destroyed Surface(name=d110b4c NavigationBar0)/@0x8bdb781 - animation-leash of insets_animation#162170
09-25 13:19:22.513  3108  8626 I SemDvfsHyPerManager: acquire hyper - AMS_RESUME_TAIL/3108@20, type = -999
09-25 13:19:22.513  1914  1914 I Layer   : Layer [com.example.dogglers/androidx.test.core.app.InstrumentationActivityInvoker$EmptyActivity$_5639#162176] hidden!! flag(0)
09-25 13:19:22.514  3108  8626 I SemDvfsHyPerManager: acquire hyper - AMS_ACT_LAZY/3108@21, type = -999
09-25 13:19:22.514  1809  1855 I HYPER-HAL: [RequestManager.cpp]acquire(): Acquired ID : 4893776  [3108 / 20]    HINT : AMS_RESUME_TAIL    list :
09-25 13:19:22.514  1809  1855 I HYPER-HAL: [RequestManager.cpp]acquire(): Acquired ID : 4896906  [3108 / 21]    HINT : AMS_ACT_LAZY    list :
09-25 13:19:22.515  3108  4923 D InputDispatcher: Focus entered window (0): 5d9200f com.example.dogglers/androidx.test.core.app.InstrumentationActivityInvoker$EmptyActivity
09-25 13:19:22.516  1914  1914 D SurfaceFlinger: Display 4630947093241269891 HWC layers:
09-25 13:19:22.516  1914  1914 D SurfaceFlinger:      CLIENT | 0xb400007af6c13480 | 0100 | RGBx_8888    |  592.0    0.0 1628.0 2220.0 |    0    0 1440 3088 | Wallpaper BBQ wrapper#90
09-25 13:19:22.516  1914  1914 D SurfaceFlinger:      CLIENT | 0xb400007af6c11480 | 0100 | RGBA_8888    |    0.0    0.0 1440.0 3088.0 |    0    0 1440 3088 | com.sec.android.app.launcher/com.sec[...]rActivity$_5369#162113 (blurRegions)
09-25 13:19:22.516  1914  1914 D SurfaceFlinger:      DEVICE | 0xb400007af86f9400 | 0102 | RGBA_8888    |    0.0    0.0 1440.0 3088.0 |   26   56 1414 3032 | com.example.dogglers/androidx.test.c[...]tyInvoker$EmptyActivity$_5639#162176
09-25 13:19:22.516  1914  1914 D SurfaceFlinger:      DEVICE | 0xb400007af6c14880 | 0100 | RGBA_8888    |    0.0    0.0 1440.0  100.0 |    0    0 1440  100 | StatusBar$_4768#95
09-25 13:19:22.516  1914  1914 D SurfaceFlinger:      DEVICE | 0xb400007af8705400 | 0100 | RGBA_8888    |    0.0    0.0   67.0  589.0 |    0  562   67 1151 | com.samsung.android.app.cocktailbars[...]vice.CocktailBarService$_8423#156853
09-25 13:19:22.516  1914  1914 D SurfaceFlinger:      DEVICE | 0xb400007af8705500 | 0100 | RGBA_8888    |    0.0    0.0  518.0   48.0 |  922 3040 1440 3088 | SGestureOverlayWindow$_5369#156268
09-25 13:19:22.516  1914  1914 D SurfaceFlinger:      DEVICE | 0x
09-25 13:19:22.516  1914  1914 D SurfaceFlinger: b400007af6c15880 | 0100 | RGBA_8888    |    0.0    0.0 1440.0  168.0 |    0 2920 1440 3088 | NavigationBar0$_4768#92
09-25 13:19:22.516  1914  1914 D SurfaceFlinger:
09-25 13:19:22.517  1809  1855 I HYPER-HAL: [RequestManager.cpp]releaseLocked(): Released ID : 4887519
09-25 13:19:22.518  5639  5639 I ViewRootImpl@d7cca54[InstrumentationActivityInvoker$EmptyActivity]: MSG_WINDOW_FOCUS_CHANGED 1 0
09-25 13:19:22.518  5639  5639 I ViewRootImpl@d7cca54[InstrumentationActivityInvoker$EmptyActivity]: mThreadedRenderer.initializeIfNeeded()#2 mSurface={isValid=true 0xb400007734853800}
09-25 13:19:22.519  5639  5639 D InputMethodManager: startInputInner - Id : 0
09-25 13:19:22.519  5639  5639 I InputMethodManager: startInputInner - mService.startInputOrWindowGainedFocus
09-25 13:19:22.519  3108  4073 I SemDvfsHyPerManager: acquire hyper - AMS_ACT_START/3108@18, type = -999
09-25 13:19:22.520  1809  1855 I HYPER-HAL: [RequestManager.cpp]acquire(): Acquired ID : 4887519  [3108 / 18]    HINT : AMS_ACT_START    list :
09-25 13:19:22.520  1914  3193 I SurfaceFlinger: id=162179 createSurf, flag=80004, ActivityRecord{3afb21e u0 com.example.dogglers/androidx.test.core.app.InstrumentationActivityInvoker$EmptyActivity} t7110}#162179
09-25 13:19:22.531  1914  2140 I SurfaceFlinger: id=162180 createSurf, flag=80000, 4f87659 ActivityRecordInputSink com.example.dogglers/androidx.test.core.app.InstrumentationActivityInvoker$EmptyActivity#162180
09-25 13:19:22.535  3108  4923 D InputMethodManagerService: DESKTOP MODE! : 2
09-25 13:19:22.535  3108  4923 D InputMethodManagerService: NOT IN KNOX DESKTOP MODE!
09-25 13:19:22.535  3108  4923 V InputMethodManagerService: getDisplayIdOfInputMethodWindowToBeAdded: displayId=0
09-25 13:19:22.535  3108  4923 D InputMethodManagerService: isImeSwitcherDisabledPackage : false
09-25 13:19:22.535  3108  4923 D InputMethodManagerService: checkDisplayOfStartInputAndUpdateKeyboard: displayId=0, mFocusedDisplayId=0
09-25 13:19:22.535  3108  4923 D InputTransport: Input channel constructed: 'ClientS', fd=1249
09-25 13:19:22.535  3108  4923 D InputTransport: Input channel destroyed: 'ClientS', fd=1249
09-25 13:19:22.536   586   586 I GoogleInputMethodService: GoogleInputMethodService.onFinishInput():3267
09-25 13:19:22.536  5639  5639 D LifecycleMonitor: Lifecycle status change: androidx.test.core.app.InstrumentationActivityInvoker$EmptyActivity@7b529a in: PAUSED
09-25 13:19:22.536  5639  5639 V ActivityScenario: Activity lifecycle changed event received but ignored because the intent does not match. startActivityIntent=Intent { act=android.intent.action.MAIN cat=[android.intent.category.LAUNCHER] cmp=com.example.dogglers/.MainActivity }, activity.getIntent()=Intent { act=android.intent.action.MAIN cat=[android.intent.category.LAUNCHER] flg=0x10000000 cmp=com.example.dogglers/androidx.test.core.app.InstrumentationActivityInvoker$EmptyActivity }, activity=androidx.test.core.app.InstrumentationActivityInvoker$EmptyActivity@7b529a
09-25 13:19:22.537  1914  2140 I SurfaceFlinger: id=162181 createSurf, flag=24004, Surface(name=6a358c3 InputMethod)/@0x1a6cc79 - animation-leash of insets_animation#162181
09-25 13:19:22.537  3108  3230 I ChimeraSystemEventListener: appLaunchIntent package name is: com.example.dogglers
09-25 13:19:22.537   586   586 I GoogleInputMethodService: GoogleInputMethodService.updateDeviceLockedStatus():2097 repeatCheckTimes = 0, locked = false
09-25 13:19:22.537   586   586 D InputMethodService: checkFocusedDisplay() display Id 0last 0
09-25 13:19:22.537   586   586 I GoogleInputMethodService: GoogleInputMethodService.onStartInput():1889 onStartInput(EditorInfo{EditorInfo{packageName=com.example.dogglers, inputType=0, inputTypeString=NULL, enableLearning=false, autoCorrection=false, autoComplete=false, imeOptions=0, privateImeOptions=null, actionName=UNSPECIFIED, actionLabel=null, initialSelStart=-1, initialSelEnd=-1, initialCapsMode=0, label=null, fieldId=-1, fieldName=null, extras=Bundle[{displayId=0}], hintText=null, hintLocales=[]}}, false)
09-25 13:19:22.542   586   586 I GoogleInputMethodService: GoogleInputMethodService.updateDeviceLockedStatus():2097 repeatCheckTimes = 1, locked = false
09-25 13:19:22.543  5759  5759 E pageboostd: Received HALT command code 2
09-25 13:19:22.544  3108  4923 D InputDispatcher: Focused application(0): ActivityRecord{3afb21e u0 com.example.dogglers/androidx.test.core.app.InstrumentationActivityInvoker$EmptyActivity} t7110}
09-25 13:19:22.545  3108 29076 D RemoteAppTaskWatcher:  ****** RemoteAppTaskWatcher: Message Received 5 Task ID = 0
09-25 13:19:22.551  5639  5639 D LifecycleMonitor: Lifecycle status change: androidx.test.core.app.InstrumentationActivityInvoker$EmptyActivity@1863697 in: PRE_ON_CREATE
09-25 13:19:22.551  5639  5639 V ActivityScenario: Activity lifecycle changed event received but ignored because the intent does not match. startActivityIntent=Intent { act=android.intent.action.MAIN cat=[android.intent.category.LAUNCHER] cmp=com.example.dogglers/.MainActivity }, activity.getIntent()=Intent { act=android.intent.action.MAIN cat=[android.intent.category.LAUNCHER] flg=0x10000000 cmp=com.example.dogglers/androidx.test.core.app.InstrumentationActivityInvoker$EmptyActivity }, activity=androidx.test.core.app.InstrumentationActivityInvoker$EmptyActivity@1863697
09-25 13:19:22.554  3108  3230 I SemPersonaManager: SecureFolder personaId = 150
09-25 13:19:22.555  1914  1914 I Layer   : id=162172 removedFromDrawingState Surface(name=6a358c3 InputMethod)/@0x1a6cc79 - animation-leash of insets_animation#162172 (342)
09-25 13:19:22.555  5639  5639 I DecorView: [INFO] isPopOver=false config=true
09-25 13:19:22.555  1914  1914 I SurfaceFlinger: [5d9200f com.example.dogglers/androidx.test.core.app.InstrumentationActivityInvoker$EmptyActivity#162175] FrameRatePriority: -1
09-25 13:19:22.555  5639  5639 I DecorView: updateCaptionType: isFloating=false isApplication=true hasWindowDecorCaption=false this=DecorView@2baa4a2[]
09-25 13:19:22.555  5639  5639 D DecorView: setCaptionType = 0, this = DecorView@2baa4a2[]
09-25 13:19:22.556  5639  5639 I DecorView: getCurrentDensityDpi: from real metrics. densityDpi=560 msg=resources_loaded
09-25 13:19:22.556  5639  5639 I DecorView: setWindowBackground: isPopOver=false color=ff010101 d=android.graphics.drawable.StateListDrawable@eeda533
09-25 13:19:22.556  5639  5639 D LifecycleMonitor: Lifecycle status change: androidx.test.core.app.InstrumentationActivityInvoker$EmptyActivity@1863697 in: CREATED
09-25 13:19:22.556  5639  5639 V ActivityScenario: Activity lifecycle changed event received but ignored because the intent does not match. startActivityIntent=Intent { act=android.intent.action.MAIN cat=[android.intent.category.LAUNCHER] cmp=com.example.dogglers/.MainActivity }, activity.getIntent()=Intent { act=android.intent.action.MAIN cat=[android.intent.category.LAUNCHER] flg=0x10000000 cmp=com.example.dogglers/androidx.test.core.app.InstrumentationActivityInvoker$EmptyActivity }, activity=androidx.test.core.app.InstrumentationActivityInvoker$EmptyActivity@1863697
09-25 13:19:22.556  5639  5639 D LifecycleMonitor: Lifecycle status change: androidx.test.core.app.InstrumentationActivityInvoker$EmptyActivity@1863697 in: STARTED
09-25 13:19:22.557  5639  5639 V ActivityScenario: Activity lifecycle changed event received but ignored because the intent does not match. startActivityIntent=Intent { act=android.intent.action.MAIN cat=[android.intent.category.LAUNCHER] cmp=com.example.dogglers/.MainActivity }, activity.getIntent()=Intent { act=android.intent.action.MAIN cat=[android.intent.category.LAUNCHER] flg=0x10000000 cmp=com.example.dogglers/androidx.test.core.app.InstrumentationActivityInvoker$EmptyActivity }, activity=androidx.test.core.app.InstrumentationActivityInvoker$EmptyActivity@1863697
09-25 13:19:22.557  5639  5639 D LifecycleMonitor: Lifecycle status change: androidx.test.core.app.InstrumentationActivityInvoker$EmptyActivity@1863697 in: RESUMED
09-25 13:19:22.557  5639  5639 V ActivityScenario: Activity lifecycle changed event received but ignored because the intent does not match. startActivityIntent=Intent { act=android.intent.action.MAIN cat=[android.intent.category.LAUNCHER] cmp=com.example.dogglers/.MainActivity }, activity.getIntent()=Intent { act=android.intent.action.MAIN cat=[android.intent.category.LAUNCHER] flg=0x10000000 cmp=com.example.dogglers/androidx.test.core.app.InstrumentationActivityInvoker$EmptyActivity }, activity=androidx.test.core.app.InstrumentationActivityInvoker$EmptyActivity@1863697
09-25 13:19:22.557  5639  5639 I MSHandlerLifeCycle: check: return. pkg=com.example.dogglers parent=null callers=com.android.internal.policy.DecorView.setVisibility:4412 android.app.ActivityThread.handleResumeActivity:5476 android.app.servertransaction.ResumeActivityItem.execute:54 android.app.servertransaction.ActivityTransactionItem.execute:45 android.app.servertransaction.TransactionExecutor.executeLifecycleState:176
09-25 13:19:22.557  5639  5639 I MSHandlerLifeCycle: removeMultiSplitHandler: no exist. decor=DecorView@2baa4a2[]
09-25 13:19:22.558 15715 18710 I WindowsLink: (TaskInfoManager) +++++++++++onRecentTaskStackUpdated
09-25 13:19:22.559  5639  5729 D NativeCustomFrequencyManager: [NativeCFMS] BpCustomFrequencyManager::BpCustomFrequencyManager()
09-25 13:19:22.562  3108  4923 D InputTransport: Input channel constructed: '8e564fc', fd=1249
09-25 13:19:22.562  3108  4923 D InputTransport: Input channel constructed: '8e564fc', fd=1332
09-25 13:19:22.562  3108  4923 D InputTransport: Input channel constructed: '8e564fc', fd=1355
09-25 13:19:22.562  1914  2140 I SurfaceFlinger: id=162182 createSurf, flag=80004, 8e564fc com.example.dogglers/androidx.test.core.app.InstrumentationActivityInvoker$EmptyActivity#162182
09-25 13:19:22.564  3108  3230 D EnterpriseDeviceManagerService: isMdmAdminPresentInternal() : MDM Admin Found - com.samsung.knox.securefolder
09-25 13:19:22.564  3108  4923 D InputTransport: Input channel destroyed: '8e564fc', fd=1355
09-25 13:19:22.565  5639  5639 D InsetsController: onStateChanged: InsetsState: {mDisplayFrame=Rect(0, 0 - 1440, 3088), mDisplayCutout=DisplayCutout{insets=Rect(0, 100 - 0, 0) waterfall=Insets{left=0, top=0, right=0, bottom=0} boundingRect={Bounds=[Rect(0, 0 - 0, 0), Rect(685, 0 - 756, 100), Rect(0, 0 - 0, 0), Rect(0, 0 - 0, 0)]} cutoutPathParserInfo={CutoutPathParserInfo{displayWidth=1440 displayHeight=3088 physicalDisplayWidth=1440 physicalDisplayHeight=3088 density={3.75} cutoutSpec={M 0,0 H -9.466666666666667 V 26.66666666666667‬ H 9.466666666666667 V 0 H 0 Z @dp} rotation={0} scale={1.0} physicalPixelDisplaySizeRatio={1.0}}}}, mRoundedCorners=RoundedCorners{[RoundedCorner{position=TopLeft, radius=14, center=Point(14, 14)}, RoundedCorner{position=TopRight, radius=14, center=Point(1426, 14)}, RoundedCorner{position=BottomRight, radius=14, center=Point(1426, 3074)}, RoundedCorner{position=BottomLeft, radius=14, center=Point(14, 3074)}]}  mRoundedCornerFrame=Rect(0, 0 - 1440, 3088), mPrivacyIndicatorBounds=PrivacyIndicatorBounds {static bounds=Rect(1286, 0 - 1440, 100) rotation=0}, mSources= { InsetsSource: {mType=ITYPE_STATUS_BAR, mFrame=[0,0][1440,100], mVisible=true, mInsetsRoundedCornerFrame=false}, InsetsSource: {mType=ITYPE_NAVIGATION_BAR, mFrame=[0,3088][1440,3088], mVisible=true, mInsetsRoundedCornerFrame=false}, InsetsSource: {mType=ITYPE_LEFT_GESTURES, mFrame=[0,0][0,3088], mVisible=true, mInsetsRoundedCornerFrame=false}, InsetsSource: {mType=ITYPE_RIGHT_GESTURES, mFrame=[1440,0][1440,3088], mVisible=true, mInsetsRoundedCornerFrame=false}, InsetsSource: {mType=ITYPE_TOP_MANDATORY_GESTURES, mFrame=[0,0][1440,142], mVisible=true, mInsetsRoundedCornerFrame=false}, InsetsSource: {mType=ITYPE_BOTTOM_MANDATORY_GESTURES, mFrame=[0,3018][1440,3088], mVisible=true, mInsetsRoundedCornerFrame=false}, InsetsSource: {mType=ITYPE_LEFT_DISPLAY_CUTOUT, mFrame=[0,0][-100000,3088], mVisible=true, mInsetsRoundedCornerFrame=false}, InsetsSource: {mType=ITYPE_TOP_DISPLAY_CUTOUT, mFrame=[0,0][1440,100], mVisible=true, mInsetsRoundedCornerFrame=false}, InsetsSource: {mType=ITYPE_RIGHT_DISPLAY_CUTOUT, mFrame=[100000,0][1440,3088], mVisible=true, mInsetsRoundedCornerFrame=false}, InsetsSource: {mType=ITYPE_BOTTOM_DISPLAY_CUTOUT, mFrame=[0,100000][1440,3088], mVisible=true, mInsetsRoundedCornerFrame=false}, InsetsSource: {mType=ITYPE_TOP_TAPPABLE_ELEMENT, mFrame=[0,0][1440,100], mVisible=true, mInsetsRoundedCornerFrame=false}, InsetsSource: {mType=ITYPE_BOTTOM_TAPPABLE_ELEMENT, mFrame=[0,0][0,0], mVisible=true, mInsetsRoundedCornerFrame=false} } host=com.example.dogglers/androidx.test.core.app.InstrumentationActivityInvoker$EmptyActivity from=android.view.ViewRootImpl.setView:1732
09-25 13:19:22.565  3108  8626 D InputDispatcher: Focus request (0): <null> but waiting because NOT_FOCUSABLE
09-25 13:19:22.565  3108  8626 D InputDispatcher: Focus left window (0): 5d9200f com.example.dogglers/androidx.test.core.app.InstrumentationActivityInvoker$EmptyActivity
09-25 13:19:22.567  8423  8423 I ActivityUtils: HomePackage : com.sec.android.app.launcher, resumePackageName : com.example.dogglers
09-25 13:19:22.569  3108  6142 I MediaSessionMonitor: Media session stopped : controllerList empty
09-25 13:19:22.570  5639  5639 I ViewRootImpl@8fb8669[InstrumentationActivityInvoker$EmptyActivity]: setView = com.android.internal.policy.DecorView@2baa4a2 TM=true
09-25 13:19:22.570  5639  5639 I MSHandlerLifeCycle: removeMultiSplitHandler: no exist. decor=DecorView@2baa4a2[InstrumentationActivityInvoker$EmptyActivity]
