09-25 13:19:17.477  8423  8423 I ActivityUtils: HomePackage : com.sec.android.app.launcher, resumePackageName : com.example.dogglers
09-25 13:19:17.478  3108  6142 I MediaSessionMonitor: Media session stopped : controllerList empty
09-25 13:19:17.479  5639  5639 I ViewRootImpl@c18fdbf[InstrumentationActivityInvoker$EmptyActivity]: setView = com.android.internal.policy.DecorView@2b30a60 TM=true
09-25 13:19:17.479  5639  5639 I MSHandlerLifeCycle: removeMultiSplitHandler: no exist. decor=DecorView@2b30a60[InstrumentationActivityInvoker$EmptyActivity]
09-25 13:19:17.481  4768  4851 D OpenGLRenderer: setSurface called with nullptr
09-25 13:19:17.481  4768  4851 D OpenGLRenderer: setSurface() destroyed EGLSurface
09-25 13:19:17.481  3108  3338 D AnalyticsContainerHandler: handleMessage : { when=0 what=1 target=com.android.server.knox.KnoxAnalyticsContainer$AnalyticsHandler }
09-25 13:19:17.482  4768  4851 D OpenGLRenderer: destroyEglSurface
09-25 13:19:17.482  2229  5196 I CameraService: onUidStateChanged: uid=10042, procState is changed. (1 -> 0)
09-25 13:19:17.483  5639  5639 I ViewRootImpl@c18fdbf[InstrumentationActivityInvoker$EmptyActivity]: performTraversals params={(0,0)(fillxfill) sim={adjust=pan forwardNavigation} ty=BASE_APPLICATION wanim=0x1030001
09-25 13:19:17.483  5639  5639 I ViewRootImpl@c18fdbf[InstrumentationActivityInvoker$EmptyActivity]:   fl=1810100
09-25 13:19:17.483  5639  5639 I ViewRootImpl@c18fdbf[InstrumentationActivityInvoker$EmptyActivity]:   pfl=12020040
09-25 13:19:17.483  5639  5639 I ViewRootImpl@c18fdbf[InstrumentationActivityInvoker$EmptyActivity]:   bhv=DEFAULT
09-25 13:19:17.483  5639  5639 I ViewRootImpl@c18fdbf[InstrumentationActivityInvoker$EmptyActivity]:   fitSides= naviIconColor=0}
09-25 13:19:17.483  4768  4843 I ViewRootImpl@8392ea1[dogglers]: performTraversals params={(0,0)(fillxfill) sim={adjust=pan} ty=APPLICATION_STARTING fmt=TRANSLUCENT wanim=0x1030001 alpha=0.0
09-25 13:19:17.483  4768  4843 I ViewRootImpl@8392ea1[dogglers]:   fl=81030118
09-25 13:19:17.483  4768  4843 I ViewRootImpl@8392ea1[dogglers]:   pfl=16000010
09-25 13:19:17.483  4768  4843 I ViewRootImpl@8392ea1[dogglers]:   bhv=DEFAULT
09-25 13:19:17.483  4768  4843 I ViewRootImpl@8392ea1[dogglers]:   fitSides= naviIconColor=0}
09-25 13:19:17.483  5639  5639 I ViewRootImpl@c18fdbf[InstrumentationActivityInvoker$EmptyActivity]: performTraversals mFirst=true windowShouldResize=true viewVisibilityChanged=false mForceNextWindowRelayout=false params={(0,0)(fillxfill) sim={adjust=pan forwardNavigation} ty=BASE_APPLICATION wanim=0x1030001
09-25 13:19:17.483  5639  5639 I ViewRootImpl@c18fdbf[InstrumentationActivityInvoker$EmptyActivity]:   fl=1810100
09-25 13:19:17.483  5639  5639 I ViewRootImpl@c18fdbf[InstrumentationActivityInvoker$EmptyActivity]:   pfl=12020040
09-25 13:19:17.483  5639  5639 I ViewRootImpl@c18fdbf[InstrumentationActivityInvoker$EmptyActivity]:   bhv=DEFAULT
09-25 13:19:17.483  5639  5639 I ViewRootImpl@c18fdbf[InstrumentationActivityInvoker$EmptyActivity]:   fitSides= naviIconColor=0}
09-25 13:19:17.483  4768  4843 I ViewRootImpl@8392ea1[dogglers]: performTraversals mFirst=false windowShouldResize=false viewVisibilityChanged=true mForceNextWindowRelayout=false params={(0,0)(fillxfill) sim={adjust=pan} ty=APPLICATION_STARTING fmt=TRANSLUCENT wanim=0x1030001 alpha=0.0
09-25 13:19:17.483  4768  4843 I ViewRootImpl@8392ea1[dogglers]:   fl=81030118
09-25 13:19:17.483  4768  4843 I ViewRootImpl@8392ea1[dogglers]:   pfl=16000010
09-25 13:19:17.483  4768  4843 I ViewRootImpl@8392ea1[dogglers]:   bhv=DEFAULT
09-25 13:19:17.483  4768  4843 I ViewRootImpl@8392ea1[dogglers]:   fitSides= naviIconColor=0}
09-25 13:19:17.483  3108  6493 V WindowManager: Relayout Window{2a20af6 u0 com.example.dogglers/androidx.test.core.app.InstrumentationActivityInvoker$EmptyActivity}: viewVisibility=0 req=1440x3088 d0
09-25 13:19:17.483  1914  2140 I SurfaceFlinger: id=161922 createSurf, flag=40004, com.example.dogglers/androidx.test.core.app.InstrumentationActivityInvoker$EmptyActivity$_5639#161922
09-25 13:19:17.487  1914  2140 I SurfaceFlinger: id=161923 createSurf, flag=24000, Surface(name=4eb27f5 StatusBar)/@0x43fa543 - animation-leash of insets_animation#161923
09-25 13:19:17.487  1914  2140 I SurfaceFlinger: id=161924 createSurf, flag=24000, Surface(name=d110b4c NavigationBar0)/@0x8bdb781 - animation-leash of insets_animation#161924
09-25 13:19:17.488  3108  6456 V WindowManager: Relayout Window{a1dfc53 u0 Splash Screen com.example.dogglers}: viewVisibility=8 req=1440x3088 d0
09-25 13:19:17.488  3108  6493 V WindowManager: Relayout hash=2a20af6, pid=5639, syncId=-1: mAttrs={(0,0)(fillxfill) sim={adjust=pan forwardNavigation} ty=BASE_APPLICATION wanim=0x1030001
09-25 13:19:17.488  3108  6493 V WindowManager:   fl=1810100
09-25 13:19:17.488  3108  6493 V WindowManager:   pfl=12020040
09-25 13:19:17.488  3108  6493 V WindowManager:   bhv=DEFAULT
09-25 13:19:17.488  3108  6493 V WindowManager:   fitSides= naviIconColor=0}
09-25 13:19:17.488  5639  5639 D InsetsController: onStateChanged: InsetsState: {mDisplayFrame=Rect(0, 0 - 1440, 3088), mDisplayCutout=DisplayCutout{insets=Rect(0, 100 - 0, 0) waterfall=Insets{left=0, top=0, right=0, bottom=0} boundingRect={Bounds=[Rect(0, 0 - 0, 0), Rect(685, 0 - 756, 100), Rect(0, 0 - 0, 0), Rect(0, 0 - 0, 0)]} cutoutPathParserInfo={CutoutPathParserInfo{displayWidth=1440 displayHeight=3088 physicalDisplayWidth=1440 physicalDisplayHeight=3088 density={3.75} cutoutSpec={M 0,0 H -9.466666666666667 V 26.66666666666667‬ H 9.466666666666667 V 0 H 0 Z @dp} rotation={0} scale={1.0} physicalPixelDisplaySizeRatio={1.0}}}}, mRoundedCorners=RoundedCorners{[RoundedCorner{position=TopLeft, radius=14, center=Point(14, 14)}, RoundedCorner{position=TopRight, radius=14, center=Point(1426, 14)}, RoundedCorner{position=BottomRight, radius=14, center=Point(1426, 3074)}, RoundedCorner{position=BottomLeft, radius=14, center=Point(14, 3074)}]}  mRoundedCornerFrame=Rect(0, 0 - 1440, 3088), mPrivacyIndicatorBounds=PrivacyIndicatorBounds {static bounds=Rect(1286, 0 - 1440, 100) rotation=0}, mSources= { InsetsSource: {mType=ITYPE_STATUS_BAR, mFrame=[0,0][1440,100], mVisible=true, mInsetsRoundedCornerFrame=false}, InsetsSource: {mType=ITYPE_NAVIGATION_BAR, mFrame=[0,3088][1440,3088], mVisible=true, mInsetsRoundedCornerFrame=false}, InsetsSource: {mType=ITYPE_LEFT_GESTURES, mFrame=[0,0][0,3088], mVisible=true, mInsetsRoundedCornerFrame=false}, InsetsSource: {mType=ITYPE_RIGHT_GESTURES, mFrame=[1440,0][1440,3088], mVisible=true, mInsetsRoundedCornerFrame=false}, InsetsSource: {mType=ITYPE_TOP_MANDATORY_GESTURES, mFrame=[0,0][1440,142], mVisible=true, mInsetsRoundedCornerFrame=false}, InsetsSource: {mType=ITYPE_BOTTOM_MANDATORY_GESTURES, mFrame=[0,3018][1440,3088], mVisible=true, mInsetsRoundedCornerFrame=false}, InsetsSource: {mType=ITYPE_LEFT_DISPLAY_CUTOUT, mFrame=[0,0][-100000,3088], mVisible=true, mInsetsRoundedCornerFrame=false}, InsetsSource: {mType=ITYPE_TOP_DISPLAY_CUTOUT, mFrame=[0,0][1440,100], mVisible=true, mInsetsRoundedCornerFrame=false}, InsetsSource: {mType=ITYPE_RIGHT_DISPLAY_CUTOUT, mFrame=[100000,0][1440,3088], mVisible=true, mInsetsRoundedCornerFrame=false}, InsetsSource: {mType=ITYPE_BOTTOM_DISPLAY_CUTOUT, mFrame=[0,100000][1440,3088], mVisible=true, mInsetsRoundedCornerFrame=false}, InsetsSource: {mType=ITYPE_TOP_TAPPABLE_ELEMENT, mFrame=[0,0][1440,100], mVisible=true, mInsetsRoundedCornerFrame=false}, InsetsSource: {mType=ITYPE_BOTTOM_TAPPABLE_ELEMENT, mFrame=[0,0][0,0], mVisible=true, mInsetsRoundedCornerFrame=false}, InsetsSource: {mType=ITYPE_IME, mFrame=[0,0][0,0], mVisibleFrame=[0,3088][1440,3088], mVisible=false, mInsetsRoundedCornerFrame=false} } host=com.example.dogglers/androidx.test.core.app.InstrumentationActivityInvoker$EmptyActivity from=android.view.ViewRootImpl.relayoutWindow:9802
09-25 13:19:17.489  5639  5639 I ViewRootImpl@c18fdbf[InstrumentationActivityInvoker$EmptyActivity]: updateBlastSurfaceIfNeeded mBlastBufferQueue=null isSameSurfaceControl=false
09-25 13:19:17.489  5639  5639 I BLASTBufferQueue: new BLASTBufferQueue, mName= ViewRootImpl@c18fdbf[InstrumentationActivityInvoker$EmptyActivity] mNativeObject= 0xb4000077a1040700 sc.mNativeObject= 0xb4000077a103c7c0 caller= android.view.ViewRootImpl.updateBlastSurfaceIfNeeded:2909 android.view.ViewRootImpl.relayoutWindow:9847 android.view.ViewRootImpl.performTraversals:3884 android.view.ViewRootImpl.doTraversal:3116 android.view.ViewRootImpl$TraversalRunnable.run:10885 android.view.Choreographer$CallbackRecord.run:1301 android.view.Choreographer$CallbackRecord.run:1309 android.view.Choreographer.doCallbacks:923 android.view.Choreographer.doFrame:852 android.view.Choreographer$FrameDisplayEventReceiver.run:1283
09-25 13:19:17.489  5639  5639 I BLASTBufferQueue: update, w= 1440 h= 3088 mName = ViewRootImpl@c18fdbf[InstrumentationActivityInvoker$EmptyActivity] mNativeObject= 0xb4000077a1040700 sc.mNativeObject= 0xb4000077a103c7c0 format= -1 caller= android.graphics.BLASTBufferQueue.<init>:84 android.view.ViewRootImpl.updateBlastSurfaceIfNeeded:2909 android.view.ViewRootImpl.relayoutWindow:9847 android.view.ViewRootImpl.performTraversals:3884 android.view.ViewRootImpl.doTraversal:3116 android.view.ViewRootImpl$TraversalRunnable.run:10885
09-25 13:19:17.489  3108  6456 V WindowManager: Relayout hash=a1dfc53, pid=4768, syncId=-1: mAttrs={(0,0)(fillxfill) sim={adjust=pan} ty=APPLICATION_STARTING fmt=TRANSLUCENT wanim=0x1030001 alpha=0.0
09-25 13:19:17.489  3108  6456 V WindowManager:   fl=81030118
09-25 13:19:17.489  3108  6456 V WindowManager:   pfl=16000010
09-25 13:19:17.489  3108  6456 V WindowManager:   bhv=DEFAULT
09-25 13:19:17.489  3108  6456 V WindowManager:   fitSides= naviIconColor=0}
09-25 13:19:17.489  5639  5639 I ViewRootImpl@c18fdbf[InstrumentationActivityInvoker$EmptyActivity]: Relayout returned: old=(0,0,1440,3088) new=(0,0,1440,3088) req=(1440,3088)0 dur=6 res=0x3 s={true 0xb40000774d4b6000} ch=true seqId=0
09-25 13:19:17.490  5639  5639 I ViewRootImpl@c18fdbf[InstrumentationActivityInvoker$EmptyActivity]: performConfigurationChange setNightDimText nightDimLevel=0
09-25 13:19:17.490  5639  5639 I ViewRootImpl@c18fdbf[InstrumentationActivityInvoker$EmptyActivity]: mThreadedRenderer.initialize() mSurface={isValid=true 0xb40000774d4b6000} hwInitialized=true
09-25 13:19:17.490  5639  5729 D OpenGLRenderer: eglCreateWindowSurface
09-25 13:19:17.490  4768  4843 I ViewRootImpl@8392ea1[dogglers]: Relayout returned: old=(0,0,1440,3088) new=(0,0,1440,3088) req=(1440,3088)8 dur=7 res=0x2 s={false 0x0} ch=true seqId=0
09-25 13:19:17.491  5639  5639 I ViewRootImpl@c18fdbf[InstrumentationActivityInvoker$EmptyActivity]: reportNextDraw android.view.ViewRootImpl.performTraversals:4438 android.view.ViewRootImpl.doTraversal:3116 android.view.ViewRootImpl$TraversalRunnable.run:10885 android.view.Choreographer$CallbackRecord.run:1301 android.view.Choreographer$CallbackRecord.run:1309
09-25 13:19:17.491  5639  5639 I ViewRootImpl@c18fdbf[InstrumentationActivityInvoker$EmptyActivity]: Setup new sync id=0
09-25 13:19:17.491  4768  4843 I ViewRootImpl@8392ea1[dogglers]: dispatchDetachedFromWindow
09-25 13:19:17.491  5639  5639 I ViewRootImpl@c18fdbf[InstrumentationActivityInvoker$EmptyActivity]: Setting syncFrameCallback
09-25 13:19:17.491  5639  5639 I ViewRootImpl@c18fdbf[InstrumentationActivityInvoker$EmptyActivity]: registerCallbacksForSync syncBuffer=false
09-25 13:19:17.491  3108  9815 D InputTransport: Input channel destroyed: 'a1dfc53', fd=1562
09-25 13:19:17.491  3108  9815 W InputManager-JNI: Input channel object 'a1dfc53 Splash Screen com.example.dogglers (client)' was disposed without first being removed with the input manager!
09-25 13:19:17.491  3108  9815 D InputTransport: Input channel destroyed: 'a1dfc53', fd=1563
09-25 13:19:17.492  5639  5771 I ViewRootImpl@c18fdbf[InstrumentationActivityInvoker$EmptyActivity]: Received frameDrawingCallback syncResult=0 frameNum=1.
09-25 13:19:17.492  5639  5771 I ViewRootImpl@c18fdbf[InstrumentationActivityInvoker$EmptyActivity]: Setting up sync and frameCommitCallback
09-25 13:19:17.493  4768  4843 D InputTransport: Input channel destroyed: 'a1dfc53', fd=219
09-25 13:19:17.496  1914  1914 I Layer   : id=161915 removedFromDrawingState Surface(name=4eb27f5 StatusBar)/@0x43fa543 - animation-leash of insets_animation#161915 (332)
09-25 13:19:17.496  1914  1914 I Layer   : id=161916 removedFromDrawingState Surface(name=d110b4c NavigationBar0)/@0x8bdb781 - animation-leash of insets_animation#161916 (332)
09-25 13:19:17.496  1914  1914 I SurfaceFlinger: [2a20af6 com.example.dogglers/androidx.test.core.app.InstrumentationActivityInvoker$EmptyActivity#161921] FrameRatePriority: 1
09-25 13:19:17.496  1914  1914 I Layer   : id=161917 removedFromDrawingState Surface(name=f68b827 com.example.dogglers/com.example.dogglers.MainActivity)/@0xbbe0996 - animation-leash of starting_reveal#161917 (332)
09-25 13:19:17.497  3108  9815 D InputDispatcher: Focus request (0): 2a20af6 com.example.dogglers/androidx.test.core.app.InstrumentationActivityInvoker$EmptyActivity but waiting because NO_WINDOW
09-25 13:19:17.499  1914  1914 D SurfaceFlinger: Display 4630947093241269891 HWC layers:
09-25 13:19:17.499  1914  1914 D SurfaceFlinger:      CLIENT | 0xb400007af6c13480 | 0100 | RGBx_8888    |  592.0    0.0 1628.0 2220.0 |    0    0 1440 3088 | Wallpaper BBQ wrapper#90
09-25 13:19:17.499  1914  1914 D SurfaceFlinger:      CLIENT | 0xb400007af6c14780 | 0100 | RGBA_8888    |    0.0    0.0 1440.0 3088.0 |    0    0 1440 3088 | com.sec.android.app.launcher/com.sec[...]rActivity$_5369#161898 (blurRegions)
09-25 13:19:17.499  1914  1914 D SurfaceFlinger:      DEVICE | 0xb400007af86f9b00 | 0102 | RGBA_8888    |    0.0    0.0 1440.0 3088.0 |   12   25 1428 3063 | com.example.dogglers/com.example.dogglers.MainActivity$_5639#161914
09-25 13:19:17.499  1914  1914 D SurfaceFlinger:      DEVICE | 0xb400007af6c14880 | 0100 | RGBA_8888    |    0.0    0.0 1440.0  100.0 |    0    0 1440  100 | StatusBar$_4768#95
09-25 13:19:17.499  1914  1914 D SurfaceFlinger:      DEVICE | 0xb400007af8705400 | 0100 | RGBA_8888    |    0.0    0.0   67.0  589.0 |    0  562   67 1151 | com.samsung.android.app.cocktailbars[...]vice.CocktailBarService$_8423#156853
09-25 13:19:17.499  1914  1914 D SurfaceFlinger:      DEVICE | 0xb400007af8705500 | 0100 | RGBA_8888    |    0.0    0.0  518.0   48.0 |  922 3040 1440 3088 | SGestureOverlayWindow$_5369#156268
09-25 13:19:17.499  1914  1914 D SurfaceFlinger:      DEVICE | 0xb400007af6
09-25 13:19:17.499  1914  1914 D SurfaceFlinger: c15880 | 0100 | RGBA_8888    |    0.0    0.0 1440.0  168.0 |    0 2920 1440 3088 | NavigationBar0$_4768#92
09-25 13:19:17.499  1914  1914 D SurfaceFlinger:
09-25 13:19:17.499  3108  4643 D SemNscXgbMsL1: Probability - Cloud gaming: [0.07077536]
09-25 13:19:17.500  3108  4643 D SemNscXgbMsL1: Probability - Real time: [0.19951017]
09-25 13:19:17.500  3108  4643 D SemNscXgbMsL1: Probability - Non real time: [0.5033789]
09-25 13:19:17.500  3108  4643 D SemNscXgbMsL1: 1 sample inference time: 0.236979 msecs
09-25 13:19:17.500  3108  4643 D SemNscXgbL2Rt: L2 RT 1 sample inference time: 0.352396 msecs
09-25 13:19:17.500  3108  4643 D SemNscXgbL2Nrt: L2 NRT 1 sample inference time: 0.380208 msecs
09-25 13:19:17.505  6586  6586 I SAMSUNGWALLET-USBP: [AlertController] Boarding pass alert is not enabled
09-25 13:19:17.505  6586  6586 I SAMSUNGWALLET-USBP: [AlertController] dismiss alert: NO_ALERT
09-25 13:19:17.507  5639  5729 I BLASTBufferQueue: [ViewRootImpl@c18fdbf[InstrumentationActivityInvoker$EmptyActivity]#1](f:0,a:0) onFrameAvailable the first frame is available
09-25 13:19:17.507  5639  5729 I ViewRootImpl@c18fdbf[InstrumentationActivityInvoker$EmptyActivity]: Received frameCommittedCallback lastAttemptedDrawFrameNum=1 didProduceBuffer=true
09-25 13:19:17.508  5639  5729 D OpenGLRenderer: CFMS:: SetUp Pid : 5639    Tid : 5729
09-25 13:19:17.511  5639  5639 I ViewRootImpl@c18fdbf[InstrumentationActivityInvoker$EmptyActivity]: onSyncComplete
09-25 13:19:17.511  5639  5639 I ViewRootImpl@c18fdbf[InstrumentationActivityInvoker$EmptyActivity]: setupSync seqId=0 mSyncId=0 fn=1 caller=android.view.ViewRootImpl$$ExternalSyntheticLambda11.accept:6 android.window.SurfaceSyncer.lambda$setupSync$1$android-window-SurfaceSyncer:128 android.window.SurfaceSyncer$$ExternalSyntheticLambda1.accept:8 android.window.SurfaceSyncer$SyncSet.checkIfSyncIsComplete:382 android.window.SurfaceSyncer$SyncSet.markSyncReady:359 android.window.SurfaceSyncer.markSyncReady:151 android.view.ViewRootImpl.performTraversals:4503
09-25 13:19:17.511  5639  5639 I ViewRootImpl@c18fdbf[InstrumentationActivityInvoker$EmptyActivity]: reportDrawFinished seqId=0 mSyncId=-1 fn=1 mSurfaceChangedTransaction=0xb40000774d51a100
09-25 13:19:17.511  5639  5639 I ViewRootImpl@12ac615[MainActivity]: MSG_WINDOW_FOCUS_CHANGED 0 0
09-25 13:19:17.513  1914  2140 I SurfaceFlinger: id=161916 Removed Surface(name=d110b4c NavigationBar0)/@0x8bdb781 - animation-leash of insets_animation#161916 (332)
09-25 13:19:17.513  1914  2140 I SurfaceFlinger: id=161915 Removed Surface(name=4eb27f5 StatusBar)/@0x43fa543 - animation-leash of insets_animation#161915 (332)
09-25 13:19:17.513  3108  3227 I ActivityTaskManager: Displayed com.example.dogglers/androidx.test.core.app.InstrumentationActivityInvoker$EmptyActivity: +76ms
09-25 13:19:17.514  5759  5759 E pageboostd: Received HALT command code 2
09-25 13:19:17.516  3108  9815 I SemDvfsHyPerManager: acquire hyper - AMS_RESUME_TAIL/3108@20, type = -999
09-25 13:19:17.516  3108  9815 I SemDvfsHyPerManager: acquire hyper - AMS_ACT_LAZY/3108@21, type = -999
09-25 13:19:17.516  1809  1855 I HYPER-HAL: [RequestManager.cpp]acquire(): Acquired ID : 4893776  [3108 / 20]    HINT : AMS_RESUME_TAIL    list :
09-25 13:19:17.516  1809  1855 I HYPER-HAL: [RequestManager.cpp]acquire(): Acquired ID : 4896906  [3108 / 21]    HINT : AMS_ACT_LAZY    list :
09-25 13:19:17.517  1809  1855 I HYPER-HAL: [RequestManager.cpp]releaseLocked(): Released ID : 4887519
09-25 13:19:17.520  3108  3230 I ChimeraSystemEventListener: appLaunchIntent package name is: com.example.dogglers
09-25 13:19:17.521  3108  6456 I SemDvfsHyPerManager: acquire hyper - AMS_ACT_START/3108@18, type = -999
09-25 13:19:17.521  1914  1914 I Layer   : Layer [com.example.dogglers/androidx.test.core.app.InstrumentationActivityInvoker$EmptyActivity$_5639#161922] hidden!! flag(0)
09-25 13:19:17.521  1914  1914 I Layer   : id=161915 Destroyed Surface(name=4eb27f5 StatusBar)/@0x43fa543 - animation-leash of insets_animation#161915
09-25 13:19:17.521  1914  1914 I Layer   : id=161916 Destroyed Surface(name=d110b4c NavigationBar0)/@0x8bdb781 - animation-leash of insets_animation#161916
09-25 13:19:17.521  1809  1855 I HYPER-HAL: [RequestManager.cpp]acquire(): Acquired ID : 4887519  [3108 / 18]    HINT : AMS_ACT_START    list :
09-25 13:19:17.521  1914  2140 I SurfaceFlinger: id=161925 createSurf, flag=80004, ActivityRecord{455bb01 u0 com.example.dogglers/androidx.test.core.app.InstrumentationActivityInvoker$EmptyActivity} t7105}#161925
09-25 13:19:17.524  3108  9815 D InputDispatcher: Focus entered window (0): 2a20af6 com.example.dogglers/androidx.test.core.app.InstrumentationActivityInvoker$EmptyActivity
09-25 13:19:17.524  5639  5639 I ViewRootImpl@c18fdbf[InstrumentationActivityInvoker$EmptyActivity]: MSG_WINDOW_FOCUS_CHANGED 1 0
09-25 13:19:17.524  1914  1914 D SurfaceFlinger: Display 4630947093241269891 HWC layers:
09-25 13:19:17.524  1914  1914 D SurfaceFlinger:      CLIENT | 0xb400007af6c13480 | 0100 | RGBx_8888    |  592.0    0.0 1628.0 2220.0 |    0    0 1440 3088 | Wallpaper BBQ wrapper#90
09-25 13:19:17.524  1914  1914 D SurfaceFlinger:      CLIENT | 0xb400007af6c14780 | 0100 | RGBA_8888    |    0.0    0.0 1440.0 3088.0 |    0    0 1440 3088 | com.sec.android.app.launcher/com.sec[...]rActivity$_5369#161898 (blurRegions)
09-25 13:19:17.524  1914  1914 D SurfaceFlinger:      DEVICE | 0xb400007af6c13c80 | 0102 | RGBA_8888    |    0.0    0.0 1440.0 3088.0 |    8   17 1432 3071 | com.example.dogglers/androidx.test.c[...]tyInvoker$EmptyActivity$_5639#161922
09-25 13:19:17.524  1914  1914 D SurfaceFlinger:      DEVICE | 0xb400007af6c14880 | 0100 | RGBA_8888    |    0.0    0.0 1440.0  100.0 |    0    0 1440  100 | StatusBar$_4768#95
09-25 13:19:17.524  1914  1914 D SurfaceFlinger:      DEVICE | 0xb400007af8705400 | 0100 | RGBA_8888    |    0.0    0.0   67.0  589.0 |    0  562   67 1151 | com.samsung.android.app.cocktailbars[...]vice.CocktailBarService$_8423#156853
09-25 13:19:17.524  1914  1914 D SurfaceFlinger:      DEVICE | 0xb400007af8705500 | 0100 | RGBA_8888    |    0.0    0.0  518.0   48.0 |  922 3040 1440 3088 | SGestureOverlayWindow$_5369#156268
09-25 13:19:17.524  1914  1914 D SurfaceFlinger:      DEVICE | 0x
09-25 13:19:17.524  1914  1914 D SurfaceFlinger: b400007af6c15880 | 0100 | RGBA_8888    |    0.0    0.0 1440.0  168.0 |    0 2920 1440 3088 | NavigationBar0$_4768#92
09-25 13:19:17.524  1914  1914 D SurfaceFlinger:
09-25 13:19:17.524  5639  5639 I ViewRootImpl@c18fdbf[InstrumentationActivityInvoker$EmptyActivity]: mThreadedRenderer.initializeIfNeeded()#2 mSurface={isValid=true 0xb40000774d4b6000}
09-25 13:19:17.525  5639  5639 D InputMethodManager: startInputInner - Id : 0
09-25 13:19:17.525  5639  5639 I InputMethodManager: startInputInner - mService.startInputOrWindowGainedFocus
09-25 13:19:17.528  1914  2140 I SurfaceFlinger: id=161926 createSurf, flag=80000, 6ad58e8 ActivityRecordInputSink com.example.dogglers/androidx.test.core.app.InstrumentationActivityInvoker$EmptyActivity#161926
09-25 13:19:17.531  5759  5759 E pageboostd: Received HALT command code 2
09-25 13:19:17.531  3108  9815 D InputMethodManagerService: DESKTOP MODE! : 2
09-25 13:19:17.531  3108  9815 D InputMethodManagerService: NOT IN KNOX DESKTOP MODE!
09-25 13:19:17.531  3108  9815 V InputMethodManagerService: getDisplayIdOfInputMethodWindowToBeAdded: displayId=0
09-25 13:19:17.531  3108  9815 D InputMethodManagerService: isImeSwitcherDisabledPackage : false
09-25 13:19:17.532  3108  3230 D PersonaActivityHelper: Activity not in resumed state, do not run immediate lock
09-25 13:19:17.532  3108  9815 D InputMethodManagerService: checkDisplayOfStartInputAndUpdateKeyboard: displayId=0, mFocusedDisplayId=0
09-25 13:19:17.532  3108  9815 D InputTransport: Input channel constructed: 'ClientS', fd=1562
09-25 13:19:17.532  3108  9815 D InputTransport: Input channel destroyed: 'ClientS', fd=1562
09-25 13:19:17.533  5639  5639 D LifecycleMonitor: Lifecycle status change: androidx.test.core.app.InstrumentationActivityInvoker$EmptyActivity@321ba1d in: PAUSED
09-25 13:19:17.533   586   586 I GoogleInputMethodService: GoogleInputMethodService.onFinishInput():3267
09-25 13:19:17.533  5639  5639 V ActivityScenario: Activity lifecycle changed event received but ignored because the intent does not match. startActivityIntent=Intent { act=android.intent.action.MAIN cat=[android.intent.category.LAUNCHER] cmp=com.example.dogglers/.MainActivity }, activity.getIntent()=Intent { act=android.intent.action.MAIN cat=[android.intent.category.LAUNCHER] flg=0x10000000 cmp=com.example.dogglers/androidx.test.core.app.InstrumentationActivityInvoker$EmptyActivity }, activity=androidx.test.core.app.InstrumentationActivityInvoker$EmptyActivity@321ba1d
09-25 13:19:17.533  1914  2140 I SurfaceFlinger: id=161927 createSurf, flag=24004, Surface(name=6a358c3 InputMethod)/@0x1a6cc79 - animation-leash of insets_animation#161927
09-25 13:19:17.534   586   586 I GoogleInputMethodService: GoogleInputMethodService.updateDeviceLockedStatus():2097 repeatCheckTimes = 0, locked = false
09-25 13:19:17.534   586   586 D InputMethodService: checkFocusedDisplay() display Id 0last 0
09-25 13:19:17.534   586   586 I GoogleInputMethodService: GoogleInputMethodService.onStartInput():1889 onStartInput(EditorInfo{EditorInfo{packageName=com.example.dogglers, inputType=0, inputTypeString=NULL, enableLearning=false, autoCorrection=false, autoComplete=false, imeOptions=0, privateImeOptions=null, actionName=UNSPECIFIED, actionLabel=null, initialSelStart=-1, initialSelEnd=-1, initialCapsMode=0, label=null, fieldId=-1, fieldName=null, extras=Bundle[{displayId=0}], hintText=null, hintLocales=[]}}, false)
09-25 13:19:17.534   586   586 I GoogleInputMethodService: GoogleInputMethodService.updateDeviceLockedStatus():2097 repeatCheckTimes = 1, locked = false
09-25 13:19:17.537  1914  1914 I Layer   : id=161920 removedFromDrawingState Surface(name=6a358c3 InputMethod)/@0x1a6cc79 - animation-leash of insets_animation#161920 (333)
09-25 13:19:17.538  3108  8629 D InputDispatcher: Focused application(0): ActivityRecord{455bb01 u0 com.example.dogglers/androidx.test.core.app.InstrumentationActivityInvoker$EmptyActivity} t7105}
09-25 13:19:17.539  3108 29076 D RemoteAppTaskWatcher:  ****** RemoteAppTaskWatcher: Message Received 5 Task ID = 0
09-25 13:19:17.540  1914  2140 I SurfaceFlinger: id=161920 Removed Surface(name=6a358c3 InputMethod)/@0x1a6cc79 - animation-leash of insets_animation#161920 (333)
09-25 13:19:17.540  3108  8629 D InputMethodManagerService: isImeSwitcherDisabledPackage : false
09-25 13:19:17.541   586   586 I InputMethodService: removeImeSurface
09-25 13:19:17.541   586   586 I MSHandlerLifeCycle: check: return. pkg=com.google.android.inputmethod.latin isActivity=false callers=com.android.internal.policy.DecorView.setVisibility:4412 android.app.Dialog.hide:767 android.inputmethodservice.InputMethodService.removeImeSurface:1290 android.inputmethodservice.InputMethodService.scheduleImeSurfaceRemoval:1279 android.inputmethodservice.InputMethodService.-$$Nest$mscheduleImeSurfaceRemoval:0
09-25 13:19:17.541   586   586 I MSHandlerLifeCycle: removeMultiSplitHandler: no exist. decor=DecorView@3ddf8c7[InputMethod]
09-25 13:19:17.542  3108  3230 I SemPersonaManager: SecureFolder personaId = 150
09-25 13:19:17.543  5639  5639 D LifecycleMonitor: Lifecycle status change: androidx.test.core.app.InstrumentationActivityInvoker$EmptyActivity@c59348e in: PRE_ON_CREATE
09-25 13:19:17.543  5639  5639 V ActivityScenario: Activity lifecycle changed event received but ignored because the intent does not match. startActivityIntent=Intent { act=android.intent.action.MAIN cat=[android.intent.category.LAUNCHER] cmp=com.example.dogglers/.MainActivity }, activity.getIntent()=Intent { act=android.intent.action.MAIN cat=[android.intent.category.LAUNCHER] flg=0x10000000 cmp=com.example.dogglers/androidx.test.core.app.InstrumentationActivityInvoker$EmptyActivity }, activity=androidx.test.core.app.InstrumentationActivityInvoker$EmptyActivity@c59348e
09-25 13:19:17.543 15715 18710 I WindowsLink: (TaskInfoManager) +++++++++++onRecentTaskStackUpdated
09-25 13:19:17.545  3108  3230 D EnterpriseDeviceManagerService: isMdmAdminPresentInternal() : MDM Admin Found - com.samsung.knox.securefolder
09-25 13:19:17.546  1914  1914 I SurfaceFlinger: [2a20af6 com.example.dogglers/androidx.test.core.app.InstrumentationActivityInvoker$EmptyActivity#161921] FrameRatePriority: -1
09-25 13:19:17.546  1914  1914 I Layer   : id=161920 Destroyed Surface(name=6a358c3 InputMethod)/@0x1a6cc79 - animation-leash of insets_animation#161920
09-25 13:19:17.547  5639  5639 I DecorView: [INFO] isPopOver=false config=true
09-25 13:19:17.547  5639  5639 I DecorView: updateCaptionType: isFloating=false isApplication=true hasWindowDecorCaption=false this=DecorView@e049845[]
09-25 13:19:17.547  5639  5639 D DecorView: setCaptionType = 0, this = DecorView@e049845[]
09-25 13:19:17.547  3108  6266 D InputDispatcher: Focus request (0): <null> but waiting because NOT_FOCUSABLE
09-25 13:19:17.547  3108  6266 D InputDispatcher: Focus left window (0): 2a20af6 com.example.dogglers/androidx.test.core.app.InstrumentationActivityInvoker$EmptyActivity
09-25 13:19:17.548  5639  5639 I DecorView: getCurrentDensityDpi: from real metrics. densityDpi=560 msg=resources_loaded
09-25 13:19:17.548  5639  5639 I DecorView: setWindowBackground: isPopOver=false color=ff010101 d=android.graphics.drawable.StateListDrawable@8b80b9a
09-25 13:19:17.548  5639  5639 D LifecycleMonitor: Lifecycle status change: androidx.test.core.app.InstrumentationActivityInvoker$EmptyActivity@c59348e in: CREATED
09-25 13:19:17.548  8423  8423 I ActivityUtils: HomePackage : com.sec.android.app.launcher, resumePackageName : com.example.dogglers
09-25 13:19:17.549  5639  5639 V ActivityScenario: Activity lifecycle changed event received but ignored because the intent does not match. startActivityIntent=Intent { act=android.intent.action.MAIN cat=[android.intent.category.LAUNCHER] cmp=com.example.dogglers/.MainActivity }, activity.getIntent()=Intent { act=android.intent.action.MAIN cat=[android.intent.category.LAUNCHER] flg=0x10000000 cmp=com.example.dogglers/androidx.test.core.app.InstrumentationActivityInvoker$EmptyActivity }, activity=androidx.test.core.app.InstrumentationActivityInvoker$EmptyActivity@c59348e
09-25 13:19:17.549  3108  6142 I MediaSessionMonitor: Media session stopped : controllerList empty
09-25 13:19:17.549  5639  5639 D LifecycleMonitor: Lifecycle status change: androidx.test.core.app.InstrumentationActivityInvoker$EmptyActivity@c59348e in: STARTED
09-25 13:19:17.549  5639  5639 V ActivityScenario: Activity lifecycle changed event received but ignored because the intent does not match. startActivityIntent=Intent { act=android.intent.action.MAIN cat=[android.intent.category.LAUNCHER] cmp=com.example.dogglers/.MainActivity }, activity.getIntent()=Intent { act=android.intent.action.MAIN cat=[android.intent.category.LAUNCHER] flg=0x10000000 cmp=com.example.dogglers/androidx.test.core.app.InstrumentationActivityInvoker$EmptyActivity }, activity=androidx.test.core.app.InstrumentationActivityInvoker$EmptyActivity@c59348e
09-25 13:19:17.550  5639  5639 D LifecycleMonitor: Lifecycle status change: androidx.test.core.app.InstrumentationActivityInvoker$EmptyActivity@c59348e in: RESUMED
09-25 13:19:17.550  5639  5639 V ActivityScenario: Activity lifecycle changed event received but ignored because the intent does not match. startActivityIntent=Intent { act=android.intent.action.MAIN cat=[android.intent.category.LAUNCHER] cmp=com.example.dogglers/.MainActivity }, activity.getIntent()=Intent { act=android.intent.action.MAIN cat=[android.intent.category.LAUNCHER] flg=0x10000000 cmp=com.example.dogglers/androidx.test.core.app.InstrumentationActivityInvoker$EmptyActivity }, activity=androidx.test.core.app.InstrumentationActivityInvoker$EmptyActivity@c59348e
09-25 13:19:17.551  5639  5639 I MSHandlerLifeCycle: check: return. pkg=com.example.dogglers parent=null callers=com.android.internal.policy.DecorView.setVisibility:4412 android.app.ActivityThread.handleResumeActivity:5476 android.app.servertransaction.ResumeActivityItem.execute:54 android.app.servertransaction.ActivityTransactionItem.execute:45 android.app.servertransaction.TransactionExecutor.executeLifecycleState:176
09-25 13:19:17.551  5639  5639 I MSHandlerLifeCycle: removeMultiSplitHandler: no exist. decor=DecorView@e049845[]
09-25 13:19:17.552  5639  5729 D NativeCustomFrequencyManager: [NativeCFMS] BpCustomFrequencyManager::BpCustomFrequencyManager()
09-25 13:19:17.554  3108  4074 D InputTransport: Input channel constructed: 'aa12773', fd=1616
09-25 13:19:17.554  3108  4074 D InputTransport: Input channel constructed: 'aa12773', fd=1617
09-25 13:19:17.554  3108  4074 D InputTransport: Input channel constructed: 'aa12773', fd=1618
09-25 13:19:17.554  1914  4196 I SurfaceFlinger: id=161928 createSurf, flag=80004, aa12773 com.example.dogglers/androidx.test.core.app.InstrumentationActivityInvoker$EmptyActivity#161928
09-25 13:19:17.555  3108  4074 D InputTransport: Input channel destroyed: 'aa12773', fd=1618
09-25 13:19:17.556  5639  5639 D InsetsController: onStateChanged: InsetsState: {mDisplayFrame=Rect(0, 0 - 1440, 3088), mDisplayCutout=DisplayCutout{insets=Rect(0, 100 - 0, 0) waterfall=Insets{left=0, top=0, right=0, bottom=0} boundingRect={Bounds=[Rect(0, 0 - 0, 0), Rect(685, 0 - 756, 100), Rect(0, 0 - 0, 0), Rect(0, 0 - 0, 0)]} cutoutPathParserInfo={CutoutPathParserInfo{displayWidth=1440 displayHeight=3088 physicalDisplayWidth=1440 physicalDisplayHeight=3088 density={3.75} cutoutSpec={M 0,0 H -9.466666666666667 V 26.66666666666667‬ H 9.466666666666667 V 0 H 0 Z @dp} rotation={0} scale={1.0} physicalPixelDisplaySizeRatio={1.0}}}}, mRoundedCorners=RoundedCorners{[RoundedCorner{position=TopLeft, radius=14, center=Point(14, 14)}, RoundedCorner{position=TopRight, radius=14, center=Point(1426, 14)}, RoundedCorner{position=BottomRight, radius=14, center=Point(1426, 3074)}, RoundedCorner{position=BottomLeft, radius=14, center=Point(14, 3074)}]}  mRoundedCornerFrame=Rect(0, 0 - 1440, 3088), mPrivacyIndicatorBounds=PrivacyIndicatorBounds {static bounds=Rect(1286, 0 - 1440, 100) rotation=0}, mSources= { InsetsSource: {mType=ITYPE_STATUS_BAR, mFrame=[0,0][1440,100], mVisible=true, mInsetsRoundedCornerFrame=false}, InsetsSource: {mType=ITYPE_NAVIGATION_BAR, mFrame=[0,3088][1440,3088], mVisible=true, mInsetsRoundedCornerFrame=false}, InsetsSource: {mType=ITYPE_LEFT_GESTURES, mFrame=[0,0][0,3088], mVisible=true, mInsetsRoundedCornerFrame=false}, InsetsSource: {mType=ITYPE_RIGHT_GESTURES, mFrame=[1440,0][1440,3088], mVisible=true, mInsetsRoundedCornerFrame=false}, InsetsSource: {mType=ITYPE_TOP_MANDATORY_GESTURES, mFrame=[0,0][1440,142], mVisible=true, mInsetsRoundedCornerFrame=false}, InsetsSource: {mType=ITYPE_BOTTOM_MANDATORY_GESTURES, mFrame=[0,3018][1440,3088], mVisible=true, mInsetsRoundedCornerFrame=false}, InsetsSource: {mType=ITYPE_LEFT_DISPLAY_CUTOUT, mFrame=[0,0][-100000,3088], mVisible=true, mInsetsRoundedCornerFrame=false}, InsetsSource: {mType=ITYPE_TOP_DISPLAY_CUTOUT, mFrame=[0,0][1440,100], mVisible=true, mInsetsRoundedCornerFrame=false}, InsetsSource: {mType=ITYPE_RIGHT_DISPLAY_CUTOUT, mFrame=[100000,0][1440,3088], mVisible=true, mInsetsRoundedCornerFrame=false}, InsetsSource: {mType=ITYPE_BOTTOM_DISPLAY_CUTOUT, mFrame=[0,100000][1440,3088], mVisible=true, mInsetsRoundedCornerFrame=false}, InsetsSource: {mType=ITYPE_TOP_TAPPABLE_ELEMENT, mFrame=[0,0][1440,100], mVisible=true, mInsetsRoundedCornerFrame=false}, InsetsSource: {mType=ITYPE_BOTTOM_TAPPABLE_ELEMENT, mFrame=[0,0][0,0], mVisible=true, mInsetsRoundedCornerFrame=false} } host=com.example.dogglers/androidx.test.core.app.InstrumentationActivityInvoker$EmptyActivity from=android.view.ViewRootImpl.setView:1732
09-25 13:19:17.558  5639  5639 I ViewRootImpl@9c77ca8[InstrumentationActivityInvoker$EmptyActivity]: setView = com.android.internal.policy.DecorView@e049845 TM=true
09-25 13:19:17.558  5639  5639 I MSHandlerLifeCycle: removeMultiSplitHandler: no exist. decor=DecorView@e049845[InstrumentationActivityInvoker$EmptyActivity]
09-25 13:19:17.558  3108  3338 D AnalyticsContainerHandler: handleMessage : { when=0 what=1 target=com.android.server.knox.KnoxAnalyticsContainer$AnalyticsHandler }
09-25 13:19:17.560  5639  5639 I ViewRootImpl@9c77ca8[InstrumentationActivityInvoker$EmptyActivity]: performTraversals params={(0,0)(fillxfill) sim={adjust=pan forwardNavigation} ty=BASE_APPLICATION wanim=0x1030001
09-25 13:19:17.560  5639  5639 I ViewRootImpl@9c77ca8[InstrumentationActivityInvoker$EmptyActivity]:   fl=1810100
09-25 13:19:17.560  5639  5639 I ViewRootImpl@9c77ca8[InstrumentationActivityInvoker$EmptyActivity]:   pfl=12020040
09-25 13:19:17.560  5639  5639 I ViewRootImpl@9c77ca8[InstrumentationActivityInvoker$EmptyActivity]:   bhv=DEFAULT
09-25 13:19:17.560  5639  5639 I ViewRootImpl@9c77ca8[InstrumentationActivityInvoker$EmptyActivity]:   fitSides= naviIconColor=0}
09-25 13:19:17.561  5639  5639 I ViewRootImpl@9c77ca8[InstrumentationActivityInvoker$EmptyActivity]: performTraversals mFirst=true windowShouldResize=true viewVisibilityChanged=false mForceNextWindowRelayout=false params={(0,0)(fillxfill) sim={adjust=pan forwardNavigation} ty=BASE_APPLICATION wanim=0x1030001
09-25 13:19:17.561  5639  5639 I ViewRootImpl@9c77ca8[InstrumentationActivityInvoker$EmptyActivity]:   fl=1810100
09-25 13:19:17.561  5639  5639 I ViewRootImpl@9c77ca8[InstrumentationActivityInvoker$EmptyActivity]:   pfl=12020040
09-25 13:19:17.561  5639  5639 I ViewRootImpl@9c77ca8[InstrumentationActivityInvoker$EmptyActivity]:   bhv=DEFAULT
09-25 13:19:17.561  5639  5639 I ViewRootImpl@9c77ca8[InstrumentationActivityInvoker$EmptyActivity]:   fitSides= naviIconColor=0}
09-25 13:19:17.561  3108  4074 V WindowManager: Relayout Window{aa12773 u0 com.example.dogglers/androidx.test.core.app.InstrumentationActivityInvoker$EmptyActivity}: viewVisibility=0 req=1440x3088 d0
09-25 13:19:17.561  1914  4196 I SurfaceFlinger: id=161929 createSurf, flag=40004, com.example.dogglers/androidx.test.core.app.InstrumentationActivityInvoker$EmptyActivity$_5639#161929
09-25 13:19:17.563  1914  4196 I SurfaceFlinger: id=161930 createSurf, flag=24000, Surface(name=4eb27f5 StatusBar)/@0x43fa543 - animation-leash of insets_animation#161930
09-25 13:19:17.565  1914  4196 I SurfaceFlinger: id=161931 createSurf, flag=24000, Surface(name=d110b4c NavigationBar0)/@0x8bdb781 - animation-leash of insets_animation#161931
09-25 13:19:17.566  3108  4074 V WindowManager: Relayout hash=aa12773, pid=5639, syncId=-1: mAttrs={(0,0)(fillxfill) sim={adjust=pan forwardNavigation} ty=BASE_APPLICATION wanim=0x1030001
09-25 13:19:17.566  3108  4074 V WindowManager:   fl=1810100
09-25 13:19:17.566  3108  4074 V WindowManager:   pfl=12020040
09-25 13:19:17.566  3108  4074 V WindowManager:   bhv=DEFAULT
09-25 13:19:17.566  3108  4074 V WindowManager:   fitSides= naviIconColor=0}
09-25 13:19:17.567  5639  5639 D InsetsController: onStateChanged: InsetsState: {mDisplayFrame=Rect(0, 0 - 1440, 3088), mDisplayCutout=DisplayCutout{insets=Rect(0, 100 - 0, 0) waterfall=Insets{left=0, top=0, right=0, bottom=0} boundingRect={Bounds=[Rect(0, 0 - 0, 0), Rect(685, 0 - 756, 100), Rect(0, 0 - 0, 0), Rect(0, 0 - 0, 0)]} cutoutPathParserInfo={CutoutPathParserInfo{displayWidth=1440 displayHeight=3088 physicalDisplayWidth=1440 physicalDisplayHeight=3088 density={3.75} cutoutSpec={M 0,0 H -9.466666666666667 V 26.66666666666667‬ H 9.466666666666667 V 0 H 0 Z @dp} rotation={0} scale={1.0} physicalPixelDisplaySizeRatio={1.0}}}}, mRoundedCorners=RoundedCorners{[RoundedCorner{position=TopLeft, radius=14, center=Point(14, 14)}, RoundedCorner{position=TopRight, radius=14, center=Point(1426, 14)}, RoundedCorner{position=BottomRight, radius=14, center=Point(1426, 3074)}, RoundedCorner{position=BottomLeft, radius=14, center=Point(14, 3074)}]}  mRoundedCornerFrame=Rect(0, 0 - 1440, 3088), mPrivacyIndicatorBounds=PrivacyIndicatorBounds {static bounds=Rect(1286, 0 - 1440, 100) rotation=0}, mSources= { InsetsSource: {mType=ITYPE_STATUS_BAR, mFrame=[0,0][1440,100], mVisible=true, mInsetsRoundedCornerFrame=false}, InsetsSource: {mType=ITYPE_NAVIGATION_BAR, mFrame=[0,3088][1440,3088], mVisible=true, mInsetsRoundedCornerFrame=false}, InsetsSource: {mType=ITYPE_LEFT_GESTURES, mFrame=[0,0][0,3088], mVisible=true, mInsetsRoundedCornerFrame=false}, InsetsSource: {mType=ITYPE_RIGHT_GESTURES, mFrame=[1440,0][1440,3088], mVisible=true, mInsetsRoundedCornerFrame=false}, InsetsSource: {mType=ITYPE_TOP_MANDATORY_GESTURES, mFrame=[0,0][1440,142], mVisible=true, mInsetsRoundedCornerFrame=false}, InsetsSource: {mType=ITYPE_BOTTOM_MANDATORY_GESTURES, mFrame=[0,3018][1440,3088], mVisible=true, mInsetsRoundedCornerFrame=false}, InsetsSource: {mType=ITYPE_LEFT_DISPLAY_CUTOUT, mFrame=[0,0][-100000,3088], mVisible=true, mInsetsRoundedCornerFrame=false}, InsetsSource: {mType=ITYPE_TOP_DISPLAY_CUTOUT, mFrame=[0,0][1440,100], mVisible=true, mInsetsRoundedCornerFrame=false}, InsetsSource: {mType=ITYPE_RIGHT_DISPLAY_CUTOUT, mFrame=[100000,0][1440,3088], mVisible=true, mInsetsRoundedCornerFrame=false}, InsetsSource: {mType=ITYPE_BOTTOM_DISPLAY_CUTOUT, mFrame=[0,100000][1440,3088], mVisible=true, mInsetsRoundedCornerFrame=false}, InsetsSource: {mType=ITYPE_TOP_TAPPABLE_ELEMENT, mFrame=[0,0][1440,100], mVisible=true, mInsetsRoundedCornerFrame=false}, InsetsSource: {mType=ITYPE_BOTTOM_TAPPABLE_ELEMENT, mFrame=[0,0][0,0], mVisible=true, mInsetsRoundedCornerFrame=false}, InsetsSource: {mType=ITYPE_IME, mFrame=[0,0][0,0], mVisibleFrame=[0,3088][1440,3088], mVisible=false, mInsetsRoundedCornerFrame=false} } host=com.example.dogglers/androidx.test.core.app.InstrumentationActivityInvoker$EmptyActivity from=android.view.ViewRootImpl.relayoutWindow:9802
09-25 13:19:17.567  5639  5639 I ViewRootImpl@9c77ca8[InstrumentationActivityInvoker$EmptyActivity]: updateBlastSurfaceIfNeeded mBlastBufferQueue=null isSameSurfaceControl=false
09-25 13:19:17.568  5639  5639 I BLASTBufferQueue: new BLASTBufferQueue, mName= ViewRootImpl@9c77ca8[InstrumentationActivityInvoker$EmptyActivity] mNativeObject= 0xb4000077a1040a80 sc.mNativeObject= 0xb40000774d33a4c0 caller= android.view.ViewRootImpl.updateBlastSurfaceIfNeeded:2909 android.view.ViewRootImpl.relayoutWindow:9847 android.view.ViewRootImpl.performTraversals:3884 android.view.ViewRootImpl.doTraversal:3116 android.view.ViewRootImpl$TraversalRunnable.run:10885 android.view.Choreographer$CallbackRecord.run:1301 android.view.Choreographer$CallbackRecord.run:1309 android.view.Choreographer.doCallbacks:923 android.view.Choreographer.doFrame:852 android.view.Choreographer$FrameDisplayEventReceiver.run:1283
09-25 13:19:17.568  5639  5639 I BLASTBufferQueue: update, w= 1440 h= 3088 mName = ViewRootImpl@9c77ca8[InstrumentationActivityInvoker$EmptyActivity] mNativeObject= 0xb4000077a1040a80 sc.mNativeObject= 0xb40000774d33a4c0 format= -1 caller= android.graphics.BLASTBufferQueue.<init>:84 android.view.ViewRootImpl.updateBlastSurfaceIfNeeded:2909 android.view.ViewRootImpl.relayoutWindow:9847 android.view.ViewRootImpl.performTraversals:3884 android.view.ViewRootImpl.doTraversal:3116 android.view.ViewRootImpl$TraversalRunnable.run:10885
09-25 13:19:17.568  5639  5639 I ViewRootImpl@9c77ca8[InstrumentationActivityInvoker$EmptyActivity]: Relayout returned: old=(0,0,1440,3088) new=(0,0,1440,3088) req=(1440,3088)0 dur=6 res=0x3 s={true 0xb4000077b1d72800} ch=true seqId=0
09-25 13:19:17.568  5639  5639 I ViewRootImpl@9c77ca8[InstrumentationActivityInvoker$EmptyActivity]: performConfigurationChange setNightDimText nightDimLevel=0
09-25 13:19:17.568  5639  5639 I ViewRootImpl@9c77ca8[InstrumentationActivityInvoker$EmptyActivity]: mThreadedRenderer.initialize() mSurface={isValid=true 0xb4000077b1d72800} hwInitialized=true
09-25 13:19:17.568  5639  5729 D OpenGLRenderer: eglCreateWindowSurface
09-25 13:19:17.569  5639  5639 I ViewRootImpl@9c77ca8[InstrumentationActivityInvoker$EmptyActivity]: reportNextDraw android.view.ViewRootImpl.performTraversals:4438 android.view.ViewRootImpl.doTraversal:3116 android.view.ViewRootImpl$TraversalRunnable.run:10885 android.view.Choreographer$CallbackRecord.run:1301 android.view.Choreographer$CallbackRecord.run:1309
09-25 13:19:17.569  5639  5639 I ViewRootImpl@9c77ca8[InstrumentationActivityInvoker$EmptyActivity]: Setup new sync id=0
09-25 13:19:17.569  5639  5639 I ViewRootImpl@9c77ca8[InstrumentationActivityInvoker$EmptyActivity]: Setting syncFrameCallback
09-25 13:19:17.569  5639  5639 I ViewRootImpl@9c77ca8[InstrumentationActivityInvoker$EmptyActivity]: registerCallbacksForSync syncBuffer=false
09-25 13:19:17.570  5639  5772 I ViewRootImpl@9c77ca8[InstrumentationActivityInvoker$EmptyActivity]: Received frameDrawingCallback syncResult=0 frameNum=1.
09-25 13:19:17.570  5639  5772 I ViewRootImpl@9c77ca8[InstrumentationActivityInvoker$EmptyActivity]: Setting up sync and frameCommitCallback
09-25 13:19:17.571  5639  5729 I BLASTBufferQueue: [ViewRootImpl@9c77ca8[InstrumentationActivityInvoker$EmptyActivity]#2](f:0,a:0) onFrameAvailable the first frame is available
09-25 13:19:17.571  1914  1914 I Layer   : id=161923 removedFromDrawingState Surface(name=4eb27f5 StatusBar)/@0x43fa543 - animation-leash of insets_animation#161923 (336)
09-25 13:19:17.571  1914  1914 I Layer   : id=161924 removedFromDrawingState Surface(name=d110b4c NavigationBar0)/@0x8bdb781 - animation-leash of insets_animation#161924 (336)
09-25 13:19:17.571  1914  1914 I SurfaceFlinger: [aa12773 com.example.dogglers/androidx.test.core.app.InstrumentationActivityInvoker$EmptyActivity#161928] FrameRatePriority: 1
09-25 13:19:17.571  5639  5729 I ViewRootImpl@9c77ca8[InstrumentationActivityInvoker$EmptyActivity]: Received frameCommittedCallback lastAttemptedDrawFrameNum=1 didProduceBuffer=true
09-25 13:19:17.571  5639  5729 D OpenGLRenderer: CFMS:: SetUp Pid : 5639    Tid : 5729
09-25 13:19:17.575  5639  5639 I ViewRootImpl@9c77ca8[InstrumentationActivityInvoker$EmptyActivity]: onSyncComplete
09-25 13:19:17.575  5639  5639 I ViewRootImpl@9c77ca8[InstrumentationActivityInvoker$EmptyActivity]: setupSync seqId=0 mSyncId=0 fn=1 caller=android.view.ViewRootImpl$$ExternalSyntheticLambda11.accept:6 android.window.SurfaceSyncer.lambda$setupSync$1$android-window-SurfaceSyncer:128 android.window.SurfaceSyncer$$ExternalSyntheticLambda1.accept:8 android.window.SurfaceSyncer$SyncSet.checkIfSyncIsComplete:382 android.window.SurfaceSyncer$SyncSet.markSyncReady:359 android.window.SurfaceSyncer.markSyncReady:151 android.view.ViewRootImpl.performTraversals:4503
09-25 13:19:17.575  5639  5639 I ViewRootImpl@9c77ca8[InstrumentationActivityInvoker$EmptyActivity]: reportDrawFinished seqId=0 mSyncId=-1 fn=1 mSurfaceChangedTransaction=0xb40000774d5f6e00
09-25 13:19:17.575  5639  5639 I ViewRootImpl@c18fdbf[InstrumentationActivityInvoker$EmptyActivity]: MSG_WINDOW_FOCUS_CHANGED 0 0
09-25 13:19:17.577  3108  3227 I ActivityTaskManager: Displayed com.example.dogglers/androidx.test.core.app.InstrumentationActivityInvoker$EmptyActivity: +57ms
09-25 13:19:17.577  5759  5759 E pageboostd: Received HALT command code 2
09-25 13:19:17.579  1797 29568 I sensors-hal: handle_sns_client_event:542, [0][85784] accel_sample [-0.044,  0.802,  9.892] 1370083625933311
09-25 13:19:17.579  1914  3193 I SurfaceFlinger: id=161924 Removed Surface(name=d110b4c NavigationBar0)/@0x8bdb781 - animation-leash of insets_animation#161924 (336)
09-25 13:19:17.579  1914  3193 I SurfaceFlinger: id=161923 Removed Surface(name=4eb27f5 StatusBar)/@0x43fa543 - animation-leash of insets_animation#161923 (336)
09-25 13:19:17.579  1914  1914 I Layer   : id=161923 Destroyed Surface(name=4eb27f5 StatusBar)/@0x43fa543 - animation-leash of insets_animation#161923
09-25 13:19:17.579  1914  1914 I Layer   : id=161924 Destroyed Surface(name=d110b4c NavigationBar0)/@0x8bdb781 - animation-leash of insets_animation#161924
09-25 13:19:17.580  3108  8629 D InputDispatcher: Focus request (0): aa12773 com.example.dogglers/androidx.test.core.app.InstrumentationActivityInvoker$EmptyActivity but waiting because NO_WINDOW
09-25 13:19:17.581  3108  4923 D InputDispatcher: Focus entered window (0): aa12773 com.example.dogglers/androidx.test.core.app.InstrumentationActivityInvoker$EmptyActivity
09-25 13:19:17.582  3108  4074 D InputDispatcher: Focused application(0): ActivityRecord{d98ff22 u0 com.sec.android.app.launcher/.activities.LauncherActivity} t6591}
09-25 13:19:17.582  1914  1914 D SurfaceFlinger: Display 4630947093241269891 HWC layers:
09-25 13:19:17.582  1914  1914 D SurfaceFlinger:      CLIENT | 0xb400007af6c13480 | 0100 | RGBx_8888    |  592.0    0.0 1628.0 2220.0 |    0    0 1440 3088 | Wallpaper BBQ wrapper#90
09-25 13:19:17.582  1914  1914 D SurfaceFlinger:      CLIENT | 0xb400007af6c14780 | 0100 | RGBA_8888    |    0.0    0.0 1440.0 3088.0 |    0    0 1440 3088 | com.sec.android.app.launcher/com.sec[...]rActivity$_5369#161898 (blurRegions)
09-25 13:19:17.582  1914  1914 D SurfaceFlinger:      DEVICE | 0xb400007aeb18b700 | 0102 | RGBA_8888    |    0.0    0.0 1440.0 3088.0 |    2    4 1438 3084 | com.example.dogglers/androidx.test.c[...]tyInvoker$EmptyActivity$_5639#161929
09-25 13:19:17.582  1914  1914 D SurfaceFlinger:      DEVICE | 0xb400007af6c14880 | 0100 | RGBA_8888    |    0.0    0.0 1440.0  100.0 |    0    0 1440  100 | StatusBar$_4768#95
09-25 13:19:17.582  1914  1914 D SurfaceFlinger:      DEVICE | 0xb400007af8705400 | 0100 | RGBA_8888    |    0.0    0.0   67.0  589.0 |    0  562   67 1151 | com.samsung.android.app.cocktailbars[...]vice.CocktailBarService$_8423#156853
09-25 13:19:17.582  1914  1914 D SurfaceFlinger:      DEVICE | 0xb400007af8705500 | 0100 | RGBA_8888    |    0.0    0.0  518.0   48.0 |  922 3040 1440 3088 | SGestureOverlayWindow$_5369#156268
09-25 13:19:17.582  1914  1914 D SurfaceFlinger:      DEVICE | 0x
09-25 13:19:17.582  1914  1914 D SurfaceFlinger: b400007af6c15880 | 0100 | RGBA_8888    |    0.0    0.0 1440.0  168.0 |    0 2920 1440 3088 | NavigationBar0$_4768#92
09-25 13:19:17.582  1914  1914 D SurfaceFlinger:
09-25 13:19:17.582  3108  4605 D AS.MultiSoundManager: mForegroundUid = 10141
09-25 13:19:17.586  5639  5639 D LifecycleMonitor: Lifecycle status change: androidx.test.core.app.InstrumentationActivityInvoker$EmptyActivity@c59348e in: PAUSED
09-25 13:19:17.586  5639  5639 V ActivityScenario: Activity lifecycle changed event received but ignored because the intent does not match. startActivityIntent=Intent { act=android.intent.action.MAIN cat=[android.intent.category.LAUNCHER] cmp=com.example.dogglers/.MainActivity }, activity.getIntent()=Intent { act=android.intent.action.MAIN cat=[android.intent.category.LAUNCHER] flg=0x10000000 cmp=com.example.dogglers/androidx.test.core.app.InstrumentationActivityInvoker$EmptyActivity }, activity=androidx.test.core.app.InstrumentationActivityInvoker$EmptyActivity@c59348e
09-25 13:19:17.586  3108  4074 I SemDvfsHyPerManager: acquire hyper - AMS_APP_HOME/3108@24, type = -999
09-25 13:19:17.586  5369  5369 I TopTaskTracker: onTaskMovedToFront : taskId = 6591
09-25 13:19:17.587  1809  1855 I HYPER-HAL: [RequestManager.cpp]acquire(): Acquired ID : 4906302  [3108 / 24]    HINT : AMS_APP_HOME    list :
