09-25 13:19:22.570  3108  3338 D AnalyticsContainerHandler: handleMessage : { when=0 what=1 target=com.android.server.knox.KnoxAnalyticsContainer$AnalyticsHandler }
09-25 13:19:22.571  3108  6472 D InputMethodManagerService: isImeSwitcherDisabledPackage : false
09-25 13:19:22.571  1914  4196 I SurfaceFlinger: id=162172 Removed Surface(name=6a358c3 InputMethod)/@0x1a6cc79 - animation-leash of insets_animation#162172 (343)
09-25 13:19:22.571   586   586 I InputMethodService: removeImeSurface
09-25 13:19:22.571   586   586 I MSHandlerLifeCycle: check: return. pkg=com.google.android.inputmethod.latin isActivity=false callers=com.android.internal.policy.DecorView.setVisibility:4412 android.app.Dialog.hide:767 android.inputmethodservice.InputMethodService.removeImeSurface:1290 android.inputmethodservice.InputMethodService.scheduleImeSurfaceRemoval:1279 android.inputmethodservice.InputMethodService.-$$Nest$mscheduleImeSurfaceRemoval:0
09-25 13:19:22.571   586   586 I MSHandlerLifeCycle: removeMultiSplitHandler: no exist. decor=DecorView@3ddf8c7[InputMethod]
09-25 13:19:22.571  1914  1914 I Layer   : id=162172 Destroyed Surface(name=6a358c3 InputMethod)/@0x1a6cc79 - animation-leash of insets_animation#162172
09-25 13:19:22.572  5639  5639 I ViewRootImpl@8fb8669[InstrumentationActivityInvoker$EmptyActivity]: performTraversals params={(0,0)(fillxfill) sim={adjust=pan forwardNavigation} ty=BASE_APPLICATION wanim=0x1030001
09-25 13:19:22.572  5639  5639 I ViewRootImpl@8fb8669[InstrumentationActivityInvoker$EmptyActivity]:   fl=1810100
09-25 13:19:22.572  5639  5639 I ViewRootImpl@8fb8669[InstrumentationActivityInvoker$EmptyActivity]:   pfl=12020040
09-25 13:19:22.572  5639  5639 I ViewRootImpl@8fb8669[InstrumentationActivityInvoker$EmptyActivity]:   bhv=DEFAULT
09-25 13:19:22.572  5639  5639 I ViewRootImpl@8fb8669[InstrumentationActivityInvoker$EmptyActivity]:   fitSides= naviIconColor=0}
09-25 13:19:22.573  5639  5639 I ViewRootImpl@8fb8669[InstrumentationActivityInvoker$EmptyActivity]: performTraversals mFirst=true windowShouldResize=true viewVisibilityChanged=false mForceNextWindowRelayout=false params={(0,0)(fillxfill) sim={adjust=pan forwardNavigation} ty=BASE_APPLICATION wanim=0x1030001
09-25 13:19:22.573  5639  5639 I ViewRootImpl@8fb8669[InstrumentationActivityInvoker$EmptyActivity]:   fl=1810100
09-25 13:19:22.573  5639  5639 I ViewRootImpl@8fb8669[InstrumentationActivityInvoker$EmptyActivity]:   pfl=12020040
09-25 13:19:22.573  5639  5639 I ViewRootImpl@8fb8669[InstrumentationActivityInvoker$EmptyActivity]:   bhv=DEFAULT
09-25 13:19:22.573  5639  5639 I ViewRootImpl@8fb8669[InstrumentationActivityInvoker$EmptyActivity]:   fitSides= naviIconColor=0}
09-25 13:19:22.573  3108  4923 V WindowManager: Relayout Window{8e564fc u0 com.example.dogglers/androidx.test.core.app.InstrumentationActivityInvoker$EmptyActivity}: viewVisibility=0 req=1440x3088 d0
09-25 13:19:22.573  1914  4196 I SurfaceFlinger: id=162183 createSurf, flag=40004, com.example.dogglers/androidx.test.core.app.InstrumentationActivityInvoker$EmptyActivity$_5639#162183
09-25 13:19:22.577  1914  4196 I SurfaceFlinger: id=162184 createSurf, flag=24000, Surface(name=4eb27f5 StatusBar)/@0x43fa543 - animation-leash of insets_animation#162184
09-25 13:19:22.578  1914  4196 I SurfaceFlinger: id=162185 createSurf, flag=24000, Surface(name=d110b4c NavigationBar0)/@0x8bdb781 - animation-leash of insets_animation#162185
09-25 13:19:22.579  3108  4923 V WindowManager: Relayout hash=8e564fc, pid=5639, syncId=-1: mAttrs={(0,0)(fillxfill) sim={adjust=pan forwardNavigation} ty=BASE_APPLICATION wanim=0x1030001
09-25 13:19:22.579  3108  4923 V WindowManager:   fl=1810100
09-25 13:19:22.579  3108  4923 V WindowManager:   pfl=12020040
09-25 13:19:22.579  3108  4923 V WindowManager:   bhv=DEFAULT
09-25 13:19:22.579  3108  4923 V WindowManager:   fitSides= naviIconColor=0}
09-25 13:19:22.579  5639  5639 D InsetsController: onStateChanged: InsetsState: {mDisplayFrame=Rect(0, 0 - 1440, 3088), mDisplayCutout=DisplayCutout{insets=Rect(0, 100 - 0, 0) waterfall=Insets{left=0, top=0, right=0, bottom=0} boundingRect={Bounds=[Rect(0, 0 - 0, 0), Rect(685, 0 - 756, 100), Rect(0, 0 - 0, 0), Rect(0, 0 - 0, 0)]} cutoutPathParserInfo={CutoutPathParserInfo{displayWidth=1440 displayHeight=3088 physicalDisplayWidth=1440 physicalDisplayHeight=3088 density={3.75} cutoutSpec={M 0,0 H -9.466666666666667 V 26.66666666666667‬ H 9.466666666666667 V 0 H 0 Z @dp} rotation={0} scale={1.0} physicalPixelDisplaySizeRatio={1.0}}}}, mRoundedCorners=RoundedCorners{[RoundedCorner{position=TopLeft, radius=14, center=Point(14, 14)}, RoundedCorner{position=TopRight, radius=14, center=Point(1426, 14)}, RoundedCorner{position=BottomRight, radius=14, center=Point(1426, 3074)}, RoundedCorner{position=BottomLeft, radius=14, center=Point(14, 3074)}]}  mRoundedCornerFrame=Rect(0, 0 - 1440, 3088), mPrivacyIndicatorBounds=PrivacyIndicatorBounds {static bounds=Rect(1286, 0 - 1440, 100) rotation=0}, mSources= { InsetsSource: {mType=ITYPE_STATUS_BAR, mFrame=[0,0][1440,100], mVisible=true, mInsetsRoundedCornerFrame=false}, InsetsSource: {mType=ITYPE_NAVIGATION_BAR, mFrame=[0,3088][1440,3088], mVisible=true, mInsetsRoundedCornerFrame=false}, InsetsSource: {mType=ITYPE_LEFT_GESTURES, mFrame=[0,0][0,3088], mVisible=true, mInsetsRoundedCornerFrame=false}, InsetsSource: {mType=ITYPE_RIGHT_GESTURES, mFrame=[1440,0][1440,3088], mVisible=true, mInsetsRoundedCornerFrame=false}, InsetsSource: {mType=ITYPE_TOP_MANDATORY_GESTURES, mFrame=[0,0][1440,142], mVisible=true, mInsetsRoundedCornerFrame=false}, InsetsSource: {mType=ITYPE_BOTTOM_MANDATORY_GESTURES, mFrame=[0,3018][1440,3088], mVisible=true, mInsetsRoundedCornerFrame=false}, InsetsSource: {mType=ITYPE_LEFT_DISPLAY_CUTOUT, mFrame=[0,0][-100000,3088], mVisible=true, mInsetsRoundedCornerFrame=false}, InsetsSource: {mType=ITYPE_TOP_DISPLAY_CUTOUT, mFrame=[0,0][1440,100], mVisible=true, mInsetsRoundedCornerFrame=false}, InsetsSource: {mType=ITYPE_RIGHT_DISPLAY_CUTOUT, mFrame=[100000,0][1440,3088], mVisible=true, mInsetsRoundedCornerFrame=false}, InsetsSource: {mType=ITYPE_BOTTOM_DISPLAY_CUTOUT, mFrame=[0,100000][1440,3088], mVisible=true, mInsetsRoundedCornerFrame=false}, InsetsSource: {mType=ITYPE_TOP_TAPPABLE_ELEMENT, mFrame=[0,0][1440,100], mVisible=true, mInsetsRoundedCornerFrame=false}, InsetsSource: {mType=ITYPE_BOTTOM_TAPPABLE_ELEMENT, mFrame=[0,0][0,0], mVisible=true, mInsetsRoundedCornerFrame=false}, InsetsSource: {mType=ITYPE_IME, mFrame=[0,0][0,0], mVisibleFrame=[0,3088][1440,3088], mVisible=false, mInsetsRoundedCornerFrame=false} } host=com.example.dogglers/androidx.test.core.app.InstrumentationActivityInvoker$EmptyActivity from=android.view.ViewRootImpl.relayoutWindow:9802
09-25 13:19:22.580  5639  5639 I ViewRootImpl@8fb8669[InstrumentationActivityInvoker$EmptyActivity]: updateBlastSurfaceIfNeeded mBlastBufferQueue=null isSameSurfaceControl=false
09-25 13:19:22.581  5639  5639 I BLASTBufferQueue: new BLASTBufferQueue, mName= ViewRootImpl@8fb8669[InstrumentationActivityInvoker$EmptyActivity] mNativeObject= 0xb4000077a1041500 sc.mNativeObject= 0xb4000077b109da20 caller= android.view.ViewRootImpl.updateBlastSurfaceIfNeeded:2909 android.view.ViewRootImpl.relayoutWindow:9847 android.view.ViewRootImpl.performTraversals:3884 android.view.ViewRootImpl.doTraversal:3116 android.view.ViewRootImpl$TraversalRunnable.run:10885 android.view.Choreographer$CallbackRecord.run:1301 android.view.Choreographer$CallbackRecord.run:1309 android.view.Choreographer.doCallbacks:923 android.view.Choreographer.doFrame:852 android.view.Choreographer$FrameDisplayEventReceiver.run:1283
09-25 13:19:22.581  5639  5639 I BLASTBufferQueue: update, w= 1440 h= 3088 mName = ViewRootImpl@8fb8669[InstrumentationActivityInvoker$EmptyActivity] mNativeObject= 0xb4000077a1041500 sc.mNativeObject= 0xb4000077b109da20 format= -1 caller= android.graphics.BLASTBufferQueue.<init>:84 android.view.ViewRootImpl.updateBlastSurfaceIfNeeded:2909 android.view.ViewRootImpl.relayoutWindow:9847 android.view.ViewRootImpl.performTraversals:3884 android.view.ViewRootImpl.doTraversal:3116 android.view.ViewRootImpl$TraversalRunnable.run:10885
09-25 13:19:22.581  5639  5639 I ViewRootImpl@8fb8669[InstrumentationActivityInvoker$EmptyActivity]: Relayout returned: old=(0,0,1440,3088) new=(0,0,1440,3088) req=(1440,3088)0 dur=7 res=0x3 s={true 0xb40000772b1e7800} ch=true seqId=0
09-25 13:19:22.581  5639  5639 I ViewRootImpl@8fb8669[InstrumentationActivityInvoker$EmptyActivity]: performConfigurationChange setNightDimText nightDimLevel=0
09-25 13:19:22.581  5639  5639 I ViewRootImpl@8fb8669[InstrumentationActivityInvoker$EmptyActivity]: mThreadedRenderer.initialize() mSurface={isValid=true 0xb40000772b1e7800} hwInitialized=true
09-25 13:19:22.582  5639  5729 D OpenGLRenderer: eglCreateWindowSurface
09-25 13:19:22.582  5639  5639 I ViewRootImpl@8fb8669[InstrumentationActivityInvoker$EmptyActivity]: reportNextDraw android.view.ViewRootImpl.performTraversals:4438 android.view.ViewRootImpl.doTraversal:3116 android.view.ViewRootImpl$TraversalRunnable.run:10885 android.view.Choreographer$CallbackRecord.run:1301 android.view.Choreographer$CallbackRecord.run:1309
09-25 13:19:22.582  5639  5639 I ViewRootImpl@8fb8669[InstrumentationActivityInvoker$EmptyActivity]: Setup new sync id=0
09-25 13:19:22.582  5639  5639 I ViewRootImpl@8fb8669[InstrumentationActivityInvoker$EmptyActivity]: Setting syncFrameCallback
09-25 13:19:22.582  5639  5639 I ViewRootImpl@8fb8669[InstrumentationActivityInvoker$EmptyActivity]: registerCallbacksForSync syncBuffer=false
09-25 13:19:22.583  5639  5772 I ViewRootImpl@8fb8669[InstrumentationActivityInvoker$EmptyActivity]: Received frameDrawingCallback syncResult=0 frameNum=1.
09-25 13:19:22.583  5639  5772 I ViewRootImpl@8fb8669[InstrumentationActivityInvoker$EmptyActivity]: Setting up sync and frameCommitCallback
09-25 13:19:22.584  5639  5729 I BLASTBufferQueue: [ViewRootImpl@8fb8669[InstrumentationActivityInvoker$EmptyActivity]#20](f:0,a:0) onFrameAvailable the first frame is available
09-25 13:19:22.584  5639  5729 I ViewRootImpl@8fb8669[InstrumentationActivityInvoker$EmptyActivity]: Received frameCommittedCallback lastAttemptedDrawFrameNum=1 didProduceBuffer=true
09-25 13:19:22.585  5639  5729 D OpenGLRenderer: CFMS:: SetUp Pid : 5639    Tid : 5729
09-25 13:19:22.588  1914  1914 I Layer   : id=162177 removedFromDrawingState Surface(name=4eb27f5 StatusBar)/@0x43fa543 - animation-leash of insets_animation#162177 (345)
09-25 13:19:22.588  1914  1914 I Layer   : id=162178 removedFromDrawingState Surface(name=d110b4c NavigationBar0)/@0x8bdb781 - animation-leash of insets_animation#162178 (345)
09-25 13:19:22.588  1914  1914 I SurfaceFlinger: [8e564fc com.example.dogglers/androidx.test.core.app.InstrumentationActivityInvoker$EmptyActivity#162182] FrameRatePriority: 1
09-25 13:19:22.590  5639  5639 I ViewRootImpl@8fb8669[InstrumentationActivityInvoker$EmptyActivity]: onSyncComplete
09-25 13:19:22.590  3108  6472 D InputDispatcher: Focus request (0): 8e564fc com.example.dogglers/androidx.test.core.app.InstrumentationActivityInvoker$EmptyActivity but waiting because NO_WINDOW
09-25 13:19:22.590  5639  5639 I ViewRootImpl@8fb8669[InstrumentationActivityInvoker$EmptyActivity]: setupSync seqId=0 mSyncId=0 fn=1 caller=android.view.ViewRootImpl$$ExternalSyntheticLambda11.accept:6 android.window.SurfaceSyncer.lambda$setupSync$1$android-window-SurfaceSyncer:128 android.window.SurfaceSyncer$$ExternalSyntheticLambda1.accept:8 android.window.SurfaceSyncer$SyncSet.checkIfSyncIsComplete:382 android.window.SurfaceSyncer$SyncSet.markSyncReady:359 android.window.SurfaceSyncer.markSyncReady:151 android.view.ViewRootImpl.performTraversals:4503
09-25 13:19:22.590  5639  5639 I ViewRootImpl@8fb8669[InstrumentationActivityInvoker$EmptyActivity]: reportDrawFinished seqId=0 mSyncId=-1 fn=1 mSurfaceChangedTransaction=0xb40000772b1cb400
09-25 13:19:22.590  5639  5639 I ViewRootImpl@d7cca54[InstrumentationActivityInvoker$EmptyActivity]: MSG_WINDOW_FOCUS_CHANGED 0 0
09-25 13:19:22.593  3108  3227 I ActivityTaskManager: Displayed com.example.dogglers/androidx.test.core.app.InstrumentationActivityInvoker$EmptyActivity: +74ms
09-25 13:19:22.593  5759  5759 E pageboostd: Received HALT command code 2
09-25 13:19:22.596  1914  1914 I Layer   : Layer [com.example.dogglers/androidx.test.core.app.InstrumentationActivityInvoker$EmptyActivity$_5639#162183] hidden!! flag(0)
09-25 13:19:22.599  1914  1914 D SurfaceFlinger: Display 4630947093241269891 HWC layers:
09-25 13:19:22.599  1914  1914 D SurfaceFlinger:      CLIENT | 0xb400007af6c13480 | 0100 | RGBx_8888    |  592.0    0.0 1628.0 2220.0 |    0    0 1440 3088 | Wallpaper BBQ wrapper#90
09-25 13:19:22.599  1914  1914 D SurfaceFlinger:      CLIENT | 0xb400007af6c11480 | 0100 | RGBA_8888    |    0.0    0.0 1440.0 3088.0 |    0    0 1440 3088 | com.sec.android.app.launcher/com.sec[...]rActivity$_5369#162113 (blurRegions)
09-25 13:19:22.599  1914  1914 D SurfaceFlinger:      DEVICE | 0xb400007af6c11d80 | 0102 | RGBA_8888    |    0.0    0.0 1440.0 3088.0 |    8   16 1432 3072 | com.example.dogglers/androidx.test.c[...]tyInvoker$EmptyActivity$_5639#162183
09-25 13:19:22.599  1914  1914 D SurfaceFlinger:      DEVICE | 0xb400007af6c14880 | 0100 | RGBA_8888    |    0.0    0.0 1440.0  100.0 |    0    0 1440  100 | StatusBar$_4768#95
09-25 13:19:22.599  1914  1914 D SurfaceFlinger:      DEVICE | 0xb400007af8705400 | 0100 | RGBA_8888    |    0.0    0.0   67.0  589.0 |    0  562   67 1151 | com.samsung.android.app.cocktailbars[...]vice.CocktailBarService$_8423#156853
09-25 13:19:22.599  1914  1914 D SurfaceFlinger:      DEVICE | 0xb400007af8705500 | 0100 | RGBA_8888    |    0.0    0.0  518.0   48.0 |  922 3040 1440 3088 | SGestureOverlayWindow$_5369#156268
09-25 13:19:22.599  1914  1914 D SurfaceFlinger:      DEVICE | 0x
09-25 13:19:22.599  1914  1914 D SurfaceFlinger: b400007af6c15880 | 0100 | RGBA_8888    |    0.0    0.0 1440.0  168.0 |    0 2920 1440 3088 | NavigationBar0$_4768#92
09-25 13:19:22.599  1914  1914 D SurfaceFlinger:
09-25 13:19:22.609  1914  4196 I SurfaceFlinger: id=162178 Removed Surface(name=d110b4c NavigationBar0)/@0x8bdb781 - animation-leash of insets_animation#162178 (345)
09-25 13:19:22.609  1914  3199 I SurfaceFlinger: id=162177 Removed Surface(name=4eb27f5 StatusBar)/@0x43fa543 - animation-leash of insets_animation#162177 (345)
09-25 13:19:22.609  3108  4073 D InputDispatcher: Focus entered window (0): 8e564fc com.example.dogglers/androidx.test.core.app.InstrumentationActivityInvoker$EmptyActivity
09-25 13:19:22.610  5639  5639 I ViewRootImpl@8fb8669[InstrumentationActivityInvoker$EmptyActivity]: MSG_WINDOW_FOCUS_CHANGED 1 0
09-25 13:19:22.610  5639  5639 I ViewRootImpl@8fb8669[InstrumentationActivityInvoker$EmptyActivity]: mThreadedRenderer.initializeIfNeeded()#2 mSurface={isValid=true 0xb40000772b1e7800}
09-25 13:19:22.610  5639  5639 D InputMethodManager: startInputInner - Id : 0
09-25 13:19:22.610  5639  5639 I InputMethodManager: startInputInner - mService.startInputOrWindowGainedFocus
09-25 13:19:22.610  3108  8626 I SemDvfsHyPerManager: acquire hyper - AMS_RESUME_TAIL/3108@20, type = -999
09-25 13:19:22.610  3108  8626 I SemDvfsHyPerManager: acquire hyper - AMS_ACT_LAZY/3108@21, type = -999
09-25 13:19:22.611  3108  6493 D InputMethodManagerService: DESKTOP MODE! : 2
09-25 13:19:22.611  3108  6493 D InputMethodManagerService: NOT IN KNOX DESKTOP MODE!
09-25 13:19:22.611  3108  6493 V InputMethodManagerService: getDisplayIdOfInputMethodWindowToBeAdded: displayId=0
09-25 13:19:22.611  1809  1855 I HYPER-HAL: [RequestManager.cpp]acquire(): Acquired ID : 4893776  [3108 / 20]    HINT : AMS_RESUME_TAIL    list :
09-25 13:19:22.611  3108  6493 D InputMethodManagerService: isImeSwitcherDisabledPackage : false
09-25 13:19:22.611  1809  1855 I HYPER-HAL: [RequestManager.cpp]acquire(): Acquired ID : 4896906  [3108 / 21]    HINT : AMS_ACT_LAZY    list :
09-25 13:19:22.611  3108  6493 D InputMethodManagerService: checkDisplayOfStartInputAndUpdateKeyboard: displayId=0, mFocusedDisplayId=0
09-25 13:19:22.611  3108  6493 D InputTransport: Input channel constructed: 'ClientS', fd=1355
09-25 13:19:22.611  3108  6493 D InputTransport: Input channel destroyed: 'ClientS', fd=1355
09-25 13:19:22.613  3108  6493 D InputDispatcher: Focused application(0): ActivityRecord{d98ff22 u0 com.sec.android.app.launcher/.activities.LauncherActivity} t6591}
09-25 13:19:22.613  1914  1914 I Layer   : id=162178 Destroyed Surface(name=d110b4c NavigationBar0)/@0x8bdb781 - animation-leash of insets_animation#162178
09-25 13:19:22.613  1914  1914 I Layer   : id=162177 Destroyed Surface(name=4eb27f5 StatusBar)/@0x43fa543 - animation-leash of insets_animation#162177
09-25 13:19:22.614  1809  1855 I HYPER-HAL: [RequestManager.cpp]releaseLocked(): Released ID : 4887519
09-25 13:19:22.615   586   586 I GoogleInputMethodService: GoogleInputMethodService.onFinishInput():3267
09-25 13:19:22.616   586   586 I GoogleInputMethodService: GoogleInputMethodService.updateDeviceLockedStatus():2097 repeatCheckTimes = 0, locked = false
09-25 13:19:22.616   586   586 D InputMethodService: checkFocusedDisplay() display Id 0last 0
09-25 13:19:22.617   586   586 I GoogleInputMethodService: GoogleInputMethodService.onStartInput():1889 onStartInput(EditorInfo{EditorInfo{packageName=com.example.dogglers, inputType=0, inputTypeString=NULL, enableLearning=false, autoCorrection=false, autoComplete=false, imeOptions=0, privateImeOptions=null, actionName=UNSPECIFIED, actionLabel=null, initialSelStart=-1, initialSelEnd=-1, initialCapsMode=0, label=null, fieldId=-1, fieldName=null, extras=Bundle[{displayId=0}], hintText=null, hintLocales=[]}}, false)
09-25 13:19:22.618   586   586 I GoogleInputMethodService: GoogleInputMethodService.updateDeviceLockedStatus():2097 repeatCheckTimes = 1, locked = false
09-25 13:19:22.628  3108  4605 D AS.MultiSoundManager: mForegroundUid = 10141
09-25 13:19:22.629  3108  3141 I system_server: Background concurrent copying GC freed 604383(23MB) AllocSpace objects, 3(60KB) LOS objects, 12% free, 168MB/192MB, paused 82us,137us total 287.868ms
09-25 13:19:22.634  1914  3193 I SurfaceFlinger: id=162186 createSurf, flag=24004, Surface(name=6a358c3 InputMethod)/@0x1a6cc79 - animation-leash of insets_animation#162186
09-25 13:19:22.634  5639  5639 D LifecycleMonitor: Lifecycle status change: androidx.test.core.app.InstrumentationActivityInvoker$EmptyActivity@1863697 in: PAUSED
09-25 13:19:22.635  5639  5639 V ActivityScenario: Activity lifecycle changed event received but ignored because the intent does not match. startActivityIntent=Intent { act=android.intent.action.MAIN cat=[android.intent.category.LAUNCHER] cmp=com.example.dogglers/.MainActivity }, activity.getIntent()=Intent { act=android.intent.action.MAIN cat=[android.intent.category.LAUNCHER] flg=0x10000000 cmp=com.example.dogglers/androidx.test.core.app.InstrumentationActivityInvoker$EmptyActivity }, activity=androidx.test.core.app.InstrumentationActivityInvoker$EmptyActivity@1863697
09-25 13:19:22.636  3108  6472 I SemDvfsHyPerManager: acquire hyper - AMS_APP_HOME/3108@24, type = -999
09-25 13:19:22.636  3108  3143 W System  : A resource failed to call release.
09-25 13:19:22.636  1809  1855 I HYPER-HAL: [RequestManager.cpp]acquire(): Acquired ID : 4906302  [3108 / 24]    HINT : AMS_APP_HOME    list :
09-25 13:19:22.636  8328  8328 I SemDvfsHyPerManager: acquire hyper - APP_START_HOME/8328@20, type = -999
09-25 13:19:22.637  1809  1855 I HYPER-HAL: [RequestManager.cpp]acquire(): Acquired ID : 34848746  [8328 / 20]    HINT : APP_START    list : [KERNEL_APP_START_NOTIFY / 0] [TIMEOUT / 1500]
09-25 13:19:22.638  5369  5369 I ViewRootImpl@7533534[LauncherActivity]: stopped(false) old = false
09-25 13:19:22.638  5369  5369 I Launcher: !@Boot_DEBUG: Launcher.onResume()
09-25 13:19:22.638  5369  5369 I Launcher: !@Boot_EBS_D: Launcher.onResume()
09-25 13:19:22.638  5369  5369 I BaseActivity: addActivityFlags, flags : 18
09-25 13:19:22.638  5369  5369 I BaseActivity: removeActivityFlags, flags : 32
09-25 13:19:22.638  5369  5741 I IMM_LC  : hsifw() - flag : 0
09-25 13:19:22.638  5369  5741 I IMM_LC  : hsifw() - mService.hideSoftInput
09-25 13:19:22.638  5369  5369 I AppsSearchBar: restoreCurrentCellLayoutAlpha: [com.android.homescreen.apptray.AppsViewCellLayout{118f2a4 V.ED..... ........ 15341,100-16679,2951}[a=1.0,v=0,sId=11]]
09-25 13:19:22.638  3108 29076 D RemoteAppTaskWatcher:  ****** RemoteAppTaskWatcher: Message Received 5 Task ID = 0
09-25 13:19:22.638  1914  1914 I SurfaceFlinger: [8e564fc com.example.dogglers/androidx.test.core.app.InstrumentationActivityInvoker$EmptyActivity#162182] FrameRatePriority: -1
09-25 13:19:22.638  1914  1914 I Layer   : id=162181 removedFromDrawingState Surface(name=6a358c3 InputMethod)/@0x1a6cc79 - animation-leash of insets_animation#162181 (344)
09-25 13:19:22.638  5369  5369 I Launcher.AppsViewCellLayout: com.android.homescreen.apptray.AppsViewCellLayout{118f2a4 V.ED..... ........ 15341,100-16679,2951}[a=1.0,v=0,sId=11] setAlpha : 1.0
09-25 13:19:22.638  5369  5369 I Launcher.AppsViewCellLayout: com.android.homescreen.apptray.AppsViewCellLayout{118f2a4 V.ED..... ........ 15341,100-16679,2951}[a=1.0,v=0,sId=11] setAlpha : 1.0
09-25 13:19:22.638  5369  5369 W SearchLauncherServiceMover: isMoving : false
09-25 13:19:22.638  5369  5369 I Launcher: setWallpaperOffsets
09-25 13:19:22.639  1914  3199 I SurfaceFlinger: id=162187 createSurf, flag=24000, Surface(name=Task=7110)/@0xce4ee74 - animation-leash of app_transition#162187
09-25 13:19:22.639  5369 13999 I Launcher: DisplayMetrics from Resources : DisplayMetrics{density=3.5, width=1440, height=2988, scaledDensity=3.8500001, xdpi=501.041, ydpi=502.789}
09-25 13:19:22.639  5369 13999 I Launcher: realMetrics from Wm : DisplayMetrics{density=3.5, width=1440, height=3088, scaledDensity=3.5, xdpi=501.041, ydpi=502.789}
09-25 13:19:22.639  5369 13999 I Launcher: Launcher DeviceProfile onResume availSize: 1440x2988 windowSize: 1440x3088 isLandscape: false
09-25 13:19:22.639  5369 11129 I WidgetRotationImpl: subscribeWidgetFocus 80
09-25 13:19:22.640  3108  3145 D InputDispatcher: Focus request (0): <null> but waiting because NOT_FOCUSABLE
09-25 13:19:22.640  3108  3145 D InputDispatcher: Focus left window (0): 8e564fc com.example.dogglers/androidx.test.core.app.InstrumentationActivityInvoker$EmptyActivity
09-25 13:19:22.640  5369 11129 I IntelligentPlatformManagerImpl: subscribeWidgetFocus() id : 80
09-25 13:19:22.640  1914  4196 I SurfaceFlinger: id=162188 createSurf, flag=24004, Surface(name=Task=1)/@0xeddbc98 - animation-leash of app_transition#162188
09-25 13:19:22.641  5369  5752 I SPayUpdater: updateSpayHandler, show = false, defaultPage = false
09-25 13:19:22.641  6586  6586 I SAMSUNGWALLET: [Hint_PayHintService] onReceive() action=com.sec.android.app.launcher.intent.action.UPDATE_SPAY_HANDLER
09-25 13:19:22.641  6586  6586 I SAMSUNGWALLET: [Hint_PayHintService] home change, s home : false , default : false , gesture : true , s result : false , prev : false
09-25 13:19:22.641  5759  5759 E pageboostd: Received HALT command code 2
09-25 13:19:22.641  1914  4196 I SurfaceFlinger: id=162189 createSurf, flag=24000, Surface(name=WallpaperWindowToken{6241e01 token=android.os.Binder@ab19d0b})/@0xf3e0a44 - animation-leash of window_animation#162189
09-25 13:19:22.643  1914  1914 I Layer   : id=162190 Destroyed Screenshot Parent#162190
09-25 13:19:22.645  3108  3143 W System  : A resource failed to call release.
09-25 13:19:22.646  3108 29076 D RemoteAppTaskWatcher:  ****** RemoteAppTaskWatcher: Message Received 5 Task ID = 0
09-25 13:19:22.646  1914  4196 I SurfaceFlinger: id=162191 createSurf, flag=24000, Surface(name=4eb27f5 StatusBar)/@0x43fa543 - animation-leash of insets_animation#162191
09-25 13:19:22.647  1914  4196 I SurfaceFlinger: id=162192 createSurf, flag=24000, Surface(name=d110b4c NavigationBar0)/@0x8bdb781 - animation-leash of insets_animation#162192
09-25 13:19:22.649  5369 18503 I TouchInteractionService: onSystemUiStateChanged, stateFlags : 48 |a11y_click|a11y_long_click|
09-25 13:19:22.649  3108  3143 W System  : A resource failed to call HardwareBuffer.close.
09-25 13:19:22.649  3108  3143 W System  : A resource failed to call end.
09-25 13:19:22.649  3108  3143 W System  : A resource failed to call HardwareBuffer.close.
09-25 13:19:22.650  4768  4838 D Bubbles : onLocusVisibilityChanged: LocusId[17_chars] visible=true
09-25 13:19:22.650  5369 18503 I LauncherAnimationRunner: onAnimationStart, appTargets : [Lcom.android.systemui.shared.system.RemoteAnimationTargetCompat;@a2374ea mStartAtFrontOfQueue : false
09-25 13:19:22.651  1914  3199 I SurfaceFlinger: id=162181 Removed Surface(name=6a358c3 InputMethod)/@0x1a6cc79 - animation-leash of insets_animation#162181 (349)
09-25 13:19:22.651  5369  5369 I MSHandlerLifeCycle: removeMultiSplitHandler: no exist. decor=DecorView@ac62e93[LauncherActivity]
09-25 13:19:22.651  5369  5369 I BaseActivity: addActivityFlags, flags : 4
09-25 13:19:22.651  5369  5369 I Launcher: onDeferredResumed
09-25 13:19:22.651  5369  5369 I InstallShortcutReceiver: flushInstallQueue 0
09-25 13:19:22.651  5369  5369 I Launcher.NotificationListener: onNotificationFullRefresh
09-25 13:19:22.651  5369  5369 I BadgeCountUpdaterImpl: onNotificationsChangedConnected
09-25 13:19:22.651  5369  5369 W LauncherAppWidgetHost: setShouldListenFlag, mFlags:7 flag:resume on:true isFront:false
09-25 13:19:22.651  5639  5639 I ViewRootImpl@8fb8669[InstrumentationActivityInvoker$EmptyActivity]: MSG_WINDOW_FOCUS_CHANGED 0 0
09-25 13:19:22.651  5369  5369 I Launcher.AppsViewCellLayout: com.android.homescreen.apptray.AppsViewCellLayout{118f2a4 V.ED..... ........ 15341,100-16679,2951}[a=1.0,v=0,sId=11] setAlpha : 1.0
09-25 13:19:22.651  5369  5748 I InstallShortcutReceiver: flushQueueInBackground 0
09-25 13:19:22.652  5369  5369 I RecentsAnimationDeviceState: setSystemUiFlags, stateFlags : 48
09-25 13:19:22.652  5369  5369 W SGestureOverlayWindow: setVisibilityGestureOverlayWindow, visibility = 0
09-25 13:19:22.652  5369  5369 I TouchInteractionService: onSystemUiFlagsChanged, lastSysUIFlags : 131120
09-25 13:19:22.652  5369  5369 I Launcher: getFirstMatch : match = com.android.homescreen.icon.IconView{3c9d3a5 VFED..CLX ........ 538,868-799,1294 #7f0a009c app:id/apps_icon}[a=1.0,v=0,i=true,t=Dogglers][c(2,2-3,3),id=353]
09-25 13:19:22.652  3108  3338 D AnalyticsContainerHandler: handleMessage : { when=0 what=1 target=com.android.server.knox.KnoxAnalyticsContainer$AnalyticsHandler }
09-25 13:19:22.652  5369  5369 W AppTransitionAnimatorImpl: closing animation with floating icon - true
09-25 13:19:22.653  5369  5369 I AppTransitionAnimatorImpl: window bounds: Rect(0, 0 - 1440, 3088), target bounds: RectF(624.0, 1269.0, 816.0, 1461.0)
09-25 13:19:22.653  5369  5369 I AnimationResult: setAnimation : null
09-25 13:19:22.653  5369  5369 W AppTransitionAnimatorImpl: onAnimationStart - APP OUT
09-25 13:19:22.654  8130  8237 I [AirCmd]_ActivitySwitchDetector: onTaskFocusChanged : taskId 6591
09-25 13:19:22.655  3108  4074 D InputMethodManagerService: isImeSwitcherDisabledPackage : false
09-25 13:19:22.655  5369  5369 I Launcher.AppsViewCellLayout: com.android.homescreen.apptray.AppsViewCellLayout{118f2a4 V.ED..... .......D 15341,100-16679,2951}[a=1.0,v=0,sId=11] setAlpha : 1.0
09-25 13:19:22.655  1914  1914 I Layer   : id=162184 removedFromDrawingState Surface(name=4eb27f5 StatusBar)/@0x43fa543 - animation-leash of insets_animation#162184 (349)
09-25 13:19:22.655  1914  1914 I Layer   : id=84 removedFromDrawingState 4eb27f5 StatusBar#84 (349)
09-25 13:19:22.655  1914  1914 I Layer   : id=95 removedFromDrawingState StatusBar$_4768#95 (349)
09-25 13:19:22.655  1914  1914 I Layer   : id=162164 removedFromDrawingState Surface(name=Task=7110)/@0xce4ee74 - animation-leash of app_transition#162164 (349)
09-25 13:19:22.655  1914  1914 I Layer   : id=162163 removedFromDrawingState Surface(name=Task=1)/@0xeddbc98 - animation-leash of app_transition#162163 (349)
09-25 13:19:22.655  1914  1914 I Layer   : id=84 addToCurrentState 4eb27f5 StatusBar#84 (349)
09-25 13:19:22.655  1914  1914 I Layer   : id=95 addToCurrentState StatusBar$_4768#95 (349)
09-25 13:19:22.655  1914  1914 I Layer   : id=162185 removedFromDrawingState Surface(name=d110b4c NavigationBar0)/@0x8bdb781 - animation-leash of insets_animation#162185 (349)
09-25 13:19:22.655  1914  1914 I SurfaceFlinger: id=162184 Removed Surface(name=4eb27f5 StatusBar)/@0x43fa543 - animation-leash of insets_animation#162184 (349)
09-25 13:19:22.655  1914  1914 I SurfaceFlinger: id=162164 Removed Surface(name=Task=7110)/@0xce4ee74 - animation-leash of app_transition#162164 (349)
09-25 13:19:22.655  5369  5748 I AppIconSolution: getThemeIconWithBG called with public API, pkg = com.example.dogglers, mode = 48
09-25 13:19:22.655  1914  1914 I SurfaceFlinger: id=162163 Removed Surface(name=Task=1)/@0xeddbc98 - animation-leash of app_transition#162163 (349)
09-25 13:19:22.655  1914  1914 I SurfaceFlinger: id=162185 Removed Surface(name=d110b4c NavigationBar0)/@0x8bdb781 - animation-leash of insets_animation#162185 (349)
09-25 13:19:22.655  5369  5748 I AppIconSolution: return adaptive icon for com.example.dogglers, isNight = true
09-25 13:19:22.655  1914  1914 I Layer   : id=162181 Destroyed Surface(name=6a358c3 InputMethod)/@0x1a6cc79 - animation-leash of insets_animation#162181
09-25 13:19:22.655  5369  5748 I LauncherActivityInfo: packageName: com.example.dogglers, useThemeIcon: false, height: 252, width: 252, density: 640
09-25 13:19:22.655  1914  1914 I Layer   : id=162163 Destroyed Surface(name=Task=1)/@0xeddbc98 - animation-leash of app_transition#162163
09-25 13:19:22.655  1914  1914 I Layer   : id=162164 Destroyed Surface(name=Task=7110)/@0xce4ee74 - animation-leash of app_transition#162164
09-25 13:19:22.655  1914  1914 I Layer   : id=162184 Destroyed Surface(name=4eb27f5 StatusBar)/@0x43fa543 - animation-leash of insets_animation#162184
09-25 13:19:22.655  1914  1914 I Layer   : id=162185 Destroyed Surface(name=d110b4c NavigationBar0)/@0x8bdb781 - animation-leash of insets_animation#162185
09-25 13:19:22.656  5369  5748 I Launcher.NotificationListener: notificationIsValidForUI : com.microsoft.office.outlook missingTitleAndText : false isGroupHeader : true
09-25 13:19:22.656  5369  5748 I Launcher.NotificationListener: notificationIsValidForUI : com.microsoft.office.outlook missingTitleAndText : false isGroupHeader : false
09-25 13:19:22.656  5369  5748 I Launcher.NotificationListener: Full refresh isConnected : true active size : 1
09-25 13:19:22.656  5369  5369 I TopTaskTracker: onTaskMovedToFront : taskId = 6591
09-25 13:19:22.656  5369  5369 I PopupDataProvider: onNotificationFullRefresh prev dotInfoSize : 1
09-25 13:19:22.656  5369  5369 I PopupDataProvider: refresh badge  package : com.microsoft.office.outlook count : 275
09-25 13:19:22.656  8174  8566 D KnoxHelper: getActivityList callingUserId: 0, target user: 0
09-25 13:19:22.657  5369  5369 I IconView: applyDotState itemInfo : Outlook display : 1 count : 275
09-25 13:19:22.657  1914  1914 D SurfaceFlinger: Display 4630947093241269891 HWC layers:
09-25 13:19:22.657  1914  1914 D SurfaceFlinger:      DEVICE | 0xb400007af6c11d80 | 0102 | RGBA_8888    |    0.0    0.0 1440.0 3088.0 |    0    0 1440 3088 | com.example.dogglers/androidx.test.c[...]tyInvoker$EmptyActivity$_5639#162183
09-25 13:19:22.657  1914  1914 D SurfaceFlinger:      DEVICE | 0xb400007af6c14880 | 0100 | RGBA_8888    |    0.0    0.0 1440.0  100.0 |    0    0 1440  100 | StatusBar$_4768#95
09-25 13:19:22.657  1914  1914 D SurfaceFlinger:      DEVICE | 0xb400007af8705400 | 0100 | RGBA_8888    |    0.0    0.0   67.0  589.0 |    0  562   67 1151 | com.samsung.android.app.cocktailbars[...]vice.CocktailBarService$_8423#156853
09-25 13:19:22.657  1914  1914 D SurfaceFlinger:      DEVICE | 0xb400007af8705500 | 0100 | RGBA_8888    |    0.0    0.0  518.0   48.0 |  922 3040 1440 3088 | SGestureOverlayWindow$_5369#156268
09-25 13:19:22.657  1914  1914 D SurfaceFlinger:      DEVICE | 0xb400007af6c15880 | 0100 | RGBA_8888    |    0.0    0.0 1440.0  168.0 |    0 2920 1440 3088 | NavigationBar0$_4768#92
09-25 13:19:22.657  1914  1914 D SurfaceFlinger:
09-25 13:19:22.657  5369  5584 I ViewRootImpl@7533534[LauncherActivity]: mWNT: t=0xb40000774c80c900 mBlastBufferQueue=0xb400007720986880 fn= 98 caller= com.android.systemui.shared.launcher.ViewRootImplCompat.mergeWithNextTransaction:2 com.android.quickstep.util.SurfaceTransactionApplier.lambda$scheduleApply$0:2 com.android.quickstep.util.SurfaceTransactionApplier.b:0
09-25 13:19:22.657  5369  5584 I ViewRootImpl@7533534[LauncherActivity]: mWNT: t=0xb40000774c80ca00 mBlastBufferQueue=0xb400007720986880 fn= 98 caller= com.android.systemui.shared.launcher.ViewRootImplCompat.mergeWithNextTransaction:2 com.android.quickstep.util.SurfaceTransactionApplier.lambda$scheduleApply$0:2 com.android.quickstep.util.SurfaceTransactionApplier.b:0
09-25 13:19:22.657  5369  5584 I ViewRootImpl@7533534[LauncherActivity]: mWNT: t=0xb40000774c80cd00 mBlastBufferQueue=0xb400007720986880 fn= 98 caller= com.android.systemui.shared.launcher.ViewRootImplCompat.mergeWithNextTransaction:2 com.android.quickstep.util.SurfaceTransactionApplier.lambda$scheduleApply$0:2 com.android.quickstep.util.SurfaceTransactionApplier.b:0
09-25 13:19:22.658   586   586 I InputMethodService: removeImeSurface
09-25 13:19:22.659   586   586 I MSHandlerLifeCycle: check: return. pkg=com.google.android.inputmethod.latin isActivity=false callers=com.android.internal.policy.DecorView.setVisibility:4412 android.app.Dialog.hide:767 android.inputmethodservice.InputMethodService.removeImeSurface:1290 android.inputmethodservice.InputMethodService.scheduleImeSurfaceRemoval:1279 android.inputmethodservice.InputMethodService.-$$Nest$mscheduleImeSurfaceRemoval:0
09-25 13:19:22.659   586   586 I MSHandlerLifeCycle: removeMultiSplitHandler: no exist. decor=DecorView@3ddf8c7[InputMethod]
09-25 13:19:22.659  8130  8237 I [AirCmd]_ActivitySwitchDetector: onTaskFocusChanged : componentName - ComponentInfo{com.sec.android.app.launcher/com.android.launcher3.uioverrides.QuickstepLauncher}
09-25 13:19:22.659  8130  8237 I [AirCmd]_ActivitySwitchDetector: onTaskFocusChanged : mTopMostActivity - ComponentInfo{com.example.dogglers/com.example.dogglers.MainActivity}
09-25 13:19:22.659 15715 18710 I WindowsLink: (TaskInfoManager) +++++++++++onRecentTaskStackUpdated
09-25 13:19:22.659  8130  8237 I [AirCmd]_CallbackRepeater: stopRepeat : isWorking=false
09-25 13:19:22.659  8130  8237 I [AirCmd]_MediaControlStateMonitor: isForegroundAppSupportsMediaButton : mediaSession is empty
09-25 13:19:22.660  8130  8237 I [AirCmd]_MediaControlStateMonitor: active Notification List is null
09-25 13:19:22.660  8130  8237 I [AirCmd]_RemoteSpenMainController: hasGeneralAction : packageName is com.sec.android.app.launcher, activityName is com.android.launcher3.uioverrides.QuickstepLauncher, hasActions is false
09-25 13:19:22.660  8130  8237 I [AirCmd]_CameraAvailabilityMonitor: isCameraPreviewOn : mIsCameraPreviewOn is false
09-25 13:19:22.661  3108  3230 I SemPersonaManager: SecureFolder personaId = 150
09-25 13:19:22.662  8130  8237 I [AirCmd]_CameraAvailabilityMonitor: isCameraPreviewOn : mIsCameraPreviewOn is false
09-25 13:19:22.662  8130  8237 I [AirCmd]_MediaControlStateMonitor: isForegroundAppSupportsMediaButton : mediaSession is empty
09-25 13:19:22.663  8130  8237 I [AirCmd]_MediaControlStateMonitor: active Notification List is null
09-25 13:19:22.663  8130  8237 I [AirCmd]_PenActionRule: getAction : get default action data from remote action because pen action data is null.
09-25 13:19:22.663  8130  8237 I [AirCmd]_ButtonActionDetector: enableDoubleClickDetection: enabled=true, doubleClickWaitInterval=300
09-25 13:19:22.663  8130  8237 I [AirCmd]_RemoteSpenMainController: onSwitch : package is com.sec.android.app.launcher   and activity is com.android.launcher3.uioverrides.QuickstepLauncher and isBleConnected is false and hasActions is false
09-25 13:19:22.663  5369  5369 I Launcher.AppsViewCellLayout: com.android.homescreen.apptray.AppsViewCellLayout{118f2a4 V.ED..... .......D 15341,100-16679,2951}[a=1.0,v=0,sId=11] setAlpha : 1.0
09-25 13:19:22.665  5369  5583 I ViewRootImpl@7533534[LauncherActivity]: mWNT: t=0xb40000774cca0c00 mBlastBufferQueue=0xb400007720986880 fn= 99 caller= com.android.systemui.shared.launcher.ViewRootImplCompat.mergeWithNextTransaction:2 com.android.quickstep.util.SurfaceTransactionApplier.lambda$scheduleApply$0:2 com.android.quickstep.util.SurfaceTransactionApplier.b:0
09-25 13:19:22.665 15715 18710 I WindowsLink: (TaskInfoManager) +++++++++++onRecentTaskStackUpdated
09-25 13:19:22.665  3108  3230 D EnterpriseDeviceManagerService: isMdmAdminPresentInternal() : MDM Admin Found - com.samsung.knox.securefolder
09-25 13:19:22.666  1914  1914 D SurfaceFlinger: Display 4630947093241269891 HWC layers:
09-25 13:19:22.666  1914  1914 D SurfaceFlinger:      CLIENT | 0xb400007af6c13480 | 0100 | RGBx_8888    |  592.0    0.0 1628.0 2220.0 |    0    0 1440 3088 | Wallpaper BBQ wrapper#90
09-25 13:19:22.666  1914  1914 D SurfaceFlinger:      CLIENT | 0xb400007af6c11c80 | 0100 | RGBA_8888    |    0.0    0.0 1440.0 3088.0 |    0    0 1440 3088 | com.sec.android.app.launcher/com.sec[...]rActivity$_5369#162113 (blurRegions)
09-25 13:19:22.666  1914  1914 D SurfaceFlinger:      CLIENT | 0xb400007af8705380 | 0102 | RGBA_8888    |    0.0    2.0 1440.0 3085.0 |    2    5 1438 3081 | com.example.dogglers/com.example.dogglers.MainActivity$_5639#162168
09-25 13:19:22.666  1914  1914 D SurfaceFlinger:      CLIENT | 0xb400007af86f9400 | 0102 | RGBA_8888    |    0.0    2.0 1440.0 3085.0 |    2    5 1438 3081 | com.example.dogglers/androidx.test.c[...]tyInvoker$EmptyActivity$_5639#162176
09-25 13:19:22.666  1914  1914 D SurfaceFlinger:      CLIENT | 0xb400007af6c11d80 | 0102 | RGBA_8888    |    0.0    2.0 1440.0 3085.0 |    2    5 1438 3081 | com.example.dogglers/androidx.test.c[...]tyInvoker$EmptyActivity$_5639#162183
09-25 13:19:22.666  1914  1914 D SurfaceFlinger:      DEVICE | 0xb400007af6c14880 | 0100 | RGBA_8888    |    0.0    0.0 1440.0  100.0 |    0    0 1440  100 | St
09-25 13:19:22.666  1914  1914 D SurfaceFlinger: atusBar$_4768#95
09-25 13:19:22.666  1914  1914 D SurfaceFlinger:      DEVICE | 0xb400007af8705400 | 0100 | RGBA_8888    |    0.0    0.0   67.0  589.0 |    0  562   67 1151 | com.samsung.android.app.cocktailbars[...]vice.CocktailBarService$_8423#156853
09-25 13:19:22.666  1914  1914 D SurfaceFlinger:      DEVICE | 0xb400007af8705500 | 0100 | RGBA_8888    |    0.0    0.0  518.0   48.0 |  922 3040 1440 3088 | SGestureOverlayWindow$_5369#156268
09-25 13:19:22.666  1914  1914 D SurfaceFlinger:      DEVICE | 0xb400007af6c15880 | 0100 | RGBA_8888    |    0.0    0.0 1440.0  168.0 |    0 2920 1440 3088 | NavigationBar0$_4768#92
09-25 13:19:22.666  1914  1914 D SurfaceFlinger:
09-25 13:19:22.669  3108  6142 I MediaSessionMonitor: Media session stopped : controllerList empty
09-25 13:19:22.671  8423  8423 I ActivityUtils: HomePackage : com.sec.android.app.launcher, resumePackageName : com.sec.android.app.launcher
09-25 13:19:22.672  5369  5369 I Launcher.AppsViewCellLayout: com.android.homescreen.apptray.AppsViewCellLayout{118f2a4 V.ED..... ........ 15341,100-16679,2951}[a=1.0,v=0,sId=11] setAlpha : 1.0
09-25 13:19:22.673  5369  5584 I ViewRootImpl@7533534[LauncherActivity]: mWNT: t=0xb40000774cca0f00 mBlastBufferQueue=0xb400007720986880 fn= 100 caller= com.android.systemui.shared.launcher.ViewRootImplCompat.mergeWithNextTransaction:2 com.android.quickstep.util.SurfaceTransactionApplier.lambda$scheduleApply$0:2 com.android.quickstep.util.SurfaceTransactionApplier.b:0
09-25 13:19:22.678  8174  8566 D KnoxHelper: getActivityList callingUserId: 0, target user: 150
09-25 13:19:22.678  8174  8566 V KnoxHelper: source and target users are different, and caller is knox container or target user is for secure folder, so request cannot be granted!
09-25 13:19:22.680  5369  5369 I Launcher.AppsViewCellLayout: com.android.homescreen.apptray.AppsViewCellLayout{118f2a4 V.ED..... ........ 15341,100-16679,2951}[a=1.0,v=0,sId=11] setAlpha : 1.0
09-25 13:19:22.681  5369  5583 I ViewRootImpl@7533534[LauncherActivity]: mWNT: t=0xb40000774cca7300 mBlastBufferQueue=0xb400007720986880 fn= 101 caller= com.android.systemui.shared.launcher.ViewRootImplCompat.mergeWithNextTransaction:2 com.android.quickstep.util.SurfaceTransactionApplier.lambda$scheduleApply$0:2 com.android.quickstep.util.SurfaceTransactionApplier.b:0
09-25 13:19:22.686  3108  6746 D SemWifiUsabilityStatsMonitor: onWifiUsabilityStats - seqNum 70098, isSameBssidAndFreq true
09-25 13:19:22.686  3108  4645 I SemWifiLinkQualityMonitor: Link Qos Query: 0.046 ms / 172.822 Mbps (175 / 0.001 / 1.000)
09-25 13:19:22.688  5369  5369 I Launcher.AppsViewCellLayout: com.android.homescreen.apptray.AppsViewCellLayout{118f2a4 V.ED..... ........ 15341,100-16679,2951}[a=1.0,v=0,sId=11] setAlpha : 1.0
09-25 13:19:22.689  5369  5584 I ViewRootImpl@7533534[LauncherActivity]: mWNT: t=0xb40000774cca7400 mBlastBufferQueue=0xb400007720986880 fn= 102 caller= com.android.systemui.shared.launcher.ViewRootImplCompat.mergeWithNextTransaction:2 com.android.quickstep.util.SurfaceTransactionApplier.lambda$scheduleApply$0:2 com.android.quickstep.util.SurfaceTransactionApplier.b:0
09-25 13:19:22.697  5369  5369 I Launcher.AppsViewCellLayout: com.android.homescreen.apptray.AppsViewCellLayout{118f2a4 V.ED..... ........ 15341,100-16679,2951}[a=1.0,v=0,sId=11] setAlpha : 1.0
09-25 13:19:22.698  5369  5583 I ViewRootImpl@7533534[LauncherActivity]: mWNT: t=0xb40000774cca7500 mBlastBufferQueue=0xb400007720986880 fn= 103 caller= com.android.systemui.shared.launcher.ViewRootImplCompat.mergeWithNextTransaction:2 com.android.quickstep.util.SurfaceTransactionApplier.lambda$scheduleApply$0:2 com.android.quickstep.util.SurfaceTransactionApplier.b:0
09-25 13:19:22.705  5369  5369 I Launcher.AppsViewCellLayout: com.android.homescreen.apptray.AppsViewCellLayout{118f2a4 V.ED..... ........ 15341,100-16679,2951}[a=1.0,v=0,sId=11] setAlpha : 1.0
09-25 13:19:22.706  5369  5584 I ViewRootImpl@7533534[LauncherActivity]: mWNT: t=0xb40000774cca7700 mBlastBufferQueue=0xb400007720986880 fn= 104 caller= com.android.systemui.shared.launcher.ViewRootImplCompat.mergeWithNextTransaction:2 com.android.quickstep.util.SurfaceTransactionApplier.lambda$scheduleApply$0:2 com.android.quickstep.util.SurfaceTransactionApplier.b:0
09-25 13:19:22.713  5369  5369 I Launcher.AppsViewCellLayout: com.android.homescreen.apptray.AppsViewCellLayout{118f2a4 V.ED..... ........ 15341,100-16679,2951}[a=1.0,v=0,sId=11] setAlpha : 1.0
09-25 13:19:22.715  5369  5583 I ViewRootImpl@7533534[LauncherActivity]: mWNT: t=0xb40000774cca7800 mBlastBufferQueue=0xb400007720986880 fn= 105 caller= com.android.systemui.shared.launcher.ViewRootImplCompat.mergeWithNextTransaction:2 com.android.quickstep.util.SurfaceTransactionApplier.lambda$scheduleApply$0:2 com.android.quickstep.util.SurfaceTransactionApplier.b:0
09-25 13:19:22.722  5369  5369 I Launcher.AppsViewCellLayout: com.android.homescreen.apptray.AppsViewCellLayout{118f2a4 V.ED..... ........ 15341,100-16679,2951}[a=1.0,v=0,sId=11] setAlpha : 1.0
09-25 13:19:22.722  5369  5584 I ViewRootImpl@7533534[LauncherActivity]: mWNT: t=0xb40000774cca7900 mBlastBufferQueue=0xb400007720986880 fn= 106 caller= com.android.systemui.shared.launcher.ViewRootImplCompat.mergeWithNextTransaction:2 com.android.quickstep.util.SurfaceTransactionApplier.lambda$scheduleApply$0:2 com.android.quickstep.util.SurfaceTransactionApplier.b:0
09-25 13:19:22.730  5369  5369 I Launcher.AppsViewCellLayout: com.android.homescreen.apptray.AppsViewCellLayout{118f2a4 V.ED..... ........ 15341,100-16679,2951}[a=1.0,v=0,sId=11] setAlpha : 1.0
09-25 13:19:22.732  5369  5583 I ViewRootImpl@7533534[LauncherActivity]: mWNT: t=0xb40000774cca7a00 mBlastBufferQueue=0xb400007720986880 fn= 107 caller= com.android.systemui.shared.launcher.ViewRootImplCompat.mergeWithNextTransaction:2 com.android.quickstep.util.SurfaceTransactionApplier.lambda$scheduleApply$0:2 com.android.quickstep.util.SurfaceTransactionApplier.b:0
09-25 13:19:22.739  5369  5369 I Launcher.AppsViewCellLayout: com.android.homescreen.apptray.AppsViewCellLayout{118f2a4 V.ED..... ........ 15341,100-16679,2951}[a=1.0,v=0,sId=11] setAlpha : 1.0
09-25 13:19:22.741  5369  5584 I ViewRootImpl@7533534[LauncherActivity]: mWNT: t=0xb40000774cca7b00 mBlastBufferQueue=0xb400007720986880 fn= 108 caller= com.android.systemui.shared.launcher.ViewRootImplCompat.mergeWithNextTransaction:2 com.android.quickstep.util.SurfaceTransactionApplier.lambda$scheduleApply$0:2 com.android.quickstep.util.SurfaceTransactionApplier.b:0
09-25 13:19:22.741  5369 18503 I RecentModel: onTaskStackChangedBackground
09-25 13:19:22.743  3108  4074 V LocationManagerService: passive provider registration 1000/android[SensorNotificationService]/750D5837 dropped delivery - too close
09-25 13:19:22.743  8130  8237 I [AirCmd]_ActivitySwitchDetector: onTaskStackChanged : componentName - ComponentInfo{com.sec.android.app.launcher/com.android.launcher3.uioverrides.QuickstepLauncher}
09-25 13:19:22.743  8130  8237 I [AirCmd]_ActivitySwitchDetector: onTaskStackChanged : mTopMostActivity - ComponentInfo{com.sec.android.app.launcher/com.android.launcher3.uioverrides.QuickstepLauncher}
09-25 13:19:22.744 15286 15346 I Rubin   : [27752] u9.a.u(SourceFile:3) : New location received
09-25 13:19:22.745  5369  5741 I RecentTasksList: loadTasksInBackground : groupTask = GroupTask{task1=[id=6869 windowingMode=1 user=0 lastActiveTime=1366856278] null, task2=null, task3=null, mStagedSplitBounds=null}
09-25 13:19:22.745  5369  5741 I RecentTasksList: loadTasksInBackground : groupTask = GroupTask{task1=[id=6898 windowingMode=1 user=0 lastActiveTime=1367009547] null, task2=null, task3=null, mStagedSplitBounds=null}
09-25 13:19:22.745  5369  5741 I RecentTasksList: loadTasksInBackground : groupTask = GroupTask{task1=[id=7110 windowingMode=1 user=0 lastActiveTime=1370088785] null, task2=null, task3=null, mStagedSplitBounds=null}
09-25 13:19:22.747  5369  5369 I Launcher.AppsViewCellLayout: com.android.homescreen.apptray.AppsViewCellLayout{118f2a4 V.ED..... ........ 15341,100-16679,2951}[a=1.0,v=0,sId=11] setAlpha : 1.0
09-25 13:19:22.748 15286 15346 I Rubin   : [27752] u9.a.t(SourceFile:8) : handleNewDailyLivingAreaState: No change
09-25 13:19:22.749  3108  5085 D SLocation: PositionManager - PassiveonLocationChanged fused 1695669562731
09-25 13:19:22.749  3108  5085 W SLocation: PositionManager - do not refresh last location about fused location
09-25 13:19:22.749  3108  5085 D SLocation: ARDistanceBigData - BIGDATA ARD - receive location
09-25 13:19:22.749  5369  5583 I ViewRootImpl@7533534[LauncherActivity]: mWNT: t=0xb40000774cca7c00 mBlastBufferQueue=0xb400007720986880 fn= 109 caller= com.android.systemui.shared.launcher.ViewRootImplCompat.mergeWithNextTransaction:2 com.android.quickstep.util.SurfaceTransactionApplier.lambda$scheduleApply$0:2 com.android.quickstep.util.SurfaceTransactionApplier.b:0
09-25 13:19:22.750  5369  5369 I TaskThumbnailCache: handleResult: taskId = 7110, taskThumbnail = android.graphics.Bitmap@313189
09-25 13:19:22.750  3108  5085 D SLocation: ARDistanceLibManager - request distance diff to AR Distance Library
09-25 13:19:22.750  3108  5085 D SLocation: SLocationCoreSem - send to coreSem, packet length : 1 / [34]
09-25 13:19:22.750  3108  5085 D SemContextLocationCoreAttribute: setAttribute() mode : 0 action : 23
09-25 13:19:22.750  3108  5085 D SemContextService: lock : changeParameters
09-25 13:19:22.750  3108  5085 D SemContext.CaeProvider.LocationCoreImpl: setAttribute() mode : 0 action : 23
09-25 13:19:22.750  3108  5085 W CAE     : setCAProperty(ContextAwareService.java:513) - [setProperty 01] Mutex is locked for SLOCATION_RUNNER
09-25 13:19:22.750  3108  5085 I CAE     : setPropertyValue(SLocationRunner.java:116) - SLocationRunner setProperty header : 34, len : 1
09-25 13:19:22.751  3108  4129 D SensorService: setSContextDataLocked ints length 2 , byte length 4
09-25 13:19:22.751  3108  4129 D SensorService: setSContextDataLocked 223717c1
09-25 13:19:22.751  1797  1797 I sensors-hal: inject_sensor_data:409, handle 1501 send inject
09-25 13:19:22.751  1797  1797 I sensors-hal: sendContextData:286, sensor hal 4, (0xc1, 0x17, 0x37, 0x22)
09-25 13:19:22.751  1797  1797 E sensors-hal: sendContextData:133, slocationcore h 193 m 23 s 55
09-25 13:19:22.751  1797  1797 I sensors-hal: sendUserData:119, slocationcore sendUserData
09-25 13:19:22.751  1797  1797 E sensors-hal: create_send_context_data:64, slocationcore create_send_context_data
09-25 13:19:22.751  1797  1797 I sensors-hal: send_context_data:681, slocationcore, 4986366670857974562, 1320970896291267344, msgid:700
09-25 13:19:22.751  1797  1797 I sensors-hal: send_request:320, send_request start this=0xb4000078d2851a00x
09-25 13:19:22.752  1797  1797 I sensors-hal: send_request:405, send_request completed, this=0xb4000078d2851a00x
09-25 13:19:22.752  6586  6586 I SAMSUNGWALLET-USBP: [AlertController] Boarding pass alert is not enabled
09-25 13:19:22.752  6586  6586 I SAMSUNGWALLET-USBP: [AlertController] dismiss alert: NO_ALERT
09-25 13:19:22.752  1797  4125 I sensors-hal: ssc_conn_resp_cb:915, resp_value = 0 for slocationcore
09-25 13:19:22.752  1797  4125 I sensors-hal: handle_resp_cb:507, handle_resp_cb Ended this=0xb4000078d2851a00x
09-25 13:19:22.753  1797  4125 I sensors-hal: ssc_conn_event_cb:875, event[0] sensor:slocationcore  Wakeup, msg_id=1025, ts=26305798702152
09-25 13:19:22.753  1797  4125 E sensors-hal: handle_sns_client_event:78, slocationcore_event: msgid:1025
