09-25 13:19:18.656  3108  4074 V WindowManager: Relayout hash=395317b, pid=5639, syncId=-1: mAttrs={(0,0)(fillxfill) sim={adjust=pan forwardNavigation} ty=BASE_APPLICATION wanim=0x1030001
09-25 13:19:18.656  3108  4074 V WindowManager:   fl=1810100
09-25 13:19:18.656  3108  4074 V WindowManager:   pfl=12020040
09-25 13:19:18.656  3108  4074 V WindowManager:   bhv=DEFAULT
09-25 13:19:18.656  3108  4074 V WindowManager:   fitSides= naviIconColor=0}
09-25 13:19:18.656  1914  1914 D SurfaceFlinger: Display 4630947093241269891 HWC layers:
09-25 13:19:18.656  1914  1914 D SurfaceFlinger:      DEVICE | 0xb400007af6c11c80 | 0102 | RGBA_8888    |    0.0    0.0 1440.0 3088.0 |    0    0 1440 3088 | com.example.dogglers/androidx.test.c[...]tyInvoker$EmptyActivity$_5639#161982
09-25 13:19:18.656  1914  1914 D SurfaceFlinger:      DEVICE | 0xb400007af6c14880 | 0100 | RGBA_8888    |    0.0    0.0 1440.0  100.0 |    0    0 1440  100 | StatusBar$_4768#95
09-25 13:19:18.656  1914  1914 D SurfaceFlinger:      DEVICE | 0xb400007af8705400 | 0100 | RGBA_8888    |    0.0    0.0   67.0  589.0 |    0  562   67 1151 | com.samsung.android.app.cocktailbars[...]vice.CocktailBarService$_8423#156853
09-25 13:19:18.656  1914  1914 D SurfaceFlinger:      DEVICE | 0xb400007af8705500 | 0100 | RGBA_8888    |    0.0    0.0  518.0   48.0 |  922 3040 1440 3088 | SGestureOverlayWindow$_5369#156268
09-25 13:19:18.656  1914  1914 D SurfaceFlinger:      DEVICE | 0xb400007af6c15880 | 0100 | RGBA_8888    |    0.0    0.0 1440.0  168.0 |    0 2920 1440 3088 | NavigationBar0$_4768#92
09-25 13:19:18.656  1914  1914 D SurfaceFlinger:
09-25 13:19:18.658  5639  5639 I ViewRootImpl@d716631[InstrumentationActivityInvoker$EmptyActivity]: Relayout returned: old=(0,0,1440,3088) new=(0,0,1440,3088) req=(1440,3088)8 dur=2 res=0x2 s={false 0x0} ch=true seqId=0
09-25 13:19:18.660  5639  5639 I ViewRootImpl@d716631[InstrumentationActivityInvoker$EmptyActivity]: stopped(true) old = false
09-25 13:19:18.660  5639  5639 I ViewRootImpl@d716631[InstrumentationActivityInvoker$EmptyActivity]: WindowStopped on com.example.dogglers/androidx.test.core.app.InstrumentationActivityInvoker$EmptyActivity set to true
09-25 13:19:18.660  5639  5639 D LifecycleMonitor: Lifecycle status change: androidx.test.core.app.InstrumentationActivityInvoker$EmptyActivity@dba569f in: STOPPED
09-25 13:19:18.660  5639  5639 V ActivityScenario: Activity lifecycle changed event received but ignored because the intent does not match. startActivityIntent=Intent { act=android.intent.action.MAIN cat=[android.intent.category.LAUNCHER] cmp=com.example.dogglers/.MainActivity }, activity.getIntent()=Intent { act=android.intent.action.MAIN cat=[android.intent.category.LAUNCHER] flg=0x10000000 cmp=com.example.dogglers/androidx.test.core.app.InstrumentationActivityInvoker$EmptyActivity }, activity=androidx.test.core.app.InstrumentationActivityInvoker$EmptyActivity@dba569f
09-25 13:19:18.660  5639  5639 I MSHandlerLifeCycle: removeMultiSplitHandler: no exist. decor=DecorView@f032a4a[InstrumentationActivityInvoker$EmptyActivity]
09-25 13:19:18.661  5639  5639 D LifecycleMonitor: Lifecycle status change: androidx.test.core.app.InstrumentationActivityInvoker$EmptyActivity@dba569f in: DESTROYED
09-25 13:19:18.661  5639  5639 V ActivityScenario: Activity lifecycle changed event received but ignored because the intent does not match. startActivityIntent=Intent { act=android.intent.action.MAIN cat=[android.intent.category.LAUNCHER] cmp=com.example.dogglers/.MainActivity }, activity.getIntent()=Intent { act=android.intent.action.MAIN cat=[android.intent.category.LAUNCHER] flg=0x10000000 cmp=com.example.dogglers/androidx.test.core.app.InstrumentationActivityInvoker$EmptyActivity }, activity=androidx.test.core.app.InstrumentationActivityInvoker$EmptyActivity@dba569f
09-25 13:19:18.661  5639  5639 I MSHandlerLifeCycle: removeMultiSplitHandler: no exist. decor=DecorView@f032a4a[InstrumentationActivityInvoker$EmptyActivity]
09-25 13:19:18.662  5639  5729 D OpenGLRenderer: setSurface called with nullptr
09-25 13:19:18.662  5639  5639 I ViewRootImpl@d716631[InstrumentationActivityInvoker$EmptyActivity]: dispatchDetachedFromWindow
09-25 13:19:18.662  3108  9815 D InputTransport: Input channel destroyed: '395317b', fd=1337
09-25 13:19:18.662  3108  9815 W InputManager-JNI: Input channel object '395317b com.example.dogglers/androidx.test.core.app.InstrumentationActivityInvoker$EmptyActivity (client)' was disposed without first being removed with the input manager!
09-25 13:19:18.662  3108  9815 D InputTransport: Input channel destroyed: '395317b', fd=1353
09-25 13:19:18.662  1914  3193 I SurfaceFlinger: id=161986 createSurf, flag=24004, Surface(name=6a358c3 InputMethod)/@0x1a6cc79 - animation-leash of insets_animation#161986
09-25 13:19:18.666  5639  5639 D InputTransport: Input channel destroyed: '395317b', fd=109
09-25 13:19:18.666  1914  2140 I SurfaceFlinger: id=161896 Removed Surface(name=6a358c3 InputMethod)/@0x1a6cc79 - animation-leash of insets_animation#161896 (344)
09-25 13:19:18.666   586   586 I InputMethodService: removeImeSurface
09-25 13:19:18.666  5639  5639 I ViewRootImpl@c2a8e52[InstrumentationActivityInvoker$EmptyActivity]: MSG_WINDOW_FOCUS_CHANGED 1 0
09-25 13:19:18.666  5639  5639 I ViewRootImpl@c2a8e52[InstrumentationActivityInvoker$EmptyActivity]: mThreadedRenderer.initializeIfNeeded()#2 mSurface={isValid=true 0xb40000774e0ca800}
09-25 13:19:18.666   586   586 I MSHandlerLifeCycle: check: return. pkg=com.google.android.inputmethod.latin isActivity=false callers=com.android.internal.policy.DecorView.setVisibility:4412 android.app.Dialog.hide:767 android.inputmethodservice.InputMethodService.removeImeSurface:1290 android.inputmethodservice.InputMethodService.scheduleImeSurfaceRemoval:1279 android.inputmethodservice.InputMethodService.-$$Nest$mscheduleImeSurfaceRemoval:0
09-25 13:19:18.666   586   586 I MSHandlerLifeCycle: removeMultiSplitHandler: no exist. decor=DecorView@3ddf8c7[InputMethod]
09-25 13:19:18.666  5639  5639 D InputMethodManager: startInputInner - Id : 0
09-25 13:19:18.666  5639  5639 I InputMethodManager: startInputInner - mService.startInputOrWindowGainedFocus
09-25 13:19:18.667  1914  3193 I SurfaceFlinger: id=161978 Removed 4cb6b6f ActivityRecordInputSink com.example.dogglers/androidx.test.core.app.InstrumentationActivityInvoker$EmptyActivity#161978 (344)
09-25 13:19:18.667  3108  3146 D InputMethodManagerService: DESKTOP MODE! : 2
09-25 13:19:18.667  3108  3146 D InputMethodManagerService: NOT IN KNOX DESKTOP MODE!
09-25 13:19:18.667  3108  3146 V InputMethodManagerService: getDisplayIdOfInputMethodWindowToBeAdded: displayId=0
09-25 13:19:18.667  3108  3146 D InputMethodManagerService: isImeSwitcherDisabledPackage : false
09-25 13:19:18.668  3108  3146 D InputMethodManagerService: checkDisplayOfStartInputAndUpdateKeyboard: displayId=0, mFocusedDisplayId=0
09-25 13:19:18.668  3108  3146 D InputTransport: Input channel constructed: 'ClientS', fd=1337
09-25 13:19:18.668  3108  3146 D InputTransport: Input channel destroyed: 'ClientS', fd=1337
09-25 13:19:18.669  5639  5639 D LifecycleMonitor: Lifecycle status change: androidx.test.core.app.InstrumentationActivityInvoker$EmptyActivity@feec208 in: PAUSED
09-25 13:19:18.669  5639  5639 V ActivityScenario: Activity lifecycle changed event received but ignored because the intent does not match. startActivityIntent=Intent { act=android.intent.action.MAIN cat=[android.intent.category.LAUNCHER] cmp=com.example.dogglers/.MainActivity }, activity.getIntent()=Intent { act=android.intent.action.MAIN cat=[android.intent.category.LAUNCHER] flg=0x10000000 cmp=com.example.dogglers/androidx.test.core.app.InstrumentationActivityInvoker$EmptyActivity }, activity=androidx.test.core.app.InstrumentationActivityInvoker$EmptyActivity@feec208
09-25 13:19:18.669  3108  4606 I SemDvfsHyPerManager: acquire hyper - AMS_ACT_RESUME/3108@42, type = -999
09-25 13:19:18.669  1809  1855 I HYPER-HAL: [RequestManager.cpp]acquire(): Acquired ID : 4962867  [3108 / 42]    HINT : AMS_ACT_RESUME    list :
09-25 13:19:18.669  3108  4606 D InputDispatcher: Focused application(0): ActivityRecord{d2cf345 u0 com.example.dogglers/.HorizontalListActivity} t7106}
09-25 13:19:18.670   586   586 I GoogleInputMethodService: GoogleInputMethodService.onFinishInput():3267
09-25 13:19:18.670  1914  3193 I SurfaceFlinger: id=161987 createSurf, flag=24000, Surface(name=4eb27f5 StatusBar)/@0x43fa543 - animation-leash of insets_animation#161987
09-25 13:19:18.670  1914  3193 I SurfaceFlinger: id=161988 createSurf, flag=24000, Surface(name=d110b4c NavigationBar0)/@0x8bdb781 - animation-leash of insets_animation#161988
09-25 13:19:18.671  1914  1914 I Layer   : id=161975 removedFromDrawingState com.example.dogglers/androidx.test.core.app.InstrumentationActivityInvoker$EmptyActivity$_5639#161975 (346)
09-25 13:19:18.671  1914  1914 I Layer   : id=161974 removedFromDrawingState 395317b com.example.dogglers/androidx.test.core.app.InstrumentationActivityInvoker$EmptyActivity#161974 (346)
09-25 13:19:18.671  1914  1914 I Layer   : id=161980 removedFromDrawingState Surface(name=6a358c3 InputMethod)/@0x1a6cc79 - animation-leash of insets_animation#161980 (346)
09-25 13:19:18.671  1914  1914 I SurfaceFlinger: [1d669a4 com.example.dogglers/androidx.test.core.app.InstrumentationActivityInvoker$EmptyActivity#161981] FrameRatePriority: -1
09-25 13:19:18.671  1914  1914 I SurfaceFlinger: id=161975 Removed com.example.dogglers/androidx.test.core.app.InstrumentationActivityInvoker$EmptyActivity$_5639#161975 (346)
09-25 13:19:18.671  1914  1914 I SurfaceFlinger: id=161974 Removed 395317b com.example.dogglers/androidx.test.core.app.InstrumentationActivityInvoker$EmptyActivity#161974 (346)
09-25 13:19:18.671  1914  1914 I SurfaceFlinger: id=161980 Removed Surface(name=6a358c3 InputMethod)/@0x1a6cc79 - animation-leash of insets_animation#161980 (346)
09-25 13:19:18.671   586   586 I GoogleInputMethodService: GoogleInputMethodService.updateDeviceLockedStatus():2097 repeatCheckTimes = 0, locked = false
09-25 13:19:18.671   586   586 D InputMethodService: checkFocusedDisplay() display Id 0last 0
09-25 13:19:18.671  1914  1914 I Layer   : id=161896 Destroyed Surface(name=6a358c3 InputMethod)/@0x1a6cc79 - animation-leash of insets_animation#161896
09-25 13:19:18.672  1914  1914 I Layer   : id=161974 Destroyed 395317b com.example.dogglers/androidx.test.core.app.InstrumentationActivityInvoker$EmptyActivity#161974
09-25 13:19:18.672  1914  1914 I Layer   : id=161975 Destroyed com.example.dogglers/androidx.test.core.app.InstrumentationActivityInvoker$EmptyActivity$_5639#161975
09-25 13:19:18.672  1914  1914 I Layer   : id=161980 Destroyed Surface(name=6a358c3 InputMethod)/@0x1a6cc79 - animation-leash of insets_animation#161980
09-25 13:19:18.672   586   586 I GoogleInputMethodService: GoogleInputMethodService.onStartInput():1889 onStartInput(EditorInfo{EditorInfo{packageName=com.example.dogglers, inputType=0, inputTypeString=NULL, enableLearning=false, autoCorrection=false, autoComplete=false, imeOptions=0, privateImeOptions=null, actionName=UNSPECIFIED, actionLabel=null, initialSelStart=-1, initialSelEnd=-1, initialCapsMode=0, label=null, fieldId=-1, fieldName=null, extras=Bundle[{displayId=0}], hintText=null, hintLocales=[]}}, false)
09-25 13:19:18.672   586   586 I GoogleInputMethodService: GoogleInputMethodService.updateDeviceLockedStatus():2097 repeatCheckTimes = 1, locked = false
09-25 13:19:18.673  3108  4074 D InputDispatcher: Focus left window (0): 1d669a4 com.example.dogglers/androidx.test.core.app.InstrumentationActivityInvoker$EmptyActivity
09-25 13:19:18.674  3108 29076 D RemoteAppTaskWatcher:  ****** RemoteAppTaskWatcher: Message Received 5 Task ID = 0
09-25 13:19:18.676  5639  5639 I ViewRootImpl@a9b8339[HorizontalListActivity]: stopped(false) old = false
09-25 13:19:18.677  1914  4196 I SurfaceFlinger: id=161989 createSurf, flag=24004, Surface(name=6a358c3 InputMethod)/@0x1a6cc79 - animation-leash of insets_animation#161989
09-25 13:19:18.677  5639  5639 D LifecycleMonitor: Lifecycle status change: com.example.dogglers.HorizontalListActivity@413f6cc in: RESUMED
09-25 13:19:18.677  5639  5639 V ActivityScenario: Activity lifecycle changed event received but ignored because the intent does not match. startActivityIntent=Intent { act=android.intent.action.MAIN cat=[android.intent.category.LAUNCHER] cmp=com.example.dogglers/.MainActivity }, activity.getIntent()=Intent { cmp=com.example.dogglers/.HorizontalListActivity }, activity=com.example.dogglers.HorizontalListActivity@413f6cc
09-25 13:19:18.679  5639  5639 I MSHandlerLifeCycle: removeMultiSplitHandler: no exist. decor=DecorView@a6941d0[HorizontalListActivity]
09-25 13:19:18.679  1914  1914 I Layer   : id=161973 removedFromDrawingState ActivityRecord{c32c07c u0 com.example.dogglers/androidx.test.core.app.InstrumentationActivityInvoker$EmptyActivity} t7106}#161973 (343)
09-25 13:19:18.679  1914  1914 I Layer   : id=161978 removedFromDrawingState 4cb6b6f ActivityRecordInputSink com.example.dogglers/androidx.test.core.app.InstrumentationActivityInvoker$EmptyActivity#161978 (343)
09-25 13:19:18.679  1914  1914 I Layer   : id=161984 removedFromDrawingState Surface(name=d110b4c NavigationBar0)/@0x8bdb781 - animation-leash of insets_animation#161984 (343)
09-25 13:19:18.679  1914  1914 I Layer   : id=77 removedFromDrawingState d110b4c NavigationBar0#77 (343)
09-25 13:19:18.679  1914  1914 I Layer   : id=92 removedFromDrawingState NavigationBar0$_4768#92 (343)
09-25 13:19:18.679  1914  1914 I Layer   : id=161983 removedFromDrawingState Surface(name=4eb27f5 StatusBar)/@0x43fa543 - animation-leash of insets_animation#161983 (343)
09-25 13:19:18.679  1914  1914 I SurfaceFlinger: [159d1bb com.example.dogglers/com.example.dogglers.HorizontalListActivity#161957] FrameRatePriority: 1
09-25 13:19:18.679  1914  1914 I Layer   : id=77 addToCurrentState d110b4c NavigationBar0#77 (343)
09-25 13:19:18.679  1914  1914 I Layer   : id=92 addToCurrentState NavigationBar0$_4768#92 (343)
09-25 13:19:18.679  1914  1914 I Layer   : Layer [com.example.dogglers/androidx.test.core.app.InstrumentationActivityInvoker$EmptyActivity$_5639#161982] hidden!! flag(1)
09-25 13:19:18.679  1914  1914 I Layer   : id=161986 removedFromDrawingState Surface(name=6a358c3 InputMethod)/@0x1a6cc79 - animation-leash of insets_animation#161986 (343)
09-25 13:19:18.679  1914  1914 I SurfaceFlinger: id=161973 Removed ActivityRecord{c32c07c u0 com.example.dogglers/androidx.test.core.app.InstrumentationActivityInvoker$EmptyActivity} t7106}#161973 (343)
09-25 13:19:18.679  1914  1914 I SurfaceFlinger: id=161984 Removed Surface(name=d110b4c NavigationBar0)/@0x8bdb781 - animation-leash of insets_animation#161984 (343)
09-25 13:19:18.679  1914  1914 I SurfaceFlinger: id=161983 Removed Surface(name=4eb27f5 StatusBar)/@0x43fa543 - animation-leash of insets_animation#161983 (343)
09-25 13:19:18.679  1914  1914 I Layer   : id=161973 Destroyed ActivityRecord{c32c07c u0 com.example.dogglers/androidx.test.core.app.InstrumentationActivityInvoker$EmptyActivity} t7106}#161973
09-25 13:19:18.680  1914  1914 I Layer   : id=161978 Destroyed 4cb6b6f ActivityRecordInputSink com.example.dogglers/androidx.test.core.app.InstrumentationActivityInvoker$EmptyActivity#161978
09-25 13:19:18.679  5639  5639 I ViewRootImpl@c2a8e52[InstrumentationActivityInvoker$EmptyActivity]: handleAppVisibility mAppVisible = true visible = false
09-25 13:19:18.680  1914  1914 I Layer   : id=161983 Destroyed Surface(name=4eb27f5 StatusBar)/@0x43fa543 - animation-leash of insets_animation#161983
09-25 13:19:18.680  3108  3338 D AnalyticsContainerHandler: handleMessage : { when=0 what=1 target=com.android.server.knox.KnoxAnalyticsContainer$AnalyticsHandler }
09-25 13:19:18.680  1914  1914 I Layer   : id=161984 Destroyed Surface(name=d110b4c NavigationBar0)/@0x8bdb781 - animation-leash of insets_animation#161984
09-25 13:19:18.680  5639  5639 I ViewRootImpl@c2a8e52[InstrumentationActivityInvoker$EmptyActivity]: MSG_WINDOW_FOCUS_CHANGED 0 0
09-25 13:19:18.680  3108  3230 I SemPersonaManager: SecureFolder personaId = 150
09-25 13:19:18.680  3108  4074 D InputMethodManagerService: isImeSwitcherDisabledPackage : false
09-25 13:19:18.681   586   586 I InputMethodService: removeImeSurface
09-25 13:19:18.681   586   586 I MSHandlerLifeCycle: check: return. pkg=com.google.android.inputmethod.latin isActivity=false callers=com.android.internal.policy.DecorView.setVisibility:4412 android.app.Dialog.hide:767 android.inputmethodservice.InputMethodService.removeImeSurface:1290 android.inputmethodservice.InputMethodService.scheduleImeSurfaceRemoval:1279 android.inputmethodservice.InputMethodService.-$$Nest$mscheduleImeSurfaceRemoval:0
09-25 13:19:18.681   586   586 I MSHandlerLifeCycle: removeMultiSplitHandler: no exist. decor=DecorView@3ddf8c7[InputMethod]
09-25 13:19:18.682  1914  1914 D SurfaceFlinger: Display 4630947093241269891 HWC layers:
09-25 13:19:18.682  1914  1914 D SurfaceFlinger:      CLIENT | 0xb400007af6c13f80 | 0102 | RGBA_8888    |    0.0    0.0    0.0    0.0 |    0    0 1440    2 | bbq-wrapper#161968
09-25 13:19:18.682  1914  1914 D SurfaceFlinger:      DEVICE | 0xb400007ada4ac080 | 0102 | RGBA_8888    |    0.0    0.0 1440.0 3086.0 |    0    2 1440 3088 | com.example.dogglers/com.example.dogglers.HorizontalListActivity$_5639#161958
09-25 13:19:18.682  1914  1914 D SurfaceFlinger:      DEVICE | 0xb400007af6c14880 | 0100 | RGBA_8888    |    0.0    0.0 1440.0  100.0 |    0    0 1440  100 | StatusBar$_4768#95
09-25 13:19:18.682  1914  1914 D SurfaceFlinger:      DEVICE | 0xb400007af8705400 | 0100 | RGBA_8888    |    0.0    0.0   67.0  589.0 |    0  562   67 1151 | com.samsung.android.app.cocktailbars[...]vice.CocktailBarService$_8423#156853
09-25 13:19:18.682  1914  1914 D SurfaceFlinger:      DEVICE | 0xb400007af8705500 | 0100 | RGBA_8888    |    0.0    0.0  518.0   48.0 |  922 3040 1440 3088 | SGestureOverlayWindow$_5369#156268
09-25 13:19:18.682  1914  1914 D SurfaceFlinger:      DEVICE | 0xb400007af6c15880 | 0100 | RGBA_8888    |    0.0    0.0 1440.0  168.0 |    0 2920 1440 3088 | NavigationBar0$_4768#92
09-25 13:19:18.682  1914  1914 D SurfaceFlinger:
09-25 13:19:18.682 15715 18710 I WindowsLink: (TaskInfoManager) +++++++++++onRecentTaskStackUpdated
09-25 13:19:18.685  3108  3230 D EnterpriseDeviceManagerService: isMdmAdminPresentInternal() : MDM Admin Found - com.samsung.knox.securefolder
09-25 13:19:18.687  3108  6142 I MediaSessionMonitor: Media session stopped : controllerList empty
09-25 13:19:18.687  8423  8423 I ActivityUtils: HomePackage : com.sec.android.app.launcher, resumePackageName : com.example.dogglers
09-25 13:19:18.688  5639  5729 D OpenGLRenderer: setSurface called with nullptr
09-25 13:19:18.688  5639  5729 D OpenGLRenderer: setSurface() destroyed EGLSurface
09-25 13:19:18.688  5639  5729 D OpenGLRenderer: destroyEglSurface
09-25 13:19:18.688  5639  5639 I ViewRootImpl@c2a8e52[InstrumentationActivityInvoker$EmptyActivity]: performTraversals mFirst=false windowShouldResize=false viewVisibilityChanged=true mForceNextWindowRelayout=false params=null
09-25 13:19:18.689  3108  4074 V WindowManager: Relayout Window{1d669a4 u0 com.example.dogglers/androidx.test.core.app.InstrumentationActivityInvoker$EmptyActivity}: viewVisibility=8 req=1440x3088 d0
09-25 13:19:18.689  3108  3146 D InputDispatcher: Focus request (0): 159d1bb com.example.dogglers/com.example.dogglers.HorizontalListActivity but waiting because NO_WINDOW
09-25 13:19:18.689  3108  6456 D InputDispatcher: Focus entered window (0): 159d1bb com.example.dogglers/com.example.dogglers.HorizontalListActivity
09-25 13:19:18.690  3108  4074 V WindowManager: Relayout hash=1d669a4, pid=5639, syncId=-1: mAttrs={(0,0)(fillxfill) sim={adjust=pan forwardNavigation} ty=BASE_APPLICATION wanim=0x1030001
09-25 13:19:18.690  3108  4074 V WindowManager:   fl=1810100
09-25 13:19:18.690  3108  4074 V WindowManager:   pfl=12020040
09-25 13:19:18.690  3108  4074 V WindowManager:   bhv=DEFAULT
09-25 13:19:18.690  3108  4074 V WindowManager:   fitSides= naviIconColor=0}
09-25 13:19:18.692  5639  5639 I ViewRootImpl@c2a8e52[InstrumentationActivityInvoker$EmptyActivity]: Relayout returned: old=(0,0,1440,3088) new=(0,0,1440,3088) req=(1440,3088)8 dur=2 res=0x2 s={false 0x0} ch=true seqId=0
09-25 13:19:18.692  5639  5639 I ViewRootImpl@a9b8339[HorizontalListActivity]: MSG_WINDOW_FOCUS_CHANGED 1 0
09-25 13:19:18.692  5639  5639 I ViewRootImpl@a9b8339[HorizontalListActivity]: mThreadedRenderer.initializeIfNeeded()#2 mSurface={isValid=true 0xb4000077b1c05800}
09-25 13:19:18.693  5639  5639 D InputMethodManager: startInputInner - Id : 0
09-25 13:19:18.693  5639  5639 I InputMethodManager: startInputInner - mService.startInputOrWindowGainedFocus
09-25 13:19:18.693  3108  6456 D InputMethodManagerService: DESKTOP MODE! : 2
09-25 13:19:18.693  3108  6456 D InputMethodManagerService: NOT IN KNOX DESKTOP MODE!
09-25 13:19:18.693  3108  6456 V InputMethodManagerService: getDisplayIdOfInputMethodWindowToBeAdded: displayId=0
09-25 13:19:18.694  3108  6456 D InputMethodManagerService: isImeSwitcherDisabledPackage : false
09-25 13:19:18.694  3108  6456 D InputMethodManagerService: checkDisplayOfStartInputAndUpdateKeyboard: displayId=0, mFocusedDisplayId=0
09-25 13:19:18.694  3108  6456 D InputTransport: Input channel constructed: 'ClientS', fd=1394
09-25 13:19:18.694  3108  6456 D InputTransport: Input channel destroyed: 'ClientS', fd=1394
09-25 13:19:18.694   586   586 I GoogleInputMethodService: GoogleInputMethodService.onFinishInput():3267
09-25 13:19:18.695  5639  5639 I ViewRootImpl@c2a8e52[InstrumentationActivityInvoker$EmptyActivity]: stopped(true) old = false
09-25 13:19:18.695  5639  5639 I ViewRootImpl@c2a8e52[InstrumentationActivityInvoker$EmptyActivity]: WindowStopped on com.example.dogglers/androidx.test.core.app.InstrumentationActivityInvoker$EmptyActivity set to true
09-25 13:19:18.695   586   586 I GoogleInputMethodService: GoogleInputMethodService.updateDeviceLockedStatus():2097 repeatCheckTimes = 0, locked = false
09-25 13:19:18.695   586   586 D InputMethodService: checkFocusedDisplay() display Id 0last 0
09-25 13:19:18.696  5639  5639 D LifecycleMonitor: Lifecycle status change: androidx.test.core.app.InstrumentationActivityInvoker$EmptyActivity@feec208 in: STOPPED
09-25 13:19:18.696  5639  5639 V ActivityScenario: Activity lifecycle changed event received but ignored because the intent does not match. startActivityIntent=Intent { act=android.intent.action.MAIN cat=[android.intent.category.LAUNCHER] cmp=com.example.dogglers/.MainActivity }, activity.getIntent()=Intent { act=android.intent.action.MAIN cat=[android.intent.category.LAUNCHER] flg=0x10000000 cmp=com.example.dogglers/androidx.test.core.app.InstrumentationActivityInvoker$EmptyActivity }, activity=androidx.test.core.app.InstrumentationActivityInvoker$EmptyActivity@feec208
09-25 13:19:18.696  1914  4196 I SurfaceFlinger: id=161990 createSurf, flag=24004, Surface(name=6a358c3 InputMethod)/@0x1a6cc79 - animation-leash of insets_animation#161990
09-25 13:19:18.696   586   586 I GoogleInputMethodService: GoogleInputMethodService.onStartInput():1889 onStartInput(EditorInfo{EditorInfo{packageName=com.example.dogglers, inputType=0, inputTypeString=NULL, enableLearning=false, autoCorrection=false, autoComplete=false, imeOptions=0, privateImeOptions=null, actionName=UNSPECIFIED, actionLabel=null, initialSelStart=-1, initialSelEnd=-1, initialCapsMode=0, label=null, fieldId=-1, fieldName=null, extras=Bundle[{displayId=0}], hintText=null, hintLocales=[]}}, false)
09-25 13:19:18.696  1809  1855 I HYPER-HAL: [RequestManager.cpp]releaseLocked(): Released ID : 4962867
09-25 13:19:18.697   586   586 I GoogleInputMethodService: GoogleInputMethodService.updateDeviceLockedStatus():2097 repeatCheckTimes = 1, locked = false
09-25 13:19:18.700  5639  5639 I MSHandlerLifeCycle: removeMultiSplitHandler: no exist. decor=DecorView@f393787[InstrumentationActivityInvoker$EmptyActivity]
09-25 13:19:18.700  5639  5639 D LifecycleMonitor: Lifecycle status change: androidx.test.core.app.InstrumentationActivityInvoker$EmptyActivity@feec208 in: DESTROYED
09-25 13:19:18.700  5639  5639 V ActivityScenario: Activity lifecycle changed event received but ignored because the intent does not match. startActivityIntent=Intent { act=android.intent.action.MAIN cat=[android.intent.category.LAUNCHER] cmp=com.example.dogglers/.MainActivity }, activity.getIntent()=Intent { act=android.intent.action.MAIN cat=[android.intent.category.LAUNCHER] flg=0x10000000 cmp=com.example.dogglers/androidx.test.core.app.InstrumentationActivityInvoker$EmptyActivity }, activity=androidx.test.core.app.InstrumentationActivityInvoker$EmptyActivity@feec208
09-25 13:19:18.701  5639  5639 I MSHandlerLifeCycle: removeMultiSplitHandler: no exist. decor=DecorView@f393787[InstrumentationActivityInvoker$EmptyActivity]
09-25 13:19:18.701  5639  5729 D OpenGLRenderer: setSurface called with nullptr
09-25 13:19:18.701  5639  5639 I ViewRootImpl@c2a8e52[InstrumentationActivityInvoker$EmptyActivity]: dispatchDetachedFromWindow
09-25 13:19:18.701  3108  4074 D InputTransport: Input channel destroyed: '1d669a4', fd=1377
09-25 13:19:18.701  3108  4074 W InputManager-JNI: Input channel object '1d669a4 com.example.dogglers/androidx.test.core.app.InstrumentationActivityInvoker$EmptyActivity (client)' was disposed without first being removed with the input manager!
09-25 13:19:18.701  3108  4074 D InputTransport: Input channel destroyed: '1d669a4', fd=1378
09-25 13:19:18.702  5639  5639 D InputTransport: Input channel destroyed: '1d669a4', fd=128
09-25 13:19:18.703  1914  3193 I SurfaceFlinger: id=161985 Removed b102cdc ActivityRecordInputSink com.example.dogglers/androidx.test.core.app.InstrumentationActivityInvoker$EmptyActivity#161985 (340)
09-25 13:19:18.704  3108  4074 D InputMethodManagerService: isImeSwitcherDisabledPackage : false
09-25 13:19:18.704  1914  1914 I Layer   : id=161989 removedFromDrawingState Surface(name=6a358c3 InputMethod)/@0x1a6cc79 - animation-leash of insets_animation#161989 (340)
09-25 13:19:18.704  1914  1914 I Layer   : id=161982 removedFromDrawingState com.example.dogglers/androidx.test.core.app.InstrumentationActivityInvoker$EmptyActivity$_5639#161982 (340)
09-25 13:19:18.704  1914  1914 I Layer   : id=161981 removedFromDrawingState 1d669a4 com.example.dogglers/androidx.test.core.app.InstrumentationActivityInvoker$EmptyActivity#161981 (340)
09-25 13:19:18.704  1914  1914 I SurfaceFlinger: id=161982 Removed com.example.dogglers/androidx.test.core.app.InstrumentationActivityInvoker$EmptyActivity$_5639#161982 (340)
09-25 13:19:18.704  1914  1914 I SurfaceFlinger: id=161981 Removed 1d669a4 com.example.dogglers/androidx.test.core.app.InstrumentationActivityInvoker$EmptyActivity#161981 (340)
09-25 13:19:18.704  1914  1914 I SurfaceFlinger: id=161989 Removed Surface(name=6a358c3 InputMethod)/@0x1a6cc79 - animation-leash of insets_animation#161989 (340)
09-25 13:19:18.705  1914  1914 I Layer   : id=161989 Destroyed Surface(name=6a358c3 InputMethod)/@0x1a6cc79 - animation-leash of insets_animation#161989
09-25 13:19:18.705  1914  1914 I Layer   : id=161981 Destroyed 1d669a4 com.example.dogglers/androidx.test.core.app.InstrumentationActivityInvoker$EmptyActivity#161981
09-25 13:19:18.705  1914  1914 I Layer   : id=161982 Destroyed com.example.dogglers/androidx.test.core.app.InstrumentationActivityInvoker$EmptyActivity$_5639#161982
09-25 13:19:18.705   586   586 I InputMethodService: removeImeSurface
09-25 13:19:18.705   586   586 I MSHandlerLifeCycle: check: return. pkg=com.google.android.inputmethod.latin isActivity=false callers=com.android.internal.policy.DecorView.setVisibility:4412 android.app.Dialog.hide:767 android.inputmethodservice.InputMethodService.removeImeSurface:1290 android.inputmethodservice.InputMethodService.scheduleImeSurfaceRemoval:1279 android.inputmethodservice.InputMethodService.-$$Nest$mscheduleImeSurfaceRemoval:0
09-25 13:19:18.706   586   586 I MSHandlerLifeCycle: removeMultiSplitHandler: no exist. decor=DecorView@3ddf8c7[InputMethod]
09-25 13:19:18.712  1914  1914 I Layer   : id=161979 removedFromDrawingState ActivityRecord{1b651e5 u0 com.example.dogglers/androidx.test.core.app.InstrumentationActivityInvoker$EmptyActivity} t7106}#161979 (337)
09-25 13:19:18.712  1914  1914 I Layer   : id=161985 removedFromDrawingState b102cdc ActivityRecordInputSink com.example.dogglers/androidx.test.core.app.InstrumentationActivityInvoker$EmptyActivity#161985 (337)
09-25 13:19:18.712  1914  1914 I SurfaceFlinger: id=161979 Removed ActivityRecord{1b651e5 u0 com.example.dogglers/androidx.test.core.app.InstrumentationActivityInvoker$EmptyActivity} t7106}#161979 (337)
09-25 13:19:18.713  1914  1914 I Layer   : id=161979 Destroyed ActivityRecord{1b651e5 u0 com.example.dogglers/androidx.test.core.app.InstrumentationActivityInvoker$EmptyActivity} t7106}#161979
09-25 13:19:18.713  1914  1914 I Layer   : id=161985 Destroyed b102cdc ActivityRecordInputSink com.example.dogglers/androidx.test.core.app.InstrumentationActivityInvoker$EmptyActivity#161985
09-25 13:19:18.722  1914  1914 D SurfaceFlinger: Display 4630947093241269891 HWC layers:
09-25 13:19:18.722  1914  1914 D SurfaceFlinger:      DEVICE | 0xb400007ada4ac080 | 0102 | RGBA_8888    |    0.0    0.0 1440.0 3088.0 |    0    0 1440 3088 | com.example.dogglers/com.example.dogglers.HorizontalListActivity$_5639#161958
09-25 13:19:18.722  1914  1914 D SurfaceFlinger:      DEVICE | 0xb400007af6c14880 | 0100 | RGBA_8888    |    0.0    0.0 1440.0  100.0 |    0    0 1440  100 | StatusBar$_4768#95
09-25 13:19:18.722  1914  1914 D SurfaceFlinger:      DEVICE | 0xb400007af8705400 | 0100 | RGBA_8888    |    0.0    0.0   67.0  589.0 |    0  562   67 1151 | com.samsung.android.app.cocktailbars[...]vice.CocktailBarService$_8423#156853
09-25 13:19:18.722  1914  1914 D SurfaceFlinger:      DEVICE | 0xb400007af8705500 | 0100 | RGBA_8888    |    0.0    0.0  518.0   48.0 |  922 3040 1440 3088 | SGestureOverlayWindow$_5369#156268
09-25 13:19:18.722  1914  1914 D SurfaceFlinger:      DEVICE | 0xb400007af6c15880 | 0100 | RGBA_8888    |    0.0    0.0 1440.0  168.0 |    0 2920 1440 3088 | NavigationBar0$_4768#92
09-25 13:19:18.722  1914  1914 D SurfaceFlinger:
09-25 13:19:18.731  5639  5639 I ViewRootImpl@f200510[MainActivity]: stopped(true) old = false
09-25 13:19:18.731  5639  5639 I ViewRootImpl@f200510[MainActivity]: WindowStopped on com.example.dogglers/com.example.dogglers.MainActivity set to true
09-25 13:19:18.732  5639  5639 D LifecycleMonitor: Lifecycle status change: com.example.dogglers.MainActivity@6b7c8d9 in: STOPPED
09-25 13:19:18.732  5639  5639 V ActivityScenario: Update currentActivityStage to STOPPED, currentActivity=com.example.dogglers.MainActivity@6b7c8d9
09-25 13:19:18.733  5639  5639 I MSHandlerLifeCycle: removeMultiSplitHandler: no exist. decor=DecorView@d472de3[MainActivity]
09-25 13:19:18.733  5639  5639 D LifecycleMonitor: Lifecycle status change: com.example.dogglers.MainActivity@6b7c8d9 in: DESTROYED
09-25 13:19:18.733  5639  5639 V ActivityScenario: Update currentActivityStage to DESTROYED, currentActivity=null
09-25 13:19:18.733  5639  5703 I TestRunner: finished: clicking_horizontal_list_button_displays_horizontal_list(com.example.dogglers.ButtonTests)
