09-25 13:19:24.181  5369  5584 I ViewRootImpl@7533534[LauncherActivity]: mWNT: t=0xb40000774cca7300 mBlastBufferQueue=0xb400007720986880 fn= 198 caller= com.android.systemui.shared.launcher.ViewRootImplCompat.mergeWithNextTransaction:2 com.android.quickstep.util.SurfaceTransactionApplier.lambda$scheduleApply$0:2 com.android.quickstep.util.SurfaceTransactionApplier.b:0
09-25 13:19:24.189  5369  5369 I Launcher.AppsViewCellLayout: com.android.homescreen.apptray.AppsViewCellLayout{118f2a4 V.ED..... ........ 15341,100-16679,2951}[a=1.0,v=0,sId=11] setAlpha : 1.0
09-25 13:19:24.190  5369  5583 I ViewRootImpl@7533534[LauncherActivity]: mWNT: t=0xb40000774cca7400 mBlastBufferQueue=0xb400007720986880 fn= 199 caller= com.android.systemui.shared.launcher.ViewRootImplCompat.mergeWithNextTransaction:2 com.android.quickstep.util.SurfaceTransactionApplier.lambda$scheduleApply$0:2 com.android.quickstep.util.SurfaceTransactionApplier.b:0
09-25 13:19:24.197  5369  5369 I Launcher.AppsViewCellLayout: com.android.homescreen.apptray.AppsViewCellLayout{118f2a4 V.ED..... ........ 15341,100-16679,2951}[a=1.0,v=0,sId=11] setAlpha : 1.0
09-25 13:19:24.199  5369  5584 I ViewRootImpl@7533534[LauncherActivity]: mWNT: t=0xb40000774cca7500 mBlastBufferQueue=0xb400007720986880 fn= 200 caller= com.android.systemui.shared.launcher.ViewRootImplCompat.mergeWithNextTransaction:2 com.android.quickstep.util.SurfaceTransactionApplier.lambda$scheduleApply$0:2 com.android.quickstep.util.SurfaceTransactionApplier.b:0
09-25 13:19:24.201  3108  3143 W System  : A resource failed to call release.
09-25 13:19:24.205  5369  5369 I Launcher.AppsViewCellLayout: com.android.homescreen.apptray.AppsViewCellLayout{118f2a4 V.ED..... ........ 15341,100-16679,2951}[a=1.0,v=0,sId=11] setAlpha : 1.0
09-25 13:19:24.206  5369  5583 I ViewRootImpl@7533534[LauncherActivity]: mWNT: t=0xb40000774cca7700 mBlastBufferQueue=0xb400007720986880 fn= 201 caller= com.android.systemui.shared.launcher.ViewRootImplCompat.mergeWithNextTransaction:2 com.android.quickstep.util.SurfaceTransactionApplier.lambda$scheduleApply$0:2 com.android.quickstep.util.SurfaceTransactionApplier.b:0
09-25 13:19:24.208  3108  3143 W System  : A resource failed to call release.
09-25 13:19:24.212  3108  3143 W System  : A resource failed to call HardwareBuffer.close.
09-25 13:19:24.213  5369  5369 I Launcher.AppsViewCellLayout: com.android.homescreen.apptray.AppsViewCellLayout{118f2a4 V.ED..... ........ 15341,100-16679,2951}[a=1.0,v=0,sId=11] setAlpha : 1.0
09-25 13:19:24.215  5369  5584 I ViewRootImpl@7533534[LauncherActivity]: mWNT: t=0xb40000774cca7800 mBlastBufferQueue=0xb400007720986880 fn= 202 caller= com.android.systemui.shared.launcher.ViewRootImplCompat.mergeWithNextTransaction:2 com.android.quickstep.util.SurfaceTransactionApplier.lambda$scheduleApply$0:2 com.android.quickstep.util.SurfaceTransactionApplier.b:0
09-25 13:19:24.222  5369  5369 I Launcher.AppsViewCellLayout: com.android.homescreen.apptray.AppsViewCellLayout{118f2a4 V.ED..... ........ 15341,100-16679,2951}[a=1.0,v=0,sId=11] setAlpha : 1.0
09-25 13:19:24.223  5369  5583 I ViewRootImpl@7533534[LauncherActivity]: mWNT: t=0xb40000774cca7900 mBlastBufferQueue=0xb400007720986880 fn= 203 caller= com.android.systemui.shared.launcher.ViewRootImplCompat.mergeWithNextTransaction:2 com.android.quickstep.util.SurfaceTransactionApplier.lambda$scheduleApply$0:2 com.android.quickstep.util.SurfaceTransactionApplier.b:0
09-25 13:19:24.224  5369  5401 W System  : A resource failed to call ContentProviderClient.close.
09-25 13:19:24.224  5369  5401 W System  : A resource failed to call ContentProviderClient.close.
09-25 13:19:24.226  5369  5401 W System  : A resource failed to call release.
09-25 13:19:24.226  5369  5401 W System  : A resource failed to call release.
09-25 13:19:24.226  1914  4196 I SurfaceFlinger: id=162225 Removed Surface(name=WallpaperWindowToken{6241e01 token=android.os.Binder@ab19d0b})/@0xf3e0a44 - animation-leash of window_animation#162225 (342)
09-25 13:19:24.226  1914  2139 I SurfaceFlinger: id=162223 Removed Surface(name=Task=7111)/@0xb3b1ae - animation-leash of app_transition#162223 (342)
09-25 13:19:24.226  5369  5401 W System  : A resource failed to call release.
09-25 13:19:24.226  1914  2139 I SurfaceFlinger: id=162224 Removed Surface(name=Task=1)/@0xeddbc98 - animation-leash of app_transition#162224 (342)
09-25 13:19:24.226  5369  5401 W System  : A resource failed to call ContentProviderClient.close.
09-25 13:19:24.226  5369  5401 W System  : A resource failed to call ContentProviderClient.close.
09-25 13:19:24.226  5369  5401 W System  : A resource failed to call release.
09-25 13:19:24.226  5369  5401 W System  : A resource failed to call release.
09-25 13:19:24.226  1914  2139 I SurfaceFlinger: id=162189 Removed Surface(name=WallpaperWindowToken{6241e01 token=android.os.Binder@ab19d0b})/@0xf3e0a44 - animation-leash of window_animation#162189 (342)
09-25 13:19:24.226  5369  5401 W System  : A resource failed to call release.
09-25 13:19:24.227  1914  2139 I SurfaceFlinger: id=162187 Removed Surface(name=Task=7110)/@0xce4ee74 - animation-leash of app_transition#162187 (342)
09-25 13:19:24.227  1914  2139 I SurfaceFlinger: id=162188 Removed Surface(name=Task=1)/@0xeddbc98 - animation-leash of app_transition#162188 (342)
09-25 13:19:24.229  6586  6586 I SAMSUNGWALLET-USBP: [AlertController] Boarding pass alert is not enabled
09-25 13:19:24.229  6586  6586 I SAMSUNGWALLET-USBP: [AlertController] dismiss alert: NO_ALERT
09-25 13:19:24.230  1914  1914 I Layer   : id=162187 Destroyed Surface(name=Task=7110)/@0xce4ee74 - animation-leash of app_transition#162187
09-25 13:19:24.230  1914  1914 I Layer   : id=162225 Destroyed Surface(name=WallpaperWindowToken{6241e01 token=android.os.Binder@ab19d0b})/@0xf3e0a44 - animation-leash of window_animation#162225
09-25 13:19:24.230  1914  1914 I Layer   : id=162223 Destroyed Surface(name=Task=7111)/@0xb3b1ae - animation-leash of app_transition#162223
09-25 13:19:24.230  1914  1914 I Layer   : id=162224 Destroyed Surface(name=Task=1)/@0xeddbc98 - animation-leash of app_transition#162224
09-25 13:19:24.230  1914  1914 I Layer   : id=162188 Destroyed Surface(name=Task=1)/@0xeddbc98 - animation-leash of app_transition#162188
09-25 13:19:24.230  1914  1914 I Layer   : id=162189 Destroyed Surface(name=WallpaperWindowToken{6241e01 token=android.os.Binder@ab19d0b})/@0xf3e0a44 - animation-leash of window_animation#162189
09-25 13:19:24.230  5369  5369 I Launcher.AppsViewCellLayout: com.android.homescreen.apptray.AppsViewCellLayout{118f2a4 V.ED..... ........ 15341,100-16679,2951}[a=1.0,v=0,sId=11] setAlpha : 1.0
09-25 13:19:24.231  5369  5584 I ViewRootImpl@7533534[LauncherActivity]: mWNT: t=0xb40000774cca7a00 mBlastBufferQueue=0xb400007720986880 fn= 204 caller= com.android.systemui.shared.launcher.ViewRootImplCompat.mergeWithNextTransaction:2 com.android.quickstep.util.SurfaceTransactionApplier.lambda$scheduleApply$0:2 com.android.quickstep.util.SurfaceTransactionApplier.b:0
09-25 13:19:24.238  5369  5369 I Launcher.AppsViewCellLayout: com.android.homescreen.apptray.AppsViewCellLayout{118f2a4 V.ED..... ........ 15341,100-16679,2951}[a=1.0,v=0,sId=11] setAlpha : 1.0
09-25 13:19:24.239  5369  5583 I ViewRootImpl@7533534[LauncherActivity]: mWNT: t=0xb40000774cca7b00 mBlastBufferQueue=0xb400007720986880 fn= 205 caller= com.android.systemui.shared.launcher.ViewRootImplCompat.mergeWithNextTransaction:2 com.android.quickstep.util.SurfaceTransactionApplier.lambda$scheduleApply$0:2 com.android.quickstep.util.SurfaceTransactionApplier.b:0
09-25 13:19:24.247  5369  5369 I Launcher.AppsViewCellLayout: com.android.homescreen.apptray.AppsViewCellLayout{118f2a4 V.ED..... ........ 15341,100-16679,2951}[a=1.0,v=0,sId=11] setAlpha : 1.0
09-25 13:19:24.247  5369  5369 I AppsSearchBar: mCurrentCellLayouts onAnimationEnd
09-25 13:19:24.247  5369  5369 I Launcher.AppsViewCellLayout: com.android.homescreen.apptray.AppsViewCellLayout{118f2a4 V.ED..... ........ 15341,100-16679,2951}[a=1.0,v=0,sId=11] setAlpha : 1.0
09-25 13:19:24.248  5369  5584 I ViewRootImpl@7533534[LauncherActivity]: mWNT: t=0xb4000077be95d900 mBlastBufferQueue=0xb400007720986880 fn= 206 caller= com.android.systemui.shared.launcher.ViewRootImplCompat.mergeWithNextTransaction:2 com.android.quickstep.util.SurfaceTransactionApplier.lambda$scheduleApply$0:2 com.android.quickstep.util.SurfaceTransactionApplier.b:0
09-25 13:19:24.256  5369  5583 I ViewRootImpl@7533534[LauncherActivity]: mWNT: t=0xb4000077be9b2300 mBlastBufferQueue=0xb400007720986880 fn= 207 caller= com.android.systemui.shared.launcher.ViewRootImplCompat.mergeWithNextTransaction:2 com.android.quickstep.util.SurfaceTransactionApplier.lambda$scheduleApply$0:2 com.android.quickstep.util.SurfaceTransactionApplier.b:0
09-25 13:19:24.265  5369  5584 I ViewRootImpl@7533534[LauncherActivity]: mWNT: t=0xb4000077be9b2400 mBlastBufferQueue=0xb400007720986880 fn= 208 caller= com.android.systemui.shared.launcher.ViewRootImplCompat.mergeWithNextTransaction:2 com.android.quickstep.util.SurfaceTransactionApplier.lambda$scheduleApply$0:2 com.android.quickstep.util.SurfaceTransactionApplier.b:0
09-25 13:19:24.272  5369  5583 I ViewRootImpl@7533534[LauncherActivity]: mWNT: t=0xb4000077be9b2b00 mBlastBufferQueue=0xb400007720986880 fn= 209 caller= com.android.systemui.shared.launcher.ViewRootImplCompat.mergeWithNextTransaction:2 com.android.quickstep.util.SurfaceTransactionApplier.lambda$scheduleApply$0:2 com.android.quickstep.util.SurfaceTransactionApplier.b:0
09-25 13:19:24.282  5369  5584 I ViewRootImpl@7533534[LauncherActivity]: mWNT: t=0xb4000077be9b2d00 mBlastBufferQueue=0xb400007720986880 fn= 210 caller= com.android.systemui.shared.launcher.ViewRootImplCompat.mergeWithNextTransaction:2 com.android.quickstep.util.SurfaceTransactionApplier.lambda$scheduleApply$0:2 com.android.quickstep.util.SurfaceTransactionApplier.b:0
09-25 13:19:24.290  5369  5583 I ViewRootImpl@7533534[LauncherActivity]: mWNT: t=0xb4000077be9b2e00 mBlastBufferQueue=0xb400007720986880 fn= 211 caller= com.android.systemui.shared.launcher.ViewRootImplCompat.mergeWithNextTransaction:2 com.android.quickstep.util.SurfaceTransactionApplier.lambda$scheduleApply$0:2 com.android.quickstep.util.SurfaceTransactionApplier.b:0
09-25 13:19:24.298  5369  5584 I ViewRootImpl@7533534[LauncherActivity]: mWNT: t=0xb4000077be9b2f00 mBlastBufferQueue=0xb400007720986880 fn= 212 caller= com.android.systemui.shared.launcher.ViewRootImplCompat.mergeWithNextTransaction:2 com.android.quickstep.util.SurfaceTransactionApplier.lambda$scheduleApply$0:2 com.android.quickstep.util.SurfaceTransactionApplier.b:0
09-25 13:19:24.306  5369  5583 I ViewRootImpl@7533534[LauncherActivity]: mWNT: t=0xb4000077be9b4300 mBlastBufferQueue=0xb400007720986880 fn= 213 caller= com.android.systemui.shared.launcher.ViewRootImplCompat.mergeWithNextTransaction:2 com.android.quickstep.util.SurfaceTransactionApplier.lambda$scheduleApply$0:2 com.android.quickstep.util.SurfaceTransactionApplier.b:0
09-25 13:19:24.314  5369  5584 I ViewRootImpl@7533534[LauncherActivity]: mWNT: t=0xb4000077be9b4d00 mBlastBufferQueue=0xb400007720986880 fn= 214 caller= com.android.systemui.shared.launcher.ViewRootImplCompat.mergeWithNextTransaction:2 com.android.quickstep.util.SurfaceTransactionApplier.lambda$scheduleApply$0:2 com.android.quickstep.util.SurfaceTransactionApplier.b:0
09-25 13:19:24.318  8423  8423 I Utils   : isCurrentUser current = 0, ownerId = 0
09-25 13:19:24.318  8423  8423 I TrayVisibilityController: getComputedTrayVisible : keyguardState = 1
09-25 13:19:24.318  8423  8423 I TrayVisibilityController: updateTrayVisible: State=1 visible=1 mCurrentVisible=1 specificMode=0
09-25 13:19:24.318  8423  8423 I TrayStateController: onNotifyUpdateTray: state=0
09-25 13:19:24.323  5369  5583 I ViewRootImpl@7533534[LauncherActivity]: mWNT: t=0xb4000077bead3100 mBlastBufferQueue=0xb400007720986880 fn= 215 caller= com.android.systemui.shared.launcher.ViewRootImplCompat.mergeWithNextTransaction:2 com.android.quickstep.util.SurfaceTransactionApplier.lambda$scheduleApply$0:2 com.android.quickstep.util.SurfaceTransactionApplier.b:0
09-25 13:19:24.332  5369  5584 I ViewRootImpl@7533534[LauncherActivity]: mWNT: t=0xb4000077bead3400 mBlastBufferQueue=0xb400007720986880 fn= 216 caller= com.android.systemui.shared.launcher.ViewRootImplCompat.mergeWithNextTransaction:2 com.android.quickstep.util.SurfaceTransactionApplier.lambda$scheduleApply$0:2 com.android.quickstep.util.SurfaceTransactionApplier.b:0
09-25 13:19:24.340  5369  5583 I ViewRootImpl@7533534[LauncherActivity]: mWNT: t=0xb4000077bead3600 mBlastBufferQueue=0xb400007720986880 fn= 217 caller= com.android.systemui.shared.launcher.ViewRootImplCompat.mergeWithNextTransaction:2 com.android.quickstep.util.SurfaceTransactionApplier.lambda$scheduleApply$0:2 com.android.quickstep.util.SurfaceTransactionApplier.b:0
09-25 13:19:24.348  5369  5584 I ViewRootImpl@7533534[LauncherActivity]: mWNT: t=0xb4000077bead3900 mBlastBufferQueue=0xb400007720986880 fn= 218 caller= com.android.systemui.shared.launcher.ViewRootImplCompat.mergeWithNextTransaction:2 com.android.quickstep.util.SurfaceTransactionApplier.lambda$scheduleApply$0:2 com.android.quickstep.util.SurfaceTransactionApplier.b:0
09-25 13:19:24.353  1809  6290 I HYPER-HAL: [RequestManager.cpp]releaseLocked(): Released ID : 4893776
09-25 13:19:24.357  5369  5584 I ViewRootImpl@7533534[LauncherActivity]: mWNT: t=0xb4000077bead3b00 mBlastBufferQueue=0xb400007720986880 fn= 219 caller= com.android.systemui.shared.launcher.ViewRootImplCompat.mergeWithNextTransaction:2 com.android.quickstep.util.SurfaceTransactionApplier.lambda$scheduleApply$0:2 com.android.quickstep.util.SurfaceTransactionApplier.b:0
09-25 13:19:24.364  1914  1914 D SurfaceFlinger: GPIS:: requestGPIS
09-25 13:19:24.365  5369  5584 I ViewRootImpl@7533534[LauncherActivity]: mWNT: t=0xb4000077bead3d00 mBlastBufferQueue=0xb400007720986880 fn= 220 caller= com.android.systemui.shared.launcher.ViewRootImplCompat.mergeWithNextTransaction:2 com.android.quickstep.util.SurfaceTransactionApplier.lambda$scheduleApply$0:2 com.android.quickstep.util.SurfaceTransactionApplier.b:0
09-25 13:19:24.374  5369  5583 I ViewRootImpl@7533534[LauncherActivity]: mWNT: t=0xb4000077beb55700 mBlastBufferQueue=0xb400007720986880 fn= 221 caller= com.android.systemui.shared.launcher.ViewRootImplCompat.mergeWithNextTransaction:2 com.android.quickstep.util.SurfaceTransactionApplier.lambda$scheduleApply$0:2 com.android.quickstep.util.SurfaceTransactionApplier.b:0
09-25 13:19:24.381  5369  5584 I ViewRootImpl@7533534[LauncherActivity]: mWNT: t=0xb4000077beb55f00 mBlastBufferQueue=0xb400007720986880 fn= 222 caller= com.android.systemui.shared.launcher.ViewRootImplCompat.mergeWithNextTransaction:2 com.android.quickstep.util.SurfaceTransactionApplier.lambda$scheduleApply$0:2 com.android.quickstep.util.SurfaceTransactionApplier.b:0
09-25 13:19:24.390  5369  5583 I ViewRootImpl@7533534[LauncherActivity]: mWNT: t=0xb4000077a0f9b000 mBlastBufferQueue=0xb400007720986880 fn= 223 caller= com.android.systemui.shared.launcher.ViewRootImplCompat.mergeWithNextTransaction:2 com.android.quickstep.util.SurfaceTransactionApplier.lambda$scheduleApply$0:2 com.android.quickstep.util.SurfaceTransactionApplier.b:0
09-25 13:19:24.399  5369  5584 I ViewRootImpl@7533534[LauncherActivity]: mWNT: t=0xb4000077a0f9b100 mBlastBufferQueue=0xb400007720986880 fn= 224 caller= com.android.systemui.shared.launcher.ViewRootImplCompat.mergeWithNextTransaction:2 com.android.quickstep.util.SurfaceTransactionApplier.lambda$scheduleApply$0:2 com.android.quickstep.util.SurfaceTransactionApplier.b:0
09-25 13:19:24.406  5369  5583 I ViewRootImpl@7533534[LauncherActivity]: mWNT: t=0xb4000077a0f9b200 mBlastBufferQueue=0xb400007720986880 fn= 225 caller= com.android.systemui.shared.launcher.ViewRootImplCompat.mergeWithNextTransaction:2 com.android.quickstep.util.SurfaceTransactionApplier.lambda$scheduleApply$0:2 com.android.quickstep.util.SurfaceTransactionApplier.b:0
09-25 13:19:24.415  5369  5584 I ViewRootImpl@7533534[LauncherActivity]: mWNT: t=0xb4000077a0f9b300 mBlastBufferQueue=0xb400007720986880 fn= 226 caller= com.android.systemui.shared.launcher.ViewRootImplCompat.mergeWithNextTransaction:2 com.android.quickstep.util.SurfaceTransactionApplier.lambda$scheduleApply$0:2 com.android.quickstep.util.SurfaceTransactionApplier.b:0
09-25 13:19:24.423  5369  5583 I ViewRootImpl@7533534[LauncherActivity]: mWNT: t=0xb4000077a0f9b400 mBlastBufferQueue=0xb400007720986880 fn= 227 caller= com.android.systemui.shared.launcher.ViewRootImplCompat.mergeWithNextTransaction:2 com.android.quickstep.util.SurfaceTransactionApplier.lambda$scheduleApply$0:2 com.android.quickstep.util.SurfaceTransactionApplier.b:0
09-25 13:19:24.431  5369  5584 I ViewRootImpl@7533534[LauncherActivity]: mWNT: t=0xb4000077a0f9b600 mBlastBufferQueue=0xb400007720986880 fn= 228 caller= com.android.systemui.shared.launcher.ViewRootImplCompat.mergeWithNextTransaction:2 com.android.quickstep.util.SurfaceTransactionApplier.lambda$scheduleApply$0:2 com.android.quickstep.util.SurfaceTransactionApplier.b:0
09-25 13:19:24.433  1914  1914 D SurfaceFlinger: Display 4630947093241269891 HWC layers:
09-25 13:19:24.433  1914  1914 D SurfaceFlinger:      CLIENT | 0xb400007af6c13480 | 0100 | RGBx_8888    |  592.0    0.0 1628.0 2220.0 |    0    0 1440 3088 | Wallpaper BBQ wrapper#90
09-25 13:19:24.433  1914  1914 D SurfaceFlinger:      CLIENT | 0xb400007af86b8680 | 0100 | RGBA_8888    |    0.0    0.0 1440.0 3088.0 |    0    0 1440 3088 | com.sec.android.app.launcher/com.sec[...]rActivity$_5369#162113 (blurRegions)
09-25 13:19:24.433  1914  1914 D SurfaceFlinger:      DEVICE | 0xb400007af6c14880 | 0100 | RGBA_8888    |    0.0    0.0 1440.0  100.0 |    0    0 1440  100 | StatusBar$_4768#95
09-25 13:19:24.433  1914  1914 D SurfaceFlinger:      DEVICE | 0xb400007af8705400 | 0100 | RGBA_8888    |    0.0    0.0   67.0  589.0 |    0  562   67 1151 | com.samsung.android.app.cocktailbars[...]vice.CocktailBarService$_8423#156853
09-25 13:19:24.433  1914  1914 D SurfaceFlinger:      DEVICE | 0xb400007af8705500 | 0100 | RGBA_8888    |    0.0    0.0  518.0   48.0 |  922 3040 1440 3088 | SGestureOverlayWindow$_5369#156268
09-25 13:19:24.433  1914  1914 D SurfaceFlinger:      DEVICE | 0xb400007af6c15880 | 0100 | RGBA_8888    |    0.0    0.0 1440.0  168.0 |    0 2920 1440 3088 | NavigationBar0$_4768#92
09-25 13:19:24.433  1914  1914 D SurfaceFlinger:
09-25 13:19:24.440  5369  5583 I ViewRootImpl@7533534[LauncherActivity]: mWNT: t=0xb4000077a0f9b700 mBlastBufferQueue=0xb400007720986880 fn= 229 caller= com.android.systemui.shared.launcher.ViewRootImplCompat.mergeWithNextTransaction:2 com.android.quickstep.util.SurfaceTransactionApplier.lambda$scheduleApply$0:2 com.android.quickstep.util.SurfaceTransactionApplier.b:0
09-25 13:19:24.448  5369  5584 I ViewRootImpl@7533534[LauncherActivity]: mWNT: t=0xb4000077a0f9b800 mBlastBufferQueue=0xb400007720986880 fn= 230 caller= com.android.systemui.shared.launcher.ViewRootImplCompat.mergeWithNextTransaction:2 com.android.quickstep.util.SurfaceTransactionApplier.lambda$scheduleApply$0:2 com.android.quickstep.util.SurfaceTransactionApplier.b:0
09-25 13:19:24.456  5369  5583 I ViewRootImpl@7533534[LauncherActivity]: mWNT: t=0xb4000077a0f9b900 mBlastBufferQueue=0xb400007720986880 fn= 231 caller= com.android.systemui.shared.launcher.ViewRootImplCompat.mergeWithNextTransaction:2 com.android.quickstep.util.SurfaceTransactionApplier.lambda$scheduleApply$0:2 com.android.quickstep.util.SurfaceTransactionApplier.b:0
09-25 13:19:24.465  5369  5584 I ViewRootImpl@7533534[LauncherActivity]: mWNT: t=0xb4000077a0f9ba00 mBlastBufferQueue=0xb400007720986880 fn= 232 caller= com.android.systemui.shared.launcher.ViewRootImplCompat.mergeWithNextTransaction:2 com.android.quickstep.util.SurfaceTransactionApplier.lambda$scheduleApply$0:2 com.android.quickstep.util.SurfaceTransactionApplier.b:0
09-25 13:19:24.470  3108  5717 W LocationManagerService: onFreezeStateChanged, uid[10574]=true
09-25 13:19:24.470  3108  5717 W LocationManagerService: onFreezeStateChanged, uid[10364]=true
09-25 13:19:24.471  5759  6310 E pageboostd: prefetch start : app comquizletquizletandroid
09-25 13:19:24.472  5369  5369 W AppTransitionAnimatorImpl: onAnimationEnd - APP OUT, Execution time for each frame : Start-(0)-0-(0)-0-(1)-0-(9)-0-(8)-0-(8)-1-(8)-0-(8)-0-(8)-1-(8)-0-(8)-0-(9)-0-(8)-0-(8)-1-(8)-0-(8)-0-(8)-0-(8)-1-(8)-0-(8)-0-(8)-1-(8)-0-(8)-0-(8)-1-(8)-0-(8)-1-(8)-0-(8)-0-(8)-0-(8)-1-(8)-0-(8)-1-(8)-0-(8)-1-(8)-0-(8)-0-(8)-0-(8)-1-(8)-0-(8)-1-(8)-0-(8)-0-(8)-0-(8)-1-(8)-0-(8)-1-(7)-0-(8)-1-(8)-0-End
09-25 13:19:24.472  5369  5369 I AppTransitionAnimatorImpl: resetContentView
09-25 13:19:24.473  5369  5369 I AnimationResult: AnimationResult finish : onAnimationEnd
09-25 13:19:24.473  5369  5369 I AnimationResult: finish : false, null
09-25 13:19:24.473  3108  5717 W LocationManagerService: onFreezeStateChanged, uid[10378]=true
09-25 13:19:24.474  5369  5741 I AnimationResult: finish callback : null
09-25 13:19:24.474  5369  5583 I ViewRootImpl@7533534[LauncherActivity]: mWNT: t=0xb4000077a0f9bb00 mBlastBufferQueue=0xb400007720986880 fn= 233 caller= com.android.systemui.shared.launcher.ViewRootImplCompat.mergeWithNextTransaction:2 com.android.quickstep.util.SurfaceTransactionApplier.lambda$scheduleApply$0:2 com.android.quickstep.util.SurfaceTransactionApplier.b:0
09-25 13:19:24.475  5369  5369 W Launcher: onEnterAnimationComplete
09-25 13:19:24.478  5639  5639 I ViewRootImpl@b663ef6[InstrumentationActivityInvoker$EmptyActivity]: handleAppVisibility mAppVisible = true visible = false
09-25 13:19:24.480  1914  1914 I Layer   : id=162234 removedFromDrawingState Splash Screen com.example.dogglers$_4768#162234 (336)
09-25 13:19:24.480  1914  1914 I SurfaceFlinger: [c7375dc com.sec.android.app.launcher/com.sec.android.app.launcher.activities.LauncherActivity#176] FrameRatePriority: 1
09-25 13:19:24.480  1914  1914 I Layer   : id=162261 removedFromDrawingState Surface(name=Task=1)/@0xeddbc98 - animation-leash of app_transition#162261 (336)
09-25 13:19:24.480  1914  1914 I Layer   : Layer [Splash Screen com.example.dogglers$_4768#162234] hidden!! flag(1)
09-25 13:19:24.480  1914  1914 I Layer   : id=162233 removedFromDrawingState b45c124 Splash Screen com.example.dogglers#162233 (336)
09-25 13:19:24.480  1914  1914 I Layer   : id=162260 removedFromDrawingState Surface(name=Task=7112)/@0xdb2479f - animation-leash of app_transition#162260 (336)
09-25 13:19:24.480  1914  1914 I Layer   : Layer [com.example.dogglers/com.example.dogglers.GridListActivity$_5639#162241] hidden!! flag(1)
09-25 13:19:24.480  1914  1914 I Layer   : Layer [com.example.dogglers/androidx.test.core.app.InstrumentationActivityInvoker$EmptyActivity$_5639#162249] hidden!! flag(1)
09-25 13:19:24.480  1914  1914 I Layer   : Layer [com.example.dogglers/androidx.test.core.app.InstrumentationActivityInvoker$EmptyActivity$_5639#162256] hidden!! flag(1)
09-25 13:19:24.480  1914  1914 I SurfaceFlinger: id=162233 Removed b45c124 Splash Screen com.example.dogglers#162233 (336)
09-25 13:19:24.480  1914  1914 I SurfaceFlinger: id=162234 Removed Splash Screen com.example.dogglers$_4768#162234 (336)
09-25 13:19:24.480  1914  1914 I Layer   : id=162233 Destroyed b45c124 Splash Screen com.example.dogglers#162233
09-25 13:19:24.480  5639  5729 D OpenGLRenderer: setSurface called with nullptr
09-25 13:19:24.480  5639  5729 D OpenGLRenderer: setSurface() destroyed EGLSurface
09-25 13:19:24.480  1914  1914 I Layer   : id=162234 Destroyed Splash Screen com.example.dogglers$_4768#162234
09-25 13:19:24.480  5639  5729 D OpenGLRenderer: destroyEglSurface
09-25 13:19:24.481  5639  5639 I ViewRootImpl@b663ef6[InstrumentationActivityInvoker$EmptyActivity]: performTraversals mFirst=false windowShouldResize=false viewVisibilityChanged=true mForceNextWindowRelayout=false params=null
09-25 13:19:24.484  3108  6456 V WindowManager: Relayout Window{1195fd1 u0 com.example.dogglers/androidx.test.core.app.InstrumentationActivityInvoker$EmptyActivity}: viewVisibility=8 req=1440x3088 d0
09-25 13:19:24.484  5759  6310 E pageboostd: comquizletquizletandroid, amt 103333888 scnt 353 fcnt 42
09-25 13:19:24.484  5759  6310 E pageboostd: prefetch end : app comquizletquizletandroid data_amount 103333888
09-25 13:19:24.485  3108  6456 V WindowManager: Relayout hash=1195fd1, pid=5639, syncId=-1: mAttrs={(0,0)(fillxfill) sim={adjust=pan forwardNavigation} ty=BASE_APPLICATION wanim=0x1030001
09-25 13:19:24.485  3108  6456 V WindowManager:   fl=1810100
09-25 13:19:24.485  3108  6456 V WindowManager:   pfl=12020040
09-25 13:19:24.485  3108  6456 V WindowManager:   bhv=DEFAULT
09-25 13:19:24.485  3108  6456 V WindowManager:   fitSides= naviIconColor=0}
09-25 13:19:24.487  6586 25742 I SAMSUNGWALLET: [Hint_ProcessStatusChange] fg Change, pid : 5639 , isNotify : true , isForeground : false , fg list : []
09-25 13:19:24.487  6586 25742 I SAMSUNGWALLET: [ProcessStatusChange] fg Change, pid : 5639 , isNotify : true , isForeground : false , fg list : []
09-25 13:19:24.488  6586 25742 I SAMSUNGWALLET: [Hint_ProcessStatusChange] fg Change, pid : 5639 , isNotify : true , isForeground : false , fg list : []
09-25 13:19:24.488  6586 25742 I SAMSUNGWALLET: [ProcessStatusChange] fg Change, pid : 5639 , isNotify : true , isForeground : false , fg list : []
09-25 13:19:24.488  1914  1914 I Layer   : id=162262 removedFromDrawingState Surface(name=WallpaperWindowToken{6241e01 token=android.os.Binder@ab19d0b})/@0xf3e0a44 - animation-leash of window_animation#162262 (334)
09-25 13:19:24.488  6586  7522 I SAMSUNGWALLET: [ResetData] getSAResetDialogFlag : false
09-25 13:19:24.489  5639  5639 I ViewRootImpl@b663ef6[InstrumentationActivityInvoker$EmptyActivity]: Relayout returned: old=(0,0,1440,3088) new=(0,0,1440,3088) req=(1440,3088)8 dur=7 res=0x2 s={false 0x0} ch=true seqId=0
09-25 13:19:24.489  3108  5717 W LocationManagerService: onFreezeStateChanged, uid[10364]=false
09-25 13:19:24.490  6586  7669 I SAMSUNGWALLET: [ProcessMonitor] App went to background.
09-25 13:19:24.490  6586 10126 I SAMSUNGWALLET: [Hint_ProcessStatusChange] fg Change, pid : 5639 , isNotify : true , isForeground : false , fg list : []
09-25 13:19:24.490  6586 10126 I SAMSUNGWALLET: [ProcessStatusChange] fg Change, pid : 5639 , isNotify : true , isForeground : false , fg list : []
09-25 13:19:24.491  3108  4073 D InputDispatcher: Focus entered window (0): c7375dc com.sec.android.app.launcher/com.sec.android.app.launcher.activities.LauncherActivity
09-25 13:19:24.491  5639  5639 I ViewRootImpl@b663ef6[InstrumentationActivityInvoker$EmptyActivity]: stopped(true) old = false
09-25 13:19:24.491  5639  5639 I ViewRootImpl@b663ef6[InstrumentationActivityInvoker$EmptyActivity]: WindowStopped on com.example.dogglers/androidx.test.core.app.InstrumentationActivityInvoker$EmptyActivity set to true
09-25 13:19:24.491  5639  5639 D LifecycleMonitor: Lifecycle status change: androidx.test.core.app.InstrumentationActivityInvoker$EmptyActivity@f4b48cc in: STOPPED
09-25 13:19:24.491  5639  5639 V ActivityScenario: Activity lifecycle changed event received but ignored because the intent does not match. startActivityIntent=Intent { act=android.intent.action.MAIN cat=[android.intent.category.LAUNCHER] cmp=com.example.dogglers/.GridListActivity }, activity.getIntent()=Intent { act=android.intent.action.MAIN cat=[android.intent.category.LAUNCHER] flg=0x10000000 cmp=com.example.dogglers/androidx.test.core.app.InstrumentationActivityInvoker$EmptyActivity }, activity=androidx.test.core.app.InstrumentationActivityInvoker$EmptyActivity@f4b48cc
09-25 13:19:24.491  5369  5369 I ViewRootImpl@7533534[LauncherActivity]: MSG_WINDOW_FOCUS_CHANGED 1 0
09-25 13:19:24.491  5369  5369 I ViewRootImpl@7533534[LauncherActivity]: mThreadedRenderer.initializeIfNeeded()#2 mSurface={isValid=true 0xb4000077206f5000}
09-25 13:19:24.491  5369  5369 I BaseActivity: addActivityFlags, flags : 8
09-25 13:19:24.492  5639  5639 I MSHandlerLifeCycle: removeMultiSplitHandler: no exist. decor=DecorView@c50701b[InstrumentationActivityInvoker$EmptyActivity]
09-25 13:19:24.493  6586  7522 I SAMSUNGWALLET: [Hint_e] isHomePackageRunning topPkgName = com.sec.android.app.launcher, topClsName = com.android.launcher3.uioverrides.QuickstepLauncher, return true , se : true
09-25 13:19:24.493  5639  5639 D LifecycleMonitor: Lifecycle status change: androidx.test.core.app.InstrumentationActivityInvoker$EmptyActivity@f4b48cc in: DESTROYED
09-25 13:19:24.493  5639  5639 V ActivityScenario: Activity lifecycle changed event received but ignored because the intent does not match. startActivityIntent=Intent { act=android.intent.action.MAIN cat=[android.intent.category.LAUNCHER] cmp=com.example.dogglers/.GridListActivity }, activity.getIntent()=Intent { act=android.intent.action.MAIN cat=[android.intent.category.LAUNCHER] flg=0x10000000 cmp=com.example.dogglers/androidx.test.core.app.InstrumentationActivityInvoker$EmptyActivity }, activity=androidx.test.core.app.InstrumentationActivityInvoker$EmptyActivity@f4b48cc
09-25 13:19:24.493  5639  5639 I MSHandlerLifeCycle: removeMultiSplitHandler: no exist. decor=DecorView@c50701b[InstrumentationActivityInvoker$EmptyActivity]
09-25 13:19:24.494  6586  7522 I SAMSUNGWALLET: [ResetData] getSAResetDialogFlag : false
09-25 13:19:24.494  6586  6586 I SAMSUNGWALLET: [Hint_PayHintService] Hint Status - already invisible, skip hide : [4000000] - 4000000
09-25 13:19:24.494  6586  7669 I SAMSUNGWALLET: [ProcessMonitor] App went to background.
09-25 13:19:24.494  5639  5729 D OpenGLRenderer: setSurface called with nullptr
09-25 13:19:24.494  5639  5639 I ViewRootImpl@b663ef6[InstrumentationActivityInvoker$EmptyActivity]: dispatchDetachedFromWindow
09-25 13:19:24.494  5369  5369 I InputMethodManager: startInputInner - mService.startInputOrWindowGainedFocus
09-25 13:19:24.494  3108  4923 D InputTransport: Input channel destroyed: '1195fd1', fd=1355
09-25 13:19:24.495  3108  4923 W InputManager-JNI: Input channel object '1195fd1 com.example.dogglers/androidx.test.core.app.InstrumentationActivityInvoker$EmptyActivity (client)' was disposed without first being removed with the input manager!
09-25 13:19:24.495  3108  4923 D InputTransport: Input channel destroyed: '1195fd1', fd=1361
09-25 13:19:24.495  6586  7669 I SAMSUNGWALLET: [ProcessMonitor] App went to background.
09-25 13:19:24.495  1914  3199 I SurfaceFlinger: id=162266 createSurf, flag=24004, Surface(name=6a358c3 InputMethod)/@0x1a6cc79 - animation-leash of insets_animation#162266
09-25 13:19:24.497  5639  5639 D InputTransport: Input channel destroyed: '1195fd1', fd=155
09-25 13:19:24.498  5639  5639 I ViewRootImpl@e467aa5[InstrumentationActivityInvoker$EmptyActivity]: stopped(true) old = false
09-25 13:19:24.498  5639  5639 I ViewRootImpl@e467aa5[InstrumentationActivityInvoker$EmptyActivity]: WindowStopped on com.example.dogglers/androidx.test.core.app.InstrumentationActivityInvoker$EmptyActivity set to true
09-25 13:19:24.499  1914  2140 I SurfaceFlinger: id=162050 Removed Surface(name=6a358c3 InputMethod)/@0x1a6cc79 - animation-leash of insets_animation#162050 (335)
09-25 13:19:24.499  6586  7522 I SAMSUNGWALLET: [Hint_e] isHomePackageRunning topPkgName = com.sec.android.app.launcher, topClsName = com.android.launcher3.uioverrides.QuickstepLauncher, return true , se : true
09-25 13:19:24.499  1914  2140 I SurfaceFlinger: id=162254 Removed 5ec5dc ActivityRecordInputSink com.example.dogglers/androidx.test.core.app.InstrumentationActivityInvoker$EmptyActivity#162254 (335)
09-25 13:19:24.499  5639  5639 D LifecycleMonitor: Lifecycle status change: androidx.test.core.app.InstrumentationActivityInvoker$EmptyActivity@85973b3 in: STOPPED
09-25 13:19:24.499  5639  5639 V ActivityScenario: Activity lifecycle changed event received but ignored because the intent does not match. startActivityIntent=Intent { act=android.intent.action.MAIN cat=[android.intent.category.LAUNCHER] cmp=com.example.dogglers/.GridListActivity }, activity.getIntent()=Intent { act=android.intent.action.MAIN cat=[android.intent.category.LAUNCHER] flg=0x10000000 cmp=com.example.dogglers/androidx.test.core.app.InstrumentationActivityInvoker$EmptyActivity }, activity=androidx.test.core.app.InstrumentationActivityInvoker$EmptyActivity@85973b3
09-25 13:19:24.500  6586  7522 I SAMSUNGWALLET: [ResetData] getSAResetDialogFlag : false
09-25 13:19:24.500  5639  5639 I MSHandlerLifeCycle: removeMultiSplitHandler: no exist. decor=DecorView@da1696e[InstrumentationActivityInvoker$EmptyActivity]
09-25 13:19:24.500  3108  8626 D InputMethodManagerService: DESKTOP MODE! : 2
09-25 13:19:24.500  3108  8626 D InputMethodManagerService: NOT IN KNOX DESKTOP MODE!
09-25 13:19:24.500  3108  8626 V InputMethodManagerService: getDisplayIdOfInputMethodWindowToBeAdded: displayId=0
09-25 13:19:24.500  6586  6586 I SAMSUNGWALLET: [Hint_PayHintService] Hint Status - already invisible, skip hide : [4000000] - 4000000
09-25 13:19:24.500  5639  5639 D LifecycleMonitor: Lifecycle status change: androidx.test.core.app.InstrumentationActivityInvoker$EmptyActivity@85973b3 in: DESTROYED
09-25 13:19:24.500  5639  5639 V ActivityScenario: Activity lifecycle changed event received but ignored because the intent does not match. startActivityIntent=Intent { act=android.intent.action.MAIN cat=[android.intent.category.LAUNCHER] cmp=com.example.dogglers/.GridListActivity }, activity.getIntent()=Intent { act=android.intent.action.MAIN cat=[android.intent.category.LAUNCHER] flg=0x10000000 cmp=com.example.dogglers/androidx.test.core.app.InstrumentationActivityInvoker$EmptyActivity }, activity=androidx.test.core.app.InstrumentationActivityInvoker$EmptyActivity@85973b3
09-25 13:19:24.500  3108  8626 D InputMethodManagerService: isImeSwitcherDisabledPackage : false
09-25 13:19:24.501  3108  8626 D InputMethodManagerService: checkDisplayOfStartInputAndUpdateKeyboard: displayId=0, mFocusedDisplayId=0
09-25 13:19:24.501  3108  8626 D InputTransport: Input channel constructed: 'ClientS', fd=1065
09-25 13:19:24.501  3108  8626 D InputTransport: Input channel destroyed: 'ClientS', fd=1065
09-25 13:19:24.501  5639  5639 I MSHandlerLifeCycle: removeMultiSplitHandler: no exist. decor=DecorView@da1696e[InstrumentationActivityInvoker$EmptyActivity]
09-25 13:19:24.501   586   586 I MSHandlerLifeCycle: check: return. pkg=com.google.android.inputmethod.latin isActivity=false callers=com.android.internal.policy.DecorView.setVisibility:4412 android.inputmethodservice.InkWindow.hide:100 android.inputmethodservice.InputMethodService$InputMethodImpl.unbindInput:875 android.inputmethodservice.IInputMethodWrapper.executeMessage:198 com.android.internal.os.HandlerCaller$MyHandler.handleMessage:44
09-25 13:19:24.501   586   586 I MSHandlerLifeCycle: removeMultiSplitHandler: no exist. decor=DecorView@722edec[]
09-25 13:19:24.501  6586  7522 I SAMSUNGWALLET: [Hint_e] isHomePackageRunning topPkgName = com.sec.android.app.launcher, topClsName = com.android.launcher3.uioverrides.QuickstepLauncher, return true , se : true
09-25 13:19:24.501  6586  6586 I SAMSUNGWALLET: [Hint_PayHintService] Hint Status - already invisible, skip hide : [4000000] - 4000000
09-25 13:19:24.502   586   586 I GoogleInputMethodService: GoogleInputMethodService.onFinishInput():3267
09-25 13:19:24.502  1914  2140 I SurfaceFlinger: id=162267 createSurf, flag=24004, Surface(name=6a358c3 InputMethod)/@0x1a6cc79 - animation-leash of insets_animation#162267
09-25 13:19:24.502  5639  5729 D OpenGLRenderer: setSurface called with nullptr
09-25 13:19:24.502  5639  5729 D OpenGLRenderer: setSurface() destroyed EGLSurface
09-25 13:19:24.502  5639  5729 D OpenGLRenderer: destroyEglSurface
09-25 13:19:24.502  5369  5369 I BadgeRenderer: Invalid count : 0
09-25 13:19:24.503   586   586 I GoogleInputMethodService: GoogleInputMethodService.updateDeviceLockedStatus():2097 repeatCheckTimes = 0, locked = false
09-25 13:19:24.503  5639  5639 I ViewRootImpl@e467aa5[InstrumentationActivityInvoker$EmptyActivity]: dispatchDetachedFromWindow
09-25 13:19:24.503   586   586 D InputMethodService: checkFocusedDisplay() display Id 0last 0
09-25 13:19:24.503   586   586 I GoogleInputMethodService: GoogleInputMethodService.onStartInput():1889 onStartInput(EditorInfo{EditorInfo{packageName=com.sec.android.app.launcher, inputType=0, inputTypeString=NULL, enableLearning=false, autoCorrection=false, autoComplete=false, imeOptions=0, privateImeOptions=null, actionName=UNSPECIFIED, actionLabel=null, initialSelStart=-1, initialSelEnd=-1, initialCapsMode=0, label=null, fieldId=2131361996, fieldName=null, extras=Bundle[{displayId=0}], hintText=null, hintLocales=[]}}, false)
09-25 13:19:24.504   586   586 I GoogleInputMethodService: GoogleInputMethodService.updateDeviceLockedStatus():2097 repeatCheckTimes = 1, locked = false
09-25 13:19:24.505  1914  1914 I Layer   : id=162256 removedFromDrawingState com.example.dogglers/androidx.test.core.app.InstrumentationActivityInvoker$EmptyActivity$_5639#162256 (336)
09-25 13:19:24.505  1914  1914 I Layer   : id=162255 removedFromDrawingState 1195fd1 com.example.dogglers/androidx.test.core.app.InstrumentationActivityInvoker$EmptyActivity#162255 (336)
09-25 13:19:24.505  1914  1914 I Layer   : id=162259 removedFromDrawingState Surface(name=6a358c3 InputMethod)/@0x1a6cc79 - animation-leash of insets_animation#162259 (336)
09-25 13:19:24.505  1914  1914 I Layer   : id=97070 removedFromDrawingState 6a358c3 InputMethod#97070 (336)
09-25 13:19:24.505  1914  1914 I Layer   : id=97070 addToCurrentState 6a358c3 InputMethod#97070 (336)
09-25 13:19:24.505  1914  1914 I Layer   : id=162253 removedFromDrawingState ActivityRecord{ccb76e5 u0 com.example.dogglers/androidx.test.core.app.InstrumentationActivityInvoker$EmptyActivity} t7112}#162253 (336)
09-25 13:19:24.505  1914  1914 I Layer   : id=162254 removedFromDrawingState 5ec5dc ActivityRecordInputSink com.example.dogglers/androidx.test.core.app.InstrumentationActivityInvoker$EmptyActivity#162254 (336)
09-25 13:19:24.505  1914  1914 I Layer   : id=162266 removedFromDrawingState Surface(name=6a358c3 InputMethod)/@0x1a6cc79 - animation-leash of insets_animation#162266 (336)
09-25 13:19:24.505  1914  1914 I SurfaceFlinger: id=162256 Removed com.example.dogglers/androidx.test.core.app.InstrumentationActivityInvoker$EmptyActivity$_5639#162256 (336)
09-25 13:19:24.505  1914  1914 I SurfaceFlinger: id=162255 Removed 1195fd1 com.example.dogglers/androidx.test.core.app.InstrumentationActivityInvoker$EmptyActivity#162255 (336)
09-25 13:19:24.505  1914  1914 I SurfaceFlinger: id=162259 Removed Surface(name=6a358c3 InputMethod)/@0x1a6cc79 - animation-leash of insets_animation#162259 (336)
09-25 13:19:24.505  1914  1914 I Layer   : id=162050 Destroyed Surface(name=6a358c3 InputMethod)/@0x1a6cc79 - animation-leash of insets_animation#162050
09-25 13:19:24.505  1914  1914 I Layer   : id=162259 Destroyed Surface(name=6a358c3 InputMethod)/@0x1a6cc79 - animation-leash of insets_animation#162259
09-25 13:19:24.505  1914  1914 I Layer   : id=162255 Destroyed 1195fd1 com.example.dogglers/androidx.test.core.app.InstrumentationActivityInvoker$EmptyActivity#162255
09-25 13:19:24.506  1914  1914 I Layer   : id=162256 Destroyed com.example.dogglers/androidx.test.core.app.InstrumentationActivityInvoker$EmptyActivity$_5639#162256
09-25 13:19:24.506  3108  4606 D InputTransport: Input channel destroyed: 'ab0a7b9', fd=1370
09-25 13:19:24.506  3108  4606 W InputManager-JNI: Input channel object 'ab0a7b9 com.example.dogglers/androidx.test.core.app.InstrumentationActivityInvoker$EmptyActivity (client)' was disposed without first being removed with the input manager!
09-25 13:19:24.506  3108  4606 D InputTransport: Input channel destroyed: 'ab0a7b9', fd=1373
09-25 13:19:24.506  1914  2139 I SurfaceFlinger: id=162253 Removed ActivityRecord{ccb76e5 u0 com.example.dogglers/androidx.test.core.app.InstrumentationActivityInvoker$EmptyActivity} t7112}#162253 (332)
09-25 13:19:24.507   586   586 I InputMethodService: removeImeSurface
09-25 13:19:24.507   586   586 I MSHandlerLifeCycle: check: return. pkg=com.google.android.inputmethod.latin isActivity=false callers=com.android.internal.policy.DecorView.setVisibility:4412 android.app.Dialog.hide:767 android.inputmethodservice.InputMethodService.removeImeSurface:1290 android.inputmethodservice.InputMethodService.scheduleImeSurfaceRemoval:1279 android.inputmethodservice.InputMethodService.-$$Nest$mscheduleImeSurfaceRemoval:0
09-25 13:19:24.507   586   586 I MSHandlerLifeCycle: removeMultiSplitHandler: no exist. decor=DecorView@3ddf8c7[InputMethod]
09-25 13:19:24.507  3108  9815 D InputMethodManagerService: isImeSwitcherDisabledPackage : false
09-25 13:19:24.508  5639  5639 D InputTransport: Input channel destroyed: 'ab0a7b9', fd=137
09-25 13:19:24.508   586   586 I InputMethodService: removeImeSurface
09-25 13:19:24.508   586   586 I MSHandlerLifeCycle: check: return. pkg=com.google.android.inputmethod.latin isActivity=false callers=com.android.internal.policy.DecorView.setVisibility:4412 android.app.Dialog.hide:767 android.inputmethodservice.InputMethodService.removeImeSurface:1290 android.inputmethodservice.InputMethodService.scheduleImeSurfaceRemoval:1279 android.inputmethodservice.InputMethodService.-$$Nest$mscheduleImeSurfaceRemoval:0
09-25 13:19:24.508   586   586 I MSHandlerLifeCycle: removeMultiSplitHandler: no exist. decor=DecorView@3ddf8c7[InputMethod]
09-25 13:19:24.509  1914  3193 I SurfaceFlinger: id=162247 Removed 7d7e64d ActivityRecordInputSink com.example.dogglers/androidx.test.core.app.InstrumentationActivityInvoker$EmptyActivity#162247 (332)
09-25 13:19:24.509  5639  5639 I ViewRootImpl@c146108[GridListActivity]: stopped(true) old = false
09-25 13:19:24.509  5639  5639 I ViewRootImpl@c146108[GridListActivity]: WindowStopped on com.example.dogglers/com.example.dogglers.GridListActivity set to true
09-25 13:19:24.511  5639  5639 D LifecycleMonitor: Lifecycle status change: com.example.dogglers.GridListActivity@ef834fd in: STOPPED
09-25 13:19:24.511  5639  5639 V ActivityScenario: Update currentActivityStage to STOPPED, currentActivity=com.example.dogglers.GridListActivity@ef834fd
09-25 13:19:24.512  5639  5639 I MSHandlerLifeCycle: removeMultiSplitHandler: no exist. decor=DecorView@5cfb8bb[GridListActivity]
09-25 13:19:24.512  5639  5639 D LifecycleMonitor: Lifecycle status change: com.example.dogglers.GridListActivity@ef834fd in: DESTROYED
09-25 13:19:24.512  5639  5639 V ActivityScenario: Update currentActivityStage to DESTROYED, currentActivity=null
09-25 13:19:24.513  5639  5703 I TestRunner: finished: grid_list_content_on_first_page(com.example.dogglers.GridListTests)
