09-25 13:19:30.066   586   586 I InputMethodService: removeImeSurface
09-25 13:19:30.067   586   586 I MSHandlerLifeCycle: check: return. pkg=com.google.android.inputmethod.latin isActivity=false callers=com.android.internal.policy.DecorView.setVisibility:4412 android.app.Dialog.hide:767 android.inputmethodservice.InputMethodService.removeImeSurface:1290 android.inputmethodservice.InputMethodService.scheduleImeSurfaceRemoval:1279 android.inputmethodservice.InputMethodService.-$$Nest$mscheduleImeSurfaceRemoval:0
09-25 13:19:30.067   586   586 I MSHandlerLifeCycle: removeMultiSplitHandler: no exist. decor=DecorView@3ddf8c7[InputMethod]
09-25 13:19:30.067  5639  5639 D LifecycleMonitor: Lifecycle status change: androidx.test.core.app.InstrumentationActivityInvoker$EmptyActivity@94a72e7 in: PRE_ON_CREATE
09-25 13:19:30.067  5639  5639 V ActivityScenario: Activity lifecycle changed event received but ignored because the intent does not match. startActivityIntent=Intent { act=android.intent.action.MAIN cat=[android.intent.category.LAUNCHER] cmp=com.example.dogglers/.HorizontalListActivity }, activity.getIntent()=Intent { act=android.intent.action.MAIN cat=[android.intent.category.LAUNCHER] flg=0x10000000 cmp=com.example.dogglers/androidx.test.core.app.InstrumentationActivityInvoker$EmptyActivity }, activity=androidx.test.core.app.InstrumentationActivityInvoker$EmptyActivity@94a72e7
09-25 13:19:30.068 15715 15751 I WindowsLink: (TaskInfoManager) +++++++++++onRecentTaskStackUpdated
09-25 13:19:30.070  3108  3230 I SemPersonaManager: SecureFolder personaId = 150
09-25 13:19:30.071  5639  5639 I DecorView: [INFO] isPopOver=false config=true
09-25 13:19:30.071  5639  5639 I DecorView: updateCaptionType: isFloating=false isApplication=true hasWindowDecorCaption=false this=DecorView@fd40932[]
09-25 13:19:30.071  5639  5639 D DecorView: setCaptionType = 0, this = DecorView@fd40932[]
09-25 13:19:30.072  5639  5639 I DecorView: getCurrentDensityDpi: from real metrics. densityDpi=560 msg=resources_loaded
09-25 13:19:30.072  5639  5639 I DecorView: setWindowBackground: isPopOver=false color=ff010101 d=android.graphics.drawable.StateListDrawable@6c15683
09-25 13:19:30.072  5639  5639 D LifecycleMonitor: Lifecycle status change: androidx.test.core.app.InstrumentationActivityInvoker$EmptyActivity@94a72e7 in: CREATED
09-25 13:19:30.072  5639  5639 V ActivityScenario: Activity lifecycle changed event received but ignored because the intent does not match. startActivityIntent=Intent { act=android.intent.action.MAIN cat=[android.intent.category.LAUNCHER] cmp=com.example.dogglers/.HorizontalListActivity }, activity.getIntent()=Intent { act=android.intent.action.MAIN cat=[android.intent.category.LAUNCHER] flg=0x10000000 cmp=com.example.dogglers/androidx.test.core.app.InstrumentationActivityInvoker$EmptyActivity }, activity=androidx.test.core.app.InstrumentationActivityInvoker$EmptyActivity@94a72e7
09-25 13:19:30.072  1914  1914 I Layer   : id=162512 Destroyed Surface(name=6a358c3 InputMethod)/@0x1a6cc79 - animation-leash of insets_animation#162512
09-25 13:19:30.073  5639  5639 D LifecycleMonitor: Lifecycle status change: androidx.test.core.app.InstrumentationActivityInvoker$EmptyActivity@94a72e7 in: STARTED
09-25 13:19:30.073  5639  5639 V ActivityScenario: Activity lifecycle changed event received but ignored because the intent does not match. startActivityIntent=Intent { act=android.intent.action.MAIN cat=[android.intent.category.LAUNCHER] cmp=com.example.dogglers/.HorizontalListActivity }, activity.getIntent()=Intent { act=android.intent.action.MAIN cat=[android.intent.category.LAUNCHER] flg=0x10000000 cmp=com.example.dogglers/androidx.test.core.app.InstrumentationActivityInvoker$EmptyActivity }, activity=androidx.test.core.app.InstrumentationActivityInvoker$EmptyActivity@94a72e7
09-25 13:19:30.073 21794 21794 I ViewRootImpl@888ef3d[LauncherActivity]: handleAppVisibility mAppVisible = true visible = false
09-25 13:19:30.073  5639  5639 D LifecycleMonitor: Lifecycle status change: androidx.test.core.app.InstrumentationActivityInvoker$EmptyActivity@94a72e7 in: RESUMED
09-25 13:19:30.073  5639  5639 V ActivityScenario: Activity lifecycle changed event received but ignored because the intent does not match. startActivityIntent=Intent { act=android.intent.action.MAIN cat=[android.intent.category.LAUNCHER] cmp=com.example.dogglers/.HorizontalListActivity }, activity.getIntent()=Intent { act=android.intent.action.MAIN cat=[android.intent.category.LAUNCHER] flg=0x10000000 cmp=com.example.dogglers/androidx.test.core.app.InstrumentationActivityInvoker$EmptyActivity }, activity=androidx.test.core.app.InstrumentationActivityInvoker$EmptyActivity@94a72e7
09-25 13:19:30.073  5639  5639 I MSHandlerLifeCycle: check: return. pkg=com.example.dogglers parent=null callers=com.android.internal.policy.DecorView.setVisibility:4412 android.app.ActivityThread.handleResumeActivity:5476 android.app.servertransaction.ResumeActivityItem.execute:54 android.app.servertransaction.ActivityTransactionItem.execute:45 android.app.servertransaction.TransactionExecutor.executeLifecycleState:176
09-25 13:19:30.073  5639  5639 I MSHandlerLifeCycle: removeMultiSplitHandler: no exist. decor=DecorView@fd40932[]
09-25 13:19:30.074  5369  5369 I ViewRootImpl@7533534[LauncherActivity]: handleAppVisibility mAppVisible = true visible = false
09-25 13:19:30.074  3108  3230 D EnterpriseDeviceManagerService: isMdmAdminPresentInternal() : MDM Admin Found - com.samsung.knox.securefolder
09-25 13:19:30.075  5639  5729 D NativeCustomFrequencyManager: [NativeCFMS] BpCustomFrequencyManager::BpCustomFrequencyManager()
09-25 13:19:30.077  4768  5807 D WallpaperService: dispatchAppVisibility onVisibilityChanged(): false
09-25 13:19:30.077  4768  4768 D WallpaperService: reportVisibility onVisibilityChanged visible: false
09-25 13:19:30.077  4768  4880 I ImageWallpaper[GLEngine]:  onVisibilityChanged false , 0
09-25 13:19:30.079  3108  3145 D InputTransport: Input channel constructed: '4905f34', fd=1254
09-25 13:19:30.079  3108  3145 D InputTransport: Input channel constructed: '4905f34', fd=1257
09-25 13:19:30.079  3108  3145 D InputTransport: Input channel constructed: '4905f34', fd=1259
09-25 13:19:30.079  1914  3193 I SurfaceFlinger: id=162522 createSurf, flag=80004, 4905f34 com.example.dogglers/androidx.test.core.app.InstrumentationActivityInvoker$EmptyActivity#162522
09-25 13:19:30.080  3108  3145 D InputTransport: Input channel destroyed: '4905f34', fd=1259
09-25 13:19:30.080  5639  5639 D InsetsController: onStateChanged: InsetsState: {mDisplayFrame=Rect(0, 0 - 1440, 3088), mDisplayCutout=DisplayCutout{insets=Rect(0, 100 - 0, 0) waterfall=Insets{left=0, top=0, right=0, bottom=0} boundingRect={Bounds=[Rect(0, 0 - 0, 0), Rect(685, 0 - 756, 100), Rect(0, 0 - 0, 0), Rect(0, 0 - 0, 0)]} cutoutPathParserInfo={CutoutPathParserInfo{displayWidth=1440 displayHeight=3088 physicalDisplayWidth=1440 physicalDisplayHeight=3088 density={3.75} cutoutSpec={M 0,0 H -9.466666666666667 V 26.66666666666667‬ H 9.466666666666667 V 0 H 0 Z @dp} rotation={0} scale={1.0} physicalPixelDisplaySizeRatio={1.0}}}}, mRoundedCorners=RoundedCorners{[RoundedCorner{position=TopLeft, radius=14, center=Point(14, 14)}, RoundedCorner{position=TopRight, radius=14, center=Point(1426, 14)}, RoundedCorner{position=BottomRight, radius=14, center=Point(1426, 3074)}, RoundedCorner{position=BottomLeft, radius=14, center=Point(14, 3074)}]}  mRoundedCornerFrame=Rect(0, 0 - 1440, 3088), mPrivacyIndicatorBounds=PrivacyIndicatorBounds {static bounds=Rect(1286, 0 - 1440, 100) rotation=0}, mSources= { InsetsSource: {mType=ITYPE_STATUS_BAR, mFrame=[0,0][1440,100], mVisible=true, mInsetsRoundedCornerFrame=false}, InsetsSource: {mType=ITYPE_NAVIGATION_BAR, mFrame=[0,3088][1440,3088], mVisible=true, mInsetsRoundedCornerFrame=false}, InsetsSource: {mType=ITYPE_LEFT_GESTURES, mFrame=[0,0][0,3088], mVisible=true, mInsetsRoundedCornerFrame=false}, InsetsSource: {mType=ITYPE_RIGHT_GESTURES, mFrame=[1440,0][1440,3088], mVisible=true, mInsetsRoundedCornerFrame=false}, InsetsSource: {mType=ITYPE_TOP_MANDATORY_GESTURES, mFrame=[0,0][1440,142], mVisible=true, mInsetsRoundedCornerFrame=false}, InsetsSource: {mType=ITYPE_BOTTOM_MANDATORY_GESTURES, mFrame=[0,3018][1440,3088], mVisible=true, mInsetsRoundedCornerFrame=false}, InsetsSource: {mType=ITYPE_LEFT_DISPLAY_CUTOUT, mFrame=[0,0][-100000,3088], mVisible=true, mInsetsRoundedCornerFrame=false}, InsetsSource: {mType=ITYPE_TOP_DISPLAY_CUTOUT, mFrame=[0,0][1440,100], mVisible=true, mInsetsRoundedCornerFrame=false}, InsetsSource: {mType=ITYPE_RIGHT_DISPLAY_CUTOUT, mFrame=[100000,0][1440,3088], mVisible=true, mInsetsRoundedCornerFrame=false}, InsetsSource: {mType=ITYPE_BOTTOM_DISPLAY_CUTOUT, mFrame=[0,100000][1440,3088], mVisible=true, mInsetsRoundedCornerFrame=false}, InsetsSource: {mType=ITYPE_TOP_TAPPABLE_ELEMENT, mFrame=[0,0][1440,100], mVisible=true, mInsetsRoundedCornerFrame=false}, InsetsSource: {mType=ITYPE_BOTTOM_TAPPABLE_ELEMENT, mFrame=[0,0][0,0], mVisible=true, mInsetsRoundedCornerFrame=false} } host=com.example.dogglers/androidx.test.core.app.InstrumentationActivityInvoker$EmptyActivity from=android.view.ViewRootImpl.setView:1732
09-25 13:19:30.081  1914  1914 I Layer   : id=162501 removedFromDrawingState Splash Screen com.example.dogglers$_4768#162501 (341)
09-25 13:19:30.081  1914  1914 I Layer   : id=162503 removedFromDrawingState Surface(name=Task=1)/@0xeddbc98 - animation-leash of app_transition#162503 (341)
09-25 13:19:30.081  1914  1914 I Layer   : id=162500 removedFromDrawingState 839b8bb Splash Screen com.example.dogglers#162500 (341)
09-25 13:19:30.081  1914  1914 I Layer   : id=162504 removedFromDrawingState Surface(name=Task=7119)/@0xb481c38 - animation-leash of app_transition#162504 (341)
09-25 13:19:30.081  1914  1914 I Layer   : Layer [Splash Screen com.example.dogglers$_4768#162501] hidden!! flag(1)
09-25 13:19:30.081  1914  1914 I Layer   : Layer [com.sec.android.app.launcher/com.sec.android.app.launcher.activities.LauncherActivity$_21794#162450] hidden!! flag(1)
09-25 13:19:30.081  1914  1914 I Layer   : Layer [com.sec.android.app.launcher/com.sec.android.app.launcher.activities.LauncherActivity$_5369#162451] hidden!! flag(1)
09-25 13:19:30.081  1914  1914 I Layer   : Layer [com.example.dogglers/com.example.dogglers.HorizontalListActivity$_5639#162508] hidden!! flag(1)
09-25 13:19:30.081  1914  1914 I SurfaceFlinger: id=162500 Removed 839b8bb Splash Screen com.example.dogglers#162500 (341)
09-25 13:19:30.081  1914  1914 I SurfaceFlinger: id=162501 Removed Splash Screen com.example.dogglers$_4768#162501 (341)
09-25 13:19:30.081  1914  1914 I SurfaceFlinger: id=162504 Removed Surface(name=Task=7119)/@0xb481c38 - animation-leash of app_transition#162504 (341)
09-25 13:19:30.081  1914  1914 I SurfaceFlinger: id=162503 Removed Surface(name=Task=1)/@0xeddbc98 - animation-leash of app_transition#162503 (341)
09-25 13:19:30.081  1914  1914 I Layer   : id=162500 Destroyed 839b8bb Splash Screen com.example.dogglers#162500
09-25 13:19:30.081  1914  1914 I Layer   : id=162501 Destroyed Splash Screen com.example.dogglers$_4768#162501
09-25 13:19:30.081  1914  1914 I Layer   : id=162503 Destroyed Surface(name=Task=1)/@0xeddbc98 - animation-leash of app_transition#162503
09-25 13:19:30.081  1914  1914 I Layer   : id=162504 Destroyed Surface(name=Task=7119)/@0xb481c38 - animation-leash of app_transition#162504
09-25 13:19:30.081 21794 13251 D OpenGLRenderer: setSurface called with nullptr
09-25 13:19:30.081 21794 13251 D OpenGLRenderer: setSurface() destroyed EGLSurface
09-25 13:19:30.081 21794 13251 D OpenGLRenderer: destroyEglSurface
09-25 13:19:30.083  5639  5639 I ViewRootImpl@c196039[InstrumentationActivityInvoker$EmptyActivity]: setView = com.android.internal.policy.DecorView@fd40932 TM=true
09-25 13:19:30.083 21794 21794 I ViewRootImpl@888ef3d[LauncherActivity]: performTraversals mFirst=false windowShouldResize=false viewVisibilityChanged=true mForceNextWindowRelayout=false params=null
09-25 13:19:30.084  5639  5639 I MSHandlerLifeCycle: removeMultiSplitHandler: no exist. decor=DecorView@fd40932[InstrumentationActivityInvoker$EmptyActivity]
09-25 13:19:30.084  3108  4073 V WindowManager: Relayout Window{294099b u0 com.sec.android.app.launcher/com.sec.android.app.launcher.activities.LauncherActivity}: viewVisibility=8 req=1440x3088 d0
09-25 13:19:30.084  5639  5639 I ViewRootImpl@b06633c[HorizontalListActivity]: handleAppVisibility mAppVisible = true visible = false
09-25 13:19:30.084  5369  5369 I ViewRootImpl@7533534[LauncherActivity]: performTraversals mFirst=false windowShouldResize=false viewVisibilityChanged=true mForceNextWindowRelayout=false params=null
09-25 13:19:30.085  8423  8423 I ActivityUtils: HomePackage : com.sec.android.app.launcher, resumePackageName : com.example.dogglers
09-25 13:19:30.086  5639  5639 I ViewRootImpl@c196039[InstrumentationActivityInvoker$EmptyActivity]: performTraversals params={(0,0)(fillxfill) sim={adjust=pan forwardNavigation} ty=BASE_APPLICATION wanim=0x1030001
09-25 13:19:30.086  5639  5639 I ViewRootImpl@c196039[InstrumentationActivityInvoker$EmptyActivity]:   fl=1810100
09-25 13:19:30.086  5639  5639 I ViewRootImpl@c196039[InstrumentationActivityInvoker$EmptyActivity]:   pfl=12020040
09-25 13:19:30.086  5639  5639 I ViewRootImpl@c196039[InstrumentationActivityInvoker$EmptyActivity]:   bhv=DEFAULT
09-25 13:19:30.086  5639  5639 I ViewRootImpl@c196039[InstrumentationActivityInvoker$EmptyActivity]:   fitSides= naviIconColor=0}
09-25 13:19:30.086  3108  6456 V WindowManager: Relayout Window{c7375dc u0 com.sec.android.app.launcher/com.sec.android.app.launcher.activities.LauncherActivity}: viewVisibility=8 req=1440x3088 d0
09-25 13:19:30.086  5639  5639 I ViewRootImpl@c196039[InstrumentationActivityInvoker$EmptyActivity]: performTraversals mFirst=true windowShouldResize=true viewVisibilityChanged=false mForceNextWindowRelayout=false params={(0,0)(fillxfill) sim={adjust=pan forwardNavigation} ty=BASE_APPLICATION wanim=0x1030001
09-25 13:19:30.086  5639  5639 I ViewRootImpl@c196039[InstrumentationActivityInvoker$EmptyActivity]:   fl=1810100
09-25 13:19:30.086  5639  5639 I ViewRootImpl@c196039[InstrumentationActivityInvoker$EmptyActivity]:   pfl=12020040
09-25 13:19:30.086  5639  5639 I ViewRootImpl@c196039[InstrumentationActivityInvoker$EmptyActivity]:   bhv=DEFAULT
09-25 13:19:30.086  5639  5639 I ViewRootImpl@c196039[InstrumentationActivityInvoker$EmptyActivity]:   fitSides= naviIconColor=0}
09-25 13:19:30.086  3108  4073 V WindowManager: Relayout hash=294099b, pid=21794, syncId=-1: mAttrs={(0,0)(fillxfill) gr=LEFT CENTER_HORIZONTAL sim={adjust=resize} layoutInDisplayCutoutMode=shortEdges ty=DRAWN_APPLICATION fmt=TRANSPARENT wanim=0x10302f4 alpha=0.0
09-25 13:19:30.086  3108  4073 V WindowManager:   fl=81850118
09-25 13:19:30.086  3108  4073 V WindowManager:   pfl=16020040
09-25 13:19:30.086  3108  4073 V WindowManager:   bhv=DEFAULT
09-25 13:19:30.086  3108  4073 V WindowManager:   fitSides=
09-25 13:19:30.086  3108  4073 V WindowManager:  dimAmount=0.0 naviIconColor=0}
09-25 13:19:30.087 21794 21794 D InsetsController: onStateChanged: InsetsState: {mDisplayFrame=Rect(0, 0 - 1440, 3088), mDisplayCutout=DisplayCutout{insets=Rect(0, 100 - 0, 0) waterfall=Insets{left=0, top=0, right=0, bottom=0} boundingRect={Bounds=[Rect(0, 0 - 0, 0), Rect(685, 0 - 756, 100), Rect(0, 0 - 0, 0), Rect(0, 0 - 0, 0)]} cutoutPathParserInfo={CutoutPathParserInfo{displayWidth=1440 displayHeight=3088 physicalDisplayWidth=1440 physicalDisplayHeight=3088 density={3.75} cutoutSpec={M 0,0 H -9.466666666666667 V 26.66666666666667‬ H 9.466666666666667 V 0 H 0 Z @dp} rotation={0} scale={1.0} physicalPixelDisplaySizeRatio={1.0}}}}, mRoundedCorners=RoundedCorners{[RoundedCorner{position=TopLeft, radius=14, center=Point(14, 14)}, RoundedCorner{position=TopRight, radius=14, center=Point(1426, 14)}, RoundedCorner{position=BottomRight, radius=14, center=Point(1426, 3074)}, RoundedCorner{position=BottomLeft, radius=14, center=Point(14, 3074)}]}  mRoundedCornerFrame=Rect(0, 0 - 1440, 3088), mPrivacyIndicatorBounds=PrivacyIndicatorBounds {static bounds=Rect(1286, 0 - 1440, 100) rotation=0}, mSources= { InsetsSource: {mType=ITYPE_STATUS_BAR, mFrame=[0,0][1440,100], mVisible=true, mInsetsRoundedCornerFrame=false}, InsetsSource: {mType=ITYPE_NAVIGATION_BAR, mFrame=[0,3088][1440,3088], mVisible=true, mInsetsRoundedCornerFrame=false}, InsetsSource: {mType=ITYPE_LEFT_GESTURES, mFrame=[0,0][0,3088], mVisible=true, mInsetsRoundedCornerFrame=false}, InsetsSource: {mType=ITYPE_RIGHT_GESTURES, mFrame=[1440,0][1440,3088], mVisible=true, mInsetsRoundedCornerFrame=false}, InsetsSource: {mType=ITYPE_TOP_MANDATORY_GESTURES, mFrame=[0,0][1440,142], mVisible=true, mInsetsRoundedCornerFrame=false}, InsetsSource: {mType=ITYPE_BOTTOM_MANDATORY_GESTURES, mFrame=[0,3018][1440,3088], mVisible=true, mInsetsRoundedCornerFrame=false}, InsetsSource: {mType=ITYPE_LEFT_DISPLAY_CUTOUT, mFrame=[0,0][-100000,3088], mVisible=true, mInsetsRoundedCornerFrame=false}, InsetsSource: {mType=ITYPE_TOP_DISPLAY_CUTOUT, mFrame=[0,0][1440,100], mVisible=true, mInsetsRoundedCornerFrame=false}, InsetsSource: {mType=ITYPE_RIGHT_DISPLAY_CUTOUT, mFrame=[100000,0][1440,3088], mVisible=true, mInsetsRoundedCornerFrame=false}, InsetsSource: {mType=ITYPE_BOTTOM_DISPLAY_CUTOUT, mFrame=[0,100000][1440,3088], mVisible=true, mInsetsRoundedCornerFrame=false}, InsetsSource: {mType=ITYPE_TOP_TAPPABLE_ELEMENT, mFrame=[0,0][1440,100], mVisible=true, mInsetsRoundedCornerFrame=false}, InsetsSource: {mType=ITYPE_BOTTOM_TAPPABLE_ELEMENT, mFrame=[0,0][0,0], mVisible=true, mInsetsRoundedCornerFrame=false} } host=com.sec.android.app.launcher/com.sec.android.app.launcher.activities.LauncherActivity from=android.view.ViewRootImpl.relayoutWindow:9802
09-25 13:19:30.087  3108  3338 D AnalyticsContainerHandler: handleMessage : { when=0 what=1 target=com.android.server.knox.KnoxAnalyticsContainer$AnalyticsHandler }
09-25 13:19:30.088  3108  6456 V WindowManager: Relayout hash=c7375dc, pid=5369, syncId=-1: mAttrs={(0,0)(fillxfill) sim={adjust=nothing forwardNavigation} layoutInDisplayCutoutMode=shortEdges ty=BASE_APPLICATION fmt=TRANSPARENT wanim=0x10302f4
09-25 13:19:30.088  3108  6456 V WindowManager:   fl=81910100
09-25 13:19:30.088  3108  6456 V WindowManager:   pfl=1e020040
09-25 13:19:30.088  3108  6456 V WindowManager:   vsysui=1700
09-25 13:19:30.088  3108  6456 V WindowManager:   bhv=SHOW_TRANSIENT_BARS_BY_SWIPE
09-25 13:19:30.088  3108  6456 V WindowManager:   fitSides= naviIconColor=0}
09-25 13:19:30.088 21794 21794 I ViewRootImpl@888ef3d[LauncherActivity]: Relayout returned: old=(0,0,1440,3088) new=(0,0,1440,3088) req=(1440,3088)8 dur=3 res=0x2 s={false 0x0} ch=true seqId=0
09-25 13:19:30.088  3108  6472 V WindowManager: Relayout Window{4905f34 u0 com.example.dogglers/androidx.test.core.app.InstrumentationActivityInvoker$EmptyActivity}: viewVisibility=0 req=1440x3088 d0
09-25 13:19:30.088 21794 21794 I dmtd    : (REDACTED) onApplyWindowInsets: systemWindowInsets=%s
09-25 13:19:30.088 21794 21794 I dmtd    : (REDACTED) onApplyWindowInsets: systemWindowInsets=%s
09-25 13:19:30.088  1914  4196 I SurfaceFlinger: id=162523 createSurf, flag=40004, com.example.dogglers/androidx.test.core.app.InstrumentationActivityInvoker$EmptyActivity$_5639#162523
09-25 13:19:30.089  3108  6142 I MediaSessionMonitor: Media session stopped : controllerList empty
09-25 13:19:30.089  5369  5369 I ViewRootImpl@7533534[LauncherActivity]: Relayout returned: old=(0,0,1440,3088) new=(0,0,1440,3088) req=(1440,3088)8 dur=4 res=0x2 s={false 0x0} ch=true seqId=0
09-25 13:19:30.095  1914  4196 I SurfaceFlinger: id=162524 createSurf, flag=24000, Surface(name=4eb27f5 StatusBar)/@0x43fa543 - animation-leash of insets_animation#162524
09-25 13:19:30.099  1914  4196 I SurfaceFlinger: id=162525 createSurf, flag=24000, Surface(name=d110b4c NavigationBar0)/@0x8bdb781 - animation-leash of insets_animation#162525
09-25 13:19:30.099  3108  6472 V WindowManager: Relayout hash=4905f34, pid=5639, syncId=-1: mAttrs={(0,0)(fillxfill) sim={adjust=pan forwardNavigation} ty=BASE_APPLICATION wanim=0x1030001
09-25 13:19:30.099  3108  6472 V WindowManager:   fl=1810100
09-25 13:19:30.099  3108  6472 V WindowManager:   pfl=12020040
09-25 13:19:30.099  3108  6472 V WindowManager:   bhv=DEFAULT
09-25 13:19:30.099  3108  6472 V WindowManager:   fitSides= naviIconColor=0}
09-25 13:19:30.100  5639  5639 D InsetsController: onStateChanged: InsetsState: {mDisplayFrame=Rect(0, 0 - 1440, 3088), mDisplayCutout=DisplayCutout{insets=Rect(0, 100 - 0, 0) waterfall=Insets{left=0, top=0, right=0, bottom=0} boundingRect={Bounds=[Rect(0, 0 - 0, 0), Rect(685, 0 - 756, 100), Rect(0, 0 - 0, 0), Rect(0, 0 - 0, 0)]} cutoutPathParserInfo={CutoutPathParserInfo{displayWidth=1440 displayHeight=3088 physicalDisplayWidth=1440 physicalDisplayHeight=3088 density={3.75} cutoutSpec={M 0,0 H -9.466666666666667 V 26.66666666666667‬ H 9.466666666666667 V 0 H 0 Z @dp} rotation={0} scale={1.0} physicalPixelDisplaySizeRatio={1.0}}}}, mRoundedCorners=RoundedCorners{[RoundedCorner{position=TopLeft, radius=14, center=Point(14, 14)}, RoundedCorner{position=TopRight, radius=14, center=Point(1426, 14)}, RoundedCorner{position=BottomRight, radius=14, center=Point(1426, 3074)}, RoundedCorner{position=BottomLeft, radius=14, center=Point(14, 3074)}]}  mRoundedCornerFrame=Rect(0, 0 - 1440, 3088), mPrivacyIndicatorBounds=PrivacyIndicatorBounds {static bounds=Rect(1286, 0 - 1440, 100) rotation=0}, mSources= { InsetsSource: {mType=ITYPE_STATUS_BAR, mFrame=[0,0][1440,100], mVisible=true, mInsetsRoundedCornerFrame=false}, InsetsSource: {mType=ITYPE_NAVIGATION_BAR, mFrame=[0,3088][1440,3088], mVisible=true, mInsetsRoundedCornerFrame=false}, InsetsSource: {mType=ITYPE_LEFT_GESTURES, mFrame=[0,0][0,3088], mVisible=true, mInsetsRoundedCornerFrame=false}, InsetsSource: {mType=ITYPE_RIGHT_GESTURES, mFrame=[1440,0][1440,3088], mVisible=true, mInsetsRoundedCornerFrame=false}, InsetsSource: {mType=ITYPE_TOP_MANDATORY_GESTURES, mFrame=[0,0][1440,142], mVisible=true, mInsetsRoundedCornerFrame=false}, InsetsSource: {mType=ITYPE_BOTTOM_MANDATORY_GESTURES, mFrame=[0,3018][1440,3088], mVisible=true, mInsetsRoundedCornerFrame=false}, InsetsSource: {mType=ITYPE_LEFT_DISPLAY_CUTOUT, mFrame=[0,0][-100000,3088], mVisible=true, mInsetsRoundedCornerFrame=false}, InsetsSource: {mType=ITYPE_TOP_DISPLAY_CUTOUT, mFrame=[0,0][1440,100], mVisible=true, mInsetsRoundedCornerFrame=false}, InsetsSource: {mType=ITYPE_RIGHT_DISPLAY_CUTOUT, mFrame=[100000,0][1440,3088], mVisible=true, mInsetsRoundedCornerFrame=false}, InsetsSource: {mType=ITYPE_BOTTOM_DISPLAY_CUTOUT, mFrame=[0,100000][1440,3088], mVisible=true, mInsetsRoundedCornerFrame=false}, InsetsSource: {mType=ITYPE_TOP_TAPPABLE_ELEMENT, mFrame=[0,0][1440,100], mVisible=true, mInsetsRoundedCornerFrame=false}, InsetsSource: {mType=ITYPE_BOTTOM_TAPPABLE_ELEMENT, mFrame=[0,0][0,0], mVisible=true, mInsetsRoundedCornerFrame=false}, InsetsSource: {mType=ITYPE_IME, mFrame=[0,0][0,0], mVisibleFrame=[0,3088][1440,3088], mVisible=false, mInsetsRoundedCornerFrame=false} } host=com.example.dogglers/androidx.test.core.app.InstrumentationActivityInvoker$EmptyActivity from=android.view.ViewRootImpl.relayoutWindow:9802
09-25 13:19:30.101  5639  5639 I ViewRootImpl@c196039[InstrumentationActivityInvoker$EmptyActivity]: updateBlastSurfaceIfNeeded mBlastBufferQueue=null isSameSurfaceControl=false
09-25 13:19:30.101  5639  5639 I BLASTBufferQueue: new BLASTBufferQueue, mName= ViewRootImpl@c196039[InstrumentationActivityInvoker$EmptyActivity] mNativeObject= 0xb4000077a1043f00 sc.mNativeObject= 0xb4000077b1d44e60 caller= android.view.ViewRootImpl.updateBlastSurfaceIfNeeded:2909 android.view.ViewRootImpl.relayoutWindow:9847 android.view.ViewRootImpl.performTraversals:3884 android.view.ViewRootImpl.doTraversal:3116 android.view.ViewRootImpl$TraversalRunnable.run:10885 android.view.Choreographer$CallbackRecord.run:1301 android.view.Choreographer$CallbackRecord.run:1309 android.view.Choreographer.doCallbacks:923 android.view.Choreographer.doFrame:852 android.view.Choreographer$FrameDisplayEventReceiver.run:1283
09-25 13:19:30.101  5639  5639 I BLASTBufferQueue: update, w= 1440 h= 3088 mName = ViewRootImpl@c196039[InstrumentationActivityInvoker$EmptyActivity] mNativeObject= 0xb4000077a1043f00 sc.mNativeObject= 0xb4000077b1d44e60 format= -1 caller= android.graphics.BLASTBufferQueue.<init>:84 android.view.ViewRootImpl.updateBlastSurfaceIfNeeded:2909 android.view.ViewRootImpl.relayoutWindow:9847 android.view.ViewRootImpl.performTraversals:3884 android.view.ViewRootImpl.doTraversal:3116 android.view.ViewRootImpl$TraversalRunnable.run:10885
09-25 13:19:30.101  5639  5639 I ViewRootImpl@c196039[InstrumentationActivityInvoker$EmptyActivity]: Relayout returned: old=(0,0,1440,3088) new=(0,0,1440,3088) req=(1440,3088)0 dur=15 res=0x3 s={true 0xb4000076ebb66000} ch=true seqId=0
09-25 13:19:30.101  5639  5639 I ViewRootImpl@c196039[InstrumentationActivityInvoker$EmptyActivity]: performConfigurationChange setNightDimText nightDimLevel=0
09-25 13:19:30.102  5639  5639 I ViewRootImpl@c196039[InstrumentationActivityInvoker$EmptyActivity]: mThreadedRenderer.initialize() mSurface={isValid=true 0xb4000076ebb66000} hwInitialized=true
09-25 13:19:30.102  5639  5729 D OpenGLRenderer: eglCreateWindowSurface
09-25 13:19:30.103  5639  5639 I ViewRootImpl@c196039[InstrumentationActivityInvoker$EmptyActivity]: reportNextDraw android.view.ViewRootImpl.performTraversals:4438 android.view.ViewRootImpl.doTraversal:3116 android.view.ViewRootImpl$TraversalRunnable.run:10885 android.view.Choreographer$CallbackRecord.run:1301 android.view.Choreographer$CallbackRecord.run:1309
09-25 13:19:30.103  5639  5639 I ViewRootImpl@c196039[InstrumentationActivityInvoker$EmptyActivity]: Setup new sync id=0
09-25 13:19:30.103  5639  5639 I ViewRootImpl@c196039[InstrumentationActivityInvoker$EmptyActivity]: Setting syncFrameCallback
09-25 13:19:30.103  5639  5639 I ViewRootImpl@c196039[InstrumentationActivityInvoker$EmptyActivity]: registerCallbacksForSync syncBuffer=false
09-25 13:19:30.103  5639  5771 I ViewRootImpl@c196039[InstrumentationActivityInvoker$EmptyActivity]: Received frameDrawingCallback syncResult=0 frameNum=1.
09-25 13:19:30.103  5639  5771 I ViewRootImpl@c196039[InstrumentationActivityInvoker$EmptyActivity]: Setting up sync and frameCommitCallback
09-25 13:19:30.104  5639  5729 I BLASTBufferQueue: [ViewRootImpl@c196039[InstrumentationActivityInvoker$EmptyActivity]#47](f:0,a:0) onFrameAvailable the first frame is available
09-25 13:19:30.104  5639  5729 I ViewRootImpl@c196039[InstrumentationActivityInvoker$EmptyActivity]: Received frameCommittedCallback lastAttemptedDrawFrameNum=1 didProduceBuffer=true
09-25 13:19:30.105  5639  5729 D OpenGLRenderer: CFMS:: SetUp Pid : 5639    Tid : 5729
09-25 13:19:30.106  1914  1914 I Layer   : id=162517 removedFromDrawingState Surface(name=4eb27f5 StatusBar)/@0x43fa543 - animation-leash of insets_animation#162517 (340)
09-25 13:19:30.106  1914  1914 I Layer   : id=162518 removedFromDrawingState Surface(name=d110b4c NavigationBar0)/@0x8bdb781 - animation-leash of insets_animation#162518 (340)
09-25 13:19:30.106  1914  1914 I SurfaceFlinger: [4905f34 com.example.dogglers/androidx.test.core.app.InstrumentationActivityInvoker$EmptyActivity#162522] FrameRatePriority: 1
09-25 13:19:30.108  5639  5639 I ViewRootImpl@c196039[InstrumentationActivityInvoker$EmptyActivity]: onSyncComplete
09-25 13:19:30.108  5639  5639 I ViewRootImpl@c196039[InstrumentationActivityInvoker$EmptyActivity]: setupSync seqId=0 mSyncId=0 fn=1 caller=android.view.ViewRootImpl$$ExternalSyntheticLambda11.accept:6 android.window.SurfaceSyncer.lambda$setupSync$1$android-window-SurfaceSyncer:128 android.window.SurfaceSyncer$$ExternalSyntheticLambda1.accept:8 android.window.SurfaceSyncer$SyncSet.checkIfSyncIsComplete:382 android.window.SurfaceSyncer$SyncSet.markSyncReady:359 android.window.SurfaceSyncer.markSyncReady:151 android.view.ViewRootImpl.performTraversals:4503
09-25 13:19:30.109  5639  5729 D OpenGLRenderer: setSurface called with nullptr
09-25 13:19:30.109  5639  5729 D OpenGLRenderer: setSurface() destroyed EGLSurface
09-25 13:19:30.109  5639  5729 D OpenGLRenderer: destroyEglSurface
09-25 13:19:30.109  5639  5639 I ViewRootImpl@b06633c[HorizontalListActivity]: performTraversals mFirst=false windowShouldResize=false viewVisibilityChanged=true mForceNextWindowRelayout=false params=null
09-25 13:19:30.110  3108  3145 V WindowManager: Relayout Window{50cf4a4 u0 com.example.dogglers/com.example.dogglers.HorizontalListActivity}: viewVisibility=8 req=1440x3088 d0
09-25 13:19:30.110  6586  6586 I SAMSUNGWALLET-USBP: [AlertController] Boarding pass alert is not enabled
09-25 13:19:30.110  6586  6586 I SAMSUNGWALLET-USBP: [AlertController] dismiss alert: NO_ALERT
09-25 13:19:30.111  3108  3145 V WindowManager: Relayout hash=50cf4a4, pid=5639, syncId=-1: mAttrs={(0,0)(fillxfill) sim={adjust=resize forwardNavigation} ty=BASE_APPLICATION wanim=0x1030309
09-25 13:19:30.111  3108  3145 V WindowManager:   fl=81810100
09-25 13:19:30.111  3108  3145 V WindowManager:   pfl=12020040
09-25 13:19:30.111  3108  3145 V WindowManager:   bhv=DEFAULT
09-25 13:19:30.111  3108  3145 V WindowManager:   fitSides= naviIconColor=0}
09-25 13:19:30.112  5639  5639 I ViewRootImpl@b06633c[HorizontalListActivity]: Relayout returned: old=(0,0,1440,3088) new=(0,0,1440,3088) req=(1440,3088)8 dur=3 res=0x2 s={false 0x0} ch=true seqId=0
09-25 13:19:30.113  5639  5639 I ViewRootImpl@c196039[InstrumentationActivityInvoker$EmptyActivity]: reportDrawFinished seqId=0 mSyncId=-1 fn=1 mSurfaceChangedTransaction=0xb40000772b2f9700
09-25 13:19:30.113  5639  5639 I ViewRootImpl@3543464[InstrumentationActivityInvoker$EmptyActivity]: MSG_WINDOW_FOCUS_CHANGED 0 0
09-25 13:19:30.115  3108  3231 I SemDvfsHyPerManager: acquire hyper - AMS_RESUME_TAIL/3108@20, type = -999
09-25 13:19:30.115  3108  3231 I SemDvfsHyPerManager: acquire hyper - AMS_ACT_LAZY/3108@21, type = -999
09-25 13:19:30.115  3108  3227 I ActivityTaskManager: Displayed com.example.dogglers/androidx.test.core.app.InstrumentationActivityInvoker$EmptyActivity: +69ms
09-25 13:19:30.116  3108  6472 D InputDispatcher: Focus request (0): 4905f34 com.example.dogglers/androidx.test.core.app.InstrumentationActivityInvoker$EmptyActivity but waiting because NO_WINDOW
09-25 13:19:30.116  1809  1855 I HYPER-HAL: [RequestManager.cpp]acquire(): Acquired ID : 4893776  [3108 / 20]    HINT : AMS_RESUME_TAIL    list :
09-25 13:19:30.116  5759  5759 E pageboostd: Received HALT command code 2
09-25 13:19:30.116  1809  1855 I HYPER-HAL: [RequestManager.cpp]acquire(): Acquired ID : 4896906  [3108 / 21]    HINT : AMS_ACT_LAZY    list :
09-25 13:19:30.117  1914  2139 I SurfaceFlinger: id=162518 Removed Surface(name=d110b4c NavigationBar0)/@0x8bdb781 - animation-leash of insets_animation#162518 (340)
09-25 13:19:30.117  1914  4196 I SurfaceFlinger: id=162517 Removed Surface(name=4eb27f5 StatusBar)/@0x43fa543 - animation-leash of insets_animation#162517 (340)
09-25 13:19:30.117  5639  5639 I ViewRootImpl@3543464[InstrumentationActivityInvoker$EmptyActivity]: handleAppVisibility mAppVisible = true visible = false
09-25 13:19:30.118  1809  1855 I HYPER-HAL: [RequestManager.cpp]releaseLocked(): Released ID : 4887519
09-25 13:19:30.119  5369  5369 I ViewRootImpl@7533534[LauncherActivity]: stopped(true) old = false
09-25 13:19:30.119  5369  5369 I ViewRootImpl@7533534[LauncherActivity]: WindowStopped on com.sec.android.app.launcher/com.sec.android.app.launcher.activities.LauncherActivity set to true
09-25 13:19:30.120  5369  5369 I Launcher: !@Boot_DEBUG: Launcher.onStop()
09-25 13:19:30.120  5369  5369 I Launcher: !@Boot_EBS_D: Launcher.onStop()
09-25 13:19:30.120  5369  5369 I BaseActivity: removeActivityFlags, flags : 17
09-25 13:19:30.120  5369  5369 I WallpaperBlurController: dispatchTransactionSurface: mCurrentBlur = 150
09-25 13:19:30.120  5369  5741 I IMM_LC  : hsifw() - flag : 0
09-25 13:19:30.121  5369  5741 I IMM_LC  : hsifw() - mService.hideSoftInput
09-25 13:19:30.121  5369  5369 W LauncherAppWidgetHost: setShouldListenFlag, mFlags:7 flag:start on:false isFront:false
09-25 13:19:30.121  3108  6456 I AppWidgetServiceImpl: stopListening callbacks : null
09-25 13:19:30.121  5369  5369 W LauncherAppWidgetHost: stopListening, mFlags:2 isFront:false
09-25 13:19:30.121  5369  5369 W Launcher.NotificationListener: removeNotificationsChangedListener
09-25 13:19:30.121  5369  5369 I Launcher.NotificationListener: unregisterObserver, this is not notificationService!!
09-25 13:19:30.121  5369  5369 I BadgeCountUpdaterImpl: onNotificationsChangedDisConnected
09-25 13:19:30.122  1914  1914 I Layer   : Layer [com.example.dogglers/androidx.test.core.app.InstrumentationActivityInvoker$EmptyActivity$_5639#162523] hidden!! flag(0)
09-25 13:19:30.122  1914  1914 I Layer   : Layer [com.example.dogglers/androidx.test.core.app.InstrumentationActivityInvoker$EmptyActivity$_5639#162516] hidden!! flag(1)
09-25 13:19:30.123  1914  1914 I Layer   : id=162517 Destroyed Surface(name=4eb27f5 StatusBar)/@0x43fa543 - animation-leash of insets_animation#162517
09-25 13:19:30.123  1914  1914 I Layer   : id=162518 Destroyed Surface(name=d110b4c NavigationBar0)/@0x8bdb781 - animation-leash of insets_animation#162518
09-25 13:19:30.123  5639  5729 D OpenGLRenderer: setSurface called with nullptr
09-25 13:19:30.123  5639  5729 D OpenGLRenderer: setSurface() destroyed EGLSurface
09-25 13:19:30.123  5639  5729 D OpenGLRenderer: destroyEglSurface
09-25 13:19:30.123  5639  5639 I ViewRootImpl@3543464[InstrumentationActivityInvoker$EmptyActivity]: performTraversals mFirst=false windowShouldResize=false viewVisibilityChanged=true mForceNextWindowRelayout=false params=null
09-25 13:19:30.123  3108  6456 V WindowManager: Relayout Window{72c731a u0 com.example.dogglers/androidx.test.core.app.InstrumentationActivityInvoker$EmptyActivity}: viewVisibility=8 req=1440x3088 d0
09-25 13:19:30.124  5369  5752 I LiveIconUpdateEventHandler: cancelDateChangeAlarm
09-25 13:19:30.124  3108  4606 D InputDispatcher: Focus entered window (0): 4905f34 com.example.dogglers/androidx.test.core.app.InstrumentationActivityInvoker$EmptyActivity
09-25 13:19:30.125  5369  5752 I LiveIconUpdateEventHandler: cancelMinuteChangeAlarm
09-25 13:19:30.125  3108  6456 V WindowManager: Relayout hash=72c731a, pid=5639, syncId=-1: mAttrs={(0,0)(fillxfill) sim={adjust=pan forwardNavigation} ty=BASE_APPLICATION wanim=0x1030001
09-25 13:19:30.125  3108  6456 V WindowManager:   fl=1810100
09-25 13:19:30.125  3108  6456 V WindowManager:   pfl=12020040
09-25 13:19:30.125  3108  6456 V WindowManager:   bhv=DEFAULT
09-25 13:19:30.125  3108  6456 V WindowManager:   fitSides= naviIconColor=0}
09-25 13:19:30.125  5369  5369 I MSHandlerLifeCycle: removeMultiSplitHandler: no exist. decor=DecorView@ac62e93[LauncherActivity]
09-25 13:19:30.125  1914  1914 D SurfaceFlinger: Display 4630947093241269891 HWC layers:
09-25 13:19:30.125  1914  1914 D SurfaceFlinger:      DEVICE | 0xb400007af86f9600 | 0102 | RGBA_8888    |    0.0    0.0 1440.0 3088.0 |    0    0 1440 3088 | com.example.dogglers/androidx.test.c[...]tyInvoker$EmptyActivity$_5639#162523
09-25 13:19:30.125  1914  1914 D SurfaceFlinger:      DEVICE | 0xb400007af6c14880 | 0100 | RGBA_8888    |    0.0    0.0 1440.0  100.0 |    0    0 1440  100 | StatusBar$_4768#95
09-25 13:19:30.125  1914  1914 D SurfaceFlinger:      DEVICE | 0xb400007af8705400 | 0100 | RGBA_8888    |    0.0    0.0   67.0  589.0 |    0  562   67 1151 | com.samsung.android.app.cocktailbars[...]vice.CocktailBarService$_8423#156853
09-25 13:19:30.125  1914  1914 D SurfaceFlinger:      DEVICE | 0xb400007af8705500 | 0100 | RGBA_8888    |    0.0    0.0  518.0   48.0 |  922 3040 1440 3088 | SGestureOverlayWindow$_5369#156268
09-25 13:19:30.125  1914  1914 D SurfaceFlinger:      DEVICE | 0xb400007af6c15880 | 0100 | RGBA_8888    |    0.0    0.0 1440.0  168.0 |    0 2920 1440 3088 | NavigationBar0$_4768#92
09-25 13:19:30.125  1914  1914 D SurfaceFlinger:
09-25 13:19:30.126  5639  5639 I ViewRootImpl@3543464[InstrumentationActivityInvoker$EmptyActivity]: Relayout returned: old=(0,0,1440,3088) new=(0,0,1440,3088) req=(1440,3088)8 dur=2 res=0x2 s={false 0x0} ch=true seqId=0
09-25 13:19:30.128  6586 17206 I SAMSUNGWALLET: [Hint_ProcessStatusChange] fg Change, pid : 5369 , isNotify : true , isForeground : false , fg list : []
09-25 13:19:30.128  6586 17206 I SAMSUNGWALLET: [ProcessStatusChange] fg Change, pid : 5369 , isNotify : true , isForeground : false , fg list : []
09-25 13:19:30.128  6586 10126 I SAMSUNGWALLET: [Hint_ProcessStatusChange] fg Change, pid : 5369 , isNotify : true , isForeground : false , fg list : []
09-25 13:19:30.128  6586 10126 I SAMSUNGWALLET: [ProcessStatusChange] fg Change, pid : 5369 , isNotify : true , isForeground : false , fg list : []
09-25 13:19:30.129  3108  4073 D InputDispatcher: Focused application(0): ActivityRecord{d98ff22 u0 com.sec.android.app.launcher/.activities.LauncherActivity} t6591}
09-25 13:19:30.129  6586 25742 I SAMSUNGWALLET: [Hint_ProcessStatusChange] fg Change, pid : 5369 , isNotify : true , isForeground : false , fg list : []
09-25 13:19:30.129  6586 25742 I SAMSUNGWALLET: [ProcessStatusChange] fg Change, pid : 5369 , isNotify : true , isForeground : false , fg list : []
09-25 13:19:30.129  6586  7522 I SAMSUNGWALLET: [ResetData] getSAResetDialogFlag : false
09-25 13:19:30.129  3108  4605 D AS.MultiSoundManager: mForegroundUid = 10141
09-25 13:19:30.131  1914  1914 I Layer   : id=162450 removedFromDrawingState com.sec.android.app.launcher/com.sec.android.app.launcher.activities.LauncherActivity$_21794#162450 (338)
09-25 13:19:30.131  1914  1914 I Layer   : id=162451 removedFromDrawingState com.sec.android.app.launcher/com.sec.android.app.launcher.activities.LauncherActivity$_5369#162451 (338)
09-25 13:19:30.131  1914  1914 I SurfaceFlinger: [4905f34 com.example.dogglers/androidx.test.core.app.InstrumentationActivityInvoker$EmptyActivity#162522] FrameRatePriority: -1
09-25 13:19:30.131  1914  1914 I SurfaceFlinger: id=162451 Removed com.sec.android.app.launcher/com.sec.android.app.launcher.activities.LauncherActivity$_5369#162451 (338)
09-25 13:19:30.131  1914  1914 I SurfaceFlinger: id=162450 Removed com.sec.android.app.launcher/com.sec.android.app.launcher.activities.LauncherActivity$_21794#162450 (338)
09-25 13:19:30.131  1914  1914 I Layer   : id=162451 Destroyed com.sec.android.app.launcher/com.sec.android.app.launcher.activities.LauncherActivity$_5369#162451
09-25 13:19:30.131  1914  1914 I Layer   : id=162450 Destroyed com.sec.android.app.launcher/com.sec.android.app.launcher.activities.LauncherActivity$_21794#162450
09-25 13:19:30.132  5639  5639 I ViewRootImpl@3543464[InstrumentationActivityInvoker$EmptyActivity]: stopped(true) old = false
09-25 13:19:30.132  5639  5639 I ViewRootImpl@3543464[InstrumentationActivityInvoker$EmptyActivity]: WindowStopped on com.example.dogglers/androidx.test.core.app.InstrumentationActivityInvoker$EmptyActivity set to true
09-25 13:19:30.132  5639  5639 D LifecycleMonitor: Lifecycle status change: androidx.test.core.app.InstrumentationActivityInvoker$EmptyActivity@1f8312a in: STOPPED
09-25 13:19:30.133  5639  5639 V ActivityScenario: Activity lifecycle changed event received but ignored because the intent does not match. startActivityIntent=Intent { act=android.intent.action.MAIN cat=[android.intent.category.LAUNCHER] cmp=com.example.dogglers/.HorizontalListActivity }, activity.getIntent()=Intent { act=android.intent.action.MAIN cat=[android.intent.category.LAUNCHER] flg=0x10000000 cmp=com.example.dogglers/androidx.test.core.app.InstrumentationActivityInvoker$EmptyActivity }, activity=androidx.test.core.app.InstrumentationActivityInvoker$EmptyActivity@1f8312a
09-25 13:19:30.133  5639  5639 I MSHandlerLifeCycle: removeMultiSplitHandler: no exist. decor=DecorView@11bc291[InstrumentationActivityInvoker$EmptyActivity]
09-25 13:19:30.133  5639  5639 I ViewRootImpl@b06633c[HorizontalListActivity]: stopped(true) old = false
09-25 13:19:30.133  5639  5639 I ViewRootImpl@b06633c[HorizontalListActivity]: WindowStopped on com.example.dogglers/com.example.dogglers.HorizontalListActivity set to true
09-25 13:19:30.133  5639  5639 D LifecycleMonitor: Lifecycle status change: com.example.dogglers.HorizontalListActivity@b935961 in: STOPPED
09-25 13:19:30.134  5639  5639 V ActivityScenario: Update currentActivityStage to STOPPED, currentActivity=com.example.dogglers.HorizontalListActivity@b935961
09-25 13:19:30.134  5639  5639 I MSHandlerLifeCycle: removeMultiSplitHandler: no exist. decor=DecorView@322ea3f[HorizontalListActivity]
09-25 13:19:30.134  5639  5639 D LifecycleMonitor: Lifecycle status change: com.example.dogglers.HorizontalListActivity@b935961 in: DESTROYED
09-25 13:19:30.134  5639  5639 V ActivityScenario: Update currentActivityStage to DESTROYED, currentActivity=null
09-25 13:19:30.135  5639  5639 I MSHandlerLifeCycle: removeMultiSplitHandler: no exist. decor=DecorView@322ea3f[HorizontalListActivity]
09-25 13:19:30.135  6586  7669 I SAMSUNGWALLET: [ProcessMonitor] App went to background.
09-25 13:19:30.135  5639  5729 D OpenGLRenderer: setSurface called with nullptr
09-25 13:19:30.135  5369  5369 I TopTaskTracker: onTaskMovedToFront : taskId = 6591
09-25 13:19:30.135  5639  5639 I ViewRootImpl@b06633c[HorizontalListActivity]: dispatchDetachedFromWindow
09-25 13:19:30.135  3108  9815 D InputTransport: Input channel destroyed: '50cf4a4', fd=1336
09-25 13:19:30.136  3108  9815 W InputManager-JNI: Input channel object '50cf4a4 com.example.dogglers/com.example.dogglers.HorizontalListActivity (client)' was disposed without first being removed with the input manager!
09-25 13:19:30.136  3108  9815 D InputTransport: Input channel destroyed: '50cf4a4', fd=1358
09-25 13:19:30.136  6586  7522 I SAMSUNGWALLET: [Hint_e] isHomePackageRunning topPkgName = com.sec.android.app.launcher, topClsName = com.android.launcher3.uioverrides.QuickstepLauncher, return true , se : true
09-25 13:19:30.137  6586  6586 I SAMSUNGWALLET: [Hint_PayHintService] Hint Status - already invisible, skip hide : [4000000] - 4000000
09-25 13:19:30.137  6586  7522 I SAMSUNGWALLET: [ResetData] getSAResetDialogFlag : false
09-25 13:19:30.138  5639  5639 D InputTransport: Input channel destroyed: '50cf4a4', fd=92
09-25 13:19:30.138  5639  5639 D LifecycleMonitor: Lifecycle status change: androidx.test.core.app.InstrumentationActivityInvoker$BootstrapActivity@291d344 in: STOPPED
09-25 13:19:30.138  5639  5639 V ActivityScenario: Activity lifecycle changed event received but ignored because the intent does not match. startActivityIntent=Intent { act=android.intent.action.MAIN cat=[android.intent.category.LAUNCHER] cmp=com.example.dogglers/.HorizontalListActivity }, activity.getIntent()=Intent { act=android.intent.action.MAIN cat=[android.intent.category.LAUNCHER] flg=0x10008000 cmp=com.example.dogglers/androidx.test.core.app.InstrumentationActivityInvoker$BootstrapActivity (has extras) }, activity=androidx.test.core.app.InstrumentationActivityInvoker$BootstrapActivity@291d344
09-25 13:19:30.138  5639  5639 D LifecycleMonitor: Lifecycle status change: androidx.test.core.app.InstrumentationActivityInvoker$BootstrapActivity@291d344 in: DESTROYED
09-25 13:19:30.138  5639  5639 V ActivityScenario: Activity lifecycle changed event received but ignored because the intent does not match. startActivityIntent=Intent { act=android.intent.action.MAIN cat=[android.intent.category.LAUNCHER] cmp=com.example.dogglers/.HorizontalListActivity }, activity.getIntent()=Intent { act=android.intent.action.MAIN cat=[android.intent.category.LAUNCHER] flg=0x10008000 cmp=com.example.dogglers/androidx.test.core.app.InstrumentationActivityInvoker$BootstrapActivity (has extras) }, activity=androidx.test.core.app.InstrumentationActivityInvoker$BootstrapActivity@291d344
09-25 13:19:30.139  5639  5639 I ViewRootImpl@c196039[InstrumentationActivityInvoker$EmptyActivity]: MSG_WINDOW_FOCUS_CHANGED 1 0
09-25 13:19:30.139  3108  3230 D PersonaActivityHelper: Activity not in resumed state, do not run immediate lock
09-25 13:19:30.139  5639  5639 I ViewRootImpl@c196039[InstrumentationActivityInvoker$EmptyActivity]: mThreadedRenderer.initializeIfNeeded()#2 mSurface={isValid=true 0xb4000076ebb66000}
09-25 13:19:30.139  8130 22447 I [AirCmd]_ActivitySwitchDetector: onTaskFocusChanged : taskId 6591
09-25 13:19:30.139  5639  5639 D InputMethodManager: startInputInner - Id : 0
09-25 13:19:30.139  5639  5639 I InputMethodManager: startInputInner - mService.startInputOrWindowGainedFocus
09-25 13:19:30.139  1914  1914 I Layer   : id=162508 removedFromDrawingState com.example.dogglers/com.example.dogglers.HorizontalListActivity$_5639#162508 (336)
09-25 13:19:30.139  1914  1914 I Layer   : id=162507 removedFromDrawingState 50cf4a4 com.example.dogglers/com.example.dogglers.HorizontalListActivity#162507 (336)
09-25 13:19:30.139  1914  1914 I SurfaceFlinger: id=162508 Removed com.example.dogglers/com.example.dogglers.HorizontalListActivity$_5639#162508 (336)
09-25 13:19:30.139  1914  1914 I SurfaceFlinger: id=162507 Removed 50cf4a4 com.example.dogglers/com.example.dogglers.HorizontalListActivity#162507 (336)
09-25 13:19:30.139  1914  1914 I Layer   : id=162507 Destroyed 50cf4a4 com.example.dogglers/com.example.dogglers.HorizontalListActivity#162507
09-25 13:19:30.139  1914  1914 I Layer   : id=162508 Destroyed com.example.dogglers/com.example.dogglers.HorizontalListActivity$_5639#162508
09-25 13:19:30.140  1914  2139 I SurfaceFlinger: id=162506 Removed f20a287 ActivityRecordInputSink com.example.dogglers/.HorizontalListActivity#162506 (334)
09-25 13:19:30.141  3108  4606 D InputMethodManagerService: DESKTOP MODE! : 2
09-25 13:19:30.141  3108  4606 D InputMethodManagerService: NOT IN KNOX DESKTOP MODE!
09-25 13:19:30.141  3108  4606 V InputMethodManagerService: getDisplayIdOfInputMethodWindowToBeAdded: displayId=0
09-25 13:19:30.141  3108  4606 D InputMethodManagerService: isImeSwitcherDisabledPackage : false
09-25 13:19:30.141  3108  6266 D InputDispatcher: Focus request (0): <null> but waiting because NOT_FOCUSABLE
09-25 13:19:30.141  3108  6266 D InputDispatcher: Focus left window (0): 4905f34 com.example.dogglers/androidx.test.core.app.InstrumentationActivityInvoker$EmptyActivity
09-25 13:19:30.141  1914  2139 I SurfaceFlinger: id=162505 Removed ce0443 ActivityRecordInputSink com.example.dogglers/androidx.test.core.app.InstrumentationActivityInvoker$BootstrapActivity#162505 (334)
09-25 13:19:30.146  3108  4606 D InputMethodManagerService: checkDisplayOfStartInputAndUpdateKeyboard: displayId=0, mFocusedDisplayId=0
09-25 13:19:30.146  3108  4606 D InputTransport: Input channel constructed: 'ClientS', fd=1259
09-25 13:19:30.146  3108  4606 D InputTransport: Input channel destroyed: 'ClientS', fd=1259
09-25 13:19:30.147   586   586 I GoogleInputMethodService: GoogleInputMethodService.onFinishInput():3267
09-25 13:19:30.147  5639  5639 D LifecycleMonitor: Lifecycle status change: androidx.test.core.app.InstrumentationActivityInvoker$EmptyActivity@1f8312a in: DESTROYED
09-25 13:19:30.147  5639  5639 V ActivityScenario: Activity lifecycle changed event received but ignored because the intent does not match. startActivityIntent=Intent { act=android.intent.action.MAIN cat=[android.intent.category.LAUNCHER] cmp=com.example.dogglers/.HorizontalListActivity }, activity.getIntent()=Intent { act=android.intent.action.MAIN cat=[android.intent.category.LAUNCHER] flg=0x10000000 cmp=com.example.dogglers/androidx.test.core.app.InstrumentationActivityInvoker$EmptyActivity }, activity=androidx.test.core.app.InstrumentationActivityInvoker$EmptyActivity@1f8312a
09-25 13:19:30.147  1914  1914 I Layer   : id=162502 removedFromDrawingState ActivityRecord{dd485b4 u0 com.example.dogglers/.HorizontalListActivity} t7119}#162502 (334)
09-25 13:19:30.147  5639  5639 I MSHandlerLifeCycle: removeMultiSplitHandler: no exist. decor=DecorView@11bc291[InstrumentationActivityInvoker$EmptyActivity]
09-25 13:19:30.147  1914  1914 I Layer   : id=162506 removedFromDrawingState f20a287 ActivityRecordInputSink com.example.dogglers/.HorizontalListActivity#162506 (334)
09-25 13:19:30.147  1914  1914 I Layer   : id=162499 removedFromDrawingState ActivityRecord{bd66ac0 u0 com.example.dogglers/androidx.test.core.app.InstrumentationActivityInvoker$BootstrapActivity} t7119}#162499 (334)
09-25 13:19:30.147  1914  1914 I Layer   : id=162505 removedFromDrawingState ce0443 ActivityRecordInputSink com.example.dogglers/androidx.test.core.app.InstrumentationActivityInvoker$BootstrapActivity#162505 (334)
09-25 13:19:30.147  1914  1914 I SurfaceFlinger: id=162502 Removed ActivityRecord{dd485b4 u0 com.example.dogglers/.HorizontalListActivity} t7119}#162502 (334)
09-25 13:19:30.147  1914  1914 I SurfaceFlinger: id=162499 Removed ActivityRecord{bd66ac0 u0 com.example.dogglers/androidx.test.core.app.InstrumentationActivityInvoker$BootstrapActivity} t7119}#162499 (334)
09-25 13:19:30.147  1914  4196 I SurfaceFlinger: id=162526 createSurf, flag=24004, Surface(name=6a358c3 InputMethod)/@0x1a6cc79 - animation-leash of insets_animation#162526
09-25 13:19:30.147  1914  1914 I Layer   : id=162499 Destroyed ActivityRecord{bd66ac0 u0 com.example.dogglers/androidx.test.core.app.InstrumentationActivityInvoker$BootstrapActivity} t7119}#162499
09-25 13:19:30.147  1914  1914 I Layer   : id=162505 Destroyed ce0443 ActivityRecordInputSink com.example.dogglers/androidx.test.core.app.InstrumentationActivityInvoker$BootstrapActivity#162505
09-25 13:19:30.148  1914  1914 I Layer   : id=162502 Destroyed ActivityRecord{dd485b4 u0 com.example.dogglers/.HorizontalListActivity} t7119}#162502
