09-25 13:19:32.071  5639  5703 I TestRunner: started: vertical_scrolling(com.example.dogglers.VerticalListTests)
09-25 13:19:32.072  1914  4196 I SurfaceFlinger: id=162582 Removed adb982c ActivityRecordInputSink com.example.dogglers/androidx.test.core.app.InstrumentationActivityInvoker$BootstrapActivity#162582 (329)
09-25 13:19:32.072  1914  4196 I SurfaceFlinger: id=162610 createSurf, flag=24004, Task=7121#162610
09-25 13:19:32.072  1914  1914 I Layer   : id=162590 removedFromDrawingState ActivityRecord{d5f6da2 u0 com.example.dogglers/androidx.test.core.app.InstrumentationActivityInvoker$EmptyActivity} t7121}#162590 (330)
09-25 13:19:32.072  1914  1914 I Layer   : id=162591 removedFromDrawingState 2d39d6d ActivityRecordInputSink com.example.dogglers/androidx.test.core.app.InstrumentationActivityInvoker$EmptyActivity#162591 (330)
09-25 13:19:32.073  1914  1914 I Layer   : id=162585 removedFromDrawingState com.example.dogglers/com.example.dogglers.VerticalListActivity$_5639#162585 (330)
09-25 13:19:32.073  1914  1914 I Layer   : id=162584 removedFromDrawingState 752e3c1 com.example.dogglers/com.example.dogglers.VerticalListActivity#162584 (330)
09-25 13:19:32.073  1914  1914 I SurfaceFlinger: id=162585 Removed com.example.dogglers/com.example.dogglers.VerticalListActivity$_5639#162585 (330)
09-25 13:19:32.073  1914  1914 I SurfaceFlinger: id=162584 Removed 752e3c1 com.example.dogglers/com.example.dogglers.VerticalListActivity#162584 (330)
09-25 13:19:32.073  1914  1914 I SurfaceFlinger: id=162590 Removed ActivityRecord{d5f6da2 u0 com.example.dogglers/androidx.test.core.app.InstrumentationActivityInvoker$EmptyActivity} t7121}#162590 (330)
09-25 13:19:32.073  1914  1914 I Layer   : id=162584 Destroyed 752e3c1 com.example.dogglers/com.example.dogglers.VerticalListActivity#162584
09-25 13:19:32.073  1914  1914 I Layer   : id=162585 Destroyed com.example.dogglers/com.example.dogglers.VerticalListActivity$_5639#162585
09-25 13:19:32.073  1914  1914 I Layer   : id=162590 Destroyed ActivityRecord{d5f6da2 u0 com.example.dogglers/androidx.test.core.app.InstrumentationActivityInvoker$EmptyActivity} t7121}#162590
09-25 13:19:32.073  1914  1914 I Layer   : id=162591 Destroyed 2d39d6d ActivityRecordInputSink com.example.dogglers/androidx.test.core.app.InstrumentationActivityInvoker$EmptyActivity#162591
09-25 13:19:32.074  3108 29076 D RemoteAppTaskWatcher:  ****** RemoteAppTaskWatcher: Message Received 3 Task ID = 7121
09-25 13:19:32.074  3108 29076 D RemoteAppTaskWatcher:  ****** RemoteAppTaskWatcher: Message Received 3 Task ID = 7121
09-25 13:19:32.075  5639  5703 W Settings: Setting always_finish_activities has moved from android.provider.Settings.System to android.provider.Settings.Global, returning read-only value.
09-25 13:19:32.078  5369  5369 I RecentsView: onTaskRemoved() taskId : 7121
09-25 13:19:32.078  5369  5369 I TopTaskTracker: onTaskRemoved : taskId = 7121
09-25 13:19:32.078  5369  5369 I RecentsView: onTaskRemoved() taskId : 7121
09-25 13:19:32.078  5369  5369 I TopTaskTracker: onTaskRemoved : taskId = 7121
09-25 13:19:32.080  3108  3230 I ChimeraSystemEventListener: appLaunchIntent package name is: com.example.dogglers
09-25 13:19:32.081  1914  1914 I Layer   : id=162579 removedFromDrawingState ActivityRecord{ed1c7de u0 com.example.dogglers/.VerticalListActivity} t7121}#162579 (326)
09-25 13:19:32.081  1914  1914 I Layer   : id=162583 removedFromDrawingState f003a60 ActivityRecordInputSink com.example.dogglers/.VerticalListActivity#162583 (326)
09-25 13:19:32.081  1914  1914 I Layer   : id=162576 removedFromDrawingState ActivityRecord{5e562f5 u0 com.example.dogglers/androidx.test.core.app.InstrumentationActivityInvoker$BootstrapActivity} t7121}#162576 (326)
09-25 13:19:32.081  1914  1914 I Layer   : id=162582 removedFromDrawingState adb982c ActivityRecordInputSink com.example.dogglers/androidx.test.core.app.InstrumentationActivityInvoker$BootstrapActivity#162582 (326)
09-25 13:19:32.081  1914  1914 I Layer   : id=162575 removedFromDrawingState Task=7121#162575 (326)
09-25 13:19:32.081  1914  1914 I Layer   : id=162610 removedFromDrawingState Task=7121#162610 (326)
09-25 13:19:32.081  1914  1914 I SurfaceFlinger: id=162579 Removed ActivityRecord{ed1c7de u0 com.example.dogglers/.VerticalListActivity} t7121}#162579 (326)
09-25 13:19:32.081  1914  1914 I SurfaceFlinger: id=162576 Removed ActivityRecord{5e562f5 u0 com.example.dogglers/androidx.test.core.app.InstrumentationActivityInvoker$BootstrapActivity} t7121}#162576 (326)
09-25 13:19:32.081  1914  1914 I SurfaceFlinger: id=162610 Removed Task=7121#162610 (326)
09-25 13:19:32.081  1914  1914 I Layer   : id=162576 Destroyed ActivityRecord{5e562f5 u0 com.example.dogglers/androidx.test.core.app.InstrumentationActivityInvoker$BootstrapActivity} t7121}#162576
09-25 13:19:32.081  1914  1914 I Layer   : id=162582 Destroyed adb982c ActivityRecordInputSink com.example.dogglers/androidx.test.core.app.InstrumentationActivityInvoker$BootstrapActivity#162582
09-25 13:19:32.081  1914  1914 I Layer   : id=162579 Destroyed ActivityRecord{ed1c7de u0 com.example.dogglers/.VerticalListActivity} t7121}#162579
09-25 13:19:32.081  1914  1914 I Layer   : id=162583 Destroyed f003a60 ActivityRecordInputSink com.example.dogglers/.VerticalListActivity#162583
09-25 13:19:32.081  1914  1914 I Layer   : id=162610 Destroyed Task=7121#162610
09-25 13:19:32.082  3108  5688 I SemDvfsHyPerManager: acquire hyper - AMS_APP_SWITCH/3108@23, type = -999
09-25 13:19:32.082  3108 29076 D RemoteAppTaskWatcher:  ****** RemoteAppTaskWatcher: Message Received 0 Task ID = 7122
09-25 13:19:32.082  1809  1855 I HYPER-HAL: [RequestManager.cpp]acquire(): Acquired ID : 4903169  [3108 / 23]    HINT : AMS_APP_SWITCH    list :
09-25 13:19:32.082  1914  4196 I SurfaceFlinger: id=162611 createSurf, flag=24004, Task=7122#162611
09-25 13:19:32.085  8328  8328 I SemDvfsHyPerManager: acquire hyper - APP_START_SHORT/8328@19, type = -999
09-25 13:19:32.085  1914  4196 I SurfaceFlinger: id=162612 createSurf, flag=80004, ActivityRecord{5f9e7d u0 com.example.dogglers/androidx.test.core.app.InstrumentationActivityInvoker$BootstrapActivity} t7122}#162612
09-25 13:19:32.086  1809  1855 I HYPER-HAL: [RequestManager.cpp]acquire(): Acquired ID : 34840397  [8328 / 19]    HINT : APP_START_LOW_HEAT    list : [TIMEOUT / 1500]
09-25 13:19:32.090  4768  4851 D NativeCustomFrequencyManager: [NativeCFMS] BpCustomFrequencyManager::BpCustomFrequencyManager()
09-25 13:19:32.090  3108  6456 I SemDvfsHyPerManager: acquire hyper - AMS_APP_LAUNCH/3108@19, type = -999
09-25 13:19:32.091  2229  7517 I CameraService: onUidStateChanged: uid=10042, procState is changed. (0 -> 1)
09-25 13:19:32.091  5759  5759 E pageboostd: Received HALT command code 2
09-25 13:19:32.092  1809  1855 I HYPER-HAL: [RequestManager.cpp]acquire(): Acquired ID : 4890647  [3108 / 19]    HINT : AMS_APP_LAUNCH    list :
09-25 13:19:32.092  8328  8328 I SemDvfsHyPerManager: acquire hyper - APP_START/8328@21, type = -999
09-25 13:19:32.092  1809  1855 I HYPER-HAL: [RequestManager.cpp]acquire(): Acquired ID : 34857096  [8328 / 21]    HINT : APP_START_LOW_HEAT    list :
09-25 13:19:32.093  5369  5369 I BaseActivity: removeActivityFlags, flags : 16
09-25 13:19:32.093  3108  6476 D InputTransport: Input channel constructed: 'fcf026c', fd=1249
09-25 13:19:32.093  5369  5369 I BaseActivity: removeActivityFlags, flags : 6
09-25 13:19:32.093  3108  6476 D InputTransport: Input channel constructed: 'fcf026c', fd=1289
09-25 13:19:32.093  5369  5369 I DragController: endDrag
09-25 13:19:32.093  3108  6476 D InputTransport: Input channel constructed: 'fcf026c', fd=1311
09-25 13:19:32.093  5369  5369 W LauncherAppWidgetHost: setShouldListenFlag, mFlags:15 flag:resume on:false isFront:false
09-25 13:19:32.093  5369  5369 I SPayUpdater: updateSpayHandler launcher activity is paused false
09-25 13:19:32.093  1914  3193 I SurfaceFlinger: id=162613 createSurf, flag=80004, fcf026c Splash Screen com.example.dogglers#162613
09-25 13:19:32.093  5369 11129 I WidgetRotationImpl: unsubscribeWidgetFocus 80
09-25 13:19:32.094  5369 11129 I IntelligentPlatformManagerImpl: unsubscribeWidgetFocus() id : 80
09-25 13:19:32.095  3108  6476 D InputTransport: Input channel destroyed: 'fcf026c', fd=1311
09-25 13:19:32.095  3108 29076 D RemoteAppTaskWatcher:  ****** RemoteAppTaskWatcher: Message Received 4 Task ID = 7122
09-25 13:19:32.095  3108 29076 D RemoteAppTaskWatcher:  ****** RemoteAppTaskWatcher: Message Received 0 Task ID = 7122
09-25 13:19:32.095  4768  4843 D InsetsController: onStateChanged: InsetsState: {mDisplayFrame=Rect(0, 0 - 1440, 3088), mDisplayCutout=DisplayCutout{insets=Rect(0, 100 - 0, 0) waterfall=Insets{left=0, top=0, right=0, bottom=0} boundingRect={Bounds=[Rect(0, 0 - 0, 0), Rect(685, 0 - 756, 100), Rect(0, 0 - 0, 0), Rect(0, 0 - 0, 0)]} cutoutPathParserInfo={CutoutPathParserInfo{displayWidth=1440 displayHeight=3088 physicalDisplayWidth=1440 physicalDisplayHeight=3088 density={3.75} cutoutSpec={M 0,0 H -9.466666666666667 V 26.66666666666667‬ H 9.466666666666667 V 0 H 0 Z @dp} rotation={0} scale={1.0} physicalPixelDisplaySizeRatio={1.0}}}}, mRoundedCorners=RoundedCorners{[RoundedCorner{position=TopLeft, radius=14, center=Point(14, 14)}, RoundedCorner{position=TopRight, radius=14, center=Point(1426, 14)}, RoundedCorner{position=BottomRight, radius=14, center=Point(1426, 3074)}, RoundedCorner{position=BottomLeft, radius=14, center=Point(14, 3074)}]}  mRoundedCornerFrame=Rect(0, 0 - 1440, 3088), mPrivacyIndicatorBounds=PrivacyIndicatorBounds {static bounds=Rect(1286, 0 - 1440, 100) rotation=0}, mSources= { InsetsSource: {mType=ITYPE_STATUS_BAR, mFrame=[0,0][1440,100], mVisible=true, mInsetsRoundedCornerFrame=false}, InsetsSource: {mType=ITYPE_NAVIGATION_BAR, mFrame=[0,3088][1440,3088], mVisible=true, mInsetsRoundedCornerFrame=false}, InsetsSource: {mType=ITYPE_LEFT_GESTURES, mFrame=[0,0][0,3088], mVisible=true, mInsetsRoundedCornerFrame=false}, InsetsSource: {mType=ITYPE_RIGHT_GESTURES, mFrame=[1440,0][1440,3088], mVisible=true, mInsetsRoundedCornerFrame=false}, InsetsSource: {mType=ITYPE_TOP_MANDATORY_GESTURES, mFrame=[0,0][1440,142], mVisible=true, mInsetsRoundedCornerFrame=false}, InsetsSource: {mType=ITYPE_BOTTOM_MANDATORY_GESTURES, mFrame=[0,3018][1440,3088], mVisible=true, mInsetsRoundedCornerFrame=false}, InsetsSource: {mType=ITYPE_LEFT_DISPLAY_CUTOUT, mFrame=[0,0][-100000,3088], mVisible=true, mInsetsRoundedCornerFrame=false}, InsetsSource: {mType=ITYPE_TOP_DISPLAY_CUTOUT, mFrame=[0,0][1440,100], mVisible=true, mInsetsRoundedCornerFrame=false}, InsetsSource: {mType=ITYPE_RIGHT_DISPLAY_CUTOUT, mFrame=[100000,0][1440,3088], mVisible=true, mInsetsRoundedCornerFrame=false}, InsetsSource: {mType=ITYPE_BOTTOM_DISPLAY_CUTOUT, mFrame=[0,100000][1440,3088], mVisible=true, mInsetsRoundedCornerFrame=false}, InsetsSource: {mType=ITYPE_TOP_TAPPABLE_ELEMENT, mFrame=[0,0][1440,100], mVisible=true, mInsetsRoundedCornerFrame=false}, InsetsSource: {mType=ITYPE_BOTTOM_TAPPABLE_ELEMENT, mFrame=[0,0][0,0], mVisible=true, mInsetsRoundedCornerFrame=false} } host=Splash Screen com.example.dogglers from=android.view.ViewRootImpl.setView:1732
09-25 13:19:32.098  3108  6472 D InputDispatcher: Focused application(0): ActivityRecord{5f9e7d u0 com.example.dogglers/androidx.test.core.app.InstrumentationActivityInvoker$BootstrapActivity} t7122}
09-25 13:19:32.102  3108 29076 D RemoteAppTaskWatcher:  ****** RemoteAppTaskWatcher: Message Received 5 Task ID = 0
09-25 13:19:32.102  4768  4843 I ViewRootImpl@b78c8f3[dogglers]: setView = android.widget.FrameLayout@4cd014f TM=true
09-25 13:19:32.103  4768  4843 I ViewRootImpl@b78c8f3[dogglers]: performTraversals params={(0,0)(fillxfill) sim={adjust=pan} ty=APPLICATION_STARTING fmt=TRANSLUCENT wanim=0x1030001
09-25 13:19:32.103  4768  4843 I ViewRootImpl@b78c8f3[dogglers]:   fl=81030118
09-25 13:19:32.103  4768  4843 I ViewRootImpl@b78c8f3[dogglers]:   pfl=16000010
09-25 13:19:32.103  4768  4843 I ViewRootImpl@b78c8f3[dogglers]:   bhv=DEFAULT
09-25 13:19:32.103  4768  4843 I ViewRootImpl@b78c8f3[dogglers]:   fitSides= naviIconColor=0}
09-25 13:19:32.103  4768  4843 I ViewRootImpl@b78c8f3[dogglers]: performTraversals mFirst=true windowShouldResize=true viewVisibilityChanged=false mForceNextWindowRelayout=false params={(0,0)(fillxfill) sim={adjust=pan} ty=APPLICATION_STARTING fmt=TRANSLUCENT wanim=0x1030001
09-25 13:19:32.103  4768  4843 I ViewRootImpl@b78c8f3[dogglers]:   fl=81030118
09-25 13:19:32.103  4768  4843 I ViewRootImpl@b78c8f3[dogglers]:   pfl=16000010
09-25 13:19:32.103  4768  4843 I ViewRootImpl@b78c8f3[dogglers]:   bhv=DEFAULT
09-25 13:19:32.103  4768  4843 I ViewRootImpl@b78c8f3[dogglers]:   fitSides= naviIconColor=0}
09-25 13:19:32.104  6586 17206 I SAMSUNGWALLET: [Hint_ProcessStatusChange] fg Change, pid : 5639 , isNotify : false , isForeground : true , fg list : []
09-25 13:19:32.104  6586 17206 I SAMSUNGWALLET: [ProcessStatusChange] fg Change, pid : 5639 , isNotify : false , isForeground : true , fg list : []
09-25 13:19:32.104  5639  5639 D LifecycleMonitor: Lifecycle status change: androidx.test.core.app.InstrumentationActivityInvoker$BootstrapActivity@b36af59 in: PRE_ON_CREATE
09-25 13:19:32.104  3108  4605 D AS.MultiSoundManager: mForegroundUid = 10577
09-25 13:19:32.104  5639  5639 V ActivityScenario: Activity lifecycle changed event received but ignored because the intent does not match. startActivityIntent=Intent { act=android.intent.action.MAIN cat=[android.intent.category.LAUNCHER] cmp=com.example.dogglers/.VerticalListActivity }, activity.getIntent()=Intent { act=android.intent.action.MAIN cat=[android.intent.category.LAUNCHER] flg=0x10008000 cmp=com.example.dogglers/androidx.test.core.app.InstrumentationActivityInvoker$BootstrapActivity (has extras) }, activity=androidx.test.core.app.InstrumentationActivityInvoker$BootstrapActivity@b36af59
09-25 13:19:32.104  3108  4074 V WindowManager: Relayout Window{fcf026c u0 Splash Screen com.example.dogglers}: viewVisibility=0 req=1440x3088 d0
09-25 13:19:32.105  1914  4196 I SurfaceFlinger: id=162614 createSurf, flag=40004, Splash Screen com.example.dogglers$_4768#162614
09-25 13:19:32.105  6586 17206 I SAMSUNGWALLET: [Hint_ProcessStatusChange] fg Change, pid : 5639 , isNotify : false , isForeground : true , fg list : []
09-25 13:19:32.105  6586 17206 I SAMSUNGWALLET: [ProcessStatusChange] fg Change, pid : 5639 , isNotify : false , isForeground : true , fg list : []
09-25 13:19:32.106  1914  1914 I SurfaceFlinger: [c7375dc com.sec.android.app.launcher/com.sec.android.app.launcher.activities.LauncherActivity#176] FrameRatePriority: -1
09-25 13:19:32.108  3108  6472 D InputDispatcher: Focus left window (0): c7375dc com.sec.android.app.launcher/com.sec.android.app.launcher.activities.LauncherActivity
09-25 13:19:32.108  6586 17206 I SAMSUNGWALLET: [Hint_ProcessStatusChange] fg Change, pid : 5639 , isNotify : false , isForeground : true , fg list : []
09-25 13:19:32.108  6586 17206 I SAMSUNGWALLET: [ProcessStatusChange] fg Change, pid : 5639 , isNotify : false , isForeground : true , fg list : []
09-25 13:19:32.109  5369  5369 I ViewRootImpl@7533534[LauncherActivity]: MSG_WINDOW_FOCUS_CHANGED 0 0
09-25 13:19:32.109  5369  5369 I BaseActivity: removeActivityFlags, flags : 8
09-25 13:19:32.110  3108  4074 V WindowManager: Relayout hash=fcf026c, pid=4768, syncId=-1: mAttrs={(0,0)(fillxfill) sim={adjust=pan} ty=APPLICATION_STARTING fmt=TRANSLUCENT wanim=0x1030001
09-25 13:19:32.110  3108  4074 V WindowManager:   fl=81030118
09-25 13:19:32.110  3108  4074 V WindowManager:   pfl=16000010
09-25 13:19:32.110  3108  4074 V WindowManager:   bhv=DEFAULT
09-25 13:19:32.110  3108  4074 V WindowManager:   fitSides= naviIconColor=0}
09-25 13:19:32.111  4768  4843 D InsetsController: onStateChanged: InsetsState: {mDisplayFrame=Rect(0, 0 - 1440, 3088), mDisplayCutout=DisplayCutout{insets=Rect(0, 100 - 0, 0) waterfall=Insets{left=0, top=0, right=0, bottom=0} boundingRect={Bounds=[Rect(0, 0 - 0, 0), Rect(685, 0 - 756, 100), Rect(0, 0 - 0, 0), Rect(0, 0 - 0, 0)]} cutoutPathParserInfo={CutoutPathParserInfo{displayWidth=1440 displayHeight=3088 physicalDisplayWidth=1440 physicalDisplayHeight=3088 density={3.75} cutoutSpec={M 0,0 H -9.466666666666667 V 26.66666666666667‬ H 9.466666666666667 V 0 H 0 Z @dp} rotation={0} scale={1.0} physicalPixelDisplaySizeRatio={1.0}}}}, mRoundedCorners=RoundedCorners{[RoundedCorner{position=TopLeft, radius=14, center=Point(14, 14)}, RoundedCorner{position=TopRight, radius=14, center=Point(1426, 14)}, RoundedCorner{position=BottomRight, radius=14, center=Point(1426, 3074)}, RoundedCorner{position=BottomLeft, radius=14, center=Point(14, 3074)}]}  mRoundedCornerFrame=Rect(0, 0 - 1440, 3088), mPrivacyIndicatorBounds=PrivacyIndicatorBounds {static bounds=Rect(1286, 0 - 1440, 100) rotation=0}, mSources= { InsetsSource: {mType=ITYPE_STATUS_BAR, mFrame=[0,0][1440,100], mVisible=true, mInsetsRoundedCornerFrame=false}, InsetsSource: {mType=ITYPE_NAVIGATION_BAR, mFrame=[0,3088][1440,3088], mVisible=true, mInsetsRoundedCornerFrame=false}, InsetsSource: {mType=ITYPE_LEFT_GESTURES, mFrame=[0,0][0,3088], mVisible=true, mInsetsRoundedCornerFrame=false}, InsetsSource: {mType=ITYPE_RIGHT_GESTURES, mFrame=[1440,0][1440,3088], mVisible=true, mInsetsRoundedCornerFrame=false}, InsetsSource: {mType=ITYPE_TOP_MANDATORY_GESTURES, mFrame=[0,0][1440,142], mVisible=true, mInsetsRoundedCornerFrame=false}, InsetsSource: {mType=ITYPE_BOTTOM_MANDATORY_GESTURES, mFrame=[0,3018][1440,3088], mVisible=true, mInsetsRoundedCornerFrame=false}, InsetsSource: {mType=ITYPE_LEFT_DISPLAY_CUTOUT, mFrame=[0,0][-100000,3088], mVisible=true, mInsetsRoundedCornerFrame=false}, InsetsSource: {mType=ITYPE_TOP_DISPLAY_CUTOUT, mFrame=[0,0][1440,100], mVisible=true, mInsetsRoundedCornerFrame=false}, InsetsSource: {mType=ITYPE_RIGHT_DISPLAY_CUTOUT, mFrame=[100000,0][1440,3088], mVisible=true, mInsetsRoundedCornerFrame=false}, InsetsSource: {mType=ITYPE_BOTTOM_DISPLAY_CUTOUT, mFrame=[0,100000][1440,3088], mVisible=true, mInsetsRoundedCornerFrame=false}, InsetsSource: {mType=ITYPE_TOP_TAPPABLE_ELEMENT, mFrame=[0,0][1440,100], mVisible=true, mInsetsRoundedCornerFrame=false}, InsetsSource: {mType=ITYPE_BOTTOM_TAPPABLE_ELEMENT, mFrame=[0,0][0,0], mVisible=true, mInsetsRoundedCornerFrame=false}, InsetsSource: {mType=ITYPE_IME, mFrame=[0,0][0,0], mVisibleFrame=[0,3088][1440,3088], mVisible=false, mInsetsRoundedCornerFrame=false} } host=Splash Screen com.example.dogglers from=android.view.ViewRootImpl.relayoutWindow:9802
09-25 13:19:32.111  4768  4843 I ViewRootImpl@b78c8f3[dogglers]: updateBlastSurfaceIfNeeded mBlastBufferQueue=null isSameSurfaceControl=false
09-25 13:19:32.112  4768  4843 I BLASTBufferQueue: new BLASTBufferQueue, mName= ViewRootImpl@b78c8f3[dogglers] mNativeObject= 0xb400007705019c80 sc.mNativeObject= 0xb400007721bd13a0 caller= android.view.ViewRootImpl.updateBlastSurfaceIfNeeded:2909 android.view.ViewRootImpl.relayoutWindow:9847 android.view.ViewRootImpl.performTraversals:3884 android.view.ViewRootImpl.doTraversal:3116 android.view.ViewRootImpl$TraversalRunnable.run:10885 android.view.Choreographer$CallbackRecord.run:1301 android.view.Choreographer$CallbackRecord.run:1309 android.view.Choreographer.doCallbacks:923 android.view.Choreographer.doFrame:852 android.view.Choreographer$FrameDisplayEventReceiver.run:1283
09-25 13:19:32.112  4768  4843 I BLASTBufferQueue: update, w= 1440 h= 3088 mName = ViewRootImpl@b78c8f3[dogglers] mNativeObject= 0xb400007705019c80 sc.mNativeObject= 0xb400007721bd13a0 format= -3 caller= android.graphics.BLASTBufferQueue.<init>:84 android.view.ViewRootImpl.updateBlastSurfaceIfNeeded:2909 android.view.ViewRootImpl.relayoutWindow:9847 android.view.ViewRootImpl.performTraversals:3884 android.view.ViewRootImpl.doTraversal:3116 android.view.ViewRootImpl$TraversalRunnable.run:10885
09-25 13:19:32.112  4768  4843 I ViewRootImpl@b78c8f3[dogglers]: Relayout returned: old=(0,0,1440,3088) new=(0,0,1440,3088) req=(1440,3088)0 dur=8 res=0x3 s={true 0xb4000076f4c73800} ch=true seqId=0
09-25 13:19:32.112  4768  4843 I ViewRootImpl@b78c8f3[dogglers]: performConfigurationChange setNightDimText nightDimLevel=0
09-25 13:19:32.112  5639  5639 I DecorView: [INFO] isPopOver=false config=true
09-25 13:19:32.112  4768  4843 I ViewRootImpl@b78c8f3[dogglers]: mThreadedRenderer.initialize() mSurface={isValid=true 0xb4000076f4c73800} hwInitialized=true
09-25 13:19:32.112  5639  5639 I DecorView: updateCaptionType: isFloating=false isApplication=true hasWindowDecorCaption=false this=DecorView@be87dcc[]
09-25 13:19:32.112  5639  5639 D DecorView: setCaptionType = 0, this = DecorView@be87dcc[]
09-25 13:19:32.112  4768  4851 D OpenGLRenderer: eglCreateWindowSurface
09-25 13:19:32.113  5639  5639 I DecorView: getCurrentDensityDpi: from real metrics. densityDpi=560 msg=resources_loaded
09-25 13:19:32.113  5639  5639 I DecorView: setWindowBackground: isPopOver=false color=ff010101 d=android.graphics.drawable.StateListDrawable@19e815
09-25 13:19:32.113  3108  3230 I SemPersonaManager: SecureFolder personaId = 150
09-25 13:19:32.113  5639  5639 D LifecycleMonitor: Lifecycle status change: androidx.test.core.app.InstrumentationActivityInvoker$BootstrapActivity@b36af59 in: CREATED
09-25 13:19:32.113  5639  5639 V ActivityScenario: Activity lifecycle changed event received but ignored because the intent does not match. startActivityIntent=Intent { act=android.intent.action.MAIN cat=[android.intent.category.LAUNCHER] cmp=com.example.dogglers/.VerticalListActivity }, activity.getIntent()=Intent { act=android.intent.action.MAIN cat=[android.intent.category.LAUNCHER] flg=0x10008000 cmp=com.example.dogglers/androidx.test.core.app.InstrumentationActivityInvoker$BootstrapActivity (has extras) }, activity=androidx.test.core.app.InstrumentationActivityInvoker$BootstrapActivity@b36af59
09-25 13:19:32.114  5639  5639 D LifecycleMonitor: Lifecycle status change: androidx.test.core.app.InstrumentationActivityInvoker$BootstrapActivity@b36af59 in: STARTED
09-25 13:19:32.114  5639  5639 V ActivityScenario: Activity lifecycle changed event received but ignored because the intent does not match. startActivityIntent=Intent { act=android.intent.action.MAIN cat=[android.intent.category.LAUNCHER] cmp=com.example.dogglers/.VerticalListActivity }, activity.getIntent()=Intent { act=android.intent.action.MAIN cat=[android.intent.category.LAUNCHER] flg=0x10008000 cmp=com.example.dogglers/androidx.test.core.app.InstrumentationActivityInvoker$BootstrapActivity (has extras) }, activity=androidx.test.core.app.InstrumentationActivityInvoker$BootstrapActivity@b36af59
09-25 13:19:32.115 15715 18710 I WindowsLink: (TaskInfoManager) +++++++++++onRecentTaskStackUpdated
09-25 13:19:32.116  1914  2139 I SurfaceFlinger: id=162615 createSurf, flag=80004, ActivityRecord{f64dee9 u0 com.example.dogglers/.VerticalListActivity} t7122}#162615
09-25 13:19:32.117  5369  5369 I BadgeRenderer: Invalid count : 0
09-25 13:19:32.117  3108  3230 D EnterpriseDeviceManagerService: isMdmAdminPresentInternal() : MDM Admin Found - com.samsung.knox.securefolder
09-25 13:19:32.117  8130 22447 I [AirCmd]_ActivitySwitchDetector: onTaskFocusChanged : taskId 7122
09-25 13:19:32.121  5759  5759 E pageboostd: Received HALT command code 2
09-25 13:19:32.121  5639  5639 D LifecycleMonitor: Lifecycle status change: androidx.test.core.app.InstrumentationActivityInvoker$BootstrapActivity@b36af59 in: RESUMED
09-25 13:19:32.121  5639  5639 V ActivityScenario: Activity lifecycle changed event received but ignored because the intent does not match. startActivityIntent=Intent { act=android.intent.action.MAIN cat=[android.intent.category.LAUNCHER] cmp=com.example.dogglers/.VerticalListActivity }, activity.getIntent()=Intent { act=android.intent.action.MAIN cat=[android.intent.category.LAUNCHER] flg=0x10008000 cmp=com.example.dogglers/androidx.test.core.app.InstrumentationActivityInvoker$BootstrapActivity (has extras) }, activity=androidx.test.core.app.InstrumentationActivityInvoker$BootstrapActivity@b36af59
09-25 13:19:32.121  4768  4843 I ViewRootImpl@b78c8f3[dogglers]: reportNextDraw android.view.ViewRootImpl.performTraversals:4438 android.view.ViewRootImpl.doTraversal:3116 android.view.ViewRootImpl$TraversalRunnable.run:10885 android.view.Choreographer$CallbackRecord.run:1301 android.view.Choreographer$CallbackRecord.run:1309
09-25 13:19:32.121  4768  4843 I ViewRootImpl@b78c8f3[dogglers]: Setup new sync id=0
09-25 13:19:32.121  4768  4843 I ViewRootImpl@b78c8f3[dogglers]: Setting syncFrameCallback
09-25 13:19:32.121  4768  4843 I ViewRootImpl@b78c8f3[dogglers]: registerCallbacksForSync syncBuffer=false
09-25 13:19:32.121  5369  5369 I TopTaskTracker: onTaskMovedToFront : taskId = 7122
09-25 13:19:32.121  4768  4861 I ViewRootImpl@b78c8f3[dogglers]: Received frameDrawingCallback syncResult=0 frameNum=1.
09-25 13:19:32.121  4768  4861 I ViewRootImpl@b78c8f3[dogglers]: Setting up sync and frameCommitCallback
09-25 13:19:32.123  8130 22447 I [AirCmd]_ActivitySwitchDetector: onTaskFocusChanged : componentName - ComponentInfo{com.example.dogglers/androidx.test.core.app.InstrumentationActivityInvoker$BootstrapActivity}
09-25 13:19:32.123  8130 22447 I [AirCmd]_ActivitySwitchDetector: onTaskFocusChanged : mTopMostActivity - ComponentInfo{com.sec.android.app.launcher/com.android.launcher3.uioverrides.QuickstepLauncher}
09-25 13:19:32.123  8130 22447 I [AirCmd]_CallbackRepeater: stopRepeat : isWorking=false
09-25 13:19:32.123  8130 22447 I [AirCmd]_MediaControlStateMonitor: isForegroundAppSupportsMediaButton : mediaSession is empty
09-25 13:19:32.123  5639  5639 D LifecycleMonitor: Lifecycle status change: androidx.test.core.app.InstrumentationActivityInvoker$BootstrapActivity@b36af59 in: PAUSED
09-25 13:19:32.123  5639  5639 V ActivityScenario: Activity lifecycle changed event received but ignored because the intent does not match. startActivityIntent=Intent { act=android.intent.action.MAIN cat=[android.intent.category.LAUNCHER] cmp=com.example.dogglers/.VerticalListActivity }, activity.getIntent()=Intent { act=android.intent.action.MAIN cat=[android.intent.category.LAUNCHER] flg=0x10008000 cmp=com.example.dogglers/androidx.test.core.app.InstrumentationActivityInvoker$BootstrapActivity (has extras) }, activity=androidx.test.core.app.InstrumentationActivityInvoker$BootstrapActivity@b36af59
09-25 13:19:32.124  8130 22447 I [AirCmd]_MediaControlStateMonitor: active Notification List is null
09-25 13:19:32.124  4768  4851 I BLASTBufferQueue: [ViewRootImpl@b78c8f3[dogglers]#3982](f:0,a:0) onFrameAvailable the first frame is available
09-25 13:19:32.124  8130 22447 I [AirCmd]_RemoteSpenMainController: hasGeneralAction : packageName is com.example.dogglers, activityName is androidx.test.core.app.InstrumentationActivityInvoker$BootstrapActivity, hasActions is false
09-25 13:19:32.124  8130 22447 I [AirCmd]_CameraAvailabilityMonitor: isCameraPreviewOn : mIsCameraPreviewOn is false
09-25 13:19:32.124  4768  4851 I ViewRootImpl@b78c8f3[dogglers]: Received frameCommittedCallback lastAttemptedDrawFrameNum=1 didProduceBuffer=true
09-25 13:19:32.124  4768  4851 D OpenGLRenderer: CFMS:: SetUp Pid : 4768    Tid : 4851
09-25 13:19:32.127  3108  9815 D InputDispatcher: Focused application(0): ActivityRecord{f64dee9 u0 com.example.dogglers/.VerticalListActivity} t7122}
09-25 13:19:32.128  4768  4843 I ViewRootImpl@b78c8f3[dogglers]: onSyncComplete
09-25 13:19:32.128  4768  4843 I ViewRootImpl@b78c8f3[dogglers]: setupSync seqId=0 mSyncId=0 fn=1 caller=android.view.ViewRootImpl$$ExternalSyntheticLambda11.accept:6 android.window.SurfaceSyncer.lambda$setupSync$1$android-window-SurfaceSyncer:128 android.window.SurfaceSyncer$$ExternalSyntheticLambda1.accept:8 android.window.SurfaceSyncer$SyncSet.checkIfSyncIsComplete:382 android.window.SurfaceSyncer$SyncSet.markSyncReady:359 android.window.SurfaceSyncer.markSyncReady:151 android.view.ViewRootImpl.performTraversals:4503
09-25 13:19:32.128  4768  4843 I ViewRootImpl@b78c8f3[dogglers]: reportDrawFinished seqId=0 mSyncId=-1 fn=1 mSurfaceChangedTransaction=0xb400007732113a00
09-25 13:19:32.128  3108 29076 D RemoteAppTaskWatcher:  ****** RemoteAppTaskWatcher: Message Received 5 Task ID = 0
09-25 13:19:32.129  8130 22447 I [AirCmd]_CameraAvailabilityMonitor: isCameraPreviewOn : mIsCameraPreviewOn is false
09-25 13:19:32.130  8130 22447 I [AirCmd]_MediaControlStateMonitor: isForegroundAppSupportsMediaButton : mediaSession is empty
09-25 13:19:32.130  8130 22447 I [AirCmd]_MediaControlStateMonitor: active Notification List is null
09-25 13:19:32.130  8130 22447 I [AirCmd]_PenActionRule: getAction : get default action data from remote action because pen action data is null.
09-25 13:19:32.130  8130 22447 I [AirCmd]_ButtonActionDetector: enableDoubleClickDetection: enabled=true, doubleClickWaitInterval=300
09-25 13:19:32.130  8130 22447 I [AirCmd]_RemoteSpenMainController: onSwitch : package is com.example.dogglers   and activity is androidx.test.core.app.InstrumentationActivityInvoker$BootstrapActivity and isBleConnected is false and hasActions is false
09-25 13:19:32.131  8423  8423 I ActivityUtils: HomePackage : com.sec.android.app.launcher, resumePackageName : com.example.dogglers
09-25 13:19:32.132  1914  2139 I SurfaceFlinger: id=162616 createSurf, flag=24000, Surface(name=Task=1)/@0xeddbc98 - animation-leash of app_transition#162616
09-25 13:19:32.134  1914  2139 I SurfaceFlinger: id=162617 createSurf, flag=24004, Surface(name=Task=7122)/@0x8eb381e - animation-leash of app_transition#162617
09-25 13:19:32.136  4768  5800 I ViewRootImpl@b78c8f3[dogglers]: Resizing android.view.ViewRootImpl@3c9d0dc: frame = [0,0][1440,3088] reportDraw = false forceLayout = false syncSeqId = 0
09-25 13:19:32.136  4768  4843 I ViewRootImpl@b78c8f3[dogglers]: handleResized, msg = 4 frames=ClientWindowFrames{frame=[0,0][1440,3088] display=[0,0][1440,3088] parentFrame=[0,0][0,0] parentClippedByDisplayCutout=false} forceNextWindowRelayout=false displayId=0 resizeMode=-1 frameChanged=false displayFrameChanged=false configChanged=false displayChanged=false
09-25 13:19:32.137  1914  2139 I SurfaceFlinger: id=162618 createSurf, flag=80000, 702ecd4 ActivityRecordInputSink com.example.dogglers/androidx.test.core.app.InstrumentationActivityInvoker$BootstrapActivity#162618
09-25 13:19:32.138  1914  2139 I SurfaceFlinger: id=162619 createSurf, flag=80000, c447b70 ActivityRecordInputSink com.example.dogglers/.VerticalListActivity#162619
09-25 13:19:32.140  4768  4838 D Bubbles : onLocusVisibilityChanged: LocusId[17_chars] visible=false
09-25 13:19:32.142  3108  6142 I MediaSessionMonitor: Media session stopped : controllerList empty
09-25 13:19:32.143  5639  5639 D LifecycleMonitor: Lifecycle status change: com.example.dogglers.VerticalListActivity@4c6b182 in: PRE_ON_CREATE
09-25 13:19:32.143  5639  5639 V ActivityScenario: Activity lifecycle changed event received but ignored because the reported transition was not ON_CREATE while the last known transition was PRE_ON_CREATE
09-25 13:19:32.144 15715 18710 I WindowsLink: (TaskInfoManager) +++++++++++onRecentTaskStackUpdated
09-25 13:19:32.146  5639  5639 I DecorView: [INFO] isPopOver=false config=true
09-25 13:19:32.146  5639  5639 I DecorView: updateCaptionType: isFloating=false isApplication=true hasWindowDecorCaption=false this=DecorView@c9531e8[]
09-25 13:19:32.146  5639  5639 D DecorView: setCaptionType = 0, this = DecorView@c9531e8[]
09-25 13:19:32.146  3108  3230 I SemPersonaManager: SecureFolder personaId = 150
09-25 13:19:32.146  5639  5639 I DecorView: getCurrentDensityDpi: from real metrics. densityDpi=560 msg=resources_loaded
09-25 13:19:32.146  5639  5639 I DecorView: setWindowBackground: isPopOver=false color=ff121212 d=android.graphics.drawable.ColorDrawable@1e31ea6
09-25 13:19:32.148  1914  1914 I Layer   : Layer [Splash Screen com.example.dogglers$_4768#162614] hidden!! flag(0)
09-25 13:19:32.149  5639  5639 D LifecycleMonitor: Lifecycle status change: com.example.dogglers.VerticalListActivity@4c6b182 in: CREATED
09-25 13:19:32.149  5639  5639 V ActivityScenario: Update currentActivityStage to CREATED, currentActivity=com.example.dogglers.VerticalListActivity@4c6b182
09-25 13:19:32.150  3108  3230 D EnterpriseDeviceManagerService: isMdmAdminPresentInternal() : MDM Admin Found - com.samsung.knox.securefolder
09-25 13:19:32.150  5639  5639 D LifecycleMonitor: Lifecycle status change: com.example.dogglers.VerticalListActivity@4c6b182 in: STARTED
09-25 13:19:32.150  5639  5639 V ActivityScenario: Update currentActivityStage to STARTED, currentActivity=com.example.dogglers.VerticalListActivity@4c6b182
09-25 13:19:32.150  5639  5639 D LifecycleMonitor: Lifecycle status change: com.example.dogglers.VerticalListActivity@4c6b182 in: RESUMED
09-25 13:19:32.150  5639  5639 V ActivityScenario: Update currentActivityStage to RESUMED, currentActivity=com.example.dogglers.VerticalListActivity@4c6b182
09-25 13:19:32.150  5639  5639 I MSHandlerLifeCycle: check: return. pkg=com.example.dogglers parent=null callers=com.android.internal.policy.DecorView.setVisibility:4412 android.app.ActivityThread.handleResumeActivity:5476 android.app.servertransaction.ResumeActivityItem.execute:54 android.app.servertransaction.ActivityTransactionItem.execute:45 android.app.servertransaction.TransactionExecutor.executeLifecycleState:176
09-25 13:19:32.150  5639  5639 I MSHandlerLifeCycle: removeMultiSplitHandler: no exist. decor=DecorView@c9531e8[]
09-25 13:19:32.151  3108  6142 I MediaSessionMonitor: Media session stopped : controllerList empty
09-25 13:19:32.151  8423  8423 I ActivityUtils: HomePackage : com.sec.android.app.launcher, resumePackageName : com.example.dogglers
09-25 13:19:32.152  5639  5729 D NativeCustomFrequencyManager: [NativeCFMS] BpCustomFrequencyManager::BpCustomFrequencyManager()
09-25 13:19:32.154  3108  9815 D InputTransport: Input channel constructed: '84805c9', fd=1354
09-25 13:19:32.154  3108  9815 D InputTransport: Input channel constructed: '84805c9', fd=1355
09-25 13:19:32.154  3108  9815 D InputTransport: Input channel constructed: '84805c9', fd=1367
09-25 13:19:32.154  1914  2139 I SurfaceFlinger: id=162620 createSurf, flag=80004, 84805c9 com.example.dogglers/com.example.dogglers.VerticalListActivity#162620
09-25 13:19:32.155  3108  9815 D InputTransport: Input channel destroyed: '84805c9', fd=1367
09-25 13:19:32.155  5639  5639 D InsetsController: onStateChanged: InsetsState: {mDisplayFrame=Rect(0, 0 - 1440, 3088), mDisplayCutout=DisplayCutout{insets=Rect(0, 100 - 0, 0) waterfall=Insets{left=0, top=0, right=0, bottom=0} boundingRect={Bounds=[Rect(0, 0 - 0, 0), Rect(685, 0 - 756, 100), Rect(0, 0 - 0, 0), Rect(0, 0 - 0, 0)]} cutoutPathParserInfo={CutoutPathParserInfo{displayWidth=1440 displayHeight=3088 physicalDisplayWidth=1440 physicalDisplayHeight=3088 density={3.75} cutoutSpec={M 0,0 H -9.466666666666667 V 26.66666666666667‬ H 9.466666666666667 V 0 H 0 Z @dp} rotation={0} scale={1.0} physicalPixelDisplaySizeRatio={1.0}}}}, mRoundedCorners=RoundedCorners{[RoundedCorner{position=TopLeft, radius=14, center=Point(14, 14)}, RoundedCorner{position=TopRight, radius=14, center=Point(1426, 14)}, RoundedCorner{position=BottomRight, radius=14, center=Point(1426, 3074)}, RoundedCorner{position=BottomLeft, radius=14, center=Point(14, 3074)}]}  mRoundedCornerFrame=Rect(0, 0 - 1440, 3088), mPrivacyIndicatorBounds=PrivacyIndicatorBounds {static bounds=Rect(1286, 0 - 1440, 100) rotation=0}, mSources= { InsetsSource: {mType=ITYPE_STATUS_BAR, mFrame=[0,0][1440,100], mVisible=true, mInsetsRoundedCornerFrame=false}, InsetsSource: {mType=ITYPE_NAVIGATION_BAR, mFrame=[0,3088][1440,3088], mVisible=true, mInsetsRoundedCornerFrame=false}, InsetsSource: {mType=ITYPE_LEFT_GESTURES, mFrame=[0,0][0,3088], mVisible=true, mInsetsRoundedCornerFrame=false}, InsetsSource: {mType=ITYPE_RIGHT_GESTURES, mFrame=[1440,0][1440,3088], mVisible=true, mInsetsRoundedCornerFrame=false}, InsetsSource: {mType=ITYPE_TOP_MANDATORY_GESTURES, mFrame=[0,0][1440,142], mVisible=true, mInsetsRoundedCornerFrame=false}, InsetsSource: {mType=ITYPE_BOTTOM_MANDATORY_GESTURES, mFrame=[0,3018][1440,3088], mVisible=true, mInsetsRoundedCornerFrame=false}, InsetsSource: {mType=ITYPE_LEFT_DISPLAY_CUTOUT, mFrame=[0,0][-100000,3088], mVisible=true, mInsetsRoundedCornerFrame=false}, InsetsSource: {mType=ITYPE_TOP_DISPLAY_CUTOUT, mFrame=[0,0][1440,100], mVisible=true, mInsetsRoundedCornerFrame=false}, InsetsSource: {mType=ITYPE_RIGHT_DISPLAY_CUTOUT, mFrame=[100000,0][1440,3088], mVisible=true, mInsetsRoundedCornerFrame=false}, InsetsSource: {mType=ITYPE_BOTTOM_DISPLAY_CUTOUT, mFrame=[0,100000][1440,3088], mVisible=true, mInsetsRoundedCornerFrame=false}, InsetsSource: {mType=ITYPE_TOP_TAPPABLE_ELEMENT, mFrame=[0,0][1440,100], mVisible=true, mInsetsRoundedCornerFrame=false}, InsetsSource: {mType=ITYPE_BOTTOM_TAPPABLE_ELEMENT, mFrame=[0,0][0,0], mVisible=true, mInsetsRoundedCornerFrame=false}, InsetsSource: {mType=ITYPE_IME, mFrame=[0,0][0,0], mVisibleFrame=[0,3088][1440,3088], mVisible=false, mInsetsRoundedCornerFrame=false} } host=com.example.dogglers/com.example.dogglers.VerticalListActivity from=android.view.ViewRootImpl.setView:1732
09-25 13:19:32.157  5639  5639 I ViewRootImpl@7bb0b71[VerticalListActivity]: setView = com.android.internal.policy.DecorView@c9531e8 TM=true
09-25 13:19:32.157  5639  5639 I MSHandlerLifeCycle: removeMultiSplitHandler: no exist. decor=DecorView@c9531e8[VerticalListActivity]
09-25 13:19:32.158  3108  3338 D AnalyticsContainerHandler: handleMessage : { when=0 what=1 target=com.android.server.knox.KnoxAnalyticsContainer$AnalyticsHandler }
09-25 13:19:32.158  1914  1914 D SurfaceFlinger: Display 4630947093241269891 HWC layers:
09-25 13:19:32.158  1914  1914 D SurfaceFlinger:      CLIENT | 0xb400007af6c13480 | 0100 | RGBx_8888    |  592.0    0.0 1628.0 2220.0 |    0    0 1440 3088 | Wallpaper BBQ wrapper#90
09-25 13:19:32.158  1914  1914 D SurfaceFlinger:      CLIENT | 0xb400007aeb18b700 | 0100 | RGBA_8888    |    0.0    0.0 1440.0 3088.0 |    0    0 1440 3088 | com.sec.android.app.launcher/com.sec[...]rActivity$_5369#162528 (blurRegions)
09-25 13:19:32.158  1914  1914 D SurfaceFlinger:      DEVICE | 0xb400007af86ec680 | 0100 | RGBA_8888    |    0.0    0.0 1440.0 3088.0 |  104  224 1336 2864 | Splash Screen com.example.dogglers$_4768#162614
09-25 13:19:32.158  1914  1914 D SurfaceFlinger:      DEVICE | 0xb400007af6c14880 | 0100 | RGBA_8888    |    0.0    0.0 1440.0  100.0 |    0    0 1440  100 | StatusBar$_4768#95
09-25 13:19:32.158  1914  1914 D SurfaceFlinger:      DEVICE | 0xb400007af8705400 | 0100 | RGBA_8888    |    0.0    0.0   67.0  589.0 |    0  562   67 1151 | com.samsung.android.app.cocktailbars[...]vice.CocktailBarService$_8423#156853
09-25 13:19:32.158  1914  1914 D SurfaceFlinger:      DEVICE | 0xb400007af8705500 | 0100 | RGBA_8888    |    0.0    0.0  518.0   48.0 |  922 3040 1440 3088 | SGestureOverlayWindow$_5369#156268
09-25 13:19:32.158  1914  1914 D SurfaceFlinger:      DEVICE | 0xb400007af6c15880 | 0100 | RGBA
09-25 13:19:32.158  1914  1914 D SurfaceFlinger: _8888    |    0.0    0.0 1440.0  168.0 |    0 2920 1440 3088 | NavigationBar0$_4768#92
09-25 13:19:32.158  1914  1914 D SurfaceFlinger:
09-25 13:19:32.160  5639  5639 I ViewRootImpl@7bb0b71[VerticalListActivity]: performTraversals params={(0,0)(fillxfill) sim={adjust=resize forwardNavigation} ty=BASE_APPLICATION wanim=0x1030309
09-25 13:19:32.160  5639  5639 I ViewRootImpl@7bb0b71[VerticalListActivity]:   fl=81810100
09-25 13:19:32.160  5639  5639 I ViewRootImpl@7bb0b71[VerticalListActivity]:   pfl=12020040
09-25 13:19:32.160  5639  5639 I ViewRootImpl@7bb0b71[VerticalListActivity]:   bhv=DEFAULT
09-25 13:19:32.160  5639  5639 I ViewRootImpl@7bb0b71[VerticalListActivity]:   fitSides= naviIconColor=0}
09-25 13:19:32.160  5639  5639 I ViewRootImpl@7bb0b71[VerticalListActivity]: performTraversals mFirst=true windowShouldResize=true viewVisibilityChanged=false mForceNextWindowRelayout=false params={(0,0)(fillxfill) sim={adjust=resize forwardNavigation} ty=BASE_APPLICATION wanim=0x1030309
09-25 13:19:32.160  5639  5639 I ViewRootImpl@7bb0b71[VerticalListActivity]:   fl=81810100
09-25 13:19:32.160  5639  5639 I ViewRootImpl@7bb0b71[VerticalListActivity]:   pfl=12020040
09-25 13:19:32.160  5639  5639 I ViewRootImpl@7bb0b71[VerticalListActivity]:   bhv=DEFAULT
09-25 13:19:32.160  5639  5639 I ViewRootImpl@7bb0b71[VerticalListActivity]:   fitSides= naviIconColor=0}
09-25 13:19:32.160  3108  6472 V WindowManager: Relayout Window{84805c9 u0 com.example.dogglers/com.example.dogglers.VerticalListActivity}: viewVisibility=0 req=1440x3088 d0
09-25 13:19:32.160  1914  3193 I SurfaceFlinger: id=162621 createSurf, flag=40004, com.example.dogglers/com.example.dogglers.VerticalListActivity$_5639#162621
09-25 13:19:32.163  1914  3193 I SurfaceFlinger: id=162622 createSurf, flag=24000, Surface(name=4eb27f5 StatusBar)/@0x43fa543 - animation-leash of insets_animation#162622
09-25 13:19:32.164  1914  3193 I SurfaceFlinger: id=162623 createSurf, flag=24000, Surface(name=d110b4c NavigationBar0)/@0x8bdb781 - animation-leash of insets_animation#162623
09-25 13:19:32.165  3108  6472 V WindowManager: Relayout hash=84805c9, pid=5639, syncId=-1: mAttrs={(0,0)(fillxfill) sim={adjust=resize forwardNavigation} ty=BASE_APPLICATION wanim=0x1030309
09-25 13:19:32.165  3108  6472 V WindowManager:   fl=81810100
09-25 13:19:32.165  3108  6472 V WindowManager:   pfl=12020040
09-25 13:19:32.165  3108  6472 V WindowManager:   bhv=DEFAULT
09-25 13:19:32.165  3108  6472 V WindowManager:   fitSides= naviIconColor=0}
09-25 13:19:32.166  5369 18817 I TouchInteractionService: onSystemUiStateChanged, stateFlags : 131120 |a11y_click|a11y_long_click|allow_gesture|
09-25 13:19:32.166  5369  5369 I RecentsAnimationDeviceState: setSystemUiFlags, stateFlags : 131120
09-25 13:19:32.166  5369  5369 W SGestureOverlayWindow: setVisibilityGestureOverlayWindow, visibility = 0
09-25 13:19:32.166  5369  5369 I TouchInteractionService: onSystemUiFlagsChanged, lastSysUIFlags : 48
09-25 13:19:32.166  5639  5639 I ViewRootImpl@7bb0b71[VerticalListActivity]: updateBlastSurfaceIfNeeded mBlastBufferQueue=null isSameSurfaceControl=false
09-25 13:19:32.166  5639  5639 I BLASTBufferQueue: new BLASTBufferQueue, mName= ViewRootImpl@7bb0b71[VerticalListActivity] mNativeObject= 0xb4000077a1043480 sc.mNativeObject= 0xb4000077b109cee0 caller= android.view.ViewRootImpl.updateBlastSurfaceIfNeeded:2909 android.view.ViewRootImpl.relayoutWindow:9847 android.view.ViewRootImpl.performTraversals:3884 android.view.ViewRootImpl.doTraversal:3116 android.view.ViewRootImpl$TraversalRunnable.run:10885 android.view.Choreographer$CallbackRecord.run:1301 android.view.Choreographer$CallbackRecord.run:1309 android.view.Choreographer.doCallbacks:923 android.view.Choreographer.doFrame:852 android.view.Choreographer$FrameDisplayEventReceiver.run:1283
09-25 13:19:32.166  5639  5639 I BLASTBufferQueue: update, w= 1440 h= 3088 mName = ViewRootImpl@7bb0b71[VerticalListActivity] mNativeObject= 0xb4000077a1043480 sc.mNativeObject= 0xb4000077b109cee0 format= -1 caller= android.graphics.BLASTBufferQueue.<init>:84 android.view.ViewRootImpl.updateBlastSurfaceIfNeeded:2909 android.view.ViewRootImpl.relayoutWindow:9847 android.view.ViewRootImpl.performTraversals:3884 android.view.ViewRootImpl.doTraversal:3116 android.view.ViewRootImpl$TraversalRunnable.run:10885
09-25 13:19:32.167  5639  5639 I ViewRootImpl@7bb0b71[VerticalListActivity]: Relayout returned: old=(0,0,1440,3088) new=(0,0,1440,3088) req=(1440,3088)0 dur=6 res=0x3 s={true 0xb40000774e0a3000} ch=true seqId=0
09-25 13:19:32.167  5639  5639 I ViewRootImpl@7bb0b71[VerticalListActivity]: performConfigurationChange setNightDimText nightDimLevel=0
09-25 13:19:32.167  5639  5639 I ViewRootImpl@7bb0b71[VerticalListActivity]: mThreadedRenderer.initialize() mSurface={isValid=true 0xb40000774e0a3000} hwInitialized=true
09-25 13:19:32.167  5639  5729 D OpenGLRenderer: eglCreateWindowSurface
09-25 13:19:32.173  1914  1914 I Layer   : id=162607 removedFromDrawingState Surface(name=4eb27f5 StatusBar)/@0x43fa543 - animation-leash of insets_animation#162607 (334)
09-25 13:19:32.173  1914  1914 I Layer   : id=162608 removedFromDrawingState Surface(name=d110b4c NavigationBar0)/@0x8bdb781 - animation-leash of insets_animation#162608 (334)
09-25 13:19:32.173  1914  1914 I SurfaceFlinger: [84805c9 com.example.dogglers/com.example.dogglers.VerticalListActivity#162620] FrameRatePriority: 1
09-25 13:19:32.173  1914  1914 I SurfaceFlinger: id=162607 Removed Surface(name=4eb27f5 StatusBar)/@0x43fa543 - animation-leash of insets_animation#162607 (334)
09-25 13:19:32.173  1914  1914 I SurfaceFlinger: id=162608 Removed Surface(name=d110b4c NavigationBar0)/@0x8bdb781 - animation-leash of insets_animation#162608 (334)
09-25 13:19:32.173  1914  1914 I Layer   : id=162607 Destroyed Surface(name=4eb27f5 StatusBar)/@0x43fa543 - animation-leash of insets_animation#162607
09-25 13:19:32.173  1914  1914 I Layer   : id=162608 Destroyed Surface(name=d110b4c NavigationBar0)/@0x8bdb781 - animation-leash of insets_animation#162608
09-25 13:19:32.174  3108  4074 D InputDispatcher: Focus request (0): 84805c9 com.example.dogglers/com.example.dogglers.VerticalListActivity but waiting because NO_WINDOW
09-25 13:19:32.176  5639  5639 I ViewRootImpl@7bb0b71[VerticalListActivity]: reportNextDraw android.view.ViewRootImpl.performTraversals:4438 android.view.ViewRootImpl.doTraversal:3116 android.view.ViewRootImpl$TraversalRunnable.run:10885 android.view.Choreographer$CallbackRecord.run:1301 android.view.Choreographer$CallbackRecord.run:1309
09-25 13:19:32.176  5639  5639 I ViewRootImpl@7bb0b71[VerticalListActivity]: Setup new sync id=0
09-25 13:19:32.176  5639  5639 I ViewRootImpl@7bb0b71[VerticalListActivity]: Setting syncFrameCallback
09-25 13:19:32.176  5639  5639 I ViewRootImpl@7bb0b71[VerticalListActivity]: registerCallbacksForSync syncBuffer=false
09-25 13:19:32.179  5639  5772 I ViewRootImpl@7bb0b71[VerticalListActivity]: Received frameDrawingCallback syncResult=0 frameNum=1.
09-25 13:19:32.179  5639  5772 I ViewRootImpl@7bb0b71[VerticalListActivity]: Setting up sync and frameCommitCallback
09-25 13:19:32.180  5639  5729 I BLASTBufferQueue: [ViewRootImpl@7bb0b71[VerticalListActivity]#54](f:0,a:0) onFrameAvailable the first frame is available
09-25 13:19:32.181  5639  5729 I ViewRootImpl@7bb0b71[VerticalListActivity]: Received frameCommittedCallback lastAttemptedDrawFrameNum=1 didProduceBuffer=true
09-25 13:19:32.181  5639  5729 D OpenGLRenderer: CFMS:: SetUp Pid : 5639    Tid : 5729
09-25 13:19:32.185  5639  5639 I ViewRootImpl@7bb0b71[VerticalListActivity]: onSyncComplete
09-25 13:19:32.185  5639  5639 I ViewRootImpl@7bb0b71[VerticalListActivity]: setupSync seqId=0 mSyncId=0 fn=1 caller=android.view.ViewRootImpl$$ExternalSyntheticLambda11.accept:6 android.window.SurfaceSyncer.lambda$setupSync$1$android-window-SurfaceSyncer:128 android.window.SurfaceSyncer$$ExternalSyntheticLambda1.accept:8 android.window.SurfaceSyncer$SyncSet.checkIfSyncIsComplete:382 android.window.SurfaceSyncer$SyncSet.markSyncReady:359 android.window.SurfaceSyncer.markSyncReady:151 android.view.ViewRootImpl.performTraversals:4503
09-25 13:19:32.185  5639  5639 I ViewRootImpl@7bb0b71[VerticalListActivity]: reportDrawFinished seqId=0 mSyncId=-1 fn=1 mSurfaceChangedTransaction=0xb4000077b1dbb300
09-25 13:19:32.188  3108  3227 W ziparchive: Unable to open '/data/app/~~ATcZRD0F-LmHTuxfrkuUPg==/com.example.dogglers-ejGvQ7nyEoA-Sr0nwgcZYw==/base.dm': No such file or directory
09-25 13:19:32.188  5639  5639 D RootViewPicker: Root not ready - waiting: 10ms for one to appear.
09-25 13:19:32.188  3108  3227 I PkgPredictorService-SecIpmManagerServiceImpl: reportToNAP uid:10577 com.example.dogglers/com.example.dogglers.VerticalListActivity thisTime:107
09-25 13:19:32.189  3108  3227 I ActivityTaskManager: Displayed com.example.dogglers/.VerticalListActivity: +107ms
09-25 13:19:32.189  1914  3193 I SurfaceFlinger: id=162624 createSurf, flag=24000, Surface(name=84805c9 com.example.dogglers/com.example.dogglers.VerticalListActivity)/@0xa815de7 - animation-leash of starting_reveal#162624
09-25 13:19:32.189  5759  5759 E pageboostd: Received HALT command code 2
09-25 13:19:32.189  1914  1914 I Layer   : Layer [com.example.dogglers/com.example.dogglers.VerticalListActivity$_5639#162621] hidden!! flag(0)
09-25 13:19:32.192  1914  1914 D SurfaceFlinger: Display 4630947093241269891 HWC layers:
09-25 13:19:32.192  1914  1914 D SurfaceFlinger:      CLIENT | 0xb400007af6c13480 | 0100 | RGBx_8888    |  592.0    0.0 1628.0 2220.0 |    0    0 1440 3088 | Wallpaper BBQ wrapper#90
09-25 13:19:32.192  1914  1914 D SurfaceFlinger:      CLIENT | 0xb400007aeb18b700 | 0100 | RGBA_8888    |    0.0    0.0 1440.0 3088.0 |    0    0 1440 3088 | com.sec.android.app.launcher/com.sec[...]rActivity$_5369#162528 (blurRegions)
09-25 13:19:32.192  1914  1914 D SurfaceFlinger:      DEVICE | 0xb400007af6c14c00 | 0102 | RGBA_8888    |    0.0    0.0 1440.0 3088.0 |   82  176 1358 2912 | com.example.dogglers/com.example.dogglers.VerticalListActivity$_5639#162621
09-25 13:19:32.192  1914  1914 D SurfaceFlinger:      DEVICE | 0xb400007af86ec680 | 0100 | RGBA_8888    |    0.0    0.0 1440.0 3088.0 |   82  176 1358 2912 | Splash Screen com.example.dogglers$_4768#162614
09-25 13:19:32.192  1914  1914 D SurfaceFlinger:      DEVICE | 0xb400007af6c14880 | 0100 | RGBA_8888    |    0.0    0.0 1440.0  100.0 |    0    0 1440  100 | StatusBar$_4768#95
09-25 13:19:32.192  1914  1914 D SurfaceFlinger:      DEVICE | 0xb400007af8705400 | 0100 | RGBA_8888    |    0.0    0.0   67.0  589.0 |    0  562   67 1151 | com.samsung.android.app.cocktailbars[...]vice.CocktailBarService$_8423#156853
09-25 13:19:32.192  1914  1914 D SurfaceFlinger:
