09-25 13:19:22.192  1914  1914 D SurfaceFlinger:      DEVICE | 0xb400007af6c14880 | 0100 | RGBA_8888    |    0.0    0.0 1440.0  100.0 |    0    0 1440  100 | StatusBar$_4768#95
09-25 13:19:22.192  1914  1914 D SurfaceFlinger:      DEVICE | 0xb400007af8705400 | 0100 | RGBA_8888    |    0.0    0.0   67.0  589.0 |    0  562   67 1151 | com.samsung.android.app.cocktailbars[...]vice.CocktailBarService$_8423#156853
09-25 13:19:22.192  1914  1914 D SurfaceFlinger:      DEVICE | 0xb400007af8705500 | 0100 | RGBA_8888    |    0.0    0.0  518.0   48.0 |  922 3040 1440 3088 | SGestureOverlayWindow$_5369#156268
09-25 13:19:22.192  1914  1914 D SurfaceFlinger:      DEVICE | 0xb400007af6c15880 | 0100 | RGBA_8888    |    0.0    0.0 1440.0  168.0 |    0 2920 1440 3088 | NavigationBar0$_4768#92
09-25 13:19:22.192  1914  1914 D SurfaceFlinger:
09-25 13:19:22.198  5369  5583 I ViewRootImpl@7533534[LauncherActivity]: mWNT: t=0xb40000774c7b6400 mBlastBufferQueue=0xb400007720986880 fn= 91 caller= com.android.systemui.shared.launcher.ViewRootImplCompat.mergeWithNextTransaction:2 com.android.quickstep.util.SurfaceTransactionApplier.lambda$scheduleApply$0:2 com.android.quickstep.util.SurfaceTransactionApplier.b:0
09-25 13:19:22.206  5369  5584 I ViewRootImpl@7533534[LauncherActivity]: mWNT: t=0xb40000774c7d8400 mBlastBufferQueue=0xb400007720986880 fn= 92 caller= com.android.systemui.shared.launcher.ViewRootImplCompat.mergeWithNextTransaction:2 com.android.quickstep.util.SurfaceTransactionApplier.lambda$scheduleApply$0:2 com.android.quickstep.util.SurfaceTransactionApplier.b:0
09-25 13:19:22.215  5369  5583 I ViewRootImpl@7533534[LauncherActivity]: mWNT: t=0xb40000774c7d8b00 mBlastBufferQueue=0xb400007720986880 fn= 93 caller= com.android.systemui.shared.launcher.ViewRootImplCompat.mergeWithNextTransaction:2 com.android.quickstep.util.SurfaceTransactionApplier.lambda$scheduleApply$0:2 com.android.quickstep.util.SurfaceTransactionApplier.b:0
09-25 13:19:22.223  5369  5584 I ViewRootImpl@7533534[LauncherActivity]: mWNT: t=0xb40000774c7d8c00 mBlastBufferQueue=0xb400007720986880 fn= 94 caller= com.android.systemui.shared.launcher.ViewRootImplCompat.mergeWithNextTransaction:2 com.android.quickstep.util.SurfaceTransactionApplier.lambda$scheduleApply$0:2 com.android.quickstep.util.SurfaceTransactionApplier.b:0
09-25 13:19:22.230  5369  5369 W AppTransitionAnimatorImpl: onAnimationEnd - APP OUT, Execution time for each frame : Start-(0)-0-(0)-0-(3)-0-(7)-1-(8)-0-(8)-0-(9)-0-(8)-0-(8)-1-(8)-0-(8)-0-(8)-0-(9)-0-(8)-0-(9)-0-(8)-0-(8)-1-(8)-0-(8)-0-(8)-0-(8)-1-(8)-0-(8)-0-(8)-0-(9)-0-(8)-0-(9)-0-(8)-0-(8)-1-(8)-0-(8)-0-(8)-0-(9)-0-(8)-0-(8)-0-(9)-0-(8)-0-(8)-0-(9)-0-(8)-0-(8)-1-(8)-0-(8)-0-(8)-0-(9)-0-(8)-0-(8)-0-End
09-25 13:19:22.230  5369  5369 I AppTransitionAnimatorImpl: resetContentView
09-25 13:19:22.231  5369  5369 I AnimationResult: AnimationResult finish : onAnimationEnd
09-25 13:19:22.231  5369  5369 I AnimationResult: finish : false, null
09-25 13:19:22.232  5369  5583 I ViewRootImpl@7533534[LauncherActivity]: mWNT: t=0xb40000774c7d8d00 mBlastBufferQueue=0xb400007720986880 fn= 95 caller= com.android.systemui.shared.launcher.ViewRootImplCompat.mergeWithNextTransaction:2 com.android.quickstep.util.SurfaceTransactionApplier.lambda$scheduleApply$0:2 com.android.quickstep.util.SurfaceTransactionApplier.b:0
09-25 13:19:22.233  5639  5639 I ViewRootImpl@4217f55[InstrumentationActivityInvoker$EmptyActivity]: handleAppVisibility mAppVisible = true visible = false
09-25 13:19:22.233  5369  5741 I AnimationResult: finish callback : null
09-25 13:19:22.233  5369  5369 W Launcher: onEnterAnimationComplete
09-25 13:19:22.238  1914  1914 I Layer   : id=162125 removedFromDrawingState Splash Screen com.example.dogglers$_4768#162125 (341)
09-25 13:19:22.238  1914  1914 I SurfaceFlinger: [c7375dc com.sec.android.app.launcher/com.sec.android.app.launcher.activities.LauncherActivity#176] FrameRatePriority: 1
09-25 13:19:22.238  1914  1914 I Layer   : Layer [com.example.dogglers/androidx.test.core.app.InstrumentationActivityInvoker$EmptyActivity$_5639#162140] hidden!! flag(1)
09-25 13:19:22.238  1914  1914 I Layer   : id=162151 removedFromDrawingState Surface(name=Task=1)/@0xeddbc98 - animation-leash of app_transition#162151 (341)
09-25 13:19:22.238  1914  1914 I Layer   : id=162124 removedFromDrawingState 7621079 Splash Screen com.example.dogglers#162124 (341)
09-25 13:19:22.238  1914  1914 I Layer   : id=162150 removedFromDrawingState Surface(name=Task=7109)/@0xe9d3f59 - animation-leash of app_transition#162150 (341)
09-25 13:19:22.238  1914  1914 I Layer   : Layer [Splash Screen com.example.dogglers$_4768#162125] hidden!! flag(1)
09-25 13:19:22.238  1914  1914 I Layer   : Layer [com.example.dogglers/com.example.dogglers.MainActivity$_5639#162132] hidden!! flag(1)
09-25 13:19:22.238  1914  1914 I Layer   : Layer [com.example.dogglers/androidx.test.core.app.InstrumentationActivityInvoker$EmptyActivity$_5639#162147] hidden!! flag(1)
09-25 13:19:22.238  1914  1914 I Layer   : id=162152 removedFromDrawingState Surface(name=WallpaperWindowToken{6241e01 token=android.os.Binder@ab19d0b})/@0xf3e0a44 - animation-leash of window_animation#162152 (341)
09-25 13:19:22.238  1914  1914 I SurfaceFlinger: id=162124 Removed 7621079 Splash Screen com.example.dogglers#162124 (341)
09-25 13:19:22.238  1914  1914 I SurfaceFlinger: id=162125 Removed Splash Screen com.example.dogglers$_4768#162125 (341)
09-25 13:19:22.238  1914  1914 I Layer   : id=162124 Destroyed 7621079 Splash Screen com.example.dogglers#162124
09-25 13:19:22.238  1914  1914 I Layer   : id=162125 Destroyed Splash Screen com.example.dogglers$_4768#162125
09-25 13:19:22.241  6586 25742 I SAMSUNGWALLET: [Hint_ProcessStatusChange] fg Change, pid : 5639 , isNotify : true , isForeground : false , fg list : []
09-25 13:19:22.241  6586 10126 I SAMSUNGWALLET: [Hint_ProcessStatusChange] fg Change, pid : 5639 , isNotify : true , isForeground : false , fg list : []
09-25 13:19:22.241  6586 25742 I SAMSUNGWALLET: [ProcessStatusChange] fg Change, pid : 5639 , isNotify : true , isForeground : false , fg list : []
09-25 13:19:22.241  6586 10126 I SAMSUNGWALLET: [ProcessStatusChange] fg Change, pid : 5639 , isNotify : true , isForeground : false , fg list : []
09-25 13:19:22.241  5639  5729 D OpenGLRenderer: setSurface called with nullptr
09-25 13:19:22.241  5639  5729 D OpenGLRenderer: setSurface() destroyed EGLSurface
09-25 13:19:22.241  5639  5729 D OpenGLRenderer: destroyEglSurface
09-25 13:19:22.242  5639  5639 I ViewRootImpl@4217f55[InstrumentationActivityInvoker$EmptyActivity]: performTraversals mFirst=false windowShouldResize=false viewVisibilityChanged=true mForceNextWindowRelayout=false params=null
09-25 13:19:22.242  6586  7522 I SAMSUNGWALLET: [ResetData] getSAResetDialogFlag : false
09-25 13:19:22.244  3108  3145 V WindowManager: Relayout Window{ba1fdf2 u0 com.example.dogglers/androidx.test.core.app.InstrumentationActivityInvoker$EmptyActivity}: viewVisibility=8 req=1440x3088 d0
09-25 13:19:22.245  6586 25742 I SAMSUNGWALLET: [Hint_ProcessStatusChange] fg Change, pid : 5639 , isNotify : true , isForeground : false , fg list : []
09-25 13:19:22.245  6586 25742 I SAMSUNGWALLET: [ProcessStatusChange] fg Change, pid : 5639 , isNotify : true , isForeground : false , fg list : []
09-25 13:19:22.245  3108  3145 V WindowManager: Relayout hash=ba1fdf2, pid=5639, syncId=-1: mAttrs={(0,0)(fillxfill) sim={adjust=pan forwardNavigation} ty=BASE_APPLICATION wanim=0x1030001
09-25 13:19:22.245  3108  3145 V WindowManager:   fl=1810100
09-25 13:19:22.245  3108  3145 V WindowManager:   pfl=12020040
09-25 13:19:22.245  3108  3145 V WindowManager:   bhv=DEFAULT
09-25 13:19:22.245  3108  3145 V WindowManager:   fitSides= naviIconColor=0}
09-25 13:19:22.246  6586  7522 I SAMSUNGWALLET: [Hint_e] isHomePackageRunning topPkgName = com.sec.android.app.launcher, topClsName = com.android.launcher3.uioverrides.QuickstepLauncher, return true , se : true
09-25 13:19:22.248  6586  7669 I SAMSUNGWALLET: [ProcessMonitor] App went to background.
09-25 13:19:22.248  6586  6586 I SAMSUNGWALLET: [Hint_PayHintService] Hint Status - already invisible, skip hide : [4000000] - 4000000
09-25 13:19:22.248  6586  7522 I SAMSUNGWALLET: [ResetData] getSAResetDialogFlag : false
09-25 13:19:22.249  5639  5639 I ViewRootImpl@4217f55[InstrumentationActivityInvoker$EmptyActivity]: Relayout returned: old=(0,0,1440,3088) new=(0,0,1440,3088) req=(1440,3088)8 dur=6 res=0x2 s={false 0x0} ch=true seqId=0
09-25 13:19:22.249  3108  6493 D InputDispatcher: Focus entered window (0): c7375dc com.sec.android.app.launcher/com.sec.android.app.launcher.activities.LauncherActivity
09-25 13:19:22.249  5639  5639 I ViewRootImpl@fbe6aa[MainActivity]: handleAppVisibility mAppVisible = true visible = false
09-25 13:19:22.250  5759  6193 E pageboostd: prefetch start : app comquizletquizletandroid
09-25 13:19:22.250  5369  5369 I ViewRootImpl@7533534[LauncherActivity]: MSG_WINDOW_FOCUS_CHANGED 1 0
09-25 13:19:22.250  5369  5369 I ViewRootImpl@7533534[LauncherActivity]: mThreadedRenderer.initializeIfNeeded()#2 mSurface={isValid=true 0xb4000077206f5000}
09-25 13:19:22.250  5639  5639 I ViewRootImpl@4217f55[InstrumentationActivityInvoker$EmptyActivity]: stopped(true) old = false
09-25 13:19:22.250  5639  5639 I ViewRootImpl@4217f55[InstrumentationActivityInvoker$EmptyActivity]: WindowStopped on com.example.dogglers/androidx.test.core.app.InstrumentationActivityInvoker$EmptyActivity set to true
09-25 13:19:22.250  5369  5369 I BaseActivity: addActivityFlags, flags : 8
09-25 13:19:22.250  6586  7669 I SAMSUNGWALLET: [ProcessMonitor] App went to background.
09-25 13:19:22.250  6586  7522 I SAMSUNGWALLET: [Hint_e] isHomePackageRunning topPkgName = com.sec.android.app.launcher, topClsName = com.android.launcher3.uioverrides.QuickstepLauncher, return true , se : true
09-25 13:19:22.250  6586  6586 I SAMSUNGWALLET: [Hint_PayHintService] Hint Status - already invisible, skip hide : [4000000] - 4000000
09-25 13:19:22.251  6586  7522 I SAMSUNGWALLET: [ResetData] getSAResetDialogFlag : false
09-25 13:19:22.251  6586  7669 I SAMSUNGWALLET: [ProcessMonitor] App went to background.
09-25 13:19:22.253  5369  5369 I InputMethodManager: startInputInner - mService.startInputOrWindowGainedFocus
09-25 13:19:22.253  6586  7522 I SAMSUNGWALLET: [Hint_e] isHomePackageRunning topPkgName = com.sec.android.app.launcher, topClsName = com.android.launcher3.uioverrides.QuickstepLauncher, return true , se : true
09-25 13:19:22.253  3108  8626 D InputMethodManagerService: DESKTOP MODE! : 2
09-25 13:19:22.253  3108  8626 D InputMethodManagerService: NOT IN KNOX DESKTOP MODE!
09-25 13:19:22.253  3108  8626 V InputMethodManagerService: getDisplayIdOfInputMethodWindowToBeAdded: displayId=0
09-25 13:19:22.253  6586  6586 I SAMSUNGWALLET: [Hint_PayHintService] Hint Status - already invisible, skip hide : [4000000] - 4000000
09-25 13:19:22.253  5639  5639 D LifecycleMonitor: Lifecycle status change: androidx.test.core.app.InstrumentationActivityInvoker$EmptyActivity@135a9e3 in: STOPPED
09-25 13:19:22.253  5639  5639 V ActivityScenario: Activity lifecycle changed event received but ignored because the intent does not match. startActivityIntent=Intent { act=android.intent.action.MAIN cat=[android.intent.category.LAUNCHER] cmp=com.example.dogglers/.MainActivity }, activity.getIntent()=Intent { act=android.intent.action.MAIN cat=[android.intent.category.LAUNCHER] flg=0x10000000 cmp=com.example.dogglers/androidx.test.core.app.InstrumentationActivityInvoker$EmptyActivity }, activity=androidx.test.core.app.InstrumentationActivityInvoker$EmptyActivity@135a9e3
09-25 13:19:22.253  3108  8626 D InputMethodManagerService: isImeSwitcherDisabledPackage : false
09-25 13:19:22.254  1914  2140 I SurfaceFlinger: id=162148 Removed Surface(name=4eb27f5 StatusBar)/@0x43fa543 - animation-leash of insets_animation#162148 (339)
09-25 13:19:22.254  1914  2140 I SurfaceFlinger: id=162149 Removed Surface(name=d110b4c NavigationBar0)/@0x8bdb781 - animation-leash of insets_animation#162149 (339)
09-25 13:19:22.254  3108  8626 D InputMethodManagerService: checkDisplayOfStartInputAndUpdateKeyboard: displayId=0, mFocusedDisplayId=0
09-25 13:19:22.254  3108  8626 D InputTransport: Input channel constructed: 'ClientS', fd=1309
09-25 13:19:22.254  3108  8626 D InputTransport: Input channel destroyed: 'ClientS', fd=1309
09-25 13:19:22.254   586   586 I MSHandlerLifeCycle: check: return. pkg=com.google.android.inputmethod.latin isActivity=false callers=com.android.internal.policy.DecorView.setVisibility:4412 android.inputmethodservice.InkWindow.hide:100 android.inputmethodservice.InputMethodService$InputMethodImpl.unbindInput:875 android.inputmethodservice.IInputMethodWrapper.executeMessage:198 com.android.internal.os.HandlerCaller$MyHandler.handleMessage:44
09-25 13:19:22.254   586   586 I MSHandlerLifeCycle: removeMultiSplitHandler: no exist. decor=DecorView@722edec[]
09-25 13:19:22.254  5639  5639 I MSHandlerLifeCycle: removeMultiSplitHandler: no exist. decor=DecorView@e8ef95e[InstrumentationActivityInvoker$EmptyActivity]
09-25 13:19:22.254  5639  5639 D LifecycleMonitor: Lifecycle status change: androidx.test.core.app.InstrumentationActivityInvoker$EmptyActivity@135a9e3 in: DESTROYED
09-25 13:19:22.255   586   586 I GoogleInputMethodService: GoogleInputMethodService.onFinishInput():3267
09-25 13:19:22.255  1914  1914 I Layer   : id=162148 Destroyed Surface(name=4eb27f5 StatusBar)/@0x43fa543 - animation-leash of insets_animation#162148
09-25 13:19:22.255  1914  1914 I Layer   : id=162149 Destroyed Surface(name=d110b4c NavigationBar0)/@0x8bdb781 - animation-leash of insets_animation#162149
09-25 13:19:22.255  1914  2140 I SurfaceFlinger: id=162156 createSurf, flag=24004, Surface(name=6a358c3 InputMethod)/@0x1a6cc79 - animation-leash of insets_animation#162156
09-25 13:19:22.256  5369  5369 I BadgeRenderer: Invalid count : 0
09-25 13:19:22.256  5639  5639 V ActivityScenario: Activity lifecycle changed event received but ignored because the intent does not match. startActivityIntent=Intent { act=android.intent.action.MAIN cat=[android.intent.category.LAUNCHER] cmp=com.example.dogglers/.MainActivity }, activity.getIntent()=Intent { act=android.intent.action.MAIN cat=[android.intent.category.LAUNCHER] flg=0x10000000 cmp=com.example.dogglers/androidx.test.core.app.InstrumentationActivityInvoker$EmptyActivity }, activity=androidx.test.core.app.InstrumentationActivityInvoker$EmptyActivity@135a9e3
09-25 13:19:22.257  5639  5639 I MSHandlerLifeCycle: removeMultiSplitHandler: no exist. decor=DecorView@e8ef95e[InstrumentationActivityInvoker$EmptyActivity]
09-25 13:19:22.257   586   586 I GoogleInputMethodService: GoogleInputMethodService.updateDeviceLockedStatus():2097 repeatCheckTimes = 0, locked = false
09-25 13:19:22.257   586   586 D InputMethodService: checkFocusedDisplay() display Id 0last 0
09-25 13:19:22.258   586   586 I GoogleInputMethodService: GoogleInputMethodService.onStartInput():1889 onStartInput(EditorInfo{EditorInfo{packageName=com.sec.android.app.launcher, inputType=0, inputTypeString=NULL, enableLearning=false, autoCorrection=false, autoComplete=false, imeOptions=0, privateImeOptions=null, actionName=UNSPECIFIED, actionLabel=null, initialSelStart=-1, initialSelEnd=-1, initialCapsMode=0, label=null, fieldId=2131361996, fieldName=null, extras=Bundle[{displayId=0}], hintText=null, hintLocales=[]}}, false)
09-25 13:19:22.258   586   586 I GoogleInputMethodService: GoogleInputMethodService.updateDeviceLockedStatus():2097 repeatCheckTimes = 1, locked = false
09-25 13:19:22.260  5639  5729 D OpenGLRenderer: setSurface called with nullptr
09-25 13:19:22.260  5639  5639 I ViewRootImpl@4217f55[InstrumentationActivityInvoker$EmptyActivity]: dispatchDetachedFromWindow
09-25 13:19:22.260  3108  3145 D InputTransport: Input channel destroyed: 'ba1fdf2', fd=1293
09-25 13:19:22.260  3108  3145 W InputManager-JNI: Input channel object 'ba1fdf2 com.example.dogglers/androidx.test.core.app.InstrumentationActivityInvoker$EmptyActivity (client)' was disposed without first being removed with the input manager!
09-25 13:19:22.260  3108  3145 D InputTransport: Input channel destroyed: 'ba1fdf2', fd=1308
09-25 13:19:22.261  5639  5639 D InputTransport: Input channel destroyed: 'ba1fdf2', fd=159
09-25 13:19:22.261  3108  6493 D InputMethodManagerService: isImeSwitcherDisabledPackage : false
09-25 13:19:22.262   586   586 I InputMethodService: removeImeSurface
09-25 13:19:22.262  5639  5639 I ViewRootImpl@dbf3ab0[InstrumentationActivityInvoker$EmptyActivity]: stopped(true) old = false
09-25 13:19:22.262  5639  5639 I ViewRootImpl@dbf3ab0[InstrumentationActivityInvoker$EmptyActivity]: WindowStopped on com.example.dogglers/androidx.test.core.app.InstrumentationActivityInvoker$EmptyActivity set to true
09-25 13:19:22.262   586   586 I MSHandlerLifeCycle: check: return. pkg=com.google.android.inputmethod.latin isActivity=false callers=com.android.internal.policy.DecorView.setVisibility:4412 android.app.Dialog.hide:767 android.inputmethodservice.InputMethodService.removeImeSurface:1290 android.inputmethodservice.InputMethodService.scheduleImeSurfaceRemoval:1279 android.inputmethodservice.InputMethodService.-$$Nest$mscheduleImeSurfaceRemoval:0
09-25 13:19:22.262  5639  5639 D LifecycleMonitor: Lifecycle status change: androidx.test.core.app.InstrumentationActivityInvoker$EmptyActivity@1034d6 in: STOPPED
09-25 13:19:22.262   586   586 I MSHandlerLifeCycle: removeMultiSplitHandler: no exist. decor=DecorView@3ddf8c7[InputMethod]
09-25 13:19:22.262  5639  5639 V ActivityScenario: Activity lifecycle changed event received but ignored because the intent does not match. startActivityIntent=Intent { act=android.intent.action.MAIN cat=[android.intent.category.LAUNCHER] cmp=com.example.dogglers/.MainActivity }, activity.getIntent()=Intent { act=android.intent.action.MAIN cat=[android.intent.category.LAUNCHER] flg=0x10000000 cmp=com.example.dogglers/androidx.test.core.app.InstrumentationActivityInvoker$EmptyActivity }, activity=androidx.test.core.app.InstrumentationActivityInvoker$EmptyActivity@1034d6
09-25 13:19:22.262  1914  4196 I SurfaceFlinger: id=162144 Removed a76b8db ActivityRecordInputSink com.example.dogglers/androidx.test.core.app.InstrumentationActivityInvoker$EmptyActivity#162144 (338)
09-25 13:19:22.263  5639  5639 I MSHandlerLifeCycle: removeMultiSplitHandler: no exist. decor=DecorView@5c4ab2d[InstrumentationActivityInvoker$EmptyActivity]
09-25 13:19:22.263  1914  1914 I Layer   : id=162145 removedFromDrawingState Surface(name=6a358c3 InputMethod)/@0x1a6cc79 - animation-leash of insets_animation#162145 (338)
09-25 13:19:22.263  1914  1914 I Layer   : id=162147 removedFromDrawingState com.example.dogglers/androidx.test.core.app.InstrumentationActivityInvoker$EmptyActivity$_5639#162147 (338)
09-25 13:19:22.263  1914  1914 I Layer   : id=162146 removedFromDrawingState ba1fdf2 com.example.dogglers/androidx.test.core.app.InstrumentationActivityInvoker$EmptyActivity#162146 (338)
09-25 13:19:22.263  1914  1914 I SurfaceFlinger: id=162147 Removed com.example.dogglers/androidx.test.core.app.InstrumentationActivityInvoker$EmptyActivity$_5639#162147 (338)
09-25 13:19:22.263  1914  1914 I SurfaceFlinger: id=162146 Removed ba1fdf2 com.example.dogglers/androidx.test.core.app.InstrumentationActivityInvoker$EmptyActivity#162146 (338)
09-25 13:19:22.263  5639  5639 D LifecycleMonitor: Lifecycle status change: androidx.test.core.app.InstrumentationActivityInvoker$EmptyActivity@1034d6 in: DESTROYED
09-25 13:19:22.263  5639  5639 V ActivityScenario: Activity lifecycle changed event received but ignored because the intent does not match. startActivityIntent=Intent { act=android.intent.action.MAIN cat=[android.intent.category.LAUNCHER] cmp=com.example.dogglers/.MainActivity }, activity.getIntent()=Intent { act=android.intent.action.MAIN cat=[android.intent.category.LAUNCHER] flg=0x10000000 cmp=com.example.dogglers/androidx.test.core.app.InstrumentationActivityInvoker$EmptyActivity }, activity=androidx.test.core.app.InstrumentationActivityInvoker$EmptyActivity@1034d6
09-25 13:19:22.263  1914  1914 I Layer   : id=162146 Destroyed ba1fdf2 com.example.dogglers/androidx.test.core.app.InstrumentationActivityInvoker$EmptyActivity#162146
09-25 13:19:22.263  1914  1914 I Layer   : id=162147 Destroyed com.example.dogglers/androidx.test.core.app.InstrumentationActivityInvoker$EmptyActivity$_5639#162147
09-25 13:19:22.264  5639  5639 I MSHandlerLifeCycle: removeMultiSplitHandler: no exist. decor=DecorView@5c4ab2d[InstrumentationActivityInvoker$EmptyActivity]
09-25 13:19:22.265  5759  6193 E pageboostd: comquizletquizletandroid, amt 103333888 scnt 353 fcnt 42
09-25 13:19:22.266  5759  6193 E pageboostd: prefetch end : app comquizletquizletandroid data_amount 103333888
09-25 13:19:22.266  5639  5729 D OpenGLRenderer: setSurface called with nullptr
09-25 13:19:22.266  5639  5729 D OpenGLRenderer: setSurface() destroyed EGLSurface
09-25 13:19:22.266  5639  5729 D OpenGLRenderer: destroyEglSurface
09-25 13:19:22.267  5639  5639 I ViewRootImpl@dbf3ab0[InstrumentationActivityInvoker$EmptyActivity]: dispatchDetachedFromWindow
09-25 13:19:22.268  3108  8626 D InputTransport: Input channel destroyed: '20942e1', fd=1285
09-25 13:19:22.268  3108  8626 W InputManager-JNI: Input channel object '20942e1 com.example.dogglers/androidx.test.core.app.InstrumentationActivityInvoker$EmptyActivity (client)' was disposed without first being removed with the input manager!
09-25 13:19:22.268  3108  8626 D InputTransport: Input channel destroyed: '20942e1', fd=1292
09-25 13:19:22.270  5639  5639 D InputTransport: Input channel destroyed: '20942e1', fd=142
09-25 13:19:22.270  1914  4196 I SurfaceFlinger: id=162145 Removed Surface(name=6a358c3 InputMethod)/@0x1a6cc79 - animation-leash of insets_animation#162145 (336)
09-25 13:19:22.271  5639  5639 I ViewRootImpl@fbe6aa[MainActivity]: stopped(true) old = false
09-25 13:19:22.271  5639  5639 I ViewRootImpl@fbe6aa[MainActivity]: WindowStopped on com.example.dogglers/com.example.dogglers.MainActivity set to true
09-25 13:19:22.271  1914  1914 I Layer   : id=162143 removedFromDrawingState ActivityRecord{5419f78 u0 com.example.dogglers/androidx.test.core.app.InstrumentationActivityInvoker$EmptyActivity} t7109}#162143 (336)
09-25 13:19:22.271  1914  1914 I Layer   : id=162144 removedFromDrawingState a76b8db ActivityRecordInputSink com.example.dogglers/androidx.test.core.app.InstrumentationActivityInvoker$EmptyActivity#162144 (336)
09-25 13:19:22.271  1914  1914 I Layer   : id=162140 removedFromDrawingState com.example.dogglers/androidx.test.core.app.InstrumentationActivityInvoker$EmptyActivity$_5639#162140 (336)
09-25 13:19:22.271  1914  1914 I Layer   : id=162139 removedFromDrawingState 20942e1 com.example.dogglers/androidx.test.core.app.InstrumentationActivityInvoker$EmptyActivity#162139 (336)
09-25 13:19:22.271  1914  1914 I SurfaceFlinger: id=162140 Removed com.example.dogglers/androidx.test.core.app.InstrumentationActivityInvoker$EmptyActivity$_5639#162140 (336)
09-25 13:19:22.271  1914  1914 I SurfaceFlinger: id=162139 Removed 20942e1 com.example.dogglers/androidx.test.core.app.InstrumentationActivityInvoker$EmptyActivity#162139 (336)
09-25 13:19:22.271  1914  1914 I SurfaceFlinger: id=162143 Removed ActivityRecord{5419f78 u0 com.example.dogglers/androidx.test.core.app.InstrumentationActivityInvoker$EmptyActivity} t7109}#162143 (336)
09-25 13:19:22.272  1914  1914 I Layer   : id=162145 Destroyed Surface(name=6a358c3 InputMethod)/@0x1a6cc79 - animation-leash of insets_animation#162145
09-25 13:19:22.272  1914  1914 I Layer   : id=162139 Destroyed 20942e1 com.example.dogglers/androidx.test.core.app.InstrumentationActivityInvoker$EmptyActivity#162139
09-25 13:19:22.272  5639  5639 D LifecycleMonitor: Lifecycle status change: com.example.dogglers.MainActivity@d9e8648 in: STOPPED
09-25 13:19:22.272  1914  1914 I Layer   : id=162140 Destroyed com.example.dogglers/androidx.test.core.app.InstrumentationActivityInvoker$EmptyActivity$_5639#162140
09-25 13:19:22.272  1914  1914 I Layer   : id=162143 Destroyed ActivityRecord{5419f78 u0 com.example.dogglers/androidx.test.core.app.InstrumentationActivityInvoker$EmptyActivity} t7109}#162143
09-25 13:19:22.272  1914  1914 I Layer   : id=162144 Destroyed a76b8db ActivityRecordInputSink com.example.dogglers/androidx.test.core.app.InstrumentationActivityInvoker$EmptyActivity#162144
09-25 13:19:22.272  1914  3193 I SurfaceFlinger: id=162138 Removed 43aa22c ActivityRecordInputSink com.example.dogglers/androidx.test.core.app.InstrumentationActivityInvoker$EmptyActivity#162138 (331)
09-25 13:19:22.272  5639  5639 V ActivityScenario: Update currentActivityStage to STOPPED, currentActivity=com.example.dogglers.MainActivity@d9e8648
09-25 13:19:22.275  5639  5639 I MSHandlerLifeCycle: removeMultiSplitHandler: no exist. decor=DecorView@7c73925[MainActivity]
09-25 13:19:22.276  5639  5639 D LifecycleMonitor: Lifecycle status change: com.example.dogglers.MainActivity@d9e8648 in: DESTROYED
09-25 13:19:22.276  5639  5639 V ActivityScenario: Update currentActivityStage to DESTROYED, currentActivity=null
09-25 13:19:22.276  5639  5703 I TestRunner: finished: horizontal_list_button_is_displayed(com.example.dogglers.ButtonTests)
