09-25 13:19:19.773  1914  1914 D SurfaceFlinger:      DEVICE | 0xb400007af6c15880 | 0100 | RGBA_8888    |    0.0    0.0 1440.0  168.0 |    0 2920 1440 3088 | NavigationBar0$_4768#92
09-25 13:19:19.773  1914  1914 D SurfaceFlinger:
09-25 13:19:19.777  5759  5759 E pageboostd: Received HALT command code 2
09-25 13:19:19.778  3108  3230 I ChimeraSystemEventListener: appLaunchIntent package name is: com.example.dogglers
09-25 13:19:19.778  5639  5639 D LifecycleMonitor: Lifecycle status change: androidx.test.core.app.InstrumentationActivityInvoker$BootstrapActivity@e243b8b in: DESTROYED
09-25 13:19:19.778  5639  5639 V ActivityScenario: Activity lifecycle changed event received but ignored because the intent does not match. startActivityIntent=Intent { act=android.intent.action.MAIN cat=[android.intent.category.LAUNCHER] cmp=com.example.dogglers/.MainActivity }, activity.getIntent()=Intent { act=android.intent.action.MAIN cat=[android.intent.category.LAUNCHER] flg=0x10008000 cmp=com.example.dogglers/androidx.test.core.app.InstrumentationActivityInvoker$BootstrapActivity (has extras) }, activity=androidx.test.core.app.InstrumentationActivityInvoker$BootstrapActivity@e243b8b
09-25 13:19:19.778  3108  3230 D PersonaActivityHelper: Activity not in resumed state, do not run immediate lock
09-25 13:19:19.778  1914  2139 I SurfaceFlinger: id=162008 Removed 6cd4783 ActivityRecordInputSink com.example.dogglers/androidx.test.core.app.InstrumentationActivityInvoker$BootstrapActivity#162008 (344)
09-25 13:19:19.779  5639  5639 D LifecycleMonitor: Lifecycle status change: androidx.test.core.app.InstrumentationActivityInvoker$EmptyActivity@240fa74 in: PAUSED
09-25 13:19:19.779  5639  5639 V ActivityScenario: Activity lifecycle changed event received but ignored because the intent does not match. startActivityIntent=Intent { act=android.intent.action.MAIN cat=[android.intent.category.LAUNCHER] cmp=com.example.dogglers/.MainActivity }, activity.getIntent()=Intent { act=android.intent.action.MAIN cat=[android.intent.category.LAUNCHER] flg=0x10000000 cmp=com.example.dogglers/androidx.test.core.app.InstrumentationActivityInvoker$EmptyActivity }, activity=androidx.test.core.app.InstrumentationActivityInvoker$EmptyActivity@240fa74
09-25 13:19:19.780  3108  8626 D InputDispatcher: Focused application(0): ActivityRecord{80054b8 u0 com.example.dogglers/androidx.test.core.app.InstrumentationActivityInvoker$EmptyActivity} t7107}
09-25 13:19:19.781  3108 29076 D RemoteAppTaskWatcher:  ****** RemoteAppTaskWatcher: Message Received 5 Task ID = 0
09-25 13:19:19.782  5639  5639 I ViewRootImpl@20235e[InstrumentationActivityInvoker$EmptyActivity]: MSG_WINDOW_FOCUS_CHANGED 1 0
09-25 13:19:19.782  5639  5639 I ViewRootImpl@20235e[InstrumentationActivityInvoker$EmptyActivity]: mThreadedRenderer.initializeIfNeeded()#2 mSurface={isValid=true 0xb40000774d72b800}
09-25 13:19:19.783  5639  5639 D InputMethodManager: startInputInner - Id : 0
09-25 13:19:19.783  5639  5639 I InputMethodManager: startInputInner - mService.startInputOrWindowGainedFocus
09-25 13:19:19.783  3108  6493 D InputMethodManagerService: DESKTOP MODE! : 2
09-25 13:19:19.783  3108  6493 D InputMethodManagerService: NOT IN KNOX DESKTOP MODE!
09-25 13:19:19.783  3108  6493 V InputMethodManagerService: getDisplayIdOfInputMethodWindowToBeAdded: displayId=0
09-25 13:19:19.783  3108  6493 D InputMethodManagerService: isImeSwitcherDisabledPackage : false
09-25 13:19:19.783  3108  6493 D InputMethodManagerService: checkDisplayOfStartInputAndUpdateKeyboard: displayId=0, mFocusedDisplayId=0
09-25 13:19:19.783  3108  6493 D InputTransport: Input channel constructed: 'ClientS', fd=1239
09-25 13:19:19.783  3108  6493 D InputTransport: Input channel destroyed: 'ClientS', fd=1239
09-25 13:19:19.784  3108  3230 I SemPersonaManager: SecureFolder personaId = 150
09-25 13:19:19.784   586   586 I GoogleInputMethodService: GoogleInputMethodService.onFinishInput():3267
09-25 13:19:19.785  1914  2139 I SurfaceFlinger: id=162041 createSurf, flag=24004, Surface(name=6a358c3 InputMethod)/@0x1a6cc79 - animation-leash of insets_animation#162041
09-25 13:19:19.785   586   586 I GoogleInputMethodService: GoogleInputMethodService.updateDeviceLockedStatus():2097 repeatCheckTimes = 0, locked = false
09-25 13:19:19.785   586   586 D InputMethodService: checkFocusedDisplay() display Id 0last 0
09-25 13:19:19.785   586   586 I GoogleInputMethodService: GoogleInputMethodService.onStartInput():1889 onStartInput(EditorInfo{EditorInfo{packageName=com.example.dogglers, inputType=0, inputTypeString=NULL, enableLearning=false, autoCorrection=false, autoComplete=false, imeOptions=0, privateImeOptions=null, actionName=UNSPECIFIED, actionLabel=null, initialSelStart=-1, initialSelEnd=-1, initialCapsMode=0, label=null, fieldId=-1, fieldName=null, extras=Bundle[{displayId=0}], hintText=null, hintLocales=[]}}, false)
09-25 13:19:19.786   586   586 I GoogleInputMethodService: GoogleInputMethodService.updateDeviceLockedStatus():2097 repeatCheckTimes = 1, locked = false
09-25 13:19:19.786 15715 18710 I WindowsLink: (TaskInfoManager) +++++++++++onRecentTaskStackUpdated
09-25 13:19:19.786  5639  5639 D LifecycleMonitor: Lifecycle status change: androidx.test.core.app.InstrumentationActivityInvoker$EmptyActivity@8c12609 in: PRE_ON_CREATE
09-25 13:19:19.787  5639  5639 V ActivityScenario: Activity lifecycle changed event received but ignored because the intent does not match. startActivityIntent=Intent { act=android.intent.action.MAIN cat=[android.intent.category.LAUNCHER] cmp=com.example.dogglers/.MainActivity }, activity.getIntent()=Intent { act=android.intent.action.MAIN cat=[android.intent.category.LAUNCHER] flg=0x10000000 cmp=com.example.dogglers/androidx.test.core.app.InstrumentationActivityInvoker$EmptyActivity }, activity=androidx.test.core.app.InstrumentationActivityInvoker$EmptyActivity@8c12609
09-25 13:19:19.788  1914  1914 I Layer   : id=162002 removedFromDrawingState ActivityRecord{3838d00 u0 com.example.dogglers/androidx.test.core.app.InstrumentationActivityInvoker$BootstrapActivity} t7107}#162002 (345)
09-25 13:19:19.788  1914  1914 I Layer   : id=162008 removedFromDrawingState 6cd4783 ActivityRecordInputSink com.example.dogglers/androidx.test.core.app.InstrumentationActivityInvoker$BootstrapActivity#162008 (345)
09-25 13:19:19.788  1914  1914 I SurfaceFlinger: [d48bf46 com.example.dogglers/androidx.test.core.app.InstrumentationActivityInvoker$EmptyActivity#162035] FrameRatePriority: -1
09-25 13:19:19.788  1914  1914 I SurfaceFlinger: id=162002 Removed ActivityRecord{3838d00 u0 com.example.dogglers/androidx.test.core.app.InstrumentationActivityInvoker$BootstrapActivity} t7107}#162002 (345)
09-25 13:19:19.788  3108  3230 D EnterpriseDeviceManagerService: isMdmAdminPresentInternal() : MDM Admin Found - com.samsung.knox.securefolder
09-25 13:19:19.788  1914  1914 I Layer   : id=162002 Destroyed ActivityRecord{3838d00 u0 com.example.dogglers/androidx.test.core.app.InstrumentationActivityInvoker$BootstrapActivity} t7107}#162002
09-25 13:19:19.788  1914  1914 I Layer   : id=162008 Destroyed 6cd4783 ActivityRecordInputSink com.example.dogglers/androidx.test.core.app.InstrumentationActivityInvoker$BootstrapActivity#162008
09-25 13:19:19.788  1914  1914 D SurfaceFlinger: GPIS:: requestGPIS
09-25 13:19:19.791  5639  5639 I DecorView: [INFO] isPopOver=false config=true
09-25 13:19:19.791  8423  8423 I ActivityUtils: HomePackage : com.sec.android.app.launcher, resumePackageName : com.example.dogglers
09-25 13:19:19.792  5639  5639 I DecorView: updateCaptionType: isFloating=false isApplication=true hasWindowDecorCaption=false this=DecorView@1e7a83c[]
09-25 13:19:19.792  5639  5639 D DecorView: setCaptionType = 0, this = DecorView@1e7a83c[]
09-25 13:19:19.792  3108  6142 I MediaSessionMonitor: Media session stopped : controllerList empty
09-25 13:19:19.792  5639  5639 I DecorView: getCurrentDensityDpi: from real metrics. densityDpi=560 msg=resources_loaded
09-25 13:19:19.792  5639  5639 I DecorView: setWindowBackground: isPopOver=false color=ff010101 d=android.graphics.drawable.StateListDrawable@f4d19c5
09-25 13:19:19.793  5639  5639 D LifecycleMonitor: Lifecycle status change: androidx.test.core.app.InstrumentationActivityInvoker$EmptyActivity@8c12609 in: CREATED
09-25 13:19:19.793  5639  5639 V ActivityScenario: Activity lifecycle changed event received but ignored because the intent does not match. startActivityIntent=Intent { act=android.intent.action.MAIN cat=[android.intent.category.LAUNCHER] cmp=com.example.dogglers/.MainActivity }, activity.getIntent()=Intent { act=android.intent.action.MAIN cat=[android.intent.category.LAUNCHER] flg=0x10000000 cmp=com.example.dogglers/androidx.test.core.app.InstrumentationActivityInvoker$EmptyActivity }, activity=androidx.test.core.app.InstrumentationActivityInvoker$EmptyActivity@8c12609
09-25 13:19:19.793  5639  5639 D LifecycleMonitor: Lifecycle status change: androidx.test.core.app.InstrumentationActivityInvoker$EmptyActivity@8c12609 in: STARTED
09-25 13:19:19.793  5639  5639 V ActivityScenario: Activity lifecycle changed event received but ignored because the intent does not match. startActivityIntent=Intent { act=android.intent.action.MAIN cat=[android.intent.category.LAUNCHER] cmp=com.example.dogglers/.MainActivity }, activity.getIntent()=Intent { act=android.intent.action.MAIN cat=[android.intent.category.LAUNCHER] flg=0x10000000 cmp=com.example.dogglers/androidx.test.core.app.InstrumentationActivityInvoker$EmptyActivity }, activity=androidx.test.core.app.InstrumentationActivityInvoker$EmptyActivity@8c12609
09-25 13:19:19.794  5639  5639 D LifecycleMonitor: Lifecycle status change: androidx.test.core.app.InstrumentationActivityInvoker$EmptyActivity@8c12609 in: RESUMED
09-25 13:19:19.794  5639  5639 V ActivityScenario: Activity lifecycle changed event received but ignored because the intent does not match. startActivityIntent=Intent { act=android.intent.action.MAIN cat=[android.intent.category.LAUNCHER] cmp=com.example.dogglers/.MainActivity }, activity.getIntent()=Intent { act=android.intent.action.MAIN cat=[android.intent.category.LAUNCHER] flg=0x10000000 cmp=com.example.dogglers/androidx.test.core.app.InstrumentationActivityInvoker$EmptyActivity }, activity=androidx.test.core.app.InstrumentationActivityInvoker$EmptyActivity@8c12609
09-25 13:19:19.794  5639  5639 I MSHandlerLifeCycle: check: return. pkg=com.example.dogglers parent=null callers=com.android.internal.policy.DecorView.setVisibility:4412 android.app.ActivityThread.handleResumeActivity:5476 android.app.servertransaction.ResumeActivityItem.execute:54 android.app.servertransaction.ActivityTransactionItem.execute:45 android.app.servertransaction.TransactionExecutor.executeLifecycleState:176
09-25 13:19:19.794  5639  5639 I MSHandlerLifeCycle: removeMultiSplitHandler: no exist. decor=DecorView@1e7a83c[]
09-25 13:19:19.795  5639  5729 D NativeCustomFrequencyManager: [NativeCFMS] BpCustomFrequencyManager::BpCustomFrequencyManager()
09-25 13:19:19.796  1914  1914 I Layer   : id=162033 removedFromDrawingState Surface(name=6a358c3 InputMethod)/@0x1a6cc79 - animation-leash of insets_animation#162033 (343)
09-25 13:19:19.797  3108  3145 D InputDispatcher: Focus request (0): <null> but waiting because NOT_FOCUSABLE
09-25 13:19:19.797  3108  3145 D InputDispatcher: Focus left window (0): d48bf46 com.example.dogglers/androidx.test.core.app.InstrumentationActivityInvoker$EmptyActivity
09-25 13:19:19.798  3108  8626 D InputTransport: Input channel constructed: '7496683', fd=1254
09-25 13:19:19.798  3108  8626 D InputTransport: Input channel constructed: '7496683', fd=1257
09-25 13:19:19.798  3108  8626 D InputTransport: Input channel constructed: '7496683', fd=1259
09-25 13:19:19.798  1914  2139 I SurfaceFlinger: id=162042 createSurf, flag=80004, 7496683 com.example.dogglers/androidx.test.core.app.InstrumentationActivityInvoker$EmptyActivity#162042
09-25 13:19:19.799  3108  8626 D InputTransport: Input channel destroyed: '7496683', fd=1259
09-25 13:19:19.799  5639  5639 D InsetsController: onStateChanged: InsetsState: {mDisplayFrame=Rect(0, 0 - 1440, 3088), mDisplayCutout=DisplayCutout{insets=Rect(0, 100 - 0, 0) waterfall=Insets{left=0, top=0, right=0, bottom=0} boundingRect={Bounds=[Rect(0, 0 - 0, 0), Rect(685, 0 - 756, 100), Rect(0, 0 - 0, 0), Rect(0, 0 - 0, 0)]} cutoutPathParserInfo={CutoutPathParserInfo{displayWidth=1440 displayHeight=3088 physicalDisplayWidth=1440 physicalDisplayHeight=3088 density={3.75} cutoutSpec={M 0,0 H -9.466666666666667 V 26.66666666666667‬ H 9.466666666666667 V 0 H 0 Z @dp} rotation={0} scale={1.0} physicalPixelDisplaySizeRatio={1.0}}}}, mRoundedCorners=RoundedCorners{[RoundedCorner{position=TopLeft, radius=14, center=Point(14, 14)}, RoundedCorner{position=TopRight, radius=14, center=Point(1426, 14)}, RoundedCorner{position=BottomRight, radius=14, center=Point(1426, 3074)}, RoundedCorner{position=BottomLeft, radius=14, center=Point(14, 3074)}]}  mRoundedCornerFrame=Rect(0, 0 - 1440, 3088), mPrivacyIndicatorBounds=PrivacyIndicatorBounds {static bounds=Rect(1286, 0 - 1440, 100) rotation=0}, mSources= { InsetsSource: {mType=ITYPE_STATUS_BAR, mFrame=[0,0][1440,100], mVisible=true, mInsetsRoundedCornerFrame=false}, InsetsSource: {mType=ITYPE_NAVIGATION_BAR, mFrame=[0,3088][1440,3088], mVisible=true, mInsetsRoundedCornerFrame=false}, InsetsSource: {mType=ITYPE_LEFT_GESTURES, mFrame=[0,0][0,3088], mVisible=true, mInsetsRoundedCornerFrame=false}, InsetsSource: {mType=ITYPE_RIGHT_GESTURES, mFrame=[1440,0][1440,3088], mVisible=true, mInsetsRoundedCornerFrame=false}, InsetsSource: {mType=ITYPE_TOP_MANDATORY_GESTURES, mFrame=[0,0][1440,142], mVisible=true, mInsetsRoundedCornerFrame=false}, InsetsSource: {mType=ITYPE_BOTTOM_MANDATORY_GESTURES, mFrame=[0,3018][1440,3088], mVisible=true, mInsetsRoundedCornerFrame=false}, InsetsSource: {mType=ITYPE_LEFT_DISPLAY_CUTOUT, mFrame=[0,0][-100000,3088], mVisible=true, mInsetsRoundedCornerFrame=false}, InsetsSource: {mType=ITYPE_TOP_DISPLAY_CUTOUT, mFrame=[0,0][1440,100], mVisible=true, mInsetsRoundedCornerFrame=false}, InsetsSource: {mType=ITYPE_RIGHT_DISPLAY_CUTOUT, mFrame=[100000,0][1440,3088], mVisible=true, mInsetsRoundedCornerFrame=false}, InsetsSource: {mType=ITYPE_BOTTOM_DISPLAY_CUTOUT, mFrame=[0,100000][1440,3088], mVisible=true, mInsetsRoundedCornerFrame=false}, InsetsSource: {mType=ITYPE_TOP_TAPPABLE_ELEMENT, mFrame=[0,0][1440,100], mVisible=true, mInsetsRoundedCornerFrame=false}, InsetsSource: {mType=ITYPE_BOTTOM_TAPPABLE_ELEMENT, mFrame=[0,0][0,0], mVisible=true, mInsetsRoundedCornerFrame=false} } host=com.example.dogglers/androidx.test.core.app.InstrumentationActivityInvoker$EmptyActivity from=android.view.ViewRootImpl.setView:1732
09-25 13:19:19.801  5639  5639 I ViewRootImpl@4a62a4b[InstrumentationActivityInvoker$EmptyActivity]: setView = com.android.internal.policy.DecorView@1e7a83c TM=true
09-25 13:19:19.801  5639  5639 I MSHandlerLifeCycle: removeMultiSplitHandler: no exist. decor=DecorView@1e7a83c[InstrumentationActivityInvoker$EmptyActivity]
09-25 13:19:19.801  3108  3338 D AnalyticsContainerHandler: handleMessage : { when=0 what=1 target=com.android.server.knox.KnoxAnalyticsContainer$AnalyticsHandler }
09-25 13:19:19.802  3108  4923 D InputMethodManagerService: isImeSwitcherDisabledPackage : false
09-25 13:19:19.802  1914  2139 I SurfaceFlinger: id=162033 Removed Surface(name=6a358c3 InputMethod)/@0x1a6cc79 - animation-leash of insets_animation#162033 (344)
09-25 13:19:19.802   586   586 I InputMethodService: removeImeSurface
09-25 13:19:19.803   586   586 I MSHandlerLifeCycle: check: return. pkg=com.google.android.inputmethod.latin isActivity=false callers=com.android.internal.policy.DecorView.setVisibility:4412 android.app.Dialog.hide:767 android.inputmethodservice.InputMethodService.removeImeSurface:1290 android.inputmethodservice.InputMethodService.scheduleImeSurfaceRemoval:1279 android.inputmethodservice.InputMethodService.-$$Nest$mscheduleImeSurfaceRemoval:0
09-25 13:19:19.803   586   586 I MSHandlerLifeCycle: removeMultiSplitHandler: no exist. decor=DecorView@3ddf8c7[InputMethod]
09-25 13:19:19.804  5639  5639 I ViewRootImpl@4a62a4b[InstrumentationActivityInvoker$EmptyActivity]: performTraversals params={(0,0)(fillxfill) sim={adjust=pan forwardNavigation} ty=BASE_APPLICATION wanim=0x1030001
09-25 13:19:19.804  5639  5639 I ViewRootImpl@4a62a4b[InstrumentationActivityInvoker$EmptyActivity]:   fl=1810100
09-25 13:19:19.804  5639  5639 I ViewRootImpl@4a62a4b[InstrumentationActivityInvoker$EmptyActivity]:   pfl=12020040
09-25 13:19:19.804  5639  5639 I ViewRootImpl@4a62a4b[InstrumentationActivityInvoker$EmptyActivity]:   bhv=DEFAULT
09-25 13:19:19.804  5639  5639 I ViewRootImpl@4a62a4b[InstrumentationActivityInvoker$EmptyActivity]:   fitSides= naviIconColor=0}
09-25 13:19:19.804  5639  5639 I ViewRootImpl@4a62a4b[InstrumentationActivityInvoker$EmptyActivity]: performTraversals mFirst=true windowShouldResize=true viewVisibilityChanged=false mForceNextWindowRelayout=false params={(0,0)(fillxfill) sim={adjust=pan forwardNavigation} ty=BASE_APPLICATION wanim=0x1030001
09-25 13:19:19.804  5639  5639 I ViewRootImpl@4a62a4b[InstrumentationActivityInvoker$EmptyActivity]:   fl=1810100
09-25 13:19:19.804  5639  5639 I ViewRootImpl@4a62a4b[InstrumentationActivityInvoker$EmptyActivity]:   pfl=12020040
09-25 13:19:19.804  5639  5639 I ViewRootImpl@4a62a4b[InstrumentationActivityInvoker$EmptyActivity]:   bhv=DEFAULT
09-25 13:19:19.804  5639  5639 I ViewRootImpl@4a62a4b[InstrumentationActivityInvoker$EmptyActivity]:   fitSides= naviIconColor=0}
09-25 13:19:19.804  3108  3146 V WindowManager: Relayout Window{7496683 u0 com.example.dogglers/androidx.test.core.app.InstrumentationActivityInvoker$EmptyActivity}: viewVisibility=0 req=1440x3088 d0
09-25 13:19:19.804  1914  1914 I Layer   : id=162033 Destroyed Surface(name=6a358c3 InputMethod)/@0x1a6cc79 - animation-leash of insets_animation#162033
09-25 13:19:19.806  1914  2139 I SurfaceFlinger: id=162043 createSurf, flag=40004, com.example.dogglers/androidx.test.core.app.InstrumentationActivityInvoker$EmptyActivity$_5639#162043
09-25 13:19:19.808  1914  2139 I SurfaceFlinger: id=162044 createSurf, flag=24000, Surface(name=4eb27f5 StatusBar)/@0x43fa543 - animation-leash of insets_animation#162044
09-25 13:19:19.808  1914  2139 I SurfaceFlinger: id=162045 createSurf, flag=24000, Surface(name=d110b4c NavigationBar0)/@0x8bdb781 - animation-leash of insets_animation#162045
09-25 13:19:19.809  3108  3146 V WindowManager: Relayout hash=7496683, pid=5639, syncId=-1: mAttrs={(0,0)(fillxfill) sim={adjust=pan forwardNavigation} ty=BASE_APPLICATION wanim=0x1030001
09-25 13:19:19.809  3108  3146 V WindowManager:   fl=1810100
09-25 13:19:19.809  3108  3146 V WindowManager:   pfl=12020040
09-25 13:19:19.809  3108  3146 V WindowManager:   bhv=DEFAULT
09-25 13:19:19.809  3108  3146 V WindowManager:   fitSides= naviIconColor=0}
09-25 13:19:19.810  5639  5639 D InsetsController: onStateChanged: InsetsState: {mDisplayFrame=Rect(0, 0 - 1440, 3088), mDisplayCutout=DisplayCutout{insets=Rect(0, 100 - 0, 0) waterfall=Insets{left=0, top=0, right=0, bottom=0} boundingRect={Bounds=[Rect(0, 0 - 0, 0), Rect(685, 0 - 756, 100), Rect(0, 0 - 0, 0), Rect(0, 0 - 0, 0)]} cutoutPathParserInfo={CutoutPathParserInfo{displayWidth=1440 displayHeight=3088 physicalDisplayWidth=1440 physicalDisplayHeight=3088 density={3.75} cutoutSpec={M 0,0 H -9.466666666666667 V 26.66666666666667‬ H 9.466666666666667 V 0 H 0 Z @dp} rotation={0} scale={1.0} physicalPixelDisplaySizeRatio={1.0}}}}, mRoundedCorners=RoundedCorners{[RoundedCorner{position=TopLeft, radius=14, center=Point(14, 14)}, RoundedCorner{position=TopRight, radius=14, center=Point(1426, 14)}, RoundedCorner{position=BottomRight, radius=14, center=Point(1426, 3074)}, RoundedCorner{position=BottomLeft, radius=14, center=Point(14, 3074)}]}  mRoundedCornerFrame=Rect(0, 0 - 1440, 3088), mPrivacyIndicatorBounds=PrivacyIndicatorBounds {static bounds=Rect(1286, 0 - 1440, 100) rotation=0}, mSources= { InsetsSource: {mType=ITYPE_STATUS_BAR, mFrame=[0,0][1440,100], mVisible=true, mInsetsRoundedCornerFrame=false}, InsetsSource: {mType=ITYPE_NAVIGATION_BAR, mFrame=[0,3088][1440,3088], mVisible=true, mInsetsRoundedCornerFrame=false}, InsetsSource: {mType=ITYPE_LEFT_GESTURES, mFrame=[0,0][0,3088], mVisible=true, mInsetsRoundedCornerFrame=false}, InsetsSource: {mType=ITYPE_RIGHT_GESTURES, mFrame=[1440,0][1440,3088], mVisible=true, mInsetsRoundedCornerFrame=false}, InsetsSource: {mType=ITYPE_TOP_MANDATORY_GESTURES, mFrame=[0,0][1440,142], mVisible=true, mInsetsRoundedCornerFrame=false}, InsetsSource: {mType=ITYPE_BOTTOM_MANDATORY_GESTURES, mFrame=[0,3018][1440,3088], mVisible=true, mInsetsRoundedCornerFrame=false}, InsetsSource: {mType=ITYPE_LEFT_DISPLAY_CUTOUT, mFrame=[0,0][-100000,3088], mVisible=true, mInsetsRoundedCornerFrame=false}, InsetsSource: {mType=ITYPE_TOP_DISPLAY_CUTOUT, mFrame=[0,0][1440,100], mVisible=true, mInsetsRoundedCornerFrame=false}, InsetsSource: {mType=ITYPE_RIGHT_DISPLAY_CUTOUT, mFrame=[100000,0][1440,3088], mVisible=true, mInsetsRoundedCornerFrame=false}, InsetsSource: {mType=ITYPE_BOTTOM_DISPLAY_CUTOUT, mFrame=[0,100000][1440,3088], mVisible=true, mInsetsRoundedCornerFrame=false}, InsetsSource: {mType=ITYPE_TOP_TAPPABLE_ELEMENT, mFrame=[0,0][1440,100], mVisible=true, mInsetsRoundedCornerFrame=false}, InsetsSource: {mType=ITYPE_BOTTOM_TAPPABLE_ELEMENT, mFrame=[0,0][0,0], mVisible=true, mInsetsRoundedCornerFrame=false}, InsetsSource: {mType=ITYPE_IME, mFrame=[0,0][0,0], mVisibleFrame=[0,3088][1440,3088], mVisible=false, mInsetsRoundedCornerFrame=false} } host=com.example.dogglers/androidx.test.core.app.InstrumentationActivityInvoker$EmptyActivity from=android.view.ViewRootImpl.relayoutWindow:9802
09-25 13:19:19.810  5639  5639 I ViewRootImpl@4a62a4b[InstrumentationActivityInvoker$EmptyActivity]: updateBlastSurfaceIfNeeded mBlastBufferQueue=null isSameSurfaceControl=false
09-25 13:19:19.810  5639  5639 I BLASTBufferQueue: new BLASTBufferQueue, mName= ViewRootImpl@4a62a4b[InstrumentationActivityInvoker$EmptyActivity] mNativeObject= 0xb4000077a1043480 sc.mNativeObject= 0xb4000077b1d392c0 caller= android.view.ViewRootImpl.updateBlastSurfaceIfNeeded:2909 android.view.ViewRootImpl.relayoutWindow:9847 android.view.ViewRootImpl.performTraversals:3884 android.view.ViewRootImpl.doTraversal:3116 android.view.ViewRootImpl$TraversalRunnable.run:10885 android.view.Choreographer$CallbackRecord.run:1301 android.view.Choreographer$CallbackRecord.run:1309 android.view.Choreographer.doCallbacks:923 android.view.Choreographer.doFrame:852 android.view.Choreographer$FrameDisplayEventReceiver.run:1283
09-25 13:19:19.810  5639  5639 I BLASTBufferQueue: update, w= 1440 h= 3088 mName = ViewRootImpl@4a62a4b[InstrumentationActivityInvoker$EmptyActivity] mNativeObject= 0xb4000077a1043480 sc.mNativeObject= 0xb4000077b1d392c0 format= -1 caller= android.graphics.BLASTBufferQueue.<init>:84 android.view.ViewRootImpl.updateBlastSurfaceIfNeeded:2909 android.view.ViewRootImpl.relayoutWindow:9847 android.view.ViewRootImpl.performTraversals:3884 android.view.ViewRootImpl.doTraversal:3116 android.view.ViewRootImpl$TraversalRunnable.run:10885
09-25 13:19:19.811  5639  5639 I ViewRootImpl@4a62a4b[InstrumentationActivityInvoker$EmptyActivity]: Relayout returned: old=(0,0,1440,3088) new=(0,0,1440,3088) req=(1440,3088)0 dur=6 res=0x3 s={true 0xb4000077b1dae000} ch=true seqId=0
09-25 13:19:19.811  5639  5639 I ViewRootImpl@4a62a4b[InstrumentationActivityInvoker$EmptyActivity]: performConfigurationChange setNightDimText nightDimLevel=0
09-25 13:19:19.811  5639  5639 I ViewRootImpl@4a62a4b[InstrumentationActivityInvoker$EmptyActivity]: mThreadedRenderer.initialize() mSurface={isValid=true 0xb4000077b1dae000} hwInitialized=true
09-25 13:19:19.811  5639  5729 D OpenGLRenderer: eglCreateWindowSurface
09-25 13:19:19.812  5639  5639 I ViewRootImpl@4a62a4b[InstrumentationActivityInvoker$EmptyActivity]: reportNextDraw android.view.ViewRootImpl.performTraversals:4438 android.view.ViewRootImpl.doTraversal:3116 android.view.ViewRootImpl$TraversalRunnable.run:10885 android.view.Choreographer$CallbackRecord.run:1301 android.view.Choreographer$CallbackRecord.run:1309
09-25 13:19:19.812  5639  5639 I ViewRootImpl@4a62a4b[InstrumentationActivityInvoker$EmptyActivity]: Setup new sync id=0
09-25 13:19:19.812  5639  5639 I ViewRootImpl@4a62a4b[InstrumentationActivityInvoker$EmptyActivity]: Setting syncFrameCallback
09-25 13:19:19.812  5639  5639 I ViewRootImpl@4a62a4b[InstrumentationActivityInvoker$EmptyActivity]: registerCallbacksForSync syncBuffer=false
09-25 13:19:19.813  1914  1914 I Layer   : id=162037 removedFromDrawingState Surface(name=4eb27f5 StatusBar)/@0x43fa543 - animation-leash of insets_animation#162037 (346)
09-25 13:19:19.813  1914  1914 I Layer   : id=162038 removedFromDrawingState Surface(name=d110b4c NavigationBar0)/@0x8bdb781 - animation-leash of insets_animation#162038 (346)
09-25 13:19:19.813  1914  1914 I SurfaceFlinger: [7496683 com.example.dogglers/androidx.test.core.app.InstrumentationActivityInvoker$EmptyActivity#162042] FrameRatePriority: 1
09-25 13:19:19.813  5639  5772 I ViewRootImpl@4a62a4b[InstrumentationActivityInvoker$EmptyActivity]: Received frameDrawingCallback syncResult=0 frameNum=1.
09-25 13:19:19.813  5639  5772 I ViewRootImpl@4a62a4b[InstrumentationActivityInvoker$EmptyActivity]: Setting up sync and frameCommitCallback
09-25 13:19:19.813  5639  5729 I BLASTBufferQueue: [ViewRootImpl@4a62a4b[InstrumentationActivityInvoker$EmptyActivity]#10](f:0,a:0) onFrameAvailable the first frame is available
09-25 13:19:19.814  5639  5729 I ViewRootImpl@4a62a4b[InstrumentationActivityInvoker$EmptyActivity]: Received frameCommittedCallback lastAttemptedDrawFrameNum=1 didProduceBuffer=true
09-25 13:19:19.815  5639  5729 D OpenGLRenderer: CFMS:: SetUp Pid : 5639    Tid : 5729
09-25 13:19:19.817  5639  5639 I ViewRootImpl@4a62a4b[InstrumentationActivityInvoker$EmptyActivity]: onSyncComplete
09-25 13:19:19.817  5639  5639 I ViewRootImpl@4a62a4b[InstrumentationActivityInvoker$EmptyActivity]: setupSync seqId=0 mSyncId=0 fn=1 caller=android.view.ViewRootImpl$$ExternalSyntheticLambda11.accept:6 android.window.SurfaceSyncer.lambda$setupSync$1$android-window-SurfaceSyncer:128 android.window.SurfaceSyncer$$ExternalSyntheticLambda1.accept:8 android.window.SurfaceSyncer$SyncSet.checkIfSyncIsComplete:382 android.window.SurfaceSyncer$SyncSet.markSyncReady:359 android.window.SurfaceSyncer.markSyncReady:151 android.view.ViewRootImpl.performTraversals:4503
09-25 13:19:19.817  5639  5639 I ViewRootImpl@4a62a4b[InstrumentationActivityInvoker$EmptyActivity]: reportDrawFinished seqId=0 mSyncId=-1 fn=1 mSurfaceChangedTransaction=0xb4000077345ad000
09-25 13:19:19.817  5639  5639 I ViewRootImpl@20235e[InstrumentationActivityInvoker$EmptyActivity]: MSG_WINDOW_FOCUS_CHANGED 0 0
09-25 13:19:19.819  3108  3227 I ActivityTaskManager: Displayed com.example.dogglers/androidx.test.core.app.InstrumentationActivityInvoker$EmptyActivity: +49ms
09-25 13:19:19.820  5759  5759 E pageboostd: Received HALT command code 2
09-25 13:19:19.820  1914  3199 I SurfaceFlinger: id=162046 createSurf, flag=80000, b55fb1b ActivityRecordInputSink com.example.dogglers/androidx.test.core.app.InstrumentationActivityInvoker$EmptyActivity#162046
09-25 13:19:19.822  3108  3145 D InputDispatcher: Focus request (0): 7496683 com.example.dogglers/androidx.test.core.app.InstrumentationActivityInvoker$EmptyActivity but waiting because NO_WINDOW
09-25 13:19:19.822  1914  4196 I SurfaceFlinger: id=162038 Removed Surface(name=d110b4c NavigationBar0)/@0x8bdb781 - animation-leash of insets_animation#162038 (347)
09-25 13:19:19.822  1914  4196 I SurfaceFlinger: id=162037 Removed Surface(name=4eb27f5 StatusBar)/@0x43fa543 - animation-leash of insets_animation#162037 (347)
09-25 13:19:19.823  5639  5639 I ViewRootImpl@20235e[InstrumentationActivityInvoker$EmptyActivity]: handleAppVisibility mAppVisible = true visible = false
09-25 13:19:19.823  3108  3231 I SemDvfsHyPerManager: acquire hyper - AMS_RESUME_TAIL/3108@20, type = -999
09-25 13:19:19.823  3108  3231 I SemDvfsHyPerManager: acquire hyper - AMS_ACT_LAZY/3108@21, type = -999
09-25 13:19:19.823  1809  1855 I HYPER-HAL: [RequestManager.cpp]acquire(): Acquired ID : 4893776  [3108 / 20]    HINT : AMS_RESUME_TAIL    list :
09-25 13:19:19.824  1809  1855 I HYPER-HAL: [RequestManager.cpp]acquire(): Acquired ID : 4896906  [3108 / 21]    HINT : AMS_ACT_LAZY    list :
09-25 13:19:19.825  1809  1855 I HYPER-HAL: [RequestManager.cpp]releaseLocked(): Released ID : 4887519
09-25 13:19:19.829  1914  1914 I Layer   : Layer [com.example.dogglers/androidx.test.core.app.InstrumentationActivityInvoker$EmptyActivity$_5639#162043] hidden!! flag(0)
09-25 13:19:19.829  1914  1914 I Layer   : Layer [com.example.dogglers/androidx.test.core.app.InstrumentationActivityInvoker$EmptyActivity$_5639#162036] hidden!! flag(1)
09-25 13:19:19.829  1914  1914 I Layer   : id=162037 Destroyed Surface(name=4eb27f5 StatusBar)/@0x43fa543 - animation-leash of insets_animation#162037
09-25 13:19:19.829  1914  1914 I Layer   : id=162038 Destroyed Surface(name=d110b4c NavigationBar0)/@0x8bdb781 - animation-leash of insets_animation#162038
09-25 13:19:19.830  5639  5729 D OpenGLRenderer: setSurface called with nullptr
09-25 13:19:19.830  5639  5729 D OpenGLRenderer: setSurface() destroyed EGLSurface
09-25 13:19:19.830  5639  5729 D OpenGLRenderer: destroyEglSurface
09-25 13:19:19.830  5639  5639 I ViewRootImpl@20235e[InstrumentationActivityInvoker$EmptyActivity]: performTraversals mFirst=false windowShouldResize=false viewVisibilityChanged=true mForceNextWindowRelayout=false params=null
09-25 13:19:19.830  3108  4923 V WindowManager: Relayout Window{d48bf46 u0 com.example.dogglers/androidx.test.core.app.InstrumentationActivityInvoker$EmptyActivity}: viewVisibility=8 req=1440x3088 d0
09-25 13:19:19.831  3108  3146 D InputDispatcher: Focus entered window (0): 7496683 com.example.dogglers/androidx.test.core.app.InstrumentationActivityInvoker$EmptyActivity
09-25 13:19:19.832  1914  1914 D SurfaceFlinger: Display 4630947093241269891 HWC layers:
09-25 13:19:19.832  1914  1914 D SurfaceFlinger:      DEVICE | 0xb400007af86f9000 | 0102 | RGBA_8888    |    0.0    0.0 1440.0 3088.0 |    0    0 1440 3088 | com.example.dogglers/androidx.test.c[...]tyInvoker$EmptyActivity$_5639#162043
09-25 13:19:19.832  1914  1914 D SurfaceFlinger:      DEVICE | 0xb400007af6c14880 | 0100 | RGBA_8888    |    0.0    0.0 1440.0  100.0 |    0    0 1440  100 | StatusBar$_4768#95
09-25 13:19:19.832  1914  1914 D SurfaceFlinger:      DEVICE | 0xb400007af8705400 | 0100 | RGBA_8888    |    0.0    0.0   67.0  589.0 |    0  562   67 1151 | com.samsung.android.app.cocktailbars[...]vice.CocktailBarService$_8423#156853
09-25 13:19:19.832  1914  1914 D SurfaceFlinger:      DEVICE | 0xb400007af8705500 | 0100 | RGBA_8888    |    0.0    0.0  518.0   48.0 |  922 3040 1440 3088 | SGestureOverlayWindow$_5369#156268
09-25 13:19:19.832  1914  1914 D SurfaceFlinger:      DEVICE | 0xb400007af6c15880 | 0100 | RGBA_8888    |    0.0    0.0 1440.0  168.0 |    0 2920 1440 3088 | NavigationBar0$_4768#92
09-25 13:19:19.832  1914  1914 D SurfaceFlinger:
09-25 13:19:19.833  3108  4923 V WindowManager: Relayout hash=d48bf46, pid=5639, syncId=-1: mAttrs={(0,0)(fillxfill) sim={adjust=pan forwardNavigation} ty=BASE_APPLICATION wanim=0x1030001
09-25 13:19:19.833  3108  4923 V WindowManager:   fl=1810100
09-25 13:19:19.833  3108  4923 V WindowManager:   pfl=12020040
09-25 13:19:19.833  3108  4923 V WindowManager:   bhv=DEFAULT
09-25 13:19:19.833  3108  4923 V WindowManager:   fitSides= naviIconColor=0}
09-25 13:19:19.835  5639  5639 I ViewRootImpl@20235e[InstrumentationActivityInvoker$EmptyActivity]: Relayout returned: old=(0,0,1440,3088) new=(0,0,1440,3088) req=(1440,3088)8 dur=4 res=0x2 s={false 0x0} ch=true seqId=0
09-25 13:19:19.838  5639  5639 I ViewRootImpl@20235e[InstrumentationActivityInvoker$EmptyActivity]: stopped(true) old = false
09-25 13:19:19.838  5639  5639 I ViewRootImpl@20235e[InstrumentationActivityInvoker$EmptyActivity]: WindowStopped on com.example.dogglers/androidx.test.core.app.InstrumentationActivityInvoker$EmptyActivity set to true
09-25 13:19:19.838  5639  5639 D LifecycleMonitor: Lifecycle status change: androidx.test.core.app.InstrumentationActivityInvoker$EmptyActivity@240fa74 in: STOPPED
09-25 13:19:19.838  5639  5639 V ActivityScenario: Activity lifecycle changed event received but ignored because the intent does not match. startActivityIntent=Intent { act=android.intent.action.MAIN cat=[android.intent.category.LAUNCHER] cmp=com.example.dogglers/.MainActivity }, activity.getIntent()=Intent { act=android.intent.action.MAIN cat=[android.intent.category.LAUNCHER] flg=0x10000000 cmp=com.example.dogglers/androidx.test.core.app.InstrumentationActivityInvoker$EmptyActivity }, activity=androidx.test.core.app.InstrumentationActivityInvoker$EmptyActivity@240fa74
09-25 13:19:19.838  5639  5639 I MSHandlerLifeCycle: removeMultiSplitHandler: no exist. decor=DecorView@1866be3[InstrumentationActivityInvoker$EmptyActivity]
09-25 13:19:19.839  5639  5639 I ViewRootImpl@4a62a4b[InstrumentationActivityInvoker$EmptyActivity]: MSG_WINDOW_FOCUS_CHANGED 1 0
09-25 13:19:19.839  5639  5639 I ViewRootImpl@4a62a4b[InstrumentationActivityInvoker$EmptyActivity]: mThreadedRenderer.initializeIfNeeded()#2 mSurface={isValid=true 0xb4000077b1dae000}
09-25 13:19:19.839  5639  5639 D InputMethodManager: startInputInner - Id : 0
09-25 13:19:19.839  5639  5639 I InputMethodManager: startInputInner - mService.startInputOrWindowGainedFocus
09-25 13:19:19.839  3108  4923 D InputMethodManagerService: DESKTOP MODE! : 2
09-25 13:19:19.839  3108  4923 D InputMethodManagerService: NOT IN KNOX DESKTOP MODE!
09-25 13:19:19.839  3108  4923 V InputMethodManagerService: getDisplayIdOfInputMethodWindowToBeAdded: displayId=0
09-25 13:19:19.839  3108  4923 D InputMethodManagerService: isImeSwitcherDisabledPackage : false
09-25 13:19:19.839  3108  4923 D InputMethodManagerService: checkDisplayOfStartInputAndUpdateKeyboard: displayId=0, mFocusedDisplayId=0
09-25 13:19:19.839  3108  4923 D InputTransport: Input channel constructed: 'ClientS', fd=1259
09-25 13:19:19.839  3108  4923 D InputTransport: Input channel destroyed: 'ClientS', fd=1259
09-25 13:19:19.840  5639  5639 D LifecycleMonitor: Lifecycle status change: androidx.test.core.app.InstrumentationActivityInvoker$EmptyActivity@240fa74 in: DESTROYED
09-25 13:19:19.840  5639  5639 V ActivityScenario: Activity lifecycle changed event received but ignored because the intent does not match. startActivityIntent=Intent { act=android.intent.action.MAIN cat=[android.intent.category.LAUNCHER] cmp=com.example.dogglers/.MainActivity }, activity.getIntent()=Intent { act=android.intent.action.MAIN cat=[android.intent.category.LAUNCHER] flg=0x10000000 cmp=com.example.dogglers/androidx.test.core.app.InstrumentationActivityInvoker$EmptyActivity }, activity=androidx.test.core.app.InstrumentationActivityInvoker$EmptyActivity@240fa74
09-25 13:19:19.840  5639  5639 I MSHandlerLifeCycle: removeMultiSplitHandler: no exist. decor=DecorView@1866be3[InstrumentationActivityInvoker$EmptyActivity]
09-25 13:19:19.840   586   586 I GoogleInputMethodService: GoogleInputMethodService.onFinishInput():3267
09-25 13:19:19.841  1914  3199 I SurfaceFlinger: id=162047 createSurf, flag=24004, Surface(name=6a358c3 InputMethod)/@0x1a6cc79 - animation-leash of insets_animation#162047
09-25 13:19:19.841   586   586 I GoogleInputMethodService: GoogleInputMethodService.updateDeviceLockedStatus():2097 repeatCheckTimes = 0, locked = false
09-25 13:19:19.841   586   586 D InputMethodService: checkFocusedDisplay() display Id 0last 0
09-25 13:19:19.842   586   586 I GoogleInputMethodService: GoogleInputMethodService.onStartInput():1889 onStartInput(EditorInfo{EditorInfo{packageName=com.example.dogglers, inputType=0, inputTypeString=NULL, enableLearning=false, autoCorrection=false, autoComplete=false, imeOptions=0, privateImeOptions=null, actionName=UNSPECIFIED, actionLabel=null, initialSelStart=-1, initialSelEnd=-1, initialCapsMode=0, label=null, fieldId=-1, fieldName=null, extras=Bundle[{displayId=0}], hintText=null, hintLocales=[]}}, false)
09-25 13:19:19.842   586   586 I GoogleInputMethodService: GoogleInputMethodService.updateDeviceLockedStatus():2097 repeatCheckTimes = 1, locked = false
09-25 13:19:19.843  5639  5729 D OpenGLRenderer: setSurface called with nullptr
09-25 13:19:19.843  5639  5639 I ViewRootImpl@20235e[InstrumentationActivityInvoker$EmptyActivity]: dispatchDetachedFromWindow
09-25 13:19:19.844  3108  6472 D InputTransport: Input channel destroyed: 'd48bf46', fd=1144
09-25 13:19:19.844  3108  6472 W InputManager-JNI: Input channel object 'd48bf46 com.example.dogglers/androidx.test.core.app.InstrumentationActivityInvoker$EmptyActivity (client)' was disposed without first being removed with the input manager!
09-25 13:19:19.844  3108  6472 D InputTransport: Input channel destroyed: 'd48bf46', fd=1162
09-25 13:19:19.845  5639  5639 D InputTransport: Input channel destroyed: 'd48bf46', fd=111
09-25 13:19:19.846  1914  1914 I Layer   : id=162041 removedFromDrawingState Surface(name=6a358c3 InputMethod)/@0x1a6cc79 - animation-leash of insets_animation#162041 (346)
09-25 13:19:19.846  1914  1914 I Layer   : id=162036 removedFromDrawingState com.example.dogglers/androidx.test.core.app.InstrumentationActivityInvoker$EmptyActivity$_5639#162036 (346)
09-25 13:19:19.846  1914  1914 I Layer   : id=162035 removedFromDrawingState d48bf46 com.example.dogglers/androidx.test.core.app.InstrumentationActivityInvoker$EmptyActivity#162035 (346)
09-25 13:19:19.846  1914  1914 I SurfaceFlinger: id=162036 Removed com.example.dogglers/androidx.test.core.app.InstrumentationActivityInvoker$EmptyActivity$_5639#162036 (346)
09-25 13:19:19.846  1914  4196 I SurfaceFlinger: id=162039 Removed f75f12f ActivityRecordInputSink com.example.dogglers/androidx.test.core.app.InstrumentationActivityInvoker$EmptyActivity#162039 (346)
09-25 13:19:19.846  1914  1914 I SurfaceFlinger: id=162041 Removed Surface(name=6a358c3 InputMethod)/@0x1a6cc79 - animation-leash of insets_animation#162041 (346)
09-25 13:19:19.846  1914  1914 I SurfaceFlinger: id=162035 Removed d48bf46 com.example.dogglers/androidx.test.core.app.InstrumentationActivityInvoker$EmptyActivity#162035 (346)
09-25 13:19:19.846  1914  1914 I Layer   : id=162035 Destroyed d48bf46 com.example.dogglers/androidx.test.core.app.InstrumentationActivityInvoker$EmptyActivity#162035
09-25 13:19:19.846  1914  1914 I Layer   : id=162036 Destroyed com.example.dogglers/androidx.test.core.app.InstrumentationActivityInvoker$EmptyActivity$_5639#162036
09-25 13:19:19.846  1914  1914 I Layer   : id=162041 Destroyed Surface(name=6a358c3 InputMethod)/@0x1a6cc79 - animation-leash of insets_animation#162041
09-25 13:19:19.847  5639  5639 D LifecycleMonitor: Lifecycle status change: androidx.test.core.app.InstrumentationActivityInvoker$EmptyActivity@8c12609 in: PAUSED
09-25 13:19:19.847  5639  5639 V ActivityScenario: Activity lifecycle changed event received but ignored because the intent does not match. startActivityIntent=Intent { act=android.intent.action.MAIN cat=[android.intent.category.LAUNCHER] cmp=com.example.dogglers/.MainActivity }, activity.getIntent()=Intent { act=android.intent.action.MAIN cat=[android.intent.category.LAUNCHER] flg=0x10000000 cmp=com.example.dogglers/androidx.test.core.app.InstrumentationActivityInvoker$EmptyActivity }, activity=androidx.test.core.app.InstrumentationActivityInvoker$EmptyActivity@8c12609
09-25 13:19:19.847  3108  8626 D InputDispatcher: Focus left window (0): 7496683 com.example.dogglers/androidx.test.core.app.InstrumentationActivityInvoker$EmptyActivity
09-25 13:19:19.848  3108  6472 I SemDvfsHyPerManager: acquire hyper - AMS_ACT_RESUME/3108@42, type = -999
09-25 13:19:19.848  1809  1855 I HYPER-HAL: [RequestManager.cpp]acquire(): Acquired ID : 4962867  [3108 / 42]    HINT : AMS_ACT_RESUME    list :
09-25 13:19:19.848  3108  6472 D InputDispatcher: Focused application(0): ActivityRecord{c62c18b u0 com.example.dogglers/.GridListActivity} t7107}
09-25 13:19:19.848  1914  3199 I SurfaceFlinger: id=162048 createSurf, flag=24000, Surface(name=4eb27f5 StatusBar)/@0x43fa543 - animation-leash of insets_animation#162048
09-25 13:19:19.849  1914  3199 I SurfaceFlinger: id=162049 createSurf, flag=24000, Surface(name=d110b4c NavigationBar0)/@0x8bdb781 - animation-leash of insets_animation#162049
09-25 13:19:19.851  3108 29076 D RemoteAppTaskWatcher:  ****** RemoteAppTaskWatcher: Message Received 5 Task ID = 0
09-25 13:19:19.854  5639  5639 I ViewRootImpl@757481d[GridListActivity]: stopped(false) old = false
09-25 13:19:19.854  1914  1914 I Layer   : id=162034 removedFromDrawingState ActivityRecord{e0e333c u0 com.example.dogglers/androidx.test.core.app.InstrumentationActivityInvoker$EmptyActivity} t7107}#162034 (345)
09-25 13:19:19.854  5639  5639 D LifecycleMonitor: Lifecycle status change: com.example.dogglers.GridListActivity@416587e in: RESUMED
09-25 13:19:19.854  1914  1914 I Layer   : id=162039 removedFromDrawingState f75f12f ActivityRecordInputSink com.example.dogglers/androidx.test.core.app.InstrumentationActivityInvoker$EmptyActivity#162039 (345)
09-25 13:19:19.854  1914  1914 I SurfaceFlinger: [7496683 com.example.dogglers/androidx.test.core.app.InstrumentationActivityInvoker$EmptyActivity#162042] FrameRatePriority: -1
09-25 13:19:19.854  1914  1914 I Layer   : id=162044 removedFromDrawingState Surface(name=4eb27f5 StatusBar)/@0x43fa543 - animation-leash of insets_animation#162044 (345)
09-25 13:19:19.854  1914  1914 I Layer   : id=162045 removedFromDrawingState Surface(name=d110b4c NavigationBar0)/@0x8bdb781 - animation-leash of insets_animation#162045 (345)
09-25 13:19:19.854  1914  1914 I SurfaceFlinger: [4fba1f1 com.example.dogglers/com.example.dogglers.GridListActivity#162018] FrameRatePriority: 1
09-25 13:19:19.854  1914  1914 I Layer   : Layer [com.example.dogglers/androidx.test.core.app.InstrumentationActivityInvoker$EmptyActivity$_5639#162043] hidden!! flag(1)
09-25 13:19:19.854  5639  5639 V ActivityScenario: Activity lifecycle changed event received but ignored because the intent does not match. startActivityIntent=Intent { act=android.intent.action.MAIN cat=[android.intent.category.LAUNCHER] cmp=com.example.dogglers/.MainActivity }, activity.getIntent()=Intent { cmp=com.example.dogglers/.GridListActivity }, activity=com.example.dogglers.GridListActivity@416587e
09-25 13:19:19.854  1914  1914 I SurfaceFlinger: id=162034 Removed ActivityRecord{e0e333c u0 com.example.dogglers/androidx.test.core.app.InstrumentationActivityInvoker$EmptyActivity} t7107}#162034 (345)
09-25 13:19:19.855  1914  1914 I Layer   : id=162034 Destroyed ActivityRecord{e0e333c u0 com.example.dogglers/androidx.test.core.app.InstrumentationActivityInvoker$EmptyActivity} t7107}#162034
09-25 13:19:19.855  1914  1914 I Layer   : id=162039 Destroyed f75f12f ActivityRecordInputSink com.example.dogglers/androidx.test.core.app.InstrumentationActivityInvoker$EmptyActivity#162039
09-25 13:19:19.855  3108  6472 D InputMethodManagerService: isImeSwitcherDisabledPackage : false
09-25 13:19:19.855  5639  5639 I MSHandlerLifeCycle: removeMultiSplitHandler: no exist. decor=DecorView@51616c4[GridListActivity]
09-25 13:19:19.855  1914  2139 I SurfaceFlinger: id=162045 Removed Surface(name=d110b4c NavigationBar0)/@0x8bdb781 - animation-leash of insets_animation#162045 (343)
09-25 13:19:19.855  1914  2139 I SurfaceFlinger: id=162044 Removed Surface(name=4eb27f5 StatusBar)/@0x43fa543 - animation-leash of insets_animation#162044 (343)
09-25 13:19:19.855  5639  5639 I ViewRootImpl@4a62a4b[InstrumentationActivityInvoker$EmptyActivity]: handleAppVisibility mAppVisible = true visible = false
09-25 13:19:19.855  5639  5639 I ViewRootImpl@4a62a4b[InstrumentationActivityInvoker$EmptyActivity]: MSG_WINDOW_FOCUS_CHANGED 0 0
09-25 13:19:19.857   586   586 I InputMethodService: removeImeSurface
09-25 13:19:19.857  3108  3338 D AnalyticsContainerHandler: handleMessage : { when=0 what=1 target=com.android.server.knox.KnoxAnalyticsContainer$AnalyticsHandler }
09-25 13:19:19.857   586   586 I MSHandlerLifeCycle: check: return. pkg=com.google.android.inputmethod.latin isActivity=false callers=com.android.internal.policy.DecorView.setVisibility:4412 android.app.Dialog.hide:767 android.inputmethodservice.InputMethodService.removeImeSurface:1290 android.inputmethodservice.InputMethodService.scheduleImeSurfaceRemoval:1279 android.inputmethodservice.InputMethodService.-$$Nest$mscheduleImeSurfaceRemoval:0
09-25 13:19:19.857   586   586 I MSHandlerLifeCycle: removeMultiSplitHandler: no exist. decor=DecorView@3ddf8c7[InputMethod]
09-25 13:19:19.857 15715 18710 I WindowsLink: (TaskInfoManager) +++++++++++onRecentTaskStackUpdated
09-25 13:19:19.858  1914  1914 D SurfaceFlinger: Display 4630947093241269891 HWC layers:
09-25 13:19:19.858  1914  1914 D SurfaceFlinger:      CLIENT | 0xb400007af6c13100 | 0102 | RGBA_8888    |    0.0    0.0    0.0    0.0 |    0    0 1440    3 | bbq-wrapper#162032
09-25 13:19:19.858  1914  1914 D SurfaceFlinger:      DEVICE | 0xb400007aeb20f080 | 0102 | RGBA_8888    |    0.0    0.0 1440.0 3085.0 |    0    3 1440 3088 | com.example.dogglers/com.example.dogglers.GridListActivity$_5639#162019
09-25 13:19:19.858  1914  1914 D SurfaceFlinger:      DEVICE | 0xb400007af6c14880 | 0100 | RGBA_8888    |    0.0    0.0 1440.0  100.0 |    0    0 1440  100 | StatusBar$_4768#95
09-25 13:19:19.858  1914  1914 D SurfaceFlinger:      DEVICE | 0xb400007af8705400 | 0100 | RGBA_8888    |    0.0    0.0   67.0  589.0 |    0  562   67 1151 | com.samsung.android.app.cocktailbars[...]vice.CocktailBarService$_8423#156853
09-25 13:19:19.858  1914  1914 D SurfaceFlinger:      DEVICE | 0xb400007af8705500 | 0100 | RGBA_8888    |    0.0    0.0  518.0   48.0 |  922 3040 1440 3088 | SGestureOverlayWindow$_5369#156268
09-25 13:19:19.858  1914  1914 D SurfaceFlinger:      DEVICE | 0xb400007af6c15880 | 0100 | RGBA_8888    |    0.0    0.0 1440.0  168.0 |    0 2920 1440 3088 | NavigationBar0$_4768#92
09-25 13:19:19.858  1914  1914 D SurfaceFlinger:
09-25 13:19:19.859  3108  3230 I SemPersonaManager: SecureFolder personaId = 150
09-25 13:19:19.862  3108  3230 D EnterpriseDeviceManagerService: isMdmAdminPresentInternal() : MDM Admin Found - com.samsung.knox.securefolder
09-25 13:19:19.863  1914  1914 I Layer   : id=162044 Destroyed Surface(name=4eb27f5 StatusBar)/@0x43fa543 - animation-leash of insets_animation#162044
09-25 13:19:19.863  1914  1914 I Layer   : id=162045 Destroyed Surface(name=d110b4c NavigationBar0)/@0x8bdb781 - animation-leash of insets_animation#162045
09-25 13:19:19.864  3108  4606 D InputDispatcher: Focus request (0): 4fba1f1 com.example.dogglers/com.example.dogglers.GridListActivity but waiting because NO_WINDOW
09-25 13:19:19.864  3108  8626 D InputDispatcher: Focus entered window (0): 4fba1f1 com.example.dogglers/com.example.dogglers.GridListActivity
09-25 13:19:19.864  5639  5729 D OpenGLRenderer: setSurface called with nullptr
09-25 13:19:19.864  5639  5729 D OpenGLRenderer: setSurface() destroyed EGLSurface
09-25 13:19:19.864  5639  5729 D OpenGLRenderer: destroyEglSurface
09-25 13:19:19.864  3108  6142 I MediaSessionMonitor: Media session stopped : controllerList empty
09-25 13:19:19.865  5639  5639 I ViewRootImpl@4a62a4b[InstrumentationActivityInvoker$EmptyActivity]: performTraversals mFirst=false windowShouldResize=false viewVisibilityChanged=true mForceNextWindowRelayout=false params=null
09-25 13:19:19.865  3108  8626 V WindowManager: Relayout Window{7496683 u0 com.example.dogglers/androidx.test.core.app.InstrumentationActivityInvoker$EmptyActivity}: viewVisibility=8 req=1440x3088 d0
09-25 13:19:19.865  8423  8423 I ActivityUtils: HomePackage : com.sec.android.app.launcher, resumePackageName : com.example.dogglers
09-25 13:19:19.866  3108  8626 V WindowManager: Relayout hash=7496683, pid=5639, syncId=-1: mAttrs={(0,0)(fillxfill) sim={adjust=pan forwardNavigation} ty=BASE_APPLICATION wanim=0x1030001
09-25 13:19:19.866  3108  8626 V WindowManager:   fl=1810100
09-25 13:19:19.866  3108  8626 V WindowManager:   pfl=12020040
09-25 13:19:19.866  3108  8626 V WindowManager:   bhv=DEFAULT
09-25 13:19:19.866  3108  8626 V WindowManager:   fitSides= naviIconColor=0}
09-25 13:19:19.867  5639  5639 I ViewRootImpl@4a62a4b[InstrumentationActivityInvoker$EmptyActivity]: Relayout returned: old=(0,0,1440,3088) new=(0,0,1440,3088) req=(1440,3088)8 dur=2 res=0x2 s={false 0x0} ch=true seqId=0
09-25 13:19:19.867  5639  5639 I ViewRootImpl@757481d[GridListActivity]: MSG_WINDOW_FOCUS_CHANGED 1 0
09-25 13:19:19.868  5639  5639 I ViewRootImpl@757481d[GridListActivity]: mThreadedRenderer.initializeIfNeeded()#2 mSurface={isValid=true 0xb40000774d76d000}
09-25 13:19:19.868  5639  5639 D InputMethodManager: startInputInner - Id : 0
09-25 13:19:19.868  5639  5639 I InputMethodManager: startInputInner - mService.startInputOrWindowGainedFocus
09-25 13:19:19.868  3108  8626 D InputMethodManagerService: DESKTOP MODE! : 2
09-25 13:19:19.868  3108  8626 D InputMethodManagerService: NOT IN KNOX DESKTOP MODE!
09-25 13:19:19.868  3108  8626 V InputMethodManagerService: getDisplayIdOfInputMethodWindowToBeAdded: displayId=0
09-25 13:19:19.868  3108  8626 D InputMethodManagerService: isImeSwitcherDisabledPackage : false
09-25 13:19:19.869  3108  8626 D InputMethodManagerService: checkDisplayOfStartInputAndUpdateKeyboard: displayId=0, mFocusedDisplayId=0
09-25 13:19:19.869  3108  8626 D InputTransport: Input channel constructed: 'ClientS', fd=1259
09-25 13:19:19.869  3108  8626 D InputTransport: Input channel destroyed: 'ClientS', fd=1259
