09-25 13:19:32.192  1914  1914 D SurfaceFlinger: DEVICE | 0xb400007af8705500 | 0100 | RGBA_8888    |    0.0    0.0  518.0   48.0 |  922 3040 1440 3088 | SGestureOverlayWindow$_5369#156268
09-25 13:19:32.192  1914  1914 D SurfaceFlinger:      DEVICE | 0xb400007af6c15880 | 0100 | RGBA_8888    |    0.0    0.0 1440.0  168.0 |    0 2920 1440 3088 | NavigationBar0$_4768#92
09-25 13:19:32.192  1914  1914 D SurfaceFlinger:
09-25 13:19:32.193  3108  3145 D InputDispatcher: Focus entered window (0): 84805c9 com.example.dogglers/com.example.dogglers.VerticalListActivity
09-25 13:19:32.193  5639  5639 I ViewRootImpl@7bb0b71[VerticalListActivity]: MSG_WINDOW_FOCUS_CHANGED 1 0
09-25 13:19:32.193  5639  5639 I ViewRootImpl@7bb0b71[VerticalListActivity]: mThreadedRenderer.initializeIfNeeded()#2 mSurface={isValid=true 0xb40000774e0a3000}
09-25 13:19:32.194  5639  5639 D InputMethodManager: startInputInner - Id : 0
09-25 13:19:32.194  5639  5639 I InputMethodManager: startInputInner - mService.startInputOrWindowGainedFocus
09-25 13:19:32.195  3108  6472 I SemDvfsHyPerManager: acquire hyper - AMS_RESUME_TAIL/3108@20, type = -999
09-25 13:19:32.195  3108  3145 D InputMethodManagerService: DESKTOP MODE! : 2
09-25 13:19:32.195  3108  6472 I SemDvfsHyPerManager: acquire hyper - AMS_ACT_LAZY/3108@21, type = -999
09-25 13:19:32.195  3108  3145 D InputMethodManagerService: NOT IN KNOX DESKTOP MODE!
09-25 13:19:32.195  3108  3145 V InputMethodManagerService: getDisplayIdOfInputMethodWindowToBeAdded: displayId=0
09-25 13:19:32.195  3108  3145 D InputMethodManagerService: isImeSwitcherDisabledPackage : false
09-25 13:19:32.195  1809  1855 I HYPER-HAL: [RequestManager.cpp]acquire(): Acquired ID : 4893776  [3108 / 20]    HINT : AMS_RESUME_TAIL    list :
09-25 13:19:32.195  3108  3145 D InputMethodManagerService: checkDisplayOfStartInputAndUpdateKeyboard: displayId=0, mFocusedDisplayId=0
09-25 13:19:32.195  3108  3145 D InputTransport: Input channel constructed: 'ClientS', fd=1367
09-25 13:19:32.195  3108  3145 D InputTransport: Input channel destroyed: 'ClientS', fd=1367
09-25 13:19:32.197  1809  1855 I HYPER-HAL: [RequestManager.cpp]acquire(): Acquired ID : 4896906  [3108 / 21]    HINT : AMS_ACT_LAZY    list :
09-25 13:19:32.197   586   586 I MSHandlerLifeCycle: check: return. pkg=com.google.android.inputmethod.latin isActivity=false callers=com.android.internal.policy.DecorView.setVisibility:4412 android.inputmethodservice.InkWindow.hide:100 android.inputmethodservice.InputMethodService$InputMethodImpl.unbindInput:875 android.inputmethodservice.IInputMethodWrapper.executeMessage:198 com.android.internal.os.HandlerCaller$MyHandler.handleMessage:44
09-25 13:19:32.198  5639  5639 I ViewInteraction: Performing 'fast swipe' action on view view.getId() is <2131231206/com.example.dogglers:id/vertical_recycler_view>
09-25 13:19:32.198  4768  4860 I ViewRootImpl@b78c8f3[dogglers]: mWNT: t=0xb4000077a0f77700 mBlastBufferQueue=0xb400007705019c80 fn= 2 caller= android.view.SyncRtSurfaceTransactionApplier.applyTransaction:96 android.view.SyncRtSurfaceTransactionApplier.lambda$scheduleApply$0$android-view-SyncRtSurfaceTransactionApplier:69 android.view.SyncRtSurfaceTransactionApplier$$ExternalSyntheticLambda0.onFrameDraw:4
09-25 13:19:32.198  4768  4860 I ViewRootImpl@b78c8f3[dogglers]: mWNT: t=0xb4000077a0f77900 mBlastBufferQueue=0xb400007705019c80 fn= 2 caller= android.view.SyncRtSurfaceTransactionApplier.applyTransaction:96 android.view.SyncRtSurfaceTransactionApplier.lambda$scheduleApply$0$android-view-SyncRtSurfaceTransactionApplier:69 android.view.SyncRtSurfaceTransactionApplier$$ExternalSyntheticLambda0.onFrameDraw:4
09-25 13:19:32.199   586   586 I MSHandlerLifeCycle: removeMultiSplitHandler: no exist. decor=DecorView@722edec[]
09-25 13:19:32.200   586   586 I GoogleInputMethodService: GoogleInputMethodService.onFinishInput():3267
09-25 13:19:32.200  3108  6472 D InputDispatcher: Inject motion (5639/10577): action=0x0, time=811550162000000, f=0x0, d=0 dsdx=1.000000 dtdx=0.000000
09-25 13:19:32.200  3108  4144 W InputDispatcher: obscured by fcf026c Splash
09-25 13:19:32.200  3108  4144 I InputDispatcher: Delivering touch to (4768): action: 0x4, f=0x0, d=0, 'd110b4c', t=0
09-25 13:19:32.200  1914  3193 I SurfaceFlinger: id=162625 createSurf, flag=24004, Surface(name=6a358c3 InputMethod)/@0x1a6cc79 - animation-leash of insets_animation#162625
09-25 13:19:32.200  3108  4144 I InputDispatcher: Delivering touch to (5639): action: 0x0, f=0x1, d=0, '84805c9', t=0 +(-84,-181)*(1.12)
09-25 13:19:32.201  5639  5639 I ViewRootImpl@7bb0b71[VerticalListActivity]: ViewPostIme pointer 0
09-25 13:19:32.201  5369  5369 I TouchInteractionService: onInputEvent, inputConsumer = com.android.quickstep.l2@2290d17
09-25 13:19:32.201  1809  1855 I HYPER-HAL: [RequestManager.cpp]releaseLocked(): Released ID : 4903169
09-25 13:19:32.201   586   586 I GoogleInputMethodService: GoogleInputMethodService.updateDeviceLockedStatus():2097 repeatCheckTimes = 0, locked = false
09-25 13:19:32.201   586   586 D InputMethodService: checkFocusedDisplay() display Id 0last 0
09-25 13:19:32.202   586   586 I GoogleInputMethodService: GoogleInputMethodService.onStartInput():1889 onStartInput(EditorInfo{EditorInfo{packageName=com.example.dogglers, inputType=0, inputTypeString=NULL, enableLearning=false, autoCorrection=false, autoComplete=false, imeOptions=0, privateImeOptions=null, actionName=UNSPECIFIED, actionLabel=null, initialSelStart=-1, initialSelEnd=-1, initialCapsMode=0, label=null, fieldId=-1, fieldName=null, extras=Bundle[{displayId=0}], hintText=null, hintLocales=[]}}, false)
09-25 13:19:32.202   586   586 I GoogleInputMethodService: GoogleInputMethodService.updateDeviceLockedStatus():2097 repeatCheckTimes = 1, locked = false
09-25 13:19:32.202  8328  8328 I SemDvfsHyPerManager: acquire hyper - TATouchBoost/8328@25, type = 1090523139
09-25 13:19:32.203  1809  1855 I HYPER-HAL: [RequestManager.cpp]acquire(): Acquired ID : 34890506  [8328 / 25]    HINT :      list : [TABoost / 1] [TIMEOUT / 1500]
09-25 13:19:32.204  3108  3228 I GestureDetector: obtain mCurrentMotionEventRaw. action: 0 id: -296510318
09-25 13:19:32.204  3108  3228 I GestureDetector: obtain mCurrentDownEvent. id: -296510318 caller: com.android.server.wm.SystemGesturesPointerEventListener.onPointerEvent:203 com.android.server.wm.PointerEventDispatcher.onInputEvent:53 android.view.InputEventReceiver.dispatchInputEvent:285
09-25 13:19:32.204  3108  3228 I GestureDetector: obtain mCurrentMotionEventRaw. action: 0 id: -296510318
09-25 13:19:32.204  3108  4074 D InputMethodManagerService: isImeSwitcherDisabledPackage : false
09-25 13:19:32.204  3108  3228 I GestureDetector: obtain mCurrentDownEvent. id: -296510318 caller: com.android.server.wm.SystemPerformancePointerEventListener.onPointerEvent:89 com.android.server.wm.PointerEventDispatcher.onInputEvent:53 android.view.InputEventReceiver.dispatchInputEvent:285
09-25 13:19:32.205   586   586 I InputMethodService: removeImeSurface
09-25 13:19:32.205   586   586 I MSHandlerLifeCycle: check: return. pkg=com.google.android.inputmethod.latin isActivity=false callers=com.android.internal.policy.DecorView.setVisibility:4412 android.app.Dialog.hide:767 android.inputmethodservice.InputMethodService.removeImeSurface:1290 android.inputmethodservice.InputMethodService.scheduleImeSurfaceRemoval:1279 android.inputmethodservice.InputMethodService.-$$Nest$mscheduleImeSurfaceRemoval:0
09-25 13:19:32.205   586   586 I MSHandlerLifeCycle: removeMultiSplitHandler: no exist. decor=DecorView@3ddf8c7[InputMethod]
09-25 13:19:32.206  1914  1914 I Layer   : id=162609 removedFromDrawingState Surface(name=6a358c3 InputMethod)/@0x1a6cc79 - animation-leash of insets_animation#162609 (334)
09-25 13:19:32.206  1914  1914 I SurfaceFlinger: id=162609 Removed Surface(name=6a358c3 InputMethod)/@0x1a6cc79 - animation-leash of insets_animation#162609 (334)
09-25 13:19:32.206  1914  1914 I Layer   : id=162609 Destroyed Surface(name=6a358c3 InputMethod)/@0x1a6cc79 - animation-leash of insets_animation#162609
09-25 13:19:32.206  4768  4861 I ViewRootImpl@b78c8f3[dogglers]: mWNT: t=0xb4000077a0f94100 mBlastBufferQueue=0xb400007705019c80 fn= 3 caller= android.view.SyncRtSurfaceTransactionApplier.applyTransaction:96 android.view.SyncRtSurfaceTransactionApplier.lambda$scheduleApply$0$android-view-SyncRtSurfaceTransactionApplier:69 android.view.SyncRtSurfaceTransactionApplier$$ExternalSyntheticLambda0.onFrameDraw:4
09-25 13:19:32.215  4768  4860 I ViewRootImpl@b78c8f3[dogglers]: mWNT: t=0xb4000077a0f77c00 mBlastBufferQueue=0xb400007705019c80 fn= 4 caller= android.view.SyncRtSurfaceTransactionApplier.applyTransaction:96 android.view.SyncRtSurfaceTransactionApplier.lambda$scheduleApply$0$android-view-SyncRtSurfaceTransactionApplier:69 android.view.SyncRtSurfaceTransactionApplier$$ExternalSyntheticLambda0.onFrameDraw:4
09-25 13:19:32.223  4768  4861 I ViewRootImpl@b78c8f3[dogglers]: mWNT: t=0xb4000077a1011200 mBlastBufferQueue=0xb400007705019c80 fn= 5 caller= android.view.SyncRtSurfaceTransactionApplier.applyTransaction:96 android.view.SyncRtSurfaceTransactionApplier.lambda$scheduleApply$0$android-view-SyncRtSurfaceTransactionApplier:69 android.view.SyncRtSurfaceTransactionApplier$$ExternalSyntheticLambda0.onFrameDraw:4
09-25 13:19:32.228  5369  8863 I RecentModel: onTaskStackChangedBackground
09-25 13:19:32.229  8328  8651 I SemDvfsHyPerManager: acquire hyper - TABaseBoost/8328@24, type = 1090523139
09-25 13:19:32.229  1809  1855 I HYPER-HAL: [RequestManager.cpp]acquire(): Acquired ID : 34882152  [8328 / 24]    HINT :      list : [TABoost / 1]
09-25 13:19:32.230  8130  8237 I [AirCmd]_ActivitySwitchDetector: onTaskStackChanged : componentName - ComponentInfo{com.example.dogglers/com.example.dogglers.VerticalListActivity}
09-25 13:19:32.230  8130  8237 I [AirCmd]_ActivitySwitchDetector: onTaskStackChanged : mTopMostActivity - ComponentInfo{com.example.dogglers/androidx.test.core.app.InstrumentationActivityInvoker$BootstrapActivity}
09-25 13:19:32.230  5369  5741 I RecentTasksList: loadTasksInBackground : groupTask = GroupTask{task1=[id=6869 windowingMode=1 user=0 lastActiveTime=1366856278] null, task2=null, task3=null, mStagedSplitBounds=null}
09-25 13:19:32.230  5369  5741 I RecentTasksList: loadTasksInBackground : groupTask = GroupTask{task1=[id=6898 windowingMode=1 user=0 lastActiveTime=1367009547] null, task2=null, task3=null, mStagedSplitBounds=null}
09-25 13:19:32.230  5369  5741 I RecentTasksList: loadTasksInBackground : groupTask = GroupTask{task1=[id=7122 windowingMode=1 user=0 lastActiveTime=1370098385] null, task2=null, task3=null, mStagedSplitBounds=null}
09-25 13:19:32.230  8130  8237 I [AirCmd]_CallbackRepeater: stopRepeat : isWorking=false
09-25 13:19:32.230  8130  8237 I [AirCmd]_MediaControlStateMonitor: isForegroundAppSupportsMediaButton : mediaSession is empty
09-25 13:19:32.231  8130  8237 I [AirCmd]_MediaControlStateMonitor: active Notification List is null
09-25 13:19:32.231  8130  8237 I [AirCmd]_RemoteSpenMainController: hasGeneralAction : packageName is com.example.dogglers, activityName is com.example.dogglers.VerticalListActivity, hasActions is false
09-25 13:19:32.231  8130  8237 I [AirCmd]_CameraAvailabilityMonitor: isCameraPreviewOn : mIsCameraPreviewOn is false
09-25 13:19:32.232  4768  4860 I ViewRootImpl@b78c8f3[dogglers]: mWNT: t=0xb4000077a0ef3300 mBlastBufferQueue=0xb400007705019c80 fn= 6 caller= android.view.SyncRtSurfaceTransactionApplier.applyTransaction:96 android.view.SyncRtSurfaceTransactionApplier.lambda$scheduleApply$0$android-view-SyncRtSurfaceTransactionApplier:69 android.view.SyncRtSurfaceTransactionApplier$$ExternalSyntheticLambda0.onFrameDraw:4
09-25 13:19:32.232  8130  8237 I [AirCmd]_CameraAvailabilityMonitor: isCameraPreviewOn : mIsCameraPreviewOn is false
09-25 13:19:32.232  8130  8237 I [AirCmd]_MediaControlStateMonitor: isForegroundAppSupportsMediaButton : mediaSession is empty
09-25 13:19:32.232  8130  8237 I [AirCmd]_MediaControlStateMonitor: active Notification List is null
09-25 13:19:32.232  8130  8237 I [AirCmd]_PenActionRule: getAction : get default action data from remote action because pen action data is null.
09-25 13:19:32.233  8130  8237 I [AirCmd]_ButtonActionDetector: enableDoubleClickDetection: enabled=true, doubleClickWaitInterval=300
09-25 13:19:32.233  8130  8237 I [AirCmd]_RemoteSpenMainController: onSwitch : package is com.example.dogglers   and activity is com.example.dogglers.VerticalListActivity and isBleConnected is false and hasActions is false
09-25 13:19:32.240  4768  4861 I ViewRootImpl@b78c8f3[dogglers]: mWNT: t=0xb4000077a0f77500 mBlastBufferQueue=0xb400007705019c80 fn= 7 caller= android.view.SyncRtSurfaceTransactionApplier.applyTransaction:96 android.view.SyncRtSurfaceTransactionApplier.lambda$scheduleApply$0$android-view-SyncRtSurfaceTransactionApplier:69 android.view.SyncRtSurfaceTransactionApplier$$ExternalSyntheticLambda0.onFrameDraw:4
09-25 13:19:32.248  4768  4851 D OpenGLRenderer: setSurface called with nullptr
09-25 13:19:32.248  4768  4851 D OpenGLRenderer: setSurface() destroyed EGLSurface
09-25 13:19:32.249  4768  4851 D OpenGLRenderer: destroyEglSurface
09-25 13:19:32.250  2229  9007 I CameraService: onUidStateChanged: uid=10042, procState is changed. (1 -> 0)
09-25 13:19:32.251  4768  4843 I ViewRootImpl@b78c8f3[dogglers]: performTraversals params={(0,0)(fillxfill) sim={adjust=pan} ty=APPLICATION_STARTING fmt=TRANSLUCENT wanim=0x1030001 alpha=0.0
09-25 13:19:32.251  4768  4843 I ViewRootImpl@b78c8f3[dogglers]:   fl=81030118
09-25 13:19:32.251  4768  4843 I ViewRootImpl@b78c8f3[dogglers]:   pfl=16000010
09-25 13:19:32.251  4768  4843 I ViewRootImpl@b78c8f3[dogglers]:   bhv=DEFAULT
09-25 13:19:32.251  4768  4843 I ViewRootImpl@b78c8f3[dogglers]:   fitSides= naviIconColor=0}
09-25 13:19:32.251  4768  4843 I ViewRootImpl@b78c8f3[dogglers]: performTraversals mFirst=false windowShouldResize=false viewVisibilityChanged=true mForceNextWindowRelayout=false params={(0,0)(fillxfill) sim={adjust=pan} ty=APPLICATION_STARTING fmt=TRANSLUCENT wanim=0x1030001 alpha=0.0
09-25 13:19:32.251  4768  4843 I ViewRootImpl@b78c8f3[dogglers]:   fl=81030118
09-25 13:19:32.251  4768  4843 I ViewRootImpl@b78c8f3[dogglers]:   pfl=16000010
09-25 13:19:32.251  4768  4843 I ViewRootImpl@b78c8f3[dogglers]:   bhv=DEFAULT
09-25 13:19:32.251  4768  4843 I ViewRootImpl@b78c8f3[dogglers]:   fitSides= naviIconColor=0}
09-25 13:19:32.252  3108  4074 V WindowManager: Relayout Window{fcf026c u0 Splash Screen com.example.dogglers}: viewVisibility=8 req=1440x3088 d0
09-25 13:19:32.254  3108  4074 V WindowManager: Relayout hash=fcf026c, pid=4768, syncId=-1: mAttrs={(0,0)(fillxfill) sim={adjust=pan} ty=APPLICATION_STARTING fmt=TRANSLUCENT wanim=0x1030001 alpha=0.0
09-25 13:19:32.254  3108  4074 V WindowManager:   fl=81030118
09-25 13:19:32.254  3108  4074 V WindowManager:   pfl=16000010
09-25 13:19:32.254  3108  4074 V WindowManager:   bhv=DEFAULT
09-25 13:19:32.254  3108  4074 V WindowManager:   fitSides= naviIconColor=0}
09-25 13:19:32.255  4768  4843 I ViewRootImpl@b78c8f3[dogglers]: Relayout returned: old=(0,0,1440,3088) new=(0,0,1440,3088) req=(1440,3088)8 dur=3 res=0x2 s={false 0x0} ch=true seqId=0
09-25 13:19:32.255  4768  4843 I ViewRootImpl@b78c8f3[dogglers]: dispatchDetachedFromWindow
09-25 13:19:32.256  3108  4074 D InputTransport: Input channel destroyed: 'fcf026c', fd=1249
09-25 13:19:32.256  3108  4074 W InputManager-JNI: Input channel object 'fcf026c Splash Screen com.example.dogglers (client)' was disposed without first being removed with the input manager!
09-25 13:19:32.256  3108  4074 D InputTransport: Input channel destroyed: 'fcf026c', fd=1289
09-25 13:19:32.257  4768  4843 D InputTransport: Input channel destroyed: 'fcf026c', fd=212
09-25 13:19:32.260  1914  1914 D SurfaceFlinger: Display 4630947093241269891 HWC layers:
09-25 13:19:32.260  1914  1914 D SurfaceFlinger:      CLIENT | 0xb400007af6c13480 | 0100 | RGBx_8888    |  592.0    0.0 1628.0 2220.0 |    0    0 1440 3088 | Wallpaper BBQ wrapper#90
09-25 13:19:32.260  1914  1914 D SurfaceFlinger:      CLIENT | 0xb400007aeb18b700 | 0100 | RGBA_8888    |    0.0    0.0 1440.0 3088.0 |    0    0 1440 3088 | com.sec.android.app.launcher/com.sec[...]rActivity$_5369#162528 (blurRegions)
09-25 13:19:32.260  1914  1914 D SurfaceFlinger:      DEVICE | 0xb400007af6c14c00 | 0102 | RGBA_8888    |    0.0    0.0 1440.0 3088.0 |   39   84 1401 3004 | com.example.dogglers/com.example.dogglers.VerticalListActivity$_5639#162621
09-25 13:19:32.260  1914  1914 D SurfaceFlinger:      DEVICE | 0xb400007af6c14880 | 0100 | RGBA_8888    |    0.0    0.0 1440.0  100.0 |    0    0 1440  100 | StatusBar$_4768#95
09-25 13:19:32.260  1914  1914 D SurfaceFlinger:      DEVICE | 0xb400007af8705400 | 0100 | RGBA_8888    |    0.0    0.0   67.0  589.0 |    0  562   67 1151 | com.samsung.android.app.cocktailbars[...]vice.CocktailBarService$_8423#156853
09-25 13:19:32.260  1914  1914 D SurfaceFlinger:      DEVICE | 0xb400007af8705500 | 0100 | RGBA_8888    |    0.0    0.0  518.0   48.0 |  922 3040 1440 3088 | SGestureOverlayWindow$_5369#156268
09-25 13:19:32.260  1914  1914 D SurfaceFlinger:      DEVICE | 0xb4
09-25 13:19:32.260  1914  1914 D SurfaceFlinger: 00007af6c15880 | 0100 | RGBA_8888    |    0.0    0.0 1440.0  168.0 |    0 2920 1440 3088 | NavigationBar0$_4768#92
09-25 13:19:32.260  1914  1914 D SurfaceFlinger:
09-25 13:19:32.264  1914  1914 I Layer   : id=162624 removedFromDrawingState Surface(name=84805c9 com.example.dogglers/com.example.dogglers.VerticalListActivity)/@0xa815de7 - animation-leash of starting_reveal#162624 (333)
09-25 13:19:32.293  6586  6586 I SAMSUNGWALLET-USBP: [AlertController] Boarding pass alert is not enabled
09-25 13:19:32.293  6586  6586 I SAMSUNGWALLET-USBP: [AlertController] dismiss alert: NO_ALERT
09-25 13:19:32.305  8328  8328 I SemDvfsHyPerManager: acquire hyper - TATouchBoost/8328@25, type = 1090523139
09-25 13:19:32.305  1809  1855 I HYPER-HAL: [RequestManager.cpp]acquire(): Acquired ID : 34890506  [8328 / 25]    HINT :      list : [TABoost / 1] [TIMEOUT / 1500]
09-25 13:19:32.364  3108  4074 D InputDispatcher: Inject motion (5639/10577): action=0x1, time=811550327000000, f=0x0, d=0 dsdx=1.000000 dtdx=0.000000
09-25 13:19:32.434  5639  5639 I ViewInteraction: Checking 'MatchesViewAssertion{viewMatcher=(view has effective visibility <VISIBLE> and view.getGlobalVisibleRect() to return non-empty rectangle)}' assertion on view an instance of android.widget.TextView and view.getText() with or without transformation to match: is "Faye"
09-25 13:19:32.434  5639  5639 E ViewAssertions: '(view has effective visibility <VISIBLE> and view.getGlobalVisibleRect() to return non-empty rectangle)' check could not be performed because view 'an instance of android.widget.TextView and view.getText() with or without transformation to match: is "Faye"' was not found.
09-25 13:19:32.441  3108  3230 I ChimeraSystemEventListener: appLaunchIntent package name is: com.example.dogglers
09-25 13:19:32.442  3108  6472 I SemDvfsHyPerManager: acquire hyper - AMS_ACT_START/3108@18, type = -999
09-25 13:19:32.443  1809  1855 I HYPER-HAL: [RequestManager.cpp]acquire(): Acquired ID : 4887519  [3108 / 18]    HINT : AMS_ACT_START    list :
09-25 13:19:32.443  1914  3199 I SurfaceFlinger: id=162626 createSurf, flag=80004, ActivityRecord{7478ed7 u0 com.example.dogglers/androidx.test.core.app.InstrumentationActivityInvoker$EmptyActivity} t7122}#162626
09-25 13:19:32.449  1809  6498 I HYPER-HAL: [RequestManager.cpp]releaseLocked(): Released ID : 4906302
09-25 13:19:32.451  1914  4196 I SurfaceFlinger: id=162627 createSurf, flag=80000, 7315e56 ActivityRecordInputSink com.example.dogglers/androidx.test.core.app.InstrumentationActivityInvoker$EmptyActivity#162627
09-25 13:19:32.452  8423  8423 I Utils   : isCurrentUser current = 0, ownerId = 0
09-25 13:19:32.452  8423  8423 I TrayVisibilityController: getComputedTrayVisible : keyguardState = 1
09-25 13:19:32.452  8423  8423 I TrayVisibilityController: updateTrayVisible: State=1 visible=1 mCurrentVisible=1 specificMode=0
09-25 13:19:32.452  8423  8423 I TrayStateController: onNotifyUpdateTray: state=0
09-25 13:19:32.453  5759  5759 E pageboostd: Received HALT command code 2
09-25 13:19:32.453  3108  3230 D PersonaActivityHelper: Activity not in resumed state, do not run immediate lock
09-25 13:19:32.453  5639  5639 D LifecycleMonitor: Lifecycle status change: com.example.dogglers.VerticalListActivity@4c6b182 in: PAUSED
09-25 13:19:32.454  5639  5639 V ActivityScenario: Update currentActivityStage to PAUSED, currentActivity=com.example.dogglers.VerticalListActivity@4c6b182
09-25 13:19:32.455  3108  6472 D InputDispatcher: Focused application(0): ActivityRecord{7478ed7 u0 com.example.dogglers/androidx.test.core.app.InstrumentationActivityInvoker$EmptyActivity} t7122}
09-25 13:19:32.456  3108 29076 D RemoteAppTaskWatcher:  ****** RemoteAppTaskWatcher: Message Received 5 Task ID = 0
09-25 13:19:32.459  3108  3230 I SemPersonaManager: SecureFolder personaId = 150
09-25 13:19:32.459  5639  5639 D LifecycleMonitor: Lifecycle status change: androidx.test.core.app.InstrumentationActivityInvoker$EmptyActivity@8561c44 in: PRE_ON_CREATE
09-25 13:19:32.460  5639  5639 V ActivityScenario: Activity lifecycle changed event received but ignored because the intent does not match. startActivityIntent=Intent { act=android.intent.action.MAIN cat=[android.intent.category.LAUNCHER] cmp=com.example.dogglers/.VerticalListActivity }, activity.getIntent()=Intent { act=android.intent.action.MAIN cat=[android.intent.category.LAUNCHER] flg=0x10000000 cmp=com.example.dogglers/androidx.test.core.app.InstrumentationActivityInvoker$EmptyActivity }, activity=androidx.test.core.app.InstrumentationActivityInvoker$EmptyActivity@8561c44
09-25 13:19:32.461 15715 18710 I WindowsLink: (TaskInfoManager) +++++++++++onRecentTaskStackUpdated
09-25 13:19:32.462  3108  3230 D EnterpriseDeviceManagerService: isMdmAdminPresentInternal() : MDM Admin Found - com.samsung.knox.securefolder
09-25 13:19:32.463  5639  5639 I DecorView: [INFO] isPopOver=false config=true
09-25 13:19:32.463  5639  5639 I DecorView: updateCaptionType: isFloating=false isApplication=true hasWindowDecorCaption=false this=DecorView@5dc13f3[]
09-25 13:19:32.463  5639  5639 D DecorView: setCaptionType = 0, this = DecorView@5dc13f3[]
09-25 13:19:32.464  3108  6142 I MediaSessionMonitor: Media session stopped : controllerList empty
09-25 13:19:32.464  5639  5639 I DecorView: getCurrentDensityDpi: from real metrics. densityDpi=560 msg=resources_loaded
09-25 13:19:32.464  8423  8423 I ActivityUtils: HomePackage : com.sec.android.app.launcher, resumePackageName : com.example.dogglers
09-25 13:19:32.464  5639  5639 I DecorView: setWindowBackground: isPopOver=false color=ff010101 d=android.graphics.drawable.StateListDrawable@dbab8b0
09-25 13:19:32.464  5639  5639 D LifecycleMonitor: Lifecycle status change: androidx.test.core.app.InstrumentationActivityInvoker$EmptyActivity@8561c44 in: CREATED
09-25 13:19:32.464  1914  1914 I SurfaceFlinger: [84805c9 com.example.dogglers/com.example.dogglers.VerticalListActivity#162620] FrameRatePriority: -1
09-25 13:19:32.464  5639  5639 V ActivityScenario: Activity lifecycle changed event received but ignored because the intent does not match. startActivityIntent=Intent { act=android.intent.action.MAIN cat=[android.intent.category.LAUNCHER] cmp=com.example.dogglers/.VerticalListActivity }, activity.getIntent()=Intent { act=android.intent.action.MAIN cat=[android.intent.category.LAUNCHER] flg=0x10000000 cmp=com.example.dogglers/androidx.test.core.app.InstrumentationActivityInvoker$EmptyActivity }, activity=androidx.test.core.app.InstrumentationActivityInvoker$EmptyActivity@8561c44
09-25 13:19:32.465  5639  5639 D LifecycleMonitor: Lifecycle status change: androidx.test.core.app.InstrumentationActivityInvoker$EmptyActivity@8561c44 in: STARTED
09-25 13:19:32.465  5639  5639 V ActivityScenario: Activity lifecycle changed event received but ignored because the intent does not match. startActivityIntent=Intent { act=android.intent.action.MAIN cat=[android.intent.category.LAUNCHER] cmp=com.example.dogglers/.VerticalListActivity }, activity.getIntent()=Intent { act=android.intent.action.MAIN cat=[android.intent.category.LAUNCHER] flg=0x10000000 cmp=com.example.dogglers/androidx.test.core.app.InstrumentationActivityInvoker$EmptyActivity }, activity=androidx.test.core.app.InstrumentationActivityInvoker$EmptyActivity@8561c44
09-25 13:19:32.465  5639  5639 D LifecycleMonitor: Lifecycle status change: androidx.test.core.app.InstrumentationActivityInvoker$EmptyActivity@8561c44 in: RESUMED
09-25 13:19:32.465  5639  5639 V ActivityScenario: Activity lifecycle changed event received but ignored because the intent does not match. startActivityIntent=Intent { act=android.intent.action.MAIN cat=[android.intent.category.LAUNCHER] cmp=com.example.dogglers/.VerticalListActivity }, activity.getIntent()=Intent { act=android.intent.action.MAIN cat=[android.intent.category.LAUNCHER] flg=0x10000000 cmp=com.example.dogglers/androidx.test.core.app.InstrumentationActivityInvoker$EmptyActivity }, activity=androidx.test.core.app.InstrumentationActivityInvoker$EmptyActivity@8561c44
09-25 13:19:32.465  5639  5639 I MSHandlerLifeCycle: check: return. pkg=com.example.dogglers parent=null callers=com.android.internal.policy.DecorView.setVisibility:4412 android.app.ActivityThread.handleResumeActivity:5476 android.app.servertransaction.ResumeActivityItem.execute:54 android.app.servertransaction.ActivityTransactionItem.execute:45 android.app.servertransaction.TransactionExecutor.executeLifecycleState:176
09-25 13:19:32.466  5639  5639 I MSHandlerLifeCycle: removeMultiSplitHandler: no exist. decor=DecorView@5dc13f3[]
09-25 13:19:32.467  5639  5729 D NativeCustomFrequencyManager: [NativeCFMS] BpCustomFrequencyManager::BpCustomFrequencyManager()
09-25 13:19:32.469  3108  6266 D InputTransport: Input channel constructed: '43faf92', fd=1367
09-25 13:19:32.469  3108  6266 D InputTransport: Input channel constructed: '43faf92', fd=1369
09-25 13:19:32.469  3108  6266 D InputTransport: Input channel constructed: '43faf92', fd=1372
09-25 13:19:32.469  1914  3193 I SurfaceFlinger: id=162628 createSurf, flag=80004, 43faf92 com.example.dogglers/androidx.test.core.app.InstrumentationActivityInvoker$EmptyActivity#162628
09-25 13:19:32.470  3108  6266 D InputTransport: Input channel destroyed: '43faf92', fd=1372
09-25 13:19:32.471  5639  5639 D InsetsController: onStateChanged: InsetsState: {mDisplayFrame=Rect(0, 0 - 1440, 3088), mDisplayCutout=DisplayCutout{insets=Rect(0, 100 - 0, 0) waterfall=Insets{left=0, top=0, right=0, bottom=0} boundingRect={Bounds=[Rect(0, 0 - 0, 0), Rect(685, 0 - 756, 100), Rect(0, 0 - 0, 0), Rect(0, 0 - 0, 0)]} cutoutPathParserInfo={CutoutPathParserInfo{displayWidth=1440 displayHeight=3088 physicalDisplayWidth=1440 physicalDisplayHeight=3088 density={3.75} cutoutSpec={M 0,0 H -9.466666666666667 V 26.66666666666667‬ H 9.466666666666667 V 0 H 0 Z @dp} rotation={0} scale={1.0} physicalPixelDisplaySizeRatio={1.0}}}}, mRoundedCorners=RoundedCorners{[RoundedCorner{position=TopLeft, radius=14, center=Point(14, 14)}, RoundedCorner{position=TopRight, radius=14, center=Point(1426, 14)}, RoundedCorner{position=BottomRight, radius=14, center=Point(1426, 3074)}, RoundedCorner{position=BottomLeft, radius=14, center=Point(14, 3074)}]}  mRoundedCornerFrame=Rect(0, 0 - 1440, 3088), mPrivacyIndicatorBounds=PrivacyIndicatorBounds {static bounds=Rect(1286, 0 - 1440, 100) rotation=0}, mSources= { InsetsSource: {mType=ITYPE_STATUS_BAR, mFrame=[0,0][1440,100], mVisible=true, mInsetsRoundedCornerFrame=false}, InsetsSource: {mType=ITYPE_NAVIGATION_BAR, mFrame=[0,3088][1440,3088], mVisible=true, mInsetsRoundedCornerFrame=false}, InsetsSource: {mType=ITYPE_LEFT_GESTURES, mFrame=[0,0][0,3088], mVisible=true, mInsetsRoundedCornerFrame=false}, InsetsSource: {mType=ITYPE_RIGHT_GESTURES, mFrame=[1440,0][1440,3088], mVisible=true, mInsetsRoundedCornerFrame=false}, InsetsSource: {mType=ITYPE_TOP_MANDATORY_GESTURES, mFrame=[0,0][1440,142], mVisible=true, mInsetsRoundedCornerFrame=false}, InsetsSource: {mType=ITYPE_BOTTOM_MANDATORY_GESTURES, mFrame=[0,3018][1440,3088], mVisible=true, mInsetsRoundedCornerFrame=false}, InsetsSource: {mType=ITYPE_LEFT_DISPLAY_CUTOUT, mFrame=[0,0][-100000,3088], mVisible=true, mInsetsRoundedCornerFrame=false}, InsetsSource: {mType=ITYPE_TOP_DISPLAY_CUTOUT, mFrame=[0,0][1440,100], mVisible=true, mInsetsRoundedCornerFrame=false}, InsetsSource: {mType=ITYPE_RIGHT_DISPLAY_CUTOUT, mFrame=[100000,0][1440,3088], mVisible=true, mInsetsRoundedCornerFrame=false}, InsetsSource: {mType=ITYPE_BOTTOM_DISPLAY_CUTOUT, mFrame=[0,100000][1440,3088], mVisible=true, mInsetsRoundedCornerFrame=false}, InsetsSource: {mType=ITYPE_TOP_TAPPABLE_ELEMENT, mFrame=[0,0][1440,100], mVisible=true, mInsetsRoundedCornerFrame=false}, InsetsSource: {mType=ITYPE_BOTTOM_TAPPABLE_ELEMENT, mFrame=[0,0][0,0], mVisible=true, mInsetsRoundedCornerFrame=false} } host=com.example.dogglers/androidx.test.core.app.InstrumentationActivityInvoker$EmptyActivity from=android.view.ViewRootImpl.setView:1732
09-25 13:19:32.472  5639  5639 I ViewRootImpl@7ebb6ae[InstrumentationActivityInvoker$EmptyActivity]: setView = com.android.internal.policy.DecorView@5dc13f3 TM=true
09-25 13:19:32.472  5639  5639 I MSHandlerLifeCycle: removeMultiSplitHandler: no exist. decor=DecorView@5dc13f3[InstrumentationActivityInvoker$EmptyActivity]
09-25 13:19:32.473  3108  3338 D AnalyticsContainerHandler: handleMessage : { when=0 what=1 target=com.android.server.knox.KnoxAnalyticsContainer$AnalyticsHandler }
09-25 13:19:32.473  3108  6476 D InputDispatcher: Focus request (0): <null> but waiting because NOT_FOCUSABLE
09-25 13:19:32.473  3108  6476 D InputDispatcher: Focus left window (0): 84805c9 com.example.dogglers/com.example.dogglers.VerticalListActivity
09-25 13:19:32.474  5639  5639 I ViewRootImpl@7ebb6ae[InstrumentationActivityInvoker$EmptyActivity]: performTraversals params={(0,0)(fillxfill) sim={adjust=pan forwardNavigation} ty=BASE_APPLICATION wanim=0x1030001
09-25 13:19:32.474  5639  5639 I ViewRootImpl@7ebb6ae[InstrumentationActivityInvoker$EmptyActivity]:   fl=1810100
09-25 13:19:32.474  5639  5639 I ViewRootImpl@7ebb6ae[InstrumentationActivityInvoker$EmptyActivity]:   pfl=12020040
09-25 13:19:32.474  5639  5639 I ViewRootImpl@7ebb6ae[InstrumentationActivityInvoker$EmptyActivity]:   bhv=DEFAULT
09-25 13:19:32.474  5639  5639 I ViewRootImpl@7ebb6ae[InstrumentationActivityInvoker$EmptyActivity]:   fitSides= naviIconColor=0}
09-25 13:19:32.474  5639  5639 I ViewRootImpl@7ebb6ae[InstrumentationActivityInvoker$EmptyActivity]: performTraversals mFirst=true windowShouldResize=true viewVisibilityChanged=false mForceNextWindowRelayout=false params={(0,0)(fillxfill) sim={adjust=pan forwardNavigation} ty=BASE_APPLICATION wanim=0x1030001
09-25 13:19:32.474  5639  5639 I ViewRootImpl@7ebb6ae[InstrumentationActivityInvoker$EmptyActivity]:   fl=1810100
09-25 13:19:32.474  5639  5639 I ViewRootImpl@7ebb6ae[InstrumentationActivityInvoker$EmptyActivity]:   pfl=12020040
09-25 13:19:32.474  5639  5639 I ViewRootImpl@7ebb6ae[InstrumentationActivityInvoker$EmptyActivity]:   bhv=DEFAULT
09-25 13:19:32.474  5639  5639 I ViewRootImpl@7ebb6ae[InstrumentationActivityInvoker$EmptyActivity]:   fitSides= naviIconColor=0}
09-25 13:19:32.474  3108  6266 V WindowManager: Relayout Window{43faf92 u0 com.example.dogglers/androidx.test.core.app.InstrumentationActivityInvoker$EmptyActivity}: viewVisibility=0 req=1440x3088 d0
09-25 13:19:32.475  1914  3199 I SurfaceFlinger: id=162629 createSurf, flag=40004, com.example.dogglers/androidx.test.core.app.InstrumentationActivityInvoker$EmptyActivity$_5639#162629
09-25 13:19:32.478  1914  3199 I SurfaceFlinger: id=162630 createSurf, flag=24000, Surface(name=4eb27f5 StatusBar)/@0x43fa543 - animation-leash of insets_animation#162630
09-25 13:19:32.479  1914  3199 I SurfaceFlinger: id=162631 createSurf, flag=24000, Surface(name=d110b4c NavigationBar0)/@0x8bdb781 - animation-leash of insets_animation#162631
09-25 13:19:32.480  3108  6266 V WindowManager: Relayout hash=43faf92, pid=5639, syncId=-1: mAttrs={(0,0)(fillxfill) sim={adjust=pan forwardNavigation} ty=BASE_APPLICATION wanim=0x1030001
09-25 13:19:32.480  3108  6266 V WindowManager:   fl=1810100
09-25 13:19:32.480  3108  6266 V WindowManager:   pfl=12020040
09-25 13:19:32.480  3108  6266 V WindowManager:   bhv=DEFAULT
09-25 13:19:32.480  3108  6266 V WindowManager:   fitSides= naviIconColor=0}
09-25 13:19:32.481  5639  5639 D InsetsController: onStateChanged: InsetsState: {mDisplayFrame=Rect(0, 0 - 1440, 3088), mDisplayCutout=DisplayCutout{insets=Rect(0, 100 - 0, 0) waterfall=Insets{left=0, top=0, right=0, bottom=0} boundingRect={Bounds=[Rect(0, 0 - 0, 0), Rect(685, 0 - 756, 100), Rect(0, 0 - 0, 0), Rect(0, 0 - 0, 0)]} cutoutPathParserInfo={CutoutPathParserInfo{displayWidth=1440 displayHeight=3088 physicalDisplayWidth=1440 physicalDisplayHeight=3088 density={3.75} cutoutSpec={M 0,0 H -9.466666666666667 V 26.66666666666667‬ H 9.466666666666667 V 0 H 0 Z @dp} rotation={0} scale={1.0} physicalPixelDisplaySizeRatio={1.0}}}}, mRoundedCorners=RoundedCorners{[RoundedCorner{position=TopLeft, radius=14, center=Point(14, 14)}, RoundedCorner{position=TopRight, radius=14, center=Point(1426, 14)}, RoundedCorner{position=BottomRight, radius=14, center=Point(1426, 3074)}, RoundedCorner{position=BottomLeft, radius=14, center=Point(14, 3074)}]}  mRoundedCornerFrame=Rect(0, 0 - 1440, 3088), mPrivacyIndicatorBounds=PrivacyIndicatorBounds {static bounds=Rect(1286, 0 - 1440, 100) rotation=0}, mSources= { InsetsSource: {mType=ITYPE_STATUS_BAR, mFrame=[0,0][1440,100], mVisible=true, mInsetsRoundedCornerFrame=false}, InsetsSource: {mType=ITYPE_NAVIGATION_BAR, mFrame=[0,3088][1440,3088], mVisible=true, mInsetsRoundedCornerFrame=false}, InsetsSource: {mType=ITYPE_LEFT_GESTURES, mFrame=[0,0][0,3088], mVisible=true, mInsetsRoundedCornerFrame=false}, InsetsSource: {mType=ITYPE_RIGHT_GESTURES, mFrame=[1440,0][1440,3088], mVisible=true, mInsetsRoundedCornerFrame=false}, InsetsSource: {mType=ITYPE_TOP_MANDATORY_GESTURES, mFrame=[0,0][1440,142], mVisible=true, mInsetsRoundedCornerFrame=false}, InsetsSource: {mType=ITYPE_BOTTOM_MANDATORY_GESTURES, mFrame=[0,3018][1440,3088], mVisible=true, mInsetsRoundedCornerFrame=false}, InsetsSource: {mType=ITYPE_LEFT_DISPLAY_CUTOUT, mFrame=[0,0][-100000,3088], mVisible=true, mInsetsRoundedCornerFrame=false}, InsetsSource: {mType=ITYPE_TOP_DISPLAY_CUTOUT, mFrame=[0,0][1440,100], mVisible=true, mInsetsRoundedCornerFrame=false}, InsetsSource: {mType=ITYPE_RIGHT_DISPLAY_CUTOUT, mFrame=[100000,0][1440,3088], mVisible=true, mInsetsRoundedCornerFrame=false}, InsetsSource: {mType=ITYPE_BOTTOM_DISPLAY_CUTOUT, mFrame=[0,100000][1440,3088], mVisible=true, mInsetsRoundedCornerFrame=false}, InsetsSource: {mType=ITYPE_TOP_TAPPABLE_ELEMENT, mFrame=[0,0][1440,100], mVisible=true, mInsetsRoundedCornerFrame=false}, InsetsSource: {mType=ITYPE_BOTTOM_TAPPABLE_ELEMENT, mFrame=[0,0][0,0], mVisible=true, mInsetsRoundedCornerFrame=false}, InsetsSource: {mType=ITYPE_IME, mFrame=[0,0][0,0], mVisibleFrame=[0,3088][1440,3088], mVisible=false, mInsetsRoundedCornerFrame=false} } host=com.example.dogglers/androidx.test.core.app.InstrumentationActivityInvoker$EmptyActivity from=android.view.ViewRootImpl.relayoutWindow:9802
09-25 13:19:32.481  5639  5639 I ViewRootImpl@7ebb6ae[InstrumentationActivityInvoker$EmptyActivity]: updateBlastSurfaceIfNeeded mBlastBufferQueue=null isSameSurfaceControl=false
09-25 13:19:32.482  5639  5639 I BLASTBufferQueue: new BLASTBufferQueue, mName= ViewRootImpl@7ebb6ae[InstrumentationActivityInvoker$EmptyActivity] mNativeObject= 0xb4000077a1044600 sc.mNativeObject= 0xb4000077b1d47700 caller= android.view.ViewRootImpl.updateBlastSurfaceIfNeeded:2909 android.view.ViewRootImpl.relayoutWindow:9847 android.view.ViewRootImpl.performTraversals:3884 android.view.ViewRootImpl.doTraversal:3116 android.view.ViewRootImpl$TraversalRunnable.run:10885 android.view.Choreographer$CallbackRecord.run:1301 android.view.Choreographer$CallbackRecord.run:1309 android.view.Choreographer.doCallbacks:923 android.view.Choreographer.doFrame:852 android.view.Choreographer$FrameDisplayEventReceiver.run:1283
09-25 13:19:32.482  5639  5639 I BLASTBufferQueue: update, w= 1440 h= 3088 mName = ViewRootImpl@7ebb6ae[InstrumentationActivityInvoker$EmptyActivity] mNativeObject= 0xb4000077a1044600 sc.mNativeObject= 0xb4000077b1d47700 format= -1 caller= android.graphics.BLASTBufferQueue.<init>:84 android.view.ViewRootImpl.updateBlastSurfaceIfNeeded:2909 android.view.ViewRootImpl.relayoutWindow:9847 android.view.ViewRootImpl.performTraversals:3884 android.view.ViewRootImpl.doTraversal:3116 android.view.ViewRootImpl$TraversalRunnable.run:10885
09-25 13:19:32.482  5639  5639 I ViewRootImpl@7ebb6ae[InstrumentationActivityInvoker$EmptyActivity]: Relayout returned: old=(0,0,1440,3088) new=(0,0,1440,3088) req=(1440,3088)0 dur=7 res=0x3 s={true 0xb40000774e0c8000} ch=true seqId=0
09-25 13:19:32.482  5639  5639 I ViewRootImpl@7ebb6ae[InstrumentationActivityInvoker$EmptyActivity]: performConfigurationChange setNightDimText nightDimLevel=0
09-25 13:19:32.482  5639  5639 I ViewRootImpl@7ebb6ae[InstrumentationActivityInvoker$EmptyActivity]: mThreadedRenderer.initialize() mSurface={isValid=true 0xb40000774e0c8000} hwInitialized=true
09-25 13:19:32.482  5639  5729 D OpenGLRenderer: eglCreateWindowSurface
09-25 13:19:32.483  1914  1914 D SurfaceFlinger: Display 4630947093241269891 HWC layers:
09-25 13:19:32.483  1914  1914 D SurfaceFlinger:      DEVICE | 0xb400007af6c14c00 | 0102 | RGBA_8888    |    0.0    0.0 1440.0 3088.0 |    0    0 1440 3088 | com.example.dogglers/com.example.dogglers.VerticalListActivity$_5639#162621
09-25 13:19:32.483  1914  1914 D SurfaceFlinger:      DEVICE | 0xb400007af6c14880 | 0100 | RGBA_8888    |    0.0    0.0 1440.0  100.0 |    0    0 1440  100 | StatusBar$_4768#95
09-25 13:19:32.483  1914  1914 D SurfaceFlinger:      DEVICE | 0xb400007af8705400 | 0100 | RGBA_8888    |    0.0    0.0   67.0  589.0 |    0  562   67 1151 | com.samsung.android.app.cocktailbars[...]vice.CocktailBarService$_8423#156853
09-25 13:19:32.483  1914  1914 D SurfaceFlinger:      DEVICE | 0xb400007af8705500 | 0100 | RGBA_8888    |    0.0    0.0  518.0   48.0 |  922 3040 1440 3088 | SGestureOverlayWindow$_5369#156268
09-25 13:19:32.483  1914  1914 D SurfaceFlinger:      DEVICE | 0xb400007af6c15880 | 0100 | RGBA_8888    |    0.0    0.0 1440.0  168.0 |    0 2920 1440 3088 | NavigationBar0$_4768#92
09-25 13:19:32.483  1914  1914 D SurfaceFlinger:
09-25 13:19:32.483  5639  5639 I ViewRootImpl@7ebb6ae[InstrumentationActivityInvoker$EmptyActivity]: reportNextDraw android.view.ViewRootImpl.performTraversals:4438 android.view.ViewRootImpl.doTraversal:3116 android.view.ViewRootImpl$TraversalRunnable.run:10885 android.view.Choreographer$CallbackRecord.run:1301 android.view.Choreographer$CallbackRecord.run:1309
09-25 13:19:32.483  5639  5639 I ViewRootImpl@7ebb6ae[InstrumentationActivityInvoker$EmptyActivity]: Setup new sync id=0
09-25 13:19:32.483  5639  5639 I ViewRootImpl@7ebb6ae[InstrumentationActivityInvoker$EmptyActivity]: Setting syncFrameCallback
09-25 13:19:32.483  5639  5639 I ViewRootImpl@7ebb6ae[InstrumentationActivityInvoker$EmptyActivity]: registerCallbacksForSync syncBuffer=false
09-25 13:19:32.484  5639  5771 I ViewRootImpl@7ebb6ae[InstrumentationActivityInvoker$EmptyActivity]: Received frameDrawingCallback syncResult=0 frameNum=1.
09-25 13:19:32.484  5639  5771 I ViewRootImpl@7ebb6ae[InstrumentationActivityInvoker$EmptyActivity]: Setting up sync and frameCommitCallback
09-25 13:19:32.485  5639  5729 I BLASTBufferQueue: [ViewRootImpl@7ebb6ae[InstrumentationActivityInvoker$EmptyActivity]#55](f:0,a:0) onFrameAvailable the first frame is available
09-25 13:19:32.485  5639  5729 I ViewRootImpl@7ebb6ae[InstrumentationActivityInvoker$EmptyActivity]: Received frameCommittedCallback lastAttemptedDrawFrameNum=1 didProduceBuffer=true
09-25 13:19:32.485  5639  5729 D OpenGLRenderer: CFMS:: SetUp Pid : 5639    Tid : 5729
09-25 13:19:32.489  5639  5639 I ViewRootImpl@7ebb6ae[InstrumentationActivityInvoker$EmptyActivity]: onSyncComplete
09-25 13:19:32.489  5639  5639 I ViewRootImpl@7ebb6ae[InstrumentationActivityInvoker$EmptyActivity]: setupSync seqId=0 mSyncId=0 fn=1 caller=android.view.ViewRootImpl$$ExternalSyntheticLambda11.accept:6 android.window.SurfaceSyncer.lambda$setupSync$1$android-window-SurfaceSyncer:128 android.window.SurfaceSyncer$$ExternalSyntheticLambda1.accept:8 android.window.SurfaceSyncer$SyncSet.checkIfSyncIsComplete:382 android.window.SurfaceSyncer$SyncSet.markSyncReady:359 android.window.SurfaceSyncer.markSyncReady:151 android.view.ViewRootImpl.performTraversals:4503
09-25 13:19:32.489  1914  1914 I Layer   : id=162622 removedFromDrawingState Surface(name=4eb27f5 StatusBar)/@0x43fa543 - animation-leash of insets_animation#162622 (339)
09-25 13:19:32.489  1914  1914 I Layer   : id=162623 removedFromDrawingState Surface(name=d110b4c NavigationBar0)/@0x8bdb781 - animation-leash of insets_animation#162623 (339)
09-25 13:19:32.489  1914  1914 I SurfaceFlinger: [43faf92 com.example.dogglers/androidx.test.core.app.InstrumentationActivityInvoker$EmptyActivity#162628] FrameRatePriority: 1
09-25 13:19:32.489  5639  5639 I ViewRootImpl@7ebb6ae[InstrumentationActivityInvoker$EmptyActivity]: reportDrawFinished seqId=0 mSyncId=-1 fn=1 mSurfaceChangedTransaction=0xb40000774e1b9900
09-25 13:19:32.490  1914  2139 I SurfaceFlinger: id=162623 Removed Surface(name=d110b4c NavigationBar0)/@0x8bdb781 - animation-leash of insets_animation#162623 (339)
09-25 13:19:32.490  1914  2139 I SurfaceFlinger: id=162622 Removed Surface(name=4eb27f5 StatusBar)/@0x43fa543 - animation-leash of insets_animation#162622 (339)
09-25 13:19:32.491  5639  5639 I ViewRootImpl@7bb0b71[VerticalListActivity]: MSG_WINDOW_FOCUS_CHANGED 0 0
09-25 13:19:32.491  3108  3145 D InputDispatcher: Focus request (0): 43faf92 com.example.dogglers/androidx.test.core.app.InstrumentationActivityInvoker$EmptyActivity but waiting because NO_WINDOW
09-25 13:19:32.491  5369  5369 I ViewRootImpl@7533534[LauncherActivity]: handleAppVisibility mAppVisible = true visible = false
09-25 13:19:32.492 21794 21794 I ViewRootImpl@888ef3d[LauncherActivity]: handleAppVisibility mAppVisible = true visible = false
09-25 13:19:32.492  4768  5658 D WallpaperService: dispatchAppVisibility onVisibilityChanged(): false
09-25 13:19:32.493  4768  4880 I ImageWallpaper[GLEngine]:  onVisibilityChanged false , 0
09-25 13:19:32.493  4768  4768 D WallpaperService: reportVisibility onVisibilityChanged visible: false
09-25 13:19:32.496  3108  3145 I SemDvfsHyPerManager: acquire hyper - AMS_RESUME_TAIL/3108@20, type = -999
09-25 13:19:32.496  3108  3145 I SemDvfsHyPerManager: acquire hyper - AMS_ACT_LAZY/3108@21, type = -999
09-25 13:19:32.496  1809  1855 I HYPER-HAL: [RequestManager.cpp]acquire(): Acquired ID : 4893776  [3108 / 20]    HINT : AMS_RESUME_TAIL    list :
09-25 13:19:32.496  1809  1855 I HYPER-HAL: [RequestManager.cpp]acquire(): Acquired ID : 4896906  [3108 / 21]    HINT : AMS_ACT_LAZY    list :
09-25 13:19:32.498  1914  1914 I Layer   : id=162614 removedFromDrawingState Splash Screen com.example.dogglers$_4768#162614 (339)
09-25 13:19:32.498  1914  1914 I Layer   : id=162616 removedFromDrawingState Surface(name=Task=1)/@0xeddbc98 - animation-leash of app_transition#162616 (339)
09-25 13:19:32.498  1914  1914 I Layer   : id=162613 removedFromDrawingState fcf026c Splash Screen com.example.dogglers#162613 (339)
09-25 13:19:32.498  1914  1914 I Layer   : id=162617 removedFromDrawingState Surface(name=Task=7122)/@0x8eb381e - animation-leash of app_transition#162617 (339)
09-25 13:19:32.498  1914  1914 I Layer   : Layer [com.sec.android.app.launcher/com.sec.android.app.launcher.activities.LauncherActivity$_21794#162527] hidden!! flag(1)
09-25 13:19:32.498  1914  1914 I Layer   : Layer [Splash Screen com.example.dogglers$_4768#162614] hidden!! flag(1)
09-25 13:19:32.498  1914  1914 I Layer   : Layer [com.sec.android.app.launcher/com.sec.android.app.launcher.activities.LauncherActivity$_5369#162528] hidden!! flag(1)
09-25 13:19:32.498  1914  1914 I SurfaceFlinger: id=162613 Removed fcf026c Splash Screen com.example.dogglers#162613 (339)
09-25 13:19:32.498  1914  1914 I SurfaceFlinger: id=162614 Removed Splash Screen com.example.dogglers$_4768#162614 (339)
09-25 13:19:32.498  1914  1914 I SurfaceFlinger: id=162617 Removed Surface(name=Task=7122)/@0x8eb381e - animation-leash of app_transition#162617 (339)
09-25 13:19:32.498  1914  1914 I SurfaceFlinger: id=162616 Removed Surface(name=Task=1)/@0xeddbc98 - animation-leash of app_transition#162616 (339)
09-25 13:19:32.498  1914  1914 I Layer   : id=162622 Destroyed Surface(name=4eb27f5 StatusBar)/@0x43fa543 - animation-leash of insets_animation#162622
09-25 13:19:32.498  1914  1914 I Layer   : id=162623 Destroyed Surface(name=d110b4c NavigationBar0)/@0x8bdb781 - animation-leash of insets_animation#162623
09-25 13:19:32.498  1914  1914 I Layer   : id=162613 Destroyed fcf026c Splash Screen com.example.dogglers#162613
09-25 13:19:32.498  1914  1914 I Layer   : id=162614 Destroyed Splash Screen com.example.dogglers$_4768#162614
09-25 13:19:32.498 21794 13251 D OpenGLRenderer: setSurface called with nullptr
09-25 13:19:32.498 21794 13251 D OpenGLRenderer: setSurface() destroyed EGLSurface
09-25 13:19:32.498  1914  1914 I Layer   : id=162616 Destroyed Surface(name=Task=1)/@0xeddbc98 - animation-leash of app_transition#162616
09-25 13:19:32.498 21794 13251 D OpenGLRenderer: destroyEglSurface
09-25 13:19:32.498  1914  1914 I Layer   : id=162617 Destroyed Surface(name=Task=7122)/@0x8eb381e - animation-leash of app_transition#162617
09-25 13:19:32.499 21794 21794 I ViewRootImpl@888ef3d[LauncherActivity]: performTraversals mFirst=false windowShouldResize=false viewVisibilityChanged=true mForceNextWindowRelayout=false params=null
09-25 13:19:32.499  1914  1914 D SurfaceFlinger: GPIS:: requestGPIS
09-25 13:19:32.499  1809  1855 I HYPER-HAL: [RequestManager.cpp]releaseLocked(): Released ID : 4887519
09-25 13:19:32.501  5639  5639 D LifecycleMonitor: Lifecycle status change: androidx.test.core.app.InstrumentationActivityInvoker$BootstrapActivity@b36af59 in: STOPPED
09-25 13:19:32.502  5639  5639 V ActivityScenario: Activity lifecycle changed event received but ignored because the intent does not match. startActivityIntent=Intent { act=android.intent.action.MAIN cat=[android.intent.category.LAUNCHER] cmp=com.example.dogglers/.VerticalListActivity }, activity.getIntent()=Intent { act=android.intent.action.MAIN cat=[android.intent.category.LAUNCHER] flg=0x10008000 cmp=com.example.dogglers/androidx.test.core.app.InstrumentationActivityInvoker$BootstrapActivity (has extras) }, activity=androidx.test.core.app.InstrumentationActivityInvoker$BootstrapActivity@b36af59
09-25 13:19:32.502  3108  6472 I SemDvfsHyPerManager: acquire hyper - AMS_ACT_START/3108@18, type = -999
09-25 13:19:32.503  1809  1855 I HYPER-HAL: [RequestManager.cpp]acquire(): Acquired ID : 4887519  [3108 / 18]    HINT : AMS_ACT_START    list :
09-25 13:19:32.503  5639  5639 D LifecycleMonitor: Lifecycle status change: androidx.test.core.app.InstrumentationActivityInvoker$BootstrapActivity@b36af59 in: DESTROYED
09-25 13:19:32.504  5639  5639 V ActivityScenario: Activity lifecycle changed event received but ignored because the intent does not match. startActivityIntent=Intent { act=android.intent.action.MAIN cat=[android.intent.category.LAUNCHER] cmp=com.example.dogglers/.VerticalListActivity }, activity.getIntent()=Intent { act=android.intent.action.MAIN cat=[android.intent.category.LAUNCHER] flg=0x10008000 cmp=com.example.dogglers/androidx.test.core.app.InstrumentationActivityInvoker$BootstrapActivity (has extras) }, activity=androidx.test.core.app.InstrumentationActivityInvoker$BootstrapActivity@b36af59
09-25 13:19:32.504  1914  2139 I SurfaceFlinger: id=162632 createSurf, flag=80004, ActivityRecord{c8f2142 u0 com.example.dogglers/androidx.test.core.app.InstrumentationActivityInvoker$EmptyActivity} t7122}#162632
09-25 13:19:32.504  5369  5369 I ViewRootImpl@7533534[LauncherActivity]: performTraversals mFirst=false windowShouldResize=false viewVisibilityChanged=true mForceNextWindowRelayout=false params=null
09-25 13:19:32.514  3108  6476 V WindowManager: Relayout Window{294099b u0 com.sec.android.app.launcher/com.sec.android.app.launcher.activities.LauncherActivity}: viewVisibility=8 req=1440x3088 d0
09-25 13:19:32.514  5759  5759 E pageboostd: Received HALT command code 2
09-25 13:19:32.515  3108  6476 V WindowManager: Relayout hash=294099b, pid=21794, syncId=-1: mAttrs={(0,0)(fillxfill) gr=LEFT CENTER_HORIZONTAL sim={adjust=resize} layoutInDisplayCutoutMode=shortEdges ty=DRAWN_APPLICATION fmt=TRANSPARENT wanim=0x10302f4 alpha=0.0
09-25 13:19:32.515  3108  6476 V WindowManager:   fl=81850118
09-25 13:19:32.515  3108  6476 V WindowManager:   pfl=16020040
09-25 13:19:32.515  3108  6476 V WindowManager:   bhv=DEFAULT
09-25 13:19:32.515  3108  6476 V WindowManager:   fitSides=
09-25 13:19:32.515  3108  6476 V WindowManager:  dimAmount=0.0 naviIconColor=0}
09-25 13:19:32.516 21794 21794 I ViewRootImpl@888ef3d[LauncherActivity]: Relayout returned: old=(0,0,1440,3088) new=(0,0,1440,3088) req=(1440,3088)8 dur=17 res=0x2 s={false 0x0} ch=true seqId=0
09-25 13:19:32.516  3108  4074 V WindowManager: Relayout Window{c7375dc u0 com.sec.android.app.launcher/com.sec.android.app.launcher.activities.LauncherActivity}: viewVisibility=8 req=1440x3088 d0
