09-25 13:19:26.246  5639  5703 I TestRunner: started: grid_list_content_at_first_position(com.example.dogglers.GridListTests)
09-25 13:19:26.247  1914  1914 I Layer   : id=162324 removedFromDrawingState ActivityRecord{3686423 u0 com.example.dogglers/androidx.test.core.app.InstrumentationActivityInvoker$EmptyActivity} t7114}#162324 (333)
09-25 13:19:26.247  1914  1914 I Layer   : id=162325 removedFromDrawingState fde4952 ActivityRecordInputSink com.example.dogglers/androidx.test.core.app.InstrumentationActivityInvoker$EmptyActivity#162325 (333)
09-25 13:19:26.247  1914  1914 I Layer   : id=162319 removedFromDrawingState com.example.dogglers/com.example.dogglers.GridListActivity$_5639#162319 (333)
09-25 13:19:26.247  1914  1914 I Layer   : id=162318 removedFromDrawingState 47ae9f2 com.example.dogglers/com.example.dogglers.GridListActivity#162318 (333)
09-25 13:19:26.247  1914  1914 I SurfaceFlinger: id=162319 Removed com.example.dogglers/com.example.dogglers.GridListActivity$_5639#162319 (333)
09-25 13:19:26.247  1914  1914 I SurfaceFlinger: id=162318 Removed 47ae9f2 com.example.dogglers/com.example.dogglers.GridListActivity#162318 (333)
09-25 13:19:26.247  1914  1914 I SurfaceFlinger: id=162324 Removed ActivityRecord{3686423 u0 com.example.dogglers/androidx.test.core.app.InstrumentationActivityInvoker$EmptyActivity} t7114}#162324 (333)
09-25 13:19:26.247  1914  1914 I Layer   : id=162318 Destroyed 47ae9f2 com.example.dogglers/com.example.dogglers.GridListActivity#162318
09-25 13:19:26.247  1914  1914 I Layer   : id=162319 Destroyed com.example.dogglers/com.example.dogglers.GridListActivity$_5639#162319
09-25 13:19:26.247  1914  1914 I Layer   : id=162324 Destroyed ActivityRecord{3686423 u0 com.example.dogglers/androidx.test.core.app.InstrumentationActivityInvoker$EmptyActivity} t7114}#162324
09-25 13:19:26.247  1914  1914 I Layer   : id=162325 Destroyed fde4952 ActivityRecordInputSink com.example.dogglers/androidx.test.core.app.InstrumentationActivityInvoker$EmptyActivity#162325
09-25 13:19:26.247  3108 29076 D RemoteAppTaskWatcher:  ****** RemoteAppTaskWatcher: Message Received 3 Task ID = 7114
09-25 13:19:26.247  3108 29076 D RemoteAppTaskWatcher:  ****** RemoteAppTaskWatcher: Message Received 3 Task ID = 7114
09-25 13:19:26.251  5369  5369 I RecentsView: onTaskRemoved() taskId : 7114
09-25 13:19:26.251  5369  5369 I TopTaskTracker: onTaskRemoved : taskId = 7114
09-25 13:19:26.251  5369  5369 I RecentsView: onTaskRemoved() taskId : 7114
09-25 13:19:26.251  5369  5369 I TopTaskTracker: onTaskRemoved : taskId = 7114
09-25 13:19:26.251  5639  5703 W Settings: Setting always_finish_activities has moved from android.provider.Settings.System to android.provider.Settings.Global, returning read-only value.
09-25 13:19:26.254  3108  3230 I ChimeraSystemEventListener: appLaunchIntent package name is: com.example.dogglers
09-25 13:19:26.255  1914  1914 I Layer   : id=162313 removedFromDrawingState ActivityRecord{6a0b4db u0 com.example.dogglers/.GridListActivity} t7114}#162313 (329)
09-25 13:19:26.255  1914  1914 I Layer   : id=162317 removedFromDrawingState c2709ea ActivityRecordInputSink com.example.dogglers/.GridListActivity#162317 (329)
09-25 13:19:26.255  1914  1914 I Layer   : id=162310 removedFromDrawingState ActivityRecord{8675b0b u0 com.example.dogglers/androidx.test.core.app.InstrumentationActivityInvoker$BootstrapActivity} t7114}#162310 (329)
09-25 13:19:26.255  1914  1914 I Layer   : id=162316 removedFromDrawingState 2c4aada ActivityRecordInputSink com.example.dogglers/androidx.test.core.app.InstrumentationActivityInvoker$BootstrapActivity#162316 (329)
09-25 13:19:26.255  1914  1914 I Layer   : id=162309 removedFromDrawingState Task=7114#162309 (329)
09-25 13:19:26.255  1914  1914 I Layer   : id=162344 removedFromDrawingState Task=7114#162344 (329)
09-25 13:19:26.255  1914  1914 I SurfaceFlinger: id=162313 Removed ActivityRecord{6a0b4db u0 com.example.dogglers/.GridListActivity} t7114}#162313 (329)
09-25 13:19:26.255  1914  1914 I SurfaceFlinger: id=162310 Removed ActivityRecord{8675b0b u0 com.example.dogglers/androidx.test.core.app.InstrumentationActivityInvoker$BootstrapActivity} t7114}#162310 (329)
09-25 13:19:26.255  1914  1914 I SurfaceFlinger: id=162344 Removed Task=7114#162344 (329)
09-25 13:19:26.255  1914  1914 I Layer   : id=162310 Destroyed ActivityRecord{8675b0b u0 com.example.dogglers/androidx.test.core.app.InstrumentationActivityInvoker$BootstrapActivity} t7114}#162310
09-25 13:19:26.255  1914  1914 I Layer   : id=162316 Destroyed 2c4aada ActivityRecordInputSink com.example.dogglers/androidx.test.core.app.InstrumentationActivityInvoker$BootstrapActivity#162316
09-25 13:19:26.255  1914  1914 I Layer   : id=162313 Destroyed ActivityRecord{6a0b4db u0 com.example.dogglers/.GridListActivity} t7114}#162313
09-25 13:19:26.255  1914  1914 I Layer   : id=162317 Destroyed c2709ea ActivityRecordInputSink com.example.dogglers/.GridListActivity#162317
09-25 13:19:26.255  1914  1914 I Layer   : id=162344 Destroyed Task=7114#162344
09-25 13:19:26.256  3108  5688 I SemDvfsHyPerManager: acquire hyper - AMS_APP_SWITCH/3108@23, type = -999
09-25 13:19:26.256  3108 29076 D RemoteAppTaskWatcher:  ****** RemoteAppTaskWatcher: Message Received 0 Task ID = 7115
09-25 13:19:26.256  1809  1855 I HYPER-HAL: [RequestManager.cpp]acquire(): Acquired ID : 4903169  [3108 / 23]    HINT : AMS_APP_SWITCH    list :
09-25 13:19:26.256  1914  3193 I SurfaceFlinger: id=162345 createSurf, flag=24004, Task=7115#162345
09-25 13:19:26.258  8328  8328 I SemDvfsHyPerManager: acquire hyper - APP_START_SHORT/8328@19, type = -999
09-25 13:19:26.259  1914  3199 I SurfaceFlinger: id=162346 createSurf, flag=80004, ActivityRecord{220b122 u0 com.example.dogglers/androidx.test.core.app.InstrumentationActivityInvoker$BootstrapActivity} t7115}#162346
09-25 13:19:26.260  1809  1855 I HYPER-HAL: [RequestManager.cpp]acquire(): Acquired ID : 34840397  [8328 / 19]    HINT : APP_START_LOW_HEAT    list : [TIMEOUT / 1500]
09-25 13:19:26.260  1809  6323 I HYPER-HAL: [RequestManager.cpp]releaseLocked(): Released ID : 34890506
09-25 13:19:26.263  2229  5018 I CameraService: onUidStateChanged: uid=10042, procState is changed. (0 -> 1)
09-25 13:19:26.263  4768  4851 D NativeCustomFrequencyManager: [NativeCFMS] BpCustomFrequencyManager::BpCustomFrequencyManager()
09-25 13:19:26.266  3108  6472 I SemDvfsHyPerManager: acquire hyper - AMS_APP_LAUNCH/3108@19, type = -999
09-25 13:19:26.266  5759  5759 E pageboostd: Received HALT command code 2
09-25 13:19:26.266  1809  1855 I HYPER-HAL: [RequestManager.cpp]acquire(): Acquired ID : 4890647  [3108 / 19]    HINT : AMS_APP_LAUNCH    list :
09-25 13:19:26.266  8328  8328 I SemDvfsHyPerManager: acquire hyper - APP_START/8328@21, type = -999
09-25 13:19:26.266  1809  1855 I HYPER-HAL: [RequestManager.cpp]acquire(): Acquired ID : 34857096  [8328 / 21]    HINT : APP_START_LOW_HEAT    list :
09-25 13:19:26.267  3108 29076 D RemoteAppTaskWatcher:  ****** RemoteAppTaskWatcher: Message Received 4 Task ID = 7115
09-25 13:19:26.267  3108 29076 D RemoteAppTaskWatcher:  ****** RemoteAppTaskWatcher: Message Received 0 Task ID = 7115
09-25 13:19:26.267  5369  5369 I BaseActivity: removeActivityFlags, flags : 16
09-25 13:19:26.267  5369  5369 I BaseActivity: removeActivityFlags, flags : 6
09-25 13:19:26.267  5369  5369 I DragController: endDrag
09-25 13:19:26.268  5369  5369 W LauncherAppWidgetHost: setShouldListenFlag, mFlags:15 flag:resume on:false isFront:false
09-25 13:19:26.268  5369  5369 I SPayUpdater: updateSpayHandler launcher activity is paused false
09-25 13:19:26.268  5369 11129 I WidgetRotationImpl: unsubscribeWidgetFocus 80
09-25 13:19:26.268  3108  4606 D InputTransport: Input channel constructed: '4c8dea5', fd=1058
09-25 13:19:26.268  3108  4606 D InputTransport: Input channel constructed: '4c8dea5', fd=1065
09-25 13:19:26.268  3108  4606 D InputTransport: Input channel constructed: '4c8dea5', fd=1239
09-25 13:19:26.268  1914  3199 I SurfaceFlinger: id=162347 createSurf, flag=80004, 4c8dea5 Splash Screen com.example.dogglers#162347
09-25 13:19:26.269  5369 11129 I IntelligentPlatformManagerImpl: unsubscribeWidgetFocus() id : 80
09-25 13:19:26.270  3108  4606 D InputTransport: Input channel destroyed: '4c8dea5', fd=1239
09-25 13:19:26.270  4768  4843 D InsetsController: onStateChanged: InsetsState: {mDisplayFrame=Rect(0, 0 - 1440, 3088), mDisplayCutout=DisplayCutout{insets=Rect(0, 100 - 0, 0) waterfall=Insets{left=0, top=0, right=0, bottom=0} boundingRect={Bounds=[Rect(0, 0 - 0, 0), Rect(685, 0 - 756, 100), Rect(0, 0 - 0, 0), Rect(0, 0 - 0, 0)]} cutoutPathParserInfo={CutoutPathParserInfo{displayWidth=1440 displayHeight=3088 physicalDisplayWidth=1440 physicalDisplayHeight=3088 density={3.75} cutoutSpec={M 0,0 H -9.466666666666667 V 26.66666666666667‬ H 9.466666666666667 V 0 H 0 Z @dp} rotation={0} scale={1.0} physicalPixelDisplaySizeRatio={1.0}}}}, mRoundedCorners=RoundedCorners{[RoundedCorner{position=TopLeft, radius=14, center=Point(14, 14)}, RoundedCorner{position=TopRight, radius=14, center=Point(1426, 14)}, RoundedCorner{position=BottomRight, radius=14, center=Point(1426, 3074)}, RoundedCorner{position=BottomLeft, radius=14, center=Point(14, 3074)}]}  mRoundedCornerFrame=Rect(0, 0 - 1440, 3088), mPrivacyIndicatorBounds=PrivacyIndicatorBounds {static bounds=Rect(1286, 0 - 1440, 100) rotation=0}, mSources= { InsetsSource: {mType=ITYPE_STATUS_BAR, mFrame=[0,0][1440,100], mVisible=true, mInsetsRoundedCornerFrame=false}, InsetsSource: {mType=ITYPE_NAVIGATION_BAR, mFrame=[0,3088][1440,3088], mVisible=true, mInsetsRoundedCornerFrame=false}, InsetsSource: {mType=ITYPE_LEFT_GESTURES, mFrame=[0,0][0,3088], mVisible=true, mInsetsRoundedCornerFrame=false}, InsetsSource: {mType=ITYPE_RIGHT_GESTURES, mFrame=[1440,0][1440,3088], mVisible=true, mInsetsRoundedCornerFrame=false}, InsetsSource: {mType=ITYPE_TOP_MANDATORY_GESTURES, mFrame=[0,0][1440,142], mVisible=true, mInsetsRoundedCornerFrame=false}, InsetsSource: {mType=ITYPE_BOTTOM_MANDATORY_GESTURES, mFrame=[0,3018][1440,3088], mVisible=true, mInsetsRoundedCornerFrame=false}, InsetsSource: {mType=ITYPE_LEFT_DISPLAY_CUTOUT, mFrame=[0,0][-100000,3088], mVisible=true, mInsetsRoundedCornerFrame=false}, InsetsSource: {mType=ITYPE_TOP_DISPLAY_CUTOUT, mFrame=[0,0][1440,100], mVisible=true, mInsetsRoundedCornerFrame=false}, InsetsSource: {mType=ITYPE_RIGHT_DISPLAY_CUTOUT, mFrame=[100000,0][1440,3088], mVisible=true, mInsetsRoundedCornerFrame=false}, InsetsSource: {mType=ITYPE_BOTTOM_DISPLAY_CUTOUT, mFrame=[0,100000][1440,3088], mVisible=true, mInsetsRoundedCornerFrame=false}, InsetsSource: {mType=ITYPE_TOP_TAPPABLE_ELEMENT, mFrame=[0,0][1440,100], mVisible=true, mInsetsRoundedCornerFrame=false}, InsetsSource: {mType=ITYPE_BOTTOM_TAPPABLE_ELEMENT, mFrame=[0,0][0,0], mVisible=true, mInsetsRoundedCornerFrame=false} } host=Splash Screen com.example.dogglers from=android.view.ViewRootImpl.setView:1732
09-25 13:19:26.273  3108  4073 D InputDispatcher: Focused application(0): ActivityRecord{220b122 u0 com.example.dogglers/androidx.test.core.app.InstrumentationActivityInvoker$BootstrapActivity} t7115}
09-25 13:19:26.275  3108 29076 D RemoteAppTaskWatcher:  ****** RemoteAppTaskWatcher: Message Received 5 Task ID = 0
09-25 13:19:26.277  5369  5369 I TopTaskTracker: onTaskMovedToFront : taskId = 7115
09-25 13:19:26.278  6586 25742 I SAMSUNGWALLET: [Hint_ProcessStatusChange] fg Change, pid : 5639 , isNotify : false , isForeground : true , fg list : []
09-25 13:19:26.278  6586 25742 I SAMSUNGWALLET: [ProcessStatusChange] fg Change, pid : 5639 , isNotify : false , isForeground : true , fg list : []
09-25 13:19:26.278  3108  4605 D AS.MultiSoundManager: mForegroundUid = 10577
09-25 13:19:26.279  5639  5639 D LifecycleMonitor: Lifecycle status change: androidx.test.core.app.InstrumentationActivityInvoker$BootstrapActivity@639ea6c in: PRE_ON_CREATE
09-25 13:19:26.279  5639  5639 V ActivityScenario: Activity lifecycle changed event received but ignored because the intent does not match. startActivityIntent=Intent { act=android.intent.action.MAIN cat=[android.intent.category.LAUNCHER] cmp=com.example.dogglers/.GridListActivity }, activity.getIntent()=Intent { act=android.intent.action.MAIN cat=[android.intent.category.LAUNCHER] flg=0x10008000 cmp=com.example.dogglers/androidx.test.core.app.InstrumentationActivityInvoker$BootstrapActivity (has extras) }, activity=androidx.test.core.app.InstrumentationActivityInvoker$BootstrapActivity@639ea6c
09-25 13:19:26.282  1914  1914 I SurfaceFlinger: [c7375dc com.sec.android.app.launcher/com.sec.android.app.launcher.activities.LauncherActivity#176] FrameRatePriority: -1
09-25 13:19:26.283  3108  4073 D InputDispatcher: Focus request (0): <null> but waiting because NOT_FOCUSABLE
09-25 13:19:26.283  3108  4073 D InputDispatcher: Focus left window (0): c7375dc com.sec.android.app.launcher/com.sec.android.app.launcher.activities.LauncherActivity
09-25 13:19:26.283  4768  4843 I ViewRootImpl@7653bc4[dogglers]: setView = android.widget.FrameLayout@b5c5030 TM=true
09-25 13:19:26.284  5369  5369 I ViewRootImpl@7533534[LauncherActivity]: MSG_WINDOW_FOCUS_CHANGED 0 0
09-25 13:19:26.284  5369  5369 I BaseActivity: removeActivityFlags, flags : 8
09-25 13:19:26.284  4768  4843 I ViewRootImpl@7653bc4[dogglers]: performTraversals params={(0,0)(fillxfill) sim={adjust=pan} ty=APPLICATION_STARTING fmt=TRANSLUCENT wanim=0x1030001
09-25 13:19:26.284  4768  4843 I ViewRootImpl@7653bc4[dogglers]:   fl=81030118
09-25 13:19:26.284  4768  4843 I ViewRootImpl@7653bc4[dogglers]:   pfl=16000010
09-25 13:19:26.284  4768  4843 I ViewRootImpl@7653bc4[dogglers]:   bhv=DEFAULT
09-25 13:19:26.284  4768  4843 I ViewRootImpl@7653bc4[dogglers]:   fitSides= naviIconColor=0}
09-25 13:19:26.284  4768  4843 I ViewRootImpl@7653bc4[dogglers]: performTraversals mFirst=true windowShouldResize=true viewVisibilityChanged=false mForceNextWindowRelayout=false params={(0,0)(fillxfill) sim={adjust=pan} ty=APPLICATION_STARTING fmt=TRANSLUCENT wanim=0x1030001
09-25 13:19:26.284  4768  4843 I ViewRootImpl@7653bc4[dogglers]:   fl=81030118
09-25 13:19:26.284  4768  4843 I ViewRootImpl@7653bc4[dogglers]:   pfl=16000010
09-25 13:19:26.284  4768  4843 I ViewRootImpl@7653bc4[dogglers]:   bhv=DEFAULT
09-25 13:19:26.284  4768  4843 I ViewRootImpl@7653bc4[dogglers]:   fitSides= naviIconColor=0}
09-25 13:19:26.285  5639  5639 I DecorView: [INFO] isPopOver=false config=true
09-25 13:19:26.285  5639  5639 I DecorView: updateCaptionType: isFloating=false isApplication=true hasWindowDecorCaption=false this=DecorView@cda363b[]
09-25 13:19:26.285  5639  5639 D DecorView: setCaptionType = 0, this = DecorView@cda363b[]
09-25 13:19:26.286  6586 17206 I SAMSUNGWALLET: [Hint_ProcessStatusChange] fg Change, pid : 5639 , isNotify : false , isForeground : true , fg list : []
09-25 13:19:26.286  6586 17206 I SAMSUNGWALLET: [ProcessStatusChange] fg Change, pid : 5639 , isNotify : false , isForeground : true , fg list : []
09-25 13:19:26.286  5639  5639 I DecorView: getCurrentDensityDpi: from real metrics. densityDpi=560 msg=resources_loaded
09-25 13:19:26.286  6586 25742 I SAMSUNGWALLET: [Hint_ProcessStatusChange] fg Change, pid : 5639 , isNotify : false , isForeground : true , fg list : []
09-25 13:19:26.286  5639  5639 I DecorView: setWindowBackground: isPopOver=false color=ff010101 d=android.graphics.drawable.StateListDrawable@2114158
09-25 13:19:26.286  3108  3230 I SemPersonaManager: SecureFolder personaId = 150
09-25 13:19:26.286  5639  5639 D LifecycleMonitor: Lifecycle status change: androidx.test.core.app.InstrumentationActivityInvoker$BootstrapActivity@639ea6c in: CREATED
09-25 13:19:26.286  6586 25742 I SAMSUNGWALLET: [ProcessStatusChange] fg Change, pid : 5639 , isNotify : false , isForeground : true , fg list : []
09-25 13:19:26.286  5639  5639 V ActivityScenario: Activity lifecycle changed event received but ignored because the intent does not match. startActivityIntent=Intent { act=android.intent.action.MAIN cat=[android.intent.category.LAUNCHER] cmp=com.example.dogglers/.GridListActivity }, activity.getIntent()=Intent { act=android.intent.action.MAIN cat=[android.intent.category.LAUNCHER] flg=0x10008000 cmp=com.example.dogglers/androidx.test.core.app.InstrumentationActivityInvoker$BootstrapActivity (has extras) }, activity=androidx.test.core.app.InstrumentationActivityInvoker$BootstrapActivity@639ea6c
09-25 13:19:26.286  8130  8237 I [AirCmd]_ActivitySwitchDetector: onTaskFocusChanged : taskId 7115
09-25 13:19:26.287  5639  5639 D LifecycleMonitor: Lifecycle status change: androidx.test.core.app.InstrumentationActivityInvoker$BootstrapActivity@639ea6c in: STARTED
09-25 13:19:26.287  5639  5639 V ActivityScenario: Activity lifecycle changed event received but ignored because the intent does not match. startActivityIntent=Intent { act=android.intent.action.MAIN cat=[android.intent.category.LAUNCHER] cmp=com.example.dogglers/.GridListActivity }, activity.getIntent()=Intent { act=android.intent.action.MAIN cat=[android.intent.category.LAUNCHER] flg=0x10008000 cmp=com.example.dogglers/androidx.test.core.app.InstrumentationActivityInvoker$BootstrapActivity (has extras) }, activity=androidx.test.core.app.InstrumentationActivityInvoker$BootstrapActivity@639ea6c
09-25 13:19:26.287  3108  6472 V WindowManager: Relayout Window{4c8dea5 u0 Splash Screen com.example.dogglers}: viewVisibility=0 req=1440x3088 d0
09-25 13:19:26.288  1914  3199 I SurfaceFlinger: id=162348 createSurf, flag=40004, Splash Screen com.example.dogglers$_4768#162348
09-25 13:19:26.288  8130  8237 I [AirCmd]_ActivitySwitchDetector: onTaskFocusChanged : componentName - ComponentInfo{com.example.dogglers/androidx.test.core.app.InstrumentationActivityInvoker$BootstrapActivity}
09-25 13:19:26.288  8130  8237 I [AirCmd]_ActivitySwitchDetector: onTaskFocusChanged : mTopMostActivity - ComponentInfo{com.sec.android.app.launcher/com.android.launcher3.uioverrides.QuickstepLauncher}
09-25 13:19:26.290  3108  3230 D EnterpriseDeviceManagerService: isMdmAdminPresentInternal() : MDM Admin Found - com.samsung.knox.securefolder
09-25 13:19:26.291  8130  8237 I [AirCmd]_CallbackRepeater: stopRepeat : isWorking=false
09-25 13:19:26.291  8130  8237 I [AirCmd]_MediaControlStateMonitor: isForegroundAppSupportsMediaButton : mediaSession is empty
09-25 13:19:26.291  8130  8237 I [AirCmd]_MediaControlStateMonitor: active Notification List is null
09-25 13:19:26.291  8130  8237 I [AirCmd]_RemoteSpenMainController: hasGeneralAction : packageName is com.example.dogglers, activityName is androidx.test.core.app.InstrumentationActivityInvoker$BootstrapActivity, hasActions is false
09-25 13:19:26.291  8130  8237 I [AirCmd]_CameraAvailabilityMonitor: isCameraPreviewOn : mIsCameraPreviewOn is false
09-25 13:19:26.291 15715 18710 I WindowsLink: (TaskInfoManager) +++++++++++onRecentTaskStackUpdated
09-25 13:19:26.292  5369  5369 I BadgeRenderer: Invalid count : 0
09-25 13:19:26.293  3108  6472 V WindowManager: Relayout hash=4c8dea5, pid=4768, syncId=-1: mAttrs={(0,0)(fillxfill) sim={adjust=pan} ty=APPLICATION_STARTING fmt=TRANSLUCENT wanim=0x1030001
09-25 13:19:26.293  3108  6472 V WindowManager:   fl=81030118
09-25 13:19:26.293  3108  6472 V WindowManager:   pfl=16000010
09-25 13:19:26.293  3108  6472 V WindowManager:   bhv=DEFAULT
09-25 13:19:26.293  3108  6472 V WindowManager:   fitSides= naviIconColor=0}
09-25 13:19:26.293  4768  4843 D InsetsController: onStateChanged: InsetsState: {mDisplayFrame=Rect(0, 0 - 1440, 3088), mDisplayCutout=DisplayCutout{insets=Rect(0, 100 - 0, 0) waterfall=Insets{left=0, top=0, right=0, bottom=0} boundingRect={Bounds=[Rect(0, 0 - 0, 0), Rect(685, 0 - 756, 100), Rect(0, 0 - 0, 0), Rect(0, 0 - 0, 0)]} cutoutPathParserInfo={CutoutPathParserInfo{displayWidth=1440 displayHeight=3088 physicalDisplayWidth=1440 physicalDisplayHeight=3088 density={3.75} cutoutSpec={M 0,0 H -9.466666666666667 V 26.66666666666667‬ H 9.466666666666667 V 0 H 0 Z @dp} rotation={0} scale={1.0} physicalPixelDisplaySizeRatio={1.0}}}}, mRoundedCorners=RoundedCorners{[RoundedCorner{position=TopLeft, radius=14, center=Point(14, 14)}, RoundedCorner{position=TopRight, radius=14, center=Point(1426, 14)}, RoundedCorner{position=BottomRight, radius=14, center=Point(1426, 3074)}, RoundedCorner{position=BottomLeft, radius=14, center=Point(14, 3074)}]}  mRoundedCornerFrame=Rect(0, 0 - 1440, 3088), mPrivacyIndicatorBounds=PrivacyIndicatorBounds {static bounds=Rect(1286, 0 - 1440, 100) rotation=0}, mSources= { InsetsSource: {mType=ITYPE_STATUS_BAR, mFrame=[0,0][1440,100], mVisible=true, mInsetsRoundedCornerFrame=false}, InsetsSource: {mType=ITYPE_NAVIGATION_BAR, mFrame=[0,3088][1440,3088], mVisible=true, mInsetsRoundedCornerFrame=false}, InsetsSource: {mType=ITYPE_LEFT_GESTURES, mFrame=[0,0][0,3088], mVisible=true, mInsetsRoundedCornerFrame=false}, InsetsSource: {mType=ITYPE_RIGHT_GESTURES, mFrame=[1440,0][1440,3088], mVisible=true, mInsetsRoundedCornerFrame=false}, InsetsSource: {mType=ITYPE_TOP_MANDATORY_GESTURES, mFrame=[0,0][1440,142], mVisible=true, mInsetsRoundedCornerFrame=false}, InsetsSource: {mType=ITYPE_BOTTOM_MANDATORY_GESTURES, mFrame=[0,3018][1440,3088], mVisible=true, mInsetsRoundedCornerFrame=false}, InsetsSource: {mType=ITYPE_LEFT_DISPLAY_CUTOUT, mFrame=[0,0][-100000,3088], mVisible=true, mInsetsRoundedCornerFrame=false}, InsetsSource: {mType=ITYPE_TOP_DISPLAY_CUTOUT, mFrame=[0,0][1440,100], mVisible=true, mInsetsRoundedCornerFrame=false}, InsetsSource: {mType=ITYPE_RIGHT_DISPLAY_CUTOUT, mFrame=[100000,0][1440,3088], mVisible=true, mInsetsRoundedCornerFrame=false}, InsetsSource: {mType=ITYPE_BOTTOM_DISPLAY_CUTOUT, mFrame=[0,100000][1440,3088], mVisible=true, mInsetsRoundedCornerFrame=false}, InsetsSource: {mType=ITYPE_TOP_TAPPABLE_ELEMENT, mFrame=[0,0][1440,100], mVisible=true, mInsetsRoundedCornerFrame=false}, InsetsSource: {mType=ITYPE_BOTTOM_TAPPABLE_ELEMENT, mFrame=[0,0][0,0], mVisible=true, mInsetsRoundedCornerFrame=false}, InsetsSource: {mType=ITYPE_IME, mFrame=[0,0][0,0], mVisibleFrame=[0,3088][1440,3088], mVisible=false, mInsetsRoundedCornerFrame=false} } host=Splash Screen com.example.dogglers from=android.view.ViewRootImpl.relayoutWindow:9802
09-25 13:19:26.293  4768  4843 I ViewRootImpl@7653bc4[dogglers]: updateBlastSurfaceIfNeeded mBlastBufferQueue=null isSameSurfaceControl=false
09-25 13:19:26.294  8130  8237 I [AirCmd]_CameraAvailabilityMonitor: isCameraPreviewOn : mIsCameraPreviewOn is false
09-25 13:19:26.294  4768  4843 I BLASTBufferQueue: new BLASTBufferQueue, mName= ViewRootImpl@7653bc4[dogglers] mNativeObject= 0xb400007705019c80 sc.mNativeObject= 0xb400007721bd0360 caller= android.view.ViewRootImpl.updateBlastSurfaceIfNeeded:2909 android.view.ViewRootImpl.relayoutWindow:9847 android.view.ViewRootImpl.performTraversals:3884 android.view.ViewRootImpl.doTraversal:3116 android.view.ViewRootImpl$TraversalRunnable.run:10885 android.view.Choreographer$CallbackRecord.run:1301 android.view.Choreographer$CallbackRecord.run:1309 android.view.Choreographer.doCallbacks:923 android.view.Choreographer.doFrame:852 android.view.Choreographer$FrameDisplayEventReceiver.run:1283
09-25 13:19:26.294  4768  4843 I BLASTBufferQueue: update, w= 1440 h= 3088 mName = ViewRootImpl@7653bc4[dogglers] mNativeObject= 0xb400007705019c80 sc.mNativeObject= 0xb400007721bd0360 format= -3 caller= android.graphics.BLASTBufferQueue.<init>:84 android.view.ViewRootImpl.updateBlastSurfaceIfNeeded:2909 android.view.ViewRootImpl.relayoutWindow:9847 android.view.ViewRootImpl.performTraversals:3884 android.view.ViewRootImpl.doTraversal:3116 android.view.ViewRootImpl$TraversalRunnable.run:10885
09-25 13:19:26.294  4768  4843 I ViewRootImpl@7653bc4[dogglers]: Relayout returned: old=(0,0,1440,3088) new=(0,0,1440,3088) req=(1440,3088)0 dur=9 res=0x3 s={true 0xb40000770116a000} ch=true seqId=0
09-25 13:19:26.294  1914  3193 I SurfaceFlinger: id=162349 createSurf, flag=80004, ActivityRecord{2b512f6 u0 com.example.dogglers/.GridListActivity} t7115}#162349
09-25 13:19:26.294  4768  4843 I ViewRootImpl@7653bc4[dogglers]: performConfigurationChange setNightDimText nightDimLevel=0
09-25 13:19:26.294  4768  4843 I ViewRootImpl@7653bc4[dogglers]: mThreadedRenderer.initialize() mSurface={isValid=true 0xb40000770116a000} hwInitialized=true
09-25 13:19:26.294  4768  4851 D OpenGLRenderer: eglCreateWindowSurface
09-25 13:19:26.301  5639  5639 D LifecycleMonitor: Lifecycle status change: androidx.test.core.app.InstrumentationActivityInvoker$BootstrapActivity@639ea6c in: RESUMED
09-25 13:19:26.301  5759  5759 E pageboostd: Received HALT command code 2
09-25 13:19:26.301  5639  5639 V ActivityScenario: Activity lifecycle changed event received but ignored because the intent does not match. startActivityIntent=Intent { act=android.intent.action.MAIN cat=[android.intent.category.LAUNCHER] cmp=com.example.dogglers/.GridListActivity }, activity.getIntent()=Intent { act=android.intent.action.MAIN cat=[android.intent.category.LAUNCHER] flg=0x10008000 cmp=com.example.dogglers/androidx.test.core.app.InstrumentationActivityInvoker$BootstrapActivity (has extras) }, activity=androidx.test.core.app.InstrumentationActivityInvoker$BootstrapActivity@639ea6c
09-25 13:19:26.301  8130  8237 I [AirCmd]_MediaControlStateMonitor: isForegroundAppSupportsMediaButton : mediaSession is empty
09-25 13:19:26.301  4768  4843 I ViewRootImpl@7653bc4[dogglers]: reportNextDraw android.view.ViewRootImpl.performTraversals:4438 android.view.ViewRootImpl.doTraversal:3116 android.view.ViewRootImpl$TraversalRunnable.run:10885 android.view.Choreographer$CallbackRecord.run:1301 android.view.Choreographer$CallbackRecord.run:1309
09-25 13:19:26.301  4768  4843 I ViewRootImpl@7653bc4[dogglers]: Setup new sync id=0
09-25 13:19:26.301  4768  4843 I ViewRootImpl@7653bc4[dogglers]: Setting syncFrameCallback
09-25 13:19:26.301  4768  4843 I ViewRootImpl@7653bc4[dogglers]: registerCallbacksForSync syncBuffer=false
09-25 13:19:26.301  8130  8237 I [AirCmd]_MediaControlStateMonitor: active Notification List is null
09-25 13:19:26.301  8130  8237 I [AirCmd]_PenActionRule: getAction : get default action data from remote action because pen action data is null.
09-25 13:19:26.301  5639  5639 D LifecycleMonitor: Lifecycle status change: androidx.test.core.app.InstrumentationActivityInvoker$BootstrapActivity@639ea6c in: PAUSED
09-25 13:19:26.301  5639  5639 V ActivityScenario: Activity lifecycle changed event received but ignored because the intent does not match. startActivityIntent=Intent { act=android.intent.action.MAIN cat=[android.intent.category.LAUNCHER] cmp=com.example.dogglers/.GridListActivity }, activity.getIntent()=Intent { act=android.intent.action.MAIN cat=[android.intent.category.LAUNCHER] flg=0x10008000 cmp=com.example.dogglers/androidx.test.core.app.InstrumentationActivityInvoker$BootstrapActivity (has extras) }, activity=androidx.test.core.app.InstrumentationActivityInvoker$BootstrapActivity@639ea6c
09-25 13:19:26.302  4768  4860 I ViewRootImpl@7653bc4[dogglers]: Received frameDrawingCallback syncResult=0 frameNum=1.
09-25 13:19:26.302  4768  4860 I ViewRootImpl@7653bc4[dogglers]: Setting up sync and frameCommitCallback
09-25 13:19:26.302  8130  8237 I [AirCmd]_ButtonActionDetector: enableDoubleClickDetection: enabled=true, doubleClickWaitInterval=300
09-25 13:19:26.302  8130  8237 I [AirCmd]_RemoteSpenMainController: onSwitch : package is com.example.dogglers   and activity is androidx.test.core.app.InstrumentationActivityInvoker$BootstrapActivity and isBleConnected is false and hasActions is false
09-25 13:19:26.303  8423  8423 I ActivityUtils: HomePackage : com.sec.android.app.launcher, resumePackageName : com.example.dogglers
09-25 13:19:26.303  4768  4851 I BLASTBufferQueue: [ViewRootImpl@7653bc4[dogglers]#3975](f:0,a:0) onFrameAvailable the first frame is available
09-25 13:19:26.303  4768  4851 I ViewRootImpl@7653bc4[dogglers]: Received frameCommittedCallback lastAttemptedDrawFrameNum=1 didProduceBuffer=true
09-25 13:19:26.303  3108  8626 D InputDispatcher: Focused application(0): ActivityRecord{2b512f6 u0 com.example.dogglers/.GridListActivity} t7115}
09-25 13:19:26.303  4768  4851 D OpenGLRenderer: CFMS:: SetUp Pid : 4768    Tid : 4851
09-25 13:19:26.304  3108 29076 D RemoteAppTaskWatcher:  ****** RemoteAppTaskWatcher: Message Received 5 Task ID = 0
09-25 13:19:26.307  4768  4843 I ViewRootImpl@7653bc4[dogglers]: onSyncComplete
09-25 13:19:26.307  4768  4843 I ViewRootImpl@7653bc4[dogglers]: setupSync seqId=0 mSyncId=0 fn=1 caller=android.view.ViewRootImpl$$ExternalSyntheticLambda11.accept:6 android.window.SurfaceSyncer.lambda$setupSync$1$android-window-SurfaceSyncer:128 android.window.SurfaceSyncer$$ExternalSyntheticLambda1.accept:8 android.window.SurfaceSyncer$SyncSet.checkIfSyncIsComplete:382 android.window.SurfaceSyncer$SyncSet.markSyncReady:359 android.window.SurfaceSyncer.markSyncReady:151 android.view.ViewRootImpl.performTraversals:4503
09-25 13:19:26.307  4768  4843 I ViewRootImpl@7653bc4[dogglers]: reportDrawFinished seqId=0 mSyncId=-1 fn=1 mSurfaceChangedTransaction=0xb4000076e571f300
09-25 13:19:26.311  1914  3193 I SurfaceFlinger: id=162350 createSurf, flag=24000, Surface(name=Task=1)/@0xeddbc98 - animation-leash of app_transition#162350
09-25 13:19:26.312 15715 18710 I WindowsLink: (TaskInfoManager) +++++++++++onRecentTaskStackUpdated
09-25 13:19:26.314  1914  4196 I SurfaceFlinger: id=162351 createSurf, flag=24004, Surface(name=Task=7115)/@0xce50def - animation-leash of app_transition#162351
09-25 13:19:26.316  4768  4846 I ViewRootImpl@7653bc4[dogglers]: Resizing android.view.ViewRootImpl@bdcf4a9: frame = [0,0][1440,3088] reportDraw = false forceLayout = false syncSeqId = 0
09-25 13:19:26.317  4768  4843 I ViewRootImpl@7653bc4[dogglers]: handleResized, msg = 4 frames=ClientWindowFrames{frame=[0,0][1440,3088] display=[0,0][1440,3088] parentFrame=[0,0][0,0] parentClippedByDisplayCutout=false} forceNextWindowRelayout=false displayId=0 resizeMode=-1 frameChanged=false displayFrameChanged=false configChanged=false displayChanged=false
09-25 13:19:26.317  1914  4196 I SurfaceFlinger: id=162352 createSurf, flag=80000, 389beed ActivityRecordInputSink com.example.dogglers/androidx.test.core.app.InstrumentationActivityInvoker$BootstrapActivity#162352
09-25 13:19:26.319  1914  4196 I SurfaceFlinger: id=162353 createSurf, flag=80000, e15f391 ActivityRecordInputSink com.example.dogglers/.GridListActivity#162353
09-25 13:19:26.320  4768  4838 D Bubbles : onLocusVisibilityChanged: LocusId[17_chars] visible=false
09-25 13:19:26.320  3108  6142 I MediaSessionMonitor: Media session stopped : controllerList empty
09-25 13:19:26.320  5639  5639 D LifecycleMonitor: Lifecycle status change: com.example.dogglers.GridListActivity@4ff26e9 in: PRE_ON_CREATE
09-25 13:19:26.321  5639  5639 V ActivityScenario: Activity lifecycle changed event received but ignored because the reported transition was not ON_CREATE while the last known transition was PRE_ON_CREATE
09-25 13:19:26.322  1914  1914 I Layer   : Layer [Splash Screen com.example.dogglers$_4768#162348] hidden!! flag(0)
09-25 13:19:26.324  5639  5639 I DecorView: [INFO] isPopOver=false config=true
09-25 13:19:26.324  5639  5639 I DecorView: updateCaptionType: isFloating=false isApplication=true hasWindowDecorCaption=false this=DecorView@62bd807[]
09-25 13:19:26.324  5639  5639 D DecorView: setCaptionType = 0, this = DecorView@62bd807[]
09-25 13:19:26.324  5639  5639 I DecorView: getCurrentDensityDpi: from real metrics. densityDpi=560 msg=resources_loaded
09-25 13:19:26.324  5639  5639 I DecorView: setWindowBackground: isPopOver=false color=ff121212 d=android.graphics.drawable.ColorDrawable@e39e75d
09-25 13:19:26.326  3108  3230 I SemPersonaManager: SecureFolder personaId = 150
09-25 13:19:26.327  5639  5639 D LifecycleMonitor: Lifecycle status change: com.example.dogglers.GridListActivity@4ff26e9 in: CREATED
09-25 13:19:26.327  5639  5639 V ActivityScenario: Update currentActivityStage to CREATED, currentActivity=com.example.dogglers.GridListActivity@4ff26e9
09-25 13:19:26.328  5639  5639 D LifecycleMonitor: Lifecycle status change: com.example.dogglers.GridListActivity@4ff26e9 in: STARTED
09-25 13:19:26.328  5639  5639 V ActivityScenario: Update currentActivityStage to STARTED, currentActivity=com.example.dogglers.GridListActivity@4ff26e9
09-25 13:19:26.328  5639  5639 D LifecycleMonitor: Lifecycle status change: com.example.dogglers.GridListActivity@4ff26e9 in: RESUMED
09-25 13:19:26.328  5639  5639 V ActivityScenario: Update currentActivityStage to RESUMED, currentActivity=com.example.dogglers.GridListActivity@4ff26e9
09-25 13:19:26.329  5639  5639 I MSHandlerLifeCycle: check: return. pkg=com.example.dogglers parent=null callers=com.android.internal.policy.DecorView.setVisibility:4412 android.app.ActivityThread.handleResumeActivity:5476 android.app.servertransaction.ResumeActivityItem.execute:54 android.app.servertransaction.ActivityTransactionItem.execute:45 android.app.servertransaction.TransactionExecutor.executeLifecycleState:176
09-25 13:19:26.329  5639  5639 I MSHandlerLifeCycle: removeMultiSplitHandler: no exist. decor=DecorView@62bd807[]
09-25 13:19:26.329  3108  3230 D EnterpriseDeviceManagerService: isMdmAdminPresentInternal() : MDM Admin Found - com.samsung.knox.securefolder
09-25 13:19:26.331  8423  8423 I ActivityUtils: HomePackage : com.sec.android.app.launcher, resumePackageName : com.example.dogglers
09-25 13:19:26.331  3108  6142 I MediaSessionMonitor: Media session stopped : controllerList empty
09-25 13:19:26.332  5639  5729 D NativeCustomFrequencyManager: [NativeCFMS] BpCustomFrequencyManager::BpCustomFrequencyManager()
09-25 13:19:26.335  3108  6492 D InputTransport: Input channel constructed: '122437e', fd=1293
09-25 13:19:26.335  3108  6492 D InputTransport: Input channel constructed: '122437e', fd=1322
09-25 13:19:26.335  3108  6492 D InputTransport: Input channel constructed: '122437e', fd=1332
09-25 13:19:26.335  1914  4196 I SurfaceFlinger: id=162354 createSurf, flag=80004, 122437e com.example.dogglers/com.example.dogglers.GridListActivity#162354
09-25 13:19:26.336  3108  6492 D InputTransport: Input channel destroyed: '122437e', fd=1332
09-25 13:19:26.337  5639  5639 D InsetsController: onStateChanged: InsetsState: {mDisplayFrame=Rect(0, 0 - 1440, 3088), mDisplayCutout=DisplayCutout{insets=Rect(0, 100 - 0, 0) waterfall=Insets{left=0, top=0, right=0, bottom=0} boundingRect={Bounds=[Rect(0, 0 - 0, 0), Rect(685, 0 - 756, 100), Rect(0, 0 - 0, 0), Rect(0, 0 - 0, 0)]} cutoutPathParserInfo={CutoutPathParserInfo{displayWidth=1440 displayHeight=3088 physicalDisplayWidth=1440 physicalDisplayHeight=3088 density={3.75} cutoutSpec={M 0,0 H -9.466666666666667 V 26.66666666666667‬ H 9.466666666666667 V 0 H 0 Z @dp} rotation={0} scale={1.0} physicalPixelDisplaySizeRatio={1.0}}}}, mRoundedCorners=RoundedCorners{[RoundedCorner{position=TopLeft, radius=14, center=Point(14, 14)}, RoundedCorner{position=TopRight, radius=14, center=Point(1426, 14)}, RoundedCorner{position=BottomRight, radius=14, center=Point(1426, 3074)}, RoundedCorner{position=BottomLeft, radius=14, center=Point(14, 3074)}]}  mRoundedCornerFrame=Rect(0, 0 - 1440, 3088), mPrivacyIndicatorBounds=PrivacyIndicatorBounds {static bounds=Rect(1286, 0 - 1440, 100) rotation=0}, mSources= { InsetsSource: {mType=ITYPE_STATUS_BAR, mFrame=[0,0][1440,100], mVisible=true, mInsetsRoundedCornerFrame=false}, InsetsSource: {mType=ITYPE_NAVIGATION_BAR, mFrame=[0,3088][1440,3088], mVisible=true, mInsetsRoundedCornerFrame=false}, InsetsSource: {mType=ITYPE_LEFT_GESTURES, mFrame=[0,0][0,3088], mVisible=true, mInsetsRoundedCornerFrame=false}, InsetsSource: {mType=ITYPE_RIGHT_GESTURES, mFrame=[1440,0][1440,3088], mVisible=true, mInsetsRoundedCornerFrame=false}, InsetsSource: {mType=ITYPE_TOP_MANDATORY_GESTURES, mFrame=[0,0][1440,142], mVisible=true, mInsetsRoundedCornerFrame=false}, InsetsSource: {mType=ITYPE_BOTTOM_MANDATORY_GESTURES, mFrame=[0,3018][1440,3088], mVisible=true, mInsetsRoundedCornerFrame=false}, InsetsSource: {mType=ITYPE_LEFT_DISPLAY_CUTOUT, mFrame=[0,0][-100000,3088], mVisible=true, mInsetsRoundedCornerFrame=false}, InsetsSource: {mType=ITYPE_TOP_DISPLAY_CUTOUT, mFrame=[0,0][1440,100], mVisible=true, mInsetsRoundedCornerFrame=false}, InsetsSource: {mType=ITYPE_RIGHT_DISPLAY_CUTOUT, mFrame=[100000,0][1440,3088], mVisible=true, mInsetsRoundedCornerFrame=false}, InsetsSource: {mType=ITYPE_BOTTOM_DISPLAY_CUTOUT, mFrame=[0,100000][1440,3088], mVisible=true, mInsetsRoundedCornerFrame=false}, InsetsSource: {mType=ITYPE_TOP_TAPPABLE_ELEMENT, mFrame=[0,0][1440,100], mVisible=true, mInsetsRoundedCornerFrame=false}, InsetsSource: {mType=ITYPE_BOTTOM_TAPPABLE_ELEMENT, mFrame=[0,0][0,0], mVisible=true, mInsetsRoundedCornerFrame=false}, InsetsSource: {mType=ITYPE_IME, mFrame=[0,0][0,0], mVisibleFrame=[0,3088][1440,3088], mVisible=false, mInsetsRoundedCornerFrame=false} } host=com.example.dogglers/com.example.dogglers.GridListActivity from=android.view.ViewRootImpl.setView:1732
09-25 13:19:26.338  5639  5639 I ViewRootImpl@4926b64[GridListActivity]: setView = com.android.internal.policy.DecorView@62bd807 TM=true
09-25 13:19:26.339  5639  5639 I MSHandlerLifeCycle: removeMultiSplitHandler: no exist. decor=DecorView@62bd807[GridListActivity]
09-25 13:19:26.340  3108  3338 D AnalyticsContainerHandler: handleMessage : { when=0 what=1 target=com.android.server.knox.KnoxAnalyticsContainer$AnalyticsHandler }
09-25 13:19:26.341  1914  1914 D SurfaceFlinger: Display 4630947093241269891 HWC layers:
09-25 13:19:26.341  1914  1914 D SurfaceFlinger:      CLIENT | 0xb400007af6c13480 | 0100 | RGBx_8888    |  592.0    0.0 1628.0 2220.0 |    0    0 1440 3088 | Wallpaper BBQ wrapper#90
09-25 13:19:26.341  1914  1914 D SurfaceFlinger:      CLIENT | 0xb400007af6c14700 | 0100 | RGBA_8888    |    0.0    0.0 1440.0 3088.0 |    0    0 1440 3088 | com.sec.android.app.launcher/com.sec[...]rActivity$_5369#162300 (blurRegions)
09-25 13:19:26.341  1914  1914 D SurfaceFlinger:      DEVICE | 0xb400007aeb18bf00 | 0100 | RGBA_8888    |    0.0    0.0 1440.0 3088.0 |  105  225 1335 2863 | Splash Screen com.example.dogglers$_4768#162348
09-25 13:19:26.341  1914  1914 D SurfaceFlinger:      DEVICE | 0xb400007af6c14880 | 0100 | RGBA_8888    |    0.0    0.0 1440.0  100.0 |    0    0 1440  100 | StatusBar$_4768#95
09-25 13:19:26.341  1914  1914 D SurfaceFlinger:      DEVICE | 0xb400007af8705400 | 0100 | RGBA_8888    |    0.0    0.0   67.0  589.0 |    0  562   67 1151 | com.samsung.android.app.cocktailbars[...]vice.CocktailBarService$_8423#156853
09-25 13:19:26.341  1914  1914 D SurfaceFlinger:      DEVICE | 0xb400007af8705500 | 0100 | RGBA_8888    |    0.0    0.0  518.0   48.0 |  922 3040 1440 3088 | SGestureOverlayWindow$_5369#156268
09-25 13:19:26.341  1914  1914 D SurfaceFlinger:      DEVICE | 0xb400007af6c15880 | 0100 | RGBA
09-25 13:19:26.341  1914  1914 D SurfaceFlinger: _8888    |    0.0    0.0 1440.0  168.0 |    0 2920 1440 3088 | NavigationBar0$_4768#92
09-25 13:19:26.341  1914  1914 D SurfaceFlinger:
09-25 13:19:26.342  5639  5639 I ViewRootImpl@4926b64[GridListActivity]: performTraversals params={(0,0)(fillxfill) sim={adjust=resize forwardNavigation} ty=BASE_APPLICATION wanim=0x1030309
09-25 13:19:26.342  5639  5639 I ViewRootImpl@4926b64[GridListActivity]:   fl=81810100
09-25 13:19:26.342  5639  5639 I ViewRootImpl@4926b64[GridListActivity]:   pfl=12020040
09-25 13:19:26.342  5639  5639 I ViewRootImpl@4926b64[GridListActivity]:   bhv=DEFAULT
09-25 13:19:26.342  5639  5639 I ViewRootImpl@4926b64[GridListActivity]:   fitSides= naviIconColor=0}
09-25 13:19:26.342  5639  5639 I ViewRootImpl@4926b64[GridListActivity]: performTraversals mFirst=true windowShouldResize=true viewVisibilityChanged=false mForceNextWindowRelayout=false params={(0,0)(fillxfill) sim={adjust=resize forwardNavigation} ty=BASE_APPLICATION wanim=0x1030309
09-25 13:19:26.342  5639  5639 I ViewRootImpl@4926b64[GridListActivity]:   fl=81810100
09-25 13:19:26.342  5639  5639 I ViewRootImpl@4926b64[GridListActivity]:   pfl=12020040
09-25 13:19:26.342  5639  5639 I ViewRootImpl@4926b64[GridListActivity]:   bhv=DEFAULT
09-25 13:19:26.342  5639  5639 I ViewRootImpl@4926b64[GridListActivity]:   fitSides= naviIconColor=0}
09-25 13:19:26.342  3108  6492 V WindowManager: Relayout Window{122437e u0 com.example.dogglers/com.example.dogglers.GridListActivity}: viewVisibility=0 req=1440x3088 d0
09-25 13:19:26.342  1914  3199 I SurfaceFlinger: id=162355 createSurf, flag=40004, com.example.dogglers/com.example.dogglers.GridListActivity$_5639#162355
09-25 13:19:26.346  1914  3199 I SurfaceFlinger: id=162356 createSurf, flag=24000, Surface(name=4eb27f5 StatusBar)/@0x43fa543 - animation-leash of insets_animation#162356
09-25 13:19:26.347  1914  2140 I SurfaceFlinger: id=162357 createSurf, flag=24000, Surface(name=d110b4c NavigationBar0)/@0x8bdb781 - animation-leash of insets_animation#162357
09-25 13:19:26.350  3108  6492 V WindowManager: Relayout hash=122437e, pid=5639, syncId=-1: mAttrs={(0,0)(fillxfill) sim={adjust=resize forwardNavigation} ty=BASE_APPLICATION wanim=0x1030309
09-25 13:19:26.350  3108  6492 V WindowManager:   fl=81810100
09-25 13:19:26.350  3108  6492 V WindowManager:   pfl=12020040
09-25 13:19:26.350  3108  6492 V WindowManager:   bhv=DEFAULT
09-25 13:19:26.350  3108  6492 V WindowManager:   fitSides= naviIconColor=0}
09-25 13:19:26.350  5369 18503 I TouchInteractionService: onSystemUiStateChanged, stateFlags : 131120 |a11y_click|a11y_long_click|allow_gesture|
09-25 13:19:26.350  5369  5369 I RecentsAnimationDeviceState: setSystemUiFlags, stateFlags : 131120
09-25 13:19:26.350  5369  5369 W SGestureOverlayWindow: setVisibilityGestureOverlayWindow, visibility = 0
09-25 13:19:26.350  5369  5369 I TouchInteractionService: onSystemUiFlagsChanged, lastSysUIFlags : 48
09-25 13:19:26.351  5639  5639 I ViewRootImpl@4926b64[GridListActivity]: updateBlastSurfaceIfNeeded mBlastBufferQueue=null isSameSurfaceControl=false
09-25 13:19:26.351  5639  5639 I BLASTBufferQueue: new BLASTBufferQueue, mName= ViewRootImpl@4926b64[GridListActivity] mNativeObject= 0xb4000077a1042300 sc.mNativeObject= 0xb4000077b109d160 caller= android.view.ViewRootImpl.updateBlastSurfaceIfNeeded:2909 android.view.ViewRootImpl.relayoutWindow:9847 android.view.ViewRootImpl.performTraversals:3884 android.view.ViewRootImpl.doTraversal:3116 android.view.ViewRootImpl$TraversalRunnable.run:10885 android.view.Choreographer$CallbackRecord.run:1301 android.view.Choreographer$CallbackRecord.run:1309 android.view.Choreographer.doCallbacks:923 android.view.Choreographer.doFrame:852 android.view.Choreographer$FrameDisplayEventReceiver.run:1283
09-25 13:19:26.351  5639  5639 I BLASTBufferQueue: update, w= 1440 h= 3088 mName = ViewRootImpl@4926b64[GridListActivity] mNativeObject= 0xb4000077a1042300 sc.mNativeObject= 0xb4000077b109d160 format= -1 caller= android.graphics.BLASTBufferQueue.<init>:84 android.view.ViewRootImpl.updateBlastSurfaceIfNeeded:2909 android.view.ViewRootImpl.relayoutWindow:9847 android.view.ViewRootImpl.performTraversals:3884 android.view.ViewRootImpl.doTraversal:3116 android.view.ViewRootImpl$TraversalRunnable.run:10885
09-25 13:19:26.351  5639  5639 I ViewRootImpl@4926b64[GridListActivity]: Relayout returned: old=(0,0,1440,3088) new=(0,0,1440,3088) req=(1440,3088)0 dur=9 res=0x3 s={true 0xb4000077189e3000} ch=true seqId=0
09-25 13:19:26.351  5639  5639 I ViewRootImpl@4926b64[GridListActivity]: performConfigurationChange setNightDimText nightDimLevel=0
09-25 13:19:26.352  5639  5639 I ViewRootImpl@4926b64[GridListActivity]: mThreadedRenderer.initialize() mSurface={isValid=true 0xb4000077189e3000} hwInitialized=true
09-25 13:19:26.352  5639  5729 D OpenGLRenderer: eglCreateWindowSurface
09-25 13:19:26.355  1914  1914 I Layer   : id=162341 removedFromDrawingState Surface(name=4eb27f5 StatusBar)/@0x43fa543 - animation-leash of insets_animation#162341 (337)
09-25 13:19:26.355  1914  1914 I Layer   : id=162342 removedFromDrawingState Surface(name=d110b4c NavigationBar0)/@0x8bdb781 - animation-leash of insets_animation#162342 (337)
09-25 13:19:26.355  1914  1914 I SurfaceFlinger: [122437e com.example.dogglers/com.example.dogglers.GridListActivity#162354] FrameRatePriority: 1
09-25 13:19:26.355  1914  1914 I SurfaceFlinger: id=162341 Removed Surface(name=4eb27f5 StatusBar)/@0x43fa543 - animation-leash of insets_animation#162341 (337)
09-25 13:19:26.355  1914  1914 I SurfaceFlinger: id=162342 Removed Surface(name=d110b4c NavigationBar0)/@0x8bdb781 - animation-leash of insets_animation#162342 (337)
09-25 13:19:26.355  1914  1914 I Layer   : id=162341 Destroyed Surface(name=4eb27f5 StatusBar)/@0x43fa543 - animation-leash of insets_animation#162341
09-25 13:19:26.355  1914  1914 I Layer   : id=162342 Destroyed Surface(name=d110b4c NavigationBar0)/@0x8bdb781 - animation-leash of insets_animation#162342
09-25 13:19:26.356  3108  6492 D InputDispatcher: Focus request (0): 122437e com.example.dogglers/com.example.dogglers.GridListActivity but waiting because NO_WINDOW
09-25 13:19:26.365  5639  5639 I ViewRootImpl@4926b64[GridListActivity]: reportNextDraw android.view.ViewRootImpl.performTraversals:4438 android.view.ViewRootImpl.doTraversal:3116 android.view.ViewRootImpl$TraversalRunnable.run:10885 android.view.Choreographer$CallbackRecord.run:1301 android.view.Choreographer$CallbackRecord.run:1309
09-25 13:19:26.365  5639  5639 I ViewRootImpl@4926b64[GridListActivity]: Setup new sync id=0
09-25 13:19:26.365  5639  5639 I ViewRootImpl@4926b64[GridListActivity]: Setting syncFrameCallback
09-25 13:19:26.365  5639  5639 I ViewRootImpl@4926b64[GridListActivity]: registerCallbacksForSync syncBuffer=false
09-25 13:19:26.368  5639  5771 I ViewRootImpl@4926b64[GridListActivity]: Received frameDrawingCallback syncResult=0 frameNum=1.
09-25 13:19:26.368  5639  5771 I ViewRootImpl@4926b64[GridListActivity]: Setting up sync and frameCommitCallback
09-25 13:19:26.369  5639  5729 I BLASTBufferQueue: [ViewRootImpl@4926b64[GridListActivity]#33](f:0,a:0) onFrameAvailable the first frame is available
09-25 13:19:26.370  5639  5729 I ViewRootImpl@4926b64[GridListActivity]: Received frameCommittedCallback lastAttemptedDrawFrameNum=1 didProduceBuffer=true
09-25 13:19:26.370  5639  5729 D OpenGLRenderer: CFMS:: SetUp Pid : 5639    Tid : 5729
09-25 13:19:26.374  5639  5639 I ViewRootImpl@4926b64[GridListActivity]: onSyncComplete
09-25 13:19:26.374  5639  5639 I ViewRootImpl@4926b64[GridListActivity]: setupSync seqId=0 mSyncId=0 fn=1 caller=android.view.ViewRootImpl$$ExternalSyntheticLambda11.accept:6 android.window.SurfaceSyncer.lambda$setupSync$1$android-window-SurfaceSyncer:128 android.window.SurfaceSyncer$$ExternalSyntheticLambda1.accept:8 android.window.SurfaceSyncer$SyncSet.checkIfSyncIsComplete:382 android.window.SurfaceSyncer$SyncSet.markSyncReady:359 android.window.SurfaceSyncer.markSyncReady:151 android.view.ViewRootImpl.performTraversals:4503
09-25 13:19:26.374  5639  5639 I ViewRootImpl@4926b64[GridListActivity]: reportDrawFinished seqId=0 mSyncId=-1 fn=1 mSurfaceChangedTransaction=0xb40000772b184a00
09-25 13:19:26.377  3108  3227 W ziparchive: Unable to open '/data/app/~~ATcZRD0F-LmHTuxfrkuUPg==/com.example.dogglers-ejGvQ7nyEoA-Sr0nwgcZYw==/base.dm': No such file or directory
09-25 13:19:26.377  5639  5639 D RootViewPicker: Root not ready - waiting: 10ms for one to appear.
09-25 13:19:26.378  3108  3227 I PkgPredictorService-SecIpmManagerServiceImpl: reportToNAP uid:10577 com.example.dogglers/com.example.dogglers.GridListActivity thisTime:122
09-25 13:19:26.378  1914  2140 I SurfaceFlinger: id=162358 createSurf, flag=24000, Surface(name=122437e com.example.dogglers/com.example.dogglers.GridListActivity)/@0x4c0d9c4 - animation-leash of starting_reveal#162358
09-25 13:19:26.379  3108  3227 I ActivityTaskManager: Displayed com.example.dogglers/.GridListActivity: +122ms
09-25 13:19:26.379  5759  5759 E pageboostd: Received HALT command code 2
09-25 13:19:26.380  1914  1914 I Layer   : Layer [com.example.dogglers/com.example.dogglers.GridListActivity$_5639#162355] hidden!! flag(0)
09-25 13:19:26.382  3108  4074 D InputDispatcher: Focus entered window (0): 122437e com.example.dogglers/com.example.dogglers.GridListActivity
09-25 13:19:26.383  1914  1914 D SurfaceFlinger: Display 4630947093241269891 HWC layers:
09-25 13:19:26.383  1914  1914 D SurfaceFlinger:      CLIENT | 0xb400007af6c13480 | 0100 | RGBx_8888    |  592.0    0.0 1628.0 2220.0 |    0    0 1440 3088 | Wallpaper BBQ wrapper#90
09-25 13:19:26.383  1914  1914 D SurfaceFlinger:      CLIENT | 0xb400007af6c14700 | 0100 | RGBA_8888    |    0.0    0.0 1440.0 3088.0 |    0    0 1440 3088 | com.sec.android.app.launcher/com.sec[...]rActivity$_5369#162300 (blurRegions)
09-25 13:19:26.383  1914  1914 D SurfaceFlinger:      DEVICE | 0xb400007af6c11d80 | 0102 | RGBA_8888    |    0.0    0.0 1440.0 3088.0 |   76  162 1364 2926 | com.example.dogglers/com.example.dogglers.GridListActivity$_5639#162355
09-25 13:19:26.383  1914  1914 D SurfaceFlinger:      DEVICE | 0xb400007aeb18bf00 | 0100 | RGBA_8888    |    0.0    0.0 1440.0 3088.0 |   76  162 1364 2926 | Splash Screen com.example.dogglers$_4768#162348
09-25 13:19:26.383  1914  1914 D SurfaceFlinger:      DEVICE | 0xb400007af6c14880 | 0100 | RGBA_8888    |    0.0    0.0 1440.0  100.0 |    0    0 1440  100 | StatusBar$_4768#95
09-25 13:19:26.383  1914  1914 D SurfaceFlinger:      DEVICE | 0xb400007af8705400 | 0100 | RGBA_8888    |    0.0    0.0   67.0  589.0 |    0  562   67 1151 | com.samsung.android.app.cocktailbars[...]vice.CocktailBarService$_8423#156853
09-25 13:19:26.383  1914  1914 D SurfaceFlinger:      DEVI
09-25 13:19:26.383  1914  1914 D SurfaceFlinger: CE | 0xb400007af8705500 | 0100 | RGBA_8888    |    0.0    0.0  518.0   48.0 |  922 3040 1440 3088 | SGestureOverlayWindow$_5369#156268
