09-25 13:19:21.816  5639  5639 I BLASTBufferQueue: update, w= 1440 h= 3088 mName = ViewRootImpl@4217f55[InstrumentationActivityInvoker$EmptyActivity] mNativeObject= 0xb4000077a1041880 sc.mNativeObject= 0xb4000077b109e600 format= -1 caller= android.graphics.BLASTBufferQueue.<init>:84 android.view.ViewRootImpl.updateBlastSurfaceIfNeeded:2909 android.view.ViewRootImpl.relayoutWindow:9847 android.view.ViewRootImpl.performTraversals:3884 android.view.ViewRootImpl.doTraversal:3116 android.view.ViewRootImpl$TraversalRunnable.run:10885
09-25 13:19:21.816  5639  5639 I ViewRootImpl@4217f55[InstrumentationActivityInvoker$EmptyActivity]: Relayout returned: old=(0,0,1440,3088) new=(0,0,1440,3088) req=(1440,3088)0 dur=7 res=0x3 s={true 0xb40000773480a800} ch=true seqId=0
09-25 13:19:21.816  5639  5639 I ViewRootImpl@4217f55[InstrumentationActivityInvoker$EmptyActivity]: performConfigurationChange setNightDimText nightDimLevel=0
09-25 13:19:21.817  5639  5639 I ViewRootImpl@4217f55[InstrumentationActivityInvoker$EmptyActivity]: mThreadedRenderer.initialize() mSurface={isValid=true 0xb40000773480a800} hwInitialized=true
09-25 13:19:21.817  5639  5729 D OpenGLRenderer: eglCreateWindowSurface
09-25 13:19:21.817  5639  5639 I ViewRootImpl@4217f55[InstrumentationActivityInvoker$EmptyActivity]: reportNextDraw android.view.ViewRootImpl.performTraversals:4438 android.view.ViewRootImpl.doTraversal:3116 android.view.ViewRootImpl$TraversalRunnable.run:10885 android.view.Choreographer$CallbackRecord.run:1301 android.view.Choreographer$CallbackRecord.run:1309
09-25 13:19:21.817  5639  5639 I ViewRootImpl@4217f55[InstrumentationActivityInvoker$EmptyActivity]: Setup new sync id=0
09-25 13:19:21.818  5639  5639 I ViewRootImpl@4217f55[InstrumentationActivityInvoker$EmptyActivity]: Setting syncFrameCallback
09-25 13:19:21.818  5639  5639 I ViewRootImpl@4217f55[InstrumentationActivityInvoker$EmptyActivity]: registerCallbacksForSync syncBuffer=false
09-25 13:19:21.818  5639  5771 I ViewRootImpl@4217f55[InstrumentationActivityInvoker$EmptyActivity]: Received frameDrawingCallback syncResult=0 frameNum=1.
09-25 13:19:21.818  5639  5771 I ViewRootImpl@4217f55[InstrumentationActivityInvoker$EmptyActivity]: Setting up sync and frameCommitCallback
09-25 13:19:21.819  5639  5729 I BLASTBufferQueue: [ViewRootImpl@4217f55[InstrumentationActivityInvoker$EmptyActivity]#17](f:0,a:0) onFrameAvailable the first frame is available
09-25 13:19:21.819  5639  5729 I ViewRootImpl@4217f55[InstrumentationActivityInvoker$EmptyActivity]: Received frameCommittedCallback lastAttemptedDrawFrameNum=1 didProduceBuffer=true
09-25 13:19:21.820  5639  5729 D OpenGLRenderer: CFMS:: SetUp Pid : 5639    Tid : 5729
09-25 13:19:21.821  1914  1914 I Layer   : id=162141 removedFromDrawingState Surface(name=4eb27f5 StatusBar)/@0x43fa543 - animation-leash of insets_animation#162141 (341)
09-25 13:19:21.821  1914  1914 I Layer   : id=162142 removedFromDrawingState Surface(name=d110b4c NavigationBar0)/@0x8bdb781 - animation-leash of insets_animation#162142 (341)
09-25 13:19:21.821  1914  1914 I SurfaceFlinger: [ba1fdf2 com.example.dogglers/androidx.test.core.app.InstrumentationActivityInvoker$EmptyActivity#162146] FrameRatePriority: 1
09-25 13:19:21.822  1914  1914 D SurfaceFlinger: GPIS:: requestGPIS
09-25 13:19:21.824  5639  5639 I ViewRootImpl@4217f55[InstrumentationActivityInvoker$EmptyActivity]: onSyncComplete
09-25 13:19:21.824  3108  4606 D InputDispatcher: Focus request (0): ba1fdf2 com.example.dogglers/androidx.test.core.app.InstrumentationActivityInvoker$EmptyActivity but waiting because NO_WINDOW
09-25 13:19:21.824  5639  5639 I ViewRootImpl@4217f55[InstrumentationActivityInvoker$EmptyActivity]: setupSync seqId=0 mSyncId=0 fn=1 caller=android.view.ViewRootImpl$$ExternalSyntheticLambda11.accept:6 android.window.SurfaceSyncer.lambda$setupSync$1$android-window-SurfaceSyncer:128 android.window.SurfaceSyncer$$ExternalSyntheticLambda1.accept:8 android.window.SurfaceSyncer$SyncSet.checkIfSyncIsComplete:382 android.window.SurfaceSyncer$SyncSet.markSyncReady:359 android.window.SurfaceSyncer.markSyncReady:151 android.view.ViewRootImpl.performTraversals:4503
09-25 13:19:21.824  5639  5639 I ViewRootImpl@4217f55[InstrumentationActivityInvoker$EmptyActivity]: reportDrawFinished seqId=0 mSyncId=-1 fn=1 mSurfaceChangedTransaction=0xb4000077345cf000
09-25 13:19:21.824  1914  4196 I SurfaceFlinger: id=162136 Removed Surface(name=6a358c3 InputMethod)/@0x1a6cc79 - animation-leash of insets_animation#162136 (341)
09-25 13:19:21.825  5639  5639 I ViewRootImpl@dbf3ab0[InstrumentationActivityInvoker$EmptyActivity]: MSG_WINDOW_FOCUS_CHANGED 0 0
09-25 13:19:21.825  1914  4196 I SurfaceFlinger: id=162142 Removed Surface(name=d110b4c NavigationBar0)/@0x8bdb781 - animation-leash of insets_animation#162142 (341)
09-25 13:19:21.825  1914  4196 I SurfaceFlinger: id=162141 Removed Surface(name=4eb27f5 StatusBar)/@0x43fa543 - animation-leash of insets_animation#162141 (341)
09-25 13:19:21.826  3108  3227 I ActivityTaskManager: Displayed com.example.dogglers/androidx.test.core.app.InstrumentationActivityInvoker$EmptyActivity: +59ms
09-25 13:19:21.826  5759  5759 E pageboostd: Received HALT command code 2
09-25 13:19:21.828  3108  8626 D InputMethodManagerService: isImeSwitcherDisabledPackage : false
09-25 13:19:21.828  3108  4606 I SemDvfsHyPerManager: acquire hyper - AMS_RESUME_TAIL/3108@20, type = -999
09-25 13:19:21.828   586   586 I InputMethodService: removeImeSurface
09-25 13:19:21.828  3108  4606 I SemDvfsHyPerManager: acquire hyper - AMS_ACT_LAZY/3108@21, type = -999
09-25 13:19:21.829   586   586 I MSHandlerLifeCycle: check: return. pkg=com.google.android.inputmethod.latin isActivity=false callers=com.android.internal.policy.DecorView.setVisibility:4412 android.app.Dialog.hide:767 android.inputmethodservice.InputMethodService.removeImeSurface:1290 android.inputmethodservice.InputMethodService.scheduleImeSurfaceRemoval:1279 android.inputmethodservice.InputMethodService.-$$Nest$mscheduleImeSurfaceRemoval:0
09-25 13:19:21.829  1809  1855 I HYPER-HAL: [RequestManager.cpp]acquire(): Acquired ID : 4893776  [3108 / 20]    HINT : AMS_RESUME_TAIL    list :
09-25 13:19:21.829   586   586 I MSHandlerLifeCycle: removeMultiSplitHandler: no exist. decor=DecorView@3ddf8c7[InputMethod]
09-25 13:19:21.829  1809  1855 I HYPER-HAL: [RequestManager.cpp]acquire(): Acquired ID : 4896906  [3108 / 21]    HINT : AMS_ACT_LAZY    list :
09-25 13:19:21.829  1914  1914 I Layer   : Layer [com.example.dogglers/androidx.test.core.app.InstrumentationActivityInvoker$EmptyActivity$_5639#162147] hidden!! flag(0)
09-25 13:19:21.830  1914  1914 I Layer   : id=162141 Destroyed Surface(name=4eb27f5 StatusBar)/@0x43fa543 - animation-leash of insets_animation#162141
09-25 13:19:21.830  1914  1914 I Layer   : id=162142 Destroyed Surface(name=d110b4c NavigationBar0)/@0x8bdb781 - animation-leash of insets_animation#162142
09-25 13:19:21.830  1914  1914 I Layer   : id=162136 Destroyed Surface(name=6a358c3 InputMethod)/@0x1a6cc79 - animation-leash of insets_animation#162136
09-25 13:19:21.830  3108  4073 D InputDispatcher: Focused application(0): ActivityRecord{d98ff22 u0 com.sec.android.app.launcher/.activities.LauncherActivity} t6591}
09-25 13:19:21.830  3108  4605 D AS.MultiSoundManager: mForegroundUid = 10141
09-25 13:19:21.831  3108  6472 D InputDispatcher: Focus entered window (0): ba1fdf2 com.example.dogglers/androidx.test.core.app.InstrumentationActivityInvoker$EmptyActivity
09-25 13:19:21.831  1809  1855 I HYPER-HAL: [RequestManager.cpp]releaseLocked(): Released ID : 4887519
09-25 13:19:21.833  1914  1914 D SurfaceFlinger: Display 4630947093241269891 HWC layers:
09-25 13:19:21.833  1914  1914 D SurfaceFlinger:      CLIENT | 0xb400007af6c13480 | 0100 | RGBx_8888    |  592.0    0.0 1628.0 2220.0 |    0    0 1440 3088 | Wallpaper BBQ wrapper#90
09-25 13:19:21.833  1914  1914 D SurfaceFlinger:      CLIENT | 0xb400007af6c11c80 | 0100 | RGBA_8888    |    0.0    0.0 1440.0 3088.0 |    0    0 1440 3088 | com.sec.android.app.launcher/com.sec[...]rActivity$_5369#162113 (blurRegions)
09-25 13:19:21.833  1914  1914 D SurfaceFlinger:      DEVICE | 0xb400007aeb20f180 | 0102 | RGBA_8888    |    0.0    0.0 1440.0 3088.0 |   19   41 1421 3047 | com.example.dogglers/androidx.test.c[...]tyInvoker$EmptyActivity$_5639#162147
09-25 13:19:21.833  1914  1914 D SurfaceFlinger:      DEVICE | 0xb400007af6c14880 | 0100 | RGBA_8888    |    0.0    0.0 1440.0  100.0 |    0    0 1440  100 | StatusBar$_4768#95
09-25 13:19:21.833  1914  1914 D SurfaceFlinger:      DEVICE | 0xb400007af8705400 | 0100 | RGBA_8888    |    0.0    0.0   67.0  589.0 |    0  562   67 1151 | com.samsung.android.app.cocktailbars[...]vice.CocktailBarService$_8423#156853
09-25 13:19:21.833  1914  1914 D SurfaceFlinger:      DEVICE | 0xb400007af8705500 | 0100 | RGBA_8888    |    0.0    0.0  518.0   48.0 |  922 3040 1440 3088 | SGestureOverlayWindow$_5369#156268
09-25 13:19:21.833  1914  1914 D SurfaceFlinger:      DEVICE | 0x
09-25 13:19:21.833  1914  1914 D SurfaceFlinger: b400007af6c15880 | 0100 | RGBA_8888    |    0.0    0.0 1440.0  168.0 |    0 2920 1440 3088 | NavigationBar0$_4768#92
09-25 13:19:21.833  1914  1914 D SurfaceFlinger:
09-25 13:19:21.837  5639  5639 D LifecycleMonitor: Lifecycle status change: androidx.test.core.app.InstrumentationActivityInvoker$EmptyActivity@135a9e3 in: PAUSED
09-25 13:19:21.837  5639  5639 V ActivityScenario: Activity lifecycle changed event received but ignored because the intent does not match. startActivityIntent=Intent { act=android.intent.action.MAIN cat=[android.intent.category.LAUNCHER] cmp=com.example.dogglers/.MainActivity }, activity.getIntent()=Intent { act=android.intent.action.MAIN cat=[android.intent.category.LAUNCHER] flg=0x10000000 cmp=com.example.dogglers/androidx.test.core.app.InstrumentationActivityInvoker$EmptyActivity }, activity=androidx.test.core.app.InstrumentationActivityInvoker$EmptyActivity@135a9e3
09-25 13:19:21.837  3108  4073 I SemDvfsHyPerManager: acquire hyper - AMS_APP_HOME/3108@24, type = -999
09-25 13:19:21.837  1809  1855 I HYPER-HAL: [RequestManager.cpp]acquire(): Acquired ID : 4906302  [3108 / 24]    HINT : AMS_APP_HOME    list :
09-25 13:19:21.837  5369  5369 I TopTaskTracker: onTaskMovedToFront : taskId = 6591
09-25 13:19:21.837  8328  8328 I SemDvfsHyPerManager: acquire hyper - APP_START_HOME/8328@20, type = -999
09-25 13:19:21.838  1809  1855 I HYPER-HAL: [RequestManager.cpp]acquire(): Acquired ID : 34848746  [8328 / 20]    HINT : APP_START    list : [KERNEL_APP_START_NOTIFY / 0] [TIMEOUT / 1500]
09-25 13:19:21.838  1914  1914 I SurfaceFlinger: [ba1fdf2 com.example.dogglers/androidx.test.core.app.InstrumentationActivityInvoker$EmptyActivity#162146] FrameRatePriority: -1
09-25 13:19:21.839  3108  6472 D InputDispatcher: Focus request (0): <null> but waiting because NOT_FOCUSABLE
09-25 13:19:21.839  3108  6472 D InputDispatcher: Focus left window (0): ba1fdf2 com.example.dogglers/androidx.test.core.app.InstrumentationActivityInvoker$EmptyActivity
09-25 13:19:21.839  5369  5369 I ViewRootImpl@7533534[LauncherActivity]: stopped(false) old = false
09-25 13:19:21.839  5369  5369 I Launcher: !@Boot_DEBUG: Launcher.onResume()
09-25 13:19:21.839  5369  5369 I Launcher: !@Boot_EBS_D: Launcher.onResume()
09-25 13:19:21.839  5369  5369 I BaseActivity: addActivityFlags, flags : 18
09-25 13:19:21.839  5369  5369 I BaseActivity: removeActivityFlags, flags : 32
09-25 13:19:21.839  5369  5369 I AppsSearchBar: restoreCurrentCellLayoutAlpha: [com.android.homescreen.apptray.AppsViewCellLayout{118f2a4 V.ED..... ........ 15341,100-16679,2951}[a=1.0,v=0,sId=11]]
09-25 13:19:21.839  3108 29076 D RemoteAppTaskWatcher:  ****** RemoteAppTaskWatcher: Message Received 5 Task ID = 0
09-25 13:19:21.839  5369  5741 I IMM_LC  : hsifw() - flag : 0
09-25 13:19:21.839  5369  5741 I IMM_LC  : hsifw() - mService.hideSoftInput
09-25 13:19:21.840  5369  5369 I Launcher.AppsViewCellLayout: com.android.homescreen.apptray.AppsViewCellLayout{118f2a4 V.ED..... ........ 15341,100-16679,2951}[a=1.0,v=0,sId=11] setAlpha : 1.0
09-25 13:19:21.840  5369  5369 I Launcher.AppsViewCellLayout: com.android.homescreen.apptray.AppsViewCellLayout{118f2a4 V.ED..... ........ 15341,100-16679,2951}[a=1.0,v=0,sId=11] setAlpha : 1.0
09-25 13:19:21.840  5369  5369 W SearchLauncherServiceMover: isMoving : false
09-25 13:19:21.840  5369  5369 I Launcher: setWallpaperOffsets
09-25 13:19:21.840  5369 13016 I Launcher: DisplayMetrics from Resources : DisplayMetrics{density=3.5, width=1440, height=2988, scaledDensity=3.8500001, xdpi=501.041, ydpi=502.789}
09-25 13:19:21.840  5369 13016 I Launcher: realMetrics from Wm : DisplayMetrics{density=3.5, width=1440, height=3088, scaledDensity=3.5, xdpi=501.041, ydpi=502.789}
09-25 13:19:21.840  5369 13016 I Launcher: Launcher DeviceProfile onResume availSize: 1440x2988 windowSize: 1440x3088 isLandscape: false
09-25 13:19:21.840  5369  5752 I SPayUpdater: updateSpayHandler, show = false, defaultPage = false
09-25 13:19:21.841  1914  3199 I SurfaceFlinger: id=162150 createSurf, flag=24000, Surface(name=Task=7109)/@0xe9d3f59 - animation-leash of app_transition#162150
09-25 13:19:21.841  5369 11129 I WidgetRotationImpl: subscribeWidgetFocus 80
09-25 13:19:21.841  6586  6586 I SAMSUNGWALLET: [Hint_PayHintService] onReceive() action=com.sec.android.app.launcher.intent.action.UPDATE_SPAY_HANDLER
09-25 13:19:21.841  6586  6586 I SAMSUNGWALLET: [Hint_PayHintService] home change, s home : false , default : false , gesture : true , s result : false , prev : false
09-25 13:19:21.841  5369 11129 I IntelligentPlatformManagerImpl: subscribeWidgetFocus() id : 80
09-25 13:19:21.841  5759  5759 E pageboostd: Received HALT command code 2
09-25 13:19:21.843  1914  3193 I SurfaceFlinger: id=162151 createSurf, flag=24004, Surface(name=Task=1)/@0xeddbc98 - animation-leash of app_transition#162151
09-25 13:19:21.844  1914  3193 I SurfaceFlinger: id=162152 createSurf, flag=24000, Surface(name=WallpaperWindowToken{6241e01 token=android.os.Binder@ab19d0b})/@0xf3e0a44 - animation-leash of window_animation#162152
09-25 13:19:21.849  1914  1914 I Layer   : id=162153 Destroyed Screenshot Parent#162153
09-25 13:19:21.851  3108 29076 D RemoteAppTaskWatcher:  ****** RemoteAppTaskWatcher: Message Received 5 Task ID = 0
09-25 13:19:21.852  1914  3193 I SurfaceFlinger: id=162154 createSurf, flag=24000, Surface(name=4eb27f5 StatusBar)/@0x43fa543 - animation-leash of insets_animation#162154
09-25 13:19:21.855  1914  3193 I SurfaceFlinger: id=162155 createSurf, flag=24000, Surface(name=d110b4c NavigationBar0)/@0x8bdb781 - animation-leash of insets_animation#162155
09-25 13:19:21.856  5369  5421 I TouchInteractionService: onSystemUiStateChanged, stateFlags : 48 |a11y_click|a11y_long_click|
09-25 13:19:21.857  4768  4838 D Bubbles : onLocusVisibilityChanged: LocusId[17_chars] visible=true
09-25 13:19:21.857  5369  5421 I LauncherAnimationRunner: onAnimationStart, appTargets : [Lcom.android.systemui.shared.system.RemoteAnimationTargetCompat;@7a8f500 mStartAtFrontOfQueue : false
09-25 13:19:21.857  5639  5639 I ViewRootImpl@4217f55[InstrumentationActivityInvoker$EmptyActivity]: MSG_WINDOW_FOCUS_CHANGED 0 0
09-25 13:19:21.858  5639  5639 I ViewRootImpl@4217f55[InstrumentationActivityInvoker$EmptyActivity]: MSG_WINDOW_FOCUS_CHANGED 0 0
09-25 13:19:21.859  5369  5369 I MSHandlerLifeCycle: removeMultiSplitHandler: no exist. decor=DecorView@ac62e93[LauncherActivity]
09-25 13:19:21.859  5369  5369 I BaseActivity: addActivityFlags, flags : 4
09-25 13:19:21.859  5369  5369 I Launcher: onDeferredResumed
09-25 13:19:21.859  5369  5369 I InstallShortcutReceiver: flushInstallQueue 0
09-25 13:19:21.859  5369  5369 I Launcher.NotificationListener: onNotificationFullRefresh
09-25 13:19:21.859  5369  5369 I BadgeCountUpdaterImpl: onNotificationsChangedConnected
09-25 13:19:21.859  5369  5369 W LauncherAppWidgetHost: setShouldListenFlag, mFlags:7 flag:resume on:true isFront:false
09-25 13:19:21.859  5369  5369 I Launcher.AppsViewCellLayout: com.android.homescreen.apptray.AppsViewCellLayout{118f2a4 V.ED..... ........ 15341,100-16679,2951}[a=1.0,v=0,sId=11] setAlpha : 1.0
09-25 13:19:21.859  5369  5369 I RecentsAnimationDeviceState: setSystemUiFlags, stateFlags : 48
09-25 13:19:21.859  5369  5369 W SGestureOverlayWindow: setVisibilityGestureOverlayWindow, visibility = 0
09-25 13:19:21.859  5369  5369 I TouchInteractionService: onSystemUiFlagsChanged, lastSysUIFlags : 131120
09-25 13:19:21.859  5369  5748 I InstallShortcutReceiver: flushQueueInBackground 0
09-25 13:19:21.860  3108  3338 D AnalyticsContainerHandler: handleMessage : { when=0 what=1 target=com.android.server.knox.KnoxAnalyticsContainer$AnalyticsHandler }
09-25 13:19:21.860  5369  5369 I Launcher: getFirstMatch : match = com.android.homescreen.icon.IconView{3c9d3a5 VFED..CLX ........ 538,868-799,1294 #7f0a009c app:id/apps_icon}[a=1.0,v=0,i=true,t=Dogglers][c(2,2-3,3),id=353]
09-25 13:19:21.860  5369  5369 W AppTransitionAnimatorImpl: closing animation with floating icon - true
09-25 13:19:21.860  8130  8237 I [AirCmd]_ActivitySwitchDetector: onTaskFocusChanged : taskId 6591
09-25 13:19:21.861  5369  5369 I AppTransitionAnimatorImpl: window bounds: Rect(0, 0 - 1440, 3088), target bounds: RectF(624.0, 1269.0, 816.0, 1461.0)
09-25 13:19:21.861  5369  5369 I AnimationResult: setAnimation : null
09-25 13:19:21.861  5369  5369 W AppTransitionAnimatorImpl: onAnimationStart - APP OUT
09-25 13:19:21.862  8174  8566 D KnoxHelper: getActivityList callingUserId: 0, target user: 0
09-25 13:19:21.863  1914  1914 I Layer   : id=162128 removedFromDrawingState Surface(name=Task=7109)/@0xe9d3f59 - animation-leash of app_transition#162128 (343)
09-25 13:19:21.863  1914  1914 I Layer   : id=162127 removedFromDrawingState Surface(name=Task=1)/@0xeddbc98 - animation-leash of app_transition#162127 (343)
09-25 13:19:21.863  1914  1914 I Layer   : id=162148 removedFromDrawingState Surface(name=4eb27f5 StatusBar)/@0x43fa543 - animation-leash of insets_animation#162148 (343)
09-25 13:19:21.863  1914  1914 I Layer   : id=162149 removedFromDrawingState Surface(name=d110b4c NavigationBar0)/@0x8bdb781 - animation-leash of insets_animation#162149 (343)
09-25 13:19:21.863  1914  1914 I SurfaceFlinger: id=162128 Removed Surface(name=Task=7109)/@0xe9d3f59 - animation-leash of app_transition#162128 (343)
09-25 13:19:21.863  1914  1914 I SurfaceFlinger: id=162127 Removed Surface(name=Task=1)/@0xeddbc98 - animation-leash of app_transition#162127 (343)
09-25 13:19:21.863 15715 15751 I WindowsLink: (TaskInfoManager) +++++++++++onRecentTaskStackUpdated
09-25 13:19:21.863  1914  1914 I Layer   : id=162127 Destroyed Surface(name=Task=1)/@0xeddbc98 - animation-leash of app_transition#162127
09-25 13:19:21.863  1914  1914 I Layer   : id=162128 Destroyed Surface(name=Task=7109)/@0xe9d3f59 - animation-leash of app_transition#162128
09-25 13:19:21.864  5369  5369 I Launcher.AppsViewCellLayout: com.android.homescreen.apptray.AppsViewCellLayout{118f2a4 V.ED..... .......D 15341,100-16679,2951}[a=1.0,v=0,sId=11] setAlpha : 1.0
09-25 13:19:21.865  5369  5583 I ViewRootImpl@7533534[LauncherActivity]: mWNT: t=0xb40000774cbaf200 mBlastBufferQueue=0xb400007720986880 fn= 51 caller= com.android.systemui.shared.launcher.ViewRootImplCompat.mergeWithNextTransaction:2 com.android.quickstep.util.SurfaceTransactionApplier.lambda$scheduleApply$0:2 com.android.quickstep.util.SurfaceTransactionApplier.b:0
09-25 13:19:21.865  5369  5583 I ViewRootImpl@7533534[LauncherActivity]: mWNT: t=0xb4000077b0b66200 mBlastBufferQueue=0xb400007720986880 fn= 51 caller= com.android.systemui.shared.launcher.ViewRootImplCompat.mergeWithNextTransaction:2 com.android.quickstep.util.SurfaceTransactionApplier.lambda$scheduleApply$0:2 com.android.quickstep.util.SurfaceTransactionApplier.b:0
09-25 13:19:21.865  5369  5583 I ViewRootImpl@7533534[LauncherActivity]: mWNT: t=0xb4000077b0b66600 mBlastBufferQueue=0xb400007720986880 fn= 51 caller= com.android.systemui.shared.launcher.ViewRootImplCompat.mergeWithNextTransaction:2 com.android.quickstep.util.SurfaceTransactionApplier.lambda$scheduleApply$0:2 com.android.quickstep.util.SurfaceTransactionApplier.b:0
09-25 13:19:21.866  1914  1914 D SurfaceFlinger: Display 4630947093241269891 HWC layers:
09-25 13:19:21.866  1914  1914 D SurfaceFlinger:      DEVICE | 0xb400007aeb20f180 | 0102 | RGBA_8888    |    0.0    0.0 1440.0 3088.0 |    0    0 1440 3088 | com.example.dogglers/androidx.test.c[...]tyInvoker$EmptyActivity$_5639#162147
09-25 13:19:21.866  1914  1914 D SurfaceFlinger:      DEVICE | 0xb400007af6c14880 | 0100 | RGBA_8888    |    0.0    0.0 1440.0  100.0 |    0    0 1440  100 | StatusBar$_4768#95
09-25 13:19:21.866  1914  1914 D SurfaceFlinger:      DEVICE | 0xb400007af8705400 | 0100 | RGBA_8888    |    0.0    0.0   67.0  589.0 |    0  562   67 1151 | com.samsung.android.app.cocktailbars[...]vice.CocktailBarService$_8423#156853
09-25 13:19:21.866  1914  1914 D SurfaceFlinger:      DEVICE | 0xb400007af8705500 | 0100 | RGBA_8888    |    0.0    0.0  518.0   48.0 |  922 3040 1440 3088 | SGestureOverlayWindow$_5369#156268
09-25 13:19:21.866  1914  1914 D SurfaceFlinger:      DEVICE | 0xb400007af6c15880 | 0100 | RGBA_8888    |    0.0    0.0 1440.0  168.0 |    0 2920 1440 3088 | NavigationBar0$_4768#92
09-25 13:19:21.866  1914  1914 D SurfaceFlinger:
09-25 13:19:21.867  8130  8237 I [AirCmd]_ActivitySwitchDetector: onTaskFocusChanged : componentName - ComponentInfo{com.sec.android.app.launcher/com.android.launcher3.uioverrides.QuickstepLauncher}
09-25 13:19:21.867  8130  8237 I [AirCmd]_ActivitySwitchDetector: onTaskFocusChanged : mTopMostActivity - ComponentInfo{com.example.dogglers/androidx.test.core.app.InstrumentationActivityInvoker$BootstrapActivity}
09-25 13:19:21.868  8130  8237 I [AirCmd]_CallbackRepeater: stopRepeat : isWorking=false
09-25 13:19:21.868  8130  8237 I [AirCmd]_MediaControlStateMonitor: isForegroundAppSupportsMediaButton : mediaSession is empty
09-25 13:19:21.868  8130  8237 I [AirCmd]_MediaControlStateMonitor: active Notification List is null
09-25 13:19:21.869  8130  8237 I [AirCmd]_RemoteSpenMainController: hasGeneralAction : packageName is com.sec.android.app.launcher, activityName is com.android.launcher3.uioverrides.QuickstepLauncher, hasActions is false
09-25 13:19:21.869  8130  8237 I [AirCmd]_CameraAvailabilityMonitor: isCameraPreviewOn : mIsCameraPreviewOn is false
09-25 13:19:21.870  3108  3230 I SemPersonaManager: SecureFolder personaId = 150
09-25 13:19:21.870  5369  5748 I AppIconSolution: getThemeIconWithBG called with public API, pkg = com.example.dogglers, mode = 48
09-25 13:19:21.870  5369  5748 I AppIconSolution: return adaptive icon for com.example.dogglers, isNight = true
09-25 13:19:21.871  8130  8237 I [AirCmd]_CameraAvailabilityMonitor: isCameraPreviewOn : mIsCameraPreviewOn is false
09-25 13:19:21.871  8130  8237 I [AirCmd]_MediaControlStateMonitor: isForegroundAppSupportsMediaButton : mediaSession is empty
09-25 13:19:21.871  5369  5369 I Launcher.AppsViewCellLayout: com.android.homescreen.apptray.AppsViewCellLayout{118f2a4 V.ED..... ........ 15341,100-16679,2951}[a=1.0,v=0,sId=11] setAlpha : 1.0
09-25 13:19:21.871  8130  8237 I [AirCmd]_MediaControlStateMonitor: active Notification List is null
09-25 13:19:21.871  8130  8237 I [AirCmd]_PenActionRule: getAction : get default action data from remote action because pen action data is null.
09-25 13:19:21.872  8130  8237 I [AirCmd]_ButtonActionDetector: enableDoubleClickDetection: enabled=true, doubleClickWaitInterval=300
09-25 13:19:21.872  8130  8237 I [AirCmd]_RemoteSpenMainController: onSwitch : package is com.sec.android.app.launcher   and activity is com.android.launcher3.uioverrides.QuickstepLauncher and isBleConnected is false and hasActions is false
09-25 13:19:21.873  5369  5584 I ViewRootImpl@7533534[LauncherActivity]: mWNT: t=0xb400007737a9fe00 mBlastBufferQueue=0xb400007720986880 fn= 52 caller= com.android.systemui.shared.launcher.ViewRootImplCompat.mergeWithNextTransaction:2 com.android.quickstep.util.SurfaceTransactionApplier.lambda$scheduleApply$0:2 com.android.quickstep.util.SurfaceTransactionApplier.b:0
09-25 13:19:21.874  5369  5748 I LauncherActivityInfo: packageName: com.example.dogglers, useThemeIcon: false, height: 252, width: 252, density: 640
09-25 13:19:21.874  3108  3230 D EnterpriseDeviceManagerService: isMdmAdminPresentInternal() : MDM Admin Found - com.samsung.knox.securefolder
09-25 13:19:21.875  1914  1914 D SurfaceFlinger: Display 4630947093241269891 HWC layers:
09-25 13:19:21.875  1914  1914 D SurfaceFlinger:      CLIENT | 0xb400007af6c13480 | 0100 | RGBx_8888    |  592.0    0.0 1628.0 2220.0 |    0    0 1440 3088 | Wallpaper BBQ wrapper#90
09-25 13:19:21.875  1914  1914 D SurfaceFlinger:      CLIENT | 0xb400007af86b8680 | 0100 | RGBA_8888    |    0.0    0.0 1440.0 3088.0 |    0    0 1440 3088 | com.sec.android.app.launcher/com.sec[...]rActivity$_5369#162113 (blurRegions)
09-25 13:19:21.875  1914  1914 D SurfaceFlinger:      CLIENT | 0xb400007af86ecd00 | 0102 | RGBA_8888    |    0.0    0.0 1440.0 3088.0 |    0    0 1440 3088 | com.example.dogglers/com.example.dogglers.MainActivity$_5639#162132
09-25 13:19:21.875  1914  1914 D SurfaceFlinger:      CLIENT | 0xb400007af86ec800 | 0102 | RGBA_8888    |    0.0    0.0 1440.0 3088.0 |    0    0 1440 3088 | com.example.dogglers/androidx.test.c[...]tyInvoker$EmptyActivity$_5639#162140
09-25 13:19:21.875  1914  1914 D SurfaceFlinger:      CLIENT | 0xb400007aeb20f180 | 0102 | RGBA_8888    |    0.0    0.0 1440.0 3088.0 |    0    0 1440 3088 | com.example.dogglers/androidx.test.c[...]tyInvoker$EmptyActivity$_5639#162147
09-25 13:19:21.875  1914  1914 D SurfaceFlinger:      DEVICE | 0xb400007af6c14880 | 0100 | RGBA_8888    |    0.0    0.0 1440.0  100.0 |    0    0 1440  100 | St
09-25 13:19:21.875  1914  1914 D SurfaceFlinger: atusBar$_4768#95
09-25 13:19:21.875  1914  1914 D SurfaceFlinger:      DEVICE | 0xb400007af8705400 | 0100 | RGBA_8888    |    0.0    0.0   67.0  589.0 |    0  562   67 1151 | com.samsung.android.app.cocktailbars[...]vice.CocktailBarService$_8423#156853
09-25 13:19:21.875  1914  1914 D SurfaceFlinger:      DEVICE | 0xb400007af8705500 | 0100 | RGBA_8888    |    0.0    0.0  518.0   48.0 |  922 3040 1440 3088 | SGestureOverlayWindow$_5369#156268
09-25 13:19:21.875  1914  1914 D SurfaceFlinger:      DEVICE | 0xb400007af6c15880 | 0100 | RGBA_8888    |    0.0    0.0 1440.0  168.0 |    0 2920 1440 3088 | NavigationBar0$_4768#92
09-25 13:19:21.875  1914  1914 D SurfaceFlinger:
09-25 13:19:21.875  5369  5748 I Launcher.NotificationListener: notificationIsValidForUI : com.microsoft.office.outlook missingTitleAndText : false isGroupHeader : true
09-25 13:19:21.875  5369  5748 I Launcher.NotificationListener: notificationIsValidForUI : com.microsoft.office.outlook missingTitleAndText : false isGroupHeader : false
09-25 13:19:21.875  5369  5748 I Launcher.NotificationListener: Full refresh isConnected : true active size : 1
09-25 13:19:21.877  3108  6142 I MediaSessionMonitor: Media session stopped : controllerList empty
09-25 13:19:21.877  8423  8423 I ActivityUtils: HomePackage : com.sec.android.app.launcher, resumePackageName : com.sec.android.app.launcher
09-25 13:19:21.880  5369  5369 I Launcher.AppsViewCellLayout: com.android.homescreen.apptray.AppsViewCellLayout{118f2a4 V.ED..... .......D 15341,100-16679,2951}[a=1.0,v=0,sId=11] setAlpha : 1.0
09-25 13:19:21.882  5369  5583 I ViewRootImpl@7533534[LauncherActivity]: mWNT: t=0xb400007737abf900 mBlastBufferQueue=0xb400007720986880 fn= 53 caller= com.android.systemui.shared.launcher.ViewRootImplCompat.mergeWithNextTransaction:2 com.android.quickstep.util.SurfaceTransactionApplier.lambda$scheduleApply$0:2 com.android.quickstep.util.SurfaceTransactionApplier.b:0
09-25 13:19:21.882  5369  5369 I PopupDataProvider: onNotificationFullRefresh prev dotInfoSize : 1
09-25 13:19:21.882  5369  5369 I PopupDataProvider: refresh badge  package : com.microsoft.office.outlook count : 275
09-25 13:19:21.882  5369  5369 I IconView: applyDotState itemInfo : Outlook display : 1 count : 275
09-25 13:19:21.884  8174  8566 D KnoxHelper: getActivityList callingUserId: 0, target user: 150
09-25 13:19:21.885  8174  8566 V KnoxHelper: source and target users are different, and caller is knox container or target user is for secure folder, so request cannot be granted!
09-25 13:19:21.885 15715 15751 I WindowsLink: (TaskInfoManager) +++++++++++onRecentTaskStackUpdated
09-25 13:19:21.888  5369  5369 I Launcher.AppsViewCellLayout: com.android.homescreen.apptray.AppsViewCellLayout{118f2a4 V.ED..... ........ 15341,100-16679,2951}[a=1.0,v=0,sId=11] setAlpha : 1.0
09-25 13:19:21.889  5369  5584 I ViewRootImpl@7533534[LauncherActivity]: mWNT: t=0xb40000772b7ddf00 mBlastBufferQueue=0xb400007720986880 fn= 54 caller= com.android.systemui.shared.launcher.ViewRootImplCompat.mergeWithNextTransaction:2 com.android.quickstep.util.SurfaceTransactionApplier.lambda$scheduleApply$0:2 com.android.quickstep.util.SurfaceTransactionApplier.b:0
09-25 13:19:21.896  5369  5369 I Launcher.AppsViewCellLayout: com.android.homescreen.apptray.AppsViewCellLayout{118f2a4 V.ED..... ........ 15341,100-16679,2951}[a=1.0,v=0,sId=11] setAlpha : 1.0
09-25 13:19:21.898  5369  5583 I ViewRootImpl@7533534[LauncherActivity]: mWNT: t=0xb40000772b829f00 mBlastBufferQueue=0xb400007720986880 fn= 55 caller= com.android.systemui.shared.launcher.ViewRootImplCompat.mergeWithNextTransaction:2 com.android.quickstep.util.SurfaceTransactionApplier.lambda$scheduleApply$0:2 com.android.quickstep.util.SurfaceTransactionApplier.b:0
09-25 13:19:21.905  5369  5369 I Launcher.AppsViewCellLayout: com.android.homescreen.apptray.AppsViewCellLayout{118f2a4 V.ED..... ........ 15341,100-16679,2951}[a=1.0,v=0,sId=11] setAlpha : 1.0
09-25 13:19:21.906  5369  5584 I ViewRootImpl@7533534[LauncherActivity]: mWNT: t=0xb40000772ba0c200 mBlastBufferQueue=0xb400007720986880 fn= 56 caller= com.android.systemui.shared.launcher.ViewRootImplCompat.mergeWithNextTransaction:2 com.android.quickstep.util.SurfaceTransactionApplier.lambda$scheduleApply$0:2 com.android.quickstep.util.SurfaceTransactionApplier.b:0
09-25 13:19:21.913  5369  5369 I Launcher.AppsViewCellLayout: com.android.homescreen.apptray.AppsViewCellLayout{118f2a4 V.ED..... ........ 15341,100-16679,2951}[a=1.0,v=0,sId=11] setAlpha : 1.0
09-25 13:19:21.914  5369  5583 I ViewRootImpl@7533534[LauncherActivity]: mWNT: t=0xb40000772ba0cc00 mBlastBufferQueue=0xb400007720986880 fn= 57 caller= com.android.systemui.shared.launcher.ViewRootImplCompat.mergeWithNextTransaction:2 com.android.quickstep.util.SurfaceTransactionApplier.lambda$scheduleApply$0:2 com.android.quickstep.util.SurfaceTransactionApplier.b:0
09-25 13:19:21.922  5369  5369 I Launcher.AppsViewCellLayout: com.android.homescreen.apptray.AppsViewCellLayout{118f2a4 V.ED..... ........ 15341,100-16679,2951}[a=1.0,v=0,sId=11] setAlpha : 1.0
09-25 13:19:21.922  5369  5584 I ViewRootImpl@7533534[LauncherActivity]: mWNT: t=0xb40000772ba0cd00 mBlastBufferQueue=0xb400007720986880 fn= 58 caller= com.android.systemui.shared.launcher.ViewRootImplCompat.mergeWithNextTransaction:2 com.android.quickstep.util.SurfaceTransactionApplier.lambda$scheduleApply$0:2 com.android.quickstep.util.SurfaceTransactionApplier.b:0
09-25 13:19:21.930  5369  5369 I Launcher.AppsViewCellLayout: com.android.homescreen.apptray.AppsViewCellLayout{118f2a4 V.ED..... ........ 15341,100-16679,2951}[a=1.0,v=0,sId=11] setAlpha : 1.0
09-25 13:19:21.931  5369  5583 I ViewRootImpl@7533534[LauncherActivity]: mWNT: t=0xb40000772ba89100 mBlastBufferQueue=0xb400007720986880 fn= 59 caller= com.android.systemui.shared.launcher.ViewRootImplCompat.mergeWithNextTransaction:2 com.android.quickstep.util.SurfaceTransactionApplier.lambda$scheduleApply$0:2 com.android.quickstep.util.SurfaceTransactionApplier.b:0
09-25 13:19:21.938  5369  5369 I Launcher.AppsViewCellLayout: com.android.homescreen.apptray.AppsViewCellLayout{118f2a4 V.ED..... ........ 15341,100-16679,2951}[a=1.0,v=0,sId=11] setAlpha : 1.0
09-25 13:19:21.939  5369  5584 I ViewRootImpl@7533534[LauncherActivity]: mWNT: t=0xb40000772ba89200 mBlastBufferQueue=0xb400007720986880 fn= 60 caller= com.android.systemui.shared.launcher.ViewRootImplCompat.mergeWithNextTransaction:2 com.android.quickstep.util.SurfaceTransactionApplier.lambda$scheduleApply$0:2 com.android.quickstep.util.SurfaceTransactionApplier.b:0
09-25 13:19:21.940  5369  8863 I RecentModel: onTaskStackChangedBackground
09-25 13:19:21.942  8130  8237 I [AirCmd]_ActivitySwitchDetector: onTaskStackChanged : componentName - ComponentInfo{com.sec.android.app.launcher/com.android.launcher3.uioverrides.QuickstepLauncher}
09-25 13:19:21.942  8130  8237 I [AirCmd]_ActivitySwitchDetector: onTaskStackChanged : mTopMostActivity - ComponentInfo{com.sec.android.app.launcher/com.android.launcher3.uioverrides.QuickstepLauncher}
09-25 13:19:21.943  5369  5741 I RecentTasksList: loadTasksInBackground : groupTask = GroupTask{task1=[id=6869 windowingMode=1 user=0 lastActiveTime=1366856278] null, task2=null, task3=null, mStagedSplitBounds=null}
09-25 13:19:21.943  5369  5741 I RecentTasksList: loadTasksInBackground : groupTask = GroupTask{task1=[id=6898 windowingMode=1 user=0 lastActiveTime=1367009547] null, task2=null, task3=null, mStagedSplitBounds=null}
09-25 13:19:21.943  5369  5741 I RecentTasksList: loadTasksInBackground : groupTask = GroupTask{task1=[id=7109 windowingMode=1 user=0 lastActiveTime=1370087987] null, task2=null, task3=null, mStagedSplitBounds=null}
09-25 13:19:21.944  5369  5369 I TaskThumbnailCache: handleResult: taskId = 7109, taskThumbnail = android.graphics.Bitmap@d29a8de
09-25 13:19:21.947  5369  5369 I Launcher.AppsViewCellLayout: com.android.homescreen.apptray.AppsViewCellLayout{118f2a4 V.ED..... ........ 15341,100-16679,2951}[a=1.0,v=0,sId=11] setAlpha : 1.0
09-25 13:19:21.948  5369  5583 I ViewRootImpl@7533534[LauncherActivity]: mWNT: t=0xb40000772ba9a800 mBlastBufferQueue=0xb400007720986880 fn= 61 caller= com.android.systemui.shared.launcher.ViewRootImplCompat.mergeWithNextTransaction:2 com.android.quickstep.util.SurfaceTransactionApplier.lambda$scheduleApply$0:2 com.android.quickstep.util.SurfaceTransactionApplier.b:0
09-25 13:19:21.955  5369  5369 I Launcher.AppsViewCellLayout: com.android.homescreen.apptray.AppsViewCellLayout{118f2a4 V.ED..... ........ 15341,100-16679,2951}[a=1.0,v=0,sId=11] setAlpha : 1.0
09-25 13:19:21.956  5369  5584 I ViewRootImpl@7533534[LauncherActivity]: mWNT: t=0xb40000772ba9ae00 mBlastBufferQueue=0xb400007720986880 fn= 62 caller= com.android.systemui.shared.launcher.ViewRootImplCompat.mergeWithNextTransaction:2 com.android.quickstep.util.SurfaceTransactionApplier.lambda$scheduleApply$0:2 com.android.quickstep.util.SurfaceTransactionApplier.b:0
09-25 13:19:21.964  5369  5369 I Launcher.AppsViewCellLayout: com.android.homescreen.apptray.AppsViewCellLayout{118f2a4 V.ED..... ........ 15341,100-16679,2951}[a=1.0,v=0,sId=11] setAlpha : 1.0
09-25 13:19:21.965  5369  5583 I ViewRootImpl@7533534[LauncherActivity]: mWNT: t=0xb40000772bab3000 mBlastBufferQueue=0xb400007720986880 fn= 63 caller= com.android.systemui.shared.launcher.ViewRootImplCompat.mergeWithNextTransaction:2 com.android.quickstep.util.SurfaceTransactionApplier.lambda$scheduleApply$0:2 com.android.quickstep.util.SurfaceTransactionApplier.b:0
09-25 13:19:21.972  5369  5369 I Launcher.AppsViewCellLayout: com.android.homescreen.apptray.AppsViewCellLayout{118f2a4 V.ED..... ........ 15341,100-16679,2951}[a=1.0,v=0,sId=11] setAlpha : 1.0
09-25 13:19:21.973  5369  5584 I ViewRootImpl@7533534[LauncherActivity]: mWNT: t=0xb40000772bb64100 mBlastBufferQueue=0xb400007720986880 fn= 64 caller= com.android.systemui.shared.launcher.ViewRootImplCompat.mergeWithNextTransaction:2 com.android.quickstep.util.SurfaceTransactionApplier.lambda$scheduleApply$0:2 com.android.quickstep.util.SurfaceTransactionApplier.b:0
09-25 13:19:21.980  3108  4643 D SemNscXgbMsL1: Probability - Cloud gaming: [0.06587694]
09-25 13:19:21.980  3108  4643 D SemNscXgbMsL1: Probability - Real time: [0.0902196]
09-25 13:19:21.980  3108  4643 D SemNscXgbMsL1: Probability - Non real time: [0.27787566]
09-25 13:19:21.980  3108  4643 D SemNscXgbMsL1: 1 sample inference time: 0.325469 msecs
09-25 13:19:21.980  5369  5369 I Launcher.AppsViewCellLayout: com.android.homescreen.apptray.AppsViewCellLayout{118f2a4 V.ED..... ........ 15341,100-16679,2951}[a=1.0,v=0,sId=11] setAlpha : 1.0
09-25 13:19:21.981  3108  4643 D SemNscXgbL2Rt: L2 RT 1 sample inference time: 0.860781 msecs
09-25 13:19:21.982  5369  5583 I ViewRootImpl@7533534[LauncherActivity]: mWNT: t=0xb40000772bb64200 mBlastBufferQueue=0xb400007720986880 fn= 65 caller= com.android.systemui.shared.launcher.ViewRootImplCompat.mergeWithNextTransaction:2 com.android.quickstep.util.SurfaceTransactionApplier.lambda$scheduleApply$0:2 com.android.quickstep.util.SurfaceTransactionApplier.b:0
09-25 13:19:21.982  3108  4643 D SemNscXgbL2Nrt: L2 NRT 1 sample inference time: 1.172708 msecs
09-25 13:19:21.989  5369  5369 I Launcher.AppsViewCellLayout: com.android.homescreen.apptray.AppsViewCellLayout{118f2a4 V.ED..... ........ 15341,100-16679,2951}[a=1.0,v=0,sId=11] setAlpha : 1.0
09-25 13:19:21.990  5369  5584 I ViewRootImpl@7533534[LauncherActivity]: mWNT: t=0xb40000772bb64700 mBlastBufferQueue=0xb400007720986880 fn= 66 caller= com.android.systemui.shared.launcher.ViewRootImplCompat.mergeWithNextTransaction:2 com.android.quickstep.util.SurfaceTransactionApplier.lambda$scheduleApply$0:2 com.android.quickstep.util.SurfaceTransactionApplier.b:0
09-25 13:19:21.997  5369  5369 I Launcher.AppsViewCellLayout: com.android.homescreen.apptray.AppsViewCellLayout{118f2a4 V.ED..... ........ 15341,100-16679,2951}[a=1.0,v=0,sId=11] setAlpha : 1.0
09-25 13:19:21.998  5369  5583 I ViewRootImpl@7533534[LauncherActivity]: mWNT: t=0xb40000772bb64800 mBlastBufferQueue=0xb400007720986880 fn= 67 caller= com.android.systemui.shared.launcher.ViewRootImplCompat.mergeWithNextTransaction:2 com.android.quickstep.util.SurfaceTransactionApplier.lambda$scheduleApply$0:2 com.android.quickstep.util.SurfaceTransactionApplier.b:0
09-25 13:19:22.000  4768  4864 D MobileStatusTracker(0/1): onSignalStrengthsChanged level=2, vendorLevel=2
09-25 13:19:22.001  7272  7345 I EPDG -- SIM0 [SMARTCELLULAR]: onSignalStrengthsChanged: SignalStrength:{mCdma=Invalid,mGsm=Invalid,mWcdma=Invalid,mTdscdma=Invalid,mLte=CellSignalStrengthLte: rssi=-87 rsrp=-116 rsrq=-13 rssnr=0 cqiTableIndex=2147483647 cqi=2147483647 ta=2147483647 level=2 parametersUseForLevel=0,mNr=Invalid,SignalBarInfo{ lteLevel=2 },rat=14,primary=CellSignalStrengthLte}
09-25 13:19:22.001  4768  4864 D MobileSignalController(0/1): notifyListener: enabled=true, connected=true, dataConnected=false, networkType=IWLAN (LTE_ATT), emergencyOnly=false, roaming=false, isDefault=false, dataActivity=, level=2, ca=false, mmWave=false, disabledDataIcon=false, simCard=ETC
09-25 13:19:22.001  7272  7505 I EPDG -- SIM0 [SMARTCELLULAR]: lastLteRSRP is -116 currentLteRSRP is -116 lastLteRSRQ is -13 currentLteRSRQ is -13 lastLteSNR is -1 currentLteSNR is 0
09-25 13:19:22.001  4768  4864 D NetworkController: SignalStrength from intent slotId=0
09-25 13:19:22.005  5369  5369 I Launcher.AppsViewCellLayout: com.android.homescreen.apptray.AppsViewCellLayout{118f2a4 V.ED..... ........ 15341,100-16679,2951}[a=1.0,v=0,sId=11] setAlpha : 1.0
09-25 13:19:22.006  5369  5584 I ViewRootImpl@7533534[LauncherActivity]: mWNT: t=0xb40000772bb64900 mBlastBufferQueue=0xb400007720986880 fn= 68 caller= com.android.systemui.shared.launcher.ViewRootImplCompat.mergeWithNextTransaction:2 com.android.quickstep.util.SurfaceTransactionApplier.lambda$scheduleApply$0:2 com.android.quickstep.util.SurfaceTransactionApplier.b:0
09-25 13:19:22.013  5369  5369 I Launcher.AppsViewCellLayout: com.android.homescreen.apptray.AppsViewCellLayout{118f2a4 V.ED..... ........ 15341,100-16679,2951}[a=1.0,v=0,sId=11] setAlpha : 1.0
09-25 13:19:22.015  5369  5583 I ViewRootImpl@7533534[LauncherActivity]: mWNT: t=0xb40000772bb64a00 mBlastBufferQueue=0xb400007720986880 fn= 69 caller= com.android.systemui.shared.launcher.ViewRootImplCompat.mergeWithNextTransaction:2 com.android.quickstep.util.SurfaceTransactionApplier.lambda$scheduleApply$0:2 com.android.quickstep.util.SurfaceTransactionApplier.b:0
09-25 13:19:22.022  5369  5369 I Launcher.AppsViewCellLayout: com.android.homescreen.apptray.AppsViewCellLayout{118f2a4 V.ED..... ........ 15341,100-16679,2951}[a=1.0,v=0,sId=11] setAlpha : 1.0
09-25 13:19:22.022  5369  5369 I AppsSearchBar: mCurrentCellLayouts onAnimationEnd
09-25 13:19:22.022  5369  5369 I Launcher.AppsViewCellLayout: com.android.homescreen.apptray.AppsViewCellLayout{118f2a4 V.ED..... ........ 15341,100-16679,2951}[a=1.0,v=0,sId=11] setAlpha : 1.0
09-25 13:19:22.023  5369  5584 I ViewRootImpl@7533534[LauncherActivity]: mWNT: t=0xb40000772bb64b00 mBlastBufferQueue=0xb400007720986880 fn= 70 caller= com.android.systemui.shared.launcher.ViewRootImplCompat.mergeWithNextTransaction:2 com.android.quickstep.util.SurfaceTransactionApplier.lambda$scheduleApply$0:2 com.android.quickstep.util.SurfaceTransactionApplier.b:0
09-25 13:19:22.031  5369  5583 I ViewRootImpl@7533534[LauncherActivity]: mWNT: t=0xb40000772bb64c00 mBlastBufferQueue=0xb400007720986880 fn= 71 caller= com.android.systemui.shared.launcher.ViewRootImplCompat.mergeWithNextTransaction:2 com.android.quickstep.util.SurfaceTransactionApplier.lambda$scheduleApply$0:2 com.android.quickstep.util.SurfaceTransactionApplier.b:0
09-25 13:19:22.039  5369  5584 I ViewRootImpl@7533534[LauncherActivity]: mWNT: t=0xb40000772bb64e00 mBlastBufferQueue=0xb400007720986880 fn= 72 caller= com.android.systemui.shared.launcher.ViewRootImplCompat.mergeWithNextTransaction:2 com.android.quickstep.util.SurfaceTransactionApplier.lambda$scheduleApply$0:2 com.android.quickstep.util.SurfaceTransactionApplier.b:0
09-25 13:19:22.048  5369  5583 I ViewRootImpl@7533534[LauncherActivity]: mWNT: t=0xb40000772bb64f00 mBlastBufferQueue=0xb400007720986880 fn= 73 caller= com.android.systemui.shared.launcher.ViewRootImplCompat.mergeWithNextTransaction:2 com.android.quickstep.util.SurfaceTransactionApplier.lambda$scheduleApply$0:2 com.android.quickstep.util.SurfaceTransactionApplier.b:0
09-25 13:19:22.049  6586  6586 I SAMSUNGWALLET-USBP: [AlertController] Boarding pass alert is not enabled
09-25 13:19:22.049  6586  6586 I SAMSUNGWALLET-USBP: [AlertController] dismiss alert: NO_ALERT
09-25 13:19:22.056  5369  5584 I ViewRootImpl@7533534[LauncherActivity]: mWNT: t=0xb40000772b9d4f00 mBlastBufferQueue=0xb400007720986880 fn= 74 caller= com.android.systemui.shared.launcher.ViewRootImplCompat.mergeWithNextTransaction:2 com.android.quickstep.util.SurfaceTransactionApplier.lambda$scheduleApply$0:2 com.android.quickstep.util.SurfaceTransactionApplier.b:0
09-25 13:19:22.065  5369  5583 I ViewRootImpl@7533534[LauncherActivity]: mWNT: t=0xb40000772bbf8f00 mBlastBufferQueue=0xb400007720986880 fn= 75 caller= com.android.systemui.shared.launcher.ViewRootImplCompat.mergeWithNextTransaction:2 com.android.quickstep.util.SurfaceTransactionApplier.lambda$scheduleApply$0:2 com.android.quickstep.util.SurfaceTransactionApplier.b:0
09-25 13:19:22.068  1809  5855 I HYPER-HAL: [RequestManager.cpp]releaseLocked(): Released ID : 34890506
09-25 13:19:22.073  5369  5584 I ViewRootImpl@7533534[LauncherActivity]: mWNT: t=0xb40000774c721400 mBlastBufferQueue=0xb400007720986880 fn= 76 caller= com.android.systemui.shared.launcher.ViewRootImplCompat.mergeWithNextTransaction:2 com.android.quickstep.util.SurfaceTransactionApplier.lambda$scheduleApply$0:2 com.android.quickstep.util.SurfaceTransactionApplier.b:0
09-25 13:19:22.081  5369  5583 I ViewRootImpl@7533534[LauncherActivity]: mWNT: t=0xb40000774c72f400 mBlastBufferQueue=0xb400007720986880 fn= 77 caller= com.android.systemui.shared.launcher.ViewRootImplCompat.mergeWithNextTransaction:2 com.android.quickstep.util.SurfaceTransactionApplier.lambda$scheduleApply$0:2 com.android.quickstep.util.SurfaceTransactionApplier.b:0
09-25 13:19:22.090  5369  5584 I ViewRootImpl@7533534[LauncherActivity]: mWNT: t=0xb40000774c72f500 mBlastBufferQueue=0xb400007720986880 fn= 78 caller= com.android.systemui.shared.launcher.ViewRootImplCompat.mergeWithNextTransaction:2 com.android.quickstep.util.SurfaceTransactionApplier.lambda$scheduleApply$0:2 com.android.quickstep.util.SurfaceTransactionApplier.b:0
09-25 13:19:22.098  5369  5584 I ViewRootImpl@7533534[LauncherActivity]: mWNT: t=0xb40000774c72f600 mBlastBufferQueue=0xb400007720986880 fn= 79 caller= com.android.systemui.shared.launcher.ViewRootImplCompat.mergeWithNextTransaction:2 com.android.quickstep.util.SurfaceTransactionApplier.lambda$scheduleApply$0:2 com.android.quickstep.util.SurfaceTransactionApplier.b:0
09-25 13:19:22.099  8423  8423 I Utils   : isCurrentUser current = 0, ownerId = 0
09-25 13:19:22.099  8423  8423 I TrayVisibilityController: getComputedTrayVisible : keyguardState = 1
09-25 13:19:22.099  8423  8423 I TrayVisibilityController: updateTrayVisible: State=1 visible=1 mCurrentVisible=1 specificMode=0
09-25 13:19:22.099  8423  8423 I TrayStateController: onNotifyUpdateTray: state=0
09-25 13:19:22.106  5369  5584 I ViewRootImpl@7533534[LauncherActivity]: mWNT: t=0xb40000774c72f900 mBlastBufferQueue=0xb400007720986880 fn= 80 caller= com.android.systemui.shared.launcher.ViewRootImplCompat.mergeWithNextTransaction:2 com.android.quickstep.util.SurfaceTransactionApplier.lambda$scheduleApply$0:2 com.android.quickstep.util.SurfaceTransactionApplier.b:0
09-25 13:19:22.115  5369  5584 I ViewRootImpl@7533534[LauncherActivity]: mWNT: t=0xb40000774c72fd00 mBlastBufferQueue=0xb400007720986880 fn= 81 caller= com.android.systemui.shared.launcher.ViewRootImplCompat.mergeWithNextTransaction:2 com.android.quickstep.util.SurfaceTransactionApplier.lambda$scheduleApply$0:2 com.android.quickstep.util.SurfaceTransactionApplier.b:0
09-25 13:19:22.123  5369  5584 I ViewRootImpl@7533534[LauncherActivity]: mWNT: t=0xb40000774c72fe00 mBlastBufferQueue=0xb400007720986880 fn= 82 caller= com.android.systemui.shared.launcher.ViewRootImplCompat.mergeWithNextTransaction:2 com.android.quickstep.util.SurfaceTransactionApplier.lambda$scheduleApply$0:2 com.android.quickstep.util.SurfaceTransactionApplier.b:0
09-25 13:19:22.131  5369  5583 I ViewRootImpl@7533534[LauncherActivity]: mWNT: t=0xb40000774c72ff00 mBlastBufferQueue=0xb400007720986880 fn= 83 caller= com.android.systemui.shared.launcher.ViewRootImplCompat.mergeWithNextTransaction:2 com.android.quickstep.util.SurfaceTransactionApplier.lambda$scheduleApply$0:2 com.android.quickstep.util.SurfaceTransactionApplier.b:0
09-25 13:19:22.131  1809  6177 I HYPER-HAL: [RequestManager.cpp]releaseLocked(): Released ID : 4893776
09-25 13:19:22.139  5369  5584 I ViewRootImpl@7533534[LauncherActivity]: mWNT: t=0xb40000774c772400 mBlastBufferQueue=0xb400007720986880 fn= 84 caller= com.android.systemui.shared.launcher.ViewRootImplCompat.mergeWithNextTransaction:2 com.android.quickstep.util.SurfaceTransactionApplier.lambda$scheduleApply$0:2 com.android.quickstep.util.SurfaceTransactionApplier.b:0
09-25 13:19:22.148  5369  5583 I ViewRootImpl@7533534[LauncherActivity]: mWNT: t=0xb40000774c772800 mBlastBufferQueue=0xb400007720986880 fn= 85 caller= com.android.systemui.shared.launcher.ViewRootImplCompat.mergeWithNextTransaction:2 com.android.quickstep.util.SurfaceTransactionApplier.lambda$scheduleApply$0:2 com.android.quickstep.util.SurfaceTransactionApplier.b:0
09-25 13:19:22.156  5369  5584 I ViewRootImpl@7533534[LauncherActivity]: mWNT: t=0xb40000774c772b00 mBlastBufferQueue=0xb400007720986880 fn= 86 caller= com.android.systemui.shared.launcher.ViewRootImplCompat.mergeWithNextTransaction:2 com.android.quickstep.util.SurfaceTransactionApplier.lambda$scheduleApply$0:2 com.android.quickstep.util.SurfaceTransactionApplier.b:0
09-25 13:19:22.166  5369  5583 I ViewRootImpl@7533534[LauncherActivity]: mWNT: t=0xb40000774c772c00 mBlastBufferQueue=0xb400007720986880 fn= 87 caller= com.android.systemui.shared.launcher.ViewRootImplCompat.mergeWithNextTransaction:2 com.android.quickstep.util.SurfaceTransactionApplier.lambda$scheduleApply$0:2 com.android.quickstep.util.SurfaceTransactionApplier.b:0
09-25 13:19:22.173  5369  5584 I ViewRootImpl@7533534[LauncherActivity]: mWNT: t=0xb40000774c772e00 mBlastBufferQueue=0xb400007720986880 fn= 88 caller= com.android.systemui.shared.launcher.ViewRootImplCompat.mergeWithNextTransaction:2 com.android.quickstep.util.SurfaceTransactionApplier.lambda$scheduleApply$0:2 com.android.quickstep.util.SurfaceTransactionApplier.b:0
09-25 13:19:22.181  5369  5583 I ViewRootImpl@7533534[LauncherActivity]: mWNT: t=0xb40000774c772f00 mBlastBufferQueue=0xb400007720986880 fn= 89 caller= com.android.systemui.shared.launcher.ViewRootImplCompat.mergeWithNextTransaction:2 com.android.quickstep.util.SurfaceTransactionApplier.lambda$scheduleApply$0:2 com.android.quickstep.util.SurfaceTransactionApplier.b:0
09-25 13:19:22.189  5369  5584 I ViewRootImpl@7533534[LauncherActivity]: mWNT: t=0xb40000774c7b6300 mBlastBufferQueue=0xb400007720986880 fn= 90 caller= com.android.systemui.shared.launcher.ViewRootImplCompat.mergeWithNextTransaction:2 com.android.quickstep.util.SurfaceTransactionApplier.lambda$scheduleApply$0:2 com.android.quickstep.util.SurfaceTransactionApplier.b:0
09-25 13:19:22.192  1914  1914 D SurfaceFlinger: Display 4630947093241269891 HWC layers:
09-25 13:19:22.192  1914  1914 D SurfaceFlinger:      CLIENT | 0xb400007af6c13480 | 0100 | RGBx_8888    |  592.0    0.0 1628.0 2220.0 |    0    0 1440 3088 | Wallpaper BBQ wrapper#90
09-25 13:19:22.192  1914  1914 D SurfaceFlinger:      CLIENT | 0xb400007af6c11480 | 0100 | RGBA_8888    |    0.0    0.0 1440.0 3088.0 |    0    0 1440 3088 | com.sec.android.app.launcher/com.sec[...]rActivity$_5369#162113 (blurRegions)
