09-25 13:19:18.148  1914  1914 D SurfaceFlinger:
09-25 13:19:18.149  3108  6456 D InputMethodManagerService: DESKTOP MODE! : 2
09-25 13:19:18.149  3108  6456 D InputMethodManagerService: NOT IN KNOX DESKTOP MODE!
09-25 13:19:18.149  3108  6456 V InputMethodManagerService: getDisplayIdOfInputMethodWindowToBeAdded: displayId=0
09-25 13:19:18.149  3108  6456 D InputMethodManagerService: isImeSwitcherDisabledPackage : false
09-25 13:19:18.149  3108  6456 D InputMethodManagerService: checkDisplayOfStartInputAndUpdateKeyboard: displayId=0, mFocusedDisplayId=0
09-25 13:19:18.149  3108  6456 D InputTransport: Input channel constructed: 'ClientS', fd=1323
09-25 13:19:18.149  3108  6456 D InputTransport: Input channel destroyed: 'ClientS', fd=1323
09-25 13:19:18.151   586   586 I MSHandlerLifeCycle: check: return. pkg=com.google.android.inputmethod.latin isActivity=false callers=com.android.internal.policy.DecorView.setVisibility:4412 android.inputmethodservice.InkWindow.hide:100 android.inputmethodservice.InputMethodService$InputMethodImpl.unbindInput:875 android.inputmethodservice.IInputMethodWrapper.executeMessage:198 com.android.internal.os.HandlerCaller$MyHandler.handleMessage:44
09-25 13:19:18.151   586   586 I MSHandlerLifeCycle: removeMultiSplitHandler: no exist. decor=DecorView@722edec[]
09-25 13:19:18.152  4754  4754 W wpa_supplicant: ANQP: Cannot send query without BSS freq info
09-25 13:19:18.153  3108  4562 E SupplicantStaIfaceHalAidlImpl: ISupplicantStaIface.initiateAnqpQuery failed with service specific exception:
09-25 13:19:18.153  3108  4562 E SupplicantStaIfaceHalAidlImpl: android.os.ServiceSpecificException:  (code 1)
09-25 13:19:18.153  3108  4562 E SupplicantStaIfaceHalAidlImpl: 	at android.os.Parcel.createExceptionOrNull(Parcel.java:3037)
09-25 13:19:18.153  3108  4562 E SupplicantStaIfaceHalAidlImpl: 	at android.os.Parcel.createException(Parcel.java:3007)
09-25 13:19:18.153  3108  4562 E SupplicantStaIfaceHalAidlImpl: 	at android.os.Parcel.readException(Parcel.java:2990)
09-25 13:19:18.153  3108  4562 E SupplicantStaIfaceHalAidlImpl: 	at android.os.Parcel.readException(Parcel.java:2932)
09-25 13:19:18.153  3108  4562 E SupplicantStaIfaceHalAidlImpl: 	at com.android.wifi.x.android.hardware.wifi.supplicant.ISupplicantStaIface$Stub$Proxy.initiateAnqpQuery(ISupplicantStaIface.java:1204)
09-25 13:19:18.153  3108  4562 E SupplicantStaIfaceHalAidlImpl: 	at com.android.server.wifi.SupplicantStaIfaceHalAidlImpl.initiateAnqpQuery(SupplicantStaIfaceHalAidlImpl.java:1578)
09-25 13:19:18.153  3108  4562 E SupplicantStaIfaceHalAidlImpl: 	at com.android.server.wifi.SupplicantStaIfaceHalAidlImpl.initiateAnqpQuery(SupplicantStaIfaceHalAidlImpl.java:1558)
09-25 13:19:18.153  3108  4562 E SupplicantStaIfaceHalAidlImpl: 	at com.android.server.wifi.SupplicantStaIfaceHal.initiateAnqpQuery(SupplicantStaIfaceHal.java:1458)
09-25 13:19:18.153  3108  4562 E SupplicantStaIfaceHalAidlImpl: 	at com.android.server.wifi.WifiNative.requestAnqp(WifiNative.java:2770)
09-25 13:19:18.153  3108  4562 E SupplicantStaIfaceHalAidlImpl: 	at com.android.server.wifi.ClientModeImpl.requestAnqp(ClientModeImpl.java:1814)
09-25 13:19:18.153  3108  4562 E SupplicantStaIfaceHalAidlImpl: 	at com.android.server.wifi.ConcreteClientModeManager.requestAnqp(ConcreteClientModeManager.java:1486)
09-25 13:19:18.153  3108  4562 E SupplicantStaIfaceHalAidlImpl: 	at com.android.server.wifi.hotspot2.PasspointEventHandler.requestANQP(PasspointEventHandler.java:86)
09-25 13:19:18.153  3108  4562 E SupplicantStaIfaceHalAidlImpl: 	at com.android.server.wifi.hotspot2.ANQPRequestManager.requestANQPElements(ANQPRequestManager.java:131)
09-25 13:19:18.153  3108  4562 E SupplicantStaIfaceHalAidlImpl: 	at com.android.server.wifi.hotspot2.PasspointManager.getAllMatchedProviders(PasspointManager.java:929)
09-25 13:19:18.153  3108  4562 E SupplicantStaIfaceHalAidlImpl: 	at com.android.server.wifi.hotspot2.PasspointManager.matchProvider(PasspointManager.java:871)
09-25 13:19:18.153  3108  4562 E SupplicantStaIfaceHalAidlImpl: 	at com.android.server.wifi.hotspot2.PasspointManager.matchProvider(PasspointManager.java:853)
09-25 13:19:18.153  3108  4562 E SupplicantStaIfaceHalAidlImpl: 	at com.android.server.wifi.hotspot2.PasspointNetworkNominateHelper.getMatchedCandidateGroupByProvider(PasspointNetworkNominateHelper.java:259)
09-25 13:19:18.153  3108  4562 E SupplicantStaIfaceHalAidlImpl: 	at com.android.server.wifi.hotspot2.PasspointNetworkNominateHelper.updateBestMatchScanDetailForProviders(PasspointNetworkNominateHelper.java:168)
09-25 13:19:18.153  3108  4562 E SupplicantStaIfaceHalAidlImpl: 	at com.android.server.wifi.hotspot2.PasspointNetworkNominateHelper.updatePasspointConfig(PasspointNetworkNominateHelper.java:92)
09-25 13:19:18.153  3108  4562 E SupplicantStaIfaceHalAidlImpl: 	at com.android.server.wifi.SavedNetworkNominator.update(SavedNetworkNominator.java:87)
09-25 13:19:18.153  3108  4562 E SupplicantStaIfaceHalAidlImpl: 	at com.android.server.wifi.WifiNetworkSelector.getCandidatesFromScan(WifiNetworkSelector.java:1012)
09-25 13:19:18.153  3108  4562 E SupplicantStaIfaceHalAidlImpl: 	at com.android.server.wifi.WifiConnectivityManager.handleScanResults(WifiConnectivityManager.java:565)
09-25 13:19:18.153  3108  4562 E SupplicantStaIfaceHalAidlImpl: 	at com.android.server.wifi.WifiConnectivityManager.-$$Nest$mhandleScanResults(Unknown Source:0)
09-25 13:19:18.153  3108  4562 E SupplicantStaIfaceHalAidlImpl: 	at com.android.server.wifi.WifiConnectivityManager$AllSingleScanListener.onResults(WifiConnectivityManager.java:890)
09-25 13:19:18.153  3108  4562 E SupplicantStaIfaceHalAidlImpl: 	at android.net.wifi.WifiScanner$ServiceHandler.lambda$handleMessage$1(WifiScanner.java:1887)
09-25 13:19:18.153  3108  4562 E SupplicantStaIfaceHalAidlImpl: 	at android.net.wifi.WifiScanner$ServiceHandler$$ExternalSyntheticLambda2.run(Unknown Source:4)
09-25 13:19:18.153  3108  4562 E SupplicantStaIfaceHalAidlImpl: 	at android.os.Handler.handleCallback(Handler.java:942)
09-25 13:19:18.153  3108  4562 E SupplicantStaIfaceHalAidlImpl: 	at android.os.Handler.dispatchMessage(Handler.java:99)
09-25 13:19:18.153  3108  4562 E SupplicantStaIfaceHalAidlImpl: 	at android.os.Looper.loopOnce(Looper.java:226)
09-25 13:19:18.153  3108  4562 E SupplicantStaIfaceHalAidlImpl: 	at android.os.Looper.loop(Looper.java:313)
09-25 13:19:18.153  3108  4562 E SupplicantStaIfaceHalAidlImpl: 	at android.os.HandlerThread.run(HandlerThread.java:67)
09-25 13:19:18.153  4754  4754 W wpa_supplicant: ANQP: Cannot send query without BSS freq info
09-25 13:19:18.153   586   586 I GoogleInputMethodService: GoogleInputMethodService.onFinishInput():3267
09-25 13:19:18.153  3108  4562 E SupplicantStaIfaceHalAidlImpl: ISupplicantStaIface.initiateAnqpQuery failed with service specific exception:
09-25 13:19:18.153  3108  4562 E SupplicantStaIfaceHalAidlImpl: android.os.ServiceSpecificException:  (code 1)
09-25 13:19:18.153  3108  4562 E SupplicantStaIfaceHalAidlImpl: 	at android.os.Parcel.createExceptionOrNull(Parcel.java:3037)
09-25 13:19:18.153  3108  4562 E SupplicantStaIfaceHalAidlImpl: 	at android.os.Parcel.createException(Parcel.java:3007)
09-25 13:19:18.153  3108  4562 E SupplicantStaIfaceHalAidlImpl: 	at android.os.Parcel.readException(Parcel.java:2990)
09-25 13:19:18.153  3108  4562 E SupplicantStaIfaceHalAidlImpl: 	at android.os.Parcel.readException(Parcel.java:2932)
09-25 13:19:18.153  3108  4562 E SupplicantStaIfaceHalAidlImpl: 	at com.android.wifi.x.android.hardware.wifi.supplicant.ISupplicantStaIface$Stub$Proxy.initiateAnqpQuery(ISupplicantStaIface.java:1204)
09-25 13:19:18.153  3108  4562 E SupplicantStaIfaceHalAidlImpl: 	at com.android.server.wifi.SupplicantStaIfaceHalAidlImpl.initiateAnqpQuery(SupplicantStaIfaceHalAidlImpl.java:1578)
09-25 13:19:18.153  3108  4562 E SupplicantStaIfaceHalAidlImpl: 	at com.android.server.wifi.SupplicantStaIfaceHalAidlImpl.initiateAnqpQuery(SupplicantStaIfaceHalAidlImpl.java:1558)
09-25 13:19:18.153  3108  4562 E SupplicantStaIfaceHalAidlImpl: 	at com.android.server.wifi.SupplicantStaIfaceHal.initiateAnqpQuery(SupplicantStaIfaceHal.java:1458)
09-25 13:19:18.153  3108  4562 E SupplicantStaIfaceHalAidlImpl: 	at com.android.server.wifi.WifiNative.requestAnqp(WifiNative.java:2770)
09-25 13:19:18.153  3108  4562 E SupplicantStaIfaceHalAidlImpl: 	at com.android.server.wifi.ClientModeImpl.requestAnqp(ClientModeImpl.java:1814)
09-25 13:19:18.153  3108  4562 E SupplicantStaIfaceHalAidlImpl: 	at com.android.server.wifi.ConcreteClientModeManager.requestAnqp(ConcreteClientModeManager.java:1486)
09-25 13:19:18.153  3108  4562 E SupplicantStaIfaceHalAidlImpl: 	at com.android.server.wifi.hotspot2.PasspointEventHandler.requestANQP(PasspointEventHandler.java:86)
09-25 13:19:18.153  3108  4562 E SupplicantStaIfaceHalAidlImpl: 	at com.android.server.wifi.hotspot2.ANQPRequestManager.requestANQPElements(ANQPRequestManager.java:131)
09-25 13:19:18.153  3108  4562 E SupplicantStaIfaceHalAidlImpl: 	at com.android.server.wifi.hotspot2.PasspointManager.getAllMatchedProviders(PasspointManager.java:929)
09-25 13:19:18.153  3108  4562 E SupplicantStaIfaceHalAidlImpl: 	at com.android.server.wifi.hotspot2.PasspointManager.matchProvider(PasspointManager.java:871)
09-25 13:19:18.153  3108  4562 E SupplicantStaIfaceHalAidlImpl: 	at com.android.server.wifi.hotspot2.PasspointManager.matchProvider(PasspointManager.java:853)
09-25 13:19:18.153  3108  4562 E SupplicantStaIfaceHalAidlImpl: 	at com.android.server.wifi.hotspot2.PasspointNetworkNominateHelper.getMatchedCandidateGroupByProvider(PasspointNetworkNominateHelper.java:259)
09-25 13:19:18.153  3108  4562 E SupplicantStaIfaceHalAidlImpl: 	at com.android.server.wifi.hotspot2.PasspointNetworkNominateHelper.updateBestMatchScanDetailForProviders(PasspointNetworkNominateHelper.java:168)
09-25 13:19:18.153  3108  4562 E SupplicantStaIfaceHalAidlImpl: 	at com.android.server.wifi.hotspot2.PasspointNetworkNominateHelper.updatePasspointConfig(PasspointNetworkNominateHelper.java:92)
09-25 13:19:18.153  3108  4562 E SupplicantStaIfaceHalAidlImpl: 	at com.android.server.wifi.SavedNetworkNominator.update(SavedNetworkNominator.java:87)
09-25 13:19:18.153  3108  4562 E SupplicantStaIfaceHalAidlImpl: 	at com.android.server.wifi.WifiNetworkSelector.getCandidatesFromScan(WifiNetworkSelector.java:1012)
09-25 13:19:18.153  3108  4562 E SupplicantStaIfaceHalAidlImpl: 	at com.android.server.wifi.WifiConnectivityManager.handleScanResults(WifiConnectivityManager.java:565)
09-25 13:19:18.153  3108  4562 E SupplicantStaIfaceHalAidlImpl: 	at com.android.server.wifi.WifiConnectivityManager.-$$Nest$mhandleScanResults(Unknown Source:0)
09-25 13:19:18.153  3108  4562 E SupplicantStaIfaceHalAidlImpl: 	at com.android.server.wifi.WifiConnectivityManager$AllSingleScanListener.onResults(WifiConnectivityManager.java:890)
09-25 13:19:18.153  3108  4562 E SupplicantStaIfaceHalAidlImpl: 	at android.net.wifi.WifiScanner$ServiceHandler.lambda$handleMessage$1(WifiScanner.java:1887)
09-25 13:19:18.153  3108  4562 E SupplicantStaIfaceHalAidlImpl: 	at android.net.wifi.WifiScanner$ServiceHandler$$ExternalSyntheticLambda2.run(Unknown Source:4)
09-25 13:19:18.153  3108  4562 E SupplicantStaIfaceHalAidlImpl: 	at android.os.Handler.handleCallback(Handler.java:942)
09-25 13:19:18.153  3108  4562 E SupplicantStaIfaceHalAidlImpl: 	at android.os.Handler.dispatchMessage(Handler.java:99)
09-25 13:19:18.153  3108  4562 E SupplicantStaIfaceHalAidlImpl: 	at android.os.Looper.loopOnce(Looper.java:226)
09-25 13:19:18.153  3108  4562 E SupplicantStaIfaceHalAidlImpl: 	at android.os.Looper.loop(Looper.java:313)
09-25 13:19:18.153  3108  4562 E SupplicantStaIfaceHalAidlImpl: 	at android.os.HandlerThread.run(HandlerThread.java:67)
09-25 13:19:18.153  4754  4754 W wpa_supplicant: ANQP: Cannot send query without BSS freq info
09-25 13:19:18.153  1914  2140 I SurfaceFlinger: id=161954 createSurf, flag=24004, Surface(name=6a358c3 InputMethod)/@0x1a6cc79 - animation-leash of insets_animation#161954
09-25 13:19:18.153   586   586 I GoogleInputMethodService: GoogleInputMethodService.updateDeviceLockedStatus():2097 repeatCheckTimes = 0, locked = false
09-25 13:19:18.153  3108  4562 E SupplicantStaIfaceHalAidlImpl: ISupplicantStaIface.initiateAnqpQuery failed with service specific exception:
09-25 13:19:18.153  3108  4562 E SupplicantStaIfaceHalAidlImpl: android.os.ServiceSpecificException:  (code 1)
09-25 13:19:18.153  3108  4562 E SupplicantStaIfaceHalAidlImpl: 	at android.os.Parcel.createExceptionOrNull(Parcel.java:3037)
09-25 13:19:18.153  3108  4562 E SupplicantStaIfaceHalAidlImpl: 	at android.os.Parcel.createException(Parcel.java:3007)
09-25 13:19:18.153  3108  4562 E SupplicantStaIfaceHalAidlImpl: 	at android.os.Parcel.readException(Parcel.java:2990)
09-25 13:19:18.153  3108  4562 E SupplicantStaIfaceHalAidlImpl: 	at android.os.Parcel.readException(Parcel.java:2932)
09-25 13:19:18.153  3108  4562 E SupplicantStaIfaceHalAidlImpl: 	at com.android.wifi.x.android.hardware.wifi.supplicant.ISupplicantStaIface$Stub$Proxy.initiateAnqpQuery(ISupplicantStaIface.java:1204)
09-25 13:19:18.153  3108  4562 E SupplicantStaIfaceHalAidlImpl: 	at com.android.server.wifi.SupplicantStaIfaceHalAidlImpl.initiateAnqpQuery(SupplicantStaIfaceHalAidlImpl.java:1578)
09-25 13:19:18.153  3108  4562 E SupplicantStaIfaceHalAidlImpl: 	at com.android.server.wifi.SupplicantStaIfaceHalAidlImpl.initiateAnqpQuery(SupplicantStaIfaceHalAidlImpl.java:1558)
09-25 13:19:18.153  3108  4562 E SupplicantStaIfaceHalAidlImpl: 	at com.android.server.wifi.SupplicantStaIfaceHal.initiateAnqpQuery(SupplicantStaIfaceHal.java:1458)
09-25 13:19:18.153  3108  4562 E SupplicantStaIfaceHalAidlImpl: 	at com.android.server.wifi.WifiNative.requestAnqp(WifiNative.java:2770)
09-25 13:19:18.153  3108  4562 E SupplicantStaIfaceHalAidlImpl: 	at com.android.server.wifi.ClientModeImpl.requestAnqp(ClientModeImpl.java:1814)
09-25 13:19:18.153  3108  4562 E SupplicantStaIfaceHalAidlImpl: 	at com.android.server.wifi.ConcreteClientModeManager.requestAnqp(ConcreteClientModeManager.java:1486)
09-25 13:19:18.153  3108  4562 E SupplicantStaIfaceHalAidlImpl: 	at com.android.server.wifi.hotspot2.PasspointEventHandler.requestANQP(PasspointEventHandler.java:86)
09-25 13:19:18.153  3108  4562 E SupplicantStaIfaceHalAidlImpl: 	at com.android.server.wifi.hotspot2.ANQPRequestManager.requestANQPElements(ANQPRequestManager.java:131)
09-25 13:19:18.153  3108  4562 E SupplicantStaIfaceHalAidlImpl: 	at com.android.server.wifi.hotspot2.PasspointManager.getAllMatchedProviders(PasspointManager.java:929)
09-25 13:19:18.153  3108  4562 E SupplicantStaIfaceHalAidlImpl: 	at com.android.server.wifi.hotspot2.PasspointManager.matchProvider(PasspointManager.java:871)
09-25 13:19:18.153  3108  4562 E SupplicantStaIfaceHalAidlImpl: 	at com.android.server.wifi.hotspot2.PasspointManager.matchProvider(PasspointManager.java:853)
09-25 13:19:18.153  3108  4562 E SupplicantStaIfaceHalAidlImpl: 	at com.android.server.wifi.hotspot2.PasspointNetworkNominateHelper.getMatchedCandidateGroupByProvider(PasspointNetworkNominateHelper.java:259)
09-25 13:19:18.153  3108  4562 E SupplicantStaIfaceHalAidlImpl: 	at com.android.server.wifi.hotspot2.PasspointNetworkNominateHelper.updateBestMatchScanDetailForProviders(PasspointNetworkNominateHelper.java:168)
09-25 13:19:18.153  3108  4562 E SupplicantStaIfaceHalAidlImpl: 	at com.android.server.wifi.hotspot2.PasspointNetworkNominateHelper.updatePasspointConfig(PasspointNetworkNominateHelper.java:92)
09-25 13:19:18.153  3108  4562 E SupplicantStaIfaceHalAidlImpl: 	at com.android.server.wifi.NetworkSuggestionNominator.update(NetworkSuggestionNominator.java:81)
09-25 13:19:18.153  3108  4562 E SupplicantStaIfaceHalAidlImpl: 	at com.android.server.wifi.WifiNetworkSelector.getCandidatesFromScan(WifiNetworkSelector.java:1012)
09-25 13:19:18.153  3108  4562 E SupplicantStaIfaceHalAidlImpl: 	at com.android.server.wifi.WifiConnectivityManager.handleScanResults(WifiConnectivityManager.java:565)
09-25 13:19:18.153  3108  4562 E SupplicantStaIfaceHalAidlImpl: 	at com.android.server.wifi.WifiConnectivityManager.-$$Nest$mhandleScanResults(Unknown Source:0)
09-25 13:19:18.153  3108  4562 E SupplicantStaIfaceHalAidlImpl: 	at com.android.server.wifi.WifiConnectivityManager$AllSingleScanListener.onResults(WifiConnectivityManager.java:890)
09-25 13:19:18.153  3108  4562 E SupplicantStaIfaceHalAidlImpl: 	at android.net.wifi.WifiScanner$ServiceHandler.lambda$handleMessage$1(WifiScanner.java:1887)
09-25 13:19:18.153  3108  4562 E SupplicantStaIfaceHalAidlImpl: 	at android.net.wifi.WifiScanner$ServiceHandler$$ExternalSyntheticLambda2.run(Unknown Source:4)
09-25 13:19:18.153  3108  4562 E SupplicantStaIfaceHalAidlImpl: 	at android.os.Handler.handleCallback(Handler.java:942)
09-25 13:19:18.153  3108  4562 E SupplicantStaIfaceHalAidlImpl: 	at android.os.Handler.dispatchMessage(Handler.java:99)
09-25 13:19:18.153  3108  4562 E SupplicantStaIfaceHalAidlImpl: 	at android.os.Looper.loopOnce(Looper.java:226)
09-25 13:19:18.153  3108  4562 E SupplicantStaIfaceHalAidlImpl: 	at android.os.Looper.loop(Looper.java:313)
09-25 13:19:18.153  3108  4562 E SupplicantStaIfaceHalAidlImpl: 	at android.os.HandlerThread.run(HandlerThread.java:67)
09-25 13:19:18.153   586   586 D InputMethodService: checkFocusedDisplay() display Id 0last 0
09-25 13:19:18.154   586   586 I GoogleInputMethodService: GoogleInputMethodService.onStartInput():1889 onStartInput(EditorInfo{EditorInfo{packageName=com.example.dogglers, inputType=0, inputTypeString=NULL, enableLearning=false, autoCorrection=false, autoComplete=false, imeOptions=0, privateImeOptions=null, actionName=UNSPECIFIED, actionLabel=null, initialSelStart=-1, initialSelEnd=-1, initialCapsMode=0, label=null, fieldId=-1, fieldName=null, extras=Bundle[{displayId=0}], hintText=null, hintLocales=[]}}, false)
09-25 13:19:18.154   586   586 I GoogleInputMethodService: GoogleInputMethodService.updateDeviceLockedStatus():2097 repeatCheckTimes = 1, locked = false
09-25 13:19:18.157  4754  4754 W wpa_supplicant: ANQP: Cannot send query without BSS freq info
09-25 13:19:18.157  4768  4861 I ViewRootImpl@8891238[dogglers]: mWNT: t=0xb400007731efa000 mBlastBufferQueue=0xb400007705019c80 fn= 3 caller= android.view.SyncRtSurfaceTransactionApplier.applyTransaction:96 android.view.SyncRtSurfaceTransactionApplier.lambda$scheduleApply$0$android-view-SyncRtSurfaceTransactionApplier:69 android.view.SyncRtSurfaceTransactionApplier$$ExternalSyntheticLambda0.onFrameDraw:4
09-25 13:19:18.157  3108  4562 E SupplicantStaIfaceHalAidlImpl: ISupplicantStaIface.initiateAnqpQuery failed with service specific exception:
09-25 13:19:18.157  3108  4562 E SupplicantStaIfaceHalAidlImpl: android.os.ServiceSpecificException:  (code 1)
09-25 13:19:18.157  3108  4562 E SupplicantStaIfaceHalAidlImpl: 	at android.os.Parcel.createExceptionOrNull(Parcel.java:3037)
09-25 13:19:18.157  3108  4562 E SupplicantStaIfaceHalAidlImpl: 	at android.os.Parcel.createException(Parcel.java:3007)
09-25 13:19:18.157  3108  4562 E SupplicantStaIfaceHalAidlImpl: 	at android.os.Parcel.readException(Parcel.java:2990)
09-25 13:19:18.157  3108  4562 E SupplicantStaIfaceHalAidlImpl: 	at android.os.Parcel.readException(Parcel.java:2932)
09-25 13:19:18.157  3108  4562 E SupplicantStaIfaceHalAidlImpl: 	at com.android.wifi.x.android.hardware.wifi.supplicant.ISupplicantStaIface$Stub$Proxy.initiateAnqpQuery(ISupplicantStaIface.java:1204)
09-25 13:19:18.157  3108  4562 E SupplicantStaIfaceHalAidlImpl: 	at com.android.server.wifi.SupplicantStaIfaceHalAidlImpl.initiateAnqpQuery(SupplicantStaIfaceHalAidlImpl.java:1578)
09-25 13:19:18.157  3108  4562 E SupplicantStaIfaceHalAidlImpl: 	at com.android.server.wifi.SupplicantStaIfaceHalAidlImpl.initiateAnqpQuery(SupplicantStaIfaceHalAidlImpl.java:1558)
09-25 13:19:18.157  3108  4562 E SupplicantStaIfaceHalAidlImpl: 	at com.android.server.wifi.SupplicantStaIfaceHal.initiateAnqpQuery(SupplicantStaIfaceHal.java:1458)
09-25 13:19:18.157  3108  4562 E SupplicantStaIfaceHalAidlImpl: 	at com.android.server.wifi.WifiNative.requestAnqp(WifiNative.java:2770)
09-25 13:19:18.157  3108  4562 E SupplicantStaIfaceHalAidlImpl: 	at com.android.server.wifi.ClientModeImpl.requestAnqp(ClientModeImpl.java:1814)
09-25 13:19:18.157  3108  4562 E SupplicantStaIfaceHalAidlImpl: 	at com.android.server.wifi.ConcreteClientModeManager.requestAnqp(ConcreteClientModeManager.java:1486)
09-25 13:19:18.157  3108  4562 E SupplicantStaIfaceHalAidlImpl: 	at com.android.server.wifi.hotspot2.PasspointEventHandler.requestANQP(PasspointEventHandler.java:86)
09-25 13:19:18.157  3108  4562 E SupplicantStaIfaceHalAidlImpl: 	at com.android.server.wifi.hotspot2.ANQPRequestManager.requestANQPElements(ANQPRequestManager.java:131)
09-25 13:19:18.157  3108  4562 E SupplicantStaIfaceHalAidlImpl: 	at com.android.server.wifi.hotspot2.PasspointManager.getAllMatchedProviders(PasspointManager.java:929)
09-25 13:19:18.157  3108  4562 E SupplicantStaIfaceHalAidlImpl: 	at com.android.server.wifi.hotspot2.PasspointManager.matchProvider(PasspointManager.java:871)
09-25 13:19:18.157  3108  4562 E SupplicantStaIfaceHalAidlImpl: 	at com.android.server.wifi.hotspot2.PasspointManager.matchProvider(PasspointManager.java:853)
09-25 13:19:18.157  3108  4562 E SupplicantStaIfaceHalAidlImpl: 	at com.android.server.wifi.hotspot2.PasspointNetworkNominateHelper.getMatchedCandidateGroupByProvider(PasspointNetworkNominateHelper.java:259)
09-25 13:19:18.157  3108  4562 E SupplicantStaIfaceHalAidlImpl: 	at com.android.server.wifi.hotspot2.PasspointNetworkNominateHelper.updateBestMatchScanDetailForProviders(PasspointNetworkNominateHelper.java:168)
09-25 13:19:18.157  3108  4562 E SupplicantStaIfaceHalAidlImpl: 	at com.android.server.wifi.hotspot2.PasspointNetworkNominateHelper.updatePasspointConfig(PasspointNetworkNominateHelper.java:92)
09-25 13:19:18.157  3108  4562 E SupplicantStaIfaceHalAidlImpl: 	at com.android.server.wifi.NetworkSuggestionNominator.update(NetworkSuggestionNominator.java:81)
09-25 13:19:18.157  3108  4562 E SupplicantStaIfaceHalAidlImpl: 	at com.android.server.wifi.WifiNetworkSelector.getCandidatesFromScan(WifiNetworkSelector.java:1012)
09-25 13:19:18.157  3108  4562 E SupplicantStaIfaceHalAidlImpl: 	at com.android.server.wifi.WifiConnectivityManager.handleScanResults(WifiConnectivityManager.java:565)
09-25 13:19:18.157  3108  4562 E SupplicantStaIfaceHalAidlImpl: 	at com.android.server.wifi.WifiConnectivityManager.-$$Nest$mhandleScanResults(Unknown Source:0)
09-25 13:19:18.157  3108  4562 E SupplicantStaIfaceHalAidlImpl: 	at com.android.server.wifi.WifiConnectivityManager$AllSingleScanListener.onResults(WifiConnectivityManager.java:890)
09-25 13:19:18.157  3108  4562 E SupplicantStaIfaceHalAidlImpl: 	at android.net.wifi.WifiScanner$ServiceHandler.lambda$handleMessage$1(WifiScanner.java:1887)
09-25 13:19:18.157  3108  4562 E SupplicantStaIfaceHalAidlImpl: 	at android.net.wifi.WifiScanner$ServiceHandler$$ExternalSyntheticLambda2.run(Unknown Source:4)
09-25 13:19:18.157  3108  4562 E SupplicantStaIfaceHalAidlImpl: 	at android.os.Handler.handleCallback(Handler.java:942)
09-25 13:19:18.157  3108  4562 E SupplicantStaIfaceHalAidlImpl: 	at android.os.Handler.dispatchMessage(Handler.java:99)
09-25 13:19:18.157  3108  4562 E SupplicantStaIfaceHalAidlImpl: 	at android.os.Looper.loopOnce(Looper.java:226)
09-25 13:19:18.157  3108  4562 E SupplicantStaIfaceHalAidlImpl: 	at android.os.Looper.loop(Looper.java:313)
09-25 13:19:18.157  3108  4562 E SupplicantStaIfaceHalAidlImpl: 	at android.os.HandlerThread.run(HandlerThread.java:67)
09-25 13:19:18.158  5639  5639 I ViewInteraction: Performing 'single click' action on view view.getId() is <2131230943/com.example.dogglers:id/horizontal_btn>
09-25 13:19:18.160  3108  4606 D InputDispatcher: Inject motion (5639/10577): action=0x0, time=811536122000000, f=0x0, d=0 dsdx=1.000000 dtdx=0.000000
09-25 13:19:18.160  3108  4144 W InputDispatcher: obscured by 2ec43ef Splash
09-25 13:19:18.160  3108  4144 I InputDispatcher: Delivering touch to (4768): action: 0x4, f=0x0, d=0, 'd110b4c', t=0
09-25 13:19:18.160  3108  4144 I InputDispatcher: Delivering touch to (5639): action: 0x0, f=0x1, d=0, 'c473fc7', t=0 +(-92,-198)*(1.13)
09-25 13:19:18.160  5369  5369 I TouchInteractionService: onInputEvent, inputConsumer = com.android.quickstep.l2@2290d17
09-25 13:19:18.163  1914  1914 I Layer   : id=161938 removedFromDrawingState Surface(name=6a358c3 InputMethod)/@0x1a6cc79 - animation-leash of insets_animation#161938 (332)
09-25 13:19:18.163  1914  1914 I SurfaceFlinger: id=161938 Removed Surface(name=6a358c3 InputMethod)/@0x1a6cc79 - animation-leash of insets_animation#161938 (332)
09-25 13:19:18.163  1914  1914 I Layer   : id=161938 Destroyed Surface(name=6a358c3 InputMethod)/@0x1a6cc79 - animation-leash of insets_animation#161938
09-25 13:19:18.163  5639  5639 I ViewRootImpl@f200510[MainActivity]: ViewPostIme pointer 0
09-25 13:19:18.163  8328  8328 I SemDvfsHyPerManager: acquire hyper - TATouchBoost/8328@25, type = 1090523139
09-25 13:19:18.164  1809  1855 I HYPER-HAL: [RequestManager.cpp]acquire(): Acquired ID : 34890506  [8328 / 25]    HINT :      list : [TABoost / 1] [TIMEOUT / 1500]
09-25 13:19:18.164  4768  4860 I ViewRootImpl@8891238[dogglers]: mWNT: t=0xb4000077a10d7f00 mBlastBufferQueue=0xb400007705019c80 fn= 4 caller= android.view.SyncRtSurfaceTransactionApplier.applyTransaction:96 android.view.SyncRtSurfaceTransactionApplier.lambda$scheduleApply$0$android-view-SyncRtSurfaceTransactionApplier:69 android.view.SyncRtSurfaceTransactionApplier$$ExternalSyntheticLambda0.onFrameDraw:4
09-25 13:19:18.165  3108  3228 I GestureDetector: obtain mCurrentDownEvent. id: -223197000 caller: com.android.server.wm.SystemGesturesPointerEventListener.onPointerEvent:203 com.android.server.wm.PointerEventDispatcher.onInputEvent:53 android.view.InputEventReceiver.dispatchInputEvent:285
09-25 13:19:18.165  3108  4157 D SemInputMonitorMotionEvent: [sec_input] CASE3 : tool type change pre(1) : cur(0) : TOOL_TYPE_UNKNOWN com.example.dogglers.MainActivity
09-25 13:19:18.165  3108  3228 I GestureDetector: obtain mCurrentDownEvent. id: -223197000 caller: com.android.server.wm.SystemPerformancePointerEventListener.onPointerEvent:89 com.android.server.wm.PointerEventDispatcher.onInputEvent:53 android.view.InputEventReceiver.dispatchInputEvent:285
09-25 13:19:18.165  3108  4157 D SemInputDeviceHqmData: increaseCount mCase3Count:199tempStr2:199 2023/0925/13:19:18 C com.example.dogglers.MainActivity com.example.dogglers
09-25 13:19:18.165  3108  4157 D SemInputDeviceHqmHelper: sendLoggingDataToHQM() Server update !!! basic_custom "CASA":"0","CASB":"0"
09-25 13:19:18.165  3108  8629 D InputMethodManagerService: isImeSwitcherDisabledPackage : false
09-25 13:19:18.166   586   586 I InputMethodService: removeImeSurface
09-25 13:19:18.166   586   586 I MSHandlerLifeCycle: check: return. pkg=com.google.android.inputmethod.latin isActivity=false callers=com.android.internal.policy.DecorView.setVisibility:4412 android.app.Dialog.hide:767 android.inputmethodservice.InputMethodService.removeImeSurface:1290 android.inputmethodservice.InputMethodService.scheduleImeSurfaceRemoval:1279 android.inputmethodservice.InputMethodService.-$$Nest$mscheduleImeSurfaceRemoval:0
09-25 13:19:18.166   586   586 I MSHandlerLifeCycle: removeMultiSplitHandler: no exist. decor=DecorView@3ddf8c7[InputMethod]
09-25 13:19:18.171  4768  4861 I ViewRootImpl@8891238[dogglers]: mWNT: t=0xb4000077a0f77100 mBlastBufferQueue=0xb400007705019c80 fn= 5 caller= android.view.SyncRtSurfaceTransactionApplier.applyTransaction:96 android.view.SyncRtSurfaceTransactionApplier.lambda$scheduleApply$0$android-view-SyncRtSurfaceTransactionApplier:69 android.view.SyncRtSurfaceTransactionApplier$$ExternalSyntheticLambda0.onFrameDraw:4
09-25 13:19:18.181  4768  4860 I ViewRootImpl@8891238[dogglers]: mWNT: t=0xb400007731efa800 mBlastBufferQueue=0xb400007705019c80 fn= 6 caller= android.view.SyncRtSurfaceTransactionApplier.applyTransaction:96 android.view.SyncRtSurfaceTransactionApplier.lambda$scheduleApply$0$android-view-SyncRtSurfaceTransactionApplier:69 android.view.SyncRtSurfaceTransactionApplier$$ExternalSyntheticLambda0.onFrameDraw:4
09-25 13:19:18.189  5369 18817 I RecentModel: onTaskStackChangedBackground
09-25 13:19:18.190  4768  4861 I ViewRootImpl@8891238[dogglers]: mWNT: t=0xb4000077a0ef3300 mBlastBufferQueue=0xb400007705019c80 fn= 7 caller= android.view.SyncRtSurfaceTransactionApplier.applyTransaction:96 android.view.SyncRtSurfaceTransactionApplier.lambda$scheduleApply$0$android-view-SyncRtSurfaceTransactionApplier:69 android.view.SyncRtSurfaceTransactionApplier$$ExternalSyntheticLambda0.onFrameDraw:4
09-25 13:19:18.190  8328  8651 I SemDvfsHyPerManager: acquire hyper - TABaseBoost/8328@24, type = 1090523139
09-25 13:19:18.191  1809  1855 I HYPER-HAL: [RequestManager.cpp]acquire(): Acquired ID : 34882152  [8328 / 24]    HINT :      list : [TABoost / 1]
09-25 13:19:18.192  8130 22447 I [AirCmd]_ActivitySwitchDetector: onTaskStackChanged : componentName - ComponentInfo{com.example.dogglers/com.example.dogglers.MainActivity}
09-25 13:19:18.192  8130 22447 I [AirCmd]_ActivitySwitchDetector: onTaskStackChanged : mTopMostActivity - ComponentInfo{com.example.dogglers/androidx.test.core.app.InstrumentationActivityInvoker$BootstrapActivity}
09-25 13:19:18.192  5369  5741 I RecentTasksList: loadTasksInBackground : groupTask = GroupTask{task1=[id=6869 windowingMode=1 user=0 lastActiveTime=1366856278] null, task2=null, task3=null, mStagedSplitBounds=null}
09-25 13:19:18.192  5369  5741 I RecentTasksList: loadTasksInBackground : groupTask = GroupTask{task1=[id=6898 windowingMode=1 user=0 lastActiveTime=1367009547] null, task2=null, task3=null, mStagedSplitBounds=null}
09-25 13:19:18.192  5369  5741 I RecentTasksList: loadTasksInBackground : groupTask = GroupTask{task1=[id=7106 windowingMode=1 user=0 lastActiveTime=1370084347] null, task2=null, task3=null, mStagedSplitBounds=null}
09-25 13:19:18.193  8130 22447 I [AirCmd]_CallbackRepeater: stopRepeat : isWorking=false
09-25 13:19:18.193  8130 22447 I [AirCmd]_MediaControlStateMonitor: isForegroundAppSupportsMediaButton : mediaSession is empty
09-25 13:19:18.193  8130 22447 I [AirCmd]_MediaControlStateMonitor: active Notification List is null
09-25 13:19:18.193  8130 22447 I [AirCmd]_RemoteSpenMainController: hasGeneralAction : packageName is com.example.dogglers, activityName is com.example.dogglers.MainActivity, hasActions is false
09-25 13:19:18.193  8130 22447 I [AirCmd]_CameraAvailabilityMonitor: isCameraPreviewOn : mIsCameraPreviewOn is false
09-25 13:19:18.194  8130 22447 I [AirCmd]_CameraAvailabilityMonitor: isCameraPreviewOn : mIsCameraPreviewOn is false
09-25 13:19:18.194  8130 22447 I [AirCmd]_MediaControlStateMonitor: isForegroundAppSupportsMediaButton : mediaSession is empty
09-25 13:19:18.195  8130 22447 I [AirCmd]_MediaControlStateMonitor: active Notification List is null
09-25 13:19:18.195  8130 22447 I [AirCmd]_PenActionRule: getAction : get default action data from remote action because pen action data is null.
09-25 13:19:18.195  8130 22447 I [AirCmd]_ButtonActionDetector: enableDoubleClickDetection: enabled=true, doubleClickWaitInterval=300
09-25 13:19:18.195  8130 22447 I [AirCmd]_RemoteSpenMainController: onSwitch : package is com.example.dogglers   and activity is com.example.dogglers.MainActivity and isBleConnected is false and hasActions is false
09-25 13:19:18.196  4768  4851 D OpenGLRenderer: setSurface called with nullptr
09-25 13:19:18.196  4768  4851 D OpenGLRenderer: setSurface() destroyed EGLSurface
09-25 13:19:18.197  4768  4851 D OpenGLRenderer: destroyEglSurface
09-25 13:19:18.198  4768  4843 I ViewRootImpl@8891238[dogglers]: performTraversals params={(0,0)(fillxfill) sim={adjust=pan} ty=APPLICATION_STARTING fmt=TRANSLUCENT wanim=0x1030001 alpha=0.0
09-25 13:19:18.198  4768  4843 I ViewRootImpl@8891238[dogglers]:   fl=81030118
09-25 13:19:18.198  4768  4843 I ViewRootImpl@8891238[dogglers]:   pfl=16000010
09-25 13:19:18.198  4768  4843 I ViewRootImpl@8891238[dogglers]:   bhv=DEFAULT
09-25 13:19:18.198  4768  4843 I ViewRootImpl@8891238[dogglers]:   fitSides= naviIconColor=0}
09-25 13:19:18.198  4768  4843 I ViewRootImpl@8891238[dogglers]: performTraversals mFirst=false windowShouldResize=false viewVisibilityChanged=true mForceNextWindowRelayout=false params={(0,0)(fillxfill) sim={adjust=pan} ty=APPLICATION_STARTING fmt=TRANSLUCENT wanim=0x1030001 alpha=0.0
09-25 13:19:18.198  4768  4843 I ViewRootImpl@8891238[dogglers]:   fl=81030118
09-25 13:19:18.198  4768  4843 I ViewRootImpl@8891238[dogglers]:   pfl=16000010
09-25 13:19:18.198  4768  4843 I ViewRootImpl@8891238[dogglers]:   bhv=DEFAULT
09-25 13:19:18.198  4768  4843 I ViewRootImpl@8891238[dogglers]:   fitSides= naviIconColor=0}
09-25 13:19:18.199  2229  9007 I CameraService: onUidStateChanged: uid=10042, procState is changed. (1 -> 0)
09-25 13:19:18.199  3108  4073 V WindowManager: Relayout Window{2ec43ef u0 Splash Screen com.example.dogglers}: viewVisibility=8 req=1440x3088 d0
09-25 13:19:18.200  3108  8629 D InputDispatcher: Inject motion (5639/10577): action=0x1, time=811536163000000, f=0x0, d=0 dsdx=1.000000 dtdx=0.000000
09-25 13:19:18.200  3108  4144 I InputDispatcher: Delivering touch to (5639): action: 0x1, f=0x1, d=0, 'c473fc7', t=1 +(-56,-121)*(1.08)
09-25 13:19:18.200  5639  5639 I ViewRootImpl@f200510[MainActivity]: ViewPostIme pointer 1
09-25 13:19:18.200  5369  5369 I TouchInteractionService: reset
09-25 13:19:18.200  3108  3228 I GestureDetector: obtain mCurrentMotionEventRaw. action: 1 id: -814817857
09-25 13:19:18.200  4768  4808 V Navbar.Store: --handleEvent(0) ResetBottomGestureHintVI(noArguments=true) [Module]
09-25 13:19:18.200  4768  4808 V Navbar.Store: ----[Band]GESTURE_PACK_RESET_HINT_VI
09-25 13:19:18.200  3108  3228 I GestureDetector: obtain mCurrentMotionEventRaw. action: 1 id: -814817857
09-25 13:19:18.201  3108  4073 V WindowManager: Relayout hash=2ec43ef, pid=4768, syncId=-1: mAttrs={(0,0)(fillxfill) sim={adjust=pan} ty=APPLICATION_STARTING fmt=TRANSLUCENT wanim=0x1030001 alpha=0.0
09-25 13:19:18.201  3108  4073 V WindowManager:   fl=81030118
09-25 13:19:18.201  3108  4073 V WindowManager:   pfl=16000010
09-25 13:19:18.201  3108  4073 V WindowManager:   bhv=DEFAULT
09-25 13:19:18.201  3108  4073 V WindowManager:   fitSides= naviIconColor=0}
09-25 13:19:18.201  3108  4157 D SemInputMonitorMotionEvent: [sec_input] CASE3 : tool type change pre(0) : cur(1) : TOOL_TYPE_FINGER com.example.dogglers.MainActivity
09-25 13:19:18.201  3108  3230 I ChimeraSystemEventListener: appLaunchIntent package name is: com.example.dogglers
09-25 13:19:18.201  3108  4157 D SemInputDeviceHqmData: increaseCount mCase3Count:200tempStr2:200 2023/0925/13:19:18 C com.example.dogglers.MainActivity com.example.dogglers
09-25 13:19:18.201  3108  4157 D SemInputDeviceHqmHelper: sendLoggingDataToHQM() Server update !!! basic_custom "CASA":"0","CASB":"0"
09-25 13:19:18.201  4768  4843 I ViewRootImpl@8891238[dogglers]: Relayout returned: old=(0,0,1440,3088) new=(0,0,1440,3088) req=(1440,3088)8 dur=3 res=0x2 s={false 0x0} ch=true seqId=0
09-25 13:19:18.202  3108  8629 I SemDvfsHyPerManager: acquire hyper - AMS_ACT_START/3108@18, type = -999
09-25 13:19:18.202  1809  1855 I HYPER-HAL: [RequestManager.cpp]acquire(): Acquired ID : 4887519  [3108 / 18]    HINT : AMS_ACT_START    list :
09-25 13:19:18.203  1914  2140 I SurfaceFlinger: id=161955 createSurf, flag=80004, ActivityRecord{d2cf345 u0 com.example.dogglers/.HorizontalListActivity} t7106}#161955
09-25 13:19:18.209  1914  1914 D SurfaceFlinger: Display 4630947093241269891 HWC layers:
09-25 13:19:18.209  1914  1914 D SurfaceFlinger:      CLIENT | 0xb400007af6c13480 | 0100 | RGBx_8888    |  592.0    0.0 1628.0 2220.0 |    0    0 1440 3088 | Wallpaper BBQ wrapper#90
09-25 13:19:18.209  1914  1914 D SurfaceFlinger:      CLIENT | 0xb400007af6c11c80 | 0100 | RGBA_8888    |    0.0    0.0 1440.0 3088.0 |    0    0 1440 3088 | com.sec.android.app.launcher/com.sec[...]rActivity$_5369#161898 (blurRegions)
09-25 13:19:18.209  1914  1914 D SurfaceFlinger:      DEVICE | 0xb400007af6c14f80 | 0102 | RGBA_8888    |    0.0    0.0 1440.0 3088.0 |   47  101 1393 2987 | com.example.dogglers/com.example.dogglers.MainActivity$_5639#161950
09-25 13:19:18.209  1914  1914 D SurfaceFlinger:      DEVICE | 0xb400007af6c14880 | 0100 | RGBA_8888    |    0.0    0.0 1440.0  100.0 |    0    0 1440  100 | StatusBar$_4768#95
09-25 13:19:18.209  1914  1914 D SurfaceFlinger:      DEVICE | 0xb400007af8705400 | 0100 | RGBA_8888    |    0.0    0.0   67.0  589.0 |    0  562   67 1151 | com.samsung.android.app.cocktailbars[...]vice.CocktailBarService$_8423#156853
09-25 13:19:18.209  1914  1914 D SurfaceFlinger:      DEVICE | 0xb400007af8705500 | 0100 | RGBA_8888    |    0.0    0.0  518.0   48.0 |  922 3040 1440 3088 | SGestureOverlayWindow$_5369#156268
09-25 13:19:18.209  1914  1914 D SurfaceFlinger:      DEVICE | 0xb400007af6
09-25 13:19:18.209  1914  1914 D SurfaceFlinger: c15880 | 0100 | RGBA_8888    |    0.0    0.0 1440.0  168.0 |    0 2920 1440 3088 | NavigationBar0$_4768#92
09-25 13:19:18.209  1914  1914 D SurfaceFlinger:
09-25 13:19:18.209  1914  2140 I SurfaceFlinger: id=161956 createSurf, flag=80000, 560f7bc ActivityRecordInputSink com.example.dogglers/.HorizontalListActivity#161956
09-25 13:19:18.212  5759  5759 E pageboostd: Received HALT command code 2
09-25 13:19:18.213  3108  3230 D PersonaActivityHelper: Activity not in resumed state, do not run immediate lock
09-25 13:19:18.214  4768  4843 I ViewRootImpl@8891238[dogglers]: dispatchDetachedFromWindow
09-25 13:19:18.215  3108  4606 D InputTransport: Input channel destroyed: '2ec43ef', fd=1292
09-25 13:19:18.215  3108  4606 W InputManager-JNI: Input channel object '2ec43ef Splash Screen com.example.dogglers (client)' was disposed without first being removed with the input manager!
09-25 13:19:18.215  3108  4606 D InputTransport: Input channel destroyed: '2ec43ef', fd=1293
09-25 13:19:18.216  4768  4843 D InputTransport: Input channel destroyed: '2ec43ef', fd=212
09-25 13:19:18.216  5639  5639 D LifecycleMonitor: Lifecycle status change: com.example.dogglers.MainActivity@6b7c8d9 in: PAUSED
09-25 13:19:18.217  5639  5639 V ActivityScenario: Update currentActivityStage to PAUSED, currentActivity=com.example.dogglers.MainActivity@6b7c8d9
09-25 13:19:18.219  3108  3146 D InputDispatcher: Focused application(0): ActivityRecord{d2cf345 u0 com.example.dogglers/.HorizontalListActivity} t7106}
09-25 13:19:18.219  3108 29076 D RemoteAppTaskWatcher:  ****** RemoteAppTaskWatcher: Message Received 5 Task ID = 0
09-25 13:19:18.221  1914  1914 I Layer   : id=161953 removedFromDrawingState Surface(name=c473fc7 com.example.dogglers/com.example.dogglers.MainActivity)/@0xfa45c78 - animation-leash of starting_reveal#161953 (333)
09-25 13:19:18.221  1914  1914 I SurfaceFlinger: [c473fc7 com.example.dogglers/com.example.dogglers.MainActivity#161949] FrameRatePriority: -1
09-25 13:19:18.224  5639  5639 D LifecycleMonitor: Lifecycle status change: com.example.dogglers.HorizontalListActivity@413f6cc in: PRE_ON_CREATE
09-25 13:19:18.224  5639  5639 V ActivityScenario: Activity lifecycle changed event received but ignored because the intent does not match. startActivityIntent=Intent { act=android.intent.action.MAIN cat=[android.intent.category.LAUNCHER] cmp=com.example.dogglers/.MainActivity }, activity.getIntent()=Intent { cmp=com.example.dogglers/.HorizontalListActivity }, activity=com.example.dogglers.HorizontalListActivity@413f6cc
09-25 13:19:18.224 15715 18710 I WindowsLink: (TaskInfoManager) +++++++++++onRecentTaskStackUpdated
09-25 13:19:18.224  3108  3230 I SemPersonaManager: SecureFolder personaId = 150
09-25 13:19:18.226  6586  6586 I SAMSUNGWALLET-USBP: [AlertController] Boarding pass alert is not enabled
09-25 13:19:18.226  6586  6586 I SAMSUNGWALLET-USBP: [AlertController] dismiss alert: NO_ALERT
09-25 13:19:18.228  3108  3230 D EnterpriseDeviceManagerService: isMdmAdminPresentInternal() : MDM Admin Found - com.samsung.knox.securefolder
09-25 13:19:18.230  3108  6142 I MediaSessionMonitor: Media session stopped : controllerList empty
09-25 13:19:18.231  8423  8423 I ActivityUtils: HomePackage : com.sec.android.app.launcher, resumePackageName : com.example.dogglers
09-25 13:19:18.231  3108  4074 D InputDispatcher: Focus request (0): <null> but waiting because NOT_FOCUSABLE
09-25 13:19:18.231  3108  4074 D InputDispatcher: Focus left window (0): c473fc7 com.example.dogglers/com.example.dogglers.MainActivity
09-25 13:19:18.234  5639  5639 I DecorView: [INFO] isPopOver=false config=true
09-25 13:19:18.234  5639  5639 I DecorView: updateCaptionType: isFloating=false isApplication=true hasWindowDecorCaption=false this=DecorView@a6941d0[]
09-25 13:19:18.234  5639  5639 D DecorView: setCaptionType = 0, this = DecorView@a6941d0[]
09-25 13:19:18.234  5639  5639 I DecorView: getCurrentDensityDpi: from real metrics. densityDpi=560 msg=resources_loaded
09-25 13:19:18.234  5639  5639 I DecorView: setWindowBackground: isPopOver=false color=ff121212 d=android.graphics.drawable.ColorDrawable@3f34ce
09-25 13:19:18.241  5639  5639 D LifecycleMonitor: Lifecycle status change: com.example.dogglers.HorizontalListActivity@413f6cc in: CREATED
09-25 13:19:18.241  5639  5639 V ActivityScenario: Activity lifecycle changed event received but ignored because the intent does not match. startActivityIntent=Intent { act=android.intent.action.MAIN cat=[android.intent.category.LAUNCHER] cmp=com.example.dogglers/.MainActivity }, activity.getIntent()=Intent { cmp=com.example.dogglers/.HorizontalListActivity }, activity=com.example.dogglers.HorizontalListActivity@413f6cc
09-25 13:19:18.241  5639  5639 D LifecycleMonitor: Lifecycle status change: com.example.dogglers.HorizontalListActivity@413f6cc in: STARTED
09-25 13:19:18.241  5639  5639 V ActivityScenario: Activity lifecycle changed event received but ignored because the intent does not match. startActivityIntent=Intent { act=android.intent.action.MAIN cat=[android.intent.category.LAUNCHER] cmp=com.example.dogglers/.MainActivity }, activity.getIntent()=Intent { cmp=com.example.dogglers/.HorizontalListActivity }, activity=com.example.dogglers.HorizontalListActivity@413f6cc
09-25 13:19:18.242  5639  5639 D LifecycleMonitor: Lifecycle status change: com.example.dogglers.HorizontalListActivity@413f6cc in: RESUMED
09-25 13:19:18.242  5639  5639 V ActivityScenario: Activity lifecycle changed event received but ignored because the intent does not match. startActivityIntent=Intent { act=android.intent.action.MAIN cat=[android.intent.category.LAUNCHER] cmp=com.example.dogglers/.MainActivity }, activity.getIntent()=Intent { cmp=com.example.dogglers/.HorizontalListActivity }, activity=com.example.dogglers.HorizontalListActivity@413f6cc
09-25 13:19:18.242  5639  5639 I MSHandlerLifeCycle: check: return. pkg=com.example.dogglers parent=null callers=com.android.internal.policy.DecorView.setVisibility:4412 android.app.ActivityThread.handleResumeActivity:5476 android.app.servertransaction.ResumeActivityItem.execute:54 android.app.servertransaction.ActivityTransactionItem.execute:45 android.app.servertransaction.TransactionExecutor.executeLifecycleState:176
09-25 13:19:18.242  5639  5639 I MSHandlerLifeCycle: removeMultiSplitHandler: no exist. decor=DecorView@a6941d0[]
09-25 13:19:18.243  5639  5729 D NativeCustomFrequencyManager: [NativeCFMS] BpCustomFrequencyManager::BpCustomFrequencyManager()
09-25 13:19:18.245  3108  4606 D InputTransport: Input channel constructed: '159d1bb', fd=1323
09-25 13:19:18.245  3108  4606 D InputTransport: Input channel constructed: '159d1bb', fd=1331
09-25 13:19:18.245  3108  4606 D InputTransport: Input channel constructed: '159d1bb', fd=1336
09-25 13:19:18.245  1914  4196 I SurfaceFlinger: id=161957 createSurf, flag=80004, 159d1bb com.example.dogglers/com.example.dogglers.HorizontalListActivity#161957
09-25 13:19:18.246  3108  4606 D InputTransport: Input channel destroyed: '159d1bb', fd=1336
09-25 13:19:18.247  5639  5639 D InsetsController: onStateChanged: InsetsState: {mDisplayFrame=Rect(0, 0 - 1440, 3088), mDisplayCutout=DisplayCutout{insets=Rect(0, 100 - 0, 0) waterfall=Insets{left=0, top=0, right=0, bottom=0} boundingRect={Bounds=[Rect(0, 0 - 0, 0), Rect(685, 0 - 756, 100), Rect(0, 0 - 0, 0), Rect(0, 0 - 0, 0)]} cutoutPathParserInfo={CutoutPathParserInfo{displayWidth=1440 displayHeight=3088 physicalDisplayWidth=1440 physicalDisplayHeight=3088 density={3.75} cutoutSpec={M 0,0 H -9.466666666666667 V 26.66666666666667‬ H 9.466666666666667 V 0 H 0 Z @dp} rotation={0} scale={1.0} physicalPixelDisplaySizeRatio={1.0}}}}, mRoundedCorners=RoundedCorners{[RoundedCorner{position=TopLeft, radius=14, center=Point(14, 14)}, RoundedCorner{position=TopRight, radius=14, center=Point(1426, 14)}, RoundedCorner{position=BottomRight, radius=14, center=Point(1426, 3074)}, RoundedCorner{position=BottomLeft, radius=14, center=Point(14, 3074)}]}  mRoundedCornerFrame=Rect(0, 0 - 1440, 3088), mPrivacyIndicatorBounds=PrivacyIndicatorBounds {static bounds=Rect(1286, 0 - 1440, 100) rotation=0}, mSources= { InsetsSource: {mType=ITYPE_STATUS_BAR, mFrame=[0,0][1440,100], mVisible=true, mInsetsRoundedCornerFrame=false}, InsetsSource: {mType=ITYPE_NAVIGATION_BAR, mFrame=[0,3088][1440,3088], mVisible=true, mInsetsRoundedCornerFrame=false}, InsetsSource: {mType=ITYPE_LEFT_GESTURES, mFrame=[0,0][0,3088], mVisible=true, mInsetsRoundedCornerFrame=false}, InsetsSource: {mType=ITYPE_RIGHT_GESTURES, mFrame=[1440,0][1440,3088], mVisible=true, mInsetsRoundedCornerFrame=false}, InsetsSource: {mType=ITYPE_TOP_MANDATORY_GESTURES, mFrame=[0,0][1440,142], mVisible=true, mInsetsRoundedCornerFrame=false}, InsetsSource: {mType=ITYPE_BOTTOM_MANDATORY_GESTURES, mFrame=[0,3018][1440,3088], mVisible=true, mInsetsRoundedCornerFrame=false}, InsetsSource: {mType=ITYPE_LEFT_DISPLAY_CUTOUT, mFrame=[0,0][-100000,3088], mVisible=true, mInsetsRoundedCornerFrame=false}, InsetsSource: {mType=ITYPE_TOP_DISPLAY_CUTOUT, mFrame=[0,0][1440,100], mVisible=true, mInsetsRoundedCornerFrame=false}, InsetsSource: {mType=ITYPE_RIGHT_DISPLAY_CUTOUT, mFrame=[100000,0][1440,3088], mVisible=true, mInsetsRoundedCornerFrame=false}, InsetsSource: {mType=ITYPE_BOTTOM_DISPLAY_CUTOUT, mFrame=[0,100000][1440,3088], mVisible=true, mInsetsRoundedCornerFrame=false}, InsetsSource: {mType=ITYPE_TOP_TAPPABLE_ELEMENT, mFrame=[0,0][1440,100], mVisible=true, mInsetsRoundedCornerFrame=false}, InsetsSource: {mType=ITYPE_BOTTOM_TAPPABLE_ELEMENT, mFrame=[0,0][0,0], mVisible=true, mInsetsRoundedCornerFrame=false} } host=com.example.dogglers/com.example.dogglers.HorizontalListActivity from=android.view.ViewRootImpl.setView:1732
09-25 13:19:18.249  5639  5639 I ViewRootImpl@a9b8339[HorizontalListActivity]: setView = com.android.internal.policy.DecorView@a6941d0 TM=true
09-25 13:19:18.249  5639  5639 I MSHandlerLifeCycle: removeMultiSplitHandler: no exist. decor=DecorView@a6941d0[HorizontalListActivity]
09-25 13:19:18.250  3108  3338 D AnalyticsContainerHandler: handleMessage : { when=0 what=1 target=com.android.server.knox.KnoxAnalyticsContainer$AnalyticsHandler }
09-25 13:19:18.258 25288 25332 I Finsky  : [26380] agen.a(967): Skipping Gramophone warning due to shell install
09-25 13:19:18.263  1914  1914 D SurfaceFlinger: GPIS:: requestGPIS
09-25 13:19:18.263  5639  5639 I ViewRootImpl@a9b8339[HorizontalListActivity]: performTraversals params={(0,0)(fillxfill) sim={adjust=resize forwardNavigation} ty=BASE_APPLICATION wanim=0x1030309
09-25 13:19:18.263  5639  5639 I ViewRootImpl@a9b8339[HorizontalListActivity]:   fl=81810100
09-25 13:19:18.263  5639  5639 I ViewRootImpl@a9b8339[HorizontalListActivity]:   pfl=12020040
09-25 13:19:18.263  5639  5639 I ViewRootImpl@a9b8339[HorizontalListActivity]:   bhv=DEFAULT
09-25 13:19:18.263  5639  5639 I ViewRootImpl@a9b8339[HorizontalListActivity]:   fitSides= naviIconColor=0}
09-25 13:19:18.264  5639  5639 I ViewRootImpl@a9b8339[HorizontalListActivity]: performTraversals mFirst=true windowShouldResize=true viewVisibilityChanged=false mForceNextWindowRelayout=false params={(0,0)(fillxfill) sim={adjust=resize forwardNavigation} ty=BASE_APPLICATION wanim=0x1030309
09-25 13:19:18.264  5639  5639 I ViewRootImpl@a9b8339[HorizontalListActivity]:   fl=81810100
09-25 13:19:18.264  5639  5639 I ViewRootImpl@a9b8339[HorizontalListActivity]:   pfl=12020040
09-25 13:19:18.264  5639  5639 I ViewRootImpl@a9b8339[HorizontalListActivity]:   bhv=DEFAULT
09-25 13:19:18.264  5639  5639 I ViewRootImpl@a9b8339[HorizontalListActivity]:   fitSides= naviIconColor=0}
09-25 13:19:18.264  3108  3146 V WindowManager: Relayout Window{159d1bb u0 com.example.dogglers/com.example.dogglers.HorizontalListActivity}: viewVisibility=0 req=1440x3088 d0
09-25 13:19:18.264  1914  2139 I SurfaceFlinger: id=161958 createSurf, flag=40004, com.example.dogglers/com.example.dogglers.HorizontalListActivity$_5639#161958
09-25 13:19:18.268  1914  2139 I SurfaceFlinger: id=161959 createSurf, flag=24000, Surface(name=4eb27f5 StatusBar)/@0x43fa543 - animation-leash of insets_animation#161959
09-25 13:19:18.270  1914  2139 I SurfaceFlinger: id=161960 createSurf, flag=24000, Surface(name=d110b4c NavigationBar0)/@0x8bdb781 - animation-leash of insets_animation#161960
09-25 13:19:18.271  3108  3146 V WindowManager: Relayout hash=159d1bb, pid=5639, syncId=-1: mAttrs={(0,0)(fillxfill) sim={adjust=resize forwardNavigation} ty=BASE_APPLICATION wanim=0x1030309
09-25 13:19:18.271  3108  3146 V WindowManager:   fl=81810100
09-25 13:19:18.271  3108  3146 V WindowManager:   pfl=12020040
09-25 13:19:18.271  3108  3146 V WindowManager:   bhv=DEFAULT
09-25 13:19:18.271  3108  3146 V WindowManager:   fitSides= naviIconColor=0}
