09-25 13:19:20.825  1914  1914 D SurfaceFlinger:      CLIENT | 0xb400007af86f9580 | 0100 | RGBA_8888    |    0.0    0.0 1440.0 3088.0 |    0    0 1440 3088 | com.sec.android.app.launcher/com.sec[...]rActivity$_5369#162054 (blurRegions)
09-25 13:19:20.825  1914  1914 D SurfaceFlinger:      CLIENT | 0xb400007af6c13c80 | 0102 | RGBA_8888    |    0.0    0.0    0.0    0.0 |    1    2 1439  130 | bbq-wrapper#162093
09-25 13:19:20.825  1914  1914 D SurfaceFlinger:  SOLID_COLOR |              | 0000 |  Unknown  |    0.0    0.0    0.0    0.0 |    0    0 1440 3088 | DimAnimationLayer for ActivityRecord[...].VerticalListActivity} t7108}#162085
09-25 13:19:20.825  1914  1914 D SurfaceFlinger:      DEVICE | 0xb400007af86f9300 | 0102 | RGBA_8888    |    0.0    0.0 1440.0 2960.0 |    1  130 1439 3086 | com.example.dogglers/com.example.dogglers.VerticalListActivity$_5639#162080
09-25 13:19:20.825  1914  1914 D SurfaceFlinger:      DEVICE | 0xb400007af6c14880 | 0100 | RGBA_8888    |    0.0    0.0 1440.0  100.0 |    0    0 1440  100 | StatusBar$_4768#95
09-25 13:19:20.825  1914  1914 D SurfaceFlinger:      DEVICE | 0xb400007af8705400 | 0100 |
09-25 13:19:20.825  1914  1914 D SurfaceFlinger: RGBA_8888    |    0.0    0.0   67.0  589.0 |    0  562   67 1151 | com.samsung.android.app.cocktailbars[...]vice.CocktailBarService$_8423#156853
09-25 13:19:20.825  1914  1914 D SurfaceFlinger:      DEVICE | 0xb400007af8705500 | 0100 | RGBA_8888    |    0.0    0.0  518.0   48.0 |  922 3040 1440 3088 | SGestureOverlayWindow$_5369#156268
09-25 13:19:20.825  1914  1914 D SurfaceFlinger:      DEVICE | 0xb400007af6c15880 | 0100 | RGBA_8888    |    0.0    0.0 1440.0  168.0 |    0 2920 1440 3088 | NavigationBar0$_4768#92
09-25 13:19:20.825  1914  1914 D SurfaceFlinger:
09-25 13:19:20.849  1914  1914 D SurfaceFlinger: Display 4630947093241269891 HWC layers:
09-25 13:19:20.849  1914  1914 D SurfaceFlinger:      CLIENT | 0xb400007af6c13c80 | 0102 | RGBA_8888    |    0.0    0.0    0.0    0.0 |    0    0 1440   92 | bbq-wrapper#162093
09-25 13:19:20.849  1914  1914 D SurfaceFlinger:  SOLID_COLOR |              | 0000 |  Unknown  |    0.0    0.0    0.0    0.0 |    0    0 1440 3088 | DimAnimationLayer for ActivityRecord[...].VerticalListActivity} t7108}#162085
09-25 13:19:20.849  1914  1914 D SurfaceFlinger:      DEVICE | 0xb400007af86f9300 | 0102 | RGBA_8888    |    0.0    0.0 1440.0 2996.0 |    0   92 1440 3088 | com.example.dogglers/com.example.dogglers.VerticalListActivity$_5639#162080
09-25 13:19:20.849  1914  1914 D SurfaceFlinger:      DEVICE | 0xb400007af6c14880 | 0100 | RGBA_8888    |    0.0    0.0 1440.0  100.0 |    0    0 1440  100 | StatusBar$_4768#95
09-25 13:19:20.849  1914  1914 D SurfaceFlinger:      DEVICE | 0xb400007af8705400 | 0100 | RGBA_8888    |    0.0    0.0   67.0  589.0 |    0  562   67 1151 | com.samsung.android.app.cocktailbars[...]vice.CocktailBarService$_8423#156853
09-25 13:19:20.849  1914  1914 D SurfaceFlinger:      DEVICE | 0xb400007af8705500 | 0100 | RGBA_8888    |    0.0    0.0  518.0   48.0 |  922 3040 1440 3088 | SGestureOverlayWindow$_5369#156268
09-25 13:19:20.849  1914  1914 D SurfaceFlinger:      DEVICE | 0xb400007af6c15880
09-25 13:19:20.849  1914  1914 D SurfaceFlinger:  | 0100 | RGBA_8888    |    0.0    0.0 1440.0  168.0 |    0 2920 1440 3088 | NavigationBar0$_4768#92
09-25 13:19:20.849  1914  1914 D SurfaceFlinger:
09-25 13:19:20.856  5369  5369 I ViewRootImpl@7533534[LauncherActivity]: handleAppVisibility mAppVisible = true visible = false
09-25 13:19:20.857 21794 21794 I ViewRootImpl@888ef3d[LauncherActivity]: handleAppVisibility mAppVisible = true visible = false
09-25 13:19:20.858  5639  5639 I ViewRootImpl@6db32b7[MainActivity]: handleAppVisibility mAppVisible = true visible = false
09-25 13:19:20.859  4768  4809 D WallpaperService: dispatchAppVisibility onVisibilityChanged(): false
09-25 13:19:20.859  4768  4768 D WallpaperService: reportVisibility onVisibilityChanged visible: false
09-25 13:19:20.859  4768  4880 I ImageWallpaper[GLEngine]:  onVisibilityChanged false , 0
09-25 13:19:20.863  1914  1914 I Layer   : id=162065 removedFromDrawingState Splash Screen com.example.dogglers$_4768#162065 (351)
09-25 13:19:20.863  1914  1914 I Layer   : id=162067 removedFromDrawingState Surface(name=Task=1)/@0xeddbc98 - animation-leash of app_transition#162067 (351)
09-25 13:19:20.863  1914  1914 I Layer   : id=162064 removedFromDrawingState 22dc57f Splash Screen com.example.dogglers#162064 (351)
09-25 13:19:20.863  1914  1914 I Layer   : id=162068 removedFromDrawingState Surface(name=Task=7108)/@0xece6a75 - animation-leash of app_transition#162068 (351)
09-25 13:19:20.863  1914  1914 I Layer   : Layer [Splash Screen com.example.dogglers$_4768#162065] hidden!! flag(1)
09-25 13:19:20.863  1914  1914 I Layer   : Layer [com.sec.android.app.launcher/com.sec.android.app.launcher.activities.LauncherActivity$_5369#162054] hidden!! flag(1)
09-25 13:19:20.863  1914  1914 I Layer   : Layer [com.sec.android.app.launcher/com.sec.android.app.launcher.activities.LauncherActivity$_21794#162053] hidden!! flag(1)
09-25 13:19:20.863  1914  1914 I SurfaceFlinger: id=162064 Removed 22dc57f Splash Screen com.example.dogglers#162064 (351)
09-25 13:19:20.863  1914  1914 I SurfaceFlinger: id=162065 Removed Splash Screen com.example.dogglers$_4768#162065 (351)
09-25 13:19:20.863  1914  1914 I SurfaceFlinger: id=162068 Removed Surface(name=Task=7108)/@0xece6a75 - animation-leash of app_transition#162068 (351)
09-25 13:19:20.863  1914  1914 I SurfaceFlinger: id=162067 Removed Surface(name=Task=1)/@0xeddbc98 - animation-leash of app_transition#162067 (351)
09-25 13:19:20.863  1914  1914 I Layer   : id=162064 Destroyed 22dc57f Splash Screen com.example.dogglers#162064
09-25 13:19:20.863  1914  1914 I Layer   : id=162065 Destroyed Splash Screen com.example.dogglers$_4768#162065
09-25 13:19:20.863  1914  1914 I Layer   : id=162067 Destroyed Surface(name=Task=1)/@0xeddbc98 - animation-leash of app_transition#162067
09-25 13:19:20.863  1914  1914 I Layer   : id=162068 Destroyed Surface(name=Task=7108)/@0xece6a75 - animation-leash of app_transition#162068
09-25 13:19:20.863  5639  5729 D OpenGLRenderer: setSurface called with nullptr
09-25 13:19:20.863  5639  5729 D OpenGLRenderer: setSurface() destroyed EGLSurface
09-25 13:19:20.863  5639  5729 D OpenGLRenderer: destroyEglSurface
09-25 13:19:20.864  5639  5729 D OpenGLRenderer: endAllActiveAnimators on 0xb40000773463fb00 (RippleDrawable) with handle 0xb40000774e0c7120
09-25 13:19:20.864  5639  5639 I ViewRootImpl@6db32b7[MainActivity]: performTraversals mFirst=false windowShouldResize=false viewVisibilityChanged=true mForceNextWindowRelayout=false params=null
09-25 13:19:20.864  3108  6493 V WindowManager: Relayout Window{da639dc u0 com.example.dogglers/com.example.dogglers.MainActivity}: viewVisibility=8 req=1440x3088 d0
09-25 13:19:20.865  3108  6493 V WindowManager: Relayout hash=da639dc, pid=5639, syncId=-1: mAttrs={(0,0)(fillxfill) sim={adjust=pan forwardNavigation} ty=BASE_APPLICATION wanim=0x1030309
09-25 13:19:20.865  3108  6493 V WindowManager:   fl=81810100
09-25 13:19:20.865  3108  6493 V WindowManager:   pfl=12020040
09-25 13:19:20.865  3108  6493 V WindowManager:   bhv=DEFAULT
09-25 13:19:20.865  3108  6493 V WindowManager:   fitSides= naviIconColor=0}
09-25 13:19:20.865 21794 13251 D OpenGLRenderer: setSurface called with nullptr
09-25 13:19:20.865 21794 13251 D OpenGLRenderer: setSurface() destroyed EGLSurface
09-25 13:19:20.865 21794 13251 D OpenGLRenderer: destroyEglSurface
09-25 13:19:20.866 21794 21794 I ViewRootImpl@888ef3d[LauncherActivity]: performTraversals mFirst=false windowShouldResize=false viewVisibilityChanged=true mForceNextWindowRelayout=false params=null
09-25 13:19:20.866  3108  6456 V WindowManager: Relayout Window{294099b u0 com.sec.android.app.launcher/com.sec.android.app.launcher.activities.LauncherActivity}: viewVisibility=8 req=1440x3088 d0
09-25 13:19:20.867  5639  5639 I ViewRootImpl@6db32b7[MainActivity]: Relayout returned: old=(0,0,1440,3088) new=(0,0,1440,3088) req=(1440,3088)8 dur=2 res=0x2 s={false 0x0} ch=true seqId=0
09-25 13:19:20.867  3108  3228 I GestureDetector: handleMessage TAP
09-25 13:19:20.867  5369  5369 I ViewRootImpl@7533534[LauncherActivity]: performTraversals mFirst=false windowShouldResize=false viewVisibilityChanged=true mForceNextWindowRelayout=false params=null
09-25 13:19:20.867  3108  6493 V WindowManager: Relayout Window{c7375dc u0 com.sec.android.app.launcher/com.sec.android.app.launcher.activities.LauncherActivity}: viewVisibility=8 req=1440x3088 d0
09-25 13:19:20.868  3108  6456 V WindowManager: Relayout hash=294099b, pid=21794, syncId=-1: mAttrs={(0,0)(fillxfill) gr=LEFT CENTER_HORIZONTAL sim={adjust=resize} layoutInDisplayCutoutMode=shortEdges ty=DRAWN_APPLICATION fmt=TRANSPARENT wanim=0x10302f4 alpha=0.0
09-25 13:19:20.868  3108  6456 V WindowManager:   fl=81850118
09-25 13:19:20.868  3108  6456 V WindowManager:   pfl=16020040
09-25 13:19:20.868  3108  6456 V WindowManager:   bhv=DEFAULT
09-25 13:19:20.868  3108  6456 V WindowManager:   fitSides=
09-25 13:19:20.868  3108  6456 V WindowManager:  dimAmount=0.0 naviIconColor=0}
09-25 13:19:20.868  3108  3108 I GestureDetector: handleMessage TAP
09-25 13:19:20.868  5639  5639 D LifecycleMonitor: Lifecycle status change: androidx.test.core.app.InstrumentationActivityInvoker$BootstrapActivity@ff53170 in: STOPPED
09-25 13:19:20.868  5639  5639 V ActivityScenario: Activity lifecycle changed event received but ignored because the intent does not match. startActivityIntent=Intent { act=android.intent.action.MAIN cat=[android.intent.category.LAUNCHER] cmp=com.example.dogglers/.MainActivity }, activity.getIntent()=Intent { act=android.intent.action.MAIN cat=[android.intent.category.LAUNCHER] flg=0x10008000 cmp=com.example.dogglers/androidx.test.core.app.InstrumentationActivityInvoker$BootstrapActivity (has extras) }, activity=androidx.test.core.app.InstrumentationActivityInvoker$BootstrapActivity@ff53170
09-25 13:19:20.868 21794 21794 D InsetsController: onStateChanged: InsetsState: {mDisplayFrame=Rect(0, 0 - 1440, 3088), mDisplayCutout=DisplayCutout{insets=Rect(0, 100 - 0, 0) waterfall=Insets{left=0, top=0, right=0, bottom=0} boundingRect={Bounds=[Rect(0, 0 - 0, 0), Rect(685, 0 - 756, 100), Rect(0, 0 - 0, 0), Rect(0, 0 - 0, 0)]} cutoutPathParserInfo={CutoutPathParserInfo{displayWidth=1440 displayHeight=3088 physicalDisplayWidth=1440 physicalDisplayHeight=3088 density={3.75} cutoutSpec={M 0,0 H -9.466666666666667 V 26.66666666666667‬ H 9.466666666666667 V 0 H 0 Z @dp} rotation={0} scale={1.0} physicalPixelDisplaySizeRatio={1.0}}}}, mRoundedCorners=RoundedCorners{[RoundedCorner{position=TopLeft, radius=14, center=Point(14, 14)}, RoundedCorner{position=TopRight, radius=14, center=Point(1426, 14)}, RoundedCorner{position=BottomRight, radius=14, center=Point(1426, 3074)}, RoundedCorner{position=BottomLeft, radius=14, center=Point(14, 3074)}]}  mRoundedCornerFrame=Rect(0, 0 - 1440, 3088), mPrivacyIndicatorBounds=PrivacyIndicatorBounds {static bounds=Rect(1286, 0 - 1440, 100) rotation=0}, mSources= { InsetsSource: {mType=ITYPE_STATUS_BAR, mFrame=[0,0][1440,100], mVisible=true, mInsetsRoundedCornerFrame=false}, InsetsSource: {mType=ITYPE_NAVIGATION_BAR, mFrame=[0,3088][1440,3088], mVisible=true, mInsetsRoundedCornerFrame=false}, InsetsSource: {mType=ITYPE_LEFT_GESTURES, mFrame=[0,0][0,3088], mVisible=true, mInsetsRoundedCornerFrame=false}, InsetsSource: {mType=ITYPE_RIGHT_GESTURES, mFrame=[1440,0][1440,3088], mVisible=true, mInsetsRoundedCornerFrame=false}, InsetsSource: {mType=ITYPE_TOP_MANDATORY_GESTURES, mFrame=[0,0][1440,142], mVisible=true, mInsetsRoundedCornerFrame=false}, InsetsSource: {mType=ITYPE_BOTTOM_MANDATORY_GESTURES, mFrame=[0,3018][1440,3088], mVisible=true, mInsetsRoundedCornerFrame=false}, InsetsSource: {mType=ITYPE_LEFT_DISPLAY_CUTOUT, mFrame=[0,0][-100000,3088], mVisible=true, mInsetsRoundedCornerFrame=false}, InsetsSource: {mType=ITYPE_TOP_DISPLAY_CUTOUT, mFrame=[0,0][1440,100], mVisible=true, mInsetsRoundedCornerFrame=false}, InsetsSource: {mType=ITYPE_RIGHT_DISPLAY_CUTOUT, mFrame=[100000,0][1440,3088], mVisible=true, mInsetsRoundedCornerFrame=false}, InsetsSource: {mType=ITYPE_BOTTOM_DISPLAY_CUTOUT, mFrame=[0,100000][1440,3088], mVisible=true, mInsetsRoundedCornerFrame=false}, InsetsSource: {mType=ITYPE_TOP_TAPPABLE_ELEMENT, mFrame=[0,0][1440,100], mVisible=true, mInsetsRoundedCornerFrame=false}, InsetsSource: {mType=ITYPE_BOTTOM_TAPPABLE_ELEMENT, mFrame=[0,0][0,0], mVisible=true, mInsetsRoundedCornerFrame=false} } host=com.sec.android.app.launcher/com.sec.android.app.launcher.activities.LauncherActivity from=android.view.ViewRootImpl.relayoutWindow:9802
09-25 13:19:20.868  3108  4153 I HqmInfo::HqmManagerService: MSG_TYPE:MSG_TYPE_PROCESS_LOG_BY_HQM
09-25 13:19:20.869  3108  6493 V WindowManager: Relayout hash=c7375dc, pid=5369, syncId=-1: mAttrs={(0,0)(fillxfill) sim={adjust=nothing forwardNavigation} layoutInDisplayCutoutMode=shortEdges ty=BASE_APPLICATION fmt=TRANSPARENT wanim=0x10302f4
09-25 13:19:20.869  3108  6493 V WindowManager:   fl=81910100
09-25 13:19:20.869  3108  6493 V WindowManager:   pfl=1e020040
09-25 13:19:20.869  3108  6493 V WindowManager:   vsysui=1700
09-25 13:19:20.869  3108  6493 V WindowManager:   bhv=SHOW_TRANSIENT_BARS_BY_SWIPE
09-25 13:19:20.869  3108  6493 V WindowManager:   fitSides= naviIconColor=0}
09-25 13:19:20.869 21794 21794 I ViewRootImpl@888ef3d[LauncherActivity]: Relayout returned: old=(0,0,1440,3088) new=(0,0,1440,3088) req=(1440,3088)8 dur=3 res=0x2 s={false 0x0} ch=true seqId=0
09-25 13:19:20.870  5369  5369 I ViewRootImpl@7533534[LauncherActivity]: Relayout returned: old=(0,0,1440,3088) new=(0,0,1440,3088) req=(1440,3088)8 dur=2 res=0x2 s={false 0x0} ch=true seqId=0
09-25 13:19:20.870  5369  5369 I ViewRootImpl@7533534[LauncherActivity]: stopped(true) old = false
09-25 13:19:20.870  5369  5369 I ViewRootImpl@7533534[LauncherActivity]: WindowStopped on com.sec.android.app.launcher/com.sec.android.app.launcher.activities.LauncherActivity set to true
09-25 13:19:20.870 21794 21794 I dmtd    : (REDACTED) onApplyWindowInsets: systemWindowInsets=%s
09-25 13:19:20.870 21794 21794 I dmtd    : (REDACTED) onApplyWindowInsets: systemWindowInsets=%s
09-25 13:19:20.871  5369  5369 I Launcher: !@Boot_DEBUG: Launcher.onStop()
09-25 13:19:20.871  5369  5369 I Launcher: !@Boot_EBS_D: Launcher.onStop()
09-25 13:19:20.871  5369  5369 I BaseActivity: removeActivityFlags, flags : 17
09-25 13:19:20.871  5369  5369 I WallpaperBlurController: dispatchTransactionSurface: mCurrentBlur = 150
09-25 13:19:20.871  5369  5741 I IMM_LC  : hsifw() - flag : 0
09-25 13:19:20.872  5369  5741 I IMM_LC  : hsifw() - mService.hideSoftInput
09-25 13:19:20.872  5369  5369 W LauncherAppWidgetHost: setShouldListenFlag, mFlags:7 flag:start on:false isFront:false
09-25 13:19:20.872  3108  3145 I AppWidgetServiceImpl: stopListening callbacks : null
09-25 13:19:20.872  5369  5369 W LauncherAppWidgetHost: stopListening, mFlags:2 isFront:false
09-25 13:19:20.872  5369  5369 W Launcher.NotificationListener: removeNotificationsChangedListener
09-25 13:19:20.872  5369  5369 I Launcher.NotificationListener: unregisterObserver, this is not notificationService!!
09-25 13:19:20.873  5369  5369 I BadgeCountUpdaterImpl: onNotificationsChangedDisConnected
09-25 13:19:20.874  5369  5752 I LiveIconUpdateEventHandler: cancelDateChangeAlarm
09-25 13:19:20.875  5369  5752 I LiveIconUpdateEventHandler: cancelMinuteChangeAlarm
09-25 13:19:20.875  5369  5369 I MSHandlerLifeCycle: removeMultiSplitHandler: no exist. decor=DecorView@ac62e93[LauncherActivity]
09-25 13:19:20.884  6586 17206 I SAMSUNGWALLET: [Hint_ProcessStatusChange] fg Change, pid : 5369 , isNotify : true , isForeground : false , fg list : []
09-25 13:19:20.884  6586 25742 I SAMSUNGWALLET: [Hint_ProcessStatusChange] fg Change, pid : 5369 , isNotify : true , isForeground : false , fg list : []
09-25 13:19:20.884  6586 17206 I SAMSUNGWALLET: [ProcessStatusChange] fg Change, pid : 5369 , isNotify : true , isForeground : false , fg list : []
09-25 13:19:20.884  6586 25742 I SAMSUNGWALLET: [ProcessStatusChange] fg Change, pid : 5369 , isNotify : true , isForeground : false , fg list : []
09-25 13:19:20.884  6586 10126 I SAMSUNGWALLET: [Hint_ProcessStatusChange] fg Change, pid : 5369 , isNotify : true , isForeground : false , fg list : []
09-25 13:19:20.885  6586 10126 I SAMSUNGWALLET: [ProcessStatusChange] fg Change, pid : 5369 , isNotify : true , isForeground : false , fg list : []
09-25 13:19:20.885  6586  7522 I SAMSUNGWALLET: [ResetData] getSAResetDialogFlag : false
09-25 13:19:20.886  6586  7669 I SAMSUNGWALLET: [ProcessMonitor] App went to background.
09-25 13:19:20.887  6586  7669 I SAMSUNGWALLET: [ProcessMonitor] App went to background.
09-25 13:19:20.888  1914  1914 I Layer   : id=162053 removedFromDrawingState com.sec.android.app.launcher/com.sec.android.app.launcher.activities.LauncherActivity$_21794#162053 (347)
09-25 13:19:20.888  1914  1914 I Layer   : id=162054 removedFromDrawingState com.sec.android.app.launcher/com.sec.android.app.launcher.activities.LauncherActivity$_5369#162054 (347)
09-25 13:19:20.888  1914  1914 I SurfaceFlinger: id=162054 Removed com.sec.android.app.launcher/com.sec.android.app.launcher.activities.LauncherActivity$_5369#162054 (347)
09-25 13:19:20.888  1914  1914 I SurfaceFlinger: id=162053 Removed com.sec.android.app.launcher/com.sec.android.app.launcher.activities.LauncherActivity$_21794#162053 (347)
09-25 13:19:20.888  1914  1914 I Layer   : id=162054 Destroyed com.sec.android.app.launcher/com.sec.android.app.launcher.activities.LauncherActivity$_5369#162054
09-25 13:19:20.888  6586  7669 I SAMSUNGWALLET: [ProcessMonitor] App went to background.
09-25 13:19:20.888  1914  1914 I Layer   : id=162053 Destroyed com.sec.android.app.launcher/com.sec.android.app.launcher.activities.LauncherActivity$_21794#162053
09-25 13:19:20.890  6586  7522 I SAMSUNGWALLET: [Hint_e] isHomePackageRunning topPkgName = com.example.dogglers, topClsName = com.example.dogglers.VerticalListActivity, return false , se : false
09-25 13:19:20.890  6586  6586 I SAMSUNGWALLET: [Hint_PayHintService] Hint Status - already invisible, skip hide : [4000000] - Home Package Not Running
09-25 13:19:20.890  6586  7522 I SAMSUNGWALLET: [ResetData] getSAResetDialogFlag : false
09-25 13:19:20.892  6586  7522 I SAMSUNGWALLET: [Hint_e] isHomePackageRunning topPkgName = com.example.dogglers, topClsName = com.example.dogglers.VerticalListActivity, return false , se : false
09-25 13:19:20.893  6586  6586 I SAMSUNGWALLET: [Hint_PayHintService] Hint Status - already invisible, skip hide : [4000000] - Home Package Not Running
09-25 13:19:20.893  6586  7522 I SAMSUNGWALLET: [ResetData] getSAResetDialogFlag : false
09-25 13:19:20.894  6586  7522 I SAMSUNGWALLET: [Hint_e] isHomePackageRunning topPkgName = com.example.dogglers, topClsName = com.example.dogglers.VerticalListActivity, return false , se : false
09-25 13:19:20.895  6586  6586 I SAMSUNGWALLET: [Hint_PayHintService] Hint Status - already invisible, skip hide : [4000000] - Home Package Not Running
09-25 13:19:20.899  5639  5639 I ViewInteraction: Checking 'MatchesViewAssertion{viewMatcher=(view has effective visibility <VISIBLE> and view.getGlobalVisibleRect() to return non-empty rectangle)}' assertion on view view.getId() is <2131231206/com.example.dogglers:id/vertical_recycler_view>
09-25 13:19:20.902  3108  3230 I ChimeraSystemEventListener: appLaunchIntent package name is: com.example.dogglers
09-25 13:19:20.904  3108  6456 I SemDvfsHyPerManager: acquire hyper - AMS_ACT_START/3108@18, type = -999
09-25 13:19:20.904  1809  1855 I HYPER-HAL: [RequestManager.cpp]acquire(): Acquired ID : 4887519  [3108 / 18]    HINT : AMS_ACT_START    list :
09-25 13:19:20.905  1914  4196 I SurfaceFlinger: id=162095 createSurf, flag=80004, ActivityRecord{87e0859 u0 com.example.dogglers/androidx.test.core.app.InstrumentationActivityInvoker$EmptyActivity} t7108}#162095
09-25 13:19:20.909  3108  4153 I HqmInfo::HqmManagerService: MSG_TYPE:MSG_TYPE_PROCESS_LOG_BY_HQM
09-25 13:19:20.911  5759  5759 E pageboostd: Received HALT command code 2
09-25 13:19:20.912  5639  5639 D LifecycleMonitor: Lifecycle status change: com.example.dogglers.VerticalListActivity@b7afcb4 in: PAUSED
09-25 13:19:20.912  3108  3230 D PersonaActivityHelper: Activity not in resumed state, do not run immediate lock
09-25 13:19:20.912  5639  5639 V ActivityScenario: Activity lifecycle changed event received but ignored because the intent does not match. startActivityIntent=Intent { act=android.intent.action.MAIN cat=[android.intent.category.LAUNCHER] cmp=com.example.dogglers/.MainActivity }, activity.getIntent()=Intent { cmp=com.example.dogglers/.VerticalListActivity }, activity=com.example.dogglers.VerticalListActivity@b7afcb4
09-25 13:19:20.914  3108  6456 D InputDispatcher: Focused application(0): ActivityRecord{87e0859 u0 com.example.dogglers/androidx.test.core.app.InstrumentationActivityInvoker$EmptyActivity} t7108}
09-25 13:19:20.914  3108 29076 D RemoteAppTaskWatcher:  ****** RemoteAppTaskWatcher: Message Received 5 Task ID = 0
09-25 13:19:20.917  3108  3230 I SemPersonaManager: SecureFolder personaId = 150
09-25 13:19:20.917  5639  5639 D LifecycleMonitor: Lifecycle status change: androidx.test.core.app.InstrumentationActivityInvoker$EmptyActivity@ef6692b in: PRE_ON_CREATE
09-25 13:19:20.917  5639  5639 V ActivityScenario: Activity lifecycle changed event received but ignored because the intent does not match. startActivityIntent=Intent { act=android.intent.action.MAIN cat=[android.intent.category.LAUNCHER] cmp=com.example.dogglers/.MainActivity }, activity.getIntent()=Intent { act=android.intent.action.MAIN cat=[android.intent.category.LAUNCHER] flg=0x10000000 cmp=com.example.dogglers/androidx.test.core.app.InstrumentationActivityInvoker$EmptyActivity }, activity=androidx.test.core.app.InstrumentationActivityInvoker$EmptyActivity@ef6692b
09-25 13:19:20.919 15715 18710 I WindowsLink: (TaskInfoManager) +++++++++++onRecentTaskStackUpdated
09-25 13:19:20.920  5369  5369 W FrameTracker: Missed App frame:JANK_APP_DEADLINE_MISSED, 244336842, 23458489, CUJ=J<LAUNCHER_APP_CLOSE_TO_HOME>
09-25 13:19:20.920  5369  5369 W FrameTracker: Missing SF jank callback for vsyncId: 244338131, CUJ=J<LAUNCHER_APP_CLOSE_TO_HOME>
09-25 13:19:20.921  3108  3230 D EnterpriseDeviceManagerService: isMdmAdminPresentInternal() : MDM Admin Found - com.samsung.knox.securefolder
09-25 13:19:20.921  1914  1914 I SurfaceFlinger: [fa98341 com.example.dogglers/com.example.dogglers.VerticalListActivity#162079] FrameRatePriority: -1
09-25 13:19:20.922  5639  5639 I DecorView: [INFO] isPopOver=false config=true
09-25 13:19:20.922  5639  5639 I DecorView: updateCaptionType: isFloating=false isApplication=true hasWindowDecorCaption=false this=DecorView@a771746[]
09-25 13:19:20.922  5639  5639 D DecorView: setCaptionType = 0, this = DecorView@a771746[]
09-25 13:19:20.923  5639  5639 I DecorView: getCurrentDensityDpi: from real metrics. densityDpi=560 msg=resources_loaded
09-25 13:19:20.923  5639  5639 I DecorView: setWindowBackground: isPopOver=false color=ff010101 d=android.graphics.drawable.StateListDrawable@3f06d07
09-25 13:19:20.923  5639  5639 D LifecycleMonitor: Lifecycle status change: androidx.test.core.app.InstrumentationActivityInvoker$EmptyActivity@ef6692b in: CREATED
09-25 13:19:20.923  5639  5639 V ActivityScenario: Activity lifecycle changed event received but ignored because the intent does not match. startActivityIntent=Intent { act=android.intent.action.MAIN cat=[android.intent.category.LAUNCHER] cmp=com.example.dogglers/.MainActivity }, activity.getIntent()=Intent { act=android.intent.action.MAIN cat=[android.intent.category.LAUNCHER] flg=0x10000000 cmp=com.example.dogglers/androidx.test.core.app.InstrumentationActivityInvoker$EmptyActivity }, activity=androidx.test.core.app.InstrumentationActivityInvoker$EmptyActivity@ef6692b
09-25 13:19:20.924  5639  5639 D LifecycleMonitor: Lifecycle status change: androidx.test.core.app.InstrumentationActivityInvoker$EmptyActivity@ef6692b in: STARTED
09-25 13:19:20.924  5639  5639 V ActivityScenario: Activity lifecycle changed event received but ignored because the intent does not match. startActivityIntent=Intent { act=android.intent.action.MAIN cat=[android.intent.category.LAUNCHER] cmp=com.example.dogglers/.MainActivity }, activity.getIntent()=Intent { act=android.intent.action.MAIN cat=[android.intent.category.LAUNCHER] flg=0x10000000 cmp=com.example.dogglers/androidx.test.core.app.InstrumentationActivityInvoker$EmptyActivity }, activity=androidx.test.core.app.InstrumentationActivityInvoker$EmptyActivity@ef6692b
09-25 13:19:20.925  5639  5639 D LifecycleMonitor: Lifecycle status change: androidx.test.core.app.InstrumentationActivityInvoker$EmptyActivity@ef6692b in: RESUMED
09-25 13:19:20.925  5639  5639 V ActivityScenario: Activity lifecycle changed event received but ignored because the intent does not match. startActivityIntent=Intent { act=android.intent.action.MAIN cat=[android.intent.category.LAUNCHER] cmp=com.example.dogglers/.MainActivity }, activity.getIntent()=Intent { act=android.intent.action.MAIN cat=[android.intent.category.LAUNCHER] flg=0x10000000 cmp=com.example.dogglers/androidx.test.core.app.InstrumentationActivityInvoker$EmptyActivity }, activity=androidx.test.core.app.InstrumentationActivityInvoker$EmptyActivity@ef6692b
09-25 13:19:20.925  5639  5639 I MSHandlerLifeCycle: check: return. pkg=com.example.dogglers parent=null callers=com.android.internal.policy.DecorView.setVisibility:4412 android.app.ActivityThread.handleResumeActivity:5476 android.app.servertransaction.ResumeActivityItem.execute:54 android.app.servertransaction.ActivityTransactionItem.execute:45 android.app.servertransaction.TransactionExecutor.executeLifecycleState:176
09-25 13:19:20.925  5639  5639 I MSHandlerLifeCycle: removeMultiSplitHandler: no exist. decor=DecorView@a771746[]
09-25 13:19:20.925  8423  8423 I ActivityUtils: HomePackage : com.sec.android.app.launcher, resumePackageName : com.example.dogglers
09-25 13:19:20.925  3108  6142 I MediaSessionMonitor: Media session stopped : controllerList empty
09-25 13:19:20.926  5639  5729 D NativeCustomFrequencyManager: [NativeCFMS] BpCustomFrequencyManager::BpCustomFrequencyManager()
09-25 13:19:20.928  3108  6493 D InputTransport: Input channel constructed: 'f9463da', fd=1336
09-25 13:19:20.928  3108  6493 D InputTransport: Input channel constructed: 'f9463da', fd=1337
09-25 13:19:20.928  3108  6493 D InputTransport: Input channel constructed: 'f9463da', fd=1339
09-25 13:19:20.929  1914  4196 I SurfaceFlinger: id=162096 createSurf, flag=80004, f9463da com.example.dogglers/androidx.test.core.app.InstrumentationActivityInvoker$EmptyActivity#162096
09-25 13:19:20.930  3108  6493 D InputTransport: Input channel destroyed: 'f9463da', fd=1339
09-25 13:19:20.930  5639  5639 D InsetsController: onStateChanged: InsetsState: {mDisplayFrame=Rect(0, 0 - 1440, 3088), mDisplayCutout=DisplayCutout{insets=Rect(0, 100 - 0, 0) waterfall=Insets{left=0, top=0, right=0, bottom=0} boundingRect={Bounds=[Rect(0, 0 - 0, 0), Rect(685, 0 - 756, 100), Rect(0, 0 - 0, 0), Rect(0, 0 - 0, 0)]} cutoutPathParserInfo={CutoutPathParserInfo{displayWidth=1440 displayHeight=3088 physicalDisplayWidth=1440 physicalDisplayHeight=3088 density={3.75} cutoutSpec={M 0,0 H -9.466666666666667 V 26.66666666666667‬ H 9.466666666666667 V 0 H 0 Z @dp} rotation={0} scale={1.0} physicalPixelDisplaySizeRatio={1.0}}}}, mRoundedCorners=RoundedCorners{[RoundedCorner{position=TopLeft, radius=14, center=Point(14, 14)}, RoundedCorner{position=TopRight, radius=14, center=Point(1426, 14)}, RoundedCorner{position=BottomRight, radius=14, center=Point(1426, 3074)}, RoundedCorner{position=BottomLeft, radius=14, center=Point(14, 3074)}]}  mRoundedCornerFrame=Rect(0, 0 - 1440, 3088), mPrivacyIndicatorBounds=PrivacyIndicatorBounds {static bounds=Rect(1286, 0 - 1440, 100) rotation=0}, mSources= { InsetsSource: {mType=ITYPE_STATUS_BAR, mFrame=[0,0][1440,100], mVisible=true, mInsetsRoundedCornerFrame=false}, InsetsSource: {mType=ITYPE_NAVIGATION_BAR, mFrame=[0,3088][1440,3088], mVisible=true, mInsetsRoundedCornerFrame=false}, InsetsSource: {mType=ITYPE_LEFT_GESTURES, mFrame=[0,0][0,3088], mVisible=true, mInsetsRoundedCornerFrame=false}, InsetsSource: {mType=ITYPE_RIGHT_GESTURES, mFrame=[1440,0][1440,3088], mVisible=true, mInsetsRoundedCornerFrame=false}, InsetsSource: {mType=ITYPE_TOP_MANDATORY_GESTURES, mFrame=[0,0][1440,142], mVisible=true, mInsetsRoundedCornerFrame=false}, InsetsSource: {mType=ITYPE_BOTTOM_MANDATORY_GESTURES, mFrame=[0,3018][1440,3088], mVisible=true, mInsetsRoundedCornerFrame=false}, InsetsSource: {mType=ITYPE_LEFT_DISPLAY_CUTOUT, mFrame=[0,0][-100000,3088], mVisible=true, mInsetsRoundedCornerFrame=false}, InsetsSource: {mType=ITYPE_TOP_DISPLAY_CUTOUT, mFrame=[0,0][1440,100], mVisible=true, mInsetsRoundedCornerFrame=false}, InsetsSource: {mType=ITYPE_RIGHT_DISPLAY_CUTOUT, mFrame=[100000,0][1440,3088], mVisible=true, mInsetsRoundedCornerFrame=false}, InsetsSource: {mType=ITYPE_BOTTOM_DISPLAY_CUTOUT, mFrame=[0,100000][1440,3088], mVisible=true, mInsetsRoundedCornerFrame=false}, InsetsSource: {mType=ITYPE_TOP_TAPPABLE_ELEMENT, mFrame=[0,0][1440,100], mVisible=true, mInsetsRoundedCornerFrame=false}, InsetsSource: {mType=ITYPE_BOTTOM_TAPPABLE_ELEMENT, mFrame=[0,0][0,0], mVisible=true, mInsetsRoundedCornerFrame=false} } host=com.example.dogglers/androidx.test.core.app.InstrumentationActivityInvoker$EmptyActivity from=android.view.ViewRootImpl.setView:1732
09-25 13:19:20.931  3108  6456 D InputDispatcher: Focus request (0): <null> but waiting because NOT_FOCUSABLE
09-25 13:19:20.931  3108  6456 D InputDispatcher: Focus left window (0): fa98341 com.example.dogglers/com.example.dogglers.VerticalListActivity
09-25 13:19:20.932  5639  5639 I ViewRootImpl@f7d045d[InstrumentationActivityInvoker$EmptyActivity]: setView = com.android.internal.policy.DecorView@a771746 TM=true
09-25 13:19:20.932  5639  5639 I MSHandlerLifeCycle: removeMultiSplitHandler: no exist. decor=DecorView@a771746[InstrumentationActivityInvoker$EmptyActivity]
09-25 13:19:20.933  3108  3338 D AnalyticsContainerHandler: handleMessage : { when=0 what=1 target=com.android.server.knox.KnoxAnalyticsContainer$AnalyticsHandler }
09-25 13:19:20.934  5639  5639 I ViewRootImpl@f7d045d[InstrumentationActivityInvoker$EmptyActivity]: performTraversals params={(0,0)(fillxfill) sim={adjust=pan forwardNavigation} ty=BASE_APPLICATION wanim=0x1030001
09-25 13:19:20.934  5639  5639 I ViewRootImpl@f7d045d[InstrumentationActivityInvoker$EmptyActivity]:   fl=1810100
09-25 13:19:20.934  5639  5639 I ViewRootImpl@f7d045d[InstrumentationActivityInvoker$EmptyActivity]:   pfl=12020040
09-25 13:19:20.934  5639  5639 I ViewRootImpl@f7d045d[InstrumentationActivityInvoker$EmptyActivity]:   bhv=DEFAULT
09-25 13:19:20.934  5639  5639 I ViewRootImpl@f7d045d[InstrumentationActivityInvoker$EmptyActivity]:   fitSides= naviIconColor=0}
09-25 13:19:20.935  5639  5639 I ViewRootImpl@f7d045d[InstrumentationActivityInvoker$EmptyActivity]: performTraversals mFirst=true windowShouldResize=true viewVisibilityChanged=false mForceNextWindowRelayout=false params={(0,0)(fillxfill) sim={adjust=pan forwardNavigation} ty=BASE_APPLICATION wanim=0x1030001
09-25 13:19:20.935  5639  5639 I ViewRootImpl@f7d045d[InstrumentationActivityInvoker$EmptyActivity]:   fl=1810100
09-25 13:19:20.935  5639  5639 I ViewRootImpl@f7d045d[InstrumentationActivityInvoker$EmptyActivity]:   pfl=12020040
09-25 13:19:20.935  5639  5639 I ViewRootImpl@f7d045d[InstrumentationActivityInvoker$EmptyActivity]:   bhv=DEFAULT
09-25 13:19:20.935  5639  5639 I ViewRootImpl@f7d045d[InstrumentationActivityInvoker$EmptyActivity]:   fitSides= naviIconColor=0}
09-25 13:19:20.935  3108  4606 V WindowManager: Relayout Window{f9463da u0 com.example.dogglers/androidx.test.core.app.InstrumentationActivityInvoker$EmptyActivity}: viewVisibility=0 req=1440x3088 d0
09-25 13:19:20.935  1914  4196 I SurfaceFlinger: id=162097 createSurf, flag=40004, com.example.dogglers/androidx.test.core.app.InstrumentationActivityInvoker$EmptyActivity$_5639#162097
09-25 13:19:20.937  1914  4196 I SurfaceFlinger: id=162098 createSurf, flag=24000, Surface(name=4eb27f5 StatusBar)/@0x43fa543 - animation-leash of insets_animation#162098
09-25 13:19:20.938  1914  2140 I SurfaceFlinger: id=162099 createSurf, flag=24000, Surface(name=d110b4c NavigationBar0)/@0x8bdb781 - animation-leash of insets_animation#162099
09-25 13:19:20.940  3108  4606 V WindowManager: Relayout hash=f9463da, pid=5639, syncId=-1: mAttrs={(0,0)(fillxfill) sim={adjust=pan forwardNavigation} ty=BASE_APPLICATION wanim=0x1030001
09-25 13:19:20.940  3108  4606 V WindowManager:   fl=1810100
09-25 13:19:20.940  3108  4606 V WindowManager:   pfl=12020040
09-25 13:19:20.940  3108  4606 V WindowManager:   bhv=DEFAULT
09-25 13:19:20.940  3108  4606 V WindowManager:   fitSides= naviIconColor=0}
09-25 13:19:20.940  5639  5639 D InsetsController: onStateChanged: InsetsState: {mDisplayFrame=Rect(0, 0 - 1440, 3088), mDisplayCutout=DisplayCutout{insets=Rect(0, 100 - 0, 0) waterfall=Insets{left=0, top=0, right=0, bottom=0} boundingRect={Bounds=[Rect(0, 0 - 0, 0), Rect(685, 0 - 756, 100), Rect(0, 0 - 0, 0), Rect(0, 0 - 0, 0)]} cutoutPathParserInfo={CutoutPathParserInfo{displayWidth=1440 displayHeight=3088 physicalDisplayWidth=1440 physicalDisplayHeight=3088 density={3.75} cutoutSpec={M 0,0 H -9.466666666666667 V 26.66666666666667‬ H 9.466666666666667 V 0 H 0 Z @dp} rotation={0} scale={1.0} physicalPixelDisplaySizeRatio={1.0}}}}, mRoundedCorners=RoundedCorners{[RoundedCorner{position=TopLeft, radius=14, center=Point(14, 14)}, RoundedCorner{position=TopRight, radius=14, center=Point(1426, 14)}, RoundedCorner{position=BottomRight, radius=14, center=Point(1426, 3074)}, RoundedCorner{position=BottomLeft, radius=14, center=Point(14, 3074)}]}  mRoundedCornerFrame=Rect(0, 0 - 1440, 3088), mPrivacyIndicatorBounds=PrivacyIndicatorBounds {static bounds=Rect(1286, 0 - 1440, 100) rotation=0}, mSources= { InsetsSource: {mType=ITYPE_STATUS_BAR, mFrame=[0,0][1440,100], mVisible=true, mInsetsRoundedCornerFrame=false}, InsetsSource: {mType=ITYPE_NAVIGATION_BAR, mFrame=[0,3088][1440,3088], mVisible=true, mInsetsRoundedCornerFrame=false}, InsetsSource: {mType=ITYPE_LEFT_GESTURES, mFrame=[0,0][0,3088], mVisible=true, mInsetsRoundedCornerFrame=false}, InsetsSource: {mType=ITYPE_RIGHT_GESTURES, mFrame=[1440,0][1440,3088], mVisible=true, mInsetsRoundedCornerFrame=false}, InsetsSource: {mType=ITYPE_TOP_MANDATORY_GESTURES, mFrame=[0,0][1440,142], mVisible=true, mInsetsRoundedCornerFrame=false}, InsetsSource: {mType=ITYPE_BOTTOM_MANDATORY_GESTURES, mFrame=[0,3018][1440,3088], mVisible=true, mInsetsRoundedCornerFrame=false}, InsetsSource: {mType=ITYPE_LEFT_DISPLAY_CUTOUT, mFrame=[0,0][-100000,3088], mVisible=true, mInsetsRoundedCornerFrame=false}, InsetsSource: {mType=ITYPE_TOP_DISPLAY_CUTOUT, mFrame=[0,0][1440,100], mVisible=true, mInsetsRoundedCornerFrame=false}, InsetsSource: {mType=ITYPE_RIGHT_DISPLAY_CUTOUT, mFrame=[100000,0][1440,3088], mVisible=true, mInsetsRoundedCornerFrame=false}, InsetsSource: {mType=ITYPE_BOTTOM_DISPLAY_CUTOUT, mFrame=[0,100000][1440,3088], mVisible=true, mInsetsRoundedCornerFrame=false}, InsetsSource: {mType=ITYPE_TOP_TAPPABLE_ELEMENT, mFrame=[0,0][1440,100], mVisible=true, mInsetsRoundedCornerFrame=false}, InsetsSource: {mType=ITYPE_BOTTOM_TAPPABLE_ELEMENT, mFrame=[0,0][0,0], mVisible=true, mInsetsRoundedCornerFrame=false}, InsetsSource: {mType=ITYPE_IME, mFrame=[0,0][0,0], mVisibleFrame=[0,3088][1440,3088], mVisible=false, mInsetsRoundedCornerFrame=false} } host=com.example.dogglers/androidx.test.core.app.InstrumentationActivityInvoker$EmptyActivity from=android.view.ViewRootImpl.relayoutWindow:9802
09-25 13:19:20.941  5639  5639 I ViewRootImpl@f7d045d[InstrumentationActivityInvoker$EmptyActivity]: updateBlastSurfaceIfNeeded mBlastBufferQueue=null isSameSurfaceControl=false
09-25 13:19:20.941  5639  5639 I BLASTBufferQueue: new BLASTBufferQueue, mName= ViewRootImpl@f7d045d[InstrumentationActivityInvoker$EmptyActivity] mNativeObject= 0xb4000077a1041880 sc.mNativeObject= 0xb4000077b1d44dc0 caller= android.view.ViewRootImpl.updateBlastSurfaceIfNeeded:2909 android.view.ViewRootImpl.relayoutWindow:9847 android.view.ViewRootImpl.performTraversals:3884 android.view.ViewRootImpl.doTraversal:3116 android.view.ViewRootImpl$TraversalRunnable.run:10885 android.view.Choreographer$CallbackRecord.run:1301 android.view.Choreographer$CallbackRecord.run:1309 android.view.Choreographer.doCallbacks:923 android.view.Choreographer.doFrame:852 android.view.Choreographer$FrameDisplayEventReceiver.run:1283
09-25 13:19:20.941  5639  5639 I BLASTBufferQueue: update, w= 1440 h= 3088 mName = ViewRootImpl@f7d045d[InstrumentationActivityInvoker$EmptyActivity] mNativeObject= 0xb4000077a1041880 sc.mNativeObject= 0xb4000077b1d44dc0 format= -1 caller= android.graphics.BLASTBufferQueue.<init>:84 android.view.ViewRootImpl.updateBlastSurfaceIfNeeded:2909 android.view.ViewRootImpl.relayoutWindow:9847 android.view.ViewRootImpl.performTraversals:3884 android.view.ViewRootImpl.doTraversal:3116 android.view.ViewRootImpl$TraversalRunnable.run:10885
09-25 13:19:20.941  5639  5639 I ViewRootImpl@f7d045d[InstrumentationActivityInvoker$EmptyActivity]: Relayout returned: old=(0,0,1440,3088) new=(0,0,1440,3088) req=(1440,3088)0 dur=6 res=0x3 s={true 0xb40000773467b800} ch=true seqId=0
09-25 13:19:20.941  5639  5639 I ViewRootImpl@f7d045d[InstrumentationActivityInvoker$EmptyActivity]: performConfigurationChange setNightDimText nightDimLevel=0
09-25 13:19:20.942  5639  5639 I ViewRootImpl@f7d045d[InstrumentationActivityInvoker$EmptyActivity]: mThreadedRenderer.initialize() mSurface={isValid=true 0xb40000773467b800} hwInitialized=true
09-25 13:19:20.942  5639  5729 D OpenGLRenderer: eglCreateWindowSurface
09-25 13:19:20.943  5639  5639 I ViewRootImpl@f7d045d[InstrumentationActivityInvoker$EmptyActivity]: reportNextDraw android.view.ViewRootImpl.performTraversals:4438 android.view.ViewRootImpl.doTraversal:3116 android.view.ViewRootImpl$TraversalRunnable.run:10885 android.view.Choreographer$CallbackRecord.run:1301 android.view.Choreographer$CallbackRecord.run:1309
09-25 13:19:20.943  5639  5639 I ViewRootImpl@f7d045d[InstrumentationActivityInvoker$EmptyActivity]: Setup new sync id=0
09-25 13:19:20.943  5639  5639 I ViewRootImpl@f7d045d[InstrumentationActivityInvoker$EmptyActivity]: Setting syncFrameCallback
09-25 13:19:20.943  5639  5639 I ViewRootImpl@f7d045d[InstrumentationActivityInvoker$EmptyActivity]: registerCallbacksForSync syncBuffer=false
09-25 13:19:20.943  5639  5771 I ViewRootImpl@f7d045d[InstrumentationActivityInvoker$EmptyActivity]: Received frameDrawingCallback syncResult=0 frameNum=1.
09-25 13:19:20.944  5639  5771 I ViewRootImpl@f7d045d[InstrumentationActivityInvoker$EmptyActivity]: Setting up sync and frameCommitCallback
09-25 13:19:20.944  5639  5729 I BLASTBufferQueue: [ViewRootImpl@f7d045d[InstrumentationActivityInvoker$EmptyActivity]#13](f:0,a:0) onFrameAvailable the first frame is available
09-25 13:19:20.944  5639  5729 I ViewRootImpl@f7d045d[InstrumentationActivityInvoker$EmptyActivity]: Received frameCommittedCallback lastAttemptedDrawFrameNum=1 didProduceBuffer=true
09-25 13:19:20.945  5639  5729 D OpenGLRenderer: CFMS:: SetUp Pid : 5639    Tid : 5729
09-25 13:19:20.946  1914  1914 I Layer   : id=162081 removedFromDrawingState Surface(name=4eb27f5 StatusBar)/@0x43fa543 - animation-leash of insets_animation#162081 (350)
09-25 13:19:20.946  1914  1914 I Layer   : id=162082 removedFromDrawingState Surface(name=d110b4c NavigationBar0)/@0x8bdb781 - animation-leash of insets_animation#162082 (350)
09-25 13:19:20.946  1914  1914 I SurfaceFlinger: [f9463da com.example.dogglers/androidx.test.core.app.InstrumentationActivityInvoker$EmptyActivity#162096] FrameRatePriority: 1
09-25 13:19:20.948  3108  4606 D InputDispatcher: Focus request (0): f9463da com.example.dogglers/androidx.test.core.app.InstrumentationActivityInvoker$EmptyActivity but waiting because NO_WINDOW
09-25 13:19:20.948  5639  5639 I ViewRootImpl@f7d045d[InstrumentationActivityInvoker$EmptyActivity]: onSyncComplete
09-25 13:19:20.949  5639  5639 I ViewRootImpl@f7d045d[InstrumentationActivityInvoker$EmptyActivity]: setupSync seqId=0 mSyncId=0 fn=1 caller=android.view.ViewRootImpl$$ExternalSyntheticLambda11.accept:6 android.window.SurfaceSyncer.lambda$setupSync$1$android-window-SurfaceSyncer:128 android.window.SurfaceSyncer$$ExternalSyntheticLambda1.accept:8 android.window.SurfaceSyncer$SyncSet.checkIfSyncIsComplete:382 android.window.SurfaceSyncer$SyncSet.markSyncReady:359 android.window.SurfaceSyncer.markSyncReady:151 android.view.ViewRootImpl.performTraversals:4503
09-25 13:19:20.949  5639  5639 I ViewRootImpl@f7d045d[InstrumentationActivityInvoker$EmptyActivity]: reportDrawFinished seqId=0 mSyncId=-1 fn=1 mSurfaceChangedTransaction=0xb4000077b1dbbd00
09-25 13:19:20.949  5639  5639 I ViewRootImpl@b92b98b[VerticalListActivity]: MSG_WINDOW_FOCUS_CHANGED 0 0
09-25 13:19:20.950  1914  2140 I SurfaceFlinger: id=162082 Removed Surface(name=d110b4c NavigationBar0)/@0x8bdb781 - animation-leash of insets_animation#162082 (350)
09-25 13:19:20.950  1914  2140 I SurfaceFlinger: id=162081 Removed Surface(name=4eb27f5 StatusBar)/@0x43fa543 - animation-leash of insets_animation#162081 (350)
09-25 13:19:20.951  3108  3227 I ActivityTaskManager: Displayed com.example.dogglers/androidx.test.core.app.InstrumentationActivityInvoker$EmptyActivity: +48ms
09-25 13:19:20.952  5759  5759 E pageboostd: Received HALT command code 2
09-25 13:19:20.952  1914  2140 I SurfaceFlinger: id=162100 createSurf, flag=80000, e2ba4a0 ActivityRecordInputSink com.example.dogglers/androidx.test.core.app.InstrumentationActivityInvoker$EmptyActivity#162100
09-25 13:19:20.954  1914  1914 I Layer   : id=162081 Destroyed Surface(name=4eb27f5 StatusBar)/@0x43fa543 - animation-leash of insets_animation#162081
09-25 13:19:20.954  1914  1914 I Layer   : id=162082 Destroyed Surface(name=d110b4c NavigationBar0)/@0x8bdb781 - animation-leash of insets_animation#162082
09-25 13:19:20.956  3108  3231 I SemDvfsHyPerManager: acquire hyper - AMS_RESUME_TAIL/3108@20, type = -999
09-25 13:19:20.956  3108  3231 I SemDvfsHyPerManager: acquire hyper - AMS_ACT_LAZY/3108@21, type = -999
09-25 13:19:20.957  1809  1855 I HYPER-HAL: [RequestManager.cpp]acquire(): Acquired ID : 4893776  [3108 / 20]    HINT : AMS_RESUME_TAIL    list :
09-25 13:19:20.957  1809  1855 I HYPER-HAL: [RequestManager.cpp]acquire(): Acquired ID : 4896906  [3108 / 21]    HINT : AMS_ACT_LAZY    list :
09-25 13:19:20.958  5639  5639 I ViewRootImpl@6db32b7[MainActivity]: stopped(true) old = false
09-25 13:19:20.958  5639  5639 I ViewRootImpl@6db32b7[MainActivity]: WindowStopped on com.example.dogglers/com.example.dogglers.MainActivity set to true
09-25 13:19:20.958  5639  5639 D LifecycleMonitor: Lifecycle status change: com.example.dogglers.MainActivity@6cb3d5d in: STOPPED
09-25 13:19:20.958  5639  5639 V ActivityScenario: Update currentActivityStage to STOPPED, currentActivity=com.example.dogglers.MainActivity@6cb3d5d
09-25 13:19:20.959  5639  5639 I MSHandlerLifeCycle: removeMultiSplitHandler: no exist. decor=DecorView@eb76f06[MainActivity]
09-25 13:19:20.959  5639  5639 D LifecycleMonitor: Lifecycle status change: com.example.dogglers.MainActivity@6cb3d5d in: DESTROYED
09-25 13:19:20.959  5639  5639 V ActivityScenario: Update currentActivityStage to DESTROYED, currentActivity=null
09-25 13:19:20.959  1809  1855 I HYPER-HAL: [RequestManager.cpp]releaseLocked(): Released ID : 4887519
09-25 13:19:20.961  5639  5639 I MSHandlerLifeCycle: removeMultiSplitHandler: no exist. decor=DecorView@eb76f06[MainActivity]
09-25 13:19:20.961  5639  5729 D OpenGLRenderer: setSurface called with nullptr
09-25 13:19:20.962  5639  5639 I ViewRootImpl@6db32b7[MainActivity]: dispatchDetachedFromWindow
09-25 13:19:20.962  3108  6472 D InputTransport: Input channel destroyed: 'da639dc', fd=1309
09-25 13:19:20.962  3108  6472 W InputManager-JNI: Input channel object 'da639dc com.example.dogglers/com.example.dogglers.MainActivity (client)' was disposed without first being removed with the input manager!
09-25 13:19:20.962  3108  6472 D InputTransport: Input channel destroyed: 'da639dc', fd=1311
09-25 13:19:20.963  5639  5639 D InputTransport: Input channel destroyed: 'da639dc', fd=108
09-25 13:19:20.963  3108  3230 I ChimeraSystemEventListener: appLaunchIntent package name is: com.example.dogglers
09-25 13:19:20.963  1914  1914 I Layer   : id=162085 removedFromDrawingState DimAnimationLayer for ActivityRecord{1a27a5b u0 com.example.dogglers/.VerticalListActivity} t7108}#162085 (349)
09-25 13:19:20.963  1914  1914 I Layer   : Layer [com.example.dogglers/androidx.test.core.app.InstrumentationActivityInvoker$EmptyActivity$_5639#162097] hidden!! flag(0)
09-25 13:19:20.963  1914  1914 I SurfaceFlinger: id=162085 Removed DimAnimationLayer for ActivityRecord{1a27a5b u0 com.example.dogglers/.VerticalListActivity} t7108}#162085 (349)
09-25 13:19:20.964  1914  1914 I Layer   : id=162085 Destroyed DimAnimationLayer for ActivityRecord{1a27a5b u0 com.example.dogglers/.VerticalListActivity} t7108}#162085
09-25 13:19:20.964  3108  6456 I SemDvfsHyPerManager: acquire hyper - AMS_ACT_START/3108@18, type = -999
09-25 13:19:20.964  3108  6472 D InputDispatcher: Focus entered window (0): f9463da com.example.dogglers/androidx.test.core.app.InstrumentationActivityInvoker$EmptyActivity
09-25 13:19:20.964  1809  1855 I HYPER-HAL: [RequestManager.cpp]acquire(): Acquired ID : 4887519  [3108 / 18]    HINT : AMS_ACT_START    list :
09-25 13:19:20.965  1914  2139 I SurfaceFlinger: id=162101 createSurf, flag=80004, ActivityRecord{e173f2c u0 com.example.dogglers/androidx.test.core.app.InstrumentationActivityInvoker$EmptyActivity} t7108}#162101
09-25 13:19:20.965  1914  1914 D SurfaceFlinger: Display 4630947093241269891 HWC layers:
09-25 13:19:20.965  1914  1914 D SurfaceFlinger:      DEVICE | 0xb400007af6c11500 | 0102 | RGBA_8888    |    0.0    0.0 1440.0 3088.0 |    0    0 1440 3088 | com.example.dogglers/androidx.test.c[...]tyInvoker$EmptyActivity$_5639#162097
09-25 13:19:20.965  1914  1914 D SurfaceFlinger:      DEVICE | 0xb400007af6c14880 | 0100 | RGBA_8888    |    0.0    0.0 1440.0  100.0 |    0    0 1440  100 | StatusBar$_4768#95
09-25 13:19:20.965  1914  1914 D SurfaceFlinger:      DEVICE | 0xb400007af8705400 | 0100 | RGBA_8888    |    0.0    0.0   67.0  589.0 |    0  562   67 1151 | com.samsung.android.app.cocktailbars[...]vice.CocktailBarService$_8423#156853
09-25 13:19:20.965  1914  1914 D SurfaceFlinger:      DEVICE | 0xb400007af8705500 | 0100 | RGBA_8888    |    0.0    0.0  518.0   48.0 |  922 3040 1440 3088 | SGestureOverlayWindow$_5369#156268
09-25 13:19:20.965  1914  1914 D SurfaceFlinger:      DEVICE | 0xb400007af6c15880 | 0100 | RGBA_8888    |    0.0    0.0 1440.0  168.0 |    0 2920 1440 3088 | NavigationBar0$_4768#92
09-25 13:19:20.965  1914  1914 D SurfaceFlinger:
09-25 13:19:20.970  5759  5759 E pageboostd: Received HALT command code 2
09-25 13:19:20.972 21794 21794 I dnan    : onPause
09-25 13:19:20.973  5639  5639 D LifecycleMonitor: Lifecycle status change: androidx.test.core.app.InstrumentationActivityInvoker$EmptyActivity@ef6692b in: PAUSED
09-25 13:19:20.973  5639  5639 V ActivityScenario: Activity lifecycle changed event received but ignored because the intent does not match. startActivityIntent=Intent { act=android.intent.action.MAIN cat=[android.intent.category.LAUNCHER] cmp=com.example.dogglers/.MainActivity }, activity.getIntent()=Intent { act=android.intent.action.MAIN cat=[android.intent.category.LAUNCHER] flg=0x10000000 cmp=com.example.dogglers/androidx.test.core.app.InstrumentationActivityInvoker$EmptyActivity }, activity=androidx.test.core.app.InstrumentationActivityInvoker$EmptyActivity@ef6692b
09-25 13:19:20.974 21756 21756 I gmxl    : (REDACTED) received broadcast: %s
09-25 13:19:20.974 21756 22352 I gmxo    : (REDACTED) received broadcast: %s
09-25 13:19:20.974 21756 22352 I gmsg    : (REDACTED) #onConfigUpdate. requester: %s
09-25 13:19:20.974 21756 22352 I gmsg    : #onConfigUpdate inside sequencer
09-25 13:19:20.974 21756 22352 I gmpa    : (REDACTED) Voice Match (Speaker-id) supported : %b
09-25 13:19:20.974 21756 22352 I gmpa    : (REDACTED) hotword enrollment state is enrolled:  %b, speakerId model exist: %b. Voice Match supported : %b
09-25 13:19:20.974 21756 22352 I gmpa    : (REDACTED) isHotwordAvailable():  %b, isHotwordEnabled() %b
09-25 13:19:20.974 21756 22352 I gmpa    : (REDACTED) isHotwordAvailable():  %b, isHotwordEnabled() %b
09-25 13:19:20.974 21756 22352 I gmpa    : (REDACTED) Hotword enrollment state : %s.
09-25 13:19:20.974 21756 22352 I gmpa    : (REDACTED) Voice Match (Speaker-id) supported : %b
09-25 13:19:20.974 21756 22352 I gmpa    : (REDACTED) Voice Match (Speaker-id) supported : %b
09-25 13:19:20.975 21756 22352 I gmpa    : (REDACTED) hotword enrollment state is enrolled:  %b, speakerId model exist: %b, voice match supported : %b
09-25 13:19:20.975 21756 22352 I gmpa    : (REDACTED) Hotword isNonVoiceMatchHotwordEnabled: %b, isHotwordAvailable : %b, isHotwordEnabled : %b, isVoiceMatchSupported: %b, isHotwordEnrolled: %b.
09-25 13:19:20.975 21756 22352 I gmsg    : (REDACTED) Ignore the legacy hotword request. voice match enabled %b, isHotwordSupported %b, isIncompleteEnrollmentState %b, nonVoiceMatchHotwordEnabled %b
09-25 13:19:20.975  3108  8626 D InputDispatcher: Focused application(0): ActivityRecord{e173f2c u0 com.example.dogglers/androidx.test.core.app.InstrumentationActivityInvoker$EmptyActivity} t7108}
