09-25 13:19:31.001  1914  2139 I SurfaceFlinger: id=162491 Removed Surface(name=WallpaperWindowToken{6241e01 token=android.os.Binder@ab19d0b})/@0xf3e0a44 - animation-leash of window_animation#162491 (348)
09-25 13:19:31.001  5369  5401 W System  : A resource failed to call release.
09-25 13:19:31.001  1914  2139 I SurfaceFlinger: id=162489 Removed Surface(name=Task=7118)/@0xa6cc912 - animation-leash of app_transition#162489 (348)
09-25 13:19:31.001  1914  2139 I SurfaceFlinger: id=162490 Removed Surface(name=Task=1)/@0xeddbc98 - animation-leash of app_transition#162490 (348)
09-25 13:19:31.006  1914  1914 I Layer   : id=162533 Destroyed Surface(name=WallpaperWindowToken{6241e01 token=android.os.Binder@ab19d0b})/@0xf3e0a44 - animation-leash of window_animation#162533
09-25 13:19:31.006  1914  1914 I Layer   : id=162490 Destroyed Surface(name=Task=1)/@0xeddbc98 - animation-leash of app_transition#162490
09-25 13:19:31.006  1914  1914 I Layer   : id=162491 Destroyed Surface(name=WallpaperWindowToken{6241e01 token=android.os.Binder@ab19d0b})/@0xf3e0a44 - animation-leash of window_animation#162491
09-25 13:19:31.006  1914  1914 I Layer   : id=162489 Destroyed Surface(name=Task=7118)/@0xa6cc912 - animation-leash of app_transition#162489
09-25 13:19:31.006  1914  1914 I Layer   : id=162531 Destroyed Surface(name=Task=7119)/@0xb481c38 - animation-leash of app_transition#162531
09-25 13:19:31.006  1914  1914 I Layer   : id=162532 Destroyed Surface(name=Task=1)/@0xeddbc98 - animation-leash of app_transition#162532
09-25 13:19:31.006  5369  5369 I Launcher.AppsViewCellLayout: com.android.homescreen.apptray.AppsViewCellLayout{118f2a4 V.ED..... ........ 15341,100-16679,2951}[a=1.0,v=0,sId=11] setAlpha : 1.0
09-25 13:19:31.008  5369  5583 I ViewRootImpl@7533534[LauncherActivity]: mWNT: t=0xb4000077b0b66f00 mBlastBufferQueue=0xb400007720986880 fn= 52 caller= com.android.systemui.shared.launcher.ViewRootImplCompat.mergeWithNextTransaction:2 com.android.quickstep.util.SurfaceTransactionApplier.lambda$scheduleApply$0:2 com.android.quickstep.util.SurfaceTransactionApplier.b:0
09-25 13:19:31.014  5369  5369 I Launcher.AppsViewCellLayout: com.android.homescreen.apptray.AppsViewCellLayout{118f2a4 V.ED..... ........ 15341,100-16679,2951}[a=1.0,v=0,sId=11] setAlpha : 1.0
09-25 13:19:31.015  5369  5584 I ViewRootImpl@7533534[LauncherActivity]: mWNT: t=0xb400007737b26400 mBlastBufferQueue=0xb400007720986880 fn= 53 caller= com.android.systemui.shared.launcher.ViewRootImplCompat.mergeWithNextTransaction:2 com.android.quickstep.util.SurfaceTransactionApplier.lambda$scheduleApply$0:2 com.android.quickstep.util.SurfaceTransactionApplier.b:0
09-25 13:19:31.018  5369  8863 I RecentModel: onTaskStackChangedBackground
09-25 13:19:31.019  8328  8651 I SemDvfsHyPerManager: acquire hyper - TABaseBoost/8328@24, type = 1090523139
09-25 13:19:31.019  1809  1855 I HYPER-HAL: [RequestManager.cpp]acquire(): Acquired ID : 34882152  [8328 / 24]    HINT :      list : [TABoost / 1]
09-25 13:19:31.021  8130  9622 I [AirCmd]_ActivitySwitchDetector: onTaskStackChanged : componentName - ComponentInfo{com.sec.android.app.launcher/com.android.launcher3.uioverrides.QuickstepLauncher}
09-25 13:19:31.021  8130  9622 I [AirCmd]_ActivitySwitchDetector: onTaskStackChanged : mTopMostActivity - ComponentInfo{com.sec.android.app.launcher/com.android.launcher3.uioverrides.QuickstepLauncher}
09-25 13:19:31.021  5369  5741 I RecentTasksList: loadTasksInBackground : groupTask = GroupTask{task1=[id=6869 windowingMode=1 user=0 lastActiveTime=1366856278] null, task2=null, task3=null, mStagedSplitBounds=null}
09-25 13:19:31.021  5369  5741 I RecentTasksList: loadTasksInBackground : groupTask = GroupTask{task1=[id=6898 windowingMode=1 user=0 lastActiveTime=1367009547] null, task2=null, task3=null, mStagedSplitBounds=null}
09-25 13:19:31.021  5369  5741 I RecentTasksList: loadTasksInBackground : groupTask = GroupTask{task1=[id=7120 windowingMode=1 user=0 lastActiveTime=1370097067] null, task2=null, task3=null, mStagedSplitBounds=null}
09-25 13:19:31.022  5369  5369 I TaskThumbnailCache: handleResult: taskId = 7120, taskThumbnail = android.graphics.Bitmap@32758ae
09-25 13:19:31.023  5369  5369 I Launcher.AppsViewCellLayout: com.android.homescreen.apptray.AppsViewCellLayout{118f2a4 V.ED..... ........ 15341,100-16679,2951}[a=1.0,v=0,sId=11] setAlpha : 1.0
09-25 13:19:31.023  5369  5583 I ViewRootImpl@7533534[LauncherActivity]: mWNT: t=0xb400007737b93200 mBlastBufferQueue=0xb400007720986880 fn= 54 caller= com.android.systemui.shared.launcher.ViewRootImplCompat.mergeWithNextTransaction:2 com.android.quickstep.util.SurfaceTransactionApplier.lambda$scheduleApply$0:2 com.android.quickstep.util.SurfaceTransactionApplier.b:0
09-25 13:19:31.031  5369  5369 I Launcher.AppsViewCellLayout: com.android.homescreen.apptray.AppsViewCellLayout{118f2a4 V.ED..... ........ 15341,100-16679,2951}[a=1.0,v=0,sId=11] setAlpha : 1.0
09-25 13:19:31.032  5369  5584 I ViewRootImpl@7533534[LauncherActivity]: mWNT: t=0xb4000077be95d900 mBlastBufferQueue=0xb400007720986880 fn= 55 caller= com.android.systemui.shared.launcher.ViewRootImplCompat.mergeWithNextTransaction:2 com.android.quickstep.util.SurfaceTransactionApplier.lambda$scheduleApply$0:2 com.android.quickstep.util.SurfaceTransactionApplier.b:0
09-25 13:19:31.039  5369  5369 I Launcher.AppsViewCellLayout: com.android.homescreen.apptray.AppsViewCellLayout{118f2a4 V.ED..... ........ 15341,100-16679,2951}[a=1.0,v=0,sId=11] setAlpha : 1.0
09-25 13:19:31.040  5369  5583 I ViewRootImpl@7533534[LauncherActivity]: mWNT: t=0xb4000077be9b1600 mBlastBufferQueue=0xb400007720986880 fn= 56 caller= com.android.systemui.shared.launcher.ViewRootImplCompat.mergeWithNextTransaction:2 com.android.quickstep.util.SurfaceTransactionApplier.lambda$scheduleApply$0:2 com.android.quickstep.util.SurfaceTransactionApplier.b:0
09-25 13:19:31.048  5369  5369 I Launcher.AppsViewCellLayout: com.android.homescreen.apptray.AppsViewCellLayout{118f2a4 V.ED..... ........ 15341,100-16679,2951}[a=1.0,v=0,sId=11] setAlpha : 1.0
09-25 13:19:31.050  5369  5584 I ViewRootImpl@7533534[LauncherActivity]: mWNT: t=0xb4000077be9b2100 mBlastBufferQueue=0xb400007720986880 fn= 57 caller= com.android.systemui.shared.launcher.ViewRootImplCompat.mergeWithNextTransaction:2 com.android.quickstep.util.SurfaceTransactionApplier.lambda$scheduleApply$0:2 com.android.quickstep.util.SurfaceTransactionApplier.b:0
09-25 13:19:31.056  5369  5369 I Launcher.AppsViewCellLayout: com.android.homescreen.apptray.AppsViewCellLayout{118f2a4 V.ED..... ........ 15341,100-16679,2951}[a=1.0,v=0,sId=11] setAlpha : 1.0
09-25 13:19:31.057  5369  5583 I ViewRootImpl@7533534[LauncherActivity]: mWNT: t=0xb4000077be9b2200 mBlastBufferQueue=0xb400007720986880 fn= 58 caller= com.android.systemui.shared.launcher.ViewRootImplCompat.mergeWithNextTransaction:2 com.android.quickstep.util.SurfaceTransactionApplier.lambda$scheduleApply$0:2 com.android.quickstep.util.SurfaceTransactionApplier.b:0
09-25 13:19:31.065  5369  5369 I Launcher.AppsViewCellLayout: com.android.homescreen.apptray.AppsViewCellLayout{118f2a4 V.ED..... ........ 15341,100-16679,2951}[a=1.0,v=0,sId=11] setAlpha : 1.0
09-25 13:19:31.066  5369  5584 I ViewRootImpl@7533534[LauncherActivity]: mWNT: t=0xb4000077be9b2300 mBlastBufferQueue=0xb400007720986880 fn= 59 caller= com.android.systemui.shared.launcher.ViewRootImplCompat.mergeWithNextTransaction:2 com.android.quickstep.util.SurfaceTransactionApplier.lambda$scheduleApply$0:2 com.android.quickstep.util.SurfaceTransactionApplier.b:0
09-25 13:19:31.073  5369  5369 I Launcher.AppsViewCellLayout: com.android.homescreen.apptray.AppsViewCellLayout{118f2a4 V.ED..... ........ 15341,100-16679,2951}[a=1.0,v=0,sId=11] setAlpha : 1.0
09-25 13:19:31.074  5369  5583 I ViewRootImpl@7533534[LauncherActivity]: mWNT: t=0xb4000077be9b2400 mBlastBufferQueue=0xb400007720986880 fn= 60 caller= com.android.systemui.shared.launcher.ViewRootImplCompat.mergeWithNextTransaction:2 com.android.quickstep.util.SurfaceTransactionApplier.lambda$scheduleApply$0:2 com.android.quickstep.util.SurfaceTransactionApplier.b:0
09-25 13:19:31.081  5369  5369 I Launcher.AppsViewCellLayout: com.android.homescreen.apptray.AppsViewCellLayout{118f2a4 V.ED..... ........ 15341,100-16679,2951}[a=1.0,v=0,sId=11] setAlpha : 1.0
09-25 13:19:31.083  5369  5584 I ViewRootImpl@7533534[LauncherActivity]: mWNT: t=0xb4000077be9b2b00 mBlastBufferQueue=0xb400007720986880 fn= 61 caller= com.android.systemui.shared.launcher.ViewRootImplCompat.mergeWithNextTransaction:2 com.android.quickstep.util.SurfaceTransactionApplier.lambda$scheduleApply$0:2 com.android.quickstep.util.SurfaceTransactionApplier.b:0
09-25 13:19:31.090  5369  5369 I Launcher.AppsViewCellLayout: com.android.homescreen.apptray.AppsViewCellLayout{118f2a4 V.ED..... ........ 15341,100-16679,2951}[a=1.0,v=0,sId=11] setAlpha : 1.0
09-25 13:19:31.091  5369  5583 I ViewRootImpl@7533534[LauncherActivity]: mWNT: t=0xb4000077be9b2d00 mBlastBufferQueue=0xb400007720986880 fn= 62 caller= com.android.systemui.shared.launcher.ViewRootImplCompat.mergeWithNextTransaction:2 com.android.quickstep.util.SurfaceTransactionApplier.lambda$scheduleApply$0:2 com.android.quickstep.util.SurfaceTransactionApplier.b:0
09-25 13:19:31.098  5369  5369 I Launcher.AppsViewCellLayout: com.android.homescreen.apptray.AppsViewCellLayout{118f2a4 V.ED..... ........ 15341,100-16679,2951}[a=1.0,v=0,sId=11] setAlpha : 1.0
09-25 13:19:31.098  5369  5369 I AppsSearchBar: mCurrentCellLayouts onAnimationEnd
09-25 13:19:31.098  5369  5369 I Launcher.AppsViewCellLayout: com.android.homescreen.apptray.AppsViewCellLayout{118f2a4 V.ED..... ........ 15341,100-16679,2951}[a=1.0,v=0,sId=11] setAlpha : 1.0
09-25 13:19:31.100  5369  5584 I ViewRootImpl@7533534[LauncherActivity]: mWNT: t=0xb4000077be9b2e00 mBlastBufferQueue=0xb400007720986880 fn= 63 caller= com.android.systemui.shared.launcher.ViewRootImplCompat.mergeWithNextTransaction:2 com.android.quickstep.util.SurfaceTransactionApplier.lambda$scheduleApply$0:2 com.android.quickstep.util.SurfaceTransactionApplier.b:0
09-25 13:19:31.108  5369  5583 I ViewRootImpl@7533534[LauncherActivity]: mWNT: t=0xb4000077be9b2f00 mBlastBufferQueue=0xb400007720986880 fn= 64 caller= com.android.systemui.shared.launcher.ViewRootImplCompat.mergeWithNextTransaction:2 com.android.quickstep.util.SurfaceTransactionApplier.lambda$scheduleApply$0:2 com.android.quickstep.util.SurfaceTransactionApplier.b:0
09-25 13:19:31.115  5369  5584 I ViewRootImpl@7533534[LauncherActivity]: mWNT: t=0xb4000077be9b4300 mBlastBufferQueue=0xb400007720986880 fn= 65 caller= com.android.systemui.shared.launcher.ViewRootImplCompat.mergeWithNextTransaction:2 com.android.quickstep.util.SurfaceTransactionApplier.lambda$scheduleApply$0:2 com.android.quickstep.util.SurfaceTransactionApplier.b:0
09-25 13:19:31.124  5369  5583 I ViewRootImpl@7533534[LauncherActivity]: mWNT: t=0xb4000077be9b4d00 mBlastBufferQueue=0xb400007720986880 fn= 66 caller= com.android.systemui.shared.launcher.ViewRootImplCompat.mergeWithNextTransaction:2 com.android.quickstep.util.SurfaceTransactionApplier.lambda$scheduleApply$0:2 com.android.quickstep.util.SurfaceTransactionApplier.b:0
09-25 13:19:31.133  5369  5584 I ViewRootImpl@7533534[LauncherActivity]: mWNT: t=0xb4000077bead3100 mBlastBufferQueue=0xb400007720986880 fn= 67 caller= com.android.systemui.shared.launcher.ViewRootImplCompat.mergeWithNextTransaction:2 com.android.quickstep.util.SurfaceTransactionApplier.lambda$scheduleApply$0:2 com.android.quickstep.util.SurfaceTransactionApplier.b:0
09-25 13:19:31.141  5369  5583 I ViewRootImpl@7533534[LauncherActivity]: mWNT: t=0xb4000077bead3400 mBlastBufferQueue=0xb400007720986880 fn= 68 caller= com.android.systemui.shared.launcher.ViewRootImplCompat.mergeWithNextTransaction:2 com.android.quickstep.util.SurfaceTransactionApplier.lambda$scheduleApply$0:2 com.android.quickstep.util.SurfaceTransactionApplier.b:0
09-25 13:19:31.149  5369  5584 I ViewRootImpl@7533534[LauncherActivity]: mWNT: t=0xb4000077bead3600 mBlastBufferQueue=0xb400007720986880 fn= 69 caller= com.android.systemui.shared.launcher.ViewRootImplCompat.mergeWithNextTransaction:2 com.android.quickstep.util.SurfaceTransactionApplier.lambda$scheduleApply$0:2 com.android.quickstep.util.SurfaceTransactionApplier.b:0
09-25 13:19:31.157  5369  5583 I ViewRootImpl@7533534[LauncherActivity]: mWNT: t=0xb4000077bead3900 mBlastBufferQueue=0xb400007720986880 fn= 70 caller= com.android.systemui.shared.launcher.ViewRootImplCompat.mergeWithNextTransaction:2 com.android.quickstep.util.SurfaceTransactionApplier.lambda$scheduleApply$0:2 com.android.quickstep.util.SurfaceTransactionApplier.b:0
09-25 13:19:31.166  5369  5584 I ViewRootImpl@7533534[LauncherActivity]: mWNT: t=0xb4000077bead3b00 mBlastBufferQueue=0xb400007720986880 fn= 71 caller= com.android.systemui.shared.launcher.ViewRootImplCompat.mergeWithNextTransaction:2 com.android.quickstep.util.SurfaceTransactionApplier.lambda$scheduleApply$0:2 com.android.quickstep.util.SurfaceTransactionApplier.b:0
09-25 13:19:31.174  5369  5583 I ViewRootImpl@7533534[LauncherActivity]: mWNT: t=0xb4000077bead3d00 mBlastBufferQueue=0xb400007720986880 fn= 72 caller= com.android.systemui.shared.launcher.ViewRootImplCompat.mergeWithNextTransaction:2 com.android.quickstep.util.SurfaceTransactionApplier.lambda$scheduleApply$0:2 com.android.quickstep.util.SurfaceTransactionApplier.b:0
09-25 13:19:31.178  8423  8423 I Utils   : isCurrentUser current = 0, ownerId = 0
09-25 13:19:31.178  8423  8423 I TrayVisibilityController: getComputedTrayVisible : keyguardState = 1
09-25 13:19:31.178  8423  8423 I TrayVisibilityController: updateTrayVisible: State=1 visible=1 mCurrentVisible=1 specificMode=0
09-25 13:19:31.178  8423  8423 I TrayStateController: onNotifyUpdateTray: state=0
09-25 13:19:31.183  5369  5584 I ViewRootImpl@7533534[LauncherActivity]: mWNT: t=0xb4000077beb55700 mBlastBufferQueue=0xb400007720986880 fn= 73 caller= com.android.systemui.shared.launcher.ViewRootImplCompat.mergeWithNextTransaction:2 com.android.quickstep.util.SurfaceTransactionApplier.lambda$scheduleApply$0:2 com.android.quickstep.util.SurfaceTransactionApplier.b:0
09-25 13:19:31.191  5369  5584 I ViewRootImpl@7533534[LauncherActivity]: mWNT: t=0xb4000077beb55f00 mBlastBufferQueue=0xb400007720986880 fn= 74 caller= com.android.systemui.shared.launcher.ViewRootImplCompat.mergeWithNextTransaction:2 com.android.quickstep.util.SurfaceTransactionApplier.lambda$scheduleApply$0:2 com.android.quickstep.util.SurfaceTransactionApplier.b:0
09-25 13:19:31.200  5369  5584 I ViewRootImpl@7533534[LauncherActivity]: mWNT: t=0xb4000077a0f9b000 mBlastBufferQueue=0xb400007720986880 fn= 75 caller= com.android.systemui.shared.launcher.ViewRootImplCompat.mergeWithNextTransaction:2 com.android.quickstep.util.SurfaceTransactionApplier.lambda$scheduleApply$0:2 com.android.quickstep.util.SurfaceTransactionApplier.b:0
09-25 13:19:31.207  5369  5583 I ViewRootImpl@7533534[LauncherActivity]: mWNT: t=0xb4000077a0f9b100 mBlastBufferQueue=0xb400007720986880 fn= 76 caller= com.android.systemui.shared.launcher.ViewRootImplCompat.mergeWithNextTransaction:2 com.android.quickstep.util.SurfaceTransactionApplier.lambda$scheduleApply$0:2 com.android.quickstep.util.SurfaceTransactionApplier.b:0
09-25 13:19:31.211  1809  6525 I HYPER-HAL: [RequestManager.cpp]releaseLocked(): Released ID : 4893776
09-25 13:19:31.216  5369  5583 I ViewRootImpl@7533534[LauncherActivity]: mWNT: t=0xb4000077a0f9b200 mBlastBufferQueue=0xb400007720986880 fn= 77 caller= com.android.systemui.shared.launcher.ViewRootImplCompat.mergeWithNextTransaction:2 com.android.quickstep.util.SurfaceTransactionApplier.lambda$scheduleApply$0:2 com.android.quickstep.util.SurfaceTransactionApplier.b:0
09-25 13:19:31.224  5369  5584 I ViewRootImpl@7533534[LauncherActivity]: mWNT: t=0xb4000077a0f9b300 mBlastBufferQueue=0xb400007720986880 fn= 78 caller= com.android.systemui.shared.launcher.ViewRootImplCompat.mergeWithNextTransaction:2 com.android.quickstep.util.SurfaceTransactionApplier.lambda$scheduleApply$0:2 com.android.quickstep.util.SurfaceTransactionApplier.b:0
09-25 13:19:31.233  5369  5583 I ViewRootImpl@7533534[LauncherActivity]: mWNT: t=0xb4000077a0f9b400 mBlastBufferQueue=0xb400007720986880 fn= 79 caller= com.android.systemui.shared.launcher.ViewRootImplCompat.mergeWithNextTransaction:2 com.android.quickstep.util.SurfaceTransactionApplier.lambda$scheduleApply$0:2 com.android.quickstep.util.SurfaceTransactionApplier.b:0
09-25 13:19:31.241  5369  5584 I ViewRootImpl@7533534[LauncherActivity]: mWNT: t=0xb4000077a0f9b600 mBlastBufferQueue=0xb400007720986880 fn= 80 caller= com.android.systemui.shared.launcher.ViewRootImplCompat.mergeWithNextTransaction:2 com.android.quickstep.util.SurfaceTransactionApplier.lambda$scheduleApply$0:2 com.android.quickstep.util.SurfaceTransactionApplier.b:0
09-25 13:19:31.249  5369  5583 I ViewRootImpl@7533534[LauncherActivity]: mWNT: t=0xb4000077a0f9b700 mBlastBufferQueue=0xb400007720986880 fn= 81 caller= com.android.systemui.shared.launcher.ViewRootImplCompat.mergeWithNextTransaction:2 com.android.quickstep.util.SurfaceTransactionApplier.lambda$scheduleApply$0:2 com.android.quickstep.util.SurfaceTransactionApplier.b:0
09-25 13:19:31.257  5369  5584 I ViewRootImpl@7533534[LauncherActivity]: mWNT: t=0xb4000077a0f9b800 mBlastBufferQueue=0xb400007720986880 fn= 82 caller= com.android.systemui.shared.launcher.ViewRootImplCompat.mergeWithNextTransaction:2 com.android.quickstep.util.SurfaceTransactionApplier.lambda$scheduleApply$0:2 com.android.quickstep.util.SurfaceTransactionApplier.b:0
09-25 13:19:31.266  5369  5583 I ViewRootImpl@7533534[LauncherActivity]: mWNT: t=0xb4000077a0f9b900 mBlastBufferQueue=0xb400007720986880 fn= 83 caller= com.android.systemui.shared.launcher.ViewRootImplCompat.mergeWithNextTransaction:2 com.android.quickstep.util.SurfaceTransactionApplier.lambda$scheduleApply$0:2 com.android.quickstep.util.SurfaceTransactionApplier.b:0
09-25 13:19:31.274  5369  5584 I ViewRootImpl@7533534[LauncherActivity]: mWNT: t=0xb4000077a0f9ba00 mBlastBufferQueue=0xb400007720986880 fn= 84 caller= com.android.systemui.shared.launcher.ViewRootImplCompat.mergeWithNextTransaction:2 com.android.quickstep.util.SurfaceTransactionApplier.lambda$scheduleApply$0:2 com.android.quickstep.util.SurfaceTransactionApplier.b:0
09-25 13:19:31.279 30203 30456 I ContactsProvider_EventLog: cp_s: [CONTACT con(149) dat(936) acc({google(7)=157}) calls([]) Iso(US) uId(150) ]
09-25 13:19:31.279 30203 30456 I ContactsProvider_EventLog: cp_s: [ agr({[7]=142, [7 ,7]=6, [7 ,7 ,7]=1}) ]
09-25 13:19:31.279 30203 30456 I ContactsProvider_EventLog: cp_s: [ cnt({}) ]
09-25 13:19:31.279 30203 30456 I ContactsProvider_EventLog: cp_s: [PROFILE ] [SAPROFILE ]
09-25 13:19:31.279 30203 30456 I ContactsProvider_EventLog: cp_s: [STATE R(F) ]
09-25 13:19:31.283  5369  5583 I ViewRootImpl@7533534[LauncherActivity]: mWNT: t=0xb4000077a0f9bb00 mBlastBufferQueue=0xb400007720986880 fn= 85 caller= com.android.systemui.shared.launcher.ViewRootImplCompat.mergeWithNextTransaction:2 com.android.quickstep.util.SurfaceTransactionApplier.lambda$scheduleApply$0:2 com.android.quickstep.util.SurfaceTransactionApplier.b:0
09-25 13:19:31.291  5369  5584 I ViewRootImpl@7533534[LauncherActivity]: mWNT: t=0xb4000077a0f9bc00 mBlastBufferQueue=0xb400007720986880 fn= 86 caller= com.android.systemui.shared.launcher.ViewRootImplCompat.mergeWithNextTransaction:2 com.android.quickstep.util.SurfaceTransactionApplier.lambda$scheduleApply$0:2 com.android.quickstep.util.SurfaceTransactionApplier.b:0
09-25 13:19:31.292  1914  1914 D SurfaceFlinger: Display 4630947093241269891 HWC layers:
09-25 13:19:31.292  1914  1914 D SurfaceFlinger:      CLIENT | 0xb400007af6c13480 | 0100 | RGBx_8888    |  592.0    0.0 1628.0 2220.0 |    0    0 1440 3088 | Wallpaper BBQ wrapper#90
09-25 13:19:31.292  1914  1914 D SurfaceFlinger:      CLIENT | 0xb400007af86f9000 | 0100 | RGBA_8888    |    0.0    0.0 1440.0 3088.0 |    0    0 1440 3088 | com.sec.android.app.launcher/com.sec[...]rActivity$_5369#162528 (blurRegions)
09-25 13:19:31.292  1914  1914 D SurfaceFlinger:      DEVICE | 0xb400007af6c14880 | 0100 | RGBA_8888    |    0.0    0.0 1440.0  100.0 |    0    0 1440  100 | StatusBar$_4768#95
09-25 13:19:31.292  1914  1914 D SurfaceFlinger:      DEVICE | 0xb400007af8705400 | 0100 | RGBA_8888    |    0.0    0.0   67.0  589.0 |    0  562   67 1151 | com.samsung.android.app.cocktailbars[...]vice.CocktailBarService$_8423#156853
09-25 13:19:31.292  1914  1914 D SurfaceFlinger:      DEVICE | 0xb400007af8705500 | 0100 | RGBA_8888    |    0.0    0.0  518.0   48.0 |  922 3040 1440 3088 | SGestureOverlayWindow$_5369#156268
09-25 13:19:31.292  1914  1914 D SurfaceFlinger:      DEVICE | 0xb400007af6c15880 | 0100 | RGBA_8888    |    0.0    0.0 1440.0  168.0 |    0 2920 1440 3088 | NavigationBar0$_4768#92
09-25 13:19:31.292  1914  1914 D SurfaceFlinger:
09-25 13:19:31.299  5369  5583 I ViewRootImpl@7533534[LauncherActivity]: mWNT: t=0xb4000077a0f9be00 mBlastBufferQueue=0xb400007720986880 fn= 87 caller= com.android.systemui.shared.launcher.ViewRootImplCompat.mergeWithNextTransaction:2 com.android.quickstep.util.SurfaceTransactionApplier.lambda$scheduleApply$0:2 com.android.quickstep.util.SurfaceTransactionApplier.b:0
09-25 13:19:31.307  5369  5584 I ViewRootImpl@7533534[LauncherActivity]: mWNT: t=0xb4000077a0f9bf00 mBlastBufferQueue=0xb400007720986880 fn= 88 caller= com.android.systemui.shared.launcher.ViewRootImplCompat.mergeWithNextTransaction:2 com.android.quickstep.util.SurfaceTransactionApplier.lambda$scheduleApply$0:2 com.android.quickstep.util.SurfaceTransactionApplier.b:0
09-25 13:19:31.316  5369  5583 I ViewRootImpl@7533534[LauncherActivity]: mWNT: t=0xb4000077a0f9c100 mBlastBufferQueue=0xb400007720986880 fn= 89 caller= com.android.systemui.shared.launcher.ViewRootImplCompat.mergeWithNextTransaction:2 com.android.quickstep.util.SurfaceTransactionApplier.lambda$scheduleApply$0:2 com.android.quickstep.util.SurfaceTransactionApplier.b:0
09-25 13:19:31.322  5759  6544 E pageboostd: prefetch start : app comquizletquizletandroid
09-25 13:19:31.323  5369  5369 W AppTransitionAnimatorImpl: onAnimationEnd - APP OUT, Execution time for each frame : Start-(0)-0-(0)-0-(2)-0-(11)-0-(6)-1-(7)-1-(8)-0-(8)-0-(12)-0-(5)-0-(8)-0-(8)-1-(8)-0-(8)-0-(8)-0-(9)-1-(7)-1-(8)-0-(8)-0-(9)-0-(8)-0-(8)-1-(7)-0-(9)-0-(8)-0-(8)-1-(8)-0-(8)-0-(9)-0-(8)-0-(8)-0-(8)-1-(8)-0-(8)-0-(8)-1-(7)-1-(8)-0-(8)-1-(8)-0-(8)-0-(8)-1-(8)-0-(8)-0-(8)-1-(7)-1-(8)-0-(8)-0-(9)-0-(8)-0-End
09-25 13:19:31.323  5369  5369 I AppTransitionAnimatorImpl: resetContentView
09-25 13:19:31.323  5369  5369 I AnimationResult: AnimationResult finish : onAnimationEnd
09-25 13:19:31.323  5369  5369 I AnimationResult: finish : false, null
09-25 13:19:31.325  5369  5584 I ViewRootImpl@7533534[LauncherActivity]: mWNT: t=0xb4000077a0f9c600 mBlastBufferQueue=0xb400007720986880 fn= 90 caller= com.android.systemui.shared.launcher.ViewRootImplCompat.mergeWithNextTransaction:2 com.android.quickstep.util.SurfaceTransactionApplier.lambda$scheduleApply$0:2 com.android.quickstep.util.SurfaceTransactionApplier.b:0
09-25 13:19:31.325  5369  5369 W Launcher: onEnterAnimationComplete
09-25 13:19:31.326  5369  5741 I AnimationResult: finish callback : null
09-25 13:19:31.326  5639  5639 I ViewRootImpl@5a0dea7[VerticalListActivity]: handleAppVisibility mAppVisible = true visible = false
09-25 13:19:31.331  1914  1914 I Layer   : id=162540 removedFromDrawingState Splash Screen com.example.dogglers$_4768#162540 (342)
09-25 13:19:31.331  1914  1914 I SurfaceFlinger: [c7375dc com.sec.android.app.launcher/com.sec.android.app.launcher.activities.LauncherActivity#176] FrameRatePriority: 1
09-25 13:19:31.331  1914  1914 I Layer   : id=162566 removedFromDrawingState Surface(name=Task=1)/@0xeddbc98 - animation-leash of app_transition#162566 (342)
09-25 13:19:31.331  1914  1914 I Layer   : id=162539 removedFromDrawingState 775b98c Splash Screen com.example.dogglers#162539 (342)
09-25 13:19:31.331  1914  1914 I Layer   : id=162565 removedFromDrawingState Surface(name=Task=7120)/@0xcfd289f - animation-leash of app_transition#162565 (342)
09-25 13:19:31.331  1914  1914 I Layer   : Layer [Splash Screen com.example.dogglers$_4768#162540] hidden!! flag(1)
09-25 13:19:31.331  1914  1914 I Layer   : Layer [com.example.dogglers/com.example.dogglers.VerticalListActivity$_5639#162547] hidden!! flag(1)
09-25 13:19:31.331  1914  1914 I Layer   : Layer [com.example.dogglers/androidx.test.core.app.InstrumentationActivityInvoker$EmptyActivity$_5639#162555] hidden!! flag(1)
09-25 13:19:31.331  1914  1914 I Layer   : Layer [com.example.dogglers/androidx.test.core.app.InstrumentationActivityInvoker$EmptyActivity$_5639#162562] hidden!! flag(1)
09-25 13:19:31.331  1914  1914 I SurfaceFlinger: id=162539 Removed 775b98c Splash Screen com.example.dogglers#162539 (342)
09-25 13:19:31.331  1914  1914 I SurfaceFlinger: id=162540 Removed Splash Screen com.example.dogglers$_4768#162540 (342)
09-25 13:19:31.331  1914  1914 I Layer   : id=162539 Destroyed 775b98c Splash Screen com.example.dogglers#162539
09-25 13:19:31.331  1914  1914 I Layer   : id=162540 Destroyed Splash Screen com.example.dogglers$_4768#162540
09-25 13:19:31.332  5639  5729 D OpenGLRenderer: setSurface called with nullptr
09-25 13:19:31.332  5639  5729 D OpenGLRenderer: setSurface() destroyed EGLSurface
09-25 13:19:31.332  5639  5729 D OpenGLRenderer: destroyEglSurface
09-25 13:19:31.333  5759  6544 E pageboostd: comquizletquizletandroid, amt 103333888 scnt 353 fcnt 42
09-25 13:19:31.333  5759  6544 E pageboostd: prefetch end : app comquizletquizletandroid data_amount 103333888
09-25 13:19:31.334  5639  5639 I ViewRootImpl@5a0dea7[VerticalListActivity]: performTraversals mFirst=false windowShouldResize=false viewVisibilityChanged=true mForceNextWindowRelayout=false params=null
09-25 13:19:31.334  3108  4074 V WindowManager: Relayout Window{d6c5b33 u0 com.example.dogglers/com.example.dogglers.VerticalListActivity}: viewVisibility=8 req=1440x3088 d0
09-25 13:19:31.335  3108  4074 V WindowManager: Relayout hash=d6c5b33, pid=5639, syncId=-1: mAttrs={(0,0)(fillxfill) sim={adjust=resize forwardNavigation} ty=BASE_APPLICATION wanim=0x1030309
09-25 13:19:31.335  3108  4074 V WindowManager:   fl=81810100
09-25 13:19:31.335  3108  4074 V WindowManager:   pfl=12020040
09-25 13:19:31.335  3108  4074 V WindowManager:   bhv=DEFAULT
09-25 13:19:31.335  3108  4074 V WindowManager:   fitSides= naviIconColor=0}
09-25 13:19:31.336  5639  5639 I ViewRootImpl@5a0dea7[VerticalListActivity]: Relayout returned: old=(0,0,1440,3088) new=(0,0,1440,3088) req=(1440,3088)8 dur=2 res=0x2 s={false 0x0} ch=true seqId=0
09-25 13:19:31.337  5639  5639 I ViewRootImpl@edeadb3[InstrumentationActivityInvoker$EmptyActivity]: handleAppVisibility mAppVisible = true visible = false
09-25 13:19:31.337  5639  5639 I ViewRootImpl@edeadb3[InstrumentationActivityInvoker$EmptyActivity]: stopped(true) old = false
09-25 13:19:31.337  5639  5639 I ViewRootImpl@edeadb3[InstrumentationActivityInvoker$EmptyActivity]: WindowStopped on com.example.dogglers/androidx.test.core.app.InstrumentationActivityInvoker$EmptyActivity set to true
09-25 13:19:31.337  6586 25742 I SAMSUNGWALLET: [Hint_ProcessStatusChange] fg Change, pid : 5639 , isNotify : true , isForeground : false , fg list : []
09-25 13:19:31.337  6586 17206 I SAMSUNGWALLET: [Hint_ProcessStatusChange] fg Change, pid : 5639 , isNotify : true , isForeground : false , fg list : []
09-25 13:19:31.337  6586 25742 I SAMSUNGWALLET: [ProcessStatusChange] fg Change, pid : 5639 , isNotify : true , isForeground : false , fg list : []
09-25 13:19:31.337  6586 17206 I SAMSUNGWALLET: [ProcessStatusChange] fg Change, pid : 5639 , isNotify : true , isForeground : false , fg list : []
09-25 13:19:31.338  5639  5639 D LifecycleMonitor: Lifecycle status change: androidx.test.core.app.InstrumentationActivityInvoker$EmptyActivity@c582eb1 in: STOPPED
09-25 13:19:31.338  5639  5639 V ActivityScenario: Activity lifecycle changed event received but ignored because the intent does not match. startActivityIntent=Intent { act=android.intent.action.MAIN cat=[android.intent.category.LAUNCHER] cmp=com.example.dogglers/.VerticalListActivity }, activity.getIntent()=Intent { act=android.intent.action.MAIN cat=[android.intent.category.LAUNCHER] flg=0x10000000 cmp=com.example.dogglers/androidx.test.core.app.InstrumentationActivityInvoker$EmptyActivity }, activity=androidx.test.core.app.InstrumentationActivityInvoker$EmptyActivity@c582eb1
09-25 13:19:31.339  5639  5639 I MSHandlerLifeCycle: removeMultiSplitHandler: no exist. decor=DecorView@142704[InstrumentationActivityInvoker$EmptyActivity]
09-25 13:19:31.339  6586  7522 I SAMSUNGWALLET: [ResetData] getSAResetDialogFlag : false
09-25 13:19:31.339  1914  1914 I Layer   : id=162567 removedFromDrawingState Surface(name=WallpaperWindowToken{6241e01 token=android.os.Binder@ab19d0b})/@0xf3e0a44 - animation-leash of window_animation#162567 (340)
09-25 13:19:31.339  6586 17206 I SAMSUNGWALLET: [Hint_ProcessStatusChange] fg Change, pid : 5639 , isNotify : true , isForeground : false , fg list : []
09-25 13:19:31.340  6586 17206 I SAMSUNGWALLET: [ProcessStatusChange] fg Change, pid : 5639 , isNotify : true , isForeground : false , fg list : []
09-25 13:19:31.341  5639  5639 D LifecycleMonitor: Lifecycle status change: androidx.test.core.app.InstrumentationActivityInvoker$EmptyActivity@c582eb1 in: DESTROYED
09-25 13:19:31.341  5639  5639 V ActivityScenario: Activity lifecycle changed event received but ignored because the intent does not match. startActivityIntent=Intent { act=android.intent.action.MAIN cat=[android.intent.category.LAUNCHER] cmp=com.example.dogglers/.VerticalListActivity }, activity.getIntent()=Intent { act=android.intent.action.MAIN cat=[android.intent.category.LAUNCHER] flg=0x10000000 cmp=com.example.dogglers/androidx.test.core.app.InstrumentationActivityInvoker$EmptyActivity }, activity=androidx.test.core.app.InstrumentationActivityInvoker$EmptyActivity@c582eb1
09-25 13:19:31.341  6586  7669 I SAMSUNGWALLET: [ProcessMonitor] App went to background.
09-25 13:19:31.343  5639  5639 I MSHandlerLifeCycle: removeMultiSplitHandler: no exist. decor=DecorView@142704[InstrumentationActivityInvoker$EmptyActivity]
09-25 13:19:31.343  3108  3146 D InputDispatcher: Focus entered window (0): c7375dc com.sec.android.app.launcher/com.sec.android.app.launcher.activities.LauncherActivity
09-25 13:19:31.344  5369  5369 I ViewRootImpl@7533534[LauncherActivity]: MSG_WINDOW_FOCUS_CHANGED 1 0
09-25 13:19:31.344  5369  5369 I ViewRootImpl@7533534[LauncherActivity]: mThreadedRenderer.initializeIfNeeded()#2 mSurface={isValid=true 0xb4000077206f5000}
09-25 13:19:31.344  5369  5369 I BaseActivity: addActivityFlags, flags : 8
09-25 13:19:31.344  6586  7669 I SAMSUNGWALLET: [ProcessMonitor] App went to background.
09-25 13:19:31.344  5639  5729 D OpenGLRenderer: setSurface called with nullptr
09-25 13:19:31.344  5639  5729 D OpenGLRenderer: setSurface() destroyed EGLSurface
09-25 13:19:31.344  5639  5729 D OpenGLRenderer: destroyEglSurface
09-25 13:19:31.345  5639  5639 I ViewRootImpl@edeadb3[InstrumentationActivityInvoker$EmptyActivity]: dispatchDetachedFromWindow
09-25 13:19:31.345  3108  4074 D InputTransport: Input channel destroyed: 'ea7af99', fd=1336
09-25 13:19:31.345  6586  7669 I SAMSUNGWALLET: [ProcessMonitor] App went to background.
09-25 13:19:31.346  3108  4074 W InputManager-JNI: Input channel object 'ea7af99 com.example.dogglers/androidx.test.core.app.InstrumentationActivityInvoker$EmptyActivity (client)' was disposed without first being removed with the input manager!
09-25 13:19:31.346  3108  4074 D InputTransport: Input channel destroyed: 'ea7af99', fd=1353
09-25 13:19:31.346  6586  7522 I SAMSUNGWALLET: [Hint_e] isHomePackageRunning topPkgName = com.sec.android.app.launcher, topClsName = com.android.launcher3.uioverrides.QuickstepLauncher, return true , se : true
09-25 13:19:31.346  1914  3199 I SurfaceFlinger: id=162572 createSurf, flag=24004, Surface(name=6a358c3 InputMethod)/@0x1a6cc79 - animation-leash of insets_animation#162572
09-25 13:19:31.347  6586  7522 I SAMSUNGWALLET: [ResetData] getSAResetDialogFlag : false
09-25 13:19:31.347  5369  5369 I InputMethodManager: startInputInner - mService.startInputOrWindowGainedFocus
09-25 13:19:31.348  6586  6586 I SAMSUNGWALLET: [Hint_PayHintService] Hint Status - already invisible, skip hide : [4000000] - 4000000
09-25 13:19:31.350  5639  5639 D InputTransport: Input channel destroyed: 'ea7af99', fd=137
09-25 13:19:31.351  5639  5639 I ViewRootImpl@4e790e6[InstrumentationActivityInvoker$EmptyActivity]: stopped(true) old = false
09-25 13:19:31.351  5639  5639 I ViewRootImpl@4e790e6[InstrumentationActivityInvoker$EmptyActivity]: WindowStopped on com.example.dogglers/androidx.test.core.app.InstrumentationActivityInvoker$EmptyActivity set to true
09-25 13:19:31.351  1914  2139 I SurfaceFlinger: id=162495 Removed Surface(name=6a358c3 InputMethod)/@0x1a6cc79 - animation-leash of insets_animation#162495 (341)
09-25 13:19:31.351  5639  5639 D LifecycleMonitor: Lifecycle status change: androidx.test.core.app.InstrumentationActivityInvoker$EmptyActivity@4c90a99 in: STOPPED
09-25 13:19:31.351  1914  2139 I SurfaceFlinger: id=162560 Removed 606df44 ActivityRecordInputSink com.example.dogglers/androidx.test.core.app.InstrumentationActivityInvoker$EmptyActivity#162560 (341)
09-25 13:19:31.351  3108  9815 D InputMethodManagerService: DESKTOP MODE! : 2
09-25 13:19:31.351  3108  9815 D InputMethodManagerService: NOT IN KNOX DESKTOP MODE!
09-25 13:19:31.351  3108  9815 V InputMethodManagerService: getDisplayIdOfInputMethodWindowToBeAdded: displayId=0
09-25 13:19:31.351  5639  5639 V ActivityScenario: Activity lifecycle changed event received but ignored because the intent does not match. startActivityIntent=Intent { act=android.intent.action.MAIN cat=[android.intent.category.LAUNCHER] cmp=com.example.dogglers/.VerticalListActivity }, activity.getIntent()=Intent { act=android.intent.action.MAIN cat=[android.intent.category.LAUNCHER] flg=0x10000000 cmp=com.example.dogglers/androidx.test.core.app.InstrumentationActivityInvoker$EmptyActivity }, activity=androidx.test.core.app.InstrumentationActivityInvoker$EmptyActivity@4c90a99
09-25 13:19:31.351  3108  9815 D InputMethodManagerService: isImeSwitcherDisabledPackage : false
09-25 13:19:31.352  6586  7522 I SAMSUNGWALLET: [Hint_e] isHomePackageRunning topPkgName = com.sec.android.app.launcher, topClsName = com.android.launcher3.uioverrides.QuickstepLauncher, return true , se : true
09-25 13:19:31.352  5639  5639 I MSHandlerLifeCycle: removeMultiSplitHandler: no exist. decor=DecorView@42ca04b[InstrumentationActivityInvoker$EmptyActivity]
09-25 13:19:31.352  3108  9815 D InputMethodManagerService: checkDisplayOfStartInputAndUpdateKeyboard: displayId=0, mFocusedDisplayId=0
09-25 13:19:31.352  3108  9815 D InputTransport: Input channel constructed: 'ClientS', fd=1239
09-25 13:19:31.352  3108  9815 D InputTransport: Input channel destroyed: 'ClientS', fd=1239
09-25 13:19:31.353  6586  6586 I SAMSUNGWALLET: [Hint_PayHintService] Hint Status - already invisible, skip hide : [4000000] - 4000000
09-25 13:19:31.353  6586  7522 I SAMSUNGWALLET: [ResetData] getSAResetDialogFlag : false
09-25 13:19:31.353  5639  5639 D LifecycleMonitor: Lifecycle status change: androidx.test.core.app.InstrumentationActivityInvoker$EmptyActivity@4c90a99 in: DESTROYED
09-25 13:19:31.353   586   586 I MSHandlerLifeCycle: check: return. pkg=com.google.android.inputmethod.latin isActivity=false callers=com.android.internal.policy.DecorView.setVisibility:4412 android.inputmethodservice.InkWindow.hide:100 android.inputmethodservice.InputMethodService$InputMethodImpl.unbindInput:875 android.inputmethodservice.IInputMethodWrapper.executeMessage:198 com.android.internal.os.HandlerCaller$MyHandler.handleMessage:44
09-25 13:19:31.353   586   586 I MSHandlerLifeCycle: removeMultiSplitHandler: no exist. decor=DecorView@722edec[]
09-25 13:19:31.353  5639  5639 V ActivityScenario: Activity lifecycle changed event received but ignored because the intent does not match. startActivityIntent=Intent { act=android.intent.action.MAIN cat=[android.intent.category.LAUNCHER] cmp=com.example.dogglers/.VerticalListActivity }, activity.getIntent()=Intent { act=android.intent.action.MAIN cat=[android.intent.category.LAUNCHER] flg=0x10000000 cmp=com.example.dogglers/androidx.test.core.app.InstrumentationActivityInvoker$EmptyActivity }, activity=androidx.test.core.app.InstrumentationActivityInvoker$EmptyActivity@4c90a99
09-25 13:19:31.353  5639  5639 I MSHandlerLifeCycle: removeMultiSplitHandler: no exist. decor=DecorView@42ca04b[InstrumentationActivityInvoker$EmptyActivity]
09-25 13:19:31.353   586   586 I GoogleInputMethodService: GoogleInputMethodService.onFinishInput():3267
09-25 13:19:31.353  1914  2139 I SurfaceFlinger: id=162573 createSurf, flag=24004, Surface(name=6a358c3 InputMethod)/@0x1a6cc79 - animation-leash of insets_animation#162573
09-25 13:19:31.354  5369  5369 I BadgeRenderer: Invalid count : 0
09-25 13:19:31.354   586   586 I GoogleInputMethodService: GoogleInputMethodService.updateDeviceLockedStatus():2097 repeatCheckTimes = 0, locked = false
09-25 13:19:31.354   586   586 D InputMethodService: checkFocusedDisplay() display Id 0last 0
09-25 13:19:31.354   586   586 I GoogleInputMethodService: GoogleInputMethodService.onStartInput():1889 onStartInput(EditorInfo{EditorInfo{packageName=com.sec.android.app.launcher, inputType=0, inputTypeString=NULL, enableLearning=false, autoCorrection=false, autoComplete=false, imeOptions=0, privateImeOptions=null, actionName=UNSPECIFIED, actionLabel=null, initialSelStart=-1, initialSelEnd=-1, initialCapsMode=0, label=null, fieldId=2131361996, fieldName=null, extras=Bundle[{displayId=0}], hintText=null, hintLocales=[]}}, false)
09-25 13:19:31.355   586   586 I GoogleInputMethodService: GoogleInputMethodService.updateDeviceLockedStatus():2097 repeatCheckTimes = 1, locked = false
09-25 13:19:31.356  1914  1914 I Layer   : id=162562 removedFromDrawingState com.example.dogglers/androidx.test.core.app.InstrumentationActivityInvoker$EmptyActivity$_5639#162562 (342)
09-25 13:19:31.356  1914  1914 I Layer   : id=162561 removedFromDrawingState ea7af99 com.example.dogglers/androidx.test.core.app.InstrumentationActivityInvoker$EmptyActivity#162561 (342)
09-25 13:19:31.356  1914  1914 I Layer   : id=162571 removedFromDrawingState Surface(name=6a358c3 InputMethod)/@0x1a6cc79 - animation-leash of insets_animation#162571 (342)
09-25 13:19:31.356  1914  1914 I Layer   : id=162559 removedFromDrawingState ActivityRecord{b8bf82d u0 com.example.dogglers/androidx.test.core.app.InstrumentationActivityInvoker$EmptyActivity} t7120}#162559 (342)
09-25 13:19:31.356  1914  1914 I Layer   : id=162560 removedFromDrawingState 606df44 ActivityRecordInputSink com.example.dogglers/androidx.test.core.app.InstrumentationActivityInvoker$EmptyActivity#162560 (342)
09-25 13:19:31.356  1914  1914 I Layer   : id=162572 removedFromDrawingState Surface(name=6a358c3 InputMethod)/@0x1a6cc79 - animation-leash of insets_animation#162572 (342)
09-25 13:19:31.356  1914  1914 I SurfaceFlinger: id=162559 Removed ActivityRecord{b8bf82d u0 com.example.dogglers/androidx.test.core.app.InstrumentationActivityInvoker$EmptyActivity} t7120}#162559 (342)
09-25 13:19:31.356  1914  1914 I SurfaceFlinger: id=162562 Removed com.example.dogglers/androidx.test.core.app.InstrumentationActivityInvoker$EmptyActivity$_5639#162562 (342)
09-25 13:19:31.356  1914  1914 I SurfaceFlinger: id=162561 Removed ea7af99 com.example.dogglers/androidx.test.core.app.InstrumentationActivityInvoker$EmptyActivity#162561 (342)
09-25 13:19:31.356  1914  1914 I SurfaceFlinger: id=162571 Removed Surface(name=6a358c3 InputMethod)/@0x1a6cc79 - animation-leash of insets_animation#162571 (342)
09-25 13:19:31.356   586   586 I InputMethodService: removeImeSurface
09-25 13:19:31.356  1914  1914 I Layer   : id=162495 Destroyed Surface(name=6a358c3 InputMethod)/@0x1a6cc79 - animation-leash of insets_animation#162495
09-25 13:19:31.356  1914  1914 I Layer   : id=162571 Destroyed Surface(name=6a358c3 InputMethod)/@0x1a6cc79 - animation-leash of insets_animation#162571
09-25 13:19:31.356  1914  1914 I Layer   : id=162559 Destroyed ActivityRecord{b8bf82d u0 com.example.dogglers/androidx.test.core.app.InstrumentationActivityInvoker$EmptyActivity} t7120}#162559
09-25 13:19:31.356   586   586 I MSHandlerLifeCycle: check: return. pkg=com.google.android.inputmethod.latin isActivity=false callers=com.android.internal.policy.DecorView.setVisibility:4412 android.app.Dialog.hide:767 android.inputmethodservice.InputMethodService.removeImeSurface:1290 android.inputmethodservice.InputMethodService.scheduleImeSurfaceRemoval:1279 android.inputmethodservice.InputMethodService.-$$Nest$mscheduleImeSurfaceRemoval:0
09-25 13:19:31.356  1914  1914 I Layer   : id=162561 Destroyed ea7af99 com.example.dogglers/androidx.test.core.app.InstrumentationActivityInvoker$EmptyActivity#162561
09-25 13:19:31.356   586   586 I MSHandlerLifeCycle: removeMultiSplitHandler: no exist. decor=DecorView@3ddf8c7[InputMethod]
09-25 13:19:31.356  1914  1914 I Layer   : id=162562 Destroyed com.example.dogglers/androidx.test.core.app.InstrumentationActivityInvoker$EmptyActivity$_5639#162562
09-25 13:19:31.356  1914  1914 I Layer   : id=162560 Destroyed 606df44 ActivityRecordInputSink com.example.dogglers/androidx.test.core.app.InstrumentationActivityInvoker$EmptyActivity#162560
09-25 13:19:31.357  6586  7522 I SAMSUNGWALLET: [Hint_e] isHomePackageRunning topPkgName = com.sec.android.app.launcher, topClsName = com.android.launcher3.uioverrides.QuickstepLauncher, return true , se : true
09-25 13:19:31.359  1914  4194 D NativeSemDvfsManager: acquire:: timeout = 2000 mIsAcquired = 1  mTagName : SurfaceFlinger
09-25 13:19:31.359  1914  4194 E NativeCustomFrequencyManager: [NativeCFMS] BpCustomFrequencyManager::acquire()
09-25 13:19:31.360  1809  1855 I HYPER-HAL: [RequestManager.cpp]acquire(): Acquired ID : 4248155  [1914 / 1000]    HINT : SF_GPU_MINLOCK    list : [TIMEOUT / 2000]
09-25 13:19:31.360  5639  5729 D OpenGLRenderer: setSurface called with nullptr
09-25 13:19:31.360  5639  5729 D OpenGLRenderer: setSurface() destroyed EGLSurface
09-25 13:19:31.360  5639  5729 D OpenGLRenderer: destroyEglSurface
09-25 13:19:31.360  3108  4074 D InputMethodManagerService: isImeSwitcherDisabledPackage : false
09-25 13:19:31.361  6586  6586 I SAMSUNGWALLET: [Hint_PayHintService] Hint Status - already invisible, skip hide : [4000000] - 4000000
09-25 13:19:31.361   586   586 I InputMethodService: removeImeSurface
09-25 13:19:31.361  5639  5639 I ViewRootImpl@4e790e6[InstrumentationActivityInvoker$EmptyActivity]: dispatchDetachedFromWindow
09-25 13:19:31.361   586   586 I MSHandlerLifeCycle: check: return. pkg=com.google.android.inputmethod.latin isActivity=false callers=com.android.internal.policy.DecorView.setVisibility:4412 android.app.Dialog.hide:767 android.inputmethodservice.InputMethodService.removeImeSurface:1290 android.inputmethodservice.InputMethodService.scheduleImeSurfaceRemoval:1279 android.inputmethodservice.InputMethodService.-$$Nest$mscheduleImeSurfaceRemoval:0
09-25 13:19:31.361   586   586 I MSHandlerLifeCycle: removeMultiSplitHandler: no exist. decor=DecorView@3ddf8c7[InputMethod]
09-25 13:19:31.361  3108  6472 D InputTransport: Input channel destroyed: 'd3d9767', fd=1332
09-25 13:19:31.361  3108  6472 W InputManager-JNI: Input channel object 'd3d9767 com.example.dogglers/androidx.test.core.app.InstrumentationActivityInvoker$EmptyActivity (client)' was disposed without first being removed with the input manager!
09-25 13:19:31.361  3108  6472 D InputTransport: Input channel destroyed: 'd3d9767', fd=1333
09-25 13:19:31.364  5639  5639 D InputTransport: Input channel destroyed: 'd3d9767', fd=120
09-25 13:19:31.364  1914  1914 I Layer   : id=162555 removedFromDrawingState com.example.dogglers/androidx.test.core.app.InstrumentationActivityInvoker$EmptyActivity$_5639#162555 (336)
09-25 13:19:31.364  1914  1914 I Layer   : id=162554 removedFromDrawingState d3d9767 com.example.dogglers/androidx.test.core.app.InstrumentationActivityInvoker$EmptyActivity#162554 (336)
09-25 13:19:31.364  1914  1914 I SurfaceFlinger: id=162555 Removed com.example.dogglers/androidx.test.core.app.InstrumentationActivityInvoker$EmptyActivity$_5639#162555 (336)
09-25 13:19:31.364  1914  1914 I SurfaceFlinger: id=162554 Removed d3d9767 com.example.dogglers/androidx.test.core.app.InstrumentationActivityInvoker$EmptyActivity#162554 (336)
09-25 13:19:31.365  1914  1914 I Layer   : id=162554 Destroyed d3d9767 com.example.dogglers/androidx.test.core.app.InstrumentationActivityInvoker$EmptyActivity#162554
09-25 13:19:31.365  1914  1914 I Layer   : id=162555 Destroyed com.example.dogglers/androidx.test.core.app.InstrumentationActivityInvoker$EmptyActivity$_5639#162555
09-25 13:19:31.367  5639  5639 I ViewRootImpl@5a0dea7[VerticalListActivity]: stopped(true) old = false
09-25 13:19:31.367  5639  5639 I ViewRootImpl@5a0dea7[VerticalListActivity]: WindowStopped on com.example.dogglers/com.example.dogglers.VerticalListActivity set to true
09-25 13:19:31.367  1914  3199 I SurfaceFlinger: id=162553 Removed a990faa ActivityRecordInputSink com.example.dogglers/androidx.test.core.app.InstrumentationActivityInvoker$EmptyActivity#162553 (334)
09-25 13:19:31.369  5369  5369 W FrameTracker: Missed App frame:JANK_APP_DEADLINE_MISSED, 244377330, 12884081, CUJ=J<LAUNCHER_APP_CLOSE_TO_HOME>
09-25 13:19:31.369  5639  5639 D LifecycleMonitor: Lifecycle status change: com.example.dogglers.VerticalListActivity@7e36e60 in: STOPPED
09-25 13:19:31.370  5639  5639 V ActivityScenario: Update currentActivityStage to STOPPED, currentActivity=com.example.dogglers.VerticalListActivity@7e36e60
09-25 13:19:31.370  5639  5639 I MSHandlerLifeCycle: removeMultiSplitHandler: no exist. decor=DecorView@e97c8b6[VerticalListActivity]
09-25 13:19:31.370  5639  5639 D LifecycleMonitor: Lifecycle status change: com.example.dogglers.VerticalListActivity@7e36e60 in: DESTROYED
09-25 13:19:31.371  5639  5639 V ActivityScenario: Update currentActivityStage to DESTROYED, currentActivity=null
09-25 13:19:31.371  5639  5703 I TestRunner: finished: recycler_view_item_count(com.example.dogglers.VerticalListTests)
