09-25 13:19:26.682  3108  4074 V WindowManager: Relayout Window{122437e u0 com.example.dogglers/com.example.dogglers.GridListActivity}: viewVisibility=8 req=1440x3088 d0
09-25 13:19:26.683  1914  1914 D SurfaceFlinger: Display 4630947093241269891 HWC layers:
09-25 13:19:26.683  1914  1914 D SurfaceFlinger:      DEVICE | 0xb400007aeb18bf00 | 0102 | RGBA_8888    |    0.0    0.0 1440.0 3088.0 |    0    0 1440 3088 | com.example.dogglers/androidx.test.c[...]tyInvoker$EmptyActivity$_5639#162363
09-25 13:19:26.683  1914  1914 D SurfaceFlinger:      DEVICE | 0xb400007af6c14880 | 0100 | RGBA_8888    |    0.0    0.0 1440.0  100.0 |    0    0 1440  100 | StatusBar$_4768#95
09-25 13:19:26.683  1914  1914 D SurfaceFlinger:      DEVICE | 0xb400007af8705400 | 0100 | RGBA_8888    |    0.0    0.0   67.0  589.0 |    0  562   67 1151 | com.samsung.android.app.cocktailbars[...]vice.CocktailBarService$_8423#156853
09-25 13:19:26.683  1914  1914 D SurfaceFlinger:      DEVICE | 0xb400007af8705500 | 0100 | RGBA_8888    |    0.0    0.0  518.0   48.0 |  922 3040 1440 3088 | SGestureOverlayWindow$_5369#156268
09-25 13:19:26.683  1914  1914 D SurfaceFlinger:      DEVICE | 0xb400007af6c15880 | 0100 | RGBA_8888    |    0.0    0.0 1440.0  168.0 |    0 2920 1440 3088 | NavigationBar0$_4768#92
09-25 13:19:26.683  1914  1914 D SurfaceFlinger:
09-25 13:19:26.683  3108  4074 V WindowManager: Relayout hash=122437e, pid=5639, syncId=-1: mAttrs={(0,0)(fillxfill) sim={adjust=resize forwardNavigation} ty=BASE_APPLICATION wanim=0x1030309
09-25 13:19:26.683  3108  4074 V WindowManager:   fl=81810100
09-25 13:19:26.683  3108  4074 V WindowManager:   pfl=12020040
09-25 13:19:26.683  3108  4074 V WindowManager:   bhv=DEFAULT
09-25 13:19:26.683  3108  4074 V WindowManager:   fitSides= naviIconColor=0}
09-25 13:19:26.683 21794 13251 D OpenGLRenderer: setSurface called with nullptr
09-25 13:19:26.683 21794 13251 D OpenGLRenderer: setSurface() destroyed EGLSurface
09-25 13:19:26.683 21794 13251 D OpenGLRenderer: destroyEglSurface
09-25 13:19:26.683 21794 21794 I ViewRootImpl@888ef3d[LauncherActivity]: performTraversals mFirst=false windowShouldResize=false viewVisibilityChanged=true mForceNextWindowRelayout=false params=null
09-25 13:19:26.684  3108  3230 I ChimeraSystemEventListener: appLaunchIntent package name is: com.example.dogglers
09-25 13:19:26.684  5639  5639 I ViewRootImpl@4926b64[GridListActivity]: Relayout returned: old=(0,0,1440,3088) new=(0,0,1440,3088) req=(1440,3088)8 dur=3 res=0x2 s={false 0x0} ch=true seqId=0
09-25 13:19:26.685  3108  3146 I SemDvfsHyPerManager: acquire hyper - AMS_ACT_START/3108@18, type = -999
09-25 13:19:26.685  1809  1855 I HYPER-HAL: [RequestManager.cpp]acquire(): Acquired ID : 4887519  [3108 / 18]    HINT : AMS_ACT_START    list :
09-25 13:19:26.687  1914  4196 I SurfaceFlinger: id=162366 createSurf, flag=80004, ActivityRecord{daf24f2 u0 com.example.dogglers/androidx.test.core.app.InstrumentationActivityInvoker$EmptyActivity} t7115}#162366
09-25 13:19:26.688  5369  5369 I ViewRootImpl@7533534[LauncherActivity]: performTraversals mFirst=false windowShouldResize=false viewVisibilityChanged=true mForceNextWindowRelayout=false params=null
09-25 13:19:26.695  3108  3230 D PersonaActivityHelper: Activity not in resumed state, do not run immediate lock
09-25 13:19:26.695  3108  4073 V WindowManager: Relayout Window{294099b u0 com.sec.android.app.launcher/com.sec.android.app.launcher.activities.LauncherActivity}: viewVisibility=8 req=1440x3088 d0
09-25 13:19:26.695  5759  5759 E pageboostd: Received HALT command code 2
09-25 13:19:26.697  3108  4073 V WindowManager: Relayout hash=294099b, pid=21794, syncId=-1: mAttrs={(0,0)(fillxfill) gr=LEFT CENTER_HORIZONTAL sim={adjust=resize} layoutInDisplayCutoutMode=shortEdges ty=DRAWN_APPLICATION fmt=TRANSPARENT wanim=0x10302f4 alpha=0.0
09-25 13:19:26.697  3108  4073 V WindowManager:   fl=81850118
09-25 13:19:26.697  3108  4073 V WindowManager:   pfl=16020040
09-25 13:19:26.697  3108  4073 V WindowManager:   bhv=DEFAULT
09-25 13:19:26.697  3108  4073 V WindowManager:   fitSides=
09-25 13:19:26.697  3108  4073 V WindowManager:  dimAmount=0.0 naviIconColor=0}
09-25 13:19:26.700  3108  4606 V WindowManager: Relayout Window{c7375dc u0 com.sec.android.app.launcher/com.sec.android.app.launcher.activities.LauncherActivity}: viewVisibility=8 req=1440x3088 d0
09-25 13:19:26.700  5639  5639 I ViewRootImpl@4926b64[GridListActivity]: stopped(true) old = false
09-25 13:19:26.700  5639  5639 I ViewRootImpl@4926b64[GridListActivity]: WindowStopped on com.example.dogglers/com.example.dogglers.GridListActivity set to true
09-25 13:19:26.700 21794 21794 I ViewRootImpl@888ef3d[LauncherActivity]: Relayout returned: old=(0,0,1440,3088) new=(0,0,1440,3088) req=(1440,3088)8 dur=15 res=0x2 s={false 0x0} ch=true seqId=0
09-25 13:19:26.701  5639  5639 D LifecycleMonitor: Lifecycle status change: com.example.dogglers.GridListActivity@4ff26e9 in: STOPPED
09-25 13:19:26.701  5639  5639 V ActivityScenario: Update currentActivityStage to STOPPED, currentActivity=com.example.dogglers.GridListActivity@4ff26e9
09-25 13:19:26.702  3108  4606 V WindowManager: Relayout hash=c7375dc, pid=5369, syncId=-1: mAttrs={(0,0)(fillxfill) sim={adjust=nothing forwardNavigation} layoutInDisplayCutoutMode=shortEdges ty=BASE_APPLICATION fmt=TRANSPARENT wanim=0x10302f4
09-25 13:19:26.702  3108  4606 V WindowManager:   fl=81910100
09-25 13:19:26.702  3108  4606 V WindowManager:   pfl=1e020040
09-25 13:19:26.702  3108  4606 V WindowManager:   vsysui=1700
09-25 13:19:26.702  3108  4606 V WindowManager:   bhv=SHOW_TRANSIENT_BARS_BY_SWIPE
09-25 13:19:26.702  3108  4606 V WindowManager:   fitSides= naviIconColor=0}
09-25 13:19:26.703  5369  5369 I ViewRootImpl@7533534[LauncherActivity]: Relayout returned: old=(0,0,1440,3088) new=(0,0,1440,3088) req=(1440,3088)8 dur=14 res=0x2 s={false 0x0} ch=true seqId=0
09-25 13:19:26.703  5639  5639 I MSHandlerLifeCycle: removeMultiSplitHandler: no exist. decor=DecorView@62bd807[GridListActivity]
09-25 13:19:26.704  5639  5639 D LifecycleMonitor: Lifecycle status change: com.example.dogglers.GridListActivity@4ff26e9 in: DESTROYED
09-25 13:19:26.704  5369  5369 I ViewRootImpl@7533534[LauncherActivity]: stopped(true) old = false
09-25 13:19:26.704  5639  5639 V ActivityScenario: Update currentActivityStage to DESTROYED, currentActivity=null
09-25 13:19:26.704  5369  5369 I ViewRootImpl@7533534[LauncherActivity]: WindowStopped on com.sec.android.app.launcher/com.sec.android.app.launcher.activities.LauncherActivity set to true
09-25 13:19:26.705  5639  5639 I MSHandlerLifeCycle: removeMultiSplitHandler: no exist. decor=DecorView@62bd807[GridListActivity]
09-25 13:19:26.705  5369  5369 I Launcher: !@Boot_DEBUG: Launcher.onStop()
09-25 13:19:26.705  5369  5369 I Launcher: !@Boot_EBS_D: Launcher.onStop()
09-25 13:19:26.705  5639  5729 D OpenGLRenderer: setSurface called with nullptr
09-25 13:19:26.705  5639  5639 I ViewRootImpl@4926b64[GridListActivity]: dispatchDetachedFromWindow
09-25 13:19:26.705  5369  5369 I BaseActivity: removeActivityFlags, flags : 17
09-25 13:19:26.705  3108  3145 D InputTransport: Input channel destroyed: '122437e', fd=1293
09-25 13:19:26.705  3108  3145 W InputManager-JNI: Input channel object '122437e com.example.dogglers/com.example.dogglers.GridListActivity (client)' was disposed without first being removed with the input manager!
09-25 13:19:26.705  3108  3145 D InputTransport: Input channel destroyed: '122437e', fd=1322
09-25 13:19:26.705  5369  5369 I WallpaperBlurController: dispatchTransactionSurface: mCurrentBlur = 150
09-25 13:19:26.707  5369  5741 I IMM_LC  : hsifw() - flag : 0
09-25 13:19:26.707  1914  2140 I SurfaceFlinger: id=162367 createSurf, flag=24004, Surface(name=6a358c3 InputMethod)/@0x1a6cc79 - animation-leash of insets_animation#162367
09-25 13:19:26.707  5369  5741 I IMM_LC  : hsifw() - mService.hideSoftInput
09-25 13:19:26.709  5369  5369 W LauncherAppWidgetHost: setShouldListenFlag, mFlags:7 flag:start on:false isFront:false
09-25 13:19:26.709  3108  4606 I AppWidgetServiceImpl: stopListening callbacks : null
09-25 13:19:26.710  5639  5639 D InputTransport: Input channel destroyed: '122437e', fd=114
09-25 13:19:26.710  5369  5369 W LauncherAppWidgetHost: stopListening, mFlags:2 isFront:false
09-25 13:19:26.710  5369  5369 W Launcher.NotificationListener: removeNotificationsChangedListener
09-25 13:19:26.710  5369  5369 I Launcher.NotificationListener: unregisterObserver, this is not notificationService!!
09-25 13:19:26.710  5369  5369 I BadgeCountUpdaterImpl: onNotificationsChangedDisConnected
09-25 13:19:26.711  5639  5639 D LifecycleMonitor: Lifecycle status change: androidx.test.core.app.InstrumentationActivityInvoker$BootstrapActivity@639ea6c in: STOPPED
09-25 13:19:26.711  5639  5639 V ActivityScenario: Activity lifecycle changed event received but ignored because the intent does not match. startActivityIntent=Intent { act=android.intent.action.MAIN cat=[android.intent.category.LAUNCHER] cmp=com.example.dogglers/.GridListActivity }, activity.getIntent()=Intent { act=android.intent.action.MAIN cat=[android.intent.category.LAUNCHER] flg=0x10008000 cmp=com.example.dogglers/androidx.test.core.app.InstrumentationActivityInvoker$BootstrapActivity (has extras) }, activity=androidx.test.core.app.InstrumentationActivityInvoker$BootstrapActivity@639ea6c
09-25 13:19:26.711  5639  5639 D LifecycleMonitor: Lifecycle status change: androidx.test.core.app.InstrumentationActivityInvoker$EmptyActivity@984087f in: PAUSED
09-25 13:19:26.711  1914  2140 I SurfaceFlinger: id=162353 Removed e15f391 ActivityRecordInputSink com.example.dogglers/.GridListActivity#162353 (338)
09-25 13:19:26.712  5639  5639 V ActivityScenario: Activity lifecycle changed event received but ignored because the intent does not match. startActivityIntent=Intent { act=android.intent.action.MAIN cat=[android.intent.category.LAUNCHER] cmp=com.example.dogglers/.GridListActivity }, activity.getIntent()=Intent { act=android.intent.action.MAIN cat=[android.intent.category.LAUNCHER] flg=0x10000000 cmp=com.example.dogglers/androidx.test.core.app.InstrumentationActivityInvoker$EmptyActivity }, activity=androidx.test.core.app.InstrumentationActivityInvoker$EmptyActivity@984087f
09-25 13:19:26.713  1914  2140 I SurfaceFlinger: id=162298 Removed Surface(name=6a358c3 InputMethod)/@0x1a6cc79 - animation-leash of insets_animation#162298 (338)
09-25 13:19:26.713   586   586 I InputMethodService: removeImeSurface
09-25 13:19:26.713  3108  4074 D InputDispatcher: Focused application(0): ActivityRecord{daf24f2 u0 com.example.dogglers/androidx.test.core.app.InstrumentationActivityInvoker$EmptyActivity} t7115}
09-25 13:19:26.713   586   586 I MSHandlerLifeCycle: check: return. pkg=com.google.android.inputmethod.latin isActivity=false callers=com.android.internal.policy.DecorView.setVisibility:4412 android.app.Dialog.hide:767 android.inputmethodservice.InputMethodService.removeImeSurface:1290 android.inputmethodservice.InputMethodService.scheduleImeSurfaceRemoval:1279 android.inputmethodservice.InputMethodService.-$$Nest$mscheduleImeSurfaceRemoval:0
09-25 13:19:26.713  1914  1914 I Layer   : id=162355 removedFromDrawingState com.example.dogglers/com.example.dogglers.GridListActivity$_5639#162355 (338)
09-25 13:19:26.713   586   586 I MSHandlerLifeCycle: removeMultiSplitHandler: no exist. decor=DecorView@3ddf8c7[InputMethod]
09-25 13:19:26.713  1914  1914 I Layer   : id=162354 removedFromDrawingState 122437e com.example.dogglers/com.example.dogglers.GridListActivity#162354 (338)
09-25 13:19:26.714  5369  5752 I LiveIconUpdateEventHandler: cancelDateChangeAlarm
09-25 13:19:26.714  1914  1914 I Layer   : id=162359 removedFromDrawingState Surface(name=6a358c3 InputMethod)/@0x1a6cc79 - animation-leash of insets_animation#162359 (338)
09-25 13:19:26.714  1914  1914 I SurfaceFlinger: id=162355 Removed com.example.dogglers/com.example.dogglers.GridListActivity$_5639#162355 (338)
09-25 13:19:26.714  1914  1914 I SurfaceFlinger: id=162354 Removed 122437e com.example.dogglers/com.example.dogglers.GridListActivity#162354 (338)
09-25 13:19:26.714  1914  1914 I SurfaceFlinger: id=162359 Removed Surface(name=6a358c3 InputMethod)/@0x1a6cc79 - animation-leash of insets_animation#162359 (338)
09-25 13:19:26.714  1914  1914 I Layer   : id=162298 Destroyed Surface(name=6a358c3 InputMethod)/@0x1a6cc79 - animation-leash of insets_animation#162298
09-25 13:19:26.714  1914  1914 I Layer   : id=162354 Destroyed 122437e com.example.dogglers/com.example.dogglers.GridListActivity#162354
09-25 13:19:26.714  1914  1914 I Layer   : id=162355 Destroyed com.example.dogglers/com.example.dogglers.GridListActivity$_5639#162355
09-25 13:19:26.714  1914  1914 I Layer   : id=162359 Destroyed Surface(name=6a358c3 InputMethod)/@0x1a6cc79 - animation-leash of insets_animation#162359
09-25 13:19:26.714  3108 29076 D RemoteAppTaskWatcher:  ****** RemoteAppTaskWatcher: Message Received 5 Task ID = 0
09-25 13:19:26.715  5369  5752 I LiveIconUpdateEventHandler: cancelMinuteChangeAlarm
09-25 13:19:26.715  5639  5639 I ViewRootImpl@c928911[InstrumentationActivityInvoker$EmptyActivity]: MSG_WINDOW_FOCUS_CHANGED 1 0
09-25 13:19:26.716  5639  5639 I ViewRootImpl@c928911[InstrumentationActivityInvoker$EmptyActivity]: mThreadedRenderer.initializeIfNeeded()#2 mSurface={isValid=true 0xb400007718b6c000}
09-25 13:19:26.716  5639  5639 D InputMethodManager: startInputInner - Id : 0
09-25 13:19:26.716  5639  5639 I InputMethodManager: startInputInner - mService.startInputOrWindowGainedFocus
09-25 13:19:26.717  5369  5369 I MSHandlerLifeCycle: removeMultiSplitHandler: no exist. decor=DecorView@ac62e93[LauncherActivity]
09-25 13:19:26.718  3108  6474 D InputMethodManagerService: DESKTOP MODE! : 2
09-25 13:19:26.718  3108  6474 D InputMethodManagerService: NOT IN KNOX DESKTOP MODE!
09-25 13:19:26.718  3108  6474 V InputMethodManagerService: getDisplayIdOfInputMethodWindowToBeAdded: displayId=0
09-25 13:19:26.718  3108  6474 D InputMethodManagerService: isImeSwitcherDisabledPackage : false
09-25 13:19:26.719  3108  6474 D InputMethodManagerService: checkDisplayOfStartInputAndUpdateKeyboard: displayId=0, mFocusedDisplayId=0
09-25 13:19:26.719  3108  6474 D InputTransport: Input channel constructed: 'ClientS', fd=1322
09-25 13:19:26.719  3108  6474 D InputTransport: Input channel destroyed: 'ClientS', fd=1322
09-25 13:19:26.719   586   586 I GoogleInputMethodService: GoogleInputMethodService.onFinishInput():3267
09-25 13:19:26.719  5639  5639 D LifecycleMonitor: Lifecycle status change: androidx.test.core.app.InstrumentationActivityInvoker$BootstrapActivity@639ea6c in: DESTROYED
09-25 13:19:26.719  5639  5639 V ActivityScenario: Activity lifecycle changed event received but ignored because the intent does not match. startActivityIntent=Intent { act=android.intent.action.MAIN cat=[android.intent.category.LAUNCHER] cmp=com.example.dogglers/.GridListActivity }, activity.getIntent()=Intent { act=android.intent.action.MAIN cat=[android.intent.category.LAUNCHER] flg=0x10008000 cmp=com.example.dogglers/androidx.test.core.app.InstrumentationActivityInvoker$BootstrapActivity (has extras) }, activity=androidx.test.core.app.InstrumentationActivityInvoker$BootstrapActivity@639ea6c
09-25 13:19:26.720   586   586 I GoogleInputMethodService: GoogleInputMethodService.updateDeviceLockedStatus():2097 repeatCheckTimes = 0, locked = false
09-25 13:19:26.720   586   586 D InputMethodService: checkFocusedDisplay() display Id 0last 0
09-25 13:19:26.721   586   586 I GoogleInputMethodService: GoogleInputMethodService.onStartInput():1889 onStartInput(EditorInfo{EditorInfo{packageName=com.example.dogglers, inputType=0, inputTypeString=NULL, enableLearning=false, autoCorrection=false, autoComplete=false, imeOptions=0, privateImeOptions=null, actionName=UNSPECIFIED, actionLabel=null, initialSelStart=-1, initialSelEnd=-1, initialCapsMode=0, label=null, fieldId=-1, fieldName=null, extras=Bundle[{displayId=0}], hintText=null, hintLocales=[]}}, false)
09-25 13:19:26.721  6586  6586 I SAMSUNGWALLET-USBP: [AlertController] Boarding pass alert is not enabled
09-25 13:19:26.721  6586  6586 I SAMSUNGWALLET-USBP: [AlertController] dismiss alert: NO_ALERT
09-25 13:19:26.721  1914  4196 I SurfaceFlinger: id=162368 createSurf, flag=24004, Surface(name=6a358c3 InputMethod)/@0x1a6cc79 - animation-leash of insets_animation#162368
09-25 13:19:26.721  6586 17206 I SAMSUNGWALLET: [Hint_ProcessStatusChange] fg Change, pid : 5369 , isNotify : true , isForeground : false , fg list : []
09-25 13:19:26.722  6586 17206 I SAMSUNGWALLET: [ProcessStatusChange] fg Change, pid : 5369 , isNotify : true , isForeground : false , fg list : []
09-25 13:19:26.722  1914  1914 I Layer   : id=162349 removedFromDrawingState ActivityRecord{2b512f6 u0 com.example.dogglers/.GridListActivity} t7115}#162349 (335)
09-25 13:19:26.722  1914  1914 I Layer   : id=162353 removedFromDrawingState e15f391 ActivityRecordInputSink com.example.dogglers/.GridListActivity#162353 (335)
09-25 13:19:26.722  1914  1914 I SurfaceFlinger: [daa6742 com.example.dogglers/androidx.test.core.app.InstrumentationActivityInvoker$EmptyActivity#162362] FrameRatePriority: -1
09-25 13:19:26.722  1914  1914 I Layer   : id=162299 removedFromDrawingState com.sec.android.app.launcher/com.sec.android.app.launcher.activities.LauncherActivity$_21794#162299 (335)
09-25 13:19:26.722  1914  1914 I Layer   : id=162300 removedFromDrawingState com.sec.android.app.launcher/com.sec.android.app.launcher.activities.LauncherActivity$_5369#162300 (335)
09-25 13:19:26.722  1914  1914 I SurfaceFlinger: id=162300 Removed com.sec.android.app.launcher/com.sec.android.app.launcher.activities.LauncherActivity$_5369#162300 (335)
09-25 13:19:26.722  1914  1914 I SurfaceFlinger: id=162299 Removed com.sec.android.app.launcher/com.sec.android.app.launcher.activities.LauncherActivity$_21794#162299 (335)
09-25 13:19:26.722  1914  1914 I SurfaceFlinger: id=162349 Removed ActivityRecord{2b512f6 u0 com.example.dogglers/.GridListActivity} t7115}#162349 (335)
09-25 13:19:26.722   586   586 I GoogleInputMethodService: GoogleInputMethodService.updateDeviceLockedStatus():2097 repeatCheckTimes = 1, locked = false
09-25 13:19:26.722  1914  1914 I Layer   : id=162300 Destroyed com.sec.android.app.launcher/com.sec.android.app.launcher.activities.LauncherActivity$_5369#162300
09-25 13:19:26.722  1914  1914 I Layer   : id=162299 Destroyed com.sec.android.app.launcher/com.sec.android.app.launcher.activities.LauncherActivity$_21794#162299
09-25 13:19:26.723  1914  1914 I Layer   : id=162349 Destroyed ActivityRecord{2b512f6 u0 com.example.dogglers/.GridListActivity} t7115}#162349
09-25 13:19:26.723  1914  1914 I Layer   : id=162353 Destroyed e15f391 ActivityRecordInputSink com.example.dogglers/.GridListActivity#162353
09-25 13:19:26.724  3108  6472 D InputDispatcher: Focus request (0): <null> but waiting because NOT_FOCUSABLE
09-25 13:19:26.724  3108  6472 D InputDispatcher: Focus left window (0): daa6742 com.example.dogglers/androidx.test.core.app.InstrumentationActivityInvoker$EmptyActivity
09-25 13:19:26.725  6586  7522 I SAMSUNGWALLET: [ResetData] getSAResetDialogFlag : false
09-25 13:19:26.725  6586 10126 I SAMSUNGWALLET: [Hint_ProcessStatusChange] fg Change, pid : 5369 , isNotify : true , isForeground : false , fg list : []
09-25 13:19:26.725  6586 10126 I SAMSUNGWALLET: [ProcessStatusChange] fg Change, pid : 5369 , isNotify : true , isForeground : false , fg list : []
09-25 13:19:26.726 15715 18710 I WindowsLink: (TaskInfoManager) +++++++++++onRecentTaskStackUpdated
09-25 13:19:26.727  6586 25742 I SAMSUNGWALLET: [Hint_ProcessStatusChange] fg Change, pid : 5369 , isNotify : true , isForeground : false , fg list : []
09-25 13:19:26.727  6586 25742 I SAMSUNGWALLET: [ProcessStatusChange] fg Change, pid : 5369 , isNotify : true , isForeground : false , fg list : []
09-25 13:19:26.728  1914  2140 I SurfaceFlinger: id=162352 Removed 389beed ActivityRecordInputSink com.example.dogglers/androidx.test.core.app.InstrumentationActivityInvoker$BootstrapActivity#162352 (331)
09-25 13:19:26.730  6586  7669 I SAMSUNGWALLET: [ProcessMonitor] App went to background.
09-25 13:19:26.730  5639  5639 D LifecycleMonitor: Lifecycle status change: androidx.test.core.app.InstrumentationActivityInvoker$EmptyActivity@d9a7d67 in: PRE_ON_CREATE
09-25 13:19:26.730  5639  5639 V ActivityScenario: Activity lifecycle changed event received but ignored because the intent does not match. startActivityIntent=Intent { act=android.intent.action.MAIN cat=[android.intent.category.LAUNCHER] cmp=com.example.dogglers/.GridListActivity }, activity.getIntent()=Intent { act=android.intent.action.MAIN cat=[android.intent.category.LAUNCHER] flg=0x10000000 cmp=com.example.dogglers/androidx.test.core.app.InstrumentationActivityInvoker$EmptyActivity }, activity=androidx.test.core.app.InstrumentationActivityInvoker$EmptyActivity@d9a7d67
09-25 13:19:26.730  1914  1914 I Layer   : id=162367 removedFromDrawingState Surface(name=6a358c3 InputMethod)/@0x1a6cc79 - animation-leash of insets_animation#162367 (331)
09-25 13:19:26.732  6586  7522 I SAMSUNGWALLET: [Hint_e] isHomePackageRunning topPkgName = com.example.dogglers, topClsName = androidx.test.core.app.InstrumentationActivityInvoker$EmptyActivity, return false , se : false
09-25 13:19:26.733  6586  7522 I SAMSUNGWALLET: [ResetData] getSAResetDialogFlag : false
09-25 13:19:26.733  5639  5639 I DecorView: [INFO] isPopOver=false config=true
09-25 13:19:26.733  5639  5639 I DecorView: updateCaptionType: isFloating=false isApplication=true hasWindowDecorCaption=false this=DecorView@6d1acd3[]
09-25 13:19:26.733  5639  5639 D DecorView: setCaptionType = 0, this = DecorView@6d1acd3[]
09-25 13:19:26.733  6586  6586 I SAMSUNGWALLET: [Hint_PayHintService] Hint Status - already invisible, skip hide : [4000000] - Home Package Not Running
09-25 13:19:26.734  6586  7669 I SAMSUNGWALLET: [ProcessMonitor] App went to background.
09-25 13:19:26.734  5639  5639 I DecorView: getCurrentDensityDpi: from real metrics. densityDpi=560 msg=resources_loaded
09-25 13:19:26.734  5639  5639 I DecorView: setWindowBackground: isPopOver=false color=ff010101 d=android.graphics.drawable.StateListDrawable@8211010
09-25 13:19:26.734  5639  5639 D LifecycleMonitor: Lifecycle status change: androidx.test.core.app.InstrumentationActivityInvoker$EmptyActivity@d9a7d67 in: CREATED
09-25 13:19:26.734  5639  5639 V ActivityScenario: Activity lifecycle changed event received but ignored because the intent does not match. startActivityIntent=Intent { act=android.intent.action.MAIN cat=[android.intent.category.LAUNCHER] cmp=com.example.dogglers/.GridListActivity }, activity.getIntent()=Intent { act=android.intent.action.MAIN cat=[android.intent.category.LAUNCHER] flg=0x10000000 cmp=com.example.dogglers/androidx.test.core.app.InstrumentationActivityInvoker$EmptyActivity }, activity=androidx.test.core.app.InstrumentationActivityInvoker$EmptyActivity@d9a7d67
09-25 13:19:26.734  3108  3230 I SemPersonaManager: SecureFolder personaId = 150
09-25 13:19:26.734  5639  5639 D LifecycleMonitor: Lifecycle status change: androidx.test.core.app.InstrumentationActivityInvoker$EmptyActivity@d9a7d67 in: STARTED
09-25 13:19:26.734  5639  5639 V ActivityScenario: Activity lifecycle changed event received but ignored because the intent does not match. startActivityIntent=Intent { act=android.intent.action.MAIN cat=[android.intent.category.LAUNCHER] cmp=com.example.dogglers/.GridListActivity }, activity.getIntent()=Intent { act=android.intent.action.MAIN cat=[android.intent.category.LAUNCHER] flg=0x10000000 cmp=com.example.dogglers/androidx.test.core.app.InstrumentationActivityInvoker$EmptyActivity }, activity=androidx.test.core.app.InstrumentationActivityInvoker$EmptyActivity@d9a7d67
09-25 13:19:26.735  5639  5639 D LifecycleMonitor: Lifecycle status change: androidx.test.core.app.InstrumentationActivityInvoker$EmptyActivity@d9a7d67 in: RESUMED
09-25 13:19:26.735  5639  5639 V ActivityScenario: Activity lifecycle changed event received but ignored because the intent does not match. startActivityIntent=Intent { act=android.intent.action.MAIN cat=[android.intent.category.LAUNCHER] cmp=com.example.dogglers/.GridListActivity }, activity.getIntent()=Intent { act=android.intent.action.MAIN cat=[android.intent.category.LAUNCHER] flg=0x10000000 cmp=com.example.dogglers/androidx.test.core.app.InstrumentationActivityInvoker$EmptyActivity }, activity=androidx.test.core.app.InstrumentationActivityInvoker$EmptyActivity@d9a7d67
09-25 13:19:26.735  5639  5639 I MSHandlerLifeCycle: check: return. pkg=com.example.dogglers parent=null callers=com.android.internal.policy.DecorView.setVisibility:4412 android.app.ActivityThread.handleResumeActivity:5476 android.app.servertransaction.ResumeActivityItem.execute:54 android.app.servertransaction.ActivityTransactionItem.execute:45 android.app.servertransaction.TransactionExecutor.executeLifecycleState:176
09-25 13:19:26.735  5639  5639 I MSHandlerLifeCycle: removeMultiSplitHandler: no exist. decor=DecorView@6d1acd3[]
09-25 13:19:26.736  6586  7522 I SAMSUNGWALLET: [Hint_e] isHomePackageRunning topPkgName = com.example.dogglers, topClsName = androidx.test.core.app.InstrumentationActivityInvoker$EmptyActivity, return false , se : false
09-25 13:19:26.737  5639  5729 D NativeCustomFrequencyManager: [NativeCFMS] BpCustomFrequencyManager::BpCustomFrequencyManager()
09-25 13:19:26.737  6586  7522 I SAMSUNGWALLET: [ResetData] getSAResetDialogFlag : false
09-25 13:19:26.737  6586  6586 I SAMSUNGWALLET: [Hint_PayHintService] Hint Status - already invisible, skip hide : [4000000] - Home Package Not Running
09-25 13:19:26.739  1914  1914 I Layer   : id=162346 removedFromDrawingState ActivityRecord{220b122 u0 com.example.dogglers/androidx.test.core.app.InstrumentationActivityInvoker$BootstrapActivity} t7115}#162346 (331)
09-25 13:19:26.739  1914  1914 I Layer   : id=162352 removedFromDrawingState 389beed ActivityRecordInputSink com.example.dogglers/androidx.test.core.app.InstrumentationActivityInvoker$BootstrapActivity#162352 (331)
09-25 13:19:26.739  1914  1914 I SurfaceFlinger: id=162346 Removed ActivityRecord{220b122 u0 com.example.dogglers/androidx.test.core.app.InstrumentationActivityInvoker$BootstrapActivity} t7115}#162346 (331)
09-25 13:19:26.739  3108  5411 D InputTransport: Input channel constructed: 'de891c6', fd=1322
09-25 13:19:26.739  3108  5411 D InputTransport: Input channel constructed: 'de891c6', fd=1337
09-25 13:19:26.739  3108  5411 D InputTransport: Input channel constructed: 'de891c6', fd=1354
09-25 13:19:26.739  1914  1914 I Layer   : id=162346 Destroyed ActivityRecord{220b122 u0 com.example.dogglers/androidx.test.core.app.InstrumentationActivityInvoker$BootstrapActivity} t7115}#162346
09-25 13:19:26.739  1914  1914 I Layer   : id=162352 Destroyed 389beed ActivityRecordInputSink com.example.dogglers/androidx.test.core.app.InstrumentationActivityInvoker$BootstrapActivity#162352
09-25 13:19:26.739  6586  7669 I SAMSUNGWALLET: [ProcessMonitor] App went to background.
09-25 13:19:26.740  3108  3230 D EnterpriseDeviceManagerService: isMdmAdminPresentInternal() : MDM Admin Found - com.samsung.knox.securefolder
09-25 13:19:26.740  6586  7522 I SAMSUNGWALLET: [Hint_e] isHomePackageRunning topPkgName = com.example.dogglers, topClsName = androidx.test.core.app.InstrumentationActivityInvoker$EmptyActivity, return false , se : false
09-25 13:19:26.741  1914  2140 I SurfaceFlinger: id=162369 createSurf, flag=80004, de891c6 com.example.dogglers/androidx.test.core.app.InstrumentationActivityInvoker$EmptyActivity#162369
09-25 13:19:26.741  6586  6586 I SAMSUNGWALLET: [Hint_PayHintService] Hint Status - already invisible, skip hide : [4000000] - Home Package Not Running
09-25 13:19:26.743  3108  5411 D InputTransport: Input channel destroyed: 'de891c6', fd=1354
09-25 13:19:26.743  5639  5639 D InsetsController: onStateChanged: InsetsState: {mDisplayFrame=Rect(0, 0 - 1440, 3088), mDisplayCutout=DisplayCutout{insets=Rect(0, 100 - 0, 0) waterfall=Insets{left=0, top=0, right=0, bottom=0} boundingRect={Bounds=[Rect(0, 0 - 0, 0), Rect(685, 0 - 756, 100), Rect(0, 0 - 0, 0), Rect(0, 0 - 0, 0)]} cutoutPathParserInfo={CutoutPathParserInfo{displayWidth=1440 displayHeight=3088 physicalDisplayWidth=1440 physicalDisplayHeight=3088 density={3.75} cutoutSpec={M 0,0 H -9.466666666666667 V 26.66666666666667‬ H 9.466666666666667 V 0 H 0 Z @dp} rotation={0} scale={1.0} physicalPixelDisplaySizeRatio={1.0}}}}, mRoundedCorners=RoundedCorners{[RoundedCorner{position=TopLeft, radius=14, center=Point(14, 14)}, RoundedCorner{position=TopRight, radius=14, center=Point(1426, 14)}, RoundedCorner{position=BottomRight, radius=14, center=Point(1426, 3074)}, RoundedCorner{position=BottomLeft, radius=14, center=Point(14, 3074)}]}  mRoundedCornerFrame=Rect(0, 0 - 1440, 3088), mPrivacyIndicatorBounds=PrivacyIndicatorBounds {static bounds=Rect(1286, 0 - 1440, 100) rotation=0}, mSources= { InsetsSource: {mType=ITYPE_STATUS_BAR, mFrame=[0,0][1440,100], mVisible=true, mInsetsRoundedCornerFrame=false}, InsetsSource: {mType=ITYPE_NAVIGATION_BAR, mFrame=[0,3088][1440,3088], mVisible=true, mInsetsRoundedCornerFrame=false}, InsetsSource: {mType=ITYPE_LEFT_GESTURES, mFrame=[0,0][0,3088], mVisible=true, mInsetsRoundedCornerFrame=false}, InsetsSource: {mType=ITYPE_RIGHT_GESTURES, mFrame=[1440,0][1440,3088], mVisible=true, mInsetsRoundedCornerFrame=false}, InsetsSource: {mType=ITYPE_TOP_MANDATORY_GESTURES, mFrame=[0,0][1440,142], mVisible=true, mInsetsRoundedCornerFrame=false}, InsetsSource: {mType=ITYPE_BOTTOM_MANDATORY_GESTURES, mFrame=[0,3018][1440,3088], mVisible=true, mInsetsRoundedCornerFrame=false}, InsetsSource: {mType=ITYPE_LEFT_DISPLAY_CUTOUT, mFrame=[0,0][-100000,3088], mVisible=true, mInsetsRoundedCornerFrame=false}, InsetsSource: {mType=ITYPE_TOP_DISPLAY_CUTOUT, mFrame=[0,0][1440,100], mVisible=true, mInsetsRoundedCornerFrame=false}, InsetsSource: {mType=ITYPE_RIGHT_DISPLAY_CUTOUT, mFrame=[100000,0][1440,3088], mVisible=true, mInsetsRoundedCornerFrame=false}, InsetsSource: {mType=ITYPE_BOTTOM_DISPLAY_CUTOUT, mFrame=[0,100000][1440,3088], mVisible=true, mInsetsRoundedCornerFrame=false}, InsetsSource: {mType=ITYPE_TOP_TAPPABLE_ELEMENT, mFrame=[0,0][1440,100], mVisible=true, mInsetsRoundedCornerFrame=false}, InsetsSource: {mType=ITYPE_BOTTOM_TAPPABLE_ELEMENT, mFrame=[0,0][0,0], mVisible=true, mInsetsRoundedCornerFrame=false} } host=com.example.dogglers/androidx.test.core.app.InstrumentationActivityInvoker$EmptyActivity from=android.view.ViewRootImpl.setView:1732
09-25 13:19:26.746  5639  5639 I ViewRootImpl@7354d0e[InstrumentationActivityInvoker$EmptyActivity]: setView = com.android.internal.policy.DecorView@6d1acd3 TM=true
09-25 13:19:26.746  5639  5639 I MSHandlerLifeCycle: removeMultiSplitHandler: no exist. decor=DecorView@6d1acd3[InstrumentationActivityInvoker$EmptyActivity]
09-25 13:19:26.746  3108  3338 D AnalyticsContainerHandler: handleMessage : { when=0 what=1 target=com.android.server.knox.KnoxAnalyticsContainer$AnalyticsHandler }
09-25 13:19:26.746  3108  6142 I MediaSessionMonitor: Media session stopped : controllerList empty
09-25 13:19:26.746  3108  3146 D InputMethodManagerService: isImeSwitcherDisabledPackage : false
09-25 13:19:26.747   586   586 I InputMethodService: removeImeSurface
09-25 13:19:26.747   586   586 I MSHandlerLifeCycle: check: return. pkg=com.google.android.inputmethod.latin isActivity=false callers=com.android.internal.policy.DecorView.setVisibility:4412 android.app.Dialog.hide:767 android.inputmethodservice.InputMethodService.removeImeSurface:1290 android.inputmethodservice.InputMethodService.scheduleImeSurfaceRemoval:1279 android.inputmethodservice.InputMethodService.-$$Nest$mscheduleImeSurfaceRemoval:0
09-25 13:19:26.747   586   586 I MSHandlerLifeCycle: removeMultiSplitHandler: no exist. decor=DecorView@3ddf8c7[InputMethod]
09-25 13:19:26.748  5639  5639 I ViewRootImpl@7354d0e[InstrumentationActivityInvoker$EmptyActivity]: performTraversals params={(0,0)(fillxfill) sim={adjust=pan forwardNavigation} ty=BASE_APPLICATION wanim=0x1030001
09-25 13:19:26.748  5639  5639 I ViewRootImpl@7354d0e[InstrumentationActivityInvoker$EmptyActivity]:   fl=1810100
09-25 13:19:26.748  5639  5639 I ViewRootImpl@7354d0e[InstrumentationActivityInvoker$EmptyActivity]:   pfl=12020040
09-25 13:19:26.748  5639  5639 I ViewRootImpl@7354d0e[InstrumentationActivityInvoker$EmptyActivity]:   bhv=DEFAULT
09-25 13:19:26.748  5639  5639 I ViewRootImpl@7354d0e[InstrumentationActivityInvoker$EmptyActivity]:   fitSides= naviIconColor=0}
09-25 13:19:26.749  5639  5639 I ViewRootImpl@7354d0e[InstrumentationActivityInvoker$EmptyActivity]: performTraversals mFirst=true windowShouldResize=true viewVisibilityChanged=false mForceNextWindowRelayout=false params={(0,0)(fillxfill) sim={adjust=pan forwardNavigation} ty=BASE_APPLICATION wanim=0x1030001
09-25 13:19:26.749  5639  5639 I ViewRootImpl@7354d0e[InstrumentationActivityInvoker$EmptyActivity]:   fl=1810100
09-25 13:19:26.749  5639  5639 I ViewRootImpl@7354d0e[InstrumentationActivityInvoker$EmptyActivity]:   pfl=12020040
09-25 13:19:26.749  5639  5639 I ViewRootImpl@7354d0e[InstrumentationActivityInvoker$EmptyActivity]:   bhv=DEFAULT
09-25 13:19:26.749  5639  5639 I ViewRootImpl@7354d0e[InstrumentationActivityInvoker$EmptyActivity]:   fitSides= naviIconColor=0}
09-25 13:19:26.749  3108  5411 V WindowManager: Relayout Window{de891c6 u0 com.example.dogglers/androidx.test.core.app.InstrumentationActivityInvoker$EmptyActivity}: viewVisibility=0 req=1440x3088 d0
09-25 13:19:26.749  1914  2140 I SurfaceFlinger: id=162370 createSurf, flag=40004, com.example.dogglers/androidx.test.core.app.InstrumentationActivityInvoker$EmptyActivity$_5639#162370
09-25 13:19:26.751  8423  8423 I ActivityUtils: HomePackage : com.sec.android.app.launcher, resumePackageName : com.example.dogglers
09-25 13:19:26.753  1914  2140 I SurfaceFlinger: id=162371 createSurf, flag=24000, Surface(name=4eb27f5 StatusBar)/@0x43fa543 - animation-leash of insets_animation#162371
09-25 13:19:26.754  1914  2140 I SurfaceFlinger: id=162372 createSurf, flag=24000, Surface(name=d110b4c NavigationBar0)/@0x8bdb781 - animation-leash of insets_animation#162372
09-25 13:19:26.755  3108  5411 V WindowManager: Relayout hash=de891c6, pid=5639, syncId=-1: mAttrs={(0,0)(fillxfill) sim={adjust=pan forwardNavigation} ty=BASE_APPLICATION wanim=0x1030001
09-25 13:19:26.755  3108  5411 V WindowManager:   fl=1810100
09-25 13:19:26.755  3108  5411 V WindowManager:   pfl=12020040
09-25 13:19:26.755  3108  5411 V WindowManager:   bhv=DEFAULT
09-25 13:19:26.755  3108  5411 V WindowManager:   fitSides= naviIconColor=0}
09-25 13:19:26.756  5639  5639 D InsetsController: onStateChanged: InsetsState: {mDisplayFrame=Rect(0, 0 - 1440, 3088), mDisplayCutout=DisplayCutout{insets=Rect(0, 100 - 0, 0) waterfall=Insets{left=0, top=0, right=0, bottom=0} boundingRect={Bounds=[Rect(0, 0 - 0, 0), Rect(685, 0 - 756, 100), Rect(0, 0 - 0, 0), Rect(0, 0 - 0, 0)]} cutoutPathParserInfo={CutoutPathParserInfo{displayWidth=1440 displayHeight=3088 physicalDisplayWidth=1440 physicalDisplayHeight=3088 density={3.75} cutoutSpec={M 0,0 H -9.466666666666667 V 26.66666666666667‬ H 9.466666666666667 V 0 H 0 Z @dp} rotation={0} scale={1.0} physicalPixelDisplaySizeRatio={1.0}}}}, mRoundedCorners=RoundedCorners{[RoundedCorner{position=TopLeft, radius=14, center=Point(14, 14)}, RoundedCorner{position=TopRight, radius=14, center=Point(1426, 14)}, RoundedCorner{position=BottomRight, radius=14, center=Point(1426, 3074)}, RoundedCorner{position=BottomLeft, radius=14, center=Point(14, 3074)}]}  mRoundedCornerFrame=Rect(0, 0 - 1440, 3088), mPrivacyIndicatorBounds=PrivacyIndicatorBounds {static bounds=Rect(1286, 0 - 1440, 100) rotation=0}, mSources= { InsetsSource: {mType=ITYPE_STATUS_BAR, mFrame=[0,0][1440,100], mVisible=true, mInsetsRoundedCornerFrame=false}, InsetsSource: {mType=ITYPE_NAVIGATION_BAR, mFrame=[0,3088][1440,3088], mVisible=true, mInsetsRoundedCornerFrame=false}, InsetsSource: {mType=ITYPE_LEFT_GESTURES, mFrame=[0,0][0,3088], mVisible=true, mInsetsRoundedCornerFrame=false}, InsetsSource: {mType=ITYPE_RIGHT_GESTURES, mFrame=[1440,0][1440,3088], mVisible=true, mInsetsRoundedCornerFrame=false}, InsetsSource: {mType=ITYPE_TOP_MANDATORY_GESTURES, mFrame=[0,0][1440,142], mVisible=true, mInsetsRoundedCornerFrame=false}, InsetsSource: {mType=ITYPE_BOTTOM_MANDATORY_GESTURES, mFrame=[0,3018][1440,3088], mVisible=true, mInsetsRoundedCornerFrame=false}, InsetsSource: {mType=ITYPE_LEFT_DISPLAY_CUTOUT, mFrame=[0,0][-100000,3088], mVisible=true, mInsetsRoundedCornerFrame=false}, InsetsSource: {mType=ITYPE_TOP_DISPLAY_CUTOUT, mFrame=[0,0][1440,100], mVisible=true, mInsetsRoundedCornerFrame=false}, InsetsSource: {mType=ITYPE_RIGHT_DISPLAY_CUTOUT, mFrame=[100000,0][1440,3088], mVisible=true, mInsetsRoundedCornerFrame=false}, InsetsSource: {mType=ITYPE_BOTTOM_DISPLAY_CUTOUT, mFrame=[0,100000][1440,3088], mVisible=true, mInsetsRoundedCornerFrame=false}, InsetsSource: {mType=ITYPE_TOP_TAPPABLE_ELEMENT, mFrame=[0,0][1440,100], mVisible=true, mInsetsRoundedCornerFrame=false}, InsetsSource: {mType=ITYPE_BOTTOM_TAPPABLE_ELEMENT, mFrame=[0,0][0,0], mVisible=true, mInsetsRoundedCornerFrame=false}, InsetsSource: {mType=ITYPE_IME, mFrame=[0,0][0,0], mVisibleFrame=[0,3088][1440,3088], mVisible=false, mInsetsRoundedCornerFrame=false} } host=com.example.dogglers/androidx.test.core.app.InstrumentationActivityInvoker$EmptyActivity from=android.view.ViewRootImpl.relayoutWindow:9802
09-25 13:19:26.757  5639  5639 I ViewRootImpl@7354d0e[InstrumentationActivityInvoker$EmptyActivity]: updateBlastSurfaceIfNeeded mBlastBufferQueue=null isSameSurfaceControl=false
09-25 13:19:26.757  5639  5639 I BLASTBufferQueue: new BLASTBufferQueue, mName= ViewRootImpl@7354d0e[InstrumentationActivityInvoker$EmptyActivity] mNativeObject= 0xb4000077a1042300 sc.mNativeObject= 0xb4000077a0f51300 caller= android.view.ViewRootImpl.updateBlastSurfaceIfNeeded:2909 android.view.ViewRootImpl.relayoutWindow:9847 android.view.ViewRootImpl.performTraversals:3884 android.view.ViewRootImpl.doTraversal:3116 android.view.ViewRootImpl$TraversalRunnable.run:10885 android.view.Choreographer$CallbackRecord.run:1301 android.view.Choreographer$CallbackRecord.run:1309 android.view.Choreographer.doCallbacks:923 android.view.Choreographer.doFrame:852 android.view.Choreographer$FrameDisplayEventReceiver.run:1283
09-25 13:19:26.757  5639  5639 I BLASTBufferQueue: update, w= 1440 h= 3088 mName = ViewRootImpl@7354d0e[InstrumentationActivityInvoker$EmptyActivity] mNativeObject= 0xb4000077a1042300 sc.mNativeObject= 0xb4000077a0f51300 format= -1 caller= android.graphics.BLASTBufferQueue.<init>:84 android.view.ViewRootImpl.updateBlastSurfaceIfNeeded:2909 android.view.ViewRootImpl.relayoutWindow:9847 android.view.ViewRootImpl.performTraversals:3884 android.view.ViewRootImpl.doTraversal:3116 android.view.ViewRootImpl$TraversalRunnable.run:10885
09-25 13:19:26.757  5639  5639 I ViewRootImpl@7354d0e[InstrumentationActivityInvoker$EmptyActivity]: Relayout returned: old=(0,0,1440,3088) new=(0,0,1440,3088) req=(1440,3088)0 dur=8 res=0x3 s={true 0xb400007718b73800} ch=true seqId=0
09-25 13:19:26.757  5639  5639 I ViewRootImpl@7354d0e[InstrumentationActivityInvoker$EmptyActivity]: performConfigurationChange setNightDimText nightDimLevel=0
09-25 13:19:26.758  5639  5639 I ViewRootImpl@7354d0e[InstrumentationActivityInvoker$EmptyActivity]: mThreadedRenderer.initialize() mSurface={isValid=true 0xb400007718b73800} hwInitialized=true
09-25 13:19:26.758  5639  5729 D OpenGLRenderer: eglCreateWindowSurface
09-25 13:19:26.759  5639  5639 I ViewRootImpl@7354d0e[InstrumentationActivityInvoker$EmptyActivity]: reportNextDraw android.view.ViewRootImpl.performTraversals:4438 android.view.ViewRootImpl.doTraversal:3116 android.view.ViewRootImpl$TraversalRunnable.run:10885 android.view.Choreographer$CallbackRecord.run:1301 android.view.Choreographer$CallbackRecord.run:1309
09-25 13:19:26.759  5639  5639 I ViewRootImpl@7354d0e[InstrumentationActivityInvoker$EmptyActivity]: Setup new sync id=0
09-25 13:19:26.759  5639  5639 I ViewRootImpl@7354d0e[InstrumentationActivityInvoker$EmptyActivity]: Setting syncFrameCallback
09-25 13:19:26.759  5639  5639 I ViewRootImpl@7354d0e[InstrumentationActivityInvoker$EmptyActivity]: registerCallbacksForSync syncBuffer=false
09-25 13:19:26.759  5639  5771 I ViewRootImpl@7354d0e[InstrumentationActivityInvoker$EmptyActivity]: Received frameDrawingCallback syncResult=0 frameNum=1.
09-25 13:19:26.759  5639  5771 I ViewRootImpl@7354d0e[InstrumentationActivityInvoker$EmptyActivity]: Setting up sync and frameCommitCallback
09-25 13:19:26.760  5639  5729 I BLASTBufferQueue: [ViewRootImpl@7354d0e[InstrumentationActivityInvoker$EmptyActivity]#35](f:0,a:0) onFrameAvailable the first frame is available
09-25 13:19:26.760  5639  5729 I ViewRootImpl@7354d0e[InstrumentationActivityInvoker$EmptyActivity]: Received frameCommittedCallback lastAttemptedDrawFrameNum=1 didProduceBuffer=true
09-25 13:19:26.761  5639  5729 D OpenGLRenderer: CFMS:: SetUp Pid : 5639    Tid : 5729
09-25 13:19:26.762  5639  5639 I ViewRootImpl@7354d0e[InstrumentationActivityInvoker$EmptyActivity]: onSyncComplete
09-25 13:19:26.762  5639  5639 I ViewRootImpl@7354d0e[InstrumentationActivityInvoker$EmptyActivity]: setupSync seqId=0 mSyncId=0 fn=1 caller=android.view.ViewRootImpl$$ExternalSyntheticLambda11.accept:6 android.window.SurfaceSyncer.lambda$setupSync$1$android-window-SurfaceSyncer:128 android.window.SurfaceSyncer$$ExternalSyntheticLambda1.accept:8 android.window.SurfaceSyncer$SyncSet.checkIfSyncIsComplete:382 android.window.SurfaceSyncer$SyncSet.markSyncReady:359 android.window.SurfaceSyncer.markSyncReady:151 android.view.ViewRootImpl.performTraversals:4503
09-25 13:19:26.762  5639  5639 I ViewRootImpl@7354d0e[InstrumentationActivityInvoker$EmptyActivity]: reportDrawFinished seqId=0 mSyncId=-1 fn=1 mSurfaceChangedTransaction=0xb4000077a103a000
09-25 13:19:26.763  5639  5639 I ViewRootImpl@c928911[InstrumentationActivityInvoker$EmptyActivity]: MSG_WINDOW_FOCUS_CHANGED 0 0
09-25 13:19:26.763  1914  1914 I Layer   : id=162364 removedFromDrawingState Surface(name=4eb27f5 StatusBar)/@0x43fa543 - animation-leash of insets_animation#162364 (333)
09-25 13:19:26.764  1914  1914 I Layer   : id=162365 removedFromDrawingState Surface(name=d110b4c NavigationBar0)/@0x8bdb781 - animation-leash of insets_animation#162365 (333)
09-25 13:19:26.764  1914  1914 I SurfaceFlinger: [de891c6 com.example.dogglers/androidx.test.core.app.InstrumentationActivityInvoker$EmptyActivity#162369] FrameRatePriority: 1
09-25 13:19:26.765  3108  3231 I SemDvfsHyPerManager: acquire hyper - AMS_RESUME_TAIL/3108@20, type = -999
09-25 13:19:26.765  3108  5411 D InputDispatcher: Focus request (0): de891c6 com.example.dogglers/androidx.test.core.app.InstrumentationActivityInvoker$EmptyActivity but waiting because NO_WINDOW
09-25 13:19:26.765  3108  3231 I SemDvfsHyPerManager: acquire hyper - AMS_ACT_LAZY/3108@21, type = -999
09-25 13:19:26.765  3108  3227 I ActivityTaskManager: Displayed com.example.dogglers/androidx.test.core.app.InstrumentationActivityInvoker$EmptyActivity: +81ms
09-25 13:19:26.765  1809  1855 I HYPER-HAL: [RequestManager.cpp]acquire(): Acquired ID : 4893776  [3108 / 20]    HINT : AMS_RESUME_TAIL    list :
09-25 13:19:26.765  1809  1855 I HYPER-HAL: [RequestManager.cpp]acquire(): Acquired ID : 4896906  [3108 / 21]    HINT : AMS_ACT_LAZY    list :
09-25 13:19:26.766  5759  5759 E pageboostd: Received HALT command code 2
09-25 13:19:26.766  1914  2140 I SurfaceFlinger: id=162373 createSurf, flag=80000, 85d5ffd ActivityRecordInputSink com.example.dogglers/androidx.test.core.app.InstrumentationActivityInvoker$EmptyActivity#162373
09-25 13:19:26.767  1809  1855 I HYPER-HAL: [RequestManager.cpp]releaseLocked(): Released ID : 4887519
09-25 13:19:26.769  1914  2140 I SurfaceFlinger: id=162365 Removed Surface(name=d110b4c NavigationBar0)/@0x8bdb781 - animation-leash of insets_animation#162365 (334)
09-25 13:19:26.769 21794 21794 I dnan    : onPause
09-25 13:19:26.769  5639  5639 I ViewRootImpl@c928911[InstrumentationActivityInvoker$EmptyActivity]: handleAppVisibility mAppVisible = true visible = false
09-25 13:19:26.769  1914  2140 I SurfaceFlinger: id=162364 Removed Surface(name=4eb27f5 StatusBar)/@0x43fa543 - animation-leash of insets_animation#162364 (334)
09-25 13:19:26.771 21756 21756 I gmxl    : (REDACTED) received broadcast: %s
09-25 13:19:26.772  1914  1914 I Layer   : Layer [com.example.dogglers/androidx.test.core.app.InstrumentationActivityInvoker$EmptyActivity$_5639#162370] hidden!! flag(0)
09-25 13:19:26.772  1914  1914 I Layer   : Layer [com.example.dogglers/androidx.test.core.app.InstrumentationActivityInvoker$EmptyActivity$_5639#162363] hidden!! flag(1)
09-25 13:19:26.772  1914  1914 I Layer   : id=162364 Destroyed Surface(name=4eb27f5 StatusBar)/@0x43fa543 - animation-leash of insets_animation#162364
09-25 13:19:26.772  1914  1914 I Layer   : id=162365 Destroyed Surface(name=d110b4c NavigationBar0)/@0x8bdb781 - animation-leash of insets_animation#162365
09-25 13:19:26.773  5639  5729 D OpenGLRenderer: setSurface called with nullptr
09-25 13:19:26.773  5639  5729 D OpenGLRenderer: setSurface() destroyed EGLSurface
09-25 13:19:26.773  5639  5729 D OpenGLRenderer: destroyEglSurface
09-25 13:19:26.773  3108  6456 D InputDispatcher: Focus entered window (0): de891c6 com.example.dogglers/androidx.test.core.app.InstrumentationActivityInvoker$EmptyActivity
09-25 13:19:26.773  5639  5639 I ViewRootImpl@c928911[InstrumentationActivityInvoker$EmptyActivity]: performTraversals mFirst=false windowShouldResize=false viewVisibilityChanged=true mForceNextWindowRelayout=false params=null
09-25 13:19:26.774  3108  6266 V WindowManager: Relayout Window{daa6742 u0 com.example.dogglers/androidx.test.core.app.InstrumentationActivityInvoker$EmptyActivity}: viewVisibility=8 req=1440x3088 d0
09-25 13:19:26.774  1914  1914 D SurfaceFlinger: Display 4630947093241269891 HWC layers:
09-25 13:19:26.774  1914  1914 D SurfaceFlinger:      DEVICE | 0xb400007af6c14080 | 0102 | RGBA_8888    |    0.0    0.0 1440.0 3088.0 |    0    0 1440 3088 | com.example.dogglers/androidx.test.c[...]tyInvoker$EmptyActivity$_5639#162370
09-25 13:19:26.774  1914  1914 D SurfaceFlinger:      DEVICE | 0xb400007af6c14880 | 0100 | RGBA_8888    |    0.0    0.0 1440.0  100.0 |    0    0 1440  100 | StatusBar$_4768#95
09-25 13:19:26.774  1914  1914 D SurfaceFlinger:      DEVICE | 0xb400007af8705400 | 0100 | RGBA_8888    |    0.0    0.0   67.0  589.0 |    0  562   67 1151 | com.samsung.android.app.cocktailbars[...]vice.CocktailBarService$_8423#156853
09-25 13:19:26.774  1914  1914 D SurfaceFlinger:      DEVICE | 0xb400007af8705500 | 0100 | RGBA_8888    |    0.0    0.0  518.0   48.0 |  922 3040 1440 3088 | SGestureOverlayWindow$_5369#156268
09-25 13:19:26.774  1914  1914 D SurfaceFlinger:      DEVICE | 0xb400007af6c15880 | 0100 | RGBA_8888    |    0.0    0.0 1440.0  168.0 |    0 2920 1440 3088 | NavigationBar0$_4768#92
09-25 13:19:26.774  1914  1914 D SurfaceFlinger:
09-25 13:19:26.774 21756 22479 I gmxo    : (REDACTED) received broadcast: %s
09-25 13:19:26.774 21756 22479 I gmsg    : (REDACTED) #onConfigUpdate. requester: %s
09-25 13:19:26.775 21756 22479 I gmsg    : #onConfigUpdate inside sequencer
09-25 13:19:26.775 21756 22479 I gmpa    : (REDACTED) Voice Match (Speaker-id) supported : %b
09-25 13:19:26.775 21756 22479 I gmpa    : (REDACTED) hotword enrollment state is enrolled:  %b, speakerId model exist: %b. Voice Match supported : %b
09-25 13:19:26.775 21756 22479 I gmpa    : (REDACTED) isHotwordAvailable():  %b, isHotwordEnabled() %b
09-25 13:19:26.775 21756 22479 I gmpa    : (REDACTED) isHotwordAvailable():  %b, isHotwordEnabled() %b
09-25 13:19:26.775 21756 22479 I gmpa    : (REDACTED) Hotword enrollment state : %s.
09-25 13:19:26.775 21756 22479 I gmpa    : (REDACTED) Voice Match (Speaker-id) supported : %b
09-25 13:19:26.775 21756 22479 I gmpa    : (REDACTED) Voice Match (Speaker-id) supported : %b
09-25 13:19:26.775 21756 22479 I gmpa    : (REDACTED) hotword enrollment state is enrolled:  %b, speakerId model exist: %b, voice match supported : %b
09-25 13:19:26.775 21756 22479 I gmpa    : (REDACTED) Hotword isNonVoiceMatchHotwordEnabled: %b, isHotwordAvailable : %b, isHotwordEnabled : %b, isVoiceMatchSupported: %b, isHotwordEnrolled: %b.
09-25 13:19:26.775 21756 22479 I gmsg    : (REDACTED) Ignore the legacy hotword request. voice match enabled %b, isHotwordSupported %b, isIncompleteEnrollmentState %b, nonVoiceMatchHotwordEnabled %b
09-25 13:19:26.775  3108  6266 V WindowManager: Relayout hash=daa6742, pid=5639, syncId=-1: mAttrs={(0,0)(fillxfill) sim={adjust=pan forwardNavigation} ty=BASE_APPLICATION wanim=0x1030001
09-25 13:19:26.775  3108  6266 V WindowManager:   fl=1810100
09-25 13:19:26.775  3108  6266 V WindowManager:   pfl=12020040
09-25 13:19:26.775  3108  6266 V WindowManager:   bhv=DEFAULT
09-25 13:19:26.775  3108  6266 V WindowManager:   fitSides= naviIconColor=0}
09-25 13:19:26.778  5639  5639 I ViewRootImpl@c928911[InstrumentationActivityInvoker$EmptyActivity]: Relayout returned: old=(0,0,1440,3088) new=(0,0,1440,3088) req=(1440,3088)8 dur=4 res=0x2 s={false 0x0} ch=true seqId=0
09-25 13:19:26.779  3108  6266 D InputDispatcher: Focused application(0): ActivityRecord{d98ff22 u0 com.sec.android.app.launcher/.activities.LauncherActivity} t6591}
09-25 13:19:26.780  3108  4605 D AS.MultiSoundManager: mForegroundUid = 10141
09-25 13:19:26.782  5639  5639 I ViewRootImpl@c928911[InstrumentationActivityInvoker$EmptyActivity]: stopped(true) old = false
09-25 13:19:26.782  5639  5639 I ViewRootImpl@c928911[InstrumentationActivityInvoker$EmptyActivity]: WindowStopped on com.example.dogglers/androidx.test.core.app.InstrumentationActivityInvoker$EmptyActivity set to true
