09-25 13:19:24.646  1914  1914 I Layer   : Layer [com.example.dogglers/com.example.dogglers.GridListActivity$_5639#162279] hidden!! flag(0)
09-25 13:19:24.647  4768  4861 I ViewRootImpl@fa524f6[dogglers]: mWNT: t=0xb4000077a1011400 mBlastBufferQueue=0xb400007705019c80 fn= 2 caller= android.view.SyncRtSurfaceTransactionApplier.applyTransaction:96 android.view.SyncRtSurfaceTransactionApplier.lambda$scheduleApply$0$android-view-SyncRtSurfaceTransactionApplier:69 android.view.SyncRtSurfaceTransactionApplier$$ExternalSyntheticLambda0.onFrameDraw:4
09-25 13:19:24.647  4768  4861 I ViewRootImpl@fa524f6[dogglers]: mWNT: t=0xb4000077a1011d00 mBlastBufferQueue=0xb400007705019c80 fn= 2 caller= android.view.SyncRtSurfaceTransactionApplier.applyTransaction:96 android.view.SyncRtSurfaceTransactionApplier.lambda$scheduleApply$0$android-view-SyncRtSurfaceTransactionApplier:69 android.view.SyncRtSurfaceTransactionApplier$$ExternalSyntheticLambda0.onFrameDraw:4
09-25 13:19:24.648  3108  6456 D InputDispatcher: Focus entered window (0): b6258f com.example.dogglers/com.example.dogglers.GridListActivity
09-25 13:19:24.648  1809  1855 I HYPER-HAL: [RequestManager.cpp]acquire(): Acquired ID : 4896906  [3108 / 21]    HINT : AMS_ACT_LAZY    list :
09-25 13:19:24.649  5639  5639 I ViewRootImpl@15ca18c[GridListActivity]: MSG_WINDOW_FOCUS_CHANGED 1 0
09-25 13:19:24.649  1914  1914 D SurfaceFlinger: Display 4630947093241269891 HWC layers:
09-25 13:19:24.649  1914  1914 D SurfaceFlinger:      CLIENT | 0xb400007af6c13480 | 0100 | RGBx_8888    |  592.0    0.0 1628.0 2220.0 |    0    0 1440 3088 | Wallpaper BBQ wrapper#90
09-25 13:19:24.649  1914  1914 D SurfaceFlinger:      CLIENT | 0xb400007af86b8680 | 0100 | RGBA_8888    |    0.0    0.0 1440.0 3088.0 |    0    0 1440 3088 | com.sec.android.app.launcher/com.sec[...]rActivity$_5369#162113 (blurRegions)
09-25 13:19:24.649  1914  1914 D SurfaceFlinger:      DEVICE | 0xb400007af6c11b00 | 0102 | RGBA_8888    |    0.0    0.0 1440.0 3088.0 |   83  178 1357 2910 | com.example.dogglers/com.example.dogglers.GridListActivity$_5639#162279
09-25 13:19:24.649  1914  1914 D SurfaceFlinger:      DEVICE | 0xb400007af86f4f00 | 0100 | RGBA_8888    |    0.0    0.0 1440.0 3088.0 |   83  178 1357 2910 | Splash Screen com.example.dogglers$_4768#162272
09-25 13:19:24.649  1914  1914 D SurfaceFlinger:      DEVICE | 0xb400007af6c14880 | 0100 | RGBA_8888    |    0.0    0.0 1440.0  100.0 |    0    0 1440  100 | StatusBar$_4768#95
09-25 13:19:24.649  1914  1914 D SurfaceFlinger:      DEVICE | 0xb400007af8705400 | 0100 | RGBA_8888    |    0.0    0.0   67.0  589.0 |    0  562   67 1151 | com.samsung.android.app.cocktailbars[...]vice.CocktailBarService$_8423#156853
09-25 13:19:24.649  1914  1914 D SurfaceFlinger:      DEVI
09-25 13:19:24.649  1914  1914 D SurfaceFlinger: CE | 0xb400007af8705500 | 0100 | RGBA_8888    |    0.0    0.0  518.0   48.0 |  922 3040 1440 3088 | SGestureOverlayWindow$_5369#156268
09-25 13:19:24.649  1914  1914 D SurfaceFlinger:      DEVICE | 0xb400007af6c15880 | 0100 | RGBA_8888    |    0.0    0.0 1440.0  168.0 |    0 2920 1440 3088 | NavigationBar0$_4768#92
09-25 13:19:24.649  1914  1914 D SurfaceFlinger:
09-25 13:19:24.649  5639  5639 I ViewRootImpl@15ca18c[GridListActivity]: mThreadedRenderer.initializeIfNeeded()#2 mSurface={isValid=true 0xb4000077185cc000}
09-25 13:19:24.650  5639  5639 D InputMethodManager: startInputInner - Id : 0
09-25 13:19:24.650  5639  5639 I InputMethodManager: startInputInner - mService.startInputOrWindowGainedFocus
09-25 13:19:24.651  1809  1855 I HYPER-HAL: [RequestManager.cpp]releaseLocked(): Released ID : 4903169
09-25 13:19:24.651  3108  8626 D InputMethodManagerService: DESKTOP MODE! : 2
09-25 13:19:24.651  3108  8626 D InputMethodManagerService: NOT IN KNOX DESKTOP MODE!
09-25 13:19:24.651  3108  8626 V InputMethodManagerService: getDisplayIdOfInputMethodWindowToBeAdded: displayId=0
09-25 13:19:24.651  3108  8626 D InputMethodManagerService: isImeSwitcherDisabledPackage : false
09-25 13:19:24.651  3108  8626 D InputMethodManagerService: checkDisplayOfStartInputAndUpdateKeyboard: displayId=0, mFocusedDisplayId=0
09-25 13:19:24.651  3108  8626 D InputTransport: Input channel constructed: 'ClientS', fd=1259
09-25 13:19:24.651  3108  8626 D InputTransport: Input channel destroyed: 'ClientS', fd=1259
09-25 13:19:24.652  5639  5639 I ViewInteraction: Performing 'fast swipe' action on view view.getId() is <2131230933/com.example.dogglers:id/grid_recycler_view>
09-25 13:19:24.653   586   586 I MSHandlerLifeCycle: check: return. pkg=com.google.android.inputmethod.latin isActivity=false callers=com.android.internal.policy.DecorView.setVisibility:4412 android.inputmethodservice.InkWindow.hide:100 android.inputmethodservice.InputMethodService$InputMethodImpl.unbindInput:875 android.inputmethodservice.IInputMethodWrapper.executeMessage:198 com.android.internal.os.HandlerCaller$MyHandler.handleMessage:44
09-25 13:19:24.653   586   586 I MSHandlerLifeCycle: removeMultiSplitHandler: no exist. decor=DecorView@722edec[]
09-25 13:19:24.653  3108  4923 D InputDispatcher: Inject motion (5639/10577): action=0x0, time=811542616000000, f=0x0, d=0 dsdx=1.000000 dtdx=0.000000
09-25 13:19:24.653  3108  4144 W InputDispatcher: obscured by ccb41d0 Splash
09-25 13:19:24.654   586   586 I GoogleInputMethodService: GoogleInputMethodService.onFinishInput():3267
09-25 13:19:24.654  3108  4144 I InputDispatcher: Delivering touch to (4768): action: 0x4, f=0x0, d=0, 'd110b4c', t=0
09-25 13:19:24.654  3108  4144 I InputDispatcher: Delivering touch to (5639): action: 0x0, f=0x1, d=0, 'b6258f ', t=0 +(-93,-200)*(1.13)
09-25 13:19:24.654  5369  5369 I TouchInteractionService: onInputEvent, inputConsumer = com.android.quickstep.l2@2290d17
09-25 13:19:24.654  5639  5639 I ViewRootImpl@15ca18c[GridListActivity]: ViewPostIme pointer 0
09-25 13:19:24.654  1914  2140 I SurfaceFlinger: id=162283 createSurf, flag=24004, Surface(name=6a358c3 InputMethod)/@0x1a6cc79 - animation-leash of insets_animation#162283
09-25 13:19:24.654   586   586 I GoogleInputMethodService: GoogleInputMethodService.updateDeviceLockedStatus():2097 repeatCheckTimes = 0, locked = false
09-25 13:19:24.654   586   586 D InputMethodService: checkFocusedDisplay() display Id 0last 0
09-25 13:19:24.654   586   586 I GoogleInputMethodService: GoogleInputMethodService.onStartInput():1889 onStartInput(EditorInfo{EditorInfo{packageName=com.example.dogglers, inputType=0, inputTypeString=NULL, enableLearning=false, autoCorrection=false, autoComplete=false, imeOptions=0, privateImeOptions=null, actionName=UNSPECIFIED, actionLabel=null, initialSelStart=-1, initialSelEnd=-1, initialCapsMode=0, label=null, fieldId=-1, fieldName=null, extras=Bundle[{displayId=0}], hintText=null, hintLocales=[]}}, false)
09-25 13:19:24.655   586   586 I GoogleInputMethodService: GoogleInputMethodService.updateDeviceLockedStatus():2097 repeatCheckTimes = 1, locked = false
09-25 13:19:24.657  8328  8328 I SemDvfsHyPerManager: acquire hyper - TATouchBoost/8328@25, type = 1090523139
09-25 13:19:24.658  4768  4860 I ViewRootImpl@fa524f6[dogglers]: mWNT: t=0xb400007731efa900 mBlastBufferQueue=0xb400007705019c80 fn= 3 caller= android.view.SyncRtSurfaceTransactionApplier.applyTransaction:96 android.view.SyncRtSurfaceTransactionApplier.lambda$scheduleApply$0$android-view-SyncRtSurfaceTransactionApplier:69 android.view.SyncRtSurfaceTransactionApplier$$ExternalSyntheticLambda0.onFrameDraw:4
09-25 13:19:24.659  3108  4157 D SemInputMonitorMotionEvent: [sec_input] CASE3 : tool type change pre(1) : cur(0) : TOOL_TYPE_UNKNOWN com.example.dogglers.GridListActivity
09-25 13:19:24.659  3108  3228 I GestureDetector: obtain mCurrentDownEvent. id: -315841809 caller: com.android.server.wm.SystemGesturesPointerEventListener.onPointerEvent:203 com.android.server.wm.PointerEventDispatcher.onInputEvent:53 android.view.InputEventReceiver.dispatchInputEvent:285
09-25 13:19:24.659  1809  1855 I HYPER-HAL: [RequestManager.cpp]acquire(): Acquired ID : 34890506  [8328 / 25]    HINT :      list : [TABoost / 1] [TIMEOUT / 1500]
09-25 13:19:24.659  3108  4157 D SemInputDeviceHqmData: increaseCount mCase3Count:205tempStr2:205 2023/0925/13:19:24 C com.example.dogglers.GridListActivity com.example.dogglers
09-25 13:19:24.659  3108  4923 D InputMethodManagerService: isImeSwitcherDisabledPackage : false
09-25 13:19:24.659  3108  3228 I GestureDetector: obtain mCurrentDownEvent. id: -315841809 caller: com.android.server.wm.SystemPerformancePointerEventListener.onPointerEvent:89 com.android.server.wm.PointerEventDispatcher.onInputEvent:53 android.view.InputEventReceiver.dispatchInputEvent:285
09-25 13:19:24.659  3108  4157 D SemInputDeviceHqmHelper: sendLoggingDataToHQM() Server update !!! basic_custom "CASA":"0","CASB":"0"
09-25 13:19:24.660   586   586 I InputMethodService: removeImeSurface
09-25 13:19:24.660   586   586 I MSHandlerLifeCycle: check: return. pkg=com.google.android.inputmethod.latin isActivity=false callers=com.android.internal.policy.DecorView.setVisibility:4412 android.app.Dialog.hide:767 android.inputmethodservice.InputMethodService.removeImeSurface:1290 android.inputmethodservice.InputMethodService.scheduleImeSurfaceRemoval:1279 android.inputmethodservice.InputMethodService.-$$Nest$mscheduleImeSurfaceRemoval:0
09-25 13:19:24.660   586   586 I MSHandlerLifeCycle: removeMultiSplitHandler: no exist. decor=DecorView@3ddf8c7[InputMethod]
09-25 13:19:24.663  1914  1914 I Layer   : id=162267 removedFromDrawingState Surface(name=6a358c3 InputMethod)/@0x1a6cc79 - animation-leash of insets_animation#162267 (333)
09-25 13:19:24.663  1914  1914 I Layer   : id=97070 removedFromDrawingState 6a358c3 InputMethod#97070 (333)
09-25 13:19:24.663  1914  1914 I Layer   : id=97070 addToCurrentState 6a358c3 InputMethod#97070 (333)
09-25 13:19:24.663  1914  1914 I SurfaceFlinger: id=162267 Removed Surface(name=6a358c3 InputMethod)/@0x1a6cc79 - animation-leash of insets_animation#162267 (333)
09-25 13:19:24.663  1914  1914 I Layer   : id=162267 Destroyed Surface(name=6a358c3 InputMethod)/@0x1a6cc79 - animation-leash of insets_animation#162267
09-25 13:19:24.664  4768  4861 I ViewRootImpl@fa524f6[dogglers]: mWNT: t=0xb4000077a10d7100 mBlastBufferQueue=0xb400007705019c80 fn= 4 caller= android.view.SyncRtSurfaceTransactionApplier.applyTransaction:96 android.view.SyncRtSurfaceTransactionApplier.lambda$scheduleApply$0$android-view-SyncRtSurfaceTransactionApplier:69 android.view.SyncRtSurfaceTransactionApplier$$ExternalSyntheticLambda0.onFrameDraw:4
09-25 13:19:24.672  4768  4860 I ViewRootImpl@fa524f6[dogglers]: mWNT: t=0xb400007732012400 mBlastBufferQueue=0xb400007705019c80 fn= 5 caller= android.view.SyncRtSurfaceTransactionApplier.applyTransaction:96 android.view.SyncRtSurfaceTransactionApplier.lambda$scheduleApply$0$android-view-SyncRtSurfaceTransactionApplier:69 android.view.SyncRtSurfaceTransactionApplier$$ExternalSyntheticLambda0.onFrameDraw:4
09-25 13:19:24.680  4768  4861 I ViewRootImpl@fa524f6[dogglers]: mWNT: t=0xb40000773207a300 mBlastBufferQueue=0xb400007705019c80 fn= 6 caller= android.view.SyncRtSurfaceTransactionApplier.applyTransaction:96 android.view.SyncRtSurfaceTransactionApplier.lambda$scheduleApply$0$android-view-SyncRtSurfaceTransactionApplier:69 android.view.SyncRtSurfaceTransactionApplier$$ExternalSyntheticLambda0.onFrameDraw:4
09-25 13:19:24.682  5369 18503 I RecentModel: onTaskStackChangedBackground
09-25 13:19:24.683  8328  8651 I SemDvfsHyPerManager: acquire hyper - TABaseBoost/8328@24, type = 1090523139
09-25 13:19:24.683  1809  1855 I HYPER-HAL: [RequestManager.cpp]acquire(): Acquired ID : 34882152  [8328 / 24]    HINT :      list : [TABoost / 1]
09-25 13:19:24.684  8130  9478 I [AirCmd]_ActivitySwitchDetector: onTaskStackChanged : componentName - ComponentInfo{com.example.dogglers/com.example.dogglers.GridListActivity}
09-25 13:19:24.684  8130  9478 I [AirCmd]_ActivitySwitchDetector: onTaskStackChanged : mTopMostActivity - ComponentInfo{com.example.dogglers/androidx.test.core.app.InstrumentationActivityInvoker$BootstrapActivity}
09-25 13:19:24.685  5369  5741 I RecentTasksList: loadTasksInBackground : groupTask = GroupTask{task1=[id=6869 windowingMode=1 user=0 lastActiveTime=1366856278] null, task2=null, task3=null, mStagedSplitBounds=null}
09-25 13:19:24.685  5369  5741 I RecentTasksList: loadTasksInBackground : groupTask = GroupTask{task1=[id=6898 windowingMode=1 user=0 lastActiveTime=1367009547] null, task2=null, task3=null, mStagedSplitBounds=null}
09-25 13:19:24.685  5369  5741 I RecentTasksList: loadTasksInBackground : groupTask = GroupTask{task1=[id=7113 windowingMode=1 user=0 lastActiveTime=1370090839] null, task2=null, task3=null, mStagedSplitBounds=null}
09-25 13:19:24.685  8130  9478 I [AirCmd]_CallbackRepeater: stopRepeat : isWorking=false
09-25 13:19:24.685  8130  9478 I [AirCmd]_MediaControlStateMonitor: isForegroundAppSupportsMediaButton : mediaSession is empty
09-25 13:19:24.685  8130  9478 I [AirCmd]_MediaControlStateMonitor: active Notification List is null
09-25 13:19:24.685  8130  9478 I [AirCmd]_RemoteSpenMainController: hasGeneralAction : packageName is com.example.dogglers, activityName is com.example.dogglers.GridListActivity, hasActions is false
09-25 13:19:24.685  8130  9478 I [AirCmd]_CameraAvailabilityMonitor: isCameraPreviewOn : mIsCameraPreviewOn is false
09-25 13:19:24.686  8130  9478 I [AirCmd]_CameraAvailabilityMonitor: isCameraPreviewOn : mIsCameraPreviewOn is false
09-25 13:19:24.686  8130  9478 I [AirCmd]_MediaControlStateMonitor: isForegroundAppSupportsMediaButton : mediaSession is empty
09-25 13:19:24.686  8130  9478 I [AirCmd]_MediaControlStateMonitor: active Notification List is null
09-25 13:19:24.686  8130  9478 I [AirCmd]_PenActionRule: getAction : get default action data from remote action because pen action data is null.
09-25 13:19:24.686  8130  9478 I [AirCmd]_ButtonActionDetector: enableDoubleClickDetection: enabled=true, doubleClickWaitInterval=300
09-25 13:19:24.686  8130  9478 I [AirCmd]_RemoteSpenMainController: onSwitch : package is com.example.dogglers   and activity is com.example.dogglers.GridListActivity and isBleConnected is false and hasActions is false
09-25 13:19:24.689  4768  4860 I ViewRootImpl@fa524f6[dogglers]: mWNT: t=0xb4000077a0f77500 mBlastBufferQueue=0xb400007705019c80 fn= 7 caller= android.view.SyncRtSurfaceTransactionApplier.applyTransaction:96 android.view.SyncRtSurfaceTransactionApplier.lambda$scheduleApply$0$android-view-SyncRtSurfaceTransactionApplier:69 android.view.SyncRtSurfaceTransactionApplier$$ExternalSyntheticLambda0.onFrameDraw:4
09-25 13:19:24.697  4768  4851 D OpenGLRenderer: setSurface called with nullptr
09-25 13:19:24.697  4768  4851 D OpenGLRenderer: setSurface() destroyed EGLSurface
09-25 13:19:24.697  4768  4851 D OpenGLRenderer: destroyEglSurface
09-25 13:19:24.698  2229  5266 I CameraService: onUidStateChanged: uid=10042, procState is changed. (1 -> 0)
09-25 13:19:24.699  4768  4843 I ViewRootImpl@fa524f6[dogglers]: performTraversals params={(0,0)(fillxfill) sim={adjust=pan} ty=APPLICATION_STARTING fmt=TRANSLUCENT wanim=0x1030001 alpha=0.0
09-25 13:19:24.699  4768  4843 I ViewRootImpl@fa524f6[dogglers]:   fl=81030118
09-25 13:19:24.699  4768  4843 I ViewRootImpl@fa524f6[dogglers]:   pfl=16000010
09-25 13:19:24.699  4768  4843 I ViewRootImpl@fa524f6[dogglers]:   bhv=DEFAULT
09-25 13:19:24.699  4768  4843 I ViewRootImpl@fa524f6[dogglers]:   fitSides= naviIconColor=0}
09-25 13:19:24.699  4768  4843 I ViewRootImpl@fa524f6[dogglers]: performTraversals mFirst=false windowShouldResize=false viewVisibilityChanged=true mForceNextWindowRelayout=false params={(0,0)(fillxfill) sim={adjust=pan} ty=APPLICATION_STARTING fmt=TRANSLUCENT wanim=0x1030001 alpha=0.0
09-25 13:19:24.699  4768  4843 I ViewRootImpl@fa524f6[dogglers]:   fl=81030118
09-25 13:19:24.699  4768  4843 I ViewRootImpl@fa524f6[dogglers]:   pfl=16000010
09-25 13:19:24.699  4768  4843 I ViewRootImpl@fa524f6[dogglers]:   bhv=DEFAULT
09-25 13:19:24.699  4768  4843 I ViewRootImpl@fa524f6[dogglers]:   fitSides= naviIconColor=0}
09-25 13:19:24.699  3108  6456 V WindowManager: Relayout Window{ccb41d0 u0 Splash Screen com.example.dogglers}: viewVisibility=8 req=1440x3088 d0
09-25 13:19:24.701  3108  6456 V WindowManager: Relayout hash=ccb41d0, pid=4768, syncId=-1: mAttrs={(0,0)(fillxfill) sim={adjust=pan} ty=APPLICATION_STARTING fmt=TRANSLUCENT wanim=0x1030001 alpha=0.0
09-25 13:19:24.701  3108  6456 V WindowManager:   fl=81030118
09-25 13:19:24.701  3108  6456 V WindowManager:   pfl=16000010
09-25 13:19:24.701  3108  6456 V WindowManager:   bhv=DEFAULT
09-25 13:19:24.701  3108  6456 V WindowManager:   fitSides= naviIconColor=0}
09-25 13:19:24.702  4768  4843 I ViewRootImpl@fa524f6[dogglers]: Relayout returned: old=(0,0,1440,3088) new=(0,0,1440,3088) req=(1440,3088)8 dur=2 res=0x2 s={false 0x0} ch=true seqId=0
09-25 13:19:24.703  4768  4843 I ViewRootImpl@fa524f6[dogglers]: dispatchDetachedFromWindow
09-25 13:19:24.703  3108  4923 D InputTransport: Input channel destroyed: 'ccb41d0', fd=1065
09-25 13:19:24.703  3108  4923 W InputManager-JNI: Input channel object 'ccb41d0 Splash Screen com.example.dogglers (client)' was disposed without first being removed with the input manager!
09-25 13:19:24.703  3108  4923 D InputTransport: Input channel destroyed: 'ccb41d0', fd=1132
09-25 13:19:24.705  4768  4843 D InputTransport: Input channel destroyed: 'ccb41d0', fd=212
09-25 13:19:24.705  1914  1914 I Layer   : id=162282 removedFromDrawingState Surface(name=b6258f com.example.dogglers/com.example.dogglers.GridListActivity)/@0xc93d111 - animation-leash of starting_reveal#162282 (332)
09-25 13:19:24.710  1914  1914 D SurfaceFlinger: Display 4630947093241269891 HWC layers:
09-25 13:19:24.710  1914  1914 D SurfaceFlinger:      CLIENT | 0xb400007af6c13480 | 0100 | RGBx_8888    |  592.0    0.0 1628.0 2220.0 |    0    0 1440 3088 | Wallpaper BBQ wrapper#90
09-25 13:19:24.710  1914  1914 D SurfaceFlinger:      CLIENT | 0xb400007af86b8680 | 0100 | RGBA_8888    |    0.0    0.0 1440.0 3088.0 |    0    0 1440 3088 | com.sec.android.app.launcher/com.sec[...]rActivity$_5369#162113 (blurRegions)
09-25 13:19:24.710  1914  1914 D SurfaceFlinger:      DEVICE | 0xb400007af6c11b00 | 0102 | RGBA_8888    |    0.0    0.0 1440.0 3088.0 |   43   93 1397 2995 | com.example.dogglers/com.example.dogglers.GridListActivity$_5639#162279
09-25 13:19:24.710  1914  1914 D SurfaceFlinger:      DEVICE | 0xb400007af6c14880 | 0100 | RGBA_8888    |    0.0    0.0 1440.0  100.0 |    0    0 1440  100 | StatusBar$_4768#95
09-25 13:19:24.710  1914  1914 D SurfaceFlinger:      DEVICE | 0xb400007af8705400 | 0100 | RGBA_8888    |    0.0    0.0   67.0  589.0 |    0  562   67 1151 | com.samsung.android.app.cocktailbars[...]vice.CocktailBarService$_8423#156853
09-25 13:19:24.710  1914  1914 D SurfaceFlinger:      DEVICE | 0xb400007af8705500 | 0100 | RGBA_8888    |    0.0    0.0  518.0   48.0 |  922 3040 1440 3088 | SGestureOverlayWindow$_5369#156268
09-25 13:19:24.710  1914  1914 D SurfaceFlinger:      DEVICE | 0xb40000
09-25 13:19:24.710  1914  1914 D SurfaceFlinger: 7af6c15880 | 0100 | RGBA_8888    |    0.0    0.0 1440.0  168.0 |    0 2920 1440 3088 | NavigationBar0$_4768#92
09-25 13:19:24.710  1914  1914 D SurfaceFlinger:
09-25 13:19:24.740  6586  6586 I SAMSUNGWALLET-USBP: [AlertController] Boarding pass alert is not enabled
09-25 13:19:24.741  6586  6586 I SAMSUNGWALLET-USBP: [AlertController] dismiss alert: NO_ALERT
09-25 13:19:24.759  8328  8328 I SemDvfsHyPerManager: acquire hyper - TATouchBoost/8328@25, type = 1090523139
09-25 13:19:24.759  1809  1855 I HYPER-HAL: [RequestManager.cpp]acquire(): Acquired ID : 34890506  [8328 / 25]    HINT :      list : [TABoost / 1] [TIMEOUT / 1500]
09-25 13:19:24.818  3108  8626 D InputDispatcher: Inject motion (5639/10577): action=0x1, time=811542781000000, f=0x0, d=0 dsdx=1.000000 dtdx=0.000000
09-25 13:19:24.867  1809  6144 I HYPER-HAL: [RequestManager.cpp]releaseLocked(): Released ID : 4906302
09-25 13:19:24.872  1914  1914 D SurfaceFlinger: GPIS:: requestGPIS
09-25 13:19:24.885  5639  5639 I ViewInteraction: Checking 'MatchesViewAssertion{viewMatcher=(view has effective visibility <VISIBLE> and view.getGlobalVisibleRect() to return non-empty rectangle)}' assertion on view an instance of android.widget.TextView and view.getText() with or without transformation to match: is "Tzeitel"
09-25 13:19:24.893  3108  3230 I ChimeraSystemEventListener: appLaunchIntent package name is: com.example.dogglers
09-25 13:19:24.894  3108  4923 I SemDvfsHyPerManager: acquire hyper - AMS_ACT_START/3108@18, type = -999
09-25 13:19:24.894  1809  1855 I HYPER-HAL: [RequestManager.cpp]acquire(): Acquired ID : 4887519  [3108 / 18]    HINT : AMS_ACT_START    list :
09-25 13:19:24.895  1914  2140 I SurfaceFlinger: id=162284 createSurf, flag=80004, ActivityRecord{17a2081 u0 com.example.dogglers/androidx.test.core.app.InstrumentationActivityInvoker$EmptyActivity} t7113}#162284
09-25 13:19:24.902  1914  4196 I SurfaceFlinger: id=162285 createSurf, flag=80000, 8b5e468 ActivityRecordInputSink com.example.dogglers/androidx.test.core.app.InstrumentationActivityInvoker$EmptyActivity#162285
09-25 13:19:24.905  5759  5759 E pageboostd: Received HALT command code 2
09-25 13:19:24.905  5639  5639 D LifecycleMonitor: Lifecycle status change: com.example.dogglers.GridListActivity@cf8ea71 in: PAUSED
09-25 13:19:24.905  5639  5639 V ActivityScenario: Update currentActivityStage to PAUSED, currentActivity=com.example.dogglers.GridListActivity@cf8ea71
09-25 13:19:24.906  3108  3230 D PersonaActivityHelper: Activity not in resumed state, do not run immediate lock
09-25 13:19:24.907  3108  4923 D InputDispatcher: Focused application(0): ActivityRecord{17a2081 u0 com.example.dogglers/androidx.test.core.app.InstrumentationActivityInvoker$EmptyActivity} t7113}
09-25 13:19:24.908  3108 29076 D RemoteAppTaskWatcher:  ****** RemoteAppTaskWatcher: Message Received 5 Task ID = 0
09-25 13:19:24.908  8423  8423 I Utils   : isCurrentUser current = 0, ownerId = 0
09-25 13:19:24.909  8423  8423 I TrayVisibilityController: getComputedTrayVisible : keyguardState = 1
09-25 13:19:24.909  8423  8423 I TrayVisibilityController: updateTrayVisible: State=1 visible=1 mCurrentVisible=1 specificMode=0
09-25 13:19:24.909  8423  8423 I TrayStateController: onNotifyUpdateTray: state=0
09-25 13:19:24.911  3108  3230 I SemPersonaManager: SecureFolder personaId = 150
09-25 13:19:24.911  5639  5639 D LifecycleMonitor: Lifecycle status change: androidx.test.core.app.InstrumentationActivityInvoker$EmptyActivity@8a35d47 in: PRE_ON_CREATE
09-25 13:19:24.911  5639  5639 V ActivityScenario: Activity lifecycle changed event received but ignored because the intent does not match. startActivityIntent=Intent { act=android.intent.action.MAIN cat=[android.intent.category.LAUNCHER] cmp=com.example.dogglers/.GridListActivity }, activity.getIntent()=Intent { act=android.intent.action.MAIN cat=[android.intent.category.LAUNCHER] flg=0x10000000 cmp=com.example.dogglers/androidx.test.core.app.InstrumentationActivityInvoker$EmptyActivity }, activity=androidx.test.core.app.InstrumentationActivityInvoker$EmptyActivity@8a35d47
09-25 13:19:24.912 15715 15751 I WindowsLink: (TaskInfoManager) +++++++++++onRecentTaskStackUpdated
09-25 13:19:24.913  1914  1914 I SurfaceFlinger: [b6258f com.example.dogglers/com.example.dogglers.GridListActivity#162278] FrameRatePriority: -1
09-25 13:19:24.916  3108  3230 D EnterpriseDeviceManagerService: isMdmAdminPresentInternal() : MDM Admin Found - com.samsung.knox.securefolder
09-25 13:19:24.917  5639  5639 I DecorView: [INFO] isPopOver=false config=true
09-25 13:19:24.917  5639  5639 I DecorView: updateCaptionType: isFloating=false isApplication=true hasWindowDecorCaption=false this=DecorView@6b03f12[]
09-25 13:19:24.917  5639  5639 D DecorView: setCaptionType = 0, this = DecorView@6b03f12[]
09-25 13:19:24.917  8423  8423 I ActivityUtils: HomePackage : com.sec.android.app.launcher, resumePackageName : com.example.dogglers
09-25 13:19:24.917  3108  6142 I MediaSessionMonitor: Media session stopped : controllerList empty
09-25 13:19:24.918  5639  5639 I DecorView: getCurrentDensityDpi: from real metrics. densityDpi=560 msg=resources_loaded
09-25 13:19:24.918  5639  5639 I DecorView: setWindowBackground: isPopOver=false color=ff010101 d=android.graphics.drawable.StateListDrawable@62e86e3
09-25 13:19:24.918  5639  5639 D LifecycleMonitor: Lifecycle status change: androidx.test.core.app.InstrumentationActivityInvoker$EmptyActivity@8a35d47 in: CREATED
09-25 13:19:24.918  5639  5639 V ActivityScenario: Activity lifecycle changed event received but ignored because the intent does not match. startActivityIntent=Intent { act=android.intent.action.MAIN cat=[android.intent.category.LAUNCHER] cmp=com.example.dogglers/.GridListActivity }, activity.getIntent()=Intent { act=android.intent.action.MAIN cat=[android.intent.category.LAUNCHER] flg=0x10000000 cmp=com.example.dogglers/androidx.test.core.app.InstrumentationActivityInvoker$EmptyActivity }, activity=androidx.test.core.app.InstrumentationActivityInvoker$EmptyActivity@8a35d47
09-25 13:19:24.919  5639  5639 D LifecycleMonitor: Lifecycle status change: androidx.test.core.app.InstrumentationActivityInvoker$EmptyActivity@8a35d47 in: STARTED
09-25 13:19:24.919  5639  5639 V ActivityScenario: Activity lifecycle changed event received but ignored because the intent does not match. startActivityIntent=Intent { act=android.intent.action.MAIN cat=[android.intent.category.LAUNCHER] cmp=com.example.dogglers/.GridListActivity }, activity.getIntent()=Intent { act=android.intent.action.MAIN cat=[android.intent.category.LAUNCHER] flg=0x10000000 cmp=com.example.dogglers/androidx.test.core.app.InstrumentationActivityInvoker$EmptyActivity }, activity=androidx.test.core.app.InstrumentationActivityInvoker$EmptyActivity@8a35d47
09-25 13:19:24.919  5639  5639 D LifecycleMonitor: Lifecycle status change: androidx.test.core.app.InstrumentationActivityInvoker$EmptyActivity@8a35d47 in: RESUMED
09-25 13:19:24.919  5639  5639 V ActivityScenario: Activity lifecycle changed event received but ignored because the intent does not match. startActivityIntent=Intent { act=android.intent.action.MAIN cat=[android.intent.category.LAUNCHER] cmp=com.example.dogglers/.GridListActivity }, activity.getIntent()=Intent { act=android.intent.action.MAIN cat=[android.intent.category.LAUNCHER] flg=0x10000000 cmp=com.example.dogglers/androidx.test.core.app.InstrumentationActivityInvoker$EmptyActivity }, activity=androidx.test.core.app.InstrumentationActivityInvoker$EmptyActivity@8a35d47
09-25 13:19:24.919  5639  5639 I MSHandlerLifeCycle: check: return. pkg=com.example.dogglers parent=null callers=com.android.internal.policy.DecorView.setVisibility:4412 android.app.ActivityThread.handleResumeActivity:5476 android.app.servertransaction.ResumeActivityItem.execute:54 android.app.servertransaction.ActivityTransactionItem.execute:45 android.app.servertransaction.TransactionExecutor.executeLifecycleState:176
09-25 13:19:24.919  5639  5639 I MSHandlerLifeCycle: removeMultiSplitHandler: no exist. decor=DecorView@6b03f12[]
09-25 13:19:24.921  5639  5729 D NativeCustomFrequencyManager: [NativeCFMS] BpCustomFrequencyManager::BpCustomFrequencyManager()
09-25 13:19:24.923  3108  3145 D InputDispatcher: Focus request (0): <null> but waiting because NOT_FOCUSABLE
09-25 13:19:24.923  3108  8626 D InputTransport: Input channel constructed: '6dc3544', fd=1259
09-25 13:19:24.923  3108  8626 D InputTransport: Input channel constructed: '6dc3544', fd=1273
09-25 13:19:24.923  3108  3145 D InputDispatcher: Focus left window (0): b6258f com.example.dogglers/com.example.dogglers.GridListActivity
09-25 13:19:24.923  3108  8626 D InputTransport: Input channel constructed: '6dc3544', fd=1285
09-25 13:19:24.924  1914  2140 I SurfaceFlinger: id=162286 createSurf, flag=80004, 6dc3544 com.example.dogglers/androidx.test.core.app.InstrumentationActivityInvoker$EmptyActivity#162286
09-25 13:19:24.925  3108  8626 D InputTransport: Input channel destroyed: '6dc3544', fd=1285
09-25 13:19:24.926  5639  5639 D InsetsController: onStateChanged: InsetsState: {mDisplayFrame=Rect(0, 0 - 1440, 3088), mDisplayCutout=DisplayCutout{insets=Rect(0, 100 - 0, 0) waterfall=Insets{left=0, top=0, right=0, bottom=0} boundingRect={Bounds=[Rect(0, 0 - 0, 0), Rect(685, 0 - 756, 100), Rect(0, 0 - 0, 0), Rect(0, 0 - 0, 0)]} cutoutPathParserInfo={CutoutPathParserInfo{displayWidth=1440 displayHeight=3088 physicalDisplayWidth=1440 physicalDisplayHeight=3088 density={3.75} cutoutSpec={M 0,0 H -9.466666666666667 V 26.66666666666667‬ H 9.466666666666667 V 0 H 0 Z @dp} rotation={0} scale={1.0} physicalPixelDisplaySizeRatio={1.0}}}}, mRoundedCorners=RoundedCorners{[RoundedCorner{position=TopLeft, radius=14, center=Point(14, 14)}, RoundedCorner{position=TopRight, radius=14, center=Point(1426, 14)}, RoundedCorner{position=BottomRight, radius=14, center=Point(1426, 3074)}, RoundedCorner{position=BottomLeft, radius=14, center=Point(14, 3074)}]}  mRoundedCornerFrame=Rect(0, 0 - 1440, 3088), mPrivacyIndicatorBounds=PrivacyIndicatorBounds {static bounds=Rect(1286, 0 - 1440, 100) rotation=0}, mSources= { InsetsSource: {mType=ITYPE_STATUS_BAR, mFrame=[0,0][1440,100], mVisible=true, mInsetsRoundedCornerFrame=false}, InsetsSource: {mType=ITYPE_NAVIGATION_BAR, mFrame=[0,3088][1440,3088], mVisible=true, mInsetsRoundedCornerFrame=false}, InsetsSource: {mType=ITYPE_LEFT_GESTURES, mFrame=[0,0][0,3088], mVisible=true, mInsetsRoundedCornerFrame=false}, InsetsSource: {mType=ITYPE_RIGHT_GESTURES, mFrame=[1440,0][1440,3088], mVisible=true, mInsetsRoundedCornerFrame=false}, InsetsSource: {mType=ITYPE_TOP_MANDATORY_GESTURES, mFrame=[0,0][1440,142], mVisible=true, mInsetsRoundedCornerFrame=false}, InsetsSource: {mType=ITYPE_BOTTOM_MANDATORY_GESTURES, mFrame=[0,3018][1440,3088], mVisible=true, mInsetsRoundedCornerFrame=false}, InsetsSource: {mType=ITYPE_LEFT_DISPLAY_CUTOUT, mFrame=[0,0][-100000,3088], mVisible=true, mInsetsRoundedCornerFrame=false}, InsetsSource: {mType=ITYPE_TOP_DISPLAY_CUTOUT, mFrame=[0,0][1440,100], mVisible=true, mInsetsRoundedCornerFrame=false}, InsetsSource: {mType=ITYPE_RIGHT_DISPLAY_CUTOUT, mFrame=[100000,0][1440,3088], mVisible=true, mInsetsRoundedCornerFrame=false}, InsetsSource: {mType=ITYPE_BOTTOM_DISPLAY_CUTOUT, mFrame=[0,100000][1440,3088], mVisible=true, mInsetsRoundedCornerFrame=false}, InsetsSource: {mType=ITYPE_TOP_TAPPABLE_ELEMENT, mFrame=[0,0][1440,100], mVisible=true, mInsetsRoundedCornerFrame=false}, InsetsSource: {mType=ITYPE_BOTTOM_TAPPABLE_ELEMENT, mFrame=[0,0][0,0], mVisible=true, mInsetsRoundedCornerFrame=false} } host=com.example.dogglers/androidx.test.core.app.InstrumentationActivityInvoker$EmptyActivity from=android.view.ViewRootImpl.setView:1732
09-25 13:19:24.928  5639  5639 I ViewRootImpl@bbbf799[InstrumentationActivityInvoker$EmptyActivity]: setView = com.android.internal.policy.DecorView@6b03f12 TM=true
09-25 13:19:24.928  5639  5639 I MSHandlerLifeCycle: removeMultiSplitHandler: no exist. decor=DecorView@6b03f12[InstrumentationActivityInvoker$EmptyActivity]
09-25 13:19:24.928  3108  3338 D AnalyticsContainerHandler: handleMessage : { when=0 what=1 target=com.android.server.knox.KnoxAnalyticsContainer$AnalyticsHandler }
09-25 13:19:24.930  5639  5639 I ViewRootImpl@bbbf799[InstrumentationActivityInvoker$EmptyActivity]: performTraversals params={(0,0)(fillxfill) sim={adjust=pan forwardNavigation} ty=BASE_APPLICATION wanim=0x1030001
09-25 13:19:24.930  5639  5639 I ViewRootImpl@bbbf799[InstrumentationActivityInvoker$EmptyActivity]:   fl=1810100
09-25 13:19:24.930  5639  5639 I ViewRootImpl@bbbf799[InstrumentationActivityInvoker$EmptyActivity]:   pfl=12020040
09-25 13:19:24.930  5639  5639 I ViewRootImpl@bbbf799[InstrumentationActivityInvoker$EmptyActivity]:   bhv=DEFAULT
09-25 13:19:24.930  5639  5639 I ViewRootImpl@bbbf799[InstrumentationActivityInvoker$EmptyActivity]:   fitSides= naviIconColor=0}
09-25 13:19:24.930  5639  5639 I ViewRootImpl@bbbf799[InstrumentationActivityInvoker$EmptyActivity]: performTraversals mFirst=true windowShouldResize=true viewVisibilityChanged=false mForceNextWindowRelayout=false params={(0,0)(fillxfill) sim={adjust=pan forwardNavigation} ty=BASE_APPLICATION wanim=0x1030001
09-25 13:19:24.930  5639  5639 I ViewRootImpl@bbbf799[InstrumentationActivityInvoker$EmptyActivity]:   fl=1810100
09-25 13:19:24.930  5639  5639 I ViewRootImpl@bbbf799[InstrumentationActivityInvoker$EmptyActivity]:   pfl=12020040
09-25 13:19:24.930  5639  5639 I ViewRootImpl@bbbf799[InstrumentationActivityInvoker$EmptyActivity]:   bhv=DEFAULT
09-25 13:19:24.930  5639  5639 I ViewRootImpl@bbbf799[InstrumentationActivityInvoker$EmptyActivity]:   fitSides= naviIconColor=0}
09-25 13:19:24.931  3108  8626 V WindowManager: Relayout Window{6dc3544 u0 com.example.dogglers/androidx.test.core.app.InstrumentationActivityInvoker$EmptyActivity}: viewVisibility=0 req=1440x3088 d0
09-25 13:19:24.931  1914  3199 I SurfaceFlinger: id=162287 createSurf, flag=40004, com.example.dogglers/androidx.test.core.app.InstrumentationActivityInvoker$EmptyActivity$_5639#162287
09-25 13:19:24.935  1914  3199 I SurfaceFlinger: id=162288 createSurf, flag=24000, Surface(name=4eb27f5 StatusBar)/@0x43fa543 - animation-leash of insets_animation#162288
09-25 13:19:24.937  1914  3199 I SurfaceFlinger: id=162289 createSurf, flag=24000, Surface(name=d110b4c NavigationBar0)/@0x8bdb781 - animation-leash of insets_animation#162289
09-25 13:19:24.938  3108  8626 V WindowManager: Relayout hash=6dc3544, pid=5639, syncId=-1: mAttrs={(0,0)(fillxfill) sim={adjust=pan forwardNavigation} ty=BASE_APPLICATION wanim=0x1030001
09-25 13:19:24.938  3108  8626 V WindowManager:   fl=1810100
09-25 13:19:24.938  3108  8626 V WindowManager:   pfl=12020040
09-25 13:19:24.938  3108  8626 V WindowManager:   bhv=DEFAULT
09-25 13:19:24.938  3108  8626 V WindowManager:   fitSides= naviIconColor=0}
09-25 13:19:24.939  5639  5639 D InsetsController: onStateChanged: InsetsState: {mDisplayFrame=Rect(0, 0 - 1440, 3088), mDisplayCutout=DisplayCutout{insets=Rect(0, 100 - 0, 0) waterfall=Insets{left=0, top=0, right=0, bottom=0} boundingRect={Bounds=[Rect(0, 0 - 0, 0), Rect(685, 0 - 756, 100), Rect(0, 0 - 0, 0), Rect(0, 0 - 0, 0)]} cutoutPathParserInfo={CutoutPathParserInfo{displayWidth=1440 displayHeight=3088 physicalDisplayWidth=1440 physicalDisplayHeight=3088 density={3.75} cutoutSpec={M 0,0 H -9.466666666666667 V 26.66666666666667‬ H 9.466666666666667 V 0 H 0 Z @dp} rotation={0} scale={1.0} physicalPixelDisplaySizeRatio={1.0}}}}, mRoundedCorners=RoundedCorners{[RoundedCorner{position=TopLeft, radius=14, center=Point(14, 14)}, RoundedCorner{position=TopRight, radius=14, center=Point(1426, 14)}, RoundedCorner{position=BottomRight, radius=14, center=Point(1426, 3074)}, RoundedCorner{position=BottomLeft, radius=14, center=Point(14, 3074)}]}  mRoundedCornerFrame=Rect(0, 0 - 1440, 3088), mPrivacyIndicatorBounds=PrivacyIndicatorBounds {static bounds=Rect(1286, 0 - 1440, 100) rotation=0}, mSources= { InsetsSource: {mType=ITYPE_STATUS_BAR, mFrame=[0,0][1440,100], mVisible=true, mInsetsRoundedCornerFrame=false}, InsetsSource: {mType=ITYPE_NAVIGATION_BAR, mFrame=[0,3088][1440,3088], mVisible=true, mInsetsRoundedCornerFrame=false}, InsetsSource: {mType=ITYPE_LEFT_GESTURES, mFrame=[0,0][0,3088], mVisible=true, mInsetsRoundedCornerFrame=false}, InsetsSource: {mType=ITYPE_RIGHT_GESTURES, mFrame=[1440,0][1440,3088], mVisible=true, mInsetsRoundedCornerFrame=false}, InsetsSource: {mType=ITYPE_TOP_MANDATORY_GESTURES, mFrame=[0,0][1440,142], mVisible=true, mInsetsRoundedCornerFrame=false}, InsetsSource: {mType=ITYPE_BOTTOM_MANDATORY_GESTURES, mFrame=[0,3018][1440,3088], mVisible=true, mInsetsRoundedCornerFrame=false}, InsetsSource: {mType=ITYPE_LEFT_DISPLAY_CUTOUT, mFrame=[0,0][-100000,3088], mVisible=true, mInsetsRoundedCornerFrame=false}, InsetsSource: {mType=ITYPE_TOP_DISPLAY_CUTOUT, mFrame=[0,0][1440,100], mVisible=true, mInsetsRoundedCornerFrame=false}, InsetsSource: {mType=ITYPE_RIGHT_DISPLAY_CUTOUT, mFrame=[100000,0][1440,3088], mVisible=true, mInsetsRoundedCornerFrame=false}, InsetsSource: {mType=ITYPE_BOTTOM_DISPLAY_CUTOUT, mFrame=[0,100000][1440,3088], mVisible=true, mInsetsRoundedCornerFrame=false}, InsetsSource: {mType=ITYPE_TOP_TAPPABLE_ELEMENT, mFrame=[0,0][1440,100], mVisible=true, mInsetsRoundedCornerFrame=false}, InsetsSource: {mType=ITYPE_BOTTOM_TAPPABLE_ELEMENT, mFrame=[0,0][0,0], mVisible=true, mInsetsRoundedCornerFrame=false}, InsetsSource: {mType=ITYPE_IME, mFrame=[0,0][0,0], mVisibleFrame=[0,3088][1440,3088], mVisible=false, mInsetsRoundedCornerFrame=false} } host=com.example.dogglers/androidx.test.core.app.InstrumentationActivityInvoker$EmptyActivity from=android.view.ViewRootImpl.relayoutWindow:9802
09-25 13:19:24.940  5639  5639 I ViewRootImpl@bbbf799[InstrumentationActivityInvoker$EmptyActivity]: updateBlastSurfaceIfNeeded mBlastBufferQueue=null isSameSurfaceControl=false
09-25 13:19:24.940  5639  5639 I BLASTBufferQueue: new BLASTBufferQueue, mName= ViewRootImpl@bbbf799[InstrumentationActivityInvoker$EmptyActivity] mNativeObject= 0xb4000077a1041f80 sc.mNativeObject= 0xb40000774d4be200 caller= android.view.ViewRootImpl.updateBlastSurfaceIfNeeded:2909 android.view.ViewRootImpl.relayoutWindow:9847 android.view.ViewRootImpl.performTraversals:3884 android.view.ViewRootImpl.doTraversal:3116 android.view.ViewRootImpl$TraversalRunnable.run:10885 android.view.Choreographer$CallbackRecord.run:1301 android.view.Choreographer$CallbackRecord.run:1309 android.view.Choreographer.doCallbacks:923 android.view.Choreographer.doFrame:852 android.view.Choreographer$FrameDisplayEventReceiver.run:1283
09-25 13:19:24.940  5639  5639 I BLASTBufferQueue: update, w= 1440 h= 3088 mName = ViewRootImpl@bbbf799[InstrumentationActivityInvoker$EmptyActivity] mNativeObject= 0xb4000077a1041f80 sc.mNativeObject= 0xb40000774d4be200 format= -1 caller= android.graphics.BLASTBufferQueue.<init>:84 android.view.ViewRootImpl.updateBlastSurfaceIfNeeded:2909 android.view.ViewRootImpl.relayoutWindow:9847 android.view.ViewRootImpl.performTraversals:3884 android.view.ViewRootImpl.doTraversal:3116 android.view.ViewRootImpl$TraversalRunnable.run:10885
09-25 13:19:24.940  1914  1914 D SurfaceFlinger: Display 4630947093241269891 HWC layers:
09-25 13:19:24.940  1914  1914 D SurfaceFlinger:      DEVICE | 0xb400007af6c11b00 | 0102 | RGBA_8888    |    0.0    0.0 1440.0 3088.0 |    0    0 1440 3088 | com.example.dogglers/com.example.dogglers.GridListActivity$_5639#162279
09-25 13:19:24.940  1914  1914 D SurfaceFlinger:      DEVICE | 0xb400007af6c14880 | 0100 | RGBA_8888    |    0.0    0.0 1440.0  100.0 |    0    0 1440  100 | StatusBar$_4768#95
09-25 13:19:24.940  1914  1914 D SurfaceFlinger:      DEVICE | 0xb400007af8705400 | 0100 | RGBA_8888    |    0.0    0.0   67.0  589.0 |    0  562   67 1151 | com.samsung.android.app.cocktailbars[...]vice.CocktailBarService$_8423#156853
09-25 13:19:24.940  1914  1914 D SurfaceFlinger:      DEVICE | 0xb400007af8705500 | 0100 | RGBA_8888    |    0.0    0.0  518.0   48.0 |  922 3040 1440 3088 | SGestureOverlayWindow$_5369#156268
09-25 13:19:24.940  1914  1914 D SurfaceFlinger:      DEVICE | 0xb400007af6c15880 | 0100 | RGBA_8888    |    0.0    0.0 1440.0  168.0 |    0 2920 1440 3088 | NavigationBar0$_4768#92
09-25 13:19:24.940  1914  1914 D SurfaceFlinger:
09-25 13:19:24.940  5639  5639 I ViewRootImpl@bbbf799[InstrumentationActivityInvoker$EmptyActivity]: Relayout returned: old=(0,0,1440,3088) new=(0,0,1440,3088) req=(1440,3088)0 dur=10 res=0x3 s={true 0xb40000772b3d8800} ch=true seqId=0
09-25 13:19:24.940  5639  5639 I ViewRootImpl@bbbf799[InstrumentationActivityInvoker$EmptyActivity]: performConfigurationChange setNightDimText nightDimLevel=0
09-25 13:19:24.941  5639  5639 I ViewRootImpl@bbbf799[InstrumentationActivityInvoker$EmptyActivity]: mThreadedRenderer.initialize() mSurface={isValid=true 0xb40000772b3d8800} hwInitialized=true
09-25 13:19:24.941  5639  5729 D OpenGLRenderer: eglCreateWindowSurface
09-25 13:19:24.942  5639  5639 I ViewRootImpl@bbbf799[InstrumentationActivityInvoker$EmptyActivity]: reportNextDraw android.view.ViewRootImpl.performTraversals:4438 android.view.ViewRootImpl.doTraversal:3116 android.view.ViewRootImpl$TraversalRunnable.run:10885 android.view.Choreographer$CallbackRecord.run:1301 android.view.Choreographer$CallbackRecord.run:1309
09-25 13:19:24.942  5639  5639 I ViewRootImpl@bbbf799[InstrumentationActivityInvoker$EmptyActivity]: Setup new sync id=0
09-25 13:19:24.942  5639  5639 I ViewRootImpl@bbbf799[InstrumentationActivityInvoker$EmptyActivity]: Setting syncFrameCallback
09-25 13:19:24.942  5639  5639 I ViewRootImpl@bbbf799[InstrumentationActivityInvoker$EmptyActivity]: registerCallbacksForSync syncBuffer=false
09-25 13:19:24.942  5639  5772 I ViewRootImpl@bbbf799[InstrumentationActivityInvoker$EmptyActivity]: Received frameDrawingCallback syncResult=0 frameNum=1.
09-25 13:19:24.942  5639  5772 I ViewRootImpl@bbbf799[InstrumentationActivityInvoker$EmptyActivity]: Setting up sync and frameCommitCallback
09-25 13:19:24.943  5639  5729 I BLASTBufferQueue: [ViewRootImpl@bbbf799[InstrumentationActivityInvoker$EmptyActivity]#28](f:0,a:0) onFrameAvailable the first frame is available
09-25 13:19:24.943  5639  5729 I ViewRootImpl@bbbf799[InstrumentationActivityInvoker$EmptyActivity]: Received frameCommittedCallback lastAttemptedDrawFrameNum=1 didProduceBuffer=true
09-25 13:19:24.944  5639  5729 D OpenGLRenderer: CFMS:: SetUp Pid : 5639    Tid : 5729
09-25 13:19:24.947  1914  1914 I Layer   : id=162280 removedFromDrawingState Surface(name=4eb27f5 StatusBar)/@0x43fa543 - animation-leash of insets_animation#162280 (338)
09-25 13:19:24.947  1914  1914 I Layer   : id=162281 removedFromDrawingState Surface(name=d110b4c NavigationBar0)/@0x8bdb781 - animation-leash of insets_animation#162281 (338)
09-25 13:19:24.947  1914  1914 I SurfaceFlinger: [6dc3544 com.example.dogglers/androidx.test.core.app.InstrumentationActivityInvoker$EmptyActivity#162286] FrameRatePriority: 1
09-25 13:19:24.948  5639  5639 I ViewRootImpl@bbbf799[InstrumentationActivityInvoker$EmptyActivity]: onSyncComplete
09-25 13:19:24.948  5639  5639 I ViewRootImpl@bbbf799[InstrumentationActivityInvoker$EmptyActivity]: setupSync seqId=0 mSyncId=0 fn=1 caller=android.view.ViewRootImpl$$ExternalSyntheticLambda11.accept:6 android.window.SurfaceSyncer.lambda$setupSync$1$android-window-SurfaceSyncer:128 android.window.SurfaceSyncer$$ExternalSyntheticLambda1.accept:8 android.window.SurfaceSyncer$SyncSet.checkIfSyncIsComplete:382 android.window.SurfaceSyncer$SyncSet.markSyncReady:359 android.window.SurfaceSyncer.markSyncReady:151 android.view.ViewRootImpl.performTraversals:4503
09-25 13:19:24.948  5639  5639 I ViewRootImpl@bbbf799[InstrumentationActivityInvoker$EmptyActivity]: reportDrawFinished seqId=0 mSyncId=-1 fn=1 mSurfaceChangedTransaction=0xb40000772b2f9200
09-25 13:19:24.948  5639  5639 I ViewRootImpl@15ca18c[GridListActivity]: MSG_WINDOW_FOCUS_CHANGED 0 0
09-25 13:19:24.948 21794 21794 I ViewRootImpl@888ef3d[LauncherActivity]: handleAppVisibility mAppVisible = true visible = false
09-25 13:19:24.948  5369  5369 I ViewRootImpl@7533534[LauncherActivity]: handleAppVisibility mAppVisible = true visible = false
09-25 13:19:24.949  3108  3146 D InputDispatcher: Focus request (0): 6dc3544 com.example.dogglers/androidx.test.core.app.InstrumentationActivityInvoker$EmptyActivity but waiting because NOT_VISIBLE
09-25 13:19:24.950  4768  5658 D WallpaperService: dispatchAppVisibility onVisibilityChanged(): false
09-25 13:19:24.950  4768  4768 D WallpaperService: reportVisibility onVisibilityChanged visible: false
09-25 13:19:24.950  4768  4880 I ImageWallpaper[GLEngine]:  onVisibilityChanged false , 0
09-25 13:19:24.950  1809  6322 I HYPER-HAL: [RequestManager.cpp]releaseLocked(): Released ID : 4893776
09-25 13:19:24.952  1914  4196 I SurfaceFlinger: id=162281 Removed Surface(name=d110b4c NavigationBar0)/@0x8bdb781 - animation-leash of insets_animation#162281 (338)
09-25 13:19:24.952  1914  3199 I SurfaceFlinger: id=162280 Removed Surface(name=4eb27f5 StatusBar)/@0x43fa543 - animation-leash of insets_animation#162280 (338)
09-25 13:19:24.953  5639  5639 I ViewRootImpl@15ca18c[GridListActivity]: handleAppVisibility mAppVisible = true visible = false
09-25 13:19:24.954  3108  3231 I SemDvfsHyPerManager: acquire hyper - AMS_RESUME_TAIL/3108@20, type = -999
09-25 13:19:24.955  1914  1914 I Layer   : id=162272 removedFromDrawingState Splash Screen com.example.dogglers$_4768#162272 (338)
09-25 13:19:24.955  3108  3231 I SemDvfsHyPerManager: acquire hyper - AMS_ACT_LAZY/3108@21, type = -999
09-25 13:19:24.955  1914  1914 I Layer   : id=162274 removedFromDrawingState Surface(name=Task=1)/@0xeddbc98 - animation-leash of app_transition#162274 (338)
09-25 13:19:24.955  1914  1914 I Layer   : id=162271 removedFromDrawingState ccb41d0 Splash Screen com.example.dogglers#162271 (338)
09-25 13:19:24.955  1914  1914 I Layer   : id=162275 removedFromDrawingState Surface(name=Task=7113)/@0x68d44f0 - animation-leash of app_transition#162275 (338)
09-25 13:19:24.956  1914  1914 I Layer   : Layer [Splash Screen com.example.dogglers$_4768#162272] hidden!! flag(1)
09-25 13:19:24.956  1914  1914 I Layer   : Layer [com.sec.android.app.launcher/com.sec.android.app.launcher.activities.LauncherActivity$_5369#162113] hidden!! flag(1)
09-25 13:19:24.956  1914  1914 I Layer   : Layer [com.sec.android.app.launcher/com.sec.android.app.launcher.activities.LauncherActivity$_21794#162112] hidden!! flag(1)
09-25 13:19:24.956  1914  1914 I SurfaceFlinger: id=162271 Removed ccb41d0 Splash Screen com.example.dogglers#162271 (338)
09-25 13:19:24.956  1914  1914 I SurfaceFlinger: id=162272 Removed Splash Screen com.example.dogglers$_4768#162272 (338)
09-25 13:19:24.956  1914  1914 I SurfaceFlinger: id=162275 Removed Surface(name=Task=7113)/@0x68d44f0 - animation-leash of app_transition#162275 (338)
09-25 13:19:24.956  1809  1855 I HYPER-HAL: [RequestManager.cpp]acquire(): Acquired ID : 4893776  [3108 / 20]    HINT : AMS_RESUME_TAIL    list :
09-25 13:19:24.956  1914  1914 I SurfaceFlinger: id=162274 Removed Surface(name=Task=1)/@0xeddbc98 - animation-leash of app_transition#162274 (338)
09-25 13:19:24.956  1914  1914 I Layer   : id=162280 Destroyed Surface(name=4eb27f5 StatusBar)/@0x43fa543 - animation-leash of insets_animation#162280
09-25 13:19:24.956  1914  1914 I Layer   : id=162281 Destroyed Surface(name=d110b4c NavigationBar0)/@0x8bdb781 - animation-leash of insets_animation#162281
09-25 13:19:24.956  1914  1914 I Layer   : id=162271 Destroyed ccb41d0 Splash Screen com.example.dogglers#162271
09-25 13:19:24.956  1914  1914 I Layer   : id=162272 Destroyed Splash Screen com.example.dogglers$_4768#162272
09-25 13:19:24.956  1914  1914 I Layer   : id=162274 Destroyed Surface(name=Task=1)/@0xeddbc98 - animation-leash of app_transition#162274
09-25 13:19:24.956  1914  1914 I Layer   : id=162275 Destroyed Surface(name=Task=7113)/@0x68d44f0 - animation-leash of app_transition#162275
09-25 13:19:24.957  5639  5729 D OpenGLRenderer: setSurface called with nullptr
09-25 13:19:24.957  5639  5729 D OpenGLRenderer: setSurface() destroyed EGLSurface
09-25 13:19:24.957  5639  5729 D OpenGLRenderer: destroyEglSurface
09-25 13:19:24.958  3108  3227 I ActivityTaskManager: Displayed com.example.dogglers/androidx.test.core.app.InstrumentationActivityInvoker$EmptyActivity: +60ms
09-25 13:19:24.958  1809  1855 I HYPER-HAL: [RequestManager.cpp]acquire(): Acquired ID : 4896906  [3108 / 21]    HINT : AMS_ACT_LAZY    list :
09-25 13:19:24.958  5639  5639 I ViewRootImpl@15ca18c[GridListActivity]: performTraversals mFirst=false windowShouldResize=false viewVisibilityChanged=true mForceNextWindowRelayout=false params=null
09-25 13:19:24.958  5759  5759 E pageboostd: Received HALT command code 2
09-25 13:19:24.958 21794 13251 D OpenGLRenderer: setSurface called with nullptr
09-25 13:19:24.958 21794 13251 D OpenGLRenderer: setSurface() destroyed EGLSurface
09-25 13:19:24.958 21794 13251 D OpenGLRenderer: destroyEglSurface
09-25 13:19:24.959  3108  4153 I HqmInfo::HqmManagerService: MSG_TYPE:MSG_TYPE_PROCESS_LOG_BY_HQM
09-25 13:19:24.959 21794 21794 I ViewRootImpl@888ef3d[LauncherActivity]: performTraversals mFirst=false windowShouldResize=false viewVisibilityChanged=true mForceNextWindowRelayout=false params=null
09-25 13:19:24.959  5369  5369 I ViewRootImpl@7533534[LauncherActivity]: performTraversals mFirst=false windowShouldResize=false viewVisibilityChanged=true mForceNextWindowRelayout=false params=null
09-25 13:19:24.962  3108  3145 V WindowManager: Relayout Window{b6258f u0 com.example.dogglers/com.example.dogglers.GridListActivity}: viewVisibility=8 req=1440x3088 d0
09-25 13:19:24.962  1809  1855 I HYPER-HAL: [RequestManager.cpp]releaseLocked(): Released ID : 4887519
09-25 13:19:24.963  3108  4923 V WindowManager: Relayout Window{294099b u0 com.sec.android.app.launcher/com.sec.android.app.launcher.activities.LauncherActivity}: viewVisibility=8 req=1440x3088 d0
09-25 13:19:24.963  3108  3145 V WindowManager: Relayout hash=b6258f, pid=5639, syncId=-1: mAttrs={(0,0)(fillxfill) sim={adjust=resize forwardNavigation} ty=BASE_APPLICATION wanim=0x1030309
09-25 13:19:24.963  3108  3145 V WindowManager:   fl=81810100
09-25 13:19:24.963  3108  3145 V WindowManager:   pfl=12020040
09-25 13:19:24.963  3108  3145 V WindowManager:   bhv=DEFAULT
09-25 13:19:24.963  3108  3145 V WindowManager:   fitSides= naviIconColor=0}
09-25 13:19:24.963  1914  1914 I Layer   : Layer [com.example.dogglers/androidx.test.core.app.InstrumentationActivityInvoker$EmptyActivity$_5639#162287] hidden!! flag(0)
09-25 13:19:24.963  1914  1914 I Layer   : Layer [com.example.dogglers/com.example.dogglers.GridListActivity$_5639#162279] hidden!! flag(1)
