09-25 13:19:27.496  5639  5639 I ViewRootImpl@8b150fd[InstrumentationActivityInvoker$EmptyActivity]:   fitSides= naviIconColor=0}
09-25 13:19:27.496  3108  6266 V WindowManager: Relayout Window{b89bb08 u0 com.example.dogglers/androidx.test.core.app.InstrumentationActivityInvoker$EmptyActivity}: viewVisibility=0 req=1440x3088 d0
09-25 13:19:27.496  1914  3199 I SurfaceFlinger: id=162410 createSurf, flag=40004, com.example.dogglers/androidx.test.core.app.InstrumentationActivityInvoker$EmptyActivity$_5639#162410
09-25 13:19:27.499  1914  3199 I SurfaceFlinger: id=162411 createSurf, flag=24000, Surface(name=4eb27f5 StatusBar)/@0x43fa543 - animation-leash of insets_animation#162411
09-25 13:19:27.501  1914  3199 I SurfaceFlinger: id=162412 createSurf, flag=24000, Surface(name=d110b4c NavigationBar0)/@0x8bdb781 - animation-leash of insets_animation#162412
09-25 13:19:27.502  3108  6266 V WindowManager: Relayout hash=b89bb08, pid=5639, syncId=-1: mAttrs={(0,0)(fillxfill) sim={adjust=pan forwardNavigation} ty=BASE_APPLICATION wanim=0x1030001
09-25 13:19:27.502  3108  6266 V WindowManager:   fl=1810100
09-25 13:19:27.502  3108  6266 V WindowManager:   pfl=12020040
09-25 13:19:27.502  3108  6266 V WindowManager:   bhv=DEFAULT
09-25 13:19:27.502  3108  6266 V WindowManager:   fitSides= naviIconColor=0}
09-25 13:19:27.502  5639  5639 D InsetsController: onStateChanged: InsetsState: {mDisplayFrame=Rect(0, 0 - 1440, 3088), mDisplayCutout=DisplayCutout{insets=Rect(0, 100 - 0, 0) waterfall=Insets{left=0, top=0, right=0, bottom=0} boundingRect={Bounds=[Rect(0, 0 - 0, 0), Rect(685, 0 - 756, 100), Rect(0, 0 - 0, 0), Rect(0, 0 - 0, 0)]} cutoutPathParserInfo={CutoutPathParserInfo{displayWidth=1440 displayHeight=3088 physicalDisplayWidth=1440 physicalDisplayHeight=3088 density={3.75} cutoutSpec={M 0,0 H -9.466666666666667 V 26.66666666666667‬ H 9.466666666666667 V 0 H 0 Z @dp} rotation={0} scale={1.0} physicalPixelDisplaySizeRatio={1.0}}}}, mRoundedCorners=RoundedCorners{[RoundedCorner{position=TopLeft, radius=14, center=Point(14, 14)}, RoundedCorner{position=TopRight, radius=14, center=Point(1426, 14)}, RoundedCorner{position=BottomRight, radius=14, center=Point(1426, 3074)}, RoundedCorner{position=BottomLeft, radius=14, center=Point(14, 3074)}]}  mRoundedCornerFrame=Rect(0, 0 - 1440, 3088), mPrivacyIndicatorBounds=PrivacyIndicatorBounds {static bounds=Rect(1286, 0 - 1440, 100) rotation=0}, mSources= { InsetsSource: {mType=ITYPE_STATUS_BAR, mFrame=[0,0][1440,100], mVisible=true, mInsetsRoundedCornerFrame=false}, InsetsSource: {mType=ITYPE_NAVIGATION_BAR, mFrame=[0,3088][1440,3088], mVisible=true, mInsetsRoundedCornerFrame=false}, InsetsSource: {mType=ITYPE_LEFT_GESTURES, mFrame=[0,0][0,3088], mVisible=true, mInsetsRoundedCornerFrame=false}, InsetsSource: {mType=ITYPE_RIGHT_GESTURES, mFrame=[1440,0][1440,3088], mVisible=true, mInsetsRoundedCornerFrame=false}, InsetsSource: {mType=ITYPE_TOP_MANDATORY_GESTURES, mFrame=[0,0][1440,142], mVisible=true, mInsetsRoundedCornerFrame=false}, InsetsSource: {mType=ITYPE_BOTTOM_MANDATORY_GESTURES, mFrame=[0,3018][1440,3088], mVisible=true, mInsetsRoundedCornerFrame=false}, InsetsSource: {mType=ITYPE_LEFT_DISPLAY_CUTOUT, mFrame=[0,0][-100000,3088], mVisible=true, mInsetsRoundedCornerFrame=false}, InsetsSource: {mType=ITYPE_TOP_DISPLAY_CUTOUT, mFrame=[0,0][1440,100], mVisible=true, mInsetsRoundedCornerFrame=false}, InsetsSource: {mType=ITYPE_RIGHT_DISPLAY_CUTOUT, mFrame=[100000,0][1440,3088], mVisible=true, mInsetsRoundedCornerFrame=false}, InsetsSource: {mType=ITYPE_BOTTOM_DISPLAY_CUTOUT, mFrame=[0,100000][1440,3088], mVisible=true, mInsetsRoundedCornerFrame=false}, InsetsSource: {mType=ITYPE_TOP_TAPPABLE_ELEMENT, mFrame=[0,0][1440,100], mVisible=true, mInsetsRoundedCornerFrame=false}, InsetsSource: {mType=ITYPE_BOTTOM_TAPPABLE_ELEMENT, mFrame=[0,0][0,0], mVisible=true, mInsetsRoundedCornerFrame=false}, InsetsSource: {mType=ITYPE_IME, mFrame=[0,0][0,0], mVisibleFrame=[0,3088][1440,3088], mVisible=false, mInsetsRoundedCornerFrame=false} } host=com.example.dogglers/androidx.test.core.app.InstrumentationActivityInvoker$EmptyActivity from=android.view.ViewRootImpl.relayoutWindow:9802
09-25 13:19:27.503  5639  5639 I ViewRootImpl@8b150fd[InstrumentationActivityInvoker$EmptyActivity]: updateBlastSurfaceIfNeeded mBlastBufferQueue=null isSameSurfaceControl=false
09-25 13:19:27.503  5639  5639 I BLASTBufferQueue: new BLASTBufferQueue, mName= ViewRootImpl@8b150fd[InstrumentationActivityInvoker$EmptyActivity] mNativeObject= 0xb4000077a1040e00 sc.mNativeObject= 0xb40000774d6b9e80 caller= android.view.ViewRootImpl.updateBlastSurfaceIfNeeded:2909 android.view.ViewRootImpl.relayoutWindow:9847 android.view.ViewRootImpl.performTraversals:3884 android.view.ViewRootImpl.doTraversal:3116 android.view.ViewRootImpl$TraversalRunnable.run:10885 android.view.Choreographer$CallbackRecord.run:1301 android.view.Choreographer$CallbackRecord.run:1309 android.view.Choreographer.doCallbacks:923 android.view.Choreographer.doFrame:852 android.view.Choreographer$FrameDisplayEventReceiver.run:1283
09-25 13:19:27.503  5639  5639 I BLASTBufferQueue: update, w= 1440 h= 3088 mName = ViewRootImpl@8b150fd[InstrumentationActivityInvoker$EmptyActivity] mNativeObject= 0xb4000077a1040e00 sc.mNativeObject= 0xb40000774d6b9e80 format= -1 caller= android.graphics.BLASTBufferQueue.<init>:84 android.view.ViewRootImpl.updateBlastSurfaceIfNeeded:2909 android.view.ViewRootImpl.relayoutWindow:9847 android.view.ViewRootImpl.performTraversals:3884 android.view.ViewRootImpl.doTraversal:3116 android.view.ViewRootImpl$TraversalRunnable.run:10885
09-25 13:19:27.504  5639  5639 I ViewRootImpl@8b150fd[InstrumentationActivityInvoker$EmptyActivity]: Relayout returned: old=(0,0,1440,3088) new=(0,0,1440,3088) req=(1440,3088)0 dur=7 res=0x3 s={true 0xb4000077b1ddb000} ch=true seqId=0
09-25 13:19:27.504  5639  5639 I ViewRootImpl@8b150fd[InstrumentationActivityInvoker$EmptyActivity]: performConfigurationChange setNightDimText nightDimLevel=0
09-25 13:19:27.504  5639  5639 I ViewRootImpl@8b150fd[InstrumentationActivityInvoker$EmptyActivity]: mThreadedRenderer.initialize() mSurface={isValid=true 0xb4000077b1ddb000} hwInitialized=true
09-25 13:19:27.504  5639  5729 D OpenGLRenderer: eglCreateWindowSurface
09-25 13:19:27.505  5639  5639 I ViewRootImpl@8b150fd[InstrumentationActivityInvoker$EmptyActivity]: reportNextDraw android.view.ViewRootImpl.performTraversals:4438 android.view.ViewRootImpl.doTraversal:3116 android.view.ViewRootImpl$TraversalRunnable.run:10885 android.view.Choreographer$CallbackRecord.run:1301 android.view.Choreographer$CallbackRecord.run:1309
09-25 13:19:27.505  5639  5639 I ViewRootImpl@8b150fd[InstrumentationActivityInvoker$EmptyActivity]: Setup new sync id=0
09-25 13:19:27.505  5639  5639 I ViewRootImpl@8b150fd[InstrumentationActivityInvoker$EmptyActivity]: Setting syncFrameCallback
09-25 13:19:27.505  5639  5639 I ViewRootImpl@8b150fd[InstrumentationActivityInvoker$EmptyActivity]: registerCallbacksForSync syncBuffer=false
09-25 13:19:27.505  1914  1914 I Layer   : id=162404 removedFromDrawingState Surface(name=4eb27f5 StatusBar)/@0x43fa543 - animation-leash of insets_animation#162404 (351)
09-25 13:19:27.505  1914  1914 I Layer   : id=162405 removedFromDrawingState Surface(name=d110b4c NavigationBar0)/@0x8bdb781 - animation-leash of insets_animation#162405 (351)
09-25 13:19:27.505  1914  1914 I SurfaceFlinger: [b89bb08 com.example.dogglers/androidx.test.core.app.InstrumentationActivityInvoker$EmptyActivity#162409] FrameRatePriority: 1
09-25 13:19:27.506  5639  5772 I ViewRootImpl@8b150fd[InstrumentationActivityInvoker$EmptyActivity]: Received frameDrawingCallback syncResult=0 frameNum=1.
09-25 13:19:27.506  5639  5772 I ViewRootImpl@8b150fd[InstrumentationActivityInvoker$EmptyActivity]: Setting up sync and frameCommitCallback
09-25 13:19:27.507  5639  5729 I BLASTBufferQueue: [ViewRootImpl@8b150fd[InstrumentationActivityInvoker$EmptyActivity]#38](f:0,a:0) onFrameAvailable the first frame is available
09-25 13:19:27.507  5639  5729 I ViewRootImpl@8b150fd[InstrumentationActivityInvoker$EmptyActivity]: Received frameCommittedCallback lastAttemptedDrawFrameNum=1 didProduceBuffer=true
09-25 13:19:27.507  5639  5729 D OpenGLRenderer: CFMS:: SetUp Pid : 5639    Tid : 5729
09-25 13:19:27.511  5639  5639 I ViewRootImpl@8b150fd[InstrumentationActivityInvoker$EmptyActivity]: onSyncComplete
09-25 13:19:27.511  5639  5639 I ViewRootImpl@8b150fd[InstrumentationActivityInvoker$EmptyActivity]: setupSync seqId=0 mSyncId=0 fn=1 caller=android.view.ViewRootImpl$$ExternalSyntheticLambda11.accept:6 android.window.SurfaceSyncer.lambda$setupSync$1$android-window-SurfaceSyncer:128 android.window.SurfaceSyncer$$ExternalSyntheticLambda1.accept:8 android.window.SurfaceSyncer$SyncSet.checkIfSyncIsComplete:382 android.window.SurfaceSyncer$SyncSet.markSyncReady:359 android.window.SurfaceSyncer.markSyncReady:151 android.view.ViewRootImpl.performTraversals:4503
09-25 13:19:27.512  5639  5639 I ViewRootImpl@8b150fd[InstrumentationActivityInvoker$EmptyActivity]: reportDrawFinished seqId=0 mSyncId=-1 fn=1 mSurfaceChangedTransaction=0xb40000774d51ad00
09-25 13:19:27.512  5639  5639 I ViewRootImpl@5588378[InstrumentationActivityInvoker$EmptyActivity]: MSG_WINDOW_FOCUS_CHANGED 0 0
09-25 13:19:27.512  1914  2139 I SurfaceFlinger: id=162405 Removed Surface(name=d110b4c NavigationBar0)/@0x8bdb781 - animation-leash of insets_animation#162405 (351)
09-25 13:19:27.512  1914  3199 I SurfaceFlinger: id=162404 Removed Surface(name=4eb27f5 StatusBar)/@0x43fa543 - animation-leash of insets_animation#162404 (351)
09-25 13:19:27.514  1914  1914 I Layer   : id=162404 Destroyed Surface(name=4eb27f5 StatusBar)/@0x43fa543 - animation-leash of insets_animation#162404
09-25 13:19:27.514  1914  1914 I Layer   : id=162405 Destroyed Surface(name=d110b4c NavigationBar0)/@0x8bdb781 - animation-leash of insets_animation#162405
09-25 13:19:27.514  3108  3227 I ActivityTaskManager: Displayed com.example.dogglers/androidx.test.core.app.InstrumentationActivityInvoker$EmptyActivity: +61ms
09-25 13:19:27.514  5759  5759 E pageboostd: Received HALT command code 2
09-25 13:19:27.515  3108  4074 D InputDispatcher: Focus request (0): b89bb08 com.example.dogglers/androidx.test.core.app.InstrumentationActivityInvoker$EmptyActivity but waiting because NO_WINDOW
09-25 13:19:27.517  3108  4074 I SemDvfsHyPerManager: acquire hyper - AMS_RESUME_TAIL/3108@20, type = -999
09-25 13:19:27.517  3108  4074 I SemDvfsHyPerManager: acquire hyper - AMS_ACT_LAZY/3108@21, type = -999
09-25 13:19:27.518  1809  1855 I HYPER-HAL: [RequestManager.cpp]acquire(): Acquired ID : 4893776  [3108 / 20]    HINT : AMS_RESUME_TAIL    list :
09-25 13:19:27.518  1809  1855 I HYPER-HAL: [RequestManager.cpp]acquire(): Acquired ID : 4896906  [3108 / 21]    HINT : AMS_ACT_LAZY    list :
09-25 13:19:27.519  3108  5411 D InputDispatcher: Focused application(0): ActivityRecord{d98ff22 u0 com.sec.android.app.launcher/.activities.LauncherActivity} t6591}
09-25 13:19:27.520  3108  4605 D AS.MultiSoundManager: mForegroundUid = 10141
09-25 13:19:27.520  1809  1855 I HYPER-HAL: [RequestManager.cpp]releaseLocked(): Released ID : 4887519
09-25 13:19:27.522  1914  1914 I Layer   : Layer [com.example.dogglers/androidx.test.core.app.InstrumentationActivityInvoker$EmptyActivity$_5639#162410] hidden!! flag(0)
09-25 13:19:27.523  3108  3146 D InputDispatcher: Focus entered window (0): b89bb08 com.example.dogglers/androidx.test.core.app.InstrumentationActivityInvoker$EmptyActivity
09-25 13:19:27.525  1914  1914 D SurfaceFlinger: Display 4630947093241269891 HWC layers:
09-25 13:19:27.525  1914  1914 D SurfaceFlinger:      CLIENT | 0xb400007af6c13480 | 0100 | RGBx_8888    |  592.0    0.0 1628.0 2220.0 |    0    0 1440 3088 | Wallpaper BBQ wrapper#90
09-25 13:19:27.525  1914  1914 D SurfaceFlinger:      CLIENT | 0xb400007aeb145f80 | 0100 | RGBA_8888    |    0.0    0.0 1440.0 3088.0 |    0    0 1440 3088 | com.sec.android.app.launcher/com.sec[...]rActivity$_5369#162376 (blurRegions)
09-25 13:19:27.525  1914  1914 D SurfaceFlinger:      DEVICE | 0xb400007af86f9700 | 0102 | RGBA_8888    |    0.0    0.0 1440.0 3088.0 |   11   25 1429 3063 | com.example.dogglers/androidx.test.c[...]tyInvoker$EmptyActivity$_5639#162410
09-25 13:19:27.525  1914  1914 D SurfaceFlinger:      DEVICE | 0xb400007af6c14880 | 0100 | RGBA_8888    |    0.0    0.0 1440.0  100.0 |    0    0 1440  100 | StatusBar$_4768#95
09-25 13:19:27.525  1914  1914 D SurfaceFlinger:      DEVICE | 0xb400007af8705400 | 0100 | RGBA_8888    |    0.0    0.0   67.0  589.0 |    0  562   67 1151 | com.samsung.android.app.cocktailbars[...]vice.CocktailBarService$_8423#156853
09-25 13:19:27.525  1914  1914 D SurfaceFlinger:      DEVICE | 0xb400007af8705500 | 0100 | RGBA_8888    |    0.0    0.0  518.0   48.0 |  922 3040 1440 3088 | SGestureOverlayWindow$_5369#156268
09-25 13:19:27.525  1914  1914 D SurfaceFlinger:      DEVICE | 0x
09-25 13:19:27.525  1914  1914 D SurfaceFlinger: b400007af6c15880 | 0100 | RGBA_8888    |    0.0    0.0 1440.0  168.0 |    0 2920 1440 3088 | NavigationBar0$_4768#92
09-25 13:19:27.525  1914  1914 D SurfaceFlinger:
09-25 13:19:27.526  5639  5639 D LifecycleMonitor: Lifecycle status change: androidx.test.core.app.InstrumentationActivityInvoker$EmptyActivity@68c82cb in: PAUSED
09-25 13:19:27.526  5639  5639 V ActivityScenario: Activity lifecycle changed event received but ignored because the intent does not match. startActivityIntent=Intent { act=android.intent.action.MAIN cat=[android.intent.category.LAUNCHER] cmp=com.example.dogglers/.HorizontalListActivity }, activity.getIntent()=Intent { act=android.intent.action.MAIN cat=[android.intent.category.LAUNCHER] flg=0x10000000 cmp=com.example.dogglers/androidx.test.core.app.InstrumentationActivityInvoker$EmptyActivity }, activity=androidx.test.core.app.InstrumentationActivityInvoker$EmptyActivity@68c82cb
09-25 13:19:27.526  3108  5411 I SemDvfsHyPerManager: acquire hyper - AMS_APP_HOME/3108@24, type = -999
09-25 13:19:27.526  5369  5369 I TopTaskTracker: onTaskMovedToFront : taskId = 6591
09-25 13:19:27.527  1809  1855 I HYPER-HAL: [RequestManager.cpp]acquire(): Acquired ID : 4906302  [3108 / 24]    HINT : AMS_APP_HOME    list :
09-25 13:19:27.527  8328  8328 I SemDvfsHyPerManager: acquire hyper - APP_START_HOME/8328@20, type = -999
09-25 13:19:27.527  1809  1855 I HYPER-HAL: [RequestManager.cpp]acquire(): Acquired ID : 34848746  [8328 / 20]    HINT : APP_START    list : [KERNEL_APP_START_NOTIFY / 0] [TIMEOUT / 1500]
09-25 13:19:27.528  5369  5369 I ViewRootImpl@7533534[LauncherActivity]: stopped(false) old = false
09-25 13:19:27.528  5369  5369 I Launcher: !@Boot_DEBUG: Launcher.onResume()
09-25 13:19:27.528  5369  5369 I Launcher: !@Boot_EBS_D: Launcher.onResume()
09-25 13:19:27.528  5369  5369 I BaseActivity: addActivityFlags, flags : 18
09-25 13:19:27.528  5369  5369 I BaseActivity: removeActivityFlags, flags : 32
09-25 13:19:27.528  5369  5741 I IMM_LC  : hsifw() - flag : 0
09-25 13:19:27.528  5369  5741 I IMM_LC  : hsifw() - mService.hideSoftInput
09-25 13:19:27.528  3108 29076 D RemoteAppTaskWatcher:  ****** RemoteAppTaskWatcher: Message Received 5 Task ID = 0
09-25 13:19:27.528  5369  5369 I AppsSearchBar: restoreCurrentCellLayoutAlpha: [com.android.homescreen.apptray.AppsViewCellLayout{118f2a4 V.ED..... ........ 15341,100-16679,2951}[a=1.0,v=0,sId=11]]
09-25 13:19:27.529  5369  5369 I Launcher.AppsViewCellLayout: com.android.homescreen.apptray.AppsViewCellLayout{118f2a4 V.ED..... ........ 15341,100-16679,2951}[a=1.0,v=0,sId=11] setAlpha : 1.0
09-25 13:19:27.529  5369  5369 I Launcher.AppsViewCellLayout: com.android.homescreen.apptray.AppsViewCellLayout{118f2a4 V.ED..... ........ 15341,100-16679,2951}[a=1.0,v=0,sId=11] setAlpha : 1.0
09-25 13:19:27.529  5369  5369 W SearchLauncherServiceMover: isMoving : false
09-25 13:19:27.529  5369  5369 I Launcher: setWallpaperOffsets
09-25 13:19:27.529  5369  5752 I SPayUpdater: updateSpayHandler, show = false, defaultPage = false
09-25 13:19:27.529  1914  2139 I SurfaceFlinger: id=162413 createSurf, flag=24000, Surface(name=Task=7116)/@0x2816694 - animation-leash of app_transition#162413
09-25 13:19:27.529  5369 11129 I WidgetRotationImpl: subscribeWidgetFocus 80
09-25 13:19:27.529  6586  6586 I SAMSUNGWALLET: [Hint_PayHintService] onReceive() action=com.sec.android.app.launcher.intent.action.UPDATE_SPAY_HANDLER
09-25 13:19:27.530  6586  6586 I SAMSUNGWALLET: [Hint_PayHintService] home change, s home : false , default : false , gesture : true , s result : false , prev : false
09-25 13:19:27.530  5369 14492 I Launcher: DisplayMetrics from Resources : DisplayMetrics{density=3.5, width=1440, height=2988, scaledDensity=3.8500001, xdpi=501.041, ydpi=502.789}
09-25 13:19:27.530  5369 14492 I Launcher: realMetrics from Wm : DisplayMetrics{density=3.5, width=1440, height=3088, scaledDensity=3.5, xdpi=501.041, ydpi=502.789}
09-25 13:19:27.530  5369 14492 I Launcher: Launcher DeviceProfile onResume availSize: 1440x2988 windowSize: 1440x3088 isLandscape: false
09-25 13:19:27.530  5369 11129 I IntelligentPlatformManagerImpl: subscribeWidgetFocus() id : 80
09-25 13:19:27.530  5759  5759 E pageboostd: Received HALT command code 2
09-25 13:19:27.532  1914  1914 I SurfaceFlinger: [b89bb08 com.example.dogglers/androidx.test.core.app.InstrumentationActivityInvoker$EmptyActivity#162409] FrameRatePriority: -1
09-25 13:19:27.532  1914  3199 I SurfaceFlinger: id=162414 createSurf, flag=24004, Surface(name=Task=1)/@0xeddbc98 - animation-leash of app_transition#162414
09-25 13:19:27.534  3108  4073 D InputDispatcher: Focus left window (0): b89bb08 com.example.dogglers/androidx.test.core.app.InstrumentationActivityInvoker$EmptyActivity
09-25 13:19:27.534  1914  2139 I SurfaceFlinger: id=162415 createSurf, flag=24000, Surface(name=WallpaperWindowToken{6241e01 token=android.os.Binder@ab19d0b})/@0xf3e0a44 - animation-leash of window_animation#162415
09-25 13:19:27.537  1914  1914 I Layer   : id=162416 Destroyed Screenshot Parent#162416
09-25 13:19:27.539  3108 29076 D RemoteAppTaskWatcher:  ****** RemoteAppTaskWatcher: Message Received 5 Task ID = 0
09-25 13:19:27.540  1914  2139 I SurfaceFlinger: id=162417 createSurf, flag=24000, Surface(name=4eb27f5 StatusBar)/@0x43fa543 - animation-leash of insets_animation#162417
09-25 13:19:27.543  1914  2139 I SurfaceFlinger: id=162418 createSurf, flag=24000, Surface(name=d110b4c NavigationBar0)/@0x8bdb781 - animation-leash of insets_animation#162418
09-25 13:19:27.544  5369  8863 I TouchInteractionService: onSystemUiStateChanged, stateFlags : 48 |a11y_click|a11y_long_click|
09-25 13:19:27.545  4768  4838 D Bubbles : onLocusVisibilityChanged: LocusId[17_chars] visible=true
09-25 13:19:27.545  5369  8863 I LauncherAnimationRunner: onAnimationStart, appTargets : [Lcom.android.systemui.shared.system.RemoteAnimationTargetCompat;@a9e9a91 mStartAtFrontOfQueue : false
09-25 13:19:27.545  5639  5639 I ViewRootImpl@8b150fd[InstrumentationActivityInvoker$EmptyActivity]: MSG_WINDOW_FOCUS_CHANGED 0 0
09-25 13:19:27.546  5639  5639 I ViewRootImpl@8b150fd[InstrumentationActivityInvoker$EmptyActivity]: MSG_WINDOW_FOCUS_CHANGED 0 0
09-25 13:19:27.546  8130  8237 I [AirCmd]_ActivitySwitchDetector: onTaskFocusChanged : taskId 6591
09-25 13:19:27.547  5369  5369 I MSHandlerLifeCycle: removeMultiSplitHandler: no exist. decor=DecorView@ac62e93[LauncherActivity]
09-25 13:19:27.547  1914  1914 I Layer   : id=162390 removedFromDrawingState Surface(name=Task=1)/@0xeddbc98 - animation-leash of app_transition#162390 (354)
09-25 13:19:27.547  1914  1914 I Layer   : id=49 removedFromDrawingState Task=1#49 (354)
09-25 13:19:27.547  1914  1914 I Layer   : id=169 removedFromDrawingState Task=6591#169 (354)
09-25 13:19:27.547  1914  1914 I Layer   : id=170 removedFromDrawingState ActivityRecord{d98ff22 u0 com.sec.android.app.launcher/.activities.LauncherActivity} t6591}#170 (354)
09-25 13:19:27.547  1914  1914 I Layer   : id=183 removedFromDrawingState a640d58 ActivityRecordInputSink com.sec.android.app.launcher/com.android.launcher3.uioverrides.QuickstepLauncher#183 (354)
09-25 13:19:27.547  1914  1914 I Layer   : id=176 removedFromDrawingState c7375dc com.sec.android.app.launcher/com.sec.android.app.launcher.activities.LauncherActivity#176 (354)
09-25 13:19:27.547  1914  1914 I Layer   : id=162376 removedFromDrawingState com.sec.android.app.launcher/com.sec.android.app.launcher.activities.LauncherActivity$_5369#162376 (354)
09-25 13:19:27.547  1914  1914 I Layer   : id=154636 removedFromDrawingState 294099b com.sec.android.app.launcher/com.sec.android.app.launcher.activities.LauncherActivity#154636 (354)
09-25 13:19:27.547  1914  1914 I Layer   : id=162375 removedFromDrawingState com.sec.android.app.launcher/com.sec.android.app.launcher.activities.LauncherActivity$_21794#162375 (354)
09-25 13:19:27.547  1914  1914 I Layer   : id=162412 removedFromDrawingState Surface(name=d110b4c NavigationBar0)/@0x8bdb781 - animation-leash of insets_animation#162412 (354)
09-25 13:19:27.547  1914  1914 I Layer   : id=77 removedFromDrawingState d110b4c NavigationBar0#77 (354)
09-25 13:19:27.547  1914  1914 I Layer   : id=92 removedFromDrawingState NavigationBar0$_4768#92 (354)
09-25 13:19:27.547  5369  5369 I BaseActivity: addActivityFlags, flags : 4
09-25 13:19:27.547  1914  1914 I Layer   : id=162391 removedFromDrawingState Surface(name=Task=7116)/@0x2816694 - animation-leash of app_transition#162391 (354)
09-25 13:19:27.547  1914  1914 I Layer   : id=49 addToCurrentState Task=1#49 (354)
09-25 13:19:27.547  1914  1914 I Layer   : id=169 addToCurrentState Task=6591#169 (354)
09-25 13:19:27.547  1914  1914 I Layer   : id=170 addToCurrentState ActivityRecord{d98ff22 u0 com.sec.android.app.launcher/.activities.LauncherActivity} t6591}#170 (354)
09-25 13:19:27.547  1914  1914 I Layer   : id=183 addToCurrentState a640d58 ActivityRecordInputSink com.sec.android.app.launcher/com.android.launcher3.uioverrides.QuickstepLauncher#183 (354)
09-25 13:19:27.547  1914  1914 I Layer   : id=176 addToCurrentState c7375dc com.sec.android.app.launcher/com.sec.android.app.launcher.activities.LauncherActivity#176 (354)
09-25 13:19:27.547  1914  1914 I Layer   : id=162376 addToCurrentState com.sec.android.app.launcher/com.sec.android.app.launcher.activities.LauncherActivity$_5369#162376 (354)
09-25 13:19:27.547  1914  1914 I Layer   : id=154636 addToCurrentState 294099b com.sec.android.app.launcher/com.sec.android.app.launcher.activities.LauncherActivity#154636 (354)
09-25 13:19:27.547  1914  1914 I Layer   : id=162375 addToCurrentState com.sec.android.app.launcher/com.sec.android.app.launcher.activities.LauncherActivity$_21794#162375 (354)
09-25 13:19:27.547  5369  5369 I Launcher: onDeferredResumed
09-25 13:19:27.547  1914  1914 I Layer   : id=162411 removedFromDrawingState Surface(name=4eb27f5 StatusBar)/@0x43fa543 - animation-leash of insets_animation#162411 (354)
09-25 13:19:27.547  1914  1914 I Layer   : id=77 addToCurrentState d110b4c NavigationBar0#77 (354)
09-25 13:19:27.547  1914  1914 I Layer   : id=92 addToCurrentState NavigationBar0$_4768#92 (354)
09-25 13:19:27.547  1914  1914 I SurfaceFlinger: id=162390 Removed Surface(name=Task=1)/@0xeddbc98 - animation-leash of app_transition#162390 (354)
09-25 13:19:27.547  5369  5369 I InstallShortcutReceiver: flushInstallQueue 0
09-25 13:19:27.547  1914  1914 I SurfaceFlinger: id=162412 Removed Surface(name=d110b4c NavigationBar0)/@0x8bdb781 - animation-leash of insets_animation#162412 (354)
09-25 13:19:27.547  1914  1914 I SurfaceFlinger: id=162391 Removed Surface(name=Task=7116)/@0x2816694 - animation-leash of app_transition#162391 (354)
09-25 13:19:27.547  1914  1914 I SurfaceFlinger: id=162411 Removed Surface(name=4eb27f5 StatusBar)/@0x43fa543 - animation-leash of insets_animation#162411 (354)
09-25 13:19:27.547  5369  5369 I Launcher.NotificationListener: onNotificationFullRefresh
09-25 13:19:27.547  5369  5369 I BadgeCountUpdaterImpl: onNotificationsChangedConnected
09-25 13:19:27.547  5369  5369 W LauncherAppWidgetHost: setShouldListenFlag, mFlags:7 flag:resume on:true isFront:false
09-25 13:19:27.547  5369  5369 I Launcher.AppsViewCellLayout: com.android.homescreen.apptray.AppsViewCellLayout{118f2a4 V.ED..... ........ 15341,100-16679,2951}[a=1.0,v=0,sId=11] setAlpha : 1.0
09-25 13:19:27.547  1914  1914 I Layer   : id=162390 Destroyed Surface(name=Task=1)/@0xeddbc98 - animation-leash of app_transition#162390
09-25 13:19:27.547  1914  1914 I Layer   : id=162391 Destroyed Surface(name=Task=7116)/@0x2816694 - animation-leash of app_transition#162391
09-25 13:19:27.547  5369  5748 I InstallShortcutReceiver: flushQueueInBackground 0
09-25 13:19:27.547  1914  1914 I Layer   : id=162411 Destroyed Surface(name=4eb27f5 StatusBar)/@0x43fa543 - animation-leash of insets_animation#162411
09-25 13:19:27.547  1914  1914 I Layer   : id=162412 Destroyed Surface(name=d110b4c NavigationBar0)/@0x8bdb781 - animation-leash of insets_animation#162412
09-25 13:19:27.547  5369  5369 I RecentsAnimationDeviceState: setSystemUiFlags, stateFlags : 48
09-25 13:19:27.547  5369  5369 W SGestureOverlayWindow: setVisibilityGestureOverlayWindow, visibility = 0
09-25 13:19:27.548  5369  5369 I TouchInteractionService: onSystemUiFlagsChanged, lastSysUIFlags : 131120
09-25 13:19:27.548  5369  5369 I Launcher: getFirstMatch : match = com.android.homescreen.icon.IconView{3c9d3a5 VFED..CLX ........ 538,868-799,1294 #7f0a009c app:id/apps_icon}[a=1.0,v=0,i=true,t=Dogglers][c(2,2-3,3),id=353]
09-25 13:19:27.548  5369  5369 W AppTransitionAnimatorImpl: closing animation with floating icon - true
09-25 13:19:27.548  5369  5748 I Launcher.NotificationListener: notificationIsValidForUI : com.microsoft.office.outlook missingTitleAndText : false isGroupHeader : true
09-25 13:19:27.548  5369  5748 I Launcher.NotificationListener: notificationIsValidForUI : com.microsoft.office.outlook missingTitleAndText : false isGroupHeader : false
09-25 13:19:27.548  5369  5748 I Launcher.NotificationListener: Full refresh isConnected : true active size : 1
09-25 13:19:27.549  5369  5369 I AppTransitionAnimatorImpl: window bounds: Rect(0, 0 - 1440, 3088), target bounds: RectF(624.0, 1269.0, 816.0, 1461.0)
09-25 13:19:27.549  5369  5369 I AnimationResult: setAnimation : null
09-25 13:19:27.549  5369  5369 W AppTransitionAnimatorImpl: onAnimationStart - APP OUT
09-25 13:19:27.549  1914  1914 D SurfaceFlinger: Display 4630947093241269891 HWC layers:
09-25 13:19:27.549  1914  1914 D SurfaceFlinger:      DEVICE | 0xb400007af86f9700 | 0102 | RGBA_8888    |    0.0    0.0 1440.0 3088.0 |    0    0 1440 3088 | com.example.dogglers/androidx.test.c[...]tyInvoker$EmptyActivity$_5639#162410
09-25 13:19:27.549  1914  1914 D SurfaceFlinger:      DEVICE | 0xb400007af6c14880 | 0100 | RGBA_8888    |    0.0    0.0 1440.0  100.0 |    0    0 1440  100 | StatusBar$_4768#95
09-25 13:19:27.549  1914  1914 D SurfaceFlinger:      DEVICE | 0xb400007af8705400 | 0100 | RGBA_8888    |    0.0    0.0   67.0  589.0 |    0  562   67 1151 | com.samsung.android.app.cocktailbars[...]vice.CocktailBarService$_8423#156853
09-25 13:19:27.549  1914  1914 D SurfaceFlinger:      DEVICE | 0xb400007af8705500 | 0100 | RGBA_8888    |    0.0    0.0  518.0   48.0 |  922 3040 1440 3088 | SGestureOverlayWindow$_5369#156268
09-25 13:19:27.549  1914  1914 D SurfaceFlinger:      DEVICE | 0xb400007af6c15880 | 0100 | RGBA_8888    |    0.0    0.0 1440.0  168.0 |    0 2920 1440 3088 | NavigationBar0$_4768#92
09-25 13:19:27.549  1914  1914 D SurfaceFlinger:
09-25 13:19:27.550  3108  3338 D AnalyticsContainerHandler: handleMessage : { when=0 what=1 target=com.android.server.knox.KnoxAnalyticsContainer$AnalyticsHandler }
09-25 13:19:27.551  8130  8237 I [AirCmd]_ActivitySwitchDetector: onTaskFocusChanged : componentName - ComponentInfo{com.sec.android.app.launcher/com.android.launcher3.uioverrides.QuickstepLauncher}
09-25 13:19:27.551  8130  8237 I [AirCmd]_ActivitySwitchDetector: onTaskFocusChanged : mTopMostActivity - ComponentInfo{com.example.dogglers/androidx.test.core.app.InstrumentationActivityInvoker$BootstrapActivity}
09-25 13:19:27.551  5369  5748 I AppIconSolution: getThemeIconWithBG called with public API, pkg = com.example.dogglers, mode = 48
09-25 13:19:27.552  8174  8566 D KnoxHelper: getActivityList callingUserId: 0, target user: 0
09-25 13:19:27.552  5369  5748 I AppIconSolution: return adaptive icon for com.example.dogglers, isNight = true
09-25 13:19:27.552  5369  5748 I LauncherActivityInfo: packageName: com.example.dogglers, useThemeIcon: false, height: 252, width: 252, density: 640
09-25 13:19:27.552  8130  8237 I [AirCmd]_CallbackRepeater: stopRepeat : isWorking=false
09-25 13:19:27.552  8130  8237 I [AirCmd]_MediaControlStateMonitor: isForegroundAppSupportsMediaButton : mediaSession is empty
09-25 13:19:27.553  8130  8237 I [AirCmd]_MediaControlStateMonitor: active Notification List is null
09-25 13:19:27.553  8130  8237 I [AirCmd]_RemoteSpenMainController: hasGeneralAction : packageName is com.sec.android.app.launcher, activityName is com.android.launcher3.uioverrides.QuickstepLauncher, hasActions is false
09-25 13:19:27.553  8130  8237 I [AirCmd]_CameraAvailabilityMonitor: isCameraPreviewOn : mIsCameraPreviewOn is false
09-25 13:19:27.553  8130  8237 I [AirCmd]_CameraAvailabilityMonitor: isCameraPreviewOn : mIsCameraPreviewOn is false
09-25 13:19:27.554 15715 15751 I WindowsLink: (TaskInfoManager) +++++++++++onRecentTaskStackUpdated
09-25 13:19:27.555  3108  3230 I SemPersonaManager: SecureFolder personaId = 150
09-25 13:19:27.555  5369  5369 I Launcher.AppsViewCellLayout: com.android.homescreen.apptray.AppsViewCellLayout{118f2a4 V.ED..... .......D 15341,100-16679,2951}[a=1.0,v=0,sId=11] setAlpha : 1.0
09-25 13:19:27.557  8130  8237 I [AirCmd]_MediaControlStateMonitor: isForegroundAppSupportsMediaButton : mediaSession is empty
09-25 13:19:27.557  5369  5369 I PopupDataProvider: onNotificationFullRefresh prev dotInfoSize : 1
09-25 13:19:27.557  5369  5369 I PopupDataProvider: refresh badge  package : com.microsoft.office.outlook count : 275
09-25 13:19:27.557  8130  8237 I [AirCmd]_MediaControlStateMonitor: active Notification List is null
09-25 13:19:27.557  8130  8237 I [AirCmd]_PenActionRule: getAction : get default action data from remote action because pen action data is null.
09-25 13:19:27.557  8130  8237 I [AirCmd]_ButtonActionDetector: enableDoubleClickDetection: enabled=true, doubleClickWaitInterval=300
09-25 13:19:27.557  8130  8237 I [AirCmd]_RemoteSpenMainController: onSwitch : package is com.sec.android.app.launcher   and activity is com.android.launcher3.uioverrides.QuickstepLauncher and isBleConnected is false and hasActions is false
09-25 13:19:27.557  5369  5369 I IconView: applyDotState itemInfo : Outlook display : 1 count : 275
09-25 13:19:27.557  5369  5583 I ViewRootImpl@7533534[LauncherActivity]: mWNT: t=0xb40000772bb64200 mBlastBufferQueue=0xb400007720986880 fn= 49 caller= com.android.systemui.shared.launcher.ViewRootImplCompat.mergeWithNextTransaction:2 com.android.quickstep.util.SurfaceTransactionApplier.lambda$scheduleApply$0:2 com.android.quickstep.util.SurfaceTransactionApplier.b:0
09-25 13:19:27.557  5369  5583 I ViewRootImpl@7533534[LauncherActivity]: mWNT: t=0xb40000774c818000 mBlastBufferQueue=0xb400007720986880 fn= 49 caller= com.android.systemui.shared.launcher.ViewRootImplCompat.mergeWithNextTransaction:2 com.android.quickstep.util.SurfaceTransactionApplier.lambda$scheduleApply$0:2 com.android.quickstep.util.SurfaceTransactionApplier.b:0
09-25 13:19:27.557  5369  5583 I ViewRootImpl@7533534[LauncherActivity]: mWNT: t=0xb40000774c818200 mBlastBufferQueue=0xb400007720986880 fn= 49 caller= com.android.systemui.shared.launcher.ViewRootImplCompat.mergeWithNextTransaction:2 com.android.quickstep.util.SurfaceTransactionApplier.lambda$scheduleApply$0:2 com.android.quickstep.util.SurfaceTransactionApplier.b:0
09-25 13:19:27.560 15715 18710 I WindowsLink: (TaskInfoManager) +++++++++++onRecentTaskStackUpdated
09-25 13:19:27.561  3108  3230 D EnterpriseDeviceManagerService: isMdmAdminPresentInternal() : MDM Admin Found - com.samsung.knox.securefolder
09-25 13:19:27.563  8423  8423 I ActivityUtils: HomePackage : com.sec.android.app.launcher, resumePackageName : com.sec.android.app.launcher
09-25 13:19:27.563  3108  6142 I MediaSessionMonitor: Media session stopped : controllerList empty
09-25 13:19:27.564  5369  5369 I Launcher.AppsViewCellLayout: com.android.homescreen.apptray.AppsViewCellLayout{118f2a4 V.ED..... .......D 15341,100-16679,2951}[a=1.0,v=0,sId=11] setAlpha : 1.0
09-25 13:19:27.567  1914  1914 D SurfaceFlinger: Display 4630947093241269891 HWC layers:
09-25 13:19:27.567  1914  1914 D SurfaceFlinger:      CLIENT | 0xb400007af6c13480 | 0100 | RGBx_8888    |  592.0    0.0 1628.0 2220.0 |    0    0 1440 3088 | Wallpaper BBQ wrapper#90
09-25 13:19:27.567  1914  1914 D SurfaceFlinger:      CLIENT | 0xb400007af6c14500 | 0100 | RGBA_8888    |    0.0    0.0 1440.0 3088.0 |    0    0 1440 3088 | com.sec.android.app.launcher/com.sec[...]rActivity$_5369#162376 (blurRegions)
09-25 13:19:27.567  1914  1914 D SurfaceFlinger:      CLIENT | 0xb400007af86ec800 | 0102 | RGBA_8888    |    0.0    0.0 1440.0 3088.0 |    0    0 1440 3088 | com.example.dogglers/com.example.dogglers.HorizontalListActivity$_5639#162395
09-25 13:19:27.567  1914  1914 D SurfaceFlinger:      CLIENT | 0xb400007af6c14d00 | 0102 | RGBA_8888    |    0.0    0.0 1440.0 3088.0 |    0    0 1440 3088 | com.example.dogglers/androidx.test.c[...]tyInvoker$EmptyActivity$_5639#162403
09-25 13:19:27.567  1914  1914 D SurfaceFlinger:      CLIENT | 0xb400007af86f9700 | 0102 | RGBA_8888    |    0.0    0.0 1440.0 3088.0 |    0    0 1440 3088 | com.example.dogglers/androidx.test.c[...]tyInvoker$EmptyActivity$_5639#162410
09-25 13:19:27.567  1914  1914 D SurfaceFlinger:      DEVICE | 0xb400007af6c14880 | 0100 | RGBA_8888    |    0.0    0.0 1440.0  100.0 |    0    0 1440
09-25 13:19:27.567  1914  1914 D SurfaceFlinger:   100 | StatusBar$_4768#95
09-25 13:19:27.567  1914  1914 D SurfaceFlinger:      DEVICE | 0xb400007af8705400 | 0100 | RGBA_8888    |    0.0    0.0   67.0  589.0 |    0  562   67 1151 | com.samsung.android.app.cocktailbars[...]vice.CocktailBarService$_8423#156853
09-25 13:19:27.567  1914  1914 D SurfaceFlinger:      DEVICE | 0xb400007af8705500 | 0100 | RGBA_8888    |    0.0    0.0  518.0   48.0 |  922 3040 1440 3088 | SGestureOverlayWindow$_5369#156268
09-25 13:19:27.567  1914  1914 D SurfaceFlinger:      DEVICE | 0xb400007af6c15880 | 0100 | RGBA_8888    |    0.0    0.0 1440.0  168.0 |    0 2920 1440 3088 | NavigationBar0$_4768#92
09-25 13:19:27.567  1914  1914 D SurfaceFlinger:
09-25 13:19:27.567  5369  5584 I ViewRootImpl@7533534[LauncherActivity]: mWNT: t=0xb40000774cca7700 mBlastBufferQueue=0xb400007720986880 fn= 50 caller= com.android.systemui.shared.launcher.ViewRootImplCompat.mergeWithNextTransaction:2 com.android.quickstep.util.SurfaceTransactionApplier.lambda$scheduleApply$0:2 com.android.quickstep.util.SurfaceTransactionApplier.b:0
09-25 13:19:27.572  5369  5369 I Launcher.AppsViewCellLayout: com.android.homescreen.apptray.AppsViewCellLayout{118f2a4 V.ED..... ........ 15341,100-16679,2951}[a=1.0,v=0,sId=11] setAlpha : 1.0
09-25 13:19:27.574  5369  5583 I ViewRootImpl@7533534[LauncherActivity]: mWNT: t=0xb40000774cca7800 mBlastBufferQueue=0xb400007720986880 fn= 51 caller= com.android.systemui.shared.launcher.ViewRootImplCompat.mergeWithNextTransaction:2 com.android.quickstep.util.SurfaceTransactionApplier.lambda$scheduleApply$0:2 com.android.quickstep.util.SurfaceTransactionApplier.b:0
09-25 13:19:27.575  8174  8566 D KnoxHelper: getActivityList callingUserId: 0, target user: 150
09-25 13:19:27.576  8174  8566 V KnoxHelper: source and target users are different, and caller is knox container or target user is for secure folder, so request cannot be granted!
09-25 13:19:27.580  1797 29568 I sensors-hal: handle_sns_client_event:542, [0][85834] accel_sample [-0.051,  0.804,  9.884] 1370093627852894
09-25 13:19:27.581  5369  5369 I Launcher.AppsViewCellLayout: com.android.homescreen.apptray.AppsViewCellLayout{118f2a4 V.ED..... ........ 15341,100-16679,2951}[a=1.0,v=0,sId=11] setAlpha : 1.0
09-25 13:19:27.582  5369  5584 I ViewRootImpl@7533534[LauncherActivity]: mWNT: t=0xb40000774cca7f00 mBlastBufferQueue=0xb400007720986880 fn= 52 caller= com.android.systemui.shared.launcher.ViewRootImplCompat.mergeWithNextTransaction:2 com.android.quickstep.util.SurfaceTransactionApplier.lambda$scheduleApply$0:2 com.android.quickstep.util.SurfaceTransactionApplier.b:0
09-25 13:19:27.589  5369  5369 I Launcher.AppsViewCellLayout: com.android.homescreen.apptray.AppsViewCellLayout{118f2a4 V.ED..... ........ 15341,100-16679,2951}[a=1.0,v=0,sId=11] setAlpha : 1.0
09-25 13:19:27.590  5369  5583 I ViewRootImpl@7533534[LauncherActivity]: mWNT: t=0xb40000774ccdc100 mBlastBufferQueue=0xb400007720986880 fn= 53 caller= com.android.systemui.shared.launcher.ViewRootImplCompat.mergeWithNextTransaction:2 com.android.quickstep.util.SurfaceTransactionApplier.lambda$scheduleApply$0:2 com.android.quickstep.util.SurfaceTransactionApplier.b:0
09-25 13:19:27.597  5369  5369 I Launcher.AppsViewCellLayout: com.android.homescreen.apptray.AppsViewCellLayout{118f2a4 V.ED..... ........ 15341,100-16679,2951}[a=1.0,v=0,sId=11] setAlpha : 1.0
09-25 13:19:27.599  5369  5584 I ViewRootImpl@7533534[LauncherActivity]: mWNT: t=0xb40000774ccdc200 mBlastBufferQueue=0xb400007720986880 fn= 54 caller= com.android.systemui.shared.launcher.ViewRootImplCompat.mergeWithNextTransaction:2 com.android.quickstep.util.SurfaceTransactionApplier.lambda$scheduleApply$0:2 com.android.quickstep.util.SurfaceTransactionApplier.b:0
09-25 13:19:27.606  5369  5369 I Launcher.AppsViewCellLayout: com.android.homescreen.apptray.AppsViewCellLayout{118f2a4 V.ED..... ........ 15341,100-16679,2951}[a=1.0,v=0,sId=11] setAlpha : 1.0
09-25 13:19:27.607  5369  5583 I ViewRootImpl@7533534[LauncherActivity]: mWNT: t=0xb40000774ccdc400 mBlastBufferQueue=0xb400007720986880 fn= 55 caller= com.android.systemui.shared.launcher.ViewRootImplCompat.mergeWithNextTransaction:2 com.android.quickstep.util.SurfaceTransactionApplier.lambda$scheduleApply$0:2 com.android.quickstep.util.SurfaceTransactionApplier.b:0
09-25 13:19:27.614  5369  5369 I Launcher.AppsViewCellLayout: com.android.homescreen.apptray.AppsViewCellLayout{118f2a4 V.ED..... ........ 15341,100-16679,2951}[a=1.0,v=0,sId=11] setAlpha : 1.0
09-25 13:19:27.616  5369  5584 I ViewRootImpl@7533534[LauncherActivity]: mWNT: t=0xb40000774ccdc500 mBlastBufferQueue=0xb400007720986880 fn= 56 caller= com.android.systemui.shared.launcher.ViewRootImplCompat.mergeWithNextTransaction:2 com.android.quickstep.util.SurfaceTransactionApplier.lambda$scheduleApply$0:2 com.android.quickstep.util.SurfaceTransactionApplier.b:0
09-25 13:19:27.618  5369  5401 W System  : A resource failed to call ContentProviderClient.close.
09-25 13:19:27.618  5369  5401 W System  : A resource failed to call ContentProviderClient.close.
09-25 13:19:27.619  5369  5401 W System  : A resource failed to call release.
09-25 13:19:27.619  5369  5401 W System  : A resource failed to call release.
09-25 13:19:27.619  1914  4196 I SurfaceFlinger: id=162381 Removed Surface(name=WallpaperWindowToken{6241e01 token=android.os.Binder@ab19d0b})/@0xf3e0a44 - animation-leash of window_animation#162381 (350)
09-25 13:19:27.619  5369  5401 W System  : A resource failed to call release.
09-25 13:19:27.619  1914  4196 I SurfaceFlinger: id=162379 Removed Surface(name=Task=7115)/@0xce50def - animation-leash of app_transition#162379 (350)
09-25 13:19:27.619  1914  4196 I SurfaceFlinger: id=162380 Removed Surface(name=Task=1)/@0xeddbc98 - animation-leash of app_transition#162380 (350)
09-25 13:19:27.619  5369  5401 W System  : A resource failed to call ContentProviderClient.close.
09-25 13:19:27.619  5369  5401 W System  : A resource failed to call ContentProviderClient.close.
09-25 13:19:27.620  5369  5401 W System  : A resource failed to call release.
09-25 13:19:27.620  5369  5401 W System  : A resource failed to call release.
09-25 13:19:27.620  5369  5401 W System  : A resource failed to call release.
09-25 13:19:27.620  1914  3193 I SurfaceFlinger: id=162339 Removed Surface(name=WallpaperWindowToken{6241e01 token=android.os.Binder@ab19d0b})/@0xf3e0a44 - animation-leash of window_animation#162339 (350)
09-25 13:19:27.620  1914  4196 I SurfaceFlinger: id=162337 Removed Surface(name=Task=7114)/@0x93f08a7 - animation-leash of app_transition#162337 (350)
09-25 13:19:27.620  1914  3193 I SurfaceFlinger: id=162338 Removed Surface(name=Task=1)/@0xeddbc98 - animation-leash of app_transition#162338 (350)
09-25 13:19:27.622  1914  1914 I Layer   : id=162379 Destroyed Surface(name=Task=7115)/@0xce50def - animation-leash of app_transition#162379
09-25 13:19:27.622  1914  1914 I Layer   : id=162380 Destroyed Surface(name=Task=1)/@0xeddbc98 - animation-leash of app_transition#162380
09-25 13:19:27.622  1914  1914 I Layer   : id=162338 Destroyed Surface(name=Task=1)/@0xeddbc98 - animation-leash of app_transition#162338
09-25 13:19:27.622  1914  1914 I Layer   : id=162339 Destroyed Surface(name=WallpaperWindowToken{6241e01 token=android.os.Binder@ab19d0b})/@0xf3e0a44 - animation-leash of window_animation#162339
09-25 13:19:27.622  1914  1914 I Layer   : id=162381 Destroyed Surface(name=WallpaperWindowToken{6241e01 token=android.os.Binder@ab19d0b})/@0xf3e0a44 - animation-leash of window_animation#162381
09-25 13:19:27.622  1914  1914 I Layer   : id=162337 Destroyed Surface(name=Task=7114)/@0x93f08a7 - animation-leash of app_transition#162337
09-25 13:19:27.622  5369  5369 I Launcher.AppsViewCellLayout: com.android.homescreen.apptray.AppsViewCellLayout{118f2a4 V.ED..... ........ 15341,100-16679,2951}[a=1.0,v=0,sId=11] setAlpha : 1.0
09-25 13:19:27.624  5369  5583 I ViewRootImpl@7533534[LauncherActivity]: mWNT: t=0xb40000774ccdc700 mBlastBufferQueue=0xb400007720986880 fn= 57 caller= com.android.systemui.shared.launcher.ViewRootImplCompat.mergeWithNextTransaction:2 com.android.quickstep.util.SurfaceTransactionApplier.lambda$scheduleApply$0:2 com.android.quickstep.util.SurfaceTransactionApplier.b:0
09-25 13:19:27.629  5369  8863 I RecentModel: onTaskStackChangedBackground
09-25 13:19:27.631  5369  5369 I Launcher.AppsViewCellLayout: com.android.homescreen.apptray.AppsViewCellLayout{118f2a4 V.ED..... ........ 15341,100-16679,2951}[a=1.0,v=0,sId=11] setAlpha : 1.0
09-25 13:19:27.632  5369  5584 I ViewRootImpl@7533534[LauncherActivity]: mWNT: t=0xb4000077be95d900 mBlastBufferQueue=0xb400007720986880 fn= 58 caller= com.android.systemui.shared.launcher.ViewRootImplCompat.mergeWithNextTransaction:2 com.android.quickstep.util.SurfaceTransactionApplier.lambda$scheduleApply$0:2 com.android.quickstep.util.SurfaceTransactionApplier.b:0
09-25 13:19:27.633  8130 22447 I [AirCmd]_ActivitySwitchDetector: onTaskStackChanged : componentName - ComponentInfo{com.sec.android.app.launcher/com.android.launcher3.uioverrides.QuickstepLauncher}
09-25 13:19:27.633  8130 22447 I [AirCmd]_ActivitySwitchDetector: onTaskStackChanged : mTopMostActivity - ComponentInfo{com.sec.android.app.launcher/com.android.launcher3.uioverrides.QuickstepLauncher}
09-25 13:19:27.639  5369  5369 I Launcher.AppsViewCellLayout: com.android.homescreen.apptray.AppsViewCellLayout{118f2a4 V.ED..... ........ 15341,100-16679,2951}[a=1.0,v=0,sId=11] setAlpha : 1.0
09-25 13:19:27.640  5369  5583 I ViewRootImpl@7533534[LauncherActivity]: mWNT: t=0xb4000077be9b1600 mBlastBufferQueue=0xb400007720986880 fn= 59 caller= com.android.systemui.shared.launcher.ViewRootImplCompat.mergeWithNextTransaction:2 com.android.quickstep.util.SurfaceTransactionApplier.lambda$scheduleApply$0:2 com.android.quickstep.util.SurfaceTransactionApplier.b:0
09-25 13:19:27.647  5369  5369 I Launcher.AppsViewCellLayout: com.android.homescreen.apptray.AppsViewCellLayout{118f2a4 V.ED..... ........ 15341,100-16679,2951}[a=1.0,v=0,sId=11] setAlpha : 1.0
09-25 13:19:27.650  5369  5584 I ViewRootImpl@7533534[LauncherActivity]: mWNT: t=0xb4000077be9b2100 mBlastBufferQueue=0xb400007720986880 fn= 60 caller= com.android.systemui.shared.launcher.ViewRootImplCompat.mergeWithNextTransaction:2 com.android.quickstep.util.SurfaceTransactionApplier.lambda$scheduleApply$0:2 com.android.quickstep.util.SurfaceTransactionApplier.b:0
09-25 13:19:27.650  5369  5741 I RecentTasksList: loadTasksInBackground : groupTask = GroupTask{task1=[id=6869 windowingMode=1 user=0 lastActiveTime=1366856278] null, task2=null, task3=null, mStagedSplitBounds=null}
09-25 13:19:27.650  5369  5741 I RecentTasksList: loadTasksInBackground : groupTask = GroupTask{task1=[id=6898 windowingMode=1 user=0 lastActiveTime=1367009547] null, task2=null, task3=null, mStagedSplitBounds=null}
09-25 13:19:27.650  5369  5741 I RecentTasksList: loadTasksInBackground : groupTask = GroupTask{task1=[id=7116 windowingMode=1 user=0 lastActiveTime=1370093676] null, task2=null, task3=null, mStagedSplitBounds=null}
09-25 13:19:27.651  5369  5369 I TaskThumbnailCache: handleResult: taskId = 7116, taskThumbnail = android.graphics.Bitmap@db163fc
09-25 13:19:27.653  1914  3199 I SurfaceFlinger: id=162398 Removed Surface(name=68a6bd7 com.example.dogglers/com.example.dogglers.HorizontalListActivity)/@0xa6b543a - animation-leash of starting_reveal#162398 (344)
09-25 13:19:27.654  4768  4851 D OpenGLRenderer: setSurface called with nullptr
09-25 13:19:27.654  1914  3199 I SurfaceFlinger: id=162358 Removed Surface(name=122437e com.example.dogglers/com.example.dogglers.GridListActivity)/@0x4c0d9c4 - animation-leash of starting_reveal#162358 (344)
09-25 13:19:27.654  4768  4851 D OpenGLRenderer: setSurface called with nullptr
09-25 13:19:27.654  1914  3199 I SurfaceFlinger: id=162322 Removed Surface(name=47ae9f2 com.example.dogglers/com.example.dogglers.GridListActivity)/@0x9e6e31c - animation-leash of starting_reveal#162322 (344)
09-25 13:19:27.654  4768  4851 D OpenGLRenderer: setSurface called with nullptr
09-25 13:19:27.654  1914  3199 I SurfaceFlinger: id=162282 Removed Surface(name=b6258f com.example.dogglers/com.example.dogglers.GridListActivity)/@0xc93d111 - animation-leash of starting_reveal#162282 (344)
09-25 13:19:27.654  4768  4851 D OpenGLRenderer: setSurface called with nullptr
09-25 13:19:27.654  1914  3199 I SurfaceFlinger: id=162244 Removed Surface(name=673e6a1 com.example.dogglers/com.example.dogglers.GridListActivity)/@0xc2c017f - animation-leash of starting_reveal#162244 (344)
09-25 13:19:27.654  4768  4851 D OpenGLRenderer: setSurface called with nullptr
09-25 13:19:27.655  4768  4801 W System  : A resource failed to call release.
09-25 13:19:27.655  1914  3199 I SurfaceFlinger: id=162345 Removed Task=7115#162345 (344)
09-25 13:19:27.655  4768  4801 W System  : A resource failed to call release.
09-25 13:19:27.655  1914  3199 I SurfaceFlinger: id=162309 Removed Task=7114#162309 (344)
09-25 13:19:27.655  4768  4801 W System  : A resource failed to call release.
09-25 13:19:27.655  1914  3199 I SurfaceFlinger: id=162269 Removed Task=7113#162269 (344)
09-25 13:19:27.655  4768  4801 W System  : A resource failed to call release.
09-25 13:19:27.655  1914  3199 I SurfaceFlinger: id=162231 Removed Task=7112#162231 (344)
09-25 13:19:27.655  1914  1914 I Layer   : id=162269 Destroyed Task=7113#162269
09-25 13:19:27.655  1914  1914 I Layer   : id=162309 Destroyed Task=7114#162309
09-25 13:19:27.655  1914  1914 I Layer   : id=162282 Destroyed Surface(name=b6258f com.example.dogglers/com.example.dogglers.GridListActivity)/@0xc93d111 - animation-leash of starting_reveal#162282
09-25 13:19:27.655  1914  1914 I Layer   : id=162358 Destroyed Surface(name=122437e com.example.dogglers/com.example.dogglers.GridListActivity)/@0x4c0d9c4 - animation-leash of starting_reveal#162358
09-25 13:19:27.655  1914  1914 I Layer   : id=162345 Destroyed Task=7115#162345
09-25 13:19:27.655  1914  1914 I Layer   : id=162398 Destroyed Surface(name=68a6bd7 com.example.dogglers/com.example.dogglers.HorizontalListActivity)/@0xa6b543a - animation-leash of starting_reveal#162398
09-25 13:19:27.655  1914  1914 I Layer   : id=162231 Destroyed Task=7112#162231
09-25 13:19:27.655  1914  1914 I Layer   : id=162244 Destroyed Surface(name=673e6a1 com.example.dogglers/com.example.dogglers.GridListActivity)/@0xc2c017f - animation-leash of starting_reveal#162244
09-25 13:19:27.655  1914  1914 I Layer   : id=162322 Destroyed Surface(name=47ae9f2 com.example.dogglers/com.example.dogglers.GridListActivity)/@0x9e6e31c - animation-leash of starting_reveal#162322
09-25 13:19:27.655  4768  4801 W System  : A resource failed to call release.
09-25 13:19:27.656  1914  3199 I SurfaceFlinger: id=162195 Removed Task=7111#162195 (335)
09-25 13:19:27.656  5369  5369 I Launcher.AppsViewCellLayout: com.android.homescreen.apptray.AppsViewCellLayout{118f2a4 V.ED..... ........ 15341,100-16679,2951}[a=1.0,v=0,sId=11] setAlpha : 1.0
09-25 13:19:27.656  5369  5583 I ViewRootImpl@7533534[LauncherActivity]: mWNT: t=0xb4000077be9b2200 mBlastBufferQueue=0xb400007720986880 fn= 61 caller= com.android.systemui.shared.launcher.ViewRootImplCompat.mergeWithNextTransaction:2 com.android.quickstep.util.SurfaceTransactionApplier.lambda$scheduleApply$0:2 com.android.quickstep.util.SurfaceTransactionApplier.b:0
09-25 13:19:27.664  1914  1914 I Layer   : id=162195 Destroyed Task=7111#162195
09-25 13:19:27.664  5369  5369 I Launcher.AppsViewCellLayout: com.android.homescreen.apptray.AppsViewCellLayout{118f2a4 V.ED..... ........ 15341,100-16679,2951}[a=1.0,v=0,sId=11] setAlpha : 1.0
