09-25 13:19:25.783  5639  5639 D InsetsController: onStateChanged: InsetsState: {mDisplayFrame=Rect(0, 0 - 1440, 3088), mDisplayCutout=DisplayCutout{insets=Rect(0, 100 - 0, 0) waterfall=Insets{left=0, top=0, right=0, bottom=0} boundingRect={Bounds=[Rect(0, 0 - 0, 0), Rect(685, 0 - 756, 100), Rect(0, 0 - 0, 0), Rect(0, 0 - 0, 0)]} cutoutPathParserInfo={CutoutPathParserInfo{displayWidth=1440 displayHeight=3088 physicalDisplayWidth=1440 physicalDisplayHeight=3088 density={3.75} cutoutSpec={M 0,0 H -9.466666666666667 V 26.66666666666667‬ H 9.466666666666667 V 0 H 0 Z @dp} rotation={0} scale={1.0} physicalPixelDisplaySizeRatio={1.0}}}}, mRoundedCorners=RoundedCorners{[RoundedCorner{position=TopLeft, radius=14, center=Point(14, 14)}, RoundedCorner{position=TopRight, radius=14, center=Point(1426, 14)}, RoundedCorner{position=BottomRight, radius=14, center=Point(1426, 3074)}, RoundedCorner{position=BottomLeft, radius=14, center=Point(14, 3074)}]}  mRoundedCornerFrame=Rect(0, 0 - 1440, 3088), mPrivacyIndicatorBounds=PrivacyIndicatorBounds {static bounds=Rect(1286, 0 - 1440, 100) rotation=0}, mSources= { InsetsSource: {mType=ITYPE_STATUS_BAR, mFrame=[0,0][1440,100], mVisible=true, mInsetsRoundedCornerFrame=false}, InsetsSource: {mType=ITYPE_NAVIGATION_BAR, mFrame=[0,3088][1440,3088], mVisible=true, mInsetsRoundedCornerFrame=false}, InsetsSource: {mType=ITYPE_LEFT_GESTURES, mFrame=[0,0][0,3088], mVisible=true, mInsetsRoundedCornerFrame=false}, InsetsSource: {mType=ITYPE_RIGHT_GESTURES, mFrame=[1440,0][1440,3088], mVisible=true, mInsetsRoundedCornerFrame=false}, InsetsSource: {mType=ITYPE_TOP_MANDATORY_GESTURES, mFrame=[0,0][1440,142], mVisible=true, mInsetsRoundedCornerFrame=false}, InsetsSource: {mType=ITYPE_BOTTOM_MANDATORY_GESTURES, mFrame=[0,3018][1440,3088], mVisible=true, mInsetsRoundedCornerFrame=false}, InsetsSource: {mType=ITYPE_LEFT_DISPLAY_CUTOUT, mFrame=[0,0][-100000,3088], mVisible=true, mInsetsRoundedCornerFrame=false}, InsetsSource: {mType=ITYPE_TOP_DISPLAY_CUTOUT, mFrame=[0,0][1440,100], mVisible=true, mInsetsRoundedCornerFrame=false}, InsetsSource: {mType=ITYPE_RIGHT_DISPLAY_CUTOUT, mFrame=[100000,0][1440,3088], mVisible=true, mInsetsRoundedCornerFrame=false}, InsetsSource: {mType=ITYPE_BOTTOM_DISPLAY_CUTOUT, mFrame=[0,100000][1440,3088], mVisible=true, mInsetsRoundedCornerFrame=false}, InsetsSource: {mType=ITYPE_TOP_TAPPABLE_ELEMENT, mFrame=[0,0][1440,100], mVisible=true, mInsetsRoundedCornerFrame=false}, InsetsSource: {mType=ITYPE_BOTTOM_TAPPABLE_ELEMENT, mFrame=[0,0][0,0], mVisible=true, mInsetsRoundedCornerFrame=false} } host=com.example.dogglers/androidx.test.core.app.InstrumentationActivityInvoker$EmptyActivity from=android.view.ViewRootImpl.setView:1732
09-25 13:19:25.786  5639  5639 I ViewRootImpl@ecb220e[InstrumentationActivityInvoker$EmptyActivity]: setView = com.android.internal.policy.DecorView@41a4dd3 TM=true
09-25 13:19:25.786  5639  5639 I MSHandlerLifeCycle: removeMultiSplitHandler: no exist. decor=DecorView@41a4dd3[InstrumentationActivityInvoker$EmptyActivity]
09-25 13:19:25.786  3108  3338 D AnalyticsContainerHandler: handleMessage : { when=0 what=1 target=com.android.server.knox.KnoxAnalyticsContainer$AnalyticsHandler }
09-25 13:19:25.786  1914  3193 I SurfaceFlinger: id=162323 Removed Surface(name=6a358c3 InputMethod)/@0x1a6cc79 - animation-leash of insets_animation#162323 (345)
09-25 13:19:25.787  3108  6472 D InputMethodManagerService: isImeSwitcherDisabledPackage : false
09-25 13:19:25.787   586   586 I InputMethodService: removeImeSurface
09-25 13:19:25.787   586   586 I MSHandlerLifeCycle: check: return. pkg=com.google.android.inputmethod.latin isActivity=false callers=com.android.internal.policy.DecorView.setVisibility:4412 android.app.Dialog.hide:767 android.inputmethodservice.InputMethodService.removeImeSurface:1290 android.inputmethodservice.InputMethodService.scheduleImeSurfaceRemoval:1279 android.inputmethodservice.InputMethodService.-$$Nest$mscheduleImeSurfaceRemoval:0
09-25 13:19:25.787   586   586 I MSHandlerLifeCycle: removeMultiSplitHandler: no exist. decor=DecorView@3ddf8c7[InputMethod]
09-25 13:19:25.788  5639  5639 I ViewRootImpl@ecb220e[InstrumentationActivityInvoker$EmptyActivity]: performTraversals params={(0,0)(fillxfill) sim={adjust=pan forwardNavigation} ty=BASE_APPLICATION wanim=0x1030001
09-25 13:19:25.788  5639  5639 I ViewRootImpl@ecb220e[InstrumentationActivityInvoker$EmptyActivity]:   fl=1810100
09-25 13:19:25.788  5639  5639 I ViewRootImpl@ecb220e[InstrumentationActivityInvoker$EmptyActivity]:   pfl=12020040
09-25 13:19:25.788  5639  5639 I ViewRootImpl@ecb220e[InstrumentationActivityInvoker$EmptyActivity]:   bhv=DEFAULT
09-25 13:19:25.788  5639  5639 I ViewRootImpl@ecb220e[InstrumentationActivityInvoker$EmptyActivity]:   fitSides= naviIconColor=0}
09-25 13:19:25.788  5639  5639 I ViewRootImpl@ecb220e[InstrumentationActivityInvoker$EmptyActivity]: performTraversals mFirst=true windowShouldResize=true viewVisibilityChanged=false mForceNextWindowRelayout=false params={(0,0)(fillxfill) sim={adjust=pan forwardNavigation} ty=BASE_APPLICATION wanim=0x1030001
09-25 13:19:25.788  5639  5639 I ViewRootImpl@ecb220e[InstrumentationActivityInvoker$EmptyActivity]:   fl=1810100
09-25 13:19:25.788  5639  5639 I ViewRootImpl@ecb220e[InstrumentationActivityInvoker$EmptyActivity]:   pfl=12020040
09-25 13:19:25.788  5639  5639 I ViewRootImpl@ecb220e[InstrumentationActivityInvoker$EmptyActivity]:   bhv=DEFAULT
09-25 13:19:25.788  5639  5639 I ViewRootImpl@ecb220e[InstrumentationActivityInvoker$EmptyActivity]:   fitSides= naviIconColor=0}
09-25 13:19:25.788  3108  6472 V WindowManager: Relayout Window{ae309c8 u0 com.example.dogglers/androidx.test.core.app.InstrumentationActivityInvoker$EmptyActivity}: viewVisibility=0 req=1440x3088 d0
09-25 13:19:25.788  1914  1914 I Layer   : id=162323 Destroyed Surface(name=6a358c3 InputMethod)/@0x1a6cc79 - animation-leash of insets_animation#162323
09-25 13:19:25.789  1914  3193 I SurfaceFlinger: id=162334 createSurf, flag=40004, com.example.dogglers/androidx.test.core.app.InstrumentationActivityInvoker$EmptyActivity$_5639#162334
09-25 13:19:25.792  1914  3193 I SurfaceFlinger: id=162335 createSurf, flag=24000, Surface(name=4eb27f5 StatusBar)/@0x43fa543 - animation-leash of insets_animation#162335
09-25 13:19:25.794  1914  3193 I SurfaceFlinger: id=162336 createSurf, flag=24000, Surface(name=d110b4c NavigationBar0)/@0x8bdb781 - animation-leash of insets_animation#162336
09-25 13:19:25.794  3108  6472 V WindowManager: Relayout hash=ae309c8, pid=5639, syncId=-1: mAttrs={(0,0)(fillxfill) sim={adjust=pan forwardNavigation} ty=BASE_APPLICATION wanim=0x1030001
09-25 13:19:25.794  3108  6472 V WindowManager:   fl=1810100
09-25 13:19:25.794  3108  6472 V WindowManager:   pfl=12020040
09-25 13:19:25.794  3108  6472 V WindowManager:   bhv=DEFAULT
09-25 13:19:25.794  3108  6472 V WindowManager:   fitSides= naviIconColor=0}
09-25 13:19:25.795  5639  5639 D InsetsController: onStateChanged: InsetsState: {mDisplayFrame=Rect(0, 0 - 1440, 3088), mDisplayCutout=DisplayCutout{insets=Rect(0, 100 - 0, 0) waterfall=Insets{left=0, top=0, right=0, bottom=0} boundingRect={Bounds=[Rect(0, 0 - 0, 0), Rect(685, 0 - 756, 100), Rect(0, 0 - 0, 0), Rect(0, 0 - 0, 0)]} cutoutPathParserInfo={CutoutPathParserInfo{displayWidth=1440 displayHeight=3088 physicalDisplayWidth=1440 physicalDisplayHeight=3088 density={3.75} cutoutSpec={M 0,0 H -9.466666666666667 V 26.66666666666667‬ H 9.466666666666667 V 0 H 0 Z @dp} rotation={0} scale={1.0} physicalPixelDisplaySizeRatio={1.0}}}}, mRoundedCorners=RoundedCorners{[RoundedCorner{position=TopLeft, radius=14, center=Point(14, 14)}, RoundedCorner{position=TopRight, radius=14, center=Point(1426, 14)}, RoundedCorner{position=BottomRight, radius=14, center=Point(1426, 3074)}, RoundedCorner{position=BottomLeft, radius=14, center=Point(14, 3074)}]}  mRoundedCornerFrame=Rect(0, 0 - 1440, 3088), mPrivacyIndicatorBounds=PrivacyIndicatorBounds {static bounds=Rect(1286, 0 - 1440, 100) rotation=0}, mSources= { InsetsSource: {mType=ITYPE_STATUS_BAR, mFrame=[0,0][1440,100], mVisible=true, mInsetsRoundedCornerFrame=false}, InsetsSource: {mType=ITYPE_NAVIGATION_BAR, mFrame=[0,3088][1440,3088], mVisible=true, mInsetsRoundedCornerFrame=false}, InsetsSource: {mType=ITYPE_LEFT_GESTURES, mFrame=[0,0][0,3088], mVisible=true, mInsetsRoundedCornerFrame=false}, InsetsSource: {mType=ITYPE_RIGHT_GESTURES, mFrame=[1440,0][1440,3088], mVisible=true, mInsetsRoundedCornerFrame=false}, InsetsSource: {mType=ITYPE_TOP_MANDATORY_GESTURES, mFrame=[0,0][1440,142], mVisible=true, mInsetsRoundedCornerFrame=false}, InsetsSource: {mType=ITYPE_BOTTOM_MANDATORY_GESTURES, mFrame=[0,3018][1440,3088], mVisible=true, mInsetsRoundedCornerFrame=false}, InsetsSource: {mType=ITYPE_LEFT_DISPLAY_CUTOUT, mFrame=[0,0][-100000,3088], mVisible=true, mInsetsRoundedCornerFrame=false}, InsetsSource: {mType=ITYPE_TOP_DISPLAY_CUTOUT, mFrame=[0,0][1440,100], mVisible=true, mInsetsRoundedCornerFrame=false}, InsetsSource: {mType=ITYPE_RIGHT_DISPLAY_CUTOUT, mFrame=[100000,0][1440,3088], mVisible=true, mInsetsRoundedCornerFrame=false}, InsetsSource: {mType=ITYPE_BOTTOM_DISPLAY_CUTOUT, mFrame=[0,100000][1440,3088], mVisible=true, mInsetsRoundedCornerFrame=false}, InsetsSource: {mType=ITYPE_TOP_TAPPABLE_ELEMENT, mFrame=[0,0][1440,100], mVisible=true, mInsetsRoundedCornerFrame=false}, InsetsSource: {mType=ITYPE_BOTTOM_TAPPABLE_ELEMENT, mFrame=[0,0][0,0], mVisible=true, mInsetsRoundedCornerFrame=false}, InsetsSource: {mType=ITYPE_IME, mFrame=[0,0][0,0], mVisibleFrame=[0,3088][1440,3088], mVisible=false, mInsetsRoundedCornerFrame=false} } host=com.example.dogglers/androidx.test.core.app.InstrumentationActivityInvoker$EmptyActivity from=android.view.ViewRootImpl.relayoutWindow:9802
09-25 13:19:25.796  5639  5639 I ViewRootImpl@ecb220e[InstrumentationActivityInvoker$EmptyActivity]: updateBlastSurfaceIfNeeded mBlastBufferQueue=null isSameSurfaceControl=false
09-25 13:19:25.796  5639  5639 I BLASTBufferQueue: new BLASTBufferQueue, mName= ViewRootImpl@ecb220e[InstrumentationActivityInvoker$EmptyActivity] mNativeObject= 0xb4000077a1045780 sc.mNativeObject= 0xb4000077b11a8580 caller= android.view.ViewRootImpl.updateBlastSurfaceIfNeeded:2909 android.view.ViewRootImpl.relayoutWindow:9847 android.view.ViewRootImpl.performTraversals:3884 android.view.ViewRootImpl.doTraversal:3116 android.view.ViewRootImpl$TraversalRunnable.run:10885 android.view.Choreographer$CallbackRecord.run:1301 android.view.Choreographer$CallbackRecord.run:1309 android.view.Choreographer.doCallbacks:923 android.view.Choreographer.doFrame:852 android.view.Choreographer$FrameDisplayEventReceiver.run:1283
09-25 13:19:25.796  5639  5639 I BLASTBufferQueue: update, w= 1440 h= 3088 mName = ViewRootImpl@ecb220e[InstrumentationActivityInvoker$EmptyActivity] mNativeObject= 0xb4000077a1045780 sc.mNativeObject= 0xb4000077b11a8580 format= -1 caller= android.graphics.BLASTBufferQueue.<init>:84 android.view.ViewRootImpl.updateBlastSurfaceIfNeeded:2909 android.view.ViewRootImpl.relayoutWindow:9847 android.view.ViewRootImpl.performTraversals:3884 android.view.ViewRootImpl.doTraversal:3116 android.view.ViewRootImpl$TraversalRunnable.run:10885
09-25 13:19:25.796  5639  5639 I ViewRootImpl@ecb220e[InstrumentationActivityInvoker$EmptyActivity]: Relayout returned: old=(0,0,1440,3088) new=(0,0,1440,3088) req=(1440,3088)0 dur=8 res=0x3 s={true 0xb40000772b2cf000} ch=true seqId=0
09-25 13:19:25.796  5639  5639 I ViewRootImpl@ecb220e[InstrumentationActivityInvoker$EmptyActivity]: performConfigurationChange setNightDimText nightDimLevel=0
09-25 13:19:25.797  5639  5639 I ViewRootImpl@ecb220e[InstrumentationActivityInvoker$EmptyActivity]: mThreadedRenderer.initialize() mSurface={isValid=true 0xb40000772b2cf000} hwInitialized=true
09-25 13:19:25.797  5639  5729 D OpenGLRenderer: eglCreateWindowSurface
09-25 13:19:25.797  1914  1914 I Layer   : id=162328 removedFromDrawingState Surface(name=4eb27f5 StatusBar)/@0x43fa543 - animation-leash of insets_animation#162328 (347)
09-25 13:19:25.797  1914  1914 I Layer   : id=162329 removedFromDrawingState Surface(name=d110b4c NavigationBar0)/@0x8bdb781 - animation-leash of insets_animation#162329 (347)
09-25 13:19:25.797  1914  1914 I Layer   : id=77 removedFromDrawingState d110b4c NavigationBar0#77 (347)
09-25 13:19:25.797  1914  1914 I Layer   : id=92 removedFromDrawingState NavigationBar0$_4768#92 (347)
09-25 13:19:25.797  1914  1914 I Layer   : id=77 addToCurrentState d110b4c NavigationBar0#77 (347)
09-25 13:19:25.797  1914  1914 I Layer   : id=92 addToCurrentState NavigationBar0$_4768#92 (347)
09-25 13:19:25.797  1914  1914 I SurfaceFlinger: [ae309c8 com.example.dogglers/androidx.test.core.app.InstrumentationActivityInvoker$EmptyActivity#162333] FrameRatePriority: 1
09-25 13:19:25.797  5639  5639 I ViewRootImpl@ecb220e[InstrumentationActivityInvoker$EmptyActivity]: reportNextDraw android.view.ViewRootImpl.performTraversals:4438 android.view.ViewRootImpl.doTraversal:3116 android.view.ViewRootImpl$TraversalRunnable.run:10885 android.view.Choreographer$CallbackRecord.run:1301 android.view.Choreographer$CallbackRecord.run:1309
09-25 13:19:25.798  5639  5639 I ViewRootImpl@ecb220e[InstrumentationActivityInvoker$EmptyActivity]: Setup new sync id=0
09-25 13:19:25.798  5639  5639 I ViewRootImpl@ecb220e[InstrumentationActivityInvoker$EmptyActivity]: Setting syncFrameCallback
09-25 13:19:25.798  5639  5639 I ViewRootImpl@ecb220e[InstrumentationActivityInvoker$EmptyActivity]: registerCallbacksForSync syncBuffer=false
09-25 13:19:25.799  5639  5772 I ViewRootImpl@ecb220e[InstrumentationActivityInvoker$EmptyActivity]: Received frameDrawingCallback syncResult=0 frameNum=1.
09-25 13:19:25.799  5639  5772 I ViewRootImpl@ecb220e[InstrumentationActivityInvoker$EmptyActivity]: Setting up sync and frameCommitCallback
09-25 13:19:25.800  5639  5729 I BLASTBufferQueue: [ViewRootImpl@ecb220e[InstrumentationActivityInvoker$EmptyActivity]#32](f:0,a:0) onFrameAvailable the first frame is available
09-25 13:19:25.800  5639  5729 I ViewRootImpl@ecb220e[InstrumentationActivityInvoker$EmptyActivity]: Received frameCommittedCallback lastAttemptedDrawFrameNum=1 didProduceBuffer=true
09-25 13:19:25.801  5639  5729 D OpenGLRenderer: CFMS:: SetUp Pid : 5639    Tid : 5729
09-25 13:19:25.805  5639  5639 I ViewRootImpl@ecb220e[InstrumentationActivityInvoker$EmptyActivity]: onSyncComplete
09-25 13:19:25.805  5639  5639 I ViewRootImpl@ecb220e[InstrumentationActivityInvoker$EmptyActivity]: setupSync seqId=0 mSyncId=0 fn=1 caller=android.view.ViewRootImpl$$ExternalSyntheticLambda11.accept:6 android.window.SurfaceSyncer.lambda$setupSync$1$android-window-SurfaceSyncer:128 android.window.SurfaceSyncer$$ExternalSyntheticLambda1.accept:8 android.window.SurfaceSyncer$SyncSet.checkIfSyncIsComplete:382 android.window.SurfaceSyncer$SyncSet.markSyncReady:359 android.window.SurfaceSyncer.markSyncReady:151 android.view.ViewRootImpl.performTraversals:4503
09-25 13:19:25.806  5639  5639 I ViewRootImpl@ecb220e[InstrumentationActivityInvoker$EmptyActivity]: reportDrawFinished seqId=0 mSyncId=-1 fn=1 mSurfaceChangedTransaction=0xb40000772b184300
09-25 13:19:25.806  5639  5639 I ViewRootImpl@966d59d[InstrumentationActivityInvoker$EmptyActivity]: MSG_WINDOW_FOCUS_CHANGED 0 0
09-25 13:19:25.806  3108  3145 D InputDispatcher: Focus request (0): ae309c8 com.example.dogglers/androidx.test.core.app.InstrumentationActivityInvoker$EmptyActivity but waiting because NOT_VISIBLE
09-25 13:19:25.807  1914  4196 I SurfaceFlinger: id=162329 Removed Surface(name=d110b4c NavigationBar0)/@0x8bdb781 - animation-leash of insets_animation#162329 (347)
09-25 13:19:25.807  1914  4196 I SurfaceFlinger: id=162328 Removed Surface(name=4eb27f5 StatusBar)/@0x43fa543 - animation-leash of insets_animation#162328 (347)
09-25 13:19:25.808  3108  3227 I ActivityTaskManager: Displayed com.example.dogglers/androidx.test.core.app.InstrumentationActivityInvoker$EmptyActivity: +59ms
09-25 13:19:25.808  5759  5759 E pageboostd: Received HALT command code 2
09-25 13:19:25.810  3108  4606 I SemDvfsHyPerManager: acquire hyper - AMS_RESUME_TAIL/3108@20, type = -999
09-25 13:19:25.810  3108  4606 I SemDvfsHyPerManager: acquire hyper - AMS_ACT_LAZY/3108@21, type = -999
09-25 13:19:25.810  1809  1855 I HYPER-HAL: [RequestManager.cpp]acquire(): Acquired ID : 4893776  [3108 / 20]    HINT : AMS_RESUME_TAIL    list :
09-25 13:19:25.810  1809  1855 I HYPER-HAL: [RequestManager.cpp]acquire(): Acquired ID : 4896906  [3108 / 21]    HINT : AMS_ACT_LAZY    list :
09-25 13:19:25.811  3108  3145 D InputDispatcher: Focused application(0): ActivityRecord{d98ff22 u0 com.sec.android.app.launcher/.activities.LauncherActivity} t6591}
09-25 13:19:25.812  1809  1855 I HYPER-HAL: [RequestManager.cpp]releaseLocked(): Released ID : 4887519
09-25 13:19:25.812  3108  4605 D AS.MultiSoundManager: mForegroundUid = 10141
09-25 13:19:25.813  1914  1914 I Layer   : Layer [com.example.dogglers/androidx.test.core.app.InstrumentationActivityInvoker$EmptyActivity$_5639#162334] hidden!! flag(0)
09-25 13:19:25.813  1914  1914 I Layer   : id=162328 Destroyed Surface(name=4eb27f5 StatusBar)/@0x43fa543 - animation-leash of insets_animation#162328
09-25 13:19:25.813  1914  1914 I Layer   : id=162329 Destroyed Surface(name=d110b4c NavigationBar0)/@0x8bdb781 - animation-leash of insets_animation#162329
09-25 13:19:25.815  3108  4073 D InputDispatcher: Focus entered window (0): ae309c8 com.example.dogglers/androidx.test.core.app.InstrumentationActivityInvoker$EmptyActivity
09-25 13:19:25.816  1914  1914 D SurfaceFlinger: Display 4630947093241269891 HWC layers:
09-25 13:19:25.816  1914  1914 D SurfaceFlinger:      CLIENT | 0xb400007af6c13480 | 0100 | RGBx_8888    |  592.0    0.0 1628.0 2220.0 |    0    0 1440 3088 | Wallpaper BBQ wrapper#90
09-25 13:19:25.816  1914  1914 D SurfaceFlinger:      CLIENT | 0xb400007af86f9100 | 0100 | RGBA_8888    |    0.0    0.0 1440.0 3088.0 |    0    0 1440 3088 | com.sec.android.app.launcher/com.sec[...]rActivity$_5369#162300 (blurRegions)
09-25 13:19:25.816  1914  1914 D SurfaceFlinger:      DEVICE | 0xb400007aeb125200 | 0102 | RGBA_8888    |    0.0    0.0 1440.0 3088.0 |   11   25 1429 3063 | com.example.dogglers/androidx.test.c[...]tyInvoker$EmptyActivity$_5639#162334
09-25 13:19:25.816  1914  1914 D SurfaceFlinger:      DEVICE | 0xb400007af6c14880 | 0100 | RGBA_8888    |    0.0    0.0 1440.0  100.0 |    0    0 1440  100 | StatusBar$_4768#95
09-25 13:19:25.816  1914  1914 D SurfaceFlinger:      DEVICE | 0xb400007af8705400 | 0100 | RGBA_8888    |    0.0    0.0   67.0  589.0 |    0  562   67 1151 | com.samsung.android.app.cocktailbars[...]vice.CocktailBarService$_8423#156853
09-25 13:19:25.816  1914  1914 D SurfaceFlinger:      DEVICE | 0xb400007af8705500 | 0100 | RGBA_8888    |    0.0    0.0  518.0   48.0 |  922 3040 1440 3088 | SGestureOverlayWindow$_5369#156268
09-25 13:19:25.816  1914  1914 D SurfaceFlinger:      DEVICE | 0x
09-25 13:19:25.816  1914  1914 D SurfaceFlinger: b400007af6c15880 | 0100 | RGBA_8888    |    0.0    0.0 1440.0  168.0 |    0 2920 1440 3088 | NavigationBar0$_4768#92
09-25 13:19:25.816  1914  1914 D SurfaceFlinger:
09-25 13:19:25.818  5639  5639 D LifecycleMonitor: Lifecycle status change: androidx.test.core.app.InstrumentationActivityInvoker$EmptyActivity@a0f7aa4 in: PAUSED
09-25 13:19:25.818  5639  5639 V ActivityScenario: Activity lifecycle changed event received but ignored because the intent does not match. startActivityIntent=Intent { act=android.intent.action.MAIN cat=[android.intent.category.LAUNCHER] cmp=com.example.dogglers/.GridListActivity }, activity.getIntent()=Intent { act=android.intent.action.MAIN cat=[android.intent.category.LAUNCHER] flg=0x10000000 cmp=com.example.dogglers/androidx.test.core.app.InstrumentationActivityInvoker$EmptyActivity }, activity=androidx.test.core.app.InstrumentationActivityInvoker$EmptyActivity@a0f7aa4
09-25 13:19:25.819  3108  3145 I SemDvfsHyPerManager: acquire hyper - AMS_APP_HOME/3108@24, type = -999
09-25 13:19:25.819  1809  1855 I HYPER-HAL: [RequestManager.cpp]acquire(): Acquired ID : 4906302  [3108 / 24]    HINT : AMS_APP_HOME    list :
09-25 13:19:25.819  5369  5369 I TopTaskTracker: onTaskMovedToFront : taskId = 6591
09-25 13:19:25.819  8328  8328 I SemDvfsHyPerManager: acquire hyper - APP_START_HOME/8328@20, type = -999
09-25 13:19:25.819  1809  1855 I HYPER-HAL: [RequestManager.cpp]acquire(): Acquired ID : 34848746  [8328 / 20]    HINT : APP_START    list : [KERNEL_APP_START_NOTIFY / 0] [TIMEOUT / 1500]
09-25 13:19:25.821  5369  5369 I ViewRootImpl@7533534[LauncherActivity]: stopped(false) old = false
09-25 13:19:25.821  5369  5369 I Launcher: !@Boot_DEBUG: Launcher.onResume()
09-25 13:19:25.821  5369  5369 I Launcher: !@Boot_EBS_D: Launcher.onResume()
09-25 13:19:25.821  5369  5369 I BaseActivity: addActivityFlags, flags : 18
09-25 13:19:25.821  5369  5369 I BaseActivity: removeActivityFlags, flags : 32
09-25 13:19:25.821  5369  5741 I IMM_LC  : hsifw() - flag : 0
09-25 13:19:25.821  5369  5741 I IMM_LC  : hsifw() - mService.hideSoftInput
09-25 13:19:25.821  5369  5369 I AppsSearchBar: restoreCurrentCellLayoutAlpha: [com.android.homescreen.apptray.AppsViewCellLayout{118f2a4 V.ED..... ........ 15341,100-16679,2951}[a=1.0,v=0,sId=11]]
09-25 13:19:25.821  3108 29076 D RemoteAppTaskWatcher:  ****** RemoteAppTaskWatcher: Message Received 5 Task ID = 0
09-25 13:19:25.821  5369  5369 I Launcher.AppsViewCellLayout: com.android.homescreen.apptray.AppsViewCellLayout{118f2a4 V.ED..... ........ 15341,100-16679,2951}[a=1.0,v=0,sId=11] setAlpha : 1.0
09-25 13:19:25.821  5369  5369 I Launcher.AppsViewCellLayout: com.android.homescreen.apptray.AppsViewCellLayout{118f2a4 V.ED..... ........ 15341,100-16679,2951}[a=1.0,v=0,sId=11] setAlpha : 1.0
09-25 13:19:25.821  5369  5369 W SearchLauncherServiceMover: isMoving : false
09-25 13:19:25.822  1914  1914 I SurfaceFlinger: [ae309c8 com.example.dogglers/androidx.test.core.app.InstrumentationActivityInvoker$EmptyActivity#162333] FrameRatePriority: -1
09-25 13:19:25.822  5369  5369 I Launcher: setWallpaperOffsets
09-25 13:19:25.822  5369 14474 I Launcher: DisplayMetrics from Resources : DisplayMetrics{density=3.5, width=1440, height=2988, scaledDensity=3.8500001, xdpi=501.041, ydpi=502.789}
09-25 13:19:25.822  5369 14474 I Launcher: realMetrics from Wm : DisplayMetrics{density=3.5, width=1440, height=3088, scaledDensity=3.5, xdpi=501.041, ydpi=502.789}
09-25 13:19:25.822  5369 14474 I Launcher: Launcher DeviceProfile onResume availSize: 1440x2988 windowSize: 1440x3088 isLandscape: false
09-25 13:19:25.822  1914  3193 I SurfaceFlinger: id=162337 createSurf, flag=24000, Surface(name=Task=7114)/@0x93f08a7 - animation-leash of app_transition#162337
09-25 13:19:25.822  5369 11129 I WidgetRotationImpl: subscribeWidgetFocus 80
09-25 13:19:25.823  5369 11129 I IntelligentPlatformManagerImpl: subscribeWidgetFocus() id : 80
09-25 13:19:25.825  5369  5752 I SPayUpdater: updateSpayHandler, show = false, defaultPage = false
09-25 13:19:25.825  5759  5759 E pageboostd: Received HALT command code 2
09-25 13:19:25.825  6586  6586 I SAMSUNGWALLET: [Hint_PayHintService] onReceive() action=com.sec.android.app.launcher.intent.action.UPDATE_SPAY_HANDLER
09-25 13:19:25.825  3108  4074 D InputDispatcher: Focus request (0): <null> but waiting because NOT_FOCUSABLE
09-25 13:19:25.825  3108  4074 D InputDispatcher: Focus left window (0): ae309c8 com.example.dogglers/androidx.test.core.app.InstrumentationActivityInvoker$EmptyActivity
09-25 13:19:25.826  1914  2140 I SurfaceFlinger: id=162338 createSurf, flag=24004, Surface(name=Task=1)/@0xeddbc98 - animation-leash of app_transition#162338
09-25 13:19:25.826  6586  6586 I SAMSUNGWALLET: [Hint_PayHintService] home change, s home : false , default : false , gesture : true , s result : false , prev : false
09-25 13:19:25.828  1914  2140 I SurfaceFlinger: id=162339 createSurf, flag=24000, Surface(name=WallpaperWindowToken{6241e01 token=android.os.Binder@ab19d0b})/@0xf3e0a44 - animation-leash of window_animation#162339
09-25 13:19:25.832  1914  1914 I Layer   : id=162340 Destroyed Screenshot Parent#162340
09-25 13:19:25.837  3108 29076 D RemoteAppTaskWatcher:  ****** RemoteAppTaskWatcher: Message Received 5 Task ID = 0
09-25 13:19:25.838  1914  2140 I SurfaceFlinger: id=162341 createSurf, flag=24000, Surface(name=4eb27f5 StatusBar)/@0x43fa543 - animation-leash of insets_animation#162341
09-25 13:19:25.841  1914  2140 I SurfaceFlinger: id=162342 createSurf, flag=24000, Surface(name=d110b4c NavigationBar0)/@0x8bdb781 - animation-leash of insets_animation#162342
09-25 13:19:25.841  5369 18503 I TouchInteractionService: onSystemUiStateChanged, stateFlags : 48 |a11y_click|a11y_long_click|
09-25 13:19:25.842  4768  4838 D Bubbles : onLocusVisibilityChanged: LocusId[17_chars] visible=true
09-25 13:19:25.843  5369 18503 I LauncherAnimationRunner: onAnimationStart, appTargets : [Lcom.android.systemui.shared.system.RemoteAnimationTargetCompat;@dec486 mStartAtFrontOfQueue : false
09-25 13:19:25.843  5639  5639 I ViewRootImpl@ecb220e[InstrumentationActivityInvoker$EmptyActivity]: MSG_WINDOW_FOCUS_CHANGED 0 0
09-25 13:19:25.843  5369  5369 I MSHandlerLifeCycle: removeMultiSplitHandler: no exist. decor=DecorView@ac62e93[LauncherActivity]
09-25 13:19:25.843  5369  5369 I BaseActivity: addActivityFlags, flags : 4
09-25 13:19:25.844  5369  5369 I Launcher: onDeferredResumed
09-25 13:19:25.844  5369  5369 I InstallShortcutReceiver: flushInstallQueue 0
09-25 13:19:25.844  5369  5369 I Launcher.NotificationListener: onNotificationFullRefresh
09-25 13:19:25.844  5369  5369 I BadgeCountUpdaterImpl: onNotificationsChangedConnected
09-25 13:19:25.844  5369  5369 W LauncherAppWidgetHost: setShouldListenFlag, mFlags:7 flag:resume on:true isFront:false
09-25 13:19:25.844  5639  5639 I ViewRootImpl@ecb220e[InstrumentationActivityInvoker$EmptyActivity]: MSG_WINDOW_FOCUS_CHANGED 0 0
09-25 13:19:25.844  5369  5369 I Launcher.AppsViewCellLayout: com.android.homescreen.apptray.AppsViewCellLayout{118f2a4 V.ED..... ........ 15341,100-16679,2951}[a=1.0,v=0,sId=11] setAlpha : 1.0
09-25 13:19:25.844  5369  5748 I InstallShortcutReceiver: flushQueueInBackground 0
09-25 13:19:25.844  5369  5369 I RecentsAnimationDeviceState: setSystemUiFlags, stateFlags : 48
09-25 13:19:25.844  5369  5369 W SGestureOverlayWindow: setVisibilityGestureOverlayWindow, visibility = 0
09-25 13:19:25.844  5369  5369 I TouchInteractionService: onSystemUiFlagsChanged, lastSysUIFlags : 131120
09-25 13:19:25.844  5369  5369 I Launcher: getFirstMatch : match = com.android.homescreen.icon.IconView{3c9d3a5 VFED..CLX ........ 538,868-799,1294 #7f0a009c app:id/apps_icon}[a=1.0,v=0,i=true,t=Dogglers][c(2,2-3,3),id=353]
09-25 13:19:25.844  5369  5369 W AppTransitionAnimatorImpl: closing animation with floating icon - true
09-25 13:19:25.845  5369  5748 I Launcher.NotificationListener: notificationIsValidForUI : com.microsoft.office.outlook missingTitleAndText : false isGroupHeader : true
09-25 13:19:25.845  5369  5748 I Launcher.NotificationListener: notificationIsValidForUI : com.microsoft.office.outlook missingTitleAndText : false isGroupHeader : false
09-25 13:19:25.845  5369  5748 I Launcher.NotificationListener: Full refresh isConnected : true active size : 1
09-25 13:19:25.845  5369  5369 I AppTransitionAnimatorImpl: window bounds: Rect(0, 0 - 1440, 3088), target bounds: RectF(624.0, 1269.0, 816.0, 1461.0)
09-25 13:19:25.846  5369  5369 I AnimationResult: setAnimation : null
09-25 13:19:25.846  8174  8566 D KnoxHelper: getActivityList callingUserId: 0, target user: 0
09-25 13:19:25.846  5369  5369 W AppTransitionAnimatorImpl: onAnimationStart - APP OUT
09-25 13:19:25.846  3108  3338 D AnalyticsContainerHandler: handleMessage : { when=0 what=1 target=com.android.server.knox.KnoxAnalyticsContainer$AnalyticsHandler }
09-25 13:19:25.847  8130  9478 I [AirCmd]_ActivitySwitchDetector: onTaskFocusChanged : taskId 6591
09-25 13:19:25.847  5369  5369 I Launcher.AppsViewCellLayout: com.android.homescreen.apptray.AppsViewCellLayout{118f2a4 V.ED..... .......D 15341,100-16679,2951}[a=1.0,v=0,sId=11] setAlpha : 1.0
09-25 13:19:25.847  1914  1914 I Layer   : id=162315 removedFromDrawingState Surface(name=Task=7114)/@0x93f08a7 - animation-leash of app_transition#162315 (350)
09-25 13:19:25.847  1914  1914 I Layer   : id=162314 removedFromDrawingState Surface(name=Task=1)/@0xeddbc98 - animation-leash of app_transition#162314 (350)
09-25 13:19:25.847  1914  1914 I Layer   : id=162335 removedFromDrawingState Surface(name=4eb27f5 StatusBar)/@0x43fa543 - animation-leash of insets_animation#162335 (350)
09-25 13:19:25.847  1914  1914 I Layer   : id=162336 removedFromDrawingState Surface(name=d110b4c NavigationBar0)/@0x8bdb781 - animation-leash of insets_animation#162336 (350)
09-25 13:19:25.847  1914  1914 I SurfaceFlinger: id=162315 Removed Surface(name=Task=7114)/@0x93f08a7 - animation-leash of app_transition#162315 (350)
09-25 13:19:25.847  1914  1914 I SurfaceFlinger: id=162314 Removed Surface(name=Task=1)/@0xeddbc98 - animation-leash of app_transition#162314 (350)
09-25 13:19:25.847  1914  1914 I SurfaceFlinger: id=162335 Removed Surface(name=4eb27f5 StatusBar)/@0x43fa543 - animation-leash of insets_animation#162335 (350)
09-25 13:19:25.847  1914  1914 I SurfaceFlinger: id=162336 Removed Surface(name=d110b4c NavigationBar0)/@0x8bdb781 - animation-leash of insets_animation#162336 (350)
09-25 13:19:25.847  1914  1914 I Layer   : id=162314 Destroyed Surface(name=Task=1)/@0xeddbc98 - animation-leash of app_transition#162314
09-25 13:19:25.847  1914  1914 I Layer   : id=162315 Destroyed Surface(name=Task=7114)/@0x93f08a7 - animation-leash of app_transition#162315
09-25 13:19:25.847  1914  1914 I Layer   : id=162335 Destroyed Surface(name=4eb27f5 StatusBar)/@0x43fa543 - animation-leash of insets_animation#162335
09-25 13:19:25.847  1914  1914 I Layer   : id=162336 Destroyed Surface(name=d110b4c NavigationBar0)/@0x8bdb781 - animation-leash of insets_animation#162336
09-25 13:19:25.847  5369  5748 I AppIconSolution: getThemeIconWithBG called with public API, pkg = com.example.dogglers, mode = 48
09-25 13:19:25.848  5369  5748 I AppIconSolution: return adaptive icon for com.example.dogglers, isNight = true
09-25 13:19:25.848  5369  5748 I LauncherActivityInfo: packageName: com.example.dogglers, useThemeIcon: false, height: 252, width: 252, density: 640
09-25 13:19:25.848  5369  5369 I PopupDataProvider: onNotificationFullRefresh prev dotInfoSize : 1
09-25 13:19:25.848  5369  5584 I ViewRootImpl@7533534[LauncherActivity]: mWNT: t=0xb40000772b9d4e00 mBlastBufferQueue=0xb400007720986880 fn= 46 caller= com.android.systemui.shared.launcher.ViewRootImplCompat.mergeWithNextTransaction:2 com.android.quickstep.util.SurfaceTransactionApplier.lambda$scheduleApply$0:2 com.android.quickstep.util.SurfaceTransactionApplier.b:0
09-25 13:19:25.848  5369  5369 I PopupDataProvider: refresh badge  package : com.microsoft.office.outlook count : 275
09-25 13:19:25.848  5369  5584 I ViewRootImpl@7533534[LauncherActivity]: mWNT: t=0xb40000774ca9e000 mBlastBufferQueue=0xb400007720986880 fn= 46 caller= com.android.systemui.shared.launcher.ViewRootImplCompat.mergeWithNextTransaction:2 com.android.quickstep.util.SurfaceTransactionApplier.lambda$scheduleApply$0:2 com.android.quickstep.util.SurfaceTransactionApplier.b:0
09-25 13:19:25.848  5369  5584 I ViewRootImpl@7533534[LauncherActivity]: mWNT: t=0xb40000774ca9e100 mBlastBufferQueue=0xb400007720986880 fn= 46 caller= com.android.systemui.shared.launcher.ViewRootImplCompat.mergeWithNextTransaction:2 com.android.quickstep.util.SurfaceTransactionApplier.lambda$scheduleApply$0:2 com.android.quickstep.util.SurfaceTransactionApplier.b:0
09-25 13:19:25.849  5369  5369 I IconView: applyDotState itemInfo : Outlook display : 1 count : 275
09-25 13:19:25.849  1914  1914 D SurfaceFlinger: Display 4630947093241269891 HWC layers:
09-25 13:19:25.849  1914  1914 D SurfaceFlinger:      DEVICE | 0xb400007aeb125200 | 0102 | RGBA_8888    |    0.0    0.0 1440.0 3088.0 |    0    0 1440 3088 | com.example.dogglers/androidx.test.c[...]tyInvoker$EmptyActivity$_5639#162334
09-25 13:19:25.849  1914  1914 D SurfaceFlinger:      DEVICE | 0xb400007af6c14880 | 0100 | RGBA_8888    |    0.0    0.0 1440.0  100.0 |    0    0 1440  100 | StatusBar$_4768#95
09-25 13:19:25.849  1914  1914 D SurfaceFlinger:      DEVICE | 0xb400007af8705400 | 0100 | RGBA_8888    |    0.0    0.0   67.0  589.0 |    0  562   67 1151 | com.samsung.android.app.cocktailbars[...]vice.CocktailBarService$_8423#156853
09-25 13:19:25.849  1914  1914 D SurfaceFlinger:      DEVICE | 0xb400007af8705500 | 0100 | RGBA_8888    |    0.0    0.0  518.0   48.0 |  922 3040 1440 3088 | SGestureOverlayWindow$_5369#156268
09-25 13:19:25.849  1914  1914 D SurfaceFlinger:      DEVICE | 0xb400007af6c15880 | 0100 | RGBA_8888    |    0.0    0.0 1440.0  168.0 |    0 2920 1440 3088 | NavigationBar0$_4768#92
09-25 13:19:25.849  1914  1914 D SurfaceFlinger:
09-25 13:19:25.850 15715 15751 I WindowsLink: (TaskInfoManager) +++++++++++onRecentTaskStackUpdated
09-25 13:19:25.852  8130  9478 I [AirCmd]_ActivitySwitchDetector: onTaskFocusChanged : componentName - ComponentInfo{com.sec.android.app.launcher/com.android.launcher3.uioverrides.QuickstepLauncher}
09-25 13:19:25.852  8130  9478 I [AirCmd]_ActivitySwitchDetector: onTaskFocusChanged : mTopMostActivity - ComponentInfo{com.example.dogglers/com.example.dogglers.GridListActivity}
09-25 13:19:25.853  8130  9478 I [AirCmd]_CallbackRepeater: stopRepeat : isWorking=false
09-25 13:19:25.853  8130  9478 I [AirCmd]_MediaControlStateMonitor: isForegroundAppSupportsMediaButton : mediaSession is empty
09-25 13:19:25.853  3108  3230 I SemPersonaManager: SecureFolder personaId = 150
09-25 13:19:25.854  8130  9478 I [AirCmd]_MediaControlStateMonitor: active Notification List is null
09-25 13:19:25.854  8130  9478 I [AirCmd]_RemoteSpenMainController: hasGeneralAction : packageName is com.sec.android.app.launcher, activityName is com.android.launcher3.uioverrides.QuickstepLauncher, hasActions is false
09-25 13:19:25.854  8130  9478 I [AirCmd]_CameraAvailabilityMonitor: isCameraPreviewOn : mIsCameraPreviewOn is false
09-25 13:19:25.854  8130  9478 I [AirCmd]_CameraAvailabilityMonitor: isCameraPreviewOn : mIsCameraPreviewOn is false
09-25 13:19:25.854  8130  9478 I [AirCmd]_MediaControlStateMonitor: isForegroundAppSupportsMediaButton : mediaSession is empty
09-25 13:19:25.855  8130  9478 I [AirCmd]_MediaControlStateMonitor: active Notification List is null
09-25 13:19:25.855  8130  9478 I [AirCmd]_PenActionRule: getAction : get default action data from remote action because pen action data is null.
09-25 13:19:25.855  8130  9478 I [AirCmd]_ButtonActionDetector: enableDoubleClickDetection: enabled=true, doubleClickWaitInterval=300
09-25 13:19:25.855  8130  9478 I [AirCmd]_RemoteSpenMainController: onSwitch : package is com.sec.android.app.launcher   and activity is com.android.launcher3.uioverrides.QuickstepLauncher and isBleConnected is false and hasActions is false
09-25 13:19:25.855  5369  5369 I Launcher.AppsViewCellLayout: com.android.homescreen.apptray.AppsViewCellLayout{118f2a4 V.ED..... .......D 15341,100-16679,2951}[a=1.0,v=0,sId=11] setAlpha : 1.0
09-25 13:19:25.857  3108  3230 D EnterpriseDeviceManagerService: isMdmAdminPresentInternal() : MDM Admin Found - com.samsung.knox.securefolder
09-25 13:19:25.857  5369  5583 I ViewRootImpl@7533534[LauncherActivity]: mWNT: t=0xb40000774ca9e500 mBlastBufferQueue=0xb400007720986880 fn= 47 caller= com.android.systemui.shared.launcher.ViewRootImplCompat.mergeWithNextTransaction:2 com.android.quickstep.util.SurfaceTransactionApplier.lambda$scheduleApply$0:2 com.android.quickstep.util.SurfaceTransactionApplier.b:0
09-25 13:19:25.857 15715 18710 I WindowsLink: (TaskInfoManager) +++++++++++onRecentTaskStackUpdated
09-25 13:19:25.858  1914  1914 D SurfaceFlinger: Display 4630947093241269891 HWC layers:
09-25 13:19:25.858  1914  1914 D SurfaceFlinger:      CLIENT | 0xb400007af6c13480 | 0100 | RGBx_8888    |  592.0    0.0 1628.0 2220.0 |    0    0 1440 3088 | Wallpaper BBQ wrapper#90
09-25 13:19:25.858  1914  1914 D SurfaceFlinger:      CLIENT | 0xb400007af6c14700 | 0100 | RGBA_8888    |    0.0    0.0 1440.0 3088.0 |    0    0 1440 3088 | com.sec.android.app.launcher/com.sec[...]rActivity$_5369#162300 (blurRegions)
09-25 13:19:25.858  1914  1914 D SurfaceFlinger:      CLIENT | 0xb400007af6c14080 | 0102 | RGBA_8888    |    0.0    0.0 1440.0 3087.0 |    0    1 1440 3086 | com.example.dogglers/com.example.dogglers.GridListActivity$_5639#162319
09-25 13:19:25.858  1914  1914 D SurfaceFlinger:      CLIENT | 0xb400007af6c14980 | 0102 | RGBA_8888    |    0.0    0.0 1440.0 3087.0 |    0    1 1440 3086 | com.example.dogglers/androidx.test.c[...]tyInvoker$EmptyActivity$_5639#162327
09-25 13:19:25.858  1914  1914 D SurfaceFlinger:      CLIENT | 0xb400007aeb125200 | 0102 | RGBA_8888    |    0.0    0.0 1440.0 3087.0 |    0    1 1440 3086 | com.example.dogglers/androidx.test.c[...]tyInvoker$EmptyActivity$_5639#162334
09-25 13:19:25.858  1914  1914 D SurfaceFlinger:      DEVICE | 0xb400007af6c14880 | 0100 | RGBA_8888    |    0.0    0.0 1440.0  100.0 |    0    0 1440  100
09-25 13:19:25.858  1914  1914 D SurfaceFlinger: | StatusBar$_4768#95
09-25 13:19:25.858  1914  1914 D SurfaceFlinger:      DEVICE | 0xb400007af8705400 | 0100 | RGBA_8888    |    0.0    0.0   67.0  589.0 |    0  562   67 1151 | com.samsung.android.app.cocktailbars[...]vice.CocktailBarService$_8423#156853
09-25 13:19:25.858  1914  1914 D SurfaceFlinger:      DEVICE | 0xb400007af8705500 | 0100 | RGBA_8888    |    0.0    0.0  518.0   48.0 |  922 3040 1440 3088 | SGestureOverlayWindow$_5369#156268
09-25 13:19:25.858  1914  1914 D SurfaceFlinger:      DEVICE | 0xb400007af6c15880 | 0100 | RGBA_8888    |    0.0    0.0 1440.0  168.0 |    0 2920 1440 3088 | NavigationBar0$_4768#92
09-25 13:19:25.858  1914  1914 D SurfaceFlinger:
09-25 13:19:25.859  3108  6142 I MediaSessionMonitor: Media session stopped : controllerList empty
09-25 13:19:25.864  8423  8423 I ActivityUtils: HomePackage : com.sec.android.app.launcher, resumePackageName : com.sec.android.app.launcher
09-25 13:19:25.864  5369  5369 I Launcher.AppsViewCellLayout: com.android.homescreen.apptray.AppsViewCellLayout{118f2a4 V.ED..... ........ 15341,100-16679,2951}[a=1.0,v=0,sId=11] setAlpha : 1.0
09-25 13:19:25.865  5369  5584 I ViewRootImpl@7533534[LauncherActivity]: mWNT: t=0xb40000774ca9e600 mBlastBufferQueue=0xb400007720986880 fn= 48 caller= com.android.systemui.shared.launcher.ViewRootImplCompat.mergeWithNextTransaction:2 com.android.quickstep.util.SurfaceTransactionApplier.lambda$scheduleApply$0:2 com.android.quickstep.util.SurfaceTransactionApplier.b:0
09-25 13:19:25.870  8174  8566 D KnoxHelper: getActivityList callingUserId: 0, target user: 150
09-25 13:19:25.870  8174  8566 V KnoxHelper: source and target users are different, and caller is knox container or target user is for secure folder, so request cannot be granted!
09-25 13:19:25.872  5369  5369 I Launcher.AppsViewCellLayout: com.android.homescreen.apptray.AppsViewCellLayout{118f2a4 V.ED..... ........ 15341,100-16679,2951}[a=1.0,v=0,sId=11] setAlpha : 1.0
09-25 13:19:25.873  5369  5583 I ViewRootImpl@7533534[LauncherActivity]: mWNT: t=0xb40000774cca7f00 mBlastBufferQueue=0xb400007720986880 fn= 49 caller= com.android.systemui.shared.launcher.ViewRootImplCompat.mergeWithNextTransaction:2 com.android.quickstep.util.SurfaceTransactionApplier.lambda$scheduleApply$0:2 com.android.quickstep.util.SurfaceTransactionApplier.b:0
09-25 13:19:25.880  5369  5369 I Launcher.AppsViewCellLayout: com.android.homescreen.apptray.AppsViewCellLayout{118f2a4 V.ED..... ........ 15341,100-16679,2951}[a=1.0,v=0,sId=11] setAlpha : 1.0
09-25 13:19:25.881  5369  5584 I ViewRootImpl@7533534[LauncherActivity]: mWNT: t=0xb40000774ccdc700 mBlastBufferQueue=0xb400007720986880 fn= 50 caller= com.android.systemui.shared.launcher.ViewRootImplCompat.mergeWithNextTransaction:2 com.android.quickstep.util.SurfaceTransactionApplier.lambda$scheduleApply$0:2 com.android.quickstep.util.SurfaceTransactionApplier.b:0
09-25 13:19:25.889  5369  5369 I Launcher.AppsViewCellLayout: com.android.homescreen.apptray.AppsViewCellLayout{118f2a4 V.ED..... ........ 15341,100-16679,2951}[a=1.0,v=0,sId=11] setAlpha : 1.0
09-25 13:19:25.889  1914  1914 D SurfaceFlinger: GPIS:: requestGPIS
09-25 13:19:25.890  5369  5583 I ViewRootImpl@7533534[LauncherActivity]: mWNT: t=0xb40000774cd0b700 mBlastBufferQueue=0xb400007720986880 fn= 51 caller= com.android.systemui.shared.launcher.ViewRootImplCompat.mergeWithNextTransaction:2 com.android.quickstep.util.SurfaceTransactionApplier.lambda$scheduleApply$0:2 com.android.quickstep.util.SurfaceTransactionApplier.b:0
09-25 13:19:25.900  5369  5369 I Launcher.AppsViewCellLayout: com.android.homescreen.apptray.AppsViewCellLayout{118f2a4 V.ED..... ........ 15341,100-16679,2951}[a=1.0,v=0,sId=11] setAlpha : 1.0
09-25 13:19:25.904  5369  5584 I ViewRootImpl@7533534[LauncherActivity]: mWNT: t=0xb40000774cd2b100 mBlastBufferQueue=0xb400007720986880 fn= 52 caller= com.android.systemui.shared.launcher.ViewRootImplCompat.mergeWithNextTransaction:2 com.android.quickstep.util.SurfaceTransactionApplier.lambda$scheduleApply$0:2 com.android.quickstep.util.SurfaceTransactionApplier.b:0
09-25 13:19:25.905  5369  5369 I Launcher.AppsViewCellLayout: com.android.homescreen.apptray.AppsViewCellLayout{118f2a4 V.ED..... ........ 15341,100-16679,2951}[a=1.0,v=0,sId=11] setAlpha : 1.0
09-25 13:19:25.906  5369  5583 I ViewRootImpl@7533534[LauncherActivity]: mWNT: t=0xb4000077be9b1600 mBlastBufferQueue=0xb400007720986880 fn= 53 caller= com.android.systemui.shared.launcher.ViewRootImplCompat.mergeWithNextTransaction:2 com.android.quickstep.util.SurfaceTransactionApplier.lambda$scheduleApply$0:2 com.android.quickstep.util.SurfaceTransactionApplier.b:0
09-25 13:19:25.907  5369  5401 W System  : A resource failed to call ContentProviderClient.close.
09-25 13:19:25.908  5369  5401 W System  : A resource failed to call ContentProviderClient.close.
09-25 13:19:25.908  5369  5401 W System  : A resource failed to call release.
09-25 13:19:25.908  5369  5401 W System  : A resource failed to call release.
09-25 13:19:25.908  5369  5401 W System  : A resource failed to call release.
09-25 13:19:25.908  1914  4196 I SurfaceFlinger: id=162305 Removed Surface(name=WallpaperWindowToken{6241e01 token=android.os.Binder@ab19d0b})/@0xf3e0a44 - animation-leash of window_animation#162305 (346)
09-25 13:19:25.908  1914  4196 I SurfaceFlinger: id=162304 Removed Surface(name=Task=1)/@0xeddbc98 - animation-leash of app_transition#162304 (346)
09-25 13:19:25.908  1914  3193 I SurfaceFlinger: id=162303 Removed Surface(name=Task=7113)/@0x68d44f0 - animation-leash of app_transition#162303 (346)
09-25 13:19:25.909  5369  5401 W System  : A resource failed to call ContentProviderClient.close.
09-25 13:19:25.909  5369  5401 W System  : A resource failed to call ContentProviderClient.close.
09-25 13:19:25.909  5369  5401 W System  : A resource failed to call release.
09-25 13:19:25.909  5369  5401 W System  : A resource failed to call release.
09-25 13:19:25.909  1914  3193 I SurfaceFlinger: id=162262 Removed Surface(name=WallpaperWindowToken{6241e01 token=android.os.Binder@ab19d0b})/@0xf3e0a44 - animation-leash of window_animation#162262 (346)
09-25 13:19:25.909  5369  5401 W System  : A resource failed to call release.
09-25 13:19:25.909  1914  3193 I SurfaceFlinger: id=162260 Removed Surface(name=Task=7112)/@0xdb2479f - animation-leash of app_transition#162260 (346)
09-25 13:19:25.909  1914  3193 I SurfaceFlinger: id=162261 Removed Surface(name=Task=1)/@0xeddbc98 - animation-leash of app_transition#162261 (346)
09-25 13:19:25.913  1914  1914 I Layer   : id=162304 Destroyed Surface(name=Task=1)/@0xeddbc98 - animation-leash of app_transition#162304
09-25 13:19:25.913  1914  1914 I Layer   : id=162303 Destroyed Surface(name=Task=7113)/@0x68d44f0 - animation-leash of app_transition#162303
09-25 13:19:25.914  1914  1914 I Layer   : id=162260 Destroyed Surface(name=Task=7112)/@0xdb2479f - animation-leash of app_transition#162260
09-25 13:19:25.914  1914  1914 I Layer   : id=162261 Destroyed Surface(name=Task=1)/@0xeddbc98 - animation-leash of app_transition#162261
09-25 13:19:25.914  1914  1914 I Layer   : id=162262 Destroyed Surface(name=WallpaperWindowToken{6241e01 token=android.os.Binder@ab19d0b})/@0xf3e0a44 - animation-leash of window_animation#162262
09-25 13:19:25.914  1914  1914 I Layer   : id=162305 Destroyed Surface(name=WallpaperWindowToken{6241e01 token=android.os.Binder@ab19d0b})/@0xf3e0a44 - animation-leash of window_animation#162305
09-25 13:19:25.914  5369  5369 I Launcher.AppsViewCellLayout: com.android.homescreen.apptray.AppsViewCellLayout{118f2a4 V.ED..... ........ 15341,100-16679,2951}[a=1.0,v=0,sId=11] setAlpha : 1.0
09-25 13:19:25.915  5369  5584 I ViewRootImpl@7533534[LauncherActivity]: mWNT: t=0xb4000077be9b2100 mBlastBufferQueue=0xb400007720986880 fn= 54 caller= com.android.systemui.shared.launcher.ViewRootImplCompat.mergeWithNextTransaction:2 com.android.quickstep.util.SurfaceTransactionApplier.lambda$scheduleApply$0:2 com.android.quickstep.util.SurfaceTransactionApplier.b:0
09-25 13:19:25.922  5369  5369 I Launcher.AppsViewCellLayout: com.android.homescreen.apptray.AppsViewCellLayout{118f2a4 V.ED..... ........ 15341,100-16679,2951}[a=1.0,v=0,sId=11] setAlpha : 1.0
09-25 13:19:25.923  8328  8651 I SemDvfsHyPerManager: acquire hyper - TABaseBoost/8328@24, type = 1090523139
09-25 13:19:25.923  1809  1855 I HYPER-HAL: [RequestManager.cpp]acquire(): Acquired ID : 34882152  [8328 / 24]    HINT :      list : [TABoost / 1]
09-25 13:19:25.923  5369 18503 I RecentModel: onTaskStackChangedBackground
09-25 13:19:25.924  5369  5583 I ViewRootImpl@7533534[LauncherActivity]: mWNT: t=0xb4000077be9b2200 mBlastBufferQueue=0xb400007720986880 fn= 55 caller= com.android.systemui.shared.launcher.ViewRootImplCompat.mergeWithNextTransaction:2 com.android.quickstep.util.SurfaceTransactionApplier.lambda$scheduleApply$0:2 com.android.quickstep.util.SurfaceTransactionApplier.b:0
09-25 13:19:25.926  8130  9478 I [AirCmd]_ActivitySwitchDetector: onTaskStackChanged : componentName - ComponentInfo{com.sec.android.app.launcher/com.android.launcher3.uioverrides.QuickstepLauncher}
09-25 13:19:25.926  8130  9478 I [AirCmd]_ActivitySwitchDetector: onTaskStackChanged : mTopMostActivity - ComponentInfo{com.sec.android.app.launcher/com.android.launcher3.uioverrides.QuickstepLauncher}
09-25 13:19:25.927  5369  5741 I RecentTasksList: loadTasksInBackground : groupTask = GroupTask{task1=[id=6869 windowingMode=1 user=0 lastActiveTime=1366856278] null, task2=null, task3=null, mStagedSplitBounds=null}
09-25 13:19:25.927  5369  5741 I RecentTasksList: loadTasksInBackground : groupTask = GroupTask{task1=[id=6898 windowingMode=1 user=0 lastActiveTime=1367009547] null, task2=null, task3=null, mStagedSplitBounds=null}
09-25 13:19:25.927  5369  5741 I RecentTasksList: loadTasksInBackground : groupTask = GroupTask{task1=[id=7114 windowingMode=1 user=0 lastActiveTime=1370091969] null, task2=null, task3=null, mStagedSplitBounds=null}
09-25 13:19:25.927  5369  5369 I TaskThumbnailCache: handleResult: taskId = 7114, taskThumbnail = android.graphics.Bitmap@9636855
09-25 13:19:25.930  5369  5369 I Launcher.AppsViewCellLayout: com.android.homescreen.apptray.AppsViewCellLayout{118f2a4 V.ED..... ........ 15341,100-16679,2951}[a=1.0,v=0,sId=11] setAlpha : 1.0
09-25 13:19:25.931  5369  5584 I ViewRootImpl@7533534[LauncherActivity]: mWNT: t=0xb4000077a107aa00 mBlastBufferQueue=0xb400007720986880 fn= 56 caller= com.android.systemui.shared.launcher.ViewRootImplCompat.mergeWithNextTransaction:2 com.android.quickstep.util.SurfaceTransactionApplier.lambda$scheduleApply$0:2 com.android.quickstep.util.SurfaceTransactionApplier.b:0
09-25 13:19:25.939  5369  5369 I Launcher.AppsViewCellLayout: com.android.homescreen.apptray.AppsViewCellLayout{118f2a4 V.ED..... ........ 15341,100-16679,2951}[a=1.0,v=0,sId=11] setAlpha : 1.0
09-25 13:19:25.940  5369  5583 I ViewRootImpl@7533534[LauncherActivity]: mWNT: t=0xb4000077be95d900 mBlastBufferQueue=0xb400007720986880 fn= 57 caller= com.android.systemui.shared.launcher.ViewRootImplCompat.mergeWithNextTransaction:2 com.android.quickstep.util.SurfaceTransactionApplier.lambda$scheduleApply$0:2 com.android.quickstep.util.SurfaceTransactionApplier.b:0
09-25 13:19:25.947  5369  5369 I Launcher.AppsViewCellLayout: com.android.homescreen.apptray.AppsViewCellLayout{118f2a4 V.ED..... ........ 15341,100-16679,2951}[a=1.0,v=0,sId=11] setAlpha : 1.0
09-25 13:19:25.948  5369  5584 I ViewRootImpl@7533534[LauncherActivity]: mWNT: t=0xb4000077be9b2300 mBlastBufferQueue=0xb400007720986880 fn= 58 caller= com.android.systemui.shared.launcher.ViewRootImplCompat.mergeWithNextTransaction:2 com.android.quickstep.util.SurfaceTransactionApplier.lambda$scheduleApply$0:2 com.android.quickstep.util.SurfaceTransactionApplier.b:0
09-25 13:19:25.955  5369  5369 I Launcher.AppsViewCellLayout: com.android.homescreen.apptray.AppsViewCellLayout{118f2a4 V.ED..... ........ 15341,100-16679,2951}[a=1.0,v=0,sId=11] setAlpha : 1.0
09-25 13:19:25.957  5369  5583 I ViewRootImpl@7533534[LauncherActivity]: mWNT: t=0xb4000077be9b2400 mBlastBufferQueue=0xb400007720986880 fn= 59 caller= com.android.systemui.shared.launcher.ViewRootImplCompat.mergeWithNextTransaction:2 com.android.quickstep.util.SurfaceTransactionApplier.lambda$scheduleApply$0:2 com.android.quickstep.util.SurfaceTransactionApplier.b:0
09-25 13:19:25.964  5369  5369 I Launcher.AppsViewCellLayout: com.android.homescreen.apptray.AppsViewCellLayout{118f2a4 V.ED..... ........ 15341,100-16679,2951}[a=1.0,v=0,sId=11] setAlpha : 1.0
