09-25 13:19:28.104  5369  5369 I TouchInteractionService: onInputEvent, inputConsumer = com.android.quickstep.l2@2290d17
09-25 13:19:28.104   586   586 I GoogleInputMethodService: GoogleInputMethodService.onStartInput():1889 onStartInput(EditorInfo{EditorInfo{packageName=com.example.dogglers, inputType=0, inputTypeString=NULL, enableLearning=false, autoCorrection=false, autoComplete=false, imeOptions=0, privateImeOptions=null, actionName=UNSPECIFIED, actionLabel=null, initialSelStart=-1, initialSelEnd=-1, initialCapsMode=0, label=null, fieldId=-1, fieldName=null, extras=Bundle[{displayId=0}], hintText=null, hintLocales=[]}}, false)
09-25 13:19:28.104  5639  5639 I ViewRootImpl@367728b[HorizontalListActivity]: ViewPostIme pointer 0
09-25 13:19:28.105   586   586 I GoogleInputMethodService: GoogleInputMethodService.updateDeviceLockedStatus():2097 repeatCheckTimes = 1, locked = false
09-25 13:19:28.105  1809  1855 I HYPER-HAL: [RequestManager.cpp]releaseLocked(): Released ID : 4903169
09-25 13:19:28.106  4768  4861 I ViewRootImpl@3349bbc[dogglers]: mWNT: t=0xb4000077a0f77000 mBlastBufferQueue=0xb400007705019c80 fn= 2 caller= android.view.SyncRtSurfaceTransactionApplier.applyTransaction:96 android.view.SyncRtSurfaceTransactionApplier.lambda$scheduleApply$0$android-view-SyncRtSurfaceTransactionApplier:69 android.view.SyncRtSurfaceTransactionApplier$$ExternalSyntheticLambda0.onFrameDraw:4
09-25 13:19:28.106  4768  4861 I ViewRootImpl@3349bbc[dogglers]: mWNT: t=0xb4000077a0f77300 mBlastBufferQueue=0xb400007705019c80 fn= 2 caller= android.view.SyncRtSurfaceTransactionApplier.applyTransaction:96 android.view.SyncRtSurfaceTransactionApplier.lambda$scheduleApply$0$android-view-SyncRtSurfaceTransactionApplier:69 android.view.SyncRtSurfaceTransactionApplier$$ExternalSyntheticLambda0.onFrameDraw:4
09-25 13:19:28.108  8328  8328 I SemDvfsHyPerManager: acquire hyper - TATouchBoost/8328@25, type = 1090523139
09-25 13:19:28.109  1809  1855 I HYPER-HAL: [RequestManager.cpp]acquire(): Acquired ID : 34890506  [8328 / 25]    HINT :      list : [TABoost / 1] [TIMEOUT / 1500]
09-25 13:19:28.109  3108  3228 I GestureDetector: obtain mCurrentMotionEventRaw. action: 0 id: -105940622
09-25 13:19:28.110  3108  4074 D InputMethodManagerService: isImeSwitcherDisabledPackage : false
09-25 13:19:28.110  3108  3228 I GestureDetector: obtain mCurrentDownEvent. id: -105940622 caller: com.android.server.wm.SystemGesturesPointerEventListener.onPointerEvent:203 com.android.server.wm.PointerEventDispatcher.onInputEvent:53 android.view.InputEventReceiver.dispatchInputEvent:285
09-25 13:19:28.110  3108  3228 I GestureDetector: obtain mCurrentMotionEventRaw. action: 0 id: -105940622
09-25 13:19:28.110  3108  3228 I GestureDetector: obtain mCurrentDownEvent. id: -105940622 caller: com.android.server.wm.SystemPerformancePointerEventListener.onPointerEvent:89 com.android.server.wm.PointerEventDispatcher.onInputEvent:53 android.view.InputEventReceiver.dispatchInputEvent:285
09-25 13:19:28.110   586   586 I InputMethodService: removeImeSurface
09-25 13:19:28.110   586   586 I MSHandlerLifeCycle: check: return. pkg=com.google.android.inputmethod.latin isActivity=false callers=com.android.internal.policy.DecorView.setVisibility:4412 android.app.Dialog.hide:767 android.inputmethodservice.InputMethodService.removeImeSurface:1290 android.inputmethodservice.InputMethodService.scheduleImeSurfaceRemoval:1279 android.inputmethodservice.InputMethodService.-$$Nest$mscheduleImeSurfaceRemoval:0
09-25 13:19:28.110   586   586 I MSHandlerLifeCycle: removeMultiSplitHandler: no exist. decor=DecorView@3ddf8c7[InputMethod]
09-25 13:19:28.114  1914  1914 I Layer   : id=162419 removedFromDrawingState Surface(name=6a358c3 InputMethod)/@0x1a6cc79 - animation-leash of insets_animation#162419 (331)
09-25 13:19:28.114  1914  1914 I SurfaceFlinger: id=162419 Removed Surface(name=6a358c3 InputMethod)/@0x1a6cc79 - animation-leash of insets_animation#162419 (331)
09-25 13:19:28.114  1914  1914 I Layer   : id=162419 Destroyed Surface(name=6a358c3 InputMethod)/@0x1a6cc79 - animation-leash of insets_animation#162419
09-25 13:19:28.114  4768  4860 I ViewRootImpl@3349bbc[dogglers]: mWNT: t=0xb4000077a0f77600 mBlastBufferQueue=0xb400007705019c80 fn= 3 caller= android.view.SyncRtSurfaceTransactionApplier.applyTransaction:96 android.view.SyncRtSurfaceTransactionApplier.lambda$scheduleApply$0$android-view-SyncRtSurfaceTransactionApplier:69 android.view.SyncRtSurfaceTransactionApplier$$ExternalSyntheticLambda0.onFrameDraw:4
09-25 13:19:28.124  4768  4861 I ViewRootImpl@3349bbc[dogglers]: mWNT: t=0xb4000077a0f77500 mBlastBufferQueue=0xb400007705019c80 fn= 4 caller= android.view.SyncRtSurfaceTransactionApplier.applyTransaction:96 android.view.SyncRtSurfaceTransactionApplier.lambda$scheduleApply$0$android-view-SyncRtSurfaceTransactionApplier:69 android.view.SyncRtSurfaceTransactionApplier$$ExternalSyntheticLambda0.onFrameDraw:4
09-25 13:19:28.131  4768  4860 I ViewRootImpl@3349bbc[dogglers]: mWNT: t=0xb4000077a0f77c00 mBlastBufferQueue=0xb400007705019c80 fn= 5 caller= android.view.SyncRtSurfaceTransactionApplier.applyTransaction:96 android.view.SyncRtSurfaceTransactionApplier.lambda$scheduleApply$0$android-view-SyncRtSurfaceTransactionApplier:69 android.view.SyncRtSurfaceTransactionApplier$$ExternalSyntheticLambda0.onFrameDraw:4
09-25 13:19:28.133  5369  8863 I RecentModel: onTaskStackChangedBackground
09-25 13:19:28.134  8328  8651 I SemDvfsHyPerManager: acquire hyper - TABaseBoost/8328@24, type = 1090523139
09-25 13:19:28.134  1809  1855 I HYPER-HAL: [RequestManager.cpp]acquire(): Acquired ID : 34882152  [8328 / 24]    HINT :      list : [TABoost / 1]
09-25 13:19:28.135  5369  5741 I RecentTasksList: loadTasksInBackground : groupTask = GroupTask{task1=[id=6869 windowingMode=1 user=0 lastActiveTime=1366856278] null, task2=null, task3=null, mStagedSplitBounds=null}
09-25 13:19:28.135  5369  5741 I RecentTasksList: loadTasksInBackground : groupTask = GroupTask{task1=[id=6898 windowingMode=1 user=0 lastActiveTime=1367009547] null, task2=null, task3=null, mStagedSplitBounds=null}
09-25 13:19:28.135  5369  5741 I RecentTasksList: loadTasksInBackground : groupTask = GroupTask{task1=[id=7117 windowingMode=1 user=0 lastActiveTime=1370094290] null, task2=null, task3=null, mStagedSplitBounds=null}
09-25 13:19:28.135  8130  9478 I [AirCmd]_ActivitySwitchDetector: onTaskStackChanged : componentName - ComponentInfo{com.example.dogglers/com.example.dogglers.HorizontalListActivity}
09-25 13:19:28.135  8130  9478 I [AirCmd]_ActivitySwitchDetector: onTaskStackChanged : mTopMostActivity - ComponentInfo{com.example.dogglers/com.example.dogglers.HorizontalListActivity}
09-25 13:19:28.139  4768  4861 I ViewRootImpl@3349bbc[dogglers]: mWNT: t=0xb4000077a0f90600 mBlastBufferQueue=0xb400007705019c80 fn= 6 caller= android.view.SyncRtSurfaceTransactionApplier.applyTransaction:96 android.view.SyncRtSurfaceTransactionApplier.lambda$scheduleApply$0$android-view-SyncRtSurfaceTransactionApplier:69 android.view.SyncRtSurfaceTransactionApplier$$ExternalSyntheticLambda0.onFrameDraw:4
09-25 13:19:28.147  4768  4860 I ViewRootImpl@3349bbc[dogglers]: mWNT: t=0xb4000077a0fcad00 mBlastBufferQueue=0xb400007705019c80 fn= 7 caller= android.view.SyncRtSurfaceTransactionApplier.applyTransaction:96 android.view.SyncRtSurfaceTransactionApplier.lambda$scheduleApply$0$android-view-SyncRtSurfaceTransactionApplier:69 android.view.SyncRtSurfaceTransactionApplier$$ExternalSyntheticLambda0.onFrameDraw:4
09-25 13:19:28.156  4768  4851 D OpenGLRenderer: setSurface called with nullptr
09-25 13:19:28.156  4768  4851 D OpenGLRenderer: setSurface() destroyed EGLSurface
09-25 13:19:28.156  4768  4851 D OpenGLRenderer: destroyEglSurface
09-25 13:19:28.158  4768  4843 I ViewRootImpl@3349bbc[dogglers]: performTraversals params={(0,0)(fillxfill) sim={adjust=pan} ty=APPLICATION_STARTING fmt=TRANSLUCENT wanim=0x1030001 alpha=0.0
09-25 13:19:28.158  4768  4843 I ViewRootImpl@3349bbc[dogglers]:   fl=81030118
09-25 13:19:28.158  4768  4843 I ViewRootImpl@3349bbc[dogglers]:   pfl=16000010
09-25 13:19:28.158  4768  4843 I ViewRootImpl@3349bbc[dogglers]:   bhv=DEFAULT
09-25 13:19:28.158  4768  4843 I ViewRootImpl@3349bbc[dogglers]:   fitSides= naviIconColor=0}
09-25 13:19:28.157  2229  8283 I CameraService: onUidStateChanged: uid=10042, procState is changed. (1 -> 0)
09-25 13:19:28.158  4768  4843 I ViewRootImpl@3349bbc[dogglers]: performTraversals mFirst=false windowShouldResize=false viewVisibilityChanged=true mForceNextWindowRelayout=false params={(0,0)(fillxfill) sim={adjust=pan} ty=APPLICATION_STARTING fmt=TRANSLUCENT wanim=0x1030001 alpha=0.0
09-25 13:19:28.158  4768  4843 I ViewRootImpl@3349bbc[dogglers]:   fl=81030118
09-25 13:19:28.158  4768  4843 I ViewRootImpl@3349bbc[dogglers]:   pfl=16000010
09-25 13:19:28.158  4768  4843 I ViewRootImpl@3349bbc[dogglers]:   bhv=DEFAULT
09-25 13:19:28.158  4768  4843 I ViewRootImpl@3349bbc[dogglers]:   fitSides= naviIconColor=0}
09-25 13:19:28.159  3108  6474 V WindowManager: Relayout Window{45af861 u0 Splash Screen com.example.dogglers}: viewVisibility=8 req=1440x3088 d0
09-25 13:19:28.161  3108  6474 V WindowManager: Relayout hash=45af861, pid=4768, syncId=-1: mAttrs={(0,0)(fillxfill) sim={adjust=pan} ty=APPLICATION_STARTING fmt=TRANSLUCENT wanim=0x1030001 alpha=0.0
09-25 13:19:28.161  3108  6474 V WindowManager:   fl=81030118
09-25 13:19:28.161  3108  6474 V WindowManager:   pfl=16000010
09-25 13:19:28.161  3108  6474 V WindowManager:   bhv=DEFAULT
09-25 13:19:28.161  3108  6474 V WindowManager:   fitSides= naviIconColor=0}
09-25 13:19:28.163  4768  4843 I ViewRootImpl@3349bbc[dogglers]: Relayout returned: old=(0,0,1440,3088) new=(0,0,1440,3088) req=(1440,3088)8 dur=4 res=0x2 s={false 0x0} ch=true seqId=0
09-25 13:19:28.164  4768  4843 I ViewRootImpl@3349bbc[dogglers]: dispatchDetachedFromWindow
09-25 13:19:28.165  3108  6266 D InputTransport: Input channel destroyed: '45af861', fd=1254
09-25 13:19:28.165  3108  6266 W InputManager-JNI: Input channel object '45af861 Splash Screen com.example.dogglers (client)' was disposed without first being removed with the input manager!
09-25 13:19:28.165  3108  6266 D InputTransport: Input channel destroyed: '45af861', fd=1257
09-25 13:19:28.167  1914  1914 D SurfaceFlinger: Display 4630947093241269891 HWC layers:
09-25 13:19:28.167  1914  1914 D SurfaceFlinger:      CLIENT | 0xb400007af6c13480 | 0100 | RGBx_8888    |  592.0    0.0 1628.0 2220.0 |    0    0 1440 3088 | Wallpaper BBQ wrapper#90
09-25 13:19:28.167  1914  1914 D SurfaceFlinger:      CLIENT | 0xb400007aeb145f80 | 0100 | RGBA_8888    |    0.0    0.0 1440.0 3088.0 |    0    0 1440 3088 | com.sec.android.app.launcher/com.sec[...]rActivity$_5369#162376 (blurRegions)
09-25 13:19:28.167  1914  1914 D SurfaceFlinger:      DEVICE | 0xb400007af86ec580 | 0102 | RGBA_8888    |    0.0    0.0 1440.0 3088.0 |   39   84 1401 3004 | com.example.dogglers/com.example.dogglers.HorizontalListActivity$_5639#162431
09-25 13:19:28.167  1914  1914 D SurfaceFlinger:      DEVICE | 0xb400007af6c14880 | 0100 | RGBA_8888    |    0.0    0.0 1440.0  100.0 |    0    0 1440  100 | StatusBar$_4768#95
09-25 13:19:28.167  1914  1914 D SurfaceFlinger:      DEVICE | 0xb400007af8705400 | 0100 | RGBA_8888    |    0.0    0.0   67.0  589.0 |    0  562   67 1151 | com.samsung.android.app.cocktailbars[...]vice.CocktailBarService$_8423#156853
09-25 13:19:28.167  1914  1914 D SurfaceFlinger:      DEVICE | 0xb400007af8705500 | 0100 | RGBA_8888    |    0.0    0.0  518.0   48.0 |  922 3040 1440 3088 | SGestureOverlayWindow$_5369#156268
09-25 13:19:28.167  1914  1914 D SurfaceFlinger:      DEVICE | 0x
09-25 13:19:28.167  1914  1914 D SurfaceFlinger: b400007af6c15880 | 0100 | RGBA_8888    |    0.0    0.0 1440.0  168.0 |    0 2920 1440 3088 | NavigationBar0$_4768#92
09-25 13:19:28.167  1914  1914 D SurfaceFlinger:
09-25 13:19:28.169  4768  4843 D InputTransport: Input channel destroyed: '45af861', fd=212
09-25 13:19:28.172  1914  1914 I Layer   : id=162434 removedFromDrawingState Surface(name=e919e40 com.example.dogglers/com.example.dogglers.HorizontalListActivity)/@0xa2aa722 - animation-leash of starting_reveal#162434 (330)
09-25 13:19:28.200  6586  6586 I SAMSUNGWALLET-USBP: [AlertController] Boarding pass alert is not enabled
09-25 13:19:28.200  6586  6586 I SAMSUNGWALLET-USBP: [AlertController] dismiss alert: NO_ALERT
09-25 13:19:28.210  8328  8328 I SemDvfsHyPerManager: acquire hyper - TATouchBoost/8328@25, type = 1090523139
09-25 13:19:28.210  1809  1855 I HYPER-HAL: [RequestManager.cpp]acquire(): Acquired ID : 34890506  [8328 / 25]    HINT :      list : [TABoost / 1] [TIMEOUT / 1500]
09-25 13:19:28.269  3108  3146 D InputDispatcher: Inject motion (5639/10577): action=0x1, time=811546232000000, f=0x0, d=0 dsdx=1.000000 dtdx=0.000000
09-25 13:19:28.328  1809  6386 I HYPER-HAL: [RequestManager.cpp]releaseLocked(): Released ID : 4906302
09-25 13:19:28.338  5639  5639 I ViewInteraction: Checking 'MatchesViewAssertion{viewMatcher=(view has effective visibility <VISIBLE> and view.getGlobalVisibleRect() to return non-empty rectangle)}' assertion on view an instance of android.widget.TextView and view.getText() with or without transformation to match: is "Frankie"
09-25 13:19:28.338  5639  5639 E ViewAssertions: '(view has effective visibility <VISIBLE> and view.getGlobalVisibleRect() to return non-empty rectangle)' check could not be performed because view 'an instance of android.widget.TextView and view.getText() with or without transformation to match: is "Frankie"' was not found.
09-25 13:19:28.343  1914  4194 D NativeSemDvfsManager: acquire:: timeout = 2000 mIsAcquired = 1  mTagName : SurfaceFlinger
09-25 13:19:28.343  1914  4194 E NativeCustomFrequencyManager: [NativeCFMS] BpCustomFrequencyManager::acquire()
09-25 13:19:28.343  1809  1855 I HYPER-HAL: [RequestManager.cpp]acquire(): Acquired ID : 4248155  [1914 / 1000]    HINT : SF_GPU_MINLOCK    list : [TIMEOUT / 2000]
09-25 13:19:28.349  3108  3141 I system_server: Background concurrent copying GC freed 689774(26MB) AllocSpace objects, 2(40KB) LOS objects, 12% free, 166MB/190MB, paused 100us,143us total 272.190ms
09-25 13:19:28.350  3108  4074 I SemDvfsHyPerManager: acquire hyper - AMS_ACT_START/3108@18, type = -999
09-25 13:19:28.351  1809  1855 I HYPER-HAL: [RequestManager.cpp]acquire(): Acquired ID : 4887519  [3108 / 18]    HINT : AMS_ACT_START    list :
09-25 13:19:28.351  1914  3193 I SurfaceFlinger: id=162436 createSurf, flag=80004, ActivityRecord{a44cb5d u0 com.example.dogglers/androidx.test.core.app.InstrumentationActivityInvoker$EmptyActivity} t7117}#162436
09-25 13:19:28.354  1914  3193 I SurfaceFlinger: id=162437 createSurf, flag=80000, c7f4134 ActivityRecordInputSink com.example.dogglers/androidx.test.core.app.InstrumentationActivityInvoker$EmptyActivity#162437
09-25 13:19:28.356  3108  3143 W System  : A resource failed to call release.
09-25 13:19:28.356  5639  5639 D LifecycleMonitor: Lifecycle status change: com.example.dogglers.HorizontalListActivity@bc491b4 in: PAUSED
09-25 13:19:28.356  5639  5639 V ActivityScenario: Update currentActivityStage to PAUSED, currentActivity=com.example.dogglers.HorizontalListActivity@bc491b4
09-25 13:19:28.357  3108  3230 I ChimeraSystemEventListener: appLaunchIntent package name is: com.example.dogglers
09-25 13:19:28.357  5759  5759 E pageboostd: Received HALT command code 2
09-25 13:19:28.359  3108  6474 D InputDispatcher: Focused application(0): ActivityRecord{a44cb5d u0 com.example.dogglers/androidx.test.core.app.InstrumentationActivityInvoker$EmptyActivity} t7117}
09-25 13:19:28.360  3108 29076 D RemoteAppTaskWatcher:  ****** RemoteAppTaskWatcher: Message Received 5 Task ID = 0
09-25 13:19:28.362  8423  8423 I Utils   : isCurrentUser current = 0, ownerId = 0
09-25 13:19:28.362  8423  8423 I TrayVisibilityController: getComputedTrayVisible : keyguardState = 1
09-25 13:19:28.362  8423  8423 I TrayVisibilityController: updateTrayVisible: State=1 visible=1 mCurrentVisible=1 specificMode=0
09-25 13:19:28.362  8423  8423 I TrayStateController: onNotifyUpdateTray: state=0
09-25 13:19:28.362  5639  5639 D LifecycleMonitor: Lifecycle status change: androidx.test.core.app.InstrumentationActivityInvoker$EmptyActivity@2588fc3 in: PRE_ON_CREATE
09-25 13:19:28.363  5639  5639 V ActivityScenario: Activity lifecycle changed event received but ignored because the intent does not match. startActivityIntent=Intent { act=android.intent.action.MAIN cat=[android.intent.category.LAUNCHER] cmp=com.example.dogglers/.HorizontalListActivity }, activity.getIntent()=Intent { act=android.intent.action.MAIN cat=[android.intent.category.LAUNCHER] flg=0x10000000 cmp=com.example.dogglers/androidx.test.core.app.InstrumentationActivityInvoker$EmptyActivity }, activity=androidx.test.core.app.InstrumentationActivityInvoker$EmptyActivity@2588fc3
09-25 13:19:28.364  1914  1914 I SurfaceFlinger: [e919e40 com.example.dogglers/com.example.dogglers.HorizontalListActivity#162430] FrameRatePriority: -1
09-25 13:19:28.364 15715 15751 I WindowsLink: (TaskInfoManager) +++++++++++onRecentTaskStackUpdated
09-25 13:19:28.364  3108  3143 W System  : A resource failed to call release.
09-25 13:19:28.366  3108  3230 I SemPersonaManager: SecureFolder personaId = 150
09-25 13:19:28.366  3108  3143 W System  : A resource failed to call HardwareBuffer.close.
09-25 13:19:28.366  3108  3143 W System  : A resource failed to call HardwareBuffer.close.
09-25 13:19:28.366  3108  3143 W System  : A resource failed to call HardwareBuffer.close.
09-25 13:19:28.367  5639  5639 I DecorView: [INFO] isPopOver=false config=true
09-25 13:19:28.367  5639  5639 I DecorView: updateCaptionType: isFloating=false isApplication=true hasWindowDecorCaption=false this=DecorView@b6c00be[]
09-25 13:19:28.367  5639  5639 D DecorView: setCaptionType = 0, this = DecorView@b6c00be[]
09-25 13:19:28.368  5639  5639 I DecorView: getCurrentDensityDpi: from real metrics. densityDpi=560 msg=resources_loaded
09-25 13:19:28.368  5639  5639 I DecorView: setWindowBackground: isPopOver=false color=ff010101 d=android.graphics.drawable.StateListDrawable@62a651f
09-25 13:19:28.368  5639  5639 D LifecycleMonitor: Lifecycle status change: androidx.test.core.app.InstrumentationActivityInvoker$EmptyActivity@2588fc3 in: CREATED
09-25 13:19:28.368  5639  5639 V ActivityScenario: Activity lifecycle changed event received but ignored because the intent does not match. startActivityIntent=Intent { act=android.intent.action.MAIN cat=[android.intent.category.LAUNCHER] cmp=com.example.dogglers/.HorizontalListActivity }, activity.getIntent()=Intent { act=android.intent.action.MAIN cat=[android.intent.category.LAUNCHER] flg=0x10000000 cmp=com.example.dogglers/androidx.test.core.app.InstrumentationActivityInvoker$EmptyActivity }, activity=androidx.test.core.app.InstrumentationActivityInvoker$EmptyActivity@2588fc3
09-25 13:19:28.369  5639  5639 D LifecycleMonitor: Lifecycle status change: androidx.test.core.app.InstrumentationActivityInvoker$EmptyActivity@2588fc3 in: STARTED
09-25 13:19:28.369  5639  5639 V ActivityScenario: Activity lifecycle changed event received but ignored because the intent does not match. startActivityIntent=Intent { act=android.intent.action.MAIN cat=[android.intent.category.LAUNCHER] cmp=com.example.dogglers/.HorizontalListActivity }, activity.getIntent()=Intent { act=android.intent.action.MAIN cat=[android.intent.category.LAUNCHER] flg=0x10000000 cmp=com.example.dogglers/androidx.test.core.app.InstrumentationActivityInvoker$EmptyActivity }, activity=androidx.test.core.app.InstrumentationActivityInvoker$EmptyActivity@2588fc3
09-25 13:19:28.369  5639  5639 D LifecycleMonitor: Lifecycle status change: androidx.test.core.app.InstrumentationActivityInvoker$EmptyActivity@2588fc3 in: RESUMED
09-25 13:19:28.369  5639  5639 V ActivityScenario: Activity lifecycle changed event received but ignored because the intent does not match. startActivityIntent=Intent { act=android.intent.action.MAIN cat=[android.intent.category.LAUNCHER] cmp=com.example.dogglers/.HorizontalListActivity }, activity.getIntent()=Intent { act=android.intent.action.MAIN cat=[android.intent.category.LAUNCHER] flg=0x10000000 cmp=com.example.dogglers/androidx.test.core.app.InstrumentationActivityInvoker$EmptyActivity }, activity=androidx.test.core.app.InstrumentationActivityInvoker$EmptyActivity@2588fc3
09-25 13:19:28.370  5639  5639 I MSHandlerLifeCycle: check: return. pkg=com.example.dogglers parent=null callers=com.android.internal.policy.DecorView.setVisibility:4412 android.app.ActivityThread.handleResumeActivity:5476 android.app.servertransaction.ResumeActivityItem.execute:54 android.app.servertransaction.ActivityTransactionItem.execute:45 android.app.servertransaction.TransactionExecutor.executeLifecycleState:176
09-25 13:19:28.370  5639  5639 I MSHandlerLifeCycle: removeMultiSplitHandler: no exist. decor=DecorView@b6c00be[]
09-25 13:19:28.371  3108  3230 D EnterpriseDeviceManagerService: isMdmAdminPresentInternal() : MDM Admin Found - com.samsung.knox.securefolder
09-25 13:19:28.371  5639  5729 D NativeCustomFrequencyManager: [NativeCFMS] BpCustomFrequencyManager::BpCustomFrequencyManager()
09-25 13:19:28.372  3108  6266 D InputTransport: Input channel constructed: '3cfa7c7', fd=1144
09-25 13:19:28.372  3108  6266 D InputTransport: Input channel constructed: '3cfa7c7', fd=1162
09-25 13:19:28.372  3108  6266 D InputTransport: Input channel constructed: '3cfa7c7', fd=1239
09-25 13:19:28.373  1914  2140 I SurfaceFlinger: id=162438 createSurf, flag=80004, 3cfa7c7 com.example.dogglers/androidx.test.core.app.InstrumentationActivityInvoker$EmptyActivity#162438
09-25 13:19:28.373  8423  8423 I ActivityUtils: HomePackage : com.sec.android.app.launcher, resumePackageName : com.example.dogglers
09-25 13:19:28.373  3108  4073 D InputDispatcher: Focus request (0): <null> but waiting because NOT_FOCUSABLE
09-25 13:19:28.373  3108  4073 D InputDispatcher: Focus left window (0): e919e40 com.example.dogglers/com.example.dogglers.HorizontalListActivity
09-25 13:19:28.373  3108  6266 D InputTransport: Input channel destroyed: '3cfa7c7', fd=1239
09-25 13:19:28.374  5639  5639 D InsetsController: onStateChanged: InsetsState: {mDisplayFrame=Rect(0, 0 - 1440, 3088), mDisplayCutout=DisplayCutout{insets=Rect(0, 100 - 0, 0) waterfall=Insets{left=0, top=0, right=0, bottom=0} boundingRect={Bounds=[Rect(0, 0 - 0, 0), Rect(685, 0 - 756, 100), Rect(0, 0 - 0, 0), Rect(0, 0 - 0, 0)]} cutoutPathParserInfo={CutoutPathParserInfo{displayWidth=1440 displayHeight=3088 physicalDisplayWidth=1440 physicalDisplayHeight=3088 density={3.75} cutoutSpec={M 0,0 H -9.466666666666667 V 26.66666666666667‬ H 9.466666666666667 V 0 H 0 Z @dp} rotation={0} scale={1.0} physicalPixelDisplaySizeRatio={1.0}}}}, mRoundedCorners=RoundedCorners{[RoundedCorner{position=TopLeft, radius=14, center=Point(14, 14)}, RoundedCorner{position=TopRight, radius=14, center=Point(1426, 14)}, RoundedCorner{position=BottomRight, radius=14, center=Point(1426, 3074)}, RoundedCorner{position=BottomLeft, radius=14, center=Point(14, 3074)}]}  mRoundedCornerFrame=Rect(0, 0 - 1440, 3088), mPrivacyIndicatorBounds=PrivacyIndicatorBounds {static bounds=Rect(1286, 0 - 1440, 100) rotation=0}, mSources= { InsetsSource: {mType=ITYPE_STATUS_BAR, mFrame=[0,0][1440,100], mVisible=true, mInsetsRoundedCornerFrame=false}, InsetsSource: {mType=ITYPE_NAVIGATION_BAR, mFrame=[0,3088][1440,3088], mVisible=true, mInsetsRoundedCornerFrame=false}, InsetsSource: {mType=ITYPE_LEFT_GESTURES, mFrame=[0,0][0,3088], mVisible=true, mInsetsRoundedCornerFrame=false}, InsetsSource: {mType=ITYPE_RIGHT_GESTURES, mFrame=[1440,0][1440,3088], mVisible=true, mInsetsRoundedCornerFrame=false}, InsetsSource: {mType=ITYPE_TOP_MANDATORY_GESTURES, mFrame=[0,0][1440,142], mVisible=true, mInsetsRoundedCornerFrame=false}, InsetsSource: {mType=ITYPE_BOTTOM_MANDATORY_GESTURES, mFrame=[0,3018][1440,3088], mVisible=true, mInsetsRoundedCornerFrame=false}, InsetsSource: {mType=ITYPE_LEFT_DISPLAY_CUTOUT, mFrame=[0,0][-100000,3088], mVisible=true, mInsetsRoundedCornerFrame=false}, InsetsSource: {mType=ITYPE_TOP_DISPLAY_CUTOUT, mFrame=[0,0][1440,100], mVisible=true, mInsetsRoundedCornerFrame=false}, InsetsSource: {mType=ITYPE_RIGHT_DISPLAY_CUTOUT, mFrame=[100000,0][1440,3088], mVisible=true, mInsetsRoundedCornerFrame=false}, InsetsSource: {mType=ITYPE_BOTTOM_DISPLAY_CUTOUT, mFrame=[0,100000][1440,3088], mVisible=true, mInsetsRoundedCornerFrame=false}, InsetsSource: {mType=ITYPE_TOP_TAPPABLE_ELEMENT, mFrame=[0,0][1440,100], mVisible=true, mInsetsRoundedCornerFrame=false}, InsetsSource: {mType=ITYPE_BOTTOM_TAPPABLE_ELEMENT, mFrame=[0,0][0,0], mVisible=true, mInsetsRoundedCornerFrame=false} } host=com.example.dogglers/androidx.test.core.app.InstrumentationActivityInvoker$EmptyActivity from=android.view.ViewRootImpl.setView:1732
09-25 13:19:28.374  3108  6142 I MediaSessionMonitor: Media session stopped : controllerList empty
09-25 13:19:28.375  5639  5639 I ViewRootImpl@7b23635[InstrumentationActivityInvoker$EmptyActivity]: setView = com.android.internal.policy.DecorView@b6c00be TM=true
09-25 13:19:28.375  5639  5639 I MSHandlerLifeCycle: removeMultiSplitHandler: no exist. decor=DecorView@b6c00be[InstrumentationActivityInvoker$EmptyActivity]
09-25 13:19:28.376  3108  3338 D AnalyticsContainerHandler: handleMessage : { when=0 what=1 target=com.android.server.knox.KnoxAnalyticsContainer$AnalyticsHandler }
09-25 13:19:28.377  5639  5639 I ViewRootImpl@7b23635[InstrumentationActivityInvoker$EmptyActivity]: performTraversals params={(0,0)(fillxfill) sim={adjust=pan forwardNavigation} ty=BASE_APPLICATION wanim=0x1030001
09-25 13:19:28.377  5639  5639 I ViewRootImpl@7b23635[InstrumentationActivityInvoker$EmptyActivity]:   fl=1810100
09-25 13:19:28.377  5639  5639 I ViewRootImpl@7b23635[InstrumentationActivityInvoker$EmptyActivity]:   pfl=12020040
09-25 13:19:28.377  5639  5639 I ViewRootImpl@7b23635[InstrumentationActivityInvoker$EmptyActivity]:   bhv=DEFAULT
09-25 13:19:28.377  5639  5639 I ViewRootImpl@7b23635[InstrumentationActivityInvoker$EmptyActivity]:   fitSides= naviIconColor=0}
09-25 13:19:28.377  5639  5639 I ViewRootImpl@7b23635[InstrumentationActivityInvoker$EmptyActivity]: performTraversals mFirst=true windowShouldResize=true viewVisibilityChanged=false mForceNextWindowRelayout=false params={(0,0)(fillxfill) sim={adjust=pan forwardNavigation} ty=BASE_APPLICATION wanim=0x1030001
09-25 13:19:28.377  5639  5639 I ViewRootImpl@7b23635[InstrumentationActivityInvoker$EmptyActivity]:   fl=1810100
09-25 13:19:28.377  5639  5639 I ViewRootImpl@7b23635[InstrumentationActivityInvoker$EmptyActivity]:   pfl=12020040
09-25 13:19:28.377  5639  5639 I ViewRootImpl@7b23635[InstrumentationActivityInvoker$EmptyActivity]:   bhv=DEFAULT
09-25 13:19:28.377  5639  5639 I ViewRootImpl@7b23635[InstrumentationActivityInvoker$EmptyActivity]:   fitSides= naviIconColor=0}
09-25 13:19:28.378  3108  6266 V WindowManager: Relayout Window{3cfa7c7 u0 com.example.dogglers/androidx.test.core.app.InstrumentationActivityInvoker$EmptyActivity}: viewVisibility=0 req=1440x3088 d0
09-25 13:19:28.378  1914  2139 I SurfaceFlinger: id=162439 createSurf, flag=40004, com.example.dogglers/androidx.test.core.app.InstrumentationActivityInvoker$EmptyActivity$_5639#162439
09-25 13:19:28.379  1914  2139 I SurfaceFlinger: id=162440 createSurf, flag=24000, Surface(name=4eb27f5 StatusBar)/@0x43fa543 - animation-leash of insets_animation#162440
09-25 13:19:28.380  1914  2139 I SurfaceFlinger: id=162441 createSurf, flag=24000, Surface(name=d110b4c NavigationBar0)/@0x8bdb781 - animation-leash of insets_animation#162441
09-25 13:19:28.380  3108  6266 V WindowManager: Relayout hash=3cfa7c7, pid=5639, syncId=-1: mAttrs={(0,0)(fillxfill) sim={adjust=pan forwardNavigation} ty=BASE_APPLICATION wanim=0x1030001
09-25 13:19:28.380  3108  6266 V WindowManager:   fl=1810100
09-25 13:19:28.380  3108  6266 V WindowManager:   pfl=12020040
09-25 13:19:28.380  3108  6266 V WindowManager:   bhv=DEFAULT
09-25 13:19:28.380  3108  6266 V WindowManager:   fitSides= naviIconColor=0}
09-25 13:19:28.381  5639  5639 D InsetsController: onStateChanged: InsetsState: {mDisplayFrame=Rect(0, 0 - 1440, 3088), mDisplayCutout=DisplayCutout{insets=Rect(0, 100 - 0, 0) waterfall=Insets{left=0, top=0, right=0, bottom=0} boundingRect={Bounds=[Rect(0, 0 - 0, 0), Rect(685, 0 - 756, 100), Rect(0, 0 - 0, 0), Rect(0, 0 - 0, 0)]} cutoutPathParserInfo={CutoutPathParserInfo{displayWidth=1440 displayHeight=3088 physicalDisplayWidth=1440 physicalDisplayHeight=3088 density={3.75} cutoutSpec={M 0,0 H -9.466666666666667 V 26.66666666666667‬ H 9.466666666666667 V 0 H 0 Z @dp} rotation={0} scale={1.0} physicalPixelDisplaySizeRatio={1.0}}}}, mRoundedCorners=RoundedCorners{[RoundedCorner{position=TopLeft, radius=14, center=Point(14, 14)}, RoundedCorner{position=TopRight, radius=14, center=Point(1426, 14)}, RoundedCorner{position=BottomRight, radius=14, center=Point(1426, 3074)}, RoundedCorner{position=BottomLeft, radius=14, center=Point(14, 3074)}]}  mRoundedCornerFrame=Rect(0, 0 - 1440, 3088), mPrivacyIndicatorBounds=PrivacyIndicatorBounds {static bounds=Rect(1286, 0 - 1440, 100) rotation=0}, mSources= { InsetsSource: {mType=ITYPE_STATUS_BAR, mFrame=[0,0][1440,100], mVisible=true, mInsetsRoundedCornerFrame=false}, InsetsSource: {mType=ITYPE_NAVIGATION_BAR, mFrame=[0,3088][1440,3088], mVisible=true, mInsetsRoundedCornerFrame=false}, InsetsSource: {mType=ITYPE_LEFT_GESTURES, mFrame=[0,0][0,3088], mVisible=true, mInsetsRoundedCornerFrame=false}, InsetsSource: {mType=ITYPE_RIGHT_GESTURES, mFrame=[1440,0][1440,3088], mVisible=true, mInsetsRoundedCornerFrame=false}, InsetsSource: {mType=ITYPE_TOP_MANDATORY_GESTURES, mFrame=[0,0][1440,142], mVisible=true, mInsetsRoundedCornerFrame=false}, InsetsSource: {mType=ITYPE_BOTTOM_MANDATORY_GESTURES, mFrame=[0,3018][1440,3088], mVisible=true, mInsetsRoundedCornerFrame=false}, InsetsSource: {mType=ITYPE_LEFT_DISPLAY_CUTOUT, mFrame=[0,0][-100000,3088], mVisible=true, mInsetsRoundedCornerFrame=false}, InsetsSource: {mType=ITYPE_TOP_DISPLAY_CUTOUT, mFrame=[0,0][1440,100], mVisible=true, mInsetsRoundedCornerFrame=false}, InsetsSource: {mType=ITYPE_RIGHT_DISPLAY_CUTOUT, mFrame=[100000,0][1440,3088], mVisible=true, mInsetsRoundedCornerFrame=false}, InsetsSource: {mType=ITYPE_BOTTOM_DISPLAY_CUTOUT, mFrame=[0,100000][1440,3088], mVisible=true, mInsetsRoundedCornerFrame=false}, InsetsSource: {mType=ITYPE_TOP_TAPPABLE_ELEMENT, mFrame=[0,0][1440,100], mVisible=true, mInsetsRoundedCornerFrame=false}, InsetsSource: {mType=ITYPE_BOTTOM_TAPPABLE_ELEMENT, mFrame=[0,0][0,0], mVisible=true, mInsetsRoundedCornerFrame=false}, InsetsSource: {mType=ITYPE_IME, mFrame=[0,0][0,0], mVisibleFrame=[0,3088][1440,3088], mVisible=false, mInsetsRoundedCornerFrame=false} } host=com.example.dogglers/androidx.test.core.app.InstrumentationActivityInvoker$EmptyActivity from=android.view.ViewRootImpl.relayoutWindow:9802
09-25 13:19:28.381  5639  5639 I ViewRootImpl@7b23635[InstrumentationActivityInvoker$EmptyActivity]: updateBlastSurfaceIfNeeded mBlastBufferQueue=null isSameSurfaceControl=false
09-25 13:19:28.382  5639  5639 I BLASTBufferQueue: new BLASTBufferQueue, mName= ViewRootImpl@7b23635[InstrumentationActivityInvoker$EmptyActivity] mNativeObject= 0xb4000077a1041c00 sc.mNativeObject= 0xb4000077b1d3a4e0 caller= android.view.ViewRootImpl.updateBlastSurfaceIfNeeded:2909 android.view.ViewRootImpl.relayoutWindow:9847 android.view.ViewRootImpl.performTraversals:3884 android.view.ViewRootImpl.doTraversal:3116 android.view.ViewRootImpl$TraversalRunnable.run:10885 android.view.Choreographer$CallbackRecord.run:1301 android.view.Choreographer$CallbackRecord.run:1309 android.view.Choreographer.doCallbacks:923 android.view.Choreographer.doFrame:852 android.view.Choreographer$FrameDisplayEventReceiver.run:1283
09-25 13:19:28.382  5639  5639 I BLASTBufferQueue: update, w= 1440 h= 3088 mName = ViewRootImpl@7b23635[InstrumentationActivityInvoker$EmptyActivity] mNativeObject= 0xb4000077a1041c00 sc.mNativeObject= 0xb4000077b1d3a4e0 format= -1 caller= android.graphics.BLASTBufferQueue.<init>:84 android.view.ViewRootImpl.updateBlastSurfaceIfNeeded:2909 android.view.ViewRootImpl.relayoutWindow:9847 android.view.ViewRootImpl.performTraversals:3884 android.view.ViewRootImpl.doTraversal:3116 android.view.ViewRootImpl$TraversalRunnable.run:10885
09-25 13:19:28.382  5639  5639 I ViewRootImpl@7b23635[InstrumentationActivityInvoker$EmptyActivity]: Relayout returned: old=(0,0,1440,3088) new=(0,0,1440,3088) req=(1440,3088)0 dur=4 res=0x3 s={true 0xb400007718add800} ch=true seqId=0
09-25 13:19:28.382  5639  5639 I ViewRootImpl@7b23635[InstrumentationActivityInvoker$EmptyActivity]: performConfigurationChange setNightDimText nightDimLevel=0
09-25 13:19:28.382  5639  5639 I ViewRootImpl@7b23635[InstrumentationActivityInvoker$EmptyActivity]: mThreadedRenderer.initialize() mSurface={isValid=true 0xb400007718add800} hwInitialized=true
09-25 13:19:28.382  5639  5729 D OpenGLRenderer: eglCreateWindowSurface
09-25 13:19:28.383  5639  5639 I ViewRootImpl@7b23635[InstrumentationActivityInvoker$EmptyActivity]: reportNextDraw android.view.ViewRootImpl.performTraversals:4438 android.view.ViewRootImpl.doTraversal:3116 android.view.ViewRootImpl$TraversalRunnable.run:10885 android.view.Choreographer$CallbackRecord.run:1301 android.view.Choreographer$CallbackRecord.run:1309
09-25 13:19:28.383  5639  5639 I ViewRootImpl@7b23635[InstrumentationActivityInvoker$EmptyActivity]: Setup new sync id=0
09-25 13:19:28.383  5639  5639 I ViewRootImpl@7b23635[InstrumentationActivityInvoker$EmptyActivity]: Setting syncFrameCallback
09-25 13:19:28.383  5639  5639 I ViewRootImpl@7b23635[InstrumentationActivityInvoker$EmptyActivity]: registerCallbacksForSync syncBuffer=false
09-25 13:19:28.384  5639  5772 I ViewRootImpl@7b23635[InstrumentationActivityInvoker$EmptyActivity]: Received frameDrawingCallback syncResult=0 frameNum=1.
09-25 13:19:28.384  5639  5772 I ViewRootImpl@7b23635[InstrumentationActivityInvoker$EmptyActivity]: Setting up sync and frameCommitCallback
09-25 13:19:28.384  5639  5729 I BLASTBufferQueue: [ViewRootImpl@7b23635[InstrumentationActivityInvoker$EmptyActivity]#40](f:0,a:0) onFrameAvailable the first frame is available
09-25 13:19:28.385  5639  5729 I ViewRootImpl@7b23635[InstrumentationActivityInvoker$EmptyActivity]: Received frameCommittedCallback lastAttemptedDrawFrameNum=1 didProduceBuffer=true
09-25 13:19:28.385  5639  5729 D OpenGLRenderer: CFMS:: SetUp Pid : 5639    Tid : 5729
09-25 13:19:28.387  5639  5639 I ViewRootImpl@7b23635[InstrumentationActivityInvoker$EmptyActivity]: onSyncComplete
09-25 13:19:28.387  5639  5639 I ViewRootImpl@7b23635[InstrumentationActivityInvoker$EmptyActivity]: setupSync seqId=0 mSyncId=0 fn=1 caller=android.view.ViewRootImpl$$ExternalSyntheticLambda11.accept:6 android.window.SurfaceSyncer.lambda$setupSync$1$android-window-SurfaceSyncer:128 android.window.SurfaceSyncer$$ExternalSyntheticLambda1.accept:8 android.window.SurfaceSyncer$SyncSet.checkIfSyncIsComplete:382 android.window.SurfaceSyncer$SyncSet.markSyncReady:359 android.window.SurfaceSyncer.markSyncReady:151 android.view.ViewRootImpl.performTraversals:4503
09-25 13:19:28.387  5639  5639 I ViewRootImpl@7b23635[InstrumentationActivityInvoker$EmptyActivity]: reportDrawFinished seqId=0 mSyncId=-1 fn=1 mSurfaceChangedTransaction=0xb4000077a1087d00
09-25 13:19:28.387  5639  5639 I ViewRootImpl@367728b[HorizontalListActivity]: MSG_WINDOW_FOCUS_CHANGED 0 0
09-25 13:19:28.389  1914  1914 I Layer   : id=162432 removedFromDrawingState Surface(name=4eb27f5 StatusBar)/@0x43fa543 - animation-leash of insets_animation#162432 (336)
09-25 13:19:28.389  1914  1914 I Layer   : id=162433 removedFromDrawingState Surface(name=d110b4c NavigationBar0)/@0x8bdb781 - animation-leash of insets_animation#162433 (336)
09-25 13:19:28.389  1914  1914 I SurfaceFlinger: [3cfa7c7 com.example.dogglers/androidx.test.core.app.InstrumentationActivityInvoker$EmptyActivity#162438] FrameRatePriority: 1
09-25 13:19:28.389  3108  3227 I ActivityTaskManager: Displayed com.example.dogglers/androidx.test.core.app.InstrumentationActivityInvoker$EmptyActivity: +39ms
09-25 13:19:28.389  5759  5759 E pageboostd: Received HALT command code 2
09-25 13:19:28.390  3108  6474 D InputDispatcher: Focus request (0): 3cfa7c7 com.example.dogglers/androidx.test.core.app.InstrumentationActivityInvoker$EmptyActivity but waiting because NO_WINDOW
09-25 13:19:28.391  1914  1914 D SurfaceFlinger: Display 4630947093241269891 HWC layers:
09-25 13:19:28.391  1914  1914 D SurfaceFlinger:      DEVICE | 0xb400007af86ec580 | 0102 | RGBA_8888    |    0.0    0.0 1440.0 3088.0 |    0    0 1440 3088 | com.example.dogglers/com.example.dogglers.HorizontalListActivity$_5639#162431
09-25 13:19:28.391  1914  1914 D SurfaceFlinger:      DEVICE | 0xb400007af6c14880 | 0100 | RGBA_8888    |    0.0    0.0 1440.0  100.0 |    0    0 1440  100 | StatusBar$_4768#95
09-25 13:19:28.391  1914  1914 D SurfaceFlinger:      DEVICE | 0xb400007af8705400 | 0100 | RGBA_8888    |    0.0    0.0   67.0  589.0 |    0  562   67 1151 | com.samsung.android.app.cocktailbars[...]vice.CocktailBarService$_8423#156853
09-25 13:19:28.391  1914  1914 D SurfaceFlinger:      DEVICE | 0xb400007af8705500 | 0100 | RGBA_8888    |    0.0    0.0  518.0   48.0 |  922 3040 1440 3088 | SGestureOverlayWindow$_5369#156268
09-25 13:19:28.391  1914  1914 D SurfaceFlinger:      DEVICE | 0xb400007af6c15880 | 0100 | RGBA_8888    |    0.0    0.0 1440.0  168.0 |    0 2920 1440 3088 | NavigationBar0$_4768#92
09-25 13:19:28.391  1914  1914 D SurfaceFlinger:
09-25 13:19:28.391  1914  2139 I SurfaceFlinger: id=162433 Removed Surface(name=d110b4c NavigationBar0)/@0x8bdb781 - animation-leash of insets_animation#162433 (336)
09-25 13:19:28.391  1914  2139 I SurfaceFlinger: id=162432 Removed Surface(name=4eb27f5 StatusBar)/@0x43fa543 - animation-leash of insets_animation#162432 (336)
09-25 13:19:28.392  3108  3146 I SemDvfsHyPerManager: acquire hyper - AMS_RESUME_TAIL/3108@20, type = -999
09-25 13:19:28.392  3108  3146 I SemDvfsHyPerManager: acquire hyper - AMS_ACT_LAZY/3108@21, type = -999
09-25 13:19:28.392  1809  1855 I HYPER-HAL: [RequestManager.cpp]acquire(): Acquired ID : 4893776  [3108 / 20]    HINT : AMS_RESUME_TAIL    list :
09-25 13:19:28.393  1809  1855 I HYPER-HAL: [RequestManager.cpp]acquire(): Acquired ID : 4896906  [3108 / 21]    HINT : AMS_ACT_LAZY    list :
09-25 13:19:28.395  1809  1855 I HYPER-HAL: [RequestManager.cpp]releaseLocked(): Released ID : 4887519
09-25 13:19:28.397  5639  5639 D LifecycleMonitor: Lifecycle status change: androidx.test.core.app.InstrumentationActivityInvoker$BootstrapActivity@51a0033 in: DESTROYED
09-25 13:19:28.397  5639  5639 V ActivityScenario: Activity lifecycle changed event received but ignored because the intent does not match. startActivityIntent=Intent { act=android.intent.action.MAIN cat=[android.intent.category.LAUNCHER] cmp=com.example.dogglers/.HorizontalListActivity }, activity.getIntent()=Intent { act=android.intent.action.MAIN cat=[android.intent.category.LAUNCHER] flg=0x10008000 cmp=com.example.dogglers/androidx.test.core.app.InstrumentationActivityInvoker$BootstrapActivity (has extras) }, activity=androidx.test.core.app.InstrumentationActivityInvoker$BootstrapActivity@51a0033
09-25 13:19:28.397  1914  1914 I Layer   : Layer [com.example.dogglers/androidx.test.core.app.InstrumentationActivityInvoker$EmptyActivity$_5639#162439] hidden!! flag(0)
09-25 13:19:28.397  3108  4073 I SemDvfsHyPerManager: acquire hyper - AMS_ACT_START/3108@18, type = -999
09-25 13:19:28.397  1914  1914 I Layer   : id=162432 Destroyed Surface(name=4eb27f5 StatusBar)/@0x43fa543 - animation-leash of insets_animation#162432
09-25 13:19:28.397  1914  1914 I Layer   : id=162433 Destroyed Surface(name=d110b4c NavigationBar0)/@0x8bdb781 - animation-leash of insets_animation#162433
09-25 13:19:28.397  1809  1855 I HYPER-HAL: [RequestManager.cpp]acquire(): Acquired ID : 4887519  [3108 / 18]    HINT : AMS_ACT_START    list :
09-25 13:19:28.397  3108  3230 I ChimeraSystemEventListener: appLaunchIntent package name is: com.example.dogglers
09-25 13:19:28.398  1914  2139 I SurfaceFlinger: id=162442 createSurf, flag=80004, ActivityRecord{eb62478 u0 com.example.dogglers/androidx.test.core.app.InstrumentationActivityInvoker$EmptyActivity} t7117}#162442
09-25 13:19:28.399  1914  1914 D SurfaceFlinger: Display 4630947093241269891 HWC layers:
09-25 13:19:28.399  1914  1914 D SurfaceFlinger:      DEVICE | 0xb400007aeb26a700 | 0102 | RGBA_8888    |    0.0    0.0 1440.0 3088.0 |    0    0 1440 3088 | com.example.dogglers/androidx.test.c[...]tyInvoker$EmptyActivity$_5639#162439
09-25 13:19:28.399  1914  1914 D SurfaceFlinger:      DEVICE | 0xb400007af6c14880 | 0100 | RGBA_8888    |    0.0    0.0 1440.0  100.0 |    0    0 1440  100 | StatusBar$_4768#95
09-25 13:19:28.399  1914  1914 D SurfaceFlinger:      DEVICE | 0xb400007af8705400 | 0100 | RGBA_8888    |    0.0    0.0   67.0  589.0 |    0  562   67 1151 | com.samsung.android.app.cocktailbars[...]vice.CocktailBarService$_8423#156853
09-25 13:19:28.399  1914  1914 D SurfaceFlinger:      DEVICE | 0xb400007af8705500 | 0100 | RGBA_8888    |    0.0    0.0  518.0   48.0 |  922 3040 1440 3088 | SGestureOverlayWindow$_5369#156268
09-25 13:19:28.399  1914  1914 D SurfaceFlinger:      DEVICE | 0xb400007af6c15880 | 0100 | RGBA_8888    |    0.0    0.0 1440.0  168.0 |    0 2920 1440 3088 | NavigationBar0$_4768#92
09-25 13:19:28.399  1914  1914 D SurfaceFlinger:
09-25 13:19:28.400  3108  6266 D InputDispatcher: Focus entered window (0): 3cfa7c7 com.example.dogglers/androidx.test.core.app.InstrumentationActivityInvoker$EmptyActivity
09-25 13:19:28.400  5639  5639 I ViewRootImpl@7b23635[InstrumentationActivityInvoker$EmptyActivity]: MSG_WINDOW_FOCUS_CHANGED 1 0
09-25 13:19:28.400  5639  5639 I ViewRootImpl@7b23635[InstrumentationActivityInvoker$EmptyActivity]: mThreadedRenderer.initializeIfNeeded()#2 mSurface={isValid=true 0xb400007718add800}
09-25 13:19:28.400  5639  5639 D InputMethodManager: startInputInner - Id : 0
09-25 13:19:28.400  5639  5639 I InputMethodManager: startInputInner - mService.startInputOrWindowGainedFocus
09-25 13:19:28.404  1914  2139 I SurfaceFlinger: id=162443 createSurf, flag=80000, 88631db ActivityRecordInputSink com.example.dogglers/androidx.test.core.app.InstrumentationActivityInvoker$EmptyActivity#162443
09-25 13:19:28.406  5759  5759 E pageboostd: Received HALT command code 2
09-25 13:19:28.406  1914  3193 I SurfaceFlinger: id=162428 Removed ec4c862 ActivityRecordInputSink com.example.dogglers/androidx.test.core.app.InstrumentationActivityInvoker$BootstrapActivity#162428 (336)
09-25 13:19:28.406 21794 21794 I ViewRootImpl@888ef3d[LauncherActivity]: handleAppVisibility mAppVisible = true visible = false
09-25 13:19:28.407  5369  5369 I ViewRootImpl@7533534[LauncherActivity]: handleAppVisibility mAppVisible = true visible = false
09-25 13:19:28.408  4768  5807 D WallpaperService: dispatchAppVisibility onVisibilityChanged(): false
09-25 13:19:28.408  4768  4768 D WallpaperService: reportVisibility onVisibilityChanged visible: false
09-25 13:19:28.408  4768  4880 I ImageWallpaper[GLEngine]:  onVisibilityChanged false , 0
09-25 13:19:28.409  3108  3231 I SemDvfsHyPerManager: acquire hyper - AMS_RESUME_TAIL/3108@20, type = -999
09-25 13:19:28.409  3108  3231 I SemDvfsHyPerManager: acquire hyper - AMS_ACT_LAZY/3108@21, type = -999
09-25 13:19:28.409  1809  1855 I HYPER-HAL: [RequestManager.cpp]acquire(): Acquired ID : 4893776  [3108 / 20]    HINT : AMS_RESUME_TAIL    list :
09-25 13:19:28.409  1809  1855 I HYPER-HAL: [RequestManager.cpp]acquire(): Acquired ID : 4896906  [3108 / 21]    HINT : AMS_ACT_LAZY    list :
09-25 13:19:28.411  3108  6266 D InputMethodManagerService: DESKTOP MODE! : 2
09-25 13:19:28.411  3108  6266 D InputMethodManagerService: NOT IN KNOX DESKTOP MODE!
09-25 13:19:28.411  3108  6266 V InputMethodManagerService: getDisplayIdOfInputMethodWindowToBeAdded: displayId=0
09-25 13:19:28.411  3108  6266 D InputMethodManagerService: isImeSwitcherDisabledPackage : false
09-25 13:19:28.411  3108  3230 D PersonaActivityHelper: Activity not in resumed state, do not run immediate lock
09-25 13:19:28.411  3108  6266 D InputMethodManagerService: checkDisplayOfStartInputAndUpdateKeyboard: displayId=0, mFocusedDisplayId=0
09-25 13:19:28.411  3108  6266 D InputTransport: Input channel constructed: 'ClientS', fd=1249
09-25 13:19:28.411  3108  6266 D InputTransport: Input channel destroyed: 'ClientS', fd=1249
09-25 13:19:28.411  1809  1855 I HYPER-HAL: [RequestManager.cpp]releaseLocked(): Released ID : 4887519
09-25 13:19:28.412  5639  5639 D LifecycleMonitor: Lifecycle status change: androidx.test.core.app.InstrumentationActivityInvoker$EmptyActivity@2588fc3 in: PAUSED
09-25 13:19:28.412  5639  5639 V ActivityScenario: Activity lifecycle changed event received but ignored because the intent does not match. startActivityIntent=Intent { act=android.intent.action.MAIN cat=[android.intent.category.LAUNCHER] cmp=com.example.dogglers/.HorizontalListActivity }, activity.getIntent()=Intent { act=android.intent.action.MAIN cat=[android.intent.category.LAUNCHER] flg=0x10000000 cmp=com.example.dogglers/androidx.test.core.app.InstrumentationActivityInvoker$EmptyActivity }, activity=androidx.test.core.app.InstrumentationActivityInvoker$EmptyActivity@2588fc3
09-25 13:19:28.413  3108  6266 I SemDvfsHyPerManager: acquire hyper - AMS_ACT_RESUME/3108@42, type = -999
09-25 13:19:28.413  1809  1855 I HYPER-HAL: [RequestManager.cpp]acquire(): Acquired ID : 4962867  [3108 / 42]    HINT : AMS_ACT_RESUME    list :
09-25 13:19:28.414   586   586 I GoogleInputMethodService: GoogleInputMethodService.onFinishInput():3267
09-25 13:19:28.414  1914  1914 I Layer   : id=162424 removedFromDrawingState Splash Screen com.example.dogglers$_4768#162424 (336)
09-25 13:19:28.414  1914  1914 I Layer   : id=162422 removedFromDrawingState ActivityRecord{ca35df3 u0 com.example.dogglers/androidx.test.core.app.InstrumentationActivityInvoker$BootstrapActivity} t7117}#162422 (336)
09-25 13:19:28.414  1914  1914 I Layer   : id=162428 removedFromDrawingState ec4c862 ActivityRecordInputSink com.example.dogglers/androidx.test.core.app.InstrumentationActivityInvoker$BootstrapActivity#162428 (336)
09-25 13:19:28.414  1914  1914 I Layer   : id=162426 removedFromDrawingState Surface(name=Task=1)/@0xeddbc98 - animation-leash of app_transition#162426 (336)
09-25 13:19:28.414  1914  1914 I Layer   : Layer [com.example.dogglers/com.example.dogglers.HorizontalListActivity$_5639#162431] hidden!! flag(1)
09-25 13:19:28.414  1914  1914 I Layer   : id=162423 removedFromDrawingState 45af861 Splash Screen com.example.dogglers#162423 (336)
09-25 13:19:28.414  1914  1914 I Layer   : id=162427 removedFromDrawingState Surface(name=Task=7117)/@0xdcd636 - animation-leash of app_transition#162427 (336)
09-25 13:19:28.414  1914  1914 I Layer   : Layer [Splash Screen com.example.dogglers$_4768#162424] hidden!! flag(1)
09-25 13:19:28.414  1914  1914 I Layer   : Layer [com.sec.android.app.launcher/com.sec.android.app.launcher.activities.LauncherActivity$_5369#162376] hidden!! flag(1)
09-25 13:19:28.414  1914  1914 I Layer   : Layer [com.sec.android.app.launcher/com.sec.android.app.launcher.activities.LauncherActivity$_21794#162375] hidden!! flag(1)
09-25 13:19:28.414  1914  1914 I SurfaceFlinger: id=162422 Removed ActivityRecord{ca35df3 u0 com.example.dogglers/androidx.test.core.app.InstrumentationActivityInvoker$BootstrapActivity} t7117}#162422 (336)
09-25 13:19:28.414  1914  1914 I SurfaceFlinger: id=162426 Removed Surface(name=Task=1)/@0xeddbc98 - animation-leash of app_transition#162426 (336)
09-25 13:19:28.414  1914  1914 I SurfaceFlinger: id=162423 Removed 45af861 Splash Screen com.example.dogglers#162423 (336)
09-25 13:19:28.414  1914  1914 I SurfaceFlinger: id=162427 Removed Surface(name=Task=7117)/@0xdcd636 - animation-leash of app_transition#162427 (336)
09-25 13:19:28.414  1914  1914 I SurfaceFlinger: id=162424 Removed Splash Screen com.example.dogglers$_4768#162424 (336)
09-25 13:19:28.414  1914  1914 I Layer   : id=162423 Destroyed 45af861 Splash Screen com.example.dogglers#162423
09-25 13:19:28.414  1914  1914 I Layer   : id=162424 Destroyed Splash Screen com.example.dogglers$_4768#162424
09-25 13:19:28.414   586   586 I GoogleInputMethodService: GoogleInputMethodService.updateDeviceLockedStatus():2097 repeatCheckTimes = 0, locked = false
09-25 13:19:28.414  3108  6266 D InputDispatcher: Focused application(0): ActivityRecord{eb62478 u0 com.example.dogglers/androidx.test.core.app.InstrumentationActivityInvoker$EmptyActivity} t7117}
09-25 13:19:28.414  1914  1914 I Layer   : id=162422 Destroyed ActivityRecord{ca35df3 u0 com.example.dogglers/androidx.test.core.app.InstrumentationActivityInvoker$BootstrapActivity} t7117}#162422
09-25 13:19:28.414  1914  1914 I Layer   : id=162428 Destroyed ec4c862 ActivityRecordInputSink com.example.dogglers/androidx.test.core.app.InstrumentationActivityInvoker$BootstrapActivity#162428
09-25 13:19:28.414   586   586 D InputMethodService: checkFocusedDisplay() display Id 0last 0
09-25 13:19:28.414  1914  1914 I Layer   : id=162426 Destroyed Surface(name=Task=1)/@0xeddbc98 - animation-leash of app_transition#162426
09-25 13:19:28.414  1914  1914 I Layer   : id=162427 Destroyed Surface(name=Task=7117)/@0xdcd636 - animation-leash of app_transition#162427
