09-25 13:19:32.646  5369  5369 I MSHandlerLifeCycle: removeMultiSplitHandler: no exist. decor=DecorView@ac62e93[LauncherActivity]
09-25 13:19:32.647  5369  5752 I SPayUpdater: updateSpayHandler, show = false, defaultPage = false
09-25 13:19:32.647  5369  5369 I BaseActivity: addActivityFlags, flags : 4
09-25 13:19:32.647  5759  5759 E pageboostd: Received HALT command code 2
09-25 13:19:32.647  5369  5369 I Launcher: onDeferredResumed
09-25 13:19:32.647  5369  5369 I InstallShortcutReceiver: flushInstallQueue 0
09-25 13:19:32.647  5369  5369 I Launcher.NotificationListener: registerObserver this is not notificationService!!
09-25 13:19:32.647  5369  5369 I Launcher.NotificationListener: onNotificationFullRefresh
09-25 13:19:32.647  5369  5369 I BadgeCountUpdaterImpl: onNotificationsChangedConnected
09-25 13:19:32.647  5369  5369 W LauncherAppWidgetHost: setShouldListenFlag, mFlags:6 flag:resume on:true isFront:false
09-25 13:19:32.647  5369  5748 I InstallShortcutReceiver: flushQueueInBackground 0
09-25 13:19:32.647  3108  6456 I AppWidgetServiceImpl: startListening callbacks : com.android.internal.appwidget.IAppWidgetHost$Stub$Proxy@a5f82dd
09-25 13:19:32.647  5369  5369 W LauncherAppWidgetHost: startListening, mFlags:15 isFront:false
09-25 13:19:32.647  5369 11129 I WidgetRotationImpl: subscribeWidgetFocus 80
09-25 13:19:32.647  3108  8629 V WindowManager: Relayout Window{294099b u0 com.sec.android.app.launcher/com.sec.android.app.launcher.activities.LauncherActivity}: viewVisibility=0 req=1440x3088 d0
09-25 13:19:32.648  1914  1914 I Layer   : id=162626 removedFromDrawingState ActivityRecord{7478ed7 u0 com.example.dogglers/androidx.test.core.app.InstrumentationActivityInvoker$EmptyActivity} t7122}#162626 (331)
09-25 13:19:32.648  1914  1914 I Layer   : id=162627 removedFromDrawingState 7315e56 ActivityRecordInputSink com.example.dogglers/androidx.test.core.app.InstrumentationActivityInvoker$EmptyActivity#162627 (331)
09-25 13:19:32.648  5369  5369 I Launcher.AppsViewCellLayout: com.android.homescreen.apptray.AppsViewCellLayout{118f2a4 V.ED..... .......D 15341,100-16679,2951}[a=1.0,v=0,sId=11] setAlpha : 1.0
09-25 13:19:32.648  1914  1914 I SurfaceFlinger: id=162626 Removed ActivityRecord{7478ed7 u0 com.example.dogglers/androidx.test.core.app.InstrumentationActivityInvoker$EmptyActivity} t7122}#162626 (331)
09-25 13:19:32.648  1914  1914 I Layer   : id=162626 Destroyed ActivityRecord{7478ed7 u0 com.example.dogglers/androidx.test.core.app.InstrumentationActivityInvoker$EmptyActivity} t7122}#162626
09-25 13:19:32.648  1914  1914 I Layer   : id=162627 Destroyed 7315e56 ActivityRecordInputSink com.example.dogglers/androidx.test.core.app.InstrumentationActivityInvoker$EmptyActivity#162627
09-25 13:19:32.649  6586  6586 I SAMSUNGWALLET: [Hint_PayHintService] onReceive() action=com.sec.android.app.launcher.intent.action.UPDATE_SPAY_HANDLER
09-25 13:19:32.649  5369  5369 W NavigableAppWidgetHostView: setResizeScaleResult() 1068/ 1387 scaleToResize = 1.0(widget id = 34) 5411779 0,0-1068,1387
09-25 13:19:32.650  5369  5369 W NavigableAppWidgetHostView: setResizeScaleResult() 1337/ 457 scaleToResize = 1.0(widget id = 6) 7b4f89c 0,1395-1337,1852
09-25 13:19:32.650  5369  5369 I ViewRootImpl@7533534[LauncherActivity]: performTraversals mFirst=false windowShouldResize=false viewVisibilityChanged=true mForceNextWindowRelayout=false params=null
09-25 13:19:32.650  5369 11129 I IntelligentPlatformManagerImpl: subscribeWidgetFocus() id : 80
09-25 13:19:32.650  1914  4196 I SurfaceFlinger: id=162640 createSurf, flag=40004, com.sec.android.app.launcher/com.sec.android.app.launcher.activities.LauncherActivity$_21794#162640
09-25 13:19:32.650  5639  5639 D LifecycleMonitor: Lifecycle status change: com.example.dogglers.VerticalListActivity@4c6b182 in: STOPPED
09-25 13:19:32.651  5639  5639 V ActivityScenario: Update currentActivityStage to STOPPED, currentActivity=com.example.dogglers.VerticalListActivity@4c6b182
09-25 13:19:32.651  6586  6586 I SAMSUNGWALLET: [Hint_PayHintService] home change, s home : false , default : false , gesture : true , s result : false , prev : false
09-25 13:19:32.652  3108  3143 W System  : A resource failed to call release.
09-25 13:19:32.652  5369  5748 I Launcher.NotificationListener: notificationIsValidForUI : com.microsoft.office.outlook missingTitleAndText : false isGroupHeader : true
09-25 13:19:32.652  5369  5748 I Launcher.NotificationListener: notificationIsValidForUI : com.microsoft.office.outlook missingTitleAndText : false isGroupHeader : false
09-25 13:19:32.652  5369  5748 I Launcher.NotificationListener: Full refresh isConnected : true active size : 1
09-25 13:19:32.653  3108  8629 V WindowManager: Relayout hash=294099b, pid=21794, syncId=-1: mAttrs={(0,0)(fillxfill) gr=LEFT CENTER_HORIZONTAL sim={adjust=resize} layoutInDisplayCutoutMode=shortEdges ty=DRAWN_APPLICATION fmt=TRANSPARENT wanim=0x10302f4 alpha=0.0
09-25 13:19:32.653  3108  8629 V WindowManager:   fl=81850118
09-25 13:19:32.653  3108  8629 V WindowManager:   pfl=16020040
09-25 13:19:32.653  3108  8629 V WindowManager:   bhv=DEFAULT
09-25 13:19:32.653  3108  8629 V WindowManager:   fitSides=
09-25 13:19:32.653  3108  8629 V WindowManager:  dimAmount=0.0 naviIconColor=0}
09-25 13:19:32.653 21794 21794 D InsetsController: onStateChanged: InsetsState: {mDisplayFrame=Rect(0, 0 - 1440, 3088), mDisplayCutout=DisplayCutout{insets=Rect(0, 100 - 0, 0) waterfall=Insets{left=0, top=0, right=0, bottom=0} boundingRect={Bounds=[Rect(0, 0 - 0, 0), Rect(685, 0 - 756, 100), Rect(0, 0 - 0, 0), Rect(0, 0 - 0, 0)]} cutoutPathParserInfo={CutoutPathParserInfo{displayWidth=1440 displayHeight=3088 physicalDisplayWidth=1440 physicalDisplayHeight=3088 density={3.75} cutoutSpec={M 0,0 H -9.466666666666667 V 26.66666666666667‬ H 9.466666666666667 V 0 H 0 Z @dp} rotation={0} scale={1.0} physicalPixelDisplaySizeRatio={1.0}}}}, mRoundedCorners=RoundedCorners{[RoundedCorner{position=TopLeft, radius=14, center=Point(14, 14)}, RoundedCorner{position=TopRight, radius=14, center=Point(1426, 14)}, RoundedCorner{position=BottomRight, radius=14, center=Point(1426, 3074)}, RoundedCorner{position=BottomLeft, radius=14, center=Point(14, 3074)}]}  mRoundedCornerFrame=Rect(0, 0 - 1440, 3088), mPrivacyIndicatorBounds=PrivacyIndicatorBounds {static bounds=Rect(1286, 0 - 1440, 100) rotation=0}, mSources= { InsetsSource: {mType=ITYPE_STATUS_BAR, mFrame=[0,0][1440,100], mVisible=true, mInsetsRoundedCornerFrame=false}, InsetsSource: {mType=ITYPE_NAVIGATION_BAR, mFrame=[0,3088][1440,3088], mVisible=true, mInsetsRoundedCornerFrame=false}, InsetsSource: {mType=ITYPE_LEFT_GESTURES, mFrame=[0,0][0,3088], mVisible=true, mInsetsRoundedCornerFrame=false}, InsetsSource: {mType=ITYPE_RIGHT_GESTURES, mFrame=[1440,0][1440,3088], mVisible=true, mInsetsRoundedCornerFrame=false}, InsetsSource: {mType=ITYPE_TOP_MANDATORY_GESTURES, mFrame=[0,0][1440,142], mVisible=true, mInsetsRoundedCornerFrame=false}, InsetsSource: {mType=ITYPE_BOTTOM_MANDATORY_GESTURES, mFrame=[0,3018][1440,3088], mVisible=true, mInsetsRoundedCornerFrame=false}, InsetsSource: {mType=ITYPE_LEFT_DISPLAY_CUTOUT, mFrame=[0,0][-100000,3088], mVisible=true, mInsetsRoundedCornerFrame=false}, InsetsSource: {mType=ITYPE_TOP_DISPLAY_CUTOUT, mFrame=[0,0][1440,100], mVisible=true, mInsetsRoundedCornerFrame=false}, InsetsSource: {mType=ITYPE_RIGHT_DISPLAY_CUTOUT, mFrame=[100000,0][1440,3088], mVisible=true, mInsetsRoundedCornerFrame=false}, InsetsSource: {mType=ITYPE_BOTTOM_DISPLAY_CUTOUT, mFrame=[0,100000][1440,3088], mVisible=true, mInsetsRoundedCornerFrame=false}, InsetsSource: {mType=ITYPE_TOP_TAPPABLE_ELEMENT, mFrame=[0,0][1440,100], mVisible=true, mInsetsRoundedCornerFrame=false}, InsetsSource: {mType=ITYPE_BOTTOM_TAPPABLE_ELEMENT, mFrame=[0,0][0,0], mVisible=true, mInsetsRoundedCornerFrame=false}, InsetsSource: {mType=ITYPE_IME, mFrame=[0,0][0,0], mVisibleFrame=[0,3088][1440,3088], mVisible=false, mInsetsRoundedCornerFrame=false} } host=com.sec.android.app.launcher/com.sec.android.app.launcher.activities.LauncherActivity from=android.view.ViewRootImpl.relayoutWindow:9802
09-25 13:19:32.654 21794 21794 I ViewRootImpl@888ef3d[LauncherActivity]: updateBlastSurfaceIfNeeded mBlastBufferQueue=null isSameSurfaceControl=false
09-25 13:19:32.654  8174  8566 D KnoxHelper: getActivityList callingUserId: 0, target user: 0
09-25 13:19:32.654  3108  3230 I SemPersonaManager: SecureFolder personaId = 150
09-25 13:19:32.654 21794 21794 I BLASTBufferQueue: new BLASTBufferQueue, mName= ViewRootImpl@888ef3d[LauncherActivity] mNativeObject= 0xb4000077a0e87d00 sc.mNativeObject= 0xb4000077a0f072e0 caller= android.view.ViewRootImpl.updateBlastSurfaceIfNeeded:2909 android.view.ViewRootImpl.relayoutWindow:9847 android.view.ViewRootImpl.performTraversals:3884 android.view.ViewRootImpl.doTraversal:3116 android.view.ViewRootImpl$TraversalRunnable.run:10885 android.view.Choreographer$CallbackRecord.run:1301 android.view.Choreographer$CallbackRecord.run:1309 android.view.Choreographer.doCallbacks:923 android.view.Choreographer.doFrame:852 android.view.Choreographer$FrameDisplayEventReceiver.run:1283
09-25 13:19:32.654  3108  6472 V WindowManager: Relayout Window{c7375dc u0 com.sec.android.app.launcher/com.sec.android.app.launcher.activities.LauncherActivity}: viewVisibility=0 req=1440x3088 d0
09-25 13:19:32.654 21794 21794 I BLASTBufferQueue: update, w= 1440 h= 3088 mName = ViewRootImpl@888ef3d[LauncherActivity] mNativeObject= 0xb4000077a0e87d00 sc.mNativeObject= 0xb4000077a0f072e0 format= -2 caller= android.graphics.BLASTBufferQueue.<init>:84 android.view.ViewRootImpl.updateBlastSurfaceIfNeeded:2909 android.view.ViewRootImpl.relayoutWindow:9847 android.view.ViewRootImpl.performTraversals:3884 android.view.ViewRootImpl.doTraversal:3116 android.view.ViewRootImpl$TraversalRunnable.run:10885
09-25 13:19:32.654  3108  3338 D AnalyticsContainerHandler: handleMessage : { when=0 what=1 target=com.android.server.knox.KnoxAnalyticsContainer$AnalyticsHandler }
09-25 13:19:32.654  1914  4196 I SurfaceFlinger: id=162641 createSurf, flag=40004, com.sec.android.app.launcher/com.sec.android.app.launcher.activities.LauncherActivity$_5369#162641
09-25 13:19:32.654 21794 21794 I ViewRootImpl@888ef3d[LauncherActivity]: Relayout returned: old=(0,0,1440,3088) new=(0,0,1440,3088) req=(1440,3088)0 dur=22 res=0x3 s={true 0xb4000076ebf19800} ch=true seqId=0
09-25 13:19:32.655 15286 15346 I Rubin   : [27752] t9.a.c(SourceFile:1) : Notify com.samsung.android.rubin.inferenceengine.contextanalytics.engine.loggers.d's database is updated.
09-25 13:19:32.655 21794 21794 I dmtd    : (REDACTED) onApplyWindowInsets: systemWindowInsets=%s
09-25 13:19:32.655 21794 21794 I dmtd    : (REDACTED) onApplyWindowInsets: systemWindowInsets=%s
09-25 13:19:32.655 21794 21794 I ViewRootImpl@888ef3d[LauncherActivity]: mThreadedRenderer.initialize() mSurface={isValid=true 0xb4000076ebf19800} hwInitialized=true
09-25 13:19:32.655 21794 13251 D OpenGLRenderer: eglCreateWindowSurface
09-25 13:19:32.656 21794 21794 I ViewRootImpl@888ef3d[LauncherActivity]: reportNextDraw android.view.ViewRootImpl.performTraversals:4438 android.view.ViewRootImpl.doTraversal:3116 android.view.ViewRootImpl$TraversalRunnable.run:10885 android.view.Choreographer$CallbackRecord.run:1301 android.view.Choreographer$CallbackRecord.run:1309
09-25 13:19:32.656 21794 21794 I ViewRootImpl@888ef3d[LauncherActivity]: Setup new sync id=89
09-25 13:19:32.656 21794 21794 I ViewRootImpl@888ef3d[LauncherActivity]: Setting syncFrameCallback
09-25 13:19:32.656 21794 21794 I ViewRootImpl@888ef3d[LauncherActivity]: registerCallbacksForSync syncBuffer=false
09-25 13:19:32.658 21794 13255 I ViewRootImpl@888ef3d[LauncherActivity]: Received frameDrawingCallback syncResult=0 frameNum=1.
09-25 13:19:32.658 21794 13255 I ViewRootImpl@888ef3d[LauncherActivity]: Setting up sync and frameCommitCallback
09-25 13:19:32.659 21794 13251 I BLASTBufferQueue: [ViewRootImpl@888ef3d[LauncherActivity]#89](f:0,a:0) onFrameAvailable the first frame is available
09-25 13:19:32.659 21794 13251 I ViewRootImpl@888ef3d[LauncherActivity]: Received frameCommittedCallback lastAttemptedDrawFrameNum=1 didProduceBuffer=true
09-25 13:19:32.659 21794 21794 I ViewRootImpl@888ef3d[LauncherActivity]: onSyncComplete
09-25 13:19:32.660 21794 21794 I ViewRootImpl@888ef3d[LauncherActivity]: setupSync seqId=0 mSyncId=89 fn=1 caller=android.view.ViewRootImpl$$ExternalSyntheticLambda11.accept:6 android.window.SurfaceSyncer.lambda$setupSync$1$android-window-SurfaceSyncer:128 android.window.SurfaceSyncer$$ExternalSyntheticLambda1.accept:8 android.window.SurfaceSyncer$SyncSet.checkIfSyncIsComplete:382 android.window.SurfaceSyncer$SyncSet.markSyncReady:359 android.window.SurfaceSyncer.markSyncReady:151 android.view.ViewRootImpl.performTraversals:4503
09-25 13:19:32.660 21794 21794 I ViewRootImpl@888ef3d[LauncherActivity]: reportDrawFinished seqId=0 mSyncId=-1 fn=1 mSurfaceChangedTransaction=0xb4000077a0e91c00
09-25 13:19:32.660  3108  3230 D EnterpriseDeviceManagerService: isMdmAdminPresentInternal() : MDM Admin Found - com.samsung.knox.securefolder
09-25 13:19:32.660 21794 21794 I dnan    : onResume
09-25 13:19:32.660 15715 18710 I WindowsLink: (TaskInfoManager) +++++++++++onRecentTaskStackUpdated
09-25 13:19:32.661  1914  3199 I SurfaceFlinger: id=162642 createSurf, flag=24000, Surface(name=4eb27f5 StatusBar)/@0x43fa543 - animation-leash of insets_animation#162642
09-25 13:19:32.663 21756 21756 I gmxl    : (REDACTED) received broadcast: %s
09-25 13:19:32.663 21756 22180 I gmxo    : (REDACTED) received broadcast: %s
09-25 13:19:32.663 21756 22180 I gmsg    : (REDACTED) #onConfigUpdate. requester: %s
09-25 13:19:32.663 21756 22180 I gmsg    : #onConfigUpdate inside sequencer
09-25 13:19:32.663 21756 22180 I gmpa    : (REDACTED) Voice Match (Speaker-id) supported : %b
09-25 13:19:32.663 21756 22180 I gmpa    : (REDACTED) hotword enrollment state is enrolled:  %b, speakerId model exist: %b. Voice Match supported : %b
09-25 13:19:32.663  1914  3199 I SurfaceFlinger: id=162643 createSurf, flag=24000, Surface(name=d110b4c NavigationBar0)/@0x8bdb781 - animation-leash of insets_animation#162643
09-25 13:19:32.663 21756 22180 I gmpa    : (REDACTED) isHotwordAvailable():  %b, isHotwordEnabled() %b
09-25 13:19:32.663 21756 22180 I gmpa    : (REDACTED) isHotwordAvailable():  %b, isHotwordEnabled() %b
09-25 13:19:32.663 21756 22180 I gmpa    : (REDACTED) Hotword enrollment state : %s.
09-25 13:19:32.663 21756 22180 I gmpa    : (REDACTED) Voice Match (Speaker-id) supported : %b
09-25 13:19:32.663 21756 22180 I gmpa    : (REDACTED) Voice Match (Speaker-id) supported : %b
09-25 13:19:32.663 21756 22180 I gmpa    : (REDACTED) hotword enrollment state is enrolled:  %b, speakerId model exist: %b, voice match supported : %b
09-25 13:19:32.663 21756 22180 I gmpa    : (REDACTED) Hotword isNonVoiceMatchHotwordEnabled: %b, isHotwordAvailable : %b, isHotwordEnabled : %b, isVoiceMatchSupported: %b, isHotwordEnrolled: %b.
09-25 13:19:32.663 21756 22180 I gmsg    : (REDACTED) Ignore the legacy hotword request. voice match enabled %b, isHotwordSupported %b, isIncompleteEnrollmentState %b, nonVoiceMatchHotwordEnabled %b
09-25 13:19:32.666  3108  3143 W System  : A resource failed to call release.
09-25 13:19:32.667  3108  6472 V WindowManager: Relayout hash=c7375dc, pid=5369, syncId=-1: mAttrs={(0,0)(fillxfill) sim={adjust=nothing forwardNavigation} layoutInDisplayCutoutMode=shortEdges ty=BASE_APPLICATION fmt=TRANSPARENT wanim=0x10302f4
09-25 13:19:32.667  3108  6472 V WindowManager:   fl=81910100
09-25 13:19:32.667  3108  6472 V WindowManager:   pfl=1e020040
09-25 13:19:32.667  3108  6472 V WindowManager:   vsysui=1700
09-25 13:19:32.667  3108  6472 V WindowManager:   bhv=SHOW_TRANSIENT_BARS_BY_SWIPE
09-25 13:19:32.667  3108  6472 V WindowManager:   fitSides= naviIconColor=0}
09-25 13:19:32.667  5639  5639 I MSHandlerLifeCycle: removeMultiSplitHandler: no exist. decor=DecorView@c9531e8[VerticalListActivity]
09-25 13:19:32.668  5369  5369 I ViewRootImpl@7533534[LauncherActivity]: updateBlastSurfaceIfNeeded mBlastBufferQueue=null isSameSurfaceControl=false
09-25 13:19:32.668  5639  5639 D LifecycleMonitor: Lifecycle status change: com.example.dogglers.VerticalListActivity@4c6b182 in: DESTROYED
09-25 13:19:32.668  8130  8237 I [AirCmd]_MediaControlStateMonitor: isForegroundAppSupportsMediaButton : mediaSession is empty
09-25 13:19:32.668  5639  5639 V ActivityScenario: Update currentActivityStage to DESTROYED, currentActivity=null
09-25 13:19:32.668  5369  5369 I BLASTBufferQueue: new BLASTBufferQueue, mName= ViewRootImpl@7533534[LauncherActivity] mNativeObject= 0xb400007720986880 sc.mNativeObject= 0xb400007720dd92e0 caller= android.view.ViewRootImpl.updateBlastSurfaceIfNeeded:2909 android.view.ViewRootImpl.relayoutWindow:9847 android.view.ViewRootImpl.performTraversals:3884 android.view.ViewRootImpl.doTraversal:3116 android.view.ViewRootImpl$TraversalRunnable.run:10885 android.view.Choreographer$CallbackRecord.run:1301 android.view.Choreographer$CallbackRecord.run:1309 android.view.Choreographer.doCallbacks:923 android.view.Choreographer.doFrame:852 android.view.Choreographer$FrameDisplayEventReceiver.run:1283
09-25 13:19:32.668  5369  5369 I BLASTBufferQueue: update, w= 1440 h= 3088 mName = ViewRootImpl@7533534[LauncherActivity] mNativeObject= 0xb400007720986880 sc.mNativeObject= 0xb400007720dd92e0 format= -2 caller= android.graphics.BLASTBufferQueue.<init>:84 android.view.ViewRootImpl.updateBlastSurfaceIfNeeded:2909 android.view.ViewRootImpl.relayoutWindow:9847 android.view.ViewRootImpl.performTraversals:3884 android.view.ViewRootImpl.doTraversal:3116 android.view.ViewRootImpl$TraversalRunnable.run:10885
09-25 13:19:32.669  5639  5703 E TestRunner: failed: vertical_scrolling(com.example.dogglers.VerticalListTests)
09-25 13:19:32.669  5369  5369 I ViewRootImpl@7533534[LauncherActivity]: Relayout returned: old=(0,0,1440,3088) new=(0,0,1440,3088) req=(1440,3088)0 dur=18 res=0x3 s={true 0xb4000077206f5000} ch=true seqId=0
09-25 13:19:32.669  5639  5703 E TestRunner: ----- begin exception -----
09-25 13:19:32.669  5369  5369 I ViewRootImpl@7533534[LauncherActivity]: mThreadedRenderer.initialize() mSurface={isValid=true 0xb4000077206f5000} hwInitialized=true
09-25 13:19:32.669  8130  8237 I [AirCmd]_MediaControlStateMonitor: active Notification List is null
09-25 13:19:32.669  8130  8237 I [AirCmd]_PenActionRule: getAction : get default action data from remote action because pen action data is null.
09-25 13:19:32.669  8130  8237 I [AirCmd]_ButtonActionDetector: enableDoubleClickDetection: enabled=true, doubleClickWaitInterval=300
09-25 13:19:32.669  8130  8237 I [AirCmd]_RemoteSpenMainController: onSwitch : package is com.sec.android.app.launcher   and activity is com.android.launcher3.uioverrides.QuickstepLauncher and isBleConnected is false and hasActions is false
09-25 13:19:32.669  5639  5639 I MSHandlerLifeCycle: removeMultiSplitHandler: no exist. decor=DecorView@c9531e8[VerticalListActivity]
09-25 13:19:32.670  5369  5369 I ViewRootImpl@7533534[LauncherActivity]: reportNextDraw android.view.ViewRootImpl.performTraversals:4438 android.view.ViewRootImpl.doTraversal:3116 android.view.ViewRootImpl$TraversalRunnable.run:10885 android.view.Choreographer$CallbackRecord.run:1301 android.view.Choreographer$CallbackRecord.run:1309
09-25 13:19:32.670  5369  5369 I ViewRootImpl@7533534[LauncherActivity]: Setup new sync id=927
09-25 13:19:32.670  5369  5369 I ViewRootImpl@7533534[LauncherActivity]: Setting syncFrameCallback
09-25 13:19:32.670  5369  5369 I ViewRootImpl@7533534[LauncherActivity]: registerCallbacksForSync syncBuffer=false
09-25 13:19:32.670  5369  8863 I TouchInteractionService: onSystemUiStateChanged, stateFlags : 48 |a11y_click|a11y_long_click|
09-25 13:19:32.673  1914  1914 I Layer   : id=162637 removedFromDrawingState Surface(name=4eb27f5 StatusBar)/@0x43fa543 - animation-leash of insets_animation#162637 (333)
09-25 13:19:32.673  1914  1914 I Layer   : id=162638 removedFromDrawingState Surface(name=d110b4c NavigationBar0)/@0x8bdb781 - animation-leash of insets_animation#162638 (333)
09-25 13:19:32.673  1914  1914 I SurfaceFlinger: [c7375dc com.sec.android.app.launcher/com.sec.android.app.launcher.activities.LauncherActivity#176] FrameRatePriority: 1
09-25 13:19:32.674  5639  5703 E TestRunner: androidx.test.espresso.NoMatchingViewException: No views in hierarchy found matching: an instance of android.widget.TextView and view.getText() with or without transformation to match: is "Faye"
09-25 13:19:32.674  5639  5703 E TestRunner:
09-25 13:19:32.674  5639  5703 E TestRunner: View Hierarchy:
09-25 13:19:32.674  5639  5703 E TestRunner: +>DecorView{id=-1, visibility=VISIBLE, width=1440, height=3088, has-focus=false, has-focusable=true, has-window-focus=true, is-clickable=false, is-enabled=true, is-focused=false, is-focusable=false, is-layout-requested=false, is-selected=false, layout-params={(0,0)(fillxfill) ty=BASE_APPLICATION wanim=0x1030309
09-25 13:19:32.674  5639  5703 E TestRunner:   fl=81810100
09-25 13:19:32.674  5639  5703 E TestRunner:   pfl=10020040
09-25 13:19:32.674  5639  5703 E TestRunner:   bhv=DEFAULT
09-25 13:19:32.674  5639  5703 E TestRunner:   fitSides= naviIconColor=0}, tag=null, root-is-layout-requested=false, has-input-connection=false, x=0.0, y=0.0, child-count=2}
09-25 13:19:32.674  5639  5703 E TestRunner: |
09-25 13:19:32.674  5639  5703 E TestRunner: +->LinearLayout{id=-1, visibility=VISIBLE, width=1440, height=3088, has-focus=false, has-focusable=true, has-window-focus=true, is-clickable=false, is-enabled=true, is-focused=false, is-focusable=false, is-layout-requested=false, is-selected=false, layout-params=android.widget.FrameLayout$LayoutParams@7acf4aa, tag=null, root-is-layout-requested=false, has-input-connection=false, x=0.0, y=0.0, child-count=2}
09-25 13:19:32.674  5639  5703 E TestRunner: |
09-25 13:19:32.674  5639  5703 E TestRunner: +-->ViewStub{id=16908743, res-name=action_mode_bar_stub, visibility=GONE, width=0, height=0, has-focus=false, has-focusable=false, has-window-focus=true, is-clickable=false, is-enabled=true, is-focused=false, is-focusable=false, is-layout-requested=true, is-selected=false, layout-params=android.widget.LinearLayout$LayoutParams@cac289b, tag=null, root-is-layout-requested=false, has-input-connection=false, x=0.0, y=0.0}
09-25 13:19:32.674  5639  5703 E TestRunner: |
09-25 13:19:32.674  5639  5703 E TestRunner: +-->FrameLayout{id=-1, visibility=VISIBLE, width=1440, height=2988, has-focus=false, has-focusable=true, has-window-focus=true, is-clickable=false, is-enabled=true, is-focused=false, is-focusable=false, is-layout-requested=false, is-selected=false, layout-params=android.widget.LinearLayout$LayoutParams@c8eb438, tag=null, root-is-layout-requested=false, has-input-connection=false, x=0.0, y=100.0, child-count=1}
09-25 13:19:32.674  5639  5703 E TestRunner: |
09-25 13:19:32.674  5639  5703 E TestRunner: +--->ActionBarOverlayLayout{id=2131230866, res-name=decor_content_parent, visibility=VISIBLE, width=1440, height=2988, has-focus=false, has-focusable=true, has-window-focus=true, is-clickable=false, is-enabled=true, is-focused=false, is-focusable=false, is-layout-requested=false, is-selected=false, layout-params=android.widget.FrameLayout$LayoutParams@efbfc11, tag=null, root-is-layout-requested=false, has-input-connection=false, x=0.0, y=0.0, child-count=2}
09-25 13:19:32.674  5639  5703 E TestRunner: |
09-25 13:19:32.674  5639  5703 E TestRunner: +---->ContentFrameLayout{id=16908290, res-name=content, visibility=VISIBLE, width=1440, height=2792, has-focus=false, has-focusable=true, has-window-focus=true, is-clickable=false, is-enabled=true, is-focused=false, is-focusable=false, is-layout-requested=false, is-selected=false, layout-params=androidx.appcompat.widget.ActionBarOverlayLayout$LayoutParams@e3db176, tag=null, root-is-layout-requested=false, has-input-connection=false, x=0.0, y=196.0, child-count=1}
09-25 13:19:32.674  5639  5703 E TestRunner: |
09-25 13:19:32.674  5639  5703 E TestRunner: +----->FrameLayout{id=-1, visibility=VISIBLE, width=1440, height=2792, has-focus=false, has-focusable=true, has-window-focus=true, is-clickable=false, is-enabled=true, is-focused=false, is-focusable=false, is-layout-requested=false, is-selected=false, layout-params=android.widget.FrameLayout$LayoutParams@39ab377, tag=null, root-is-layout-requested=false, has-input-connection=false, x=0.0, y=0.0, child-count=1}
09-25 13:19:32.674  5639  5703 E TestRunner: |
09-25 13:19:32.674  5639  5703 E TestRunner: +------>RecyclerView{id=2131231206, res-name=vertical_recycler_view, visibility=VISIBLE, width=1440, height=2792, has-focus=false, has-focusable=true, has-window-focus=true, is-clickable=false, is-enabled=true, is-focused=false, is-focusable=true, is-layout-requested=false, is-selected=false, layout-params=android.widget.FrameLayout$LayoutParams@96dbe4, tag=null, root-is-layout-requested=false, has-input-connection=false, x=0.0, y=0.0, child-count=3}
09-25 13:19:32.674  5639  5703 E TestRunner: |
09-25 13:19:32.674  3108  3146 D InputDispatcher: Focus request (0): c7375dc com.sec.android.app.launcher/com.sec.android.app.launcher.activities.LauncherActivity but waiting because NO_WINDOW
09-25 13:19:32.674  5639  5703 E TestRunner: +------->MaterialCardView{id=-1, visibility=VISIBLE, width=1384, height=1284, has-focus=false, has-focusable=false, has-window-focus=true, is-clickable=false, is-enabled=true, is-focused=false, is-focusable=false, is-layout-requested=false, is-selected=false, layout-params=androidx.recyclerview.widget.RecyclerView$LayoutParams@d93484d, tag=null, root-is-layout-requested=false, has-input-connection=false, x=28.0, y=28.0, is-checked=false, child-count=1}
09-25 13:19:32.674  5639  5703 E TestRunner: |
09-25 13:19:32.674  5639  5703 E TestRunner: +-------->ConstraintLayout{id=-1, visibility=VISIBLE, width=1384, height=1284, has-focus=false, has-focusable=false, has-window-focus=true, is-clickable=false, is-enabled=true, is-focused=false, is-focusable=false, is-layout-requested=false, is-selected=false, layout-params=android.widget.FrameLayout$LayoutParams@4b6f02, tag=null, root-is-layout-requested=false, has-input-connection=false, x=0.0, y=0.0, child-count=4}
09-25 13:19:32.674  5639  5703 E TestRunner: |
09-25 13:19:32.674  5639  5703 E TestRunner: +--------->AppCompatImageView{id=2131230964, res-name=item_image, visibility=VISIBLE, width=1384, height=679, has-focus=false, has-focusable=false, has-window-focus=true, is-clickable=false, is-enabled=true, is-focused=false, is-focusable=false, is-layout-requested=false, is-selected=false, layout-params=androidx.constraintlayout.widget.ConstraintLayout$LayoutParams@97d1013, tag=null, root-is-layout-requested=false, has-input-connection=false, x=0.0, y=0.0}
09-25 13:19:32.674  5639  5703 E TestRunner: |
09-25 13:19:32.674  5639  5703 E TestRunner: +--------->MaterialTextView{id=2131230965, res-name=item_title, visibility=VISIBLE, width=350, height=215, has-focus=false, has-focusable=false, has-window-focus=true, is-clickable=false, is-enabled=true, is-focused=false, is-focusable=false, is-layout-requested=false, is-selected=false, layout-params=androidx.constraintlayout.widget.ConstraintLayout$LayoutParams@6d7d250, tag=null, root-is-layout-requested=false, has-input-connection=false, x=0.0, y=679.0, text=Tzeitel, input-type=0, ime-target=false, has-links=false}
09-25 13:19:32.674  5639  5703 E TestRunner: |
09-25 13:19:32.674  5639  5703 E TestRunner: +--------->MaterialTextView{id=2131230962, res-name=item_age, visibility=VISIBLE, width=297, height=195, has-focus=false, has-focusable=false, has-window-focus=true, is-clickable=false, is-enabled=true, is-focused=false, is-focusable=false, is-layout-requested=false, is-selected=false, layout-params=androidx.constraintlayout.widget.ConstraintLayout$LayoutParams@5d91c49, tag=null, root-is-layout-requested=false, has-input-connection=false, x=0.0, y=894.0, text=Age: 7, input-type=0, ime-target=false, has-links=false}
09-25 13:19:32.674  5639  5703 E TestRunner: |
09-25 13:19:32.674  5639  5703 E TestRunner: +--------->MaterialTextView{id=2131230963, res-name=item_hobbies, visibility=VISIBLE, width=715, height=195, has-focus=false, has-focusable=false, has-window-focus=true, is-clickable=false, is-enabled=true, is-focused=false, is-focusable=false, is-layout-requested=false, is-selected=false, layout-params=androidx.constraintlayout.widget.ConstraintLayout$LayoutParams@d85794e, tag=null, root-is-layout-requested=false, has-input-connection=false, x=0.0, y=1089.0, text=Hobbies: sunbathing, input-type=0, ime-target=false, has-links=false}
09-25 13:19:32.674  5639  5703 E TestRunner: |
09-25 13:19:32.674  5639  5703 E TestRunner: +------->MaterialCardView{id=-1, visibility=VISIBLE, width=1384, height=1284, has-focus=false, has-focusable=false, has-window-focus=true, is-clickable=false, is-enabled=true, is-focused=false, is-focusable=false, is-layout-requested=false, is-selected=false, layout-params=androidx.recyclerview.widget.RecyclerView$LayoutParams@d1e9a6f, tag=null, root-is-layout-requested=false, has-input-connection=false, x=28.0, y=1368.0, is-checked=false, child-count=1}
09-25 13:19:32.674  5639  5703 E TestRunner: |
09-25 13:19:32.674  5639  5703 E TestRunner: +-------->ConstraintLayout{id=-1, visibility=VISIBLE, width=1384, height=1284, has-focus=false, has-focusable=false, has-window-focus=true, is-clickable=false, is-enabled=true, is-focused=false, is-focusable=false, is-layout-requested=false, is-selected=false, layout-params=android.widget.FrameLayout$LayoutParams@9efc37c, tag=null, root-is-layout-requested=false, has-input-connection=false, x=0.0, y=0.0, child-count=4}
09-25 13:19:32.674  5639  5703 E TestRunner: |
09-25 13:19:32.675  5639  5703 E TestRunner: +--------->AppCompatImageView{id=2131230964, res-name=item_image, visibility=VISIBLE, width=1384, height=679, has-focus=false, has-focusable=false, has-window-focus=true, is-clickable=false, is-enabled=true, is-focused=false, is-focusable=false, is-layout-requested=false, is-selected=false, layout-params=androidx.constraintlayout.widget.ConstraintLayout$LayoutParams@68e3405, tag=null, root-is-layout-requested=false, has-input-connection=false, x=0.0, y=0.0}
09-25 13:19:32.675  5639  5703 E TestRunner: |
09-25 13:19:32.675  5639  5703 E TestRunner: +--------->MaterialTextView{id=2131230965, res-name=item_title, visibility=VISIBLE, width=308, height=215, has-focus=false, has-focusable=false, has-window-focus=true, is-clickable=false, is-enabled=true, is-focused=false, is-focusable=false, is-layout-requested=false, is-selected=false, layout-params=androidx.constraintlayout.widget.ConstraintLayout$LayoutParams@f43dc5a, tag=null, root-is-layout-requested=false, has-input-connection=false, x=0.0, y=679.0, text=Leroy, input-type=0, ime-target=false, has-links=false}
09-25 13:19:32.675  5639  5703 E TestRunner: |
09-25 13:19:32.675  5639  5703 E TestRunner: +--------->MaterialTextView{id=2131230962, res-name=item_age, visibility=VISIBLE, width=297, height=195, has-focus=false, has-focusable=false, has-window-focus=true, is-clickable=false, is-enabled=true, is-focused=false, is-focusable=false, is-layout-requested=false, is-selected=false, layout-params=androidx.constraintlayout.widget.ConstraintLayout$LayoutParams@4a46e8b, tag=null, root-is-layout-requested=false, has-input-connection=false, x=0.0, y=894.0, text=Age: 4, input-type=0, ime-target=false, has-links=false}
09-25 13:19:32.675  5639  5703 E TestRunner: |
09-25 13:19:32.675  5639  5703 E TestRunner: +--------->MaterialTextView{id=2131230963, res-name=item_hobbies, visibility=VISIBLE, width=1243, height=195, has-focus=false, has-focusable=false, has-window-focus=true, is-clickable=false, is-enabled=true, is-focused=false, is-focusable=false, is-layout-requested=false, is-selected=false, layout-params=androidx.constraintlayout.widget.ConstraintLayout$LayoutParams@e339b68, tag=null, root-is-layout-requested=false, has-input-connection=false, x=0.0, y=1089.0, text=Hobbies: sleeping in dangerous places, input-type=0, ime-target=false, has-links=false}
09-25 13:19:32.675  5639  5703 E TestRunner: |
09-25 13:19:32.675  5639  5703 E TestRunner: +------->MaterialCardView{id=-1, visibility=VISIBLE, width=1384, height=1284, has-focus=false, has-focusable=false, has-window-focus=true, is-clickable=false, is-enabled=true, is-focused=false, is-focusable=false, is-layout-requested=false, is-selected=false, layout-params=androidx.recyclerview.widget.RecyclerView$LayoutParams@fc30b81, tag=null, root-is-layout-requested=false, has-input-connection=false, x=28.0, y=2708.0, is-checked=false, child-count=1}
09-25 13:19:32.675  5639  5703 E TestRunner: |
09-25 13:19:32.675  5639  5703 E TestRunner: +-------->ConstraintLayout{id=-1, visibility=VISIBLE, width=1384, height=1284, has-focus=false, has-focusable=false, has-window-focus=true, is-clickable=false, is-enabled=true, is-focused=false, is-focusable=false, is-layout-requested=false, is-selected=false, layout-params=android.widget.FrameLayout$LayoutParams@a536426, tag=null, root-is-layout-requested=false, has-input-connection=false, x=0.0, y=0.0, child-count=4}
09-25 13:19:32.675  5639  5703 E TestRunner: |
09-25 13:19:32.675  5639  5703 E TestRunner: +--------->AppCompatImageView{id=2131230964, res-name=item_image, visibility=VISIBLE, width=1384, height=679, has-focus=false, has-focusable=false, has-window-focus=true, is-clickable=false, is-enabled=true, is-focused=false, is-focusable=false, is-layout-requested=false, is-selected=false, layout-params=androidx.constraintlayout.widget.ConstraintLayout$LayoutParams@9696867, tag=null, root-is-layout-requested=false, has-input-connection=false, x=0.0, y=0.0}
09-25 13:19:32.675  5639  5703 E TestRunner: |
09-25 13:19:32.675  5639  5703 E TestRunner: +--------->MaterialTextView{id=2131230965, res-name=item_title, visibility=VISIBLE, width=372, height=215, has-focus=false, has-focusable=false, has-window-focus=true, is-clickable=false, is-enabled=true, is-focused=false, is-focusable=false, is-layout-requested=false, is-selected=false, layout-params=androidx.constraintlayout.widget.ConstraintLayout$LayoutParams@65b0614, tag=null, root-is-layout-requested=false, has-input-connection=false, x=0.0, y=679.0, text=Frankie, input-type=0, ime-target=false, has-links=false}
09-25 13:19:32.675  5639  5703 E TestRunner: |
09-25 13:19:32.675  5639  5703 E TestRunner: +--------->MaterialTextView{id=2131230962, res-name=item_age, visibility=VISIBLE, width=297, height=195, has-focus=false, has-focusable=false, has-window-focus=true, is-clickable=false, is-enabled=true, is-focused=false, is-focusable=false, is-layout-requested=false, is-selected=false, layout-params=androidx.constraintlayout.widget.ConstraintLayout$LayoutParams@813debd, tag=null, root-is-layout-requested=false, has-input-connection=false, x=0.0, y=894.0, text=Age: 2, input-type=0, ime-target=false, has-links=false}
09-25 13:19:32.675  5639  5703 E TestRunner: |
09-25 13:19:32.675  5639  5703 E TestRunner: +--------->MaterialTextView{id=2131230963, res-name=item_hobbies, visibility=VISIBLE, width=811, height=195, has-focus=false, has-focusable=false, has-window-focus=true, is-clickable=false, is-enabled=true, is-focused=false, is-focusable=false, is-layout-requested=false, is-selected=false, layout-params=androidx.constraintlayout.widget.ConstraintLayout$LayoutParams@1819cb2, tag=null, root-is-layout-requested=false, has-input-connection=false, x=0.0, y=1089.0, text=Hobbies: stealing socks, input-type=0, ime-target=false, has-links=false}
09-25 13:19:32.675  5639  5703 E TestRunner: |
09-25 13:19:32.675  5639  5703 E TestRunner: +---->ActionBarContainer{id=2131230774, res-name=action_bar_container, visibility=VISIBLE, width=1440, height=196, has-focus=false, has-focusable=false, has-window-focus=true, is-clickable=false, is-enabled=true, is-focused=false, is-focusable=false, is-layout-requested=false, is-selected=false, layout-params=androidx.appcompat.widget.ActionBarOverlayLayout$LayoutParams@6ec6f80, tag=null, root-is-layout-requested=false, has-input-connection=false, x=0.0, y=0.0, child-count=2}
09-25 13:19:32.675  5639  5703 E TestRunner: |
09-25 13:19:32.675  5639  5703 E TestRunner: +----->Toolbar{id=2131230772, res-name=action_bar, visibility=VISIBLE, width=1440, height=196, has-focus=false, has-focusable=false, has-window-focus=true, is-clickable=false, is-enabled=true, is-focused=false, is-focusable=false, is-layout-requested=false, is-selected=false, layout-params=android.widget.FrameLayout$LayoutParams@9a4a9b9, tag=null, root-is-layout-requested=false, has-input-connection=false, x=0.0, y=0.0, child-count=3}
09-25 13:19:32.675  5639  5703 E TestRunner: |
09-25 13:19:32.675  5639  5703 E TestRunner: +------>AppCompatTextView{id=-1, visibility=VISIBLE, width=283, height=93, has-focus=false, has-focusable=false, has-window-focus=true, is-clickable=false, is-enabled=true, is-focused=false, is-focusable=false, is-layout-requested=false, is-selected=false, layout-params=androidx.appcompat.widget.Toolbar$LayoutParams@4e8d1fe, tag=null, root-is-layout-requested=false, has-input-connection=false, x=252.0, y=51.0, text=Dogglers, input-type=0, ime-target=false, has-links=false}
09-25 13:19:32.675  5639  5703 E TestRunner: |
09-25 13:19:32.675  5639  5703 E TestRunner: +------>AppCompatImageButton{id=-1, desc=Navigate up, visibility=VISIBLE, width=196, height=196, has-focus=false, has-focusable=false, has-window-focus=true, is-clickable=true, is-enabled=true, is-focused=false, is-focusable=true, is-layout-requested=false, is-selected=false, layout-params=androidx.appcompat.widget.Toolbar$LayoutParams@f90fd5f, tag=null, root-is-layout-requested=false, has-input-connection=false, x=0.0, y=0.0}
09-25 13:19:32.675  5639  5703 E TestRunner: |
09-25 13:19:32.675  5639  5703 E TestRunner: +------>ActionMenuView{id=-1, visibility=VISIBLE, width=0, height=196, has-focus=false, has-focusable=false, has-window-focus=true, is-clickable=false, is-enabled=true, is-focused=false, is-focusable=false, is-layout-requested=false, is-selected=false, layout-params=androidx.appcompat.widget.Toolbar$LayoutParams@46903ac, tag=null, root-is-layout-requested=false, has-input-connection=false, x=1440.0, y=0.0, child-count=0}
09-25 13:19:32.675  5639  5703 E TestRunner: |
09-25 13:19:32.675  5639  5703 E TestRunner: +----->ActionBarContextView{id=2131230780, res-name=action_context_bar, visibility=GONE, width=0, height=0, has-focus=false, has-focusable=false, has-window-focus=true, is-clickable=false, is-enabled=true, is-focused=false, is-focusable=false, is-layout-requested=true, is-selected=false, layout-params=android.widget.FrameLayout$LayoutParams@2dd2875, tag=null, root-is-layout-requested=false, has-input-connection=false, x=0.0, y=0.0, child-count=0}
09-25 13:19:32.675  5639  5703 E TestRunner: |
09-25 13:19:32.675  5639  5703 E TestRunner: +->View{id=16908335, res-name=statusBarBackground, visibility=VISIBLE, width=1440, height=100, has-focus=false, has-focusable=false, has-window-focus=true, is-clickable=false, is-enabled=true, is-focused=false, is-focusable=false, is-layout-requested=false, is-selected=false, layout-params=android.widget.FrameLayout$LayoutParams@9fc100a, tag=null, root-is-layout-requested=false, has-input-connection=false, x=0.0, y=0.0}
09-25 13:19:32.675  5639  5703 E TestRunner: 	at dalvik.system.VMStack.getThreadStackTrace(Native Method)
09-25 13:19:32.675  5639  5703 E TestRunner: 	at java.lang.Thread.getStackTrace(Thread.java:1841)
09-25 13:19:32.675  5639  5703 E TestRunner: 	at androidx.test.espresso.base.DefaultFailureHandler.getUserFriendlyError(DefaultFailureHandler.java:12)
09-25 13:19:32.675  5639  5703 E TestRunner: 	at androidx.test.espresso.base.DefaultFailureHandler.handle(DefaultFailureHandler.java:7)
09-25 13:19:32.675  5639  5703 E TestRunner: 	at androidx.test.espresso.ViewInteraction.waitForAndHandleInteractionResults(ViewInteraction.java:8)
09-25 13:19:32.675  5639  5703 E TestRunner: 	at androidx.test.espresso.ViewInteraction.check(ViewInteraction.java:12)
09-25 13:19:32.675  5639  5703 E TestRunner: 	at com.example.dogglers.VerticalListTests.vertical_scrolling(VerticalListTests.kt:56)
09-25 13:19:32.675  5639  5703 E TestRunner: 	at java.lang.reflect.Method.invoke(Native Method)
09-25 13:19:32.675  5639  5703 E TestRunner: 	at org.junit.runners.model.FrameworkMethod$1.runReflectiveCall(FrameworkMethod.java:50)
09-25 13:19:32.675  5639  5703 E TestRunner: 	at org.junit.internal.runners.model.ReflectiveCallable.run(ReflectiveCallable.java:12)
09-25 13:19:32.675  5639  5703 E TestRunner: 	at org.junit.runners.model.FrameworkMethod.invokeExplosively(FrameworkMethod.java:47)
09-25 13:19:32.675  5639  5703 E TestRunner: 	at org.junit.internal.runners.statements.InvokeMethod.evaluate(InvokeMethod.java:17)
09-25 13:19:32.675  5639  5703 E TestRunner: 	at org.junit.rules.ExternalResource$1.evaluate(ExternalResource.java:48)
09-25 13:19:32.675  5639  5703 E TestRunner: 	at org.junit.rules.RunRules.evaluate(RunRules.java:20)
09-25 13:19:32.675  5639  5703 E TestRunner: 	at org.junit.runners.ParentRunner.runLeaf(ParentRunner.java:325)
09-25 13:19:32.675  5639  5703 E TestRunner: 	at org.junit.runners.BlockJUnit4ClassRunner.runChild(BlockJUnit4ClassRunner.java:78)
09-25 13:19:32.675  5639  5703 E TestRunner: 	at org.junit.runners.BlockJUnit4ClassRunner.runChild(BlockJUnit4ClassRunner.java:57)
09-25 13:19:32.675  5639  5703 E TestRunner: 	at org.junit.runners.ParentRunner$3.run(ParentRunner.java:290)
09-25 13:19:32.675  5639  5703 E TestRunner: 	at org.junit.runners.ParentRunner$1.schedule(ParentRunner.java:71)
09-25 13:19:32.675  5639  5703 E TestRunner: 	at org.junit.runners.ParentRunner.runChildren(ParentRunner.java:288)
09-25 13:19:32.675  5639  5703 E TestRunner: 	at org.junit.runners.ParentRunner.access$000(ParentRunner.java:58)
09-25 13:19:32.675  5639  5703 E TestRunner: 	at org.junit.runners.ParentRunner$2.evaluate(ParentRunner.java:268)
09-25 13:19:32.675  5639  5703 E TestRunner: 	at org.junit.runners.ParentRunner.run(ParentRunner.java:363)
09-25 13:19:32.675  5639  5703 E TestRunner: 	at androidx.test.ext.junit.runners.AndroidJUnit4.run(AndroidJUnit4.java:162)
09-25 13:19:32.675  5639  5703 E TestRunner: 	at org.junit.runners.Suite.runChild(Suite.java:128)
09-25 13:19:32.675  5639  5703 E TestRunner: 	at org.junit.runners.Suite.runChild(Suite.java:27)
09-25 13:19:32.675  5639  5703 E TestRunner: 	at org.junit.runners.ParentRunner$3.run(ParentRunner.java:290)
09-25 13:19:32.675  5639  5703 E TestRunner: 	at org.junit.runners.ParentRunner$1.schedule(ParentRunner.java:71)
09-25 13:19:32.675  5639  5703 E TestRunner: 	at org.junit.runners.ParentRunner.runChildren(ParentRunner.java:288)
09-25 13:19:32.675  5639  5703 E TestRunner: 	at org.junit.runners.ParentRunner.access$000(ParentRunner.java:58)
09-25 13:19:32.675  5639  5703 E TestRunner: 	at org.junit.runners.ParentRunner$2.evaluate(ParentRunner.java:268)
09-25 13:19:32.675  5639  5703 E TestRunner: 	at org.junit.runners.ParentRunner.run(ParentRunner.java:363)
09-25 13:19:32.675  5639  5703 E TestRunner: 	at org.junit.runner.JUnitCore.run(JUnitCore.java:137)
09-25 13:19:32.675  5639  5703 E TestRunner: 	at org.junit.runner.JUnitCore.run(JUnitCore.java:115)
09-25 13:19:32.675  5639  5703 E TestRunner: 	at androidx.test.internal.runner.TestExecutor.execute(TestExecutor.java:56)
09-25 13:19:32.675  5639  5703 E TestRunner: 	at androidx.test.runner.AndroidJUnitRunner.onStart(AndroidJUnitRunner.java:444)
09-25 13:19:32.675  5639  5703 E TestRunner: 	at android.app.Instrumentation$InstrumentationThread.run(Instrumentation.java:2335)
09-25 13:19:32.675  5639  5703 E TestRunner: ----- end exception -----
09-25 13:19:32.676  5639  5703 I TestRunner: finished: vertical_scrolling(com.example.dogglers.VerticalListTests)
