09-25 13:19:20.438  5639  5703 I TestRunner: started: clicking_vertical_list_button_displays_vertical_list(com.example.dogglers.ButtonTests)
09-25 13:19:20.442  5639  5703 W Settings: Setting always_finish_activities has moved from android.provider.Settings.System to android.provider.Settings.Global, returning read-only value.
09-25 13:19:20.447  3108  3230 I ChimeraSystemEventListener: appLaunchIntent package name is: com.example.dogglers
09-25 13:19:20.448  3108  5688 I SemDvfsHyPerManager: acquire hyper - AMS_APP_SWITCH/3108@23, type = -999
09-25 13:19:20.448  3108 29076 D RemoteAppTaskWatcher:  ****** RemoteAppTaskWatcher: Message Received 0 Task ID = 7108
09-25 13:19:20.448  1809  1855 I HYPER-HAL: [RequestManager.cpp]acquire(): Acquired ID : 4903169  [3108 / 23]    HINT : AMS_APP_SWITCH    list :
09-25 13:19:20.449  8328  8328 I SemDvfsHyPerManager: acquire hyper - APP_START_SHORT/8328@19, type = -999
09-25 13:19:20.449  1914  3193 I SurfaceFlinger: id=162062 createSurf, flag=24004, Task=7108#162062
09-25 13:19:20.450  1914  2139 I SurfaceFlinger: id=162063 createSurf, flag=80004, ActivityRecord{1f67b4 u0 com.example.dogglers/androidx.test.core.app.InstrumentationActivityInvoker$BootstrapActivity} t7108}#162063
09-25 13:19:20.453  4768  4851 D NativeCustomFrequencyManager: [NativeCFMS] BpCustomFrequencyManager::BpCustomFrequencyManager()
09-25 13:19:20.453  2229  8738 I CameraService: onUidStateChanged: uid=10042, procState is changed. (0 -> 1)
09-25 13:19:20.456  1809  1855 I HYPER-HAL: [RequestManager.cpp]acquire(): Acquired ID : 34840397  [8328 / 19]    HINT : APP_START_LOW_HEAT    list : [TIMEOUT / 1500]
09-25 13:19:20.456  3108  4606 I SemDvfsHyPerManager: acquire hyper - AMS_APP_LAUNCH/3108@19, type = -999
09-25 13:19:20.456  1809  1855 I HYPER-HAL: [RequestManager.cpp]acquire(): Acquired ID : 4890647  [3108 / 19]    HINT : AMS_APP_LAUNCH    list :
09-25 13:19:20.457  8328  8328 I SemDvfsHyPerManager: acquire hyper - APP_START/8328@21, type = -999
09-25 13:19:20.457  5759  5759 E pageboostd: Received HALT command code 2
09-25 13:19:20.457  3108 29076 D RemoteAppTaskWatcher:  ****** RemoteAppTaskWatcher: Message Received 4 Task ID = 7108
09-25 13:19:20.457  3108 29076 D RemoteAppTaskWatcher:  ****** RemoteAppTaskWatcher: Message Received 0 Task ID = 7108
09-25 13:19:20.458  3108  4073 D InputTransport: Input channel constructed: '22dc57f', fd=1254
09-25 13:19:20.458  3108  4073 D InputTransport: Input channel constructed: '22dc57f', fd=1273
09-25 13:19:20.458  3108  4073 D InputTransport: Input channel constructed: '22dc57f', fd=1285
09-25 13:19:20.458  1914  3193 I SurfaceFlinger: id=162064 createSurf, flag=80004, 22dc57f Splash Screen com.example.dogglers#162064
09-25 13:19:20.460  3108  4073 D InputTransport: Input channel destroyed: '22dc57f', fd=1285
09-25 13:19:20.460  5369  5369 I BaseActivity: removeActivityFlags, flags : 16
09-25 13:19:20.461  1809  1855 I HYPER-HAL: [RequestManager.cpp]acquire(): Acquired ID : 34857096  [8328 / 21]    HINT : APP_START_LOW_HEAT    list :
09-25 13:19:20.461  5369  5369 I BaseActivity: removeActivityFlags, flags : 6
09-25 13:19:20.461  5369  5369 I DragController: endDrag
09-25 13:19:20.461  5369  5369 W LauncherAppWidgetHost: setShouldListenFlag, mFlags:15 flag:resume on:false isFront:false
09-25 13:19:20.461  5369  5369 I SPayUpdater: updateSpayHandler launcher activity is paused false
09-25 13:19:20.461  4768  4843 D InsetsController: onStateChanged: InsetsState: {mDisplayFrame=Rect(0, 0 - 1440, 3088), mDisplayCutout=DisplayCutout{insets=Rect(0, 100 - 0, 0) waterfall=Insets{left=0, top=0, right=0, bottom=0} boundingRect={Bounds=[Rect(0, 0 - 0, 0), Rect(685, 0 - 756, 100), Rect(0, 0 - 0, 0), Rect(0, 0 - 0, 0)]} cutoutPathParserInfo={CutoutPathParserInfo{displayWidth=1440 displayHeight=3088 physicalDisplayWidth=1440 physicalDisplayHeight=3088 density={3.75} cutoutSpec={M 0,0 H -9.466666666666667 V 26.66666666666667‬ H 9.466666666666667 V 0 H 0 Z @dp} rotation={0} scale={1.0} physicalPixelDisplaySizeRatio={1.0}}}}, mRoundedCorners=RoundedCorners{[RoundedCorner{position=TopLeft, radius=14, center=Point(14, 14)}, RoundedCorner{position=TopRight, radius=14, center=Point(1426, 14)}, RoundedCorner{position=BottomRight, radius=14, center=Point(1426, 3074)}, RoundedCorner{position=BottomLeft, radius=14, center=Point(14, 3074)}]}  mRoundedCornerFrame=Rect(0, 0 - 1440, 3088), mPrivacyIndicatorBounds=PrivacyIndicatorBounds {static bounds=Rect(1286, 0 - 1440, 100) rotation=0}, mSources= { InsetsSource: {mType=ITYPE_STATUS_BAR, mFrame=[0,0][1440,100], mVisible=true, mInsetsRoundedCornerFrame=false}, InsetsSource: {mType=ITYPE_NAVIGATION_BAR, mFrame=[0,3088][1440,3088], mVisible=true, mInsetsRoundedCornerFrame=false}, InsetsSource: {mType=ITYPE_LEFT_GESTURES, mFrame=[0,0][0,3088], mVisible=true, mInsetsRoundedCornerFrame=false}, InsetsSource: {mType=ITYPE_RIGHT_GESTURES, mFrame=[1440,0][1440,3088], mVisible=true, mInsetsRoundedCornerFrame=false}, InsetsSource: {mType=ITYPE_TOP_MANDATORY_GESTURES, mFrame=[0,0][1440,142], mVisible=true, mInsetsRoundedCornerFrame=false}, InsetsSource: {mType=ITYPE_BOTTOM_MANDATORY_GESTURES, mFrame=[0,3018][1440,3088], mVisible=true, mInsetsRoundedCornerFrame=false}, InsetsSource: {mType=ITYPE_LEFT_DISPLAY_CUTOUT, mFrame=[0,0][-100000,3088], mVisible=true, mInsetsRoundedCornerFrame=false}, InsetsSource: {mType=ITYPE_TOP_DISPLAY_CUTOUT, mFrame=[0,0][1440,100], mVisible=true, mInsetsRoundedCornerFrame=false}, InsetsSource: {mType=ITYPE_RIGHT_DISPLAY_CUTOUT, mFrame=[100000,0][1440,3088], mVisible=true, mInsetsRoundedCornerFrame=false}, InsetsSource: {mType=ITYPE_BOTTOM_DISPLAY_CUTOUT, mFrame=[0,100000][1440,3088], mVisible=true, mInsetsRoundedCornerFrame=false}, InsetsSource: {mType=ITYPE_TOP_TAPPABLE_ELEMENT, mFrame=[0,0][1440,100], mVisible=true, mInsetsRoundedCornerFrame=false}, InsetsSource: {mType=ITYPE_BOTTOM_TAPPABLE_ELEMENT, mFrame=[0,0][0,0], mVisible=true, mInsetsRoundedCornerFrame=false} } host=Splash Screen com.example.dogglers from=android.view.ViewRootImpl.setView:1732
09-25 13:19:20.461  5369 11129 I WidgetRotationImpl: unsubscribeWidgetFocus 80
09-25 13:19:20.462  5369 11129 I IntelligentPlatformManagerImpl: unsubscribeWidgetFocus() id : 80
09-25 13:19:20.464  3108  4073 D InputDispatcher: Focused application(0): ActivityRecord{1f67b4 u0 com.example.dogglers/androidx.test.core.app.InstrumentationActivityInvoker$BootstrapActivity} t7108}
09-25 13:19:20.467  3108 29076 D RemoteAppTaskWatcher:  ****** RemoteAppTaskWatcher: Message Received 5 Task ID = 0
09-25 13:19:20.468  5369  5369 I TopTaskTracker: onTaskMovedToFront : taskId = 7108
09-25 13:19:20.470  6586 10126 I SAMSUNGWALLET: [Hint_ProcessStatusChange] fg Change, pid : 5639 , isNotify : false , isForeground : true , fg list : []
09-25 13:19:20.470  6586 10126 I SAMSUNGWALLET: [ProcessStatusChange] fg Change, pid : 5639 , isNotify : false , isForeground : true , fg list : []
09-25 13:19:20.470  4768  4843 I ViewRootImpl@e8f5a44[dogglers]: setView = android.widget.FrameLayout@149d6b0 TM=true
09-25 13:19:20.471  5639  5639 D LifecycleMonitor: Lifecycle status change: androidx.test.core.app.InstrumentationActivityInvoker$BootstrapActivity@ff53170 in: PRE_ON_CREATE
09-25 13:19:20.471  4768  4843 I ViewRootImpl@e8f5a44[dogglers]: performTraversals params={(0,0)(fillxfill) sim={adjust=pan} ty=APPLICATION_STARTING fmt=TRANSLUCENT wanim=0x1030001
09-25 13:19:20.471  4768  4843 I ViewRootImpl@e8f5a44[dogglers]:   fl=81030118
09-25 13:19:20.471  4768  4843 I ViewRootImpl@e8f5a44[dogglers]:   pfl=16000010
09-25 13:19:20.471  4768  4843 I ViewRootImpl@e8f5a44[dogglers]:   bhv=DEFAULT
09-25 13:19:20.471  4768  4843 I ViewRootImpl@e8f5a44[dogglers]:   fitSides= naviIconColor=0}
09-25 13:19:20.471  5639  5639 V ActivityScenario: Activity lifecycle changed event received but ignored because the intent does not match. startActivityIntent=Intent { act=android.intent.action.MAIN cat=[android.intent.category.LAUNCHER] cmp=com.example.dogglers/.MainActivity }, activity.getIntent()=Intent { act=android.intent.action.MAIN cat=[android.intent.category.LAUNCHER] flg=0x10008000 cmp=com.example.dogglers/androidx.test.core.app.InstrumentationActivityInvoker$BootstrapActivity (has extras) }, activity=androidx.test.core.app.InstrumentationActivityInvoker$BootstrapActivity@ff53170
09-25 13:19:20.471  4768  4843 I ViewRootImpl@e8f5a44[dogglers]: performTraversals mFirst=true windowShouldResize=true viewVisibilityChanged=false mForceNextWindowRelayout=false params={(0,0)(fillxfill) sim={adjust=pan} ty=APPLICATION_STARTING fmt=TRANSLUCENT wanim=0x1030001
09-25 13:19:20.471  4768  4843 I ViewRootImpl@e8f5a44[dogglers]:   fl=81030118
09-25 13:19:20.471  4768  4843 I ViewRootImpl@e8f5a44[dogglers]:   pfl=16000010
09-25 13:19:20.471  4768  4843 I ViewRootImpl@e8f5a44[dogglers]:   bhv=DEFAULT
09-25 13:19:20.471  4768  4843 I ViewRootImpl@e8f5a44[dogglers]:   fitSides= naviIconColor=0}
09-25 13:19:20.471  1914  1914 I SurfaceFlinger: [c7375dc com.sec.android.app.launcher/com.sec.android.app.launcher.activities.LauncherActivity#176] FrameRatePriority: -1
09-25 13:19:20.471  6586 10126 I SAMSUNGWALLET: [Hint_ProcessStatusChange] fg Change, pid : 5639 , isNotify : false , isForeground : true , fg list : []
09-25 13:19:20.471  6586 10126 I SAMSUNGWALLET: [ProcessStatusChange] fg Change, pid : 5639 , isNotify : false , isForeground : true , fg list : []
09-25 13:19:20.472  3108  4605 D AS.MultiSoundManager: mForegroundUid = 10577
09-25 13:19:20.473  3108  6493 V WindowManager: Relayout Window{22dc57f u0 Splash Screen com.example.dogglers}: viewVisibility=0 req=1440x3088 d0
09-25 13:19:20.474  6586 10126 I SAMSUNGWALLET: [Hint_ProcessStatusChange] fg Change, pid : 5639 , isNotify : false , isForeground : true , fg list : []
09-25 13:19:20.474  1914  2139 I SurfaceFlinger: id=162065 createSurf, flag=40004, Splash Screen com.example.dogglers$_4768#162065
09-25 13:19:20.474  6586 10126 I SAMSUNGWALLET: [ProcessStatusChange] fg Change, pid : 5639 , isNotify : false , isForeground : true , fg list : []
09-25 13:19:20.475 15715 18710 I WindowsLink: (TaskInfoManager) +++++++++++onRecentTaskStackUpdated
09-25 13:19:20.477  3108  6493 V WindowManager: Relayout hash=22dc57f, pid=4768, syncId=-1: mAttrs={(0,0)(fillxfill) sim={adjust=pan} ty=APPLICATION_STARTING fmt=TRANSLUCENT wanim=0x1030001
09-25 13:19:20.477  3108  6493 V WindowManager:   fl=81030118
09-25 13:19:20.477  3108  6493 V WindowManager:   pfl=16000010
09-25 13:19:20.477  3108  6493 V WindowManager:   bhv=DEFAULT
09-25 13:19:20.477  3108  6493 V WindowManager:   fitSides= naviIconColor=0}
09-25 13:19:20.478  4768  4843 D InsetsController: onStateChanged: InsetsState: {mDisplayFrame=Rect(0, 0 - 1440, 3088), mDisplayCutout=DisplayCutout{insets=Rect(0, 100 - 0, 0) waterfall=Insets{left=0, top=0, right=0, bottom=0} boundingRect={Bounds=[Rect(0, 0 - 0, 0), Rect(685, 0 - 756, 100), Rect(0, 0 - 0, 0), Rect(0, 0 - 0, 0)]} cutoutPathParserInfo={CutoutPathParserInfo{displayWidth=1440 displayHeight=3088 physicalDisplayWidth=1440 physicalDisplayHeight=3088 density={3.75} cutoutSpec={M 0,0 H -9.466666666666667 V 26.66666666666667‬ H 9.466666666666667 V 0 H 0 Z @dp} rotation={0} scale={1.0} physicalPixelDisplaySizeRatio={1.0}}}}, mRoundedCorners=RoundedCorners{[RoundedCorner{position=TopLeft, radius=14, center=Point(14, 14)}, RoundedCorner{position=TopRight, radius=14, center=Point(1426, 14)}, RoundedCorner{position=BottomRight, radius=14, center=Point(1426, 3074)}, RoundedCorner{position=BottomLeft, radius=14, center=Point(14, 3074)}]}  mRoundedCornerFrame=Rect(0, 0 - 1440, 3088), mPrivacyIndicatorBounds=PrivacyIndicatorBounds {static bounds=Rect(1286, 0 - 1440, 100) rotation=0}, mSources= { InsetsSource: {mType=ITYPE_STATUS_BAR, mFrame=[0,0][1440,100], mVisible=true, mInsetsRoundedCornerFrame=false}, InsetsSource: {mType=ITYPE_NAVIGATION_BAR, mFrame=[0,3088][1440,3088], mVisible=true, mInsetsRoundedCornerFrame=false}, InsetsSource: {mType=ITYPE_LEFT_GESTURES, mFrame=[0,0][0,3088], mVisible=true, mInsetsRoundedCornerFrame=false}, InsetsSource: {mType=ITYPE_RIGHT_GESTURES, mFrame=[1440,0][1440,3088], mVisible=true, mInsetsRoundedCornerFrame=false}, InsetsSource: {mType=ITYPE_TOP_MANDATORY_GESTURES, mFrame=[0,0][1440,142], mVisible=true, mInsetsRoundedCornerFrame=false}, InsetsSource: {mType=ITYPE_BOTTOM_MANDATORY_GESTURES, mFrame=[0,3018][1440,3088], mVisible=true, mInsetsRoundedCornerFrame=false}, InsetsSource: {mType=ITYPE_LEFT_DISPLAY_CUTOUT, mFrame=[0,0][-100000,3088], mVisible=true, mInsetsRoundedCornerFrame=false}, InsetsSource: {mType=ITYPE_TOP_DISPLAY_CUTOUT, mFrame=[0,0][1440,100], mVisible=true, mInsetsRoundedCornerFrame=false}, InsetsSource: {mType=ITYPE_RIGHT_DISPLAY_CUTOUT, mFrame=[100000,0][1440,3088], mVisible=true, mInsetsRoundedCornerFrame=false}, InsetsSource: {mType=ITYPE_BOTTOM_DISPLAY_CUTOUT, mFrame=[0,100000][1440,3088], mVisible=true, mInsetsRoundedCornerFrame=false}, InsetsSource: {mType=ITYPE_TOP_TAPPABLE_ELEMENT, mFrame=[0,0][1440,100], mVisible=true, mInsetsRoundedCornerFrame=false}, InsetsSource: {mType=ITYPE_BOTTOM_TAPPABLE_ELEMENT, mFrame=[0,0][0,0], mVisible=true, mInsetsRoundedCornerFrame=false}, InsetsSource: {mType=ITYPE_IME, mFrame=[0,0][0,0], mVisibleFrame=[0,3088][1440,3088], mVisible=false, mInsetsRoundedCornerFrame=false} } host=Splash Screen com.example.dogglers from=android.view.ViewRootImpl.relayoutWindow:9802
09-25 13:19:20.478  4768  4843 I ViewRootImpl@e8f5a44[dogglers]: updateBlastSurfaceIfNeeded mBlastBufferQueue=null isSameSurfaceControl=false
09-25 13:19:20.479  4768  4843 I BLASTBufferQueue: new BLASTBufferQueue, mName= ViewRootImpl@e8f5a44[dogglers] mNativeObject= 0xb400007705019c80 sc.mNativeObject= 0xb400007721bd0360 caller= android.view.ViewRootImpl.updateBlastSurfaceIfNeeded:2909 android.view.ViewRootImpl.relayoutWindow:9847 android.view.ViewRootImpl.performTraversals:3884 android.view.ViewRootImpl.doTraversal:3116 android.view.ViewRootImpl$TraversalRunnable.run:10885 android.view.Choreographer$CallbackRecord.run:1301 android.view.Choreographer$CallbackRecord.run:1309 android.view.Choreographer.doCallbacks:923 android.view.Choreographer.doFrame:852 android.view.Choreographer$FrameDisplayEventReceiver.run:1283
09-25 13:19:20.479  4768  4843 I BLASTBufferQueue: update, w= 1440 h= 3088 mName = ViewRootImpl@e8f5a44[dogglers] mNativeObject= 0xb400007705019c80 sc.mNativeObject= 0xb400007721bd0360 format= -3 caller= android.graphics.BLASTBufferQueue.<init>:84 android.view.ViewRootImpl.updateBlastSurfaceIfNeeded:2909 android.view.ViewRootImpl.relayoutWindow:9847 android.view.ViewRootImpl.performTraversals:3884 android.view.ViewRootImpl.doTraversal:3116 android.view.ViewRootImpl$TraversalRunnable.run:10885
09-25 13:19:20.479 15286 15346 I Rubin   : [27752] t9.a.c(SourceFile:1) : Notify com.samsung.android.rubin.inferenceengine.contextanalytics.engine.loggers.d's database is updated.
09-25 13:19:20.479  4768  4843 I ViewRootImpl@e8f5a44[dogglers]: Relayout returned: old=(0,0,1440,3088) new=(0,0,1440,3088) req=(1440,3088)0 dur=7 res=0x3 s={true 0xb400007704c64800} ch=true seqId=0
09-25 13:19:20.479  4768  4843 I ViewRootImpl@e8f5a44[dogglers]: performConfigurationChange setNightDimText nightDimLevel=0
09-25 13:19:20.480  8130  8237 I [AirCmd]_ActivitySwitchDetector: onTaskFocusChanged : taskId 7108
09-25 13:19:20.480  5639  5639 I DecorView: [INFO] isPopOver=false config=true
09-25 13:19:20.480  5639  5639 I DecorView: updateCaptionType: isFloating=false isApplication=true hasWindowDecorCaption=false this=DecorView@35e5c0f[]
09-25 13:19:20.480  5639  5639 D DecorView: setCaptionType = 0, this = DecorView@35e5c0f[]
09-25 13:19:20.480  3108  6472 D InputDispatcher: Focus request (0): <null> but waiting because NOT_FOCUSABLE
09-25 13:19:20.481  3108  6472 D InputDispatcher: Focus left window (0): c7375dc com.sec.android.app.launcher/com.sec.android.app.launcher.activities.LauncherActivity
09-25 13:19:20.481  5369  5369 I ViewRootImpl@7533534[LauncherActivity]: MSG_WINDOW_FOCUS_CHANGED 0 0
09-25 13:19:20.481  5639  5639 I DecorView: getCurrentDensityDpi: from real metrics. densityDpi=560 msg=resources_loaded
09-25 13:19:20.481  5639  5639 I DecorView: setWindowBackground: isPopOver=false color=ff010101 d=android.graphics.drawable.StateListDrawable@1d3f49c
09-25 13:19:20.481  4768  4843 I ViewRootImpl@e8f5a44[dogglers]: mThreadedRenderer.initialize() mSurface={isValid=true 0xb400007704c64800} hwInitialized=true
09-25 13:19:20.481  5369  5369 I BaseActivity: removeActivityFlags, flags : 8
09-25 13:19:20.481  3108  3230 I SemPersonaManager: SecureFolder personaId = 150
09-25 13:19:20.481  5639  5639 D LifecycleMonitor: Lifecycle status change: androidx.test.core.app.InstrumentationActivityInvoker$BootstrapActivity@ff53170 in: CREATED
09-25 13:19:20.481  5639  5639 V ActivityScenario: Activity lifecycle changed event received but ignored because the intent does not match. startActivityIntent=Intent { act=android.intent.action.MAIN cat=[android.intent.category.LAUNCHER] cmp=com.example.dogglers/.MainActivity }, activity.getIntent()=Intent { act=android.intent.action.MAIN cat=[android.intent.category.LAUNCHER] flg=0x10008000 cmp=com.example.dogglers/androidx.test.core.app.InstrumentationActivityInvoker$BootstrapActivity (has extras) }, activity=androidx.test.core.app.InstrumentationActivityInvoker$BootstrapActivity@ff53170
09-25 13:19:20.481  3108  4643 D SemNscXgbMsL1: Probability - Cloud gaming: [0.02548779]
09-25 13:19:20.482  3108  4643 D SemNscXgbMsL1: Probability - Real time: [0.26685596]
09-25 13:19:20.482  3108  4643 D SemNscXgbMsL1: Probability - Non real time: [0.08776932]
09-25 13:19:20.482  3108  4643 D SemNscXgbMsL1: 1 sample inference time: 0.159219 msecs
09-25 13:19:20.482  5639  5639 D LifecycleMonitor: Lifecycle status change: androidx.test.core.app.InstrumentationActivityInvoker$BootstrapActivity@ff53170 in: STARTED
09-25 13:19:20.482  5639  5639 V ActivityScenario: Activity lifecycle changed event received but ignored because the intent does not match. startActivityIntent=Intent { act=android.intent.action.MAIN cat=[android.intent.category.LAUNCHER] cmp=com.example.dogglers/.MainActivity }, activity.getIntent()=Intent { act=android.intent.action.MAIN cat=[android.intent.category.LAUNCHER] flg=0x10008000 cmp=com.example.dogglers/androidx.test.core.app.InstrumentationActivityInvoker$BootstrapActivity (has extras) }, activity=androidx.test.core.app.InstrumentationActivityInvoker$BootstrapActivity@ff53170
09-25 13:19:20.482  3108  4643 D SemNscXgbL2Rt: L2 RT 1 sample inference time: 0.4575 msecs
09-25 13:19:20.482  8130  8237 I [AirCmd]_ActivitySwitchDetector: onTaskFocusChanged : componentName - ComponentInfo{com.example.dogglers/androidx.test.core.app.InstrumentationActivityInvoker$BootstrapActivity}
09-25 13:19:20.482  8130  8237 I [AirCmd]_ActivitySwitchDetector: onTaskFocusChanged : mTopMostActivity - ComponentInfo{com.sec.android.app.launcher/com.android.launcher3.uioverrides.QuickstepLauncher}
09-25 13:19:20.482  3108  4643 D SemNscXgbL2Nrt: L2 NRT 1 sample inference time: 0.385678 msecs
09-25 13:19:20.483  4768  4851 D OpenGLRenderer: eglCreateWindowSurface
09-25 13:19:20.483  8130  8237 I [AirCmd]_CallbackRepeater: stopRepeat : isWorking=false
09-25 13:19:20.483  8130  8237 I [AirCmd]_MediaControlStateMonitor: isForegroundAppSupportsMediaButton : mediaSession is empty
09-25 13:19:20.483  4768  4843 I ViewRootImpl@e8f5a44[dogglers]: reportNextDraw android.view.ViewRootImpl.performTraversals:4438 android.view.ViewRootImpl.doTraversal:3116 android.view.ViewRootImpl$TraversalRunnable.run:10885 android.view.Choreographer$CallbackRecord.run:1301 android.view.Choreographer$CallbackRecord.run:1309
09-25 13:19:20.483  4768  4843 I ViewRootImpl@e8f5a44[dogglers]: Setup new sync id=0
09-25 13:19:20.483  4768  4843 I ViewRootImpl@e8f5a44[dogglers]: Setting syncFrameCallback
09-25 13:19:20.483  4768  4843 I ViewRootImpl@e8f5a44[dogglers]: registerCallbacksForSync syncBuffer=false
09-25 13:19:20.483 15286 15346 I Rubin   : [27752] ha.e.m(SourceFile:6) : isSatisfiedByCmh is false
09-25 13:19:20.484  4768  4861 I ViewRootImpl@e8f5a44[dogglers]: Received frameDrawingCallback syncResult=0 frameNum=1.
09-25 13:19:20.484  4768  4861 I ViewRootImpl@e8f5a44[dogglers]: Setting up sync and frameCommitCallback
09-25 13:19:20.485  1914  3193 I SurfaceFlinger: id=162066 createSurf, flag=80004, ActivityRecord{bfe4d7c u0 com.example.dogglers/.MainActivity} t7108}#162066
09-25 13:19:20.485  3108  3230 D EnterpriseDeviceManagerService: isMdmAdminPresentInternal() : MDM Admin Found - com.samsung.knox.securefolder
09-25 13:19:20.486  8130  8237 I [AirCmd]_MediaControlStateMonitor: active Notification List is null
09-25 13:19:20.486  8130  8237 I [AirCmd]_RemoteSpenMainController: hasGeneralAction : packageName is com.example.dogglers, activityName is androidx.test.core.app.InstrumentationActivityInvoker$BootstrapActivity, hasActions is false
09-25 13:19:20.486  8130  8237 I [AirCmd]_CameraAvailabilityMonitor: isCameraPreviewOn : mIsCameraPreviewOn is false
09-25 13:19:20.487  4768  4851 I BLASTBufferQueue: [ViewRootImpl@e8f5a44[dogglers]#3968](f:0,a:0) onFrameAvailable the first frame is available
09-25 13:19:20.488  4768  4851 I ViewRootImpl@e8f5a44[dogglers]: Received frameCommittedCallback lastAttemptedDrawFrameNum=1 didProduceBuffer=true
09-25 13:19:20.488  4768  4851 D OpenGLRenderer: CFMS:: SetUp Pid : 4768    Tid : 4851
09-25 13:19:20.489  8130  8237 I [AirCmd]_CameraAvailabilityMonitor: isCameraPreviewOn : mIsCameraPreviewOn is false
09-25 13:19:20.490  5759  5759 E pageboostd: Received HALT command code 2
09-25 13:19:20.491  5639  5639 D LifecycleMonitor: Lifecycle status change: androidx.test.core.app.InstrumentationActivityInvoker$BootstrapActivity@ff53170 in: RESUMED
09-25 13:19:20.491  5639  5639 V ActivityScenario: Activity lifecycle changed event received but ignored because the intent does not match. startActivityIntent=Intent { act=android.intent.action.MAIN cat=[android.intent.category.LAUNCHER] cmp=com.example.dogglers/.MainActivity }, activity.getIntent()=Intent { act=android.intent.action.MAIN cat=[android.intent.category.LAUNCHER] flg=0x10008000 cmp=com.example.dogglers/androidx.test.core.app.InstrumentationActivityInvoker$BootstrapActivity (has extras) }, activity=androidx.test.core.app.InstrumentationActivityInvoker$BootstrapActivity@ff53170
09-25 13:19:20.491  4768  4843 I ViewRootImpl@e8f5a44[dogglers]: onSyncComplete
09-25 13:19:20.492  4768  4843 I ViewRootImpl@e8f5a44[dogglers]: setupSync seqId=0 mSyncId=0 fn=1 caller=android.view.ViewRootImpl$$ExternalSyntheticLambda11.accept:6 android.window.SurfaceSyncer.lambda$setupSync$1$android-window-SurfaceSyncer:128 android.window.SurfaceSyncer$$ExternalSyntheticLambda1.accept:8 android.window.SurfaceSyncer$SyncSet.checkIfSyncIsComplete:382 android.window.SurfaceSyncer$SyncSet.markSyncReady:359 android.window.SurfaceSyncer.markSyncReady:151 android.view.ViewRootImpl.performTraversals:4503
09-25 13:19:20.492  4768  4843 I ViewRootImpl@e8f5a44[dogglers]: reportDrawFinished seqId=0 mSyncId=-1 fn=1 mSurfaceChangedTransaction=0xb4000076f190ba00
09-25 13:19:20.492  8130  8237 I [AirCmd]_MediaControlStateMonitor: isForegroundAppSupportsMediaButton : mediaSession is empty
09-25 13:19:20.492  8130  8237 I [AirCmd]_MediaControlStateMonitor: active Notification List is null
09-25 13:19:20.492  8130  8237 I [AirCmd]_PenActionRule: getAction : get default action data from remote action because pen action data is null.
09-25 13:19:20.492  8130  8237 I [AirCmd]_ButtonActionDetector: enableDoubleClickDetection: enabled=true, doubleClickWaitInterval=300
09-25 13:19:20.492  8130  8237 I [AirCmd]_RemoteSpenMainController: onSwitch : package is com.example.dogglers   and activity is androidx.test.core.app.InstrumentationActivityInvoker$BootstrapActivity and isBleConnected is false and hasActions is false
09-25 13:19:20.492  5639  5639 D LifecycleMonitor: Lifecycle status change: androidx.test.core.app.InstrumentationActivityInvoker$BootstrapActivity@ff53170 in: PAUSED
09-25 13:19:20.492  5639  5639 V ActivityScenario: Activity lifecycle changed event received but ignored because the intent does not match. startActivityIntent=Intent { act=android.intent.action.MAIN cat=[android.intent.category.LAUNCHER] cmp=com.example.dogglers/.MainActivity }, activity.getIntent()=Intent { act=android.intent.action.MAIN cat=[android.intent.category.LAUNCHER] flg=0x10008000 cmp=com.example.dogglers/androidx.test.core.app.InstrumentationActivityInvoker$BootstrapActivity (has extras) }, activity=androidx.test.core.app.InstrumentationActivityInvoker$BootstrapActivity@ff53170
09-25 13:19:20.493  5369  5369 I BadgeRenderer: Invalid count : 0
09-25 13:19:20.495  3108  8626 D InputDispatcher: Focused application(0): ActivityRecord{bfe4d7c u0 com.example.dogglers/.MainActivity} t7108}
09-25 13:19:20.495  3108 29076 D RemoteAppTaskWatcher:  ****** RemoteAppTaskWatcher: Message Received 5 Task ID = 0
09-25 13:19:20.496  1914  3193 I SurfaceFlinger: id=162067 createSurf, flag=24000, Surface(name=Task=1)/@0xeddbc98 - animation-leash of app_transition#162067
09-25 13:19:20.499  1914  3193 I SurfaceFlinger: id=162068 createSurf, flag=24004, Surface(name=Task=7108)/@0xece6a75 - animation-leash of app_transition#162068
09-25 13:19:20.500  1914  3193 I SurfaceFlinger: id=162069 createSurf, flag=80000, 621cc87 ActivityRecordInputSink com.example.dogglers/androidx.test.core.app.InstrumentationActivityInvoker$BootstrapActivity#162069
09-25 13:19:20.501  1914  3193 I SurfaceFlinger: id=162070 createSurf, flag=80000, f890c6f ActivityRecordInputSink com.example.dogglers/.MainActivity#162070
09-25 13:19:20.502  4768  5658 I ViewRootImpl@e8f5a44[dogglers]: Resizing android.view.ViewRootImpl@7fa3929: frame = [0,0][1440,3088] reportDraw = false forceLayout = false syncSeqId = 0
09-25 13:19:20.502  4768  4838 D Bubbles : onLocusVisibilityChanged: LocusId[17_chars] visible=false
09-25 13:19:20.502  4768  4843 I ViewRootImpl@e8f5a44[dogglers]: handleResized, msg = 4 frames=ClientWindowFrames{frame=[0,0][1440,3088] display=[0,0][1440,3088] parentFrame=[0,0][0,0] parentClippedByDisplayCutout=false} forceNextWindowRelayout=false displayId=0 resizeMode=-1 frameChanged=false displayFrameChanged=false configChanged=false displayChanged=false
09-25 13:19:20.504  8423  8423 I ActivityUtils: HomePackage : com.sec.android.app.launcher, resumePackageName : com.example.dogglers
09-25 13:19:20.504  3108  6142 I MediaSessionMonitor: Media session stopped : controllerList empty
09-25 13:19:20.504  1914  1914 I Layer   : Layer [Splash Screen com.example.dogglers$_4768#162065] hidden!! flag(0)
09-25 13:19:20.507 15715 18710 I WindowsLink: (TaskInfoManager) +++++++++++onRecentTaskStackUpdated
09-25 13:19:20.507  5639  5639 D LifecycleMonitor: Lifecycle status change: com.example.dogglers.MainActivity@6cb3d5d in: PRE_ON_CREATE
09-25 13:19:20.508  5639  5639 V ActivityScenario: Activity lifecycle changed event received but ignored because the reported transition was not ON_CREATE while the last known transition was PRE_ON_CREATE
09-25 13:19:20.511  3108  3230 I SemPersonaManager: SecureFolder personaId = 150
09-25 13:19:20.514  5639  5639 I DecorView: [INFO] isPopOver=false config=true
09-25 13:19:20.514  5639  5639 I DecorView: updateCaptionType: isFloating=false isApplication=true hasWindowDecorCaption=false this=DecorView@eb76f06[]
09-25 13:19:20.514  5639  5639 D DecorView: setCaptionType = 0, this = DecorView@eb76f06[]
09-25 13:19:20.515  3108  3230 D EnterpriseDeviceManagerService: isMdmAdminPresentInternal() : MDM Admin Found - com.samsung.knox.securefolder
09-25 13:19:20.515  5639  5639 I DecorView: getCurrentDensityDpi: from real metrics. densityDpi=560 msg=resources_loaded
09-25 13:19:20.515  5639  5639 I DecorView: setWindowBackground: isPopOver=false color=ff121212 d=android.graphics.drawable.ColorDrawable@3ae3bf4
09-25 13:19:20.516  8423  8423 I ActivityUtils: HomePackage : com.sec.android.app.launcher, resumePackageName : com.example.dogglers
09-25 13:19:20.517  3108  6142 I MediaSessionMonitor: Media session stopped : controllerList empty
09-25 13:19:20.518  5639  5639 D LifecycleMonitor: Lifecycle status change: com.example.dogglers.MainActivity@6cb3d5d in: CREATED
09-25 13:19:20.518  5639  5639 V ActivityScenario: Update currentActivityStage to CREATED, currentActivity=com.example.dogglers.MainActivity@6cb3d5d
09-25 13:19:20.519  5639  5639 D LifecycleMonitor: Lifecycle status change: com.example.dogglers.MainActivity@6cb3d5d in: STARTED
09-25 13:19:20.519  5639  5639 V ActivityScenario: Update currentActivityStage to STARTED, currentActivity=com.example.dogglers.MainActivity@6cb3d5d
09-25 13:19:20.519  5639  5639 D LifecycleMonitor: Lifecycle status change: com.example.dogglers.MainActivity@6cb3d5d in: RESUMED
09-25 13:19:20.519  5639  5639 V ActivityScenario: Update currentActivityStage to RESUMED, currentActivity=com.example.dogglers.MainActivity@6cb3d5d
09-25 13:19:20.519  5639  5639 I MSHandlerLifeCycle: check: return. pkg=com.example.dogglers parent=null callers=com.android.internal.policy.DecorView.setVisibility:4412 android.app.ActivityThread.handleResumeActivity:5476 android.app.servertransaction.ResumeActivityItem.execute:54 android.app.servertransaction.ActivityTransactionItem.execute:45 android.app.servertransaction.TransactionExecutor.executeLifecycleState:176
09-25 13:19:20.519  5639  5639 I MSHandlerLifeCycle: removeMultiSplitHandler: no exist. decor=DecorView@eb76f06[]
09-25 13:19:20.521  5639  5729 D NativeCustomFrequencyManager: [NativeCFMS] BpCustomFrequencyManager::BpCustomFrequencyManager()
09-25 13:19:20.523  3108  8626 D InputTransport: Input channel constructed: 'da639dc', fd=1309
09-25 13:19:20.523  3108  8626 D InputTransport: Input channel constructed: 'da639dc', fd=1311
09-25 13:19:20.523  3108  8626 D InputTransport: Input channel constructed: 'da639dc', fd=1315
09-25 13:19:20.523  1914  1914 D SurfaceFlinger: Display 4630947093241269891 HWC layers:
09-25 13:19:20.523  1914  1914 D SurfaceFlinger:      CLIENT | 0xb400007af6c13480 | 0100 | RGBx_8888    |  592.0    0.0 1628.0 2220.0 |    0    0 1440 3088 | Wallpaper BBQ wrapper#90
09-25 13:19:20.523  1914  1914 D SurfaceFlinger:      CLIENT | 0xb400007af86f9580 | 0100 | RGBA_8888    |    0.0    0.0 1440.0 3088.0 |    0    0 1440 3088 | com.sec.android.app.launcher/com.sec[...]rActivity$_5369#162054 (blurRegions)
09-25 13:19:20.523  1914  1914 D SurfaceFlinger:      DEVICE | 0xb400007af86ec680 | 0100 | RGBA_8888    |    0.0    0.0 1440.0 3088.0 |  104  224 1336 2864 | Splash Screen com.example.dogglers$_4768#162065
09-25 13:19:20.523  1914  1914 D SurfaceFlinger:      DEVICE | 0xb400007af6c14880 | 0100 | RGBA_8888    |    0.0    0.0 1440.0  100.0 |    0    0 1440  100 | StatusBar$_4768#95
09-25 13:19:20.523  1914  1914 D SurfaceFlinger:      DEVICE | 0xb400007af8705400 | 0100 | RGBA_8888    |    0.0    0.0   67.0  589.0 |    0  562   67 1151 | com.samsung.android.app.cocktailbars[...]vice.CocktailBarService$_8423#156853
09-25 13:19:20.523  1914  1914 D SurfaceFlinger:      DEVICE | 0xb400007af8705500 | 0100 | RGBA_8888    |    0.0    0.0  518.0   48.0 |  922 3040 1440 3088 | SGestureOverlayWindow$_5369#156268
09-25 13:19:20.523  1914  1914 D SurfaceFlinger:      DEVICE | 0xb400007af6c15880 | 0100 | RGBA
09-25 13:19:20.523  1914  1914 D SurfaceFlinger: _8888    |    0.0    0.0 1440.0  168.0 |    0 2920 1440 3088 | NavigationBar0$_4768#92
09-25 13:19:20.523  1914  1914 D SurfaceFlinger:
09-25 13:19:20.523  1914  2139 I SurfaceFlinger: id=162071 createSurf, flag=80004, da639dc com.example.dogglers/com.example.dogglers.MainActivity#162071
09-25 13:19:20.525  3108  8626 D InputTransport: Input channel destroyed: 'da639dc', fd=1315
09-25 13:19:20.525  5639  5639 D InsetsController: onStateChanged: InsetsState: {mDisplayFrame=Rect(0, 0 - 1440, 3088), mDisplayCutout=DisplayCutout{insets=Rect(0, 100 - 0, 0) waterfall=Insets{left=0, top=0, right=0, bottom=0} boundingRect={Bounds=[Rect(0, 0 - 0, 0), Rect(685, 0 - 756, 100), Rect(0, 0 - 0, 0), Rect(0, 0 - 0, 0)]} cutoutPathParserInfo={CutoutPathParserInfo{displayWidth=1440 displayHeight=3088 physicalDisplayWidth=1440 physicalDisplayHeight=3088 density={3.75} cutoutSpec={M 0,0 H -9.466666666666667 V 26.66666666666667‬ H 9.466666666666667 V 0 H 0 Z @dp} rotation={0} scale={1.0} physicalPixelDisplaySizeRatio={1.0}}}}, mRoundedCorners=RoundedCorners{[RoundedCorner{position=TopLeft, radius=14, center=Point(14, 14)}, RoundedCorner{position=TopRight, radius=14, center=Point(1426, 14)}, RoundedCorner{position=BottomRight, radius=14, center=Point(1426, 3074)}, RoundedCorner{position=BottomLeft, radius=14, center=Point(14, 3074)}]}  mRoundedCornerFrame=Rect(0, 0 - 1440, 3088), mPrivacyIndicatorBounds=PrivacyIndicatorBounds {static bounds=Rect(1286, 0 - 1440, 100) rotation=0}, mSources= { InsetsSource: {mType=ITYPE_STATUS_BAR, mFrame=[0,0][1440,100], mVisible=true, mInsetsRoundedCornerFrame=false}, InsetsSource: {mType=ITYPE_NAVIGATION_BAR, mFrame=[0,3088][1440,3088], mVisible=true, mInsetsRoundedCornerFrame=false}, InsetsSource: {mType=ITYPE_LEFT_GESTURES, mFrame=[0,0][0,3088], mVisible=true, mInsetsRoundedCornerFrame=false}, InsetsSource: {mType=ITYPE_RIGHT_GESTURES, mFrame=[1440,0][1440,3088], mVisible=true, mInsetsRoundedCornerFrame=false}, InsetsSource: {mType=ITYPE_TOP_MANDATORY_GESTURES, mFrame=[0,0][1440,142], mVisible=true, mInsetsRoundedCornerFrame=false}, InsetsSource: {mType=ITYPE_BOTTOM_MANDATORY_GESTURES, mFrame=[0,3018][1440,3088], mVisible=true, mInsetsRoundedCornerFrame=false}, InsetsSource: {mType=ITYPE_LEFT_DISPLAY_CUTOUT, mFrame=[0,0][-100000,3088], mVisible=true, mInsetsRoundedCornerFrame=false}, InsetsSource: {mType=ITYPE_TOP_DISPLAY_CUTOUT, mFrame=[0,0][1440,100], mVisible=true, mInsetsRoundedCornerFrame=false}, InsetsSource: {mType=ITYPE_RIGHT_DISPLAY_CUTOUT, mFrame=[100000,0][1440,3088], mVisible=true, mInsetsRoundedCornerFrame=false}, InsetsSource: {mType=ITYPE_BOTTOM_DISPLAY_CUTOUT, mFrame=[0,100000][1440,3088], mVisible=true, mInsetsRoundedCornerFrame=false}, InsetsSource: {mType=ITYPE_TOP_TAPPABLE_ELEMENT, mFrame=[0,0][1440,100], mVisible=true, mInsetsRoundedCornerFrame=false}, InsetsSource: {mType=ITYPE_BOTTOM_TAPPABLE_ELEMENT, mFrame=[0,0][0,0], mVisible=true, mInsetsRoundedCornerFrame=false}, InsetsSource: {mType=ITYPE_IME, mFrame=[0,0][0,0], mVisibleFrame=[0,3088][1440,3088], mVisible=false, mInsetsRoundedCornerFrame=false} } host=com.example.dogglers/com.example.dogglers.MainActivity from=android.view.ViewRootImpl.setView:1732
09-25 13:19:20.527  5639  5639 I ViewRootImpl@6db32b7[MainActivity]: setView = com.android.internal.policy.DecorView@eb76f06 TM=true
09-25 13:19:20.527  5639  5639 I MSHandlerLifeCycle: removeMultiSplitHandler: no exist. decor=DecorView@eb76f06[MainActivity]
09-25 13:19:20.528  3108  3338 D AnalyticsContainerHandler: handleMessage : { when=0 what=1 target=com.android.server.knox.KnoxAnalyticsContainer$AnalyticsHandler }
09-25 13:19:20.532  5639  5639 I ViewRootImpl@6db32b7[MainActivity]: performTraversals params={(0,0)(fillxfill) sim={adjust=pan forwardNavigation} ty=BASE_APPLICATION wanim=0x1030309
09-25 13:19:20.532  5639  5639 I ViewRootImpl@6db32b7[MainActivity]:   fl=81810100
09-25 13:19:20.532  5639  5639 I ViewRootImpl@6db32b7[MainActivity]:   pfl=12020040
09-25 13:19:20.532  5639  5639 I ViewRootImpl@6db32b7[MainActivity]:   bhv=DEFAULT
09-25 13:19:20.532  5639  5639 I ViewRootImpl@6db32b7[MainActivity]:   fitSides= naviIconColor=0}
09-25 13:19:20.533  5639  5639 I ViewRootImpl@6db32b7[MainActivity]: performTraversals mFirst=true windowShouldResize=true viewVisibilityChanged=false mForceNextWindowRelayout=false params={(0,0)(fillxfill) sim={adjust=pan forwardNavigation} ty=BASE_APPLICATION wanim=0x1030309
09-25 13:19:20.533  5639  5639 I ViewRootImpl@6db32b7[MainActivity]:   fl=81810100
09-25 13:19:20.533  5639  5639 I ViewRootImpl@6db32b7[MainActivity]:   pfl=12020040
09-25 13:19:20.533  5639  5639 I ViewRootImpl@6db32b7[MainActivity]:   bhv=DEFAULT
09-25 13:19:20.533  5639  5639 I ViewRootImpl@6db32b7[MainActivity]:   fitSides= naviIconColor=0}
09-25 13:19:20.533  3108  3145 V WindowManager: Relayout Window{da639dc u0 com.example.dogglers/com.example.dogglers.MainActivity}: viewVisibility=0 req=1440x3088 d0
09-25 13:19:20.533  1914  2139 I SurfaceFlinger: id=162072 createSurf, flag=40004, com.example.dogglers/com.example.dogglers.MainActivity$_5639#162072
09-25 13:19:20.536  1914  2139 I SurfaceFlinger: id=162073 createSurf, flag=24000, Surface(name=4eb27f5 StatusBar)/@0x43fa543 - animation-leash of insets_animation#162073
09-25 13:19:20.537  1914  2139 I SurfaceFlinger: id=162074 createSurf, flag=24000, Surface(name=d110b4c NavigationBar0)/@0x8bdb781 - animation-leash of insets_animation#162074
09-25 13:19:20.537  5369  8226 I TouchInteractionService: onSystemUiStateChanged, stateFlags : 131120 |a11y_click|a11y_long_click|allow_gesture|
09-25 13:19:20.537  3108  3145 V WindowManager: Relayout hash=da639dc, pid=5639, syncId=-1: mAttrs={(0,0)(fillxfill) sim={adjust=pan forwardNavigation} ty=BASE_APPLICATION wanim=0x1030309
09-25 13:19:20.537  3108  3145 V WindowManager:   fl=81810100
09-25 13:19:20.537  3108  3145 V WindowManager:   pfl=12020040
09-25 13:19:20.537  3108  3145 V WindowManager:   bhv=DEFAULT
09-25 13:19:20.537  3108  3145 V WindowManager:   fitSides= naviIconColor=0}
09-25 13:19:20.538  5369  5369 I RecentsAnimationDeviceState: setSystemUiFlags, stateFlags : 131120
09-25 13:19:20.538  5369  5369 W SGestureOverlayWindow: setVisibilityGestureOverlayWindow, visibility = 0
09-25 13:19:20.538  5369  5369 I TouchInteractionService: onSystemUiFlagsChanged, lastSysUIFlags : 48
09-25 13:19:20.538  5639  5639 I ViewRootImpl@6db32b7[MainActivity]: updateBlastSurfaceIfNeeded mBlastBufferQueue=null isSameSurfaceControl=false
09-25 13:19:20.538  5639  5639 I BLASTBufferQueue: new BLASTBufferQueue, mName= ViewRootImpl@6db32b7[MainActivity] mNativeObject= 0xb4000077a1040a80 sc.mNativeObject= 0xb4000077b109d8e0 caller= android.view.ViewRootImpl.updateBlastSurfaceIfNeeded:2909 android.view.ViewRootImpl.relayoutWindow:9847 android.view.ViewRootImpl.performTraversals:3884 android.view.ViewRootImpl.doTraversal:3116 android.view.ViewRootImpl$TraversalRunnable.run:10885 android.view.Choreographer$CallbackRecord.run:1301 android.view.Choreographer$CallbackRecord.run:1309 android.view.Choreographer.doCallbacks:923 android.view.Choreographer.doFrame:852 android.view.Choreographer$FrameDisplayEventReceiver.run:1283
09-25 13:19:20.539  5639  5639 I BLASTBufferQueue: update, w= 1440 h= 3088 mName = ViewRootImpl@6db32b7[MainActivity] mNativeObject= 0xb4000077a1040a80 sc.mNativeObject= 0xb4000077b109d8e0 format= -1 caller= android.graphics.BLASTBufferQueue.<init>:84 android.view.ViewRootImpl.updateBlastSurfaceIfNeeded:2909 android.view.ViewRootImpl.relayoutWindow:9847 android.view.ViewRootImpl.performTraversals:3884 android.view.ViewRootImpl.doTraversal:3116 android.view.ViewRootImpl$TraversalRunnable.run:10885
09-25 13:19:20.539  5639  5639 I ViewRootImpl@6db32b7[MainActivity]: Relayout returned: old=(0,0,1440,3088) new=(0,0,1440,3088) req=(1440,3088)0 dur=5 res=0x3 s={true 0xb400007734280000} ch=true seqId=0
09-25 13:19:20.539  5639  5639 I ViewRootImpl@6db32b7[MainActivity]: performConfigurationChange setNightDimText nightDimLevel=0
09-25 13:19:20.539  5639  5639 I ViewRootImpl@6db32b7[MainActivity]: mThreadedRenderer.initialize() mSurface={isValid=true 0xb400007734280000} hwInitialized=true
09-25 13:19:20.539  5639  5729 D OpenGLRenderer: eglCreateWindowSurface
09-25 13:19:20.540  5639  5639 I ViewRootImpl@6db32b7[MainActivity]: reportNextDraw android.view.ViewRootImpl.performTraversals:4438 android.view.ViewRootImpl.doTraversal:3116 android.view.ViewRootImpl$TraversalRunnable.run:10885 android.view.Choreographer$CallbackRecord.run:1301 android.view.Choreographer$CallbackRecord.run:1309
09-25 13:19:20.541  5639  5639 I ViewRootImpl@6db32b7[MainActivity]: Setup new sync id=0
09-25 13:19:20.541  5639  5639 I ViewRootImpl@6db32b7[MainActivity]: Setting syncFrameCallback
09-25 13:19:20.541  5639  5639 I ViewRootImpl@6db32b7[MainActivity]: registerCallbacksForSync syncBuffer=false
09-25 13:19:20.544  5639  5771 I ViewRootImpl@6db32b7[MainActivity]: Received frameDrawingCallback syncResult=0 frameNum=1.
09-25 13:19:20.544  5639  5771 I ViewRootImpl@6db32b7[MainActivity]: Setting up sync and frameCommitCallback
09-25 13:19:20.544  5639  5729 I BLASTBufferQueue: [ViewRootImpl@6db32b7[MainActivity]#11](f:0,a:0) onFrameAvailable the first frame is available
09-25 13:19:20.545  5639  5729 I ViewRootImpl@6db32b7[MainActivity]: Received frameCommittedCallback lastAttemptedDrawFrameNum=1 didProduceBuffer=true
09-25 13:19:20.545  5639  5729 D OpenGLRenderer: CFMS:: SetUp Pid : 5639    Tid : 5729
09-25 13:19:20.546  1914  1914 I SurfaceFlinger: [da639dc com.example.dogglers/com.example.dogglers.MainActivity#162071] FrameRatePriority: 1
09-25 13:19:20.546  1914  1914 I Layer   : id=162055 removedFromDrawingState Surface(name=4eb27f5 StatusBar)/@0x43fa543 - animation-leash of insets_animation#162055 (339)
09-25 13:19:20.546  1914  1914 I Layer   : id=162056 removedFromDrawingState Surface(name=d110b4c NavigationBar0)/@0x8bdb781 - animation-leash of insets_animation#162056 (339)
09-25 13:19:20.546  1914  1914 I SurfaceFlinger: id=162055 Removed Surface(name=4eb27f5 StatusBar)/@0x43fa543 - animation-leash of insets_animation#162055 (339)
09-25 13:19:20.546  1914  1914 I SurfaceFlinger: id=162056 Removed Surface(name=d110b4c NavigationBar0)/@0x8bdb781 - animation-leash of insets_animation#162056 (339)
09-25 13:19:20.546  1914  1914 I Layer   : id=162055 Destroyed Surface(name=4eb27f5 StatusBar)/@0x43fa543 - animation-leash of insets_animation#162055
09-25 13:19:20.546  1914  1914 I Layer   : id=162056 Destroyed Surface(name=d110b4c NavigationBar0)/@0x8bdb781 - animation-leash of insets_animation#162056
09-25 13:19:20.548  3108  3145 D InputDispatcher: Focus request (0): da639dc com.example.dogglers/com.example.dogglers.MainActivity but waiting because NO_WINDOW
09-25 13:19:20.548  5639  5639 I ViewRootImpl@6db32b7[MainActivity]: onSyncComplete
09-25 13:19:20.548  5639  5639 I ViewRootImpl@6db32b7[MainActivity]: setupSync seqId=0 mSyncId=0 fn=1 caller=android.view.ViewRootImpl$$ExternalSyntheticLambda11.accept:6 android.window.SurfaceSyncer.lambda$setupSync$1$android-window-SurfaceSyncer:128 android.window.SurfaceSyncer$$ExternalSyntheticLambda1.accept:8 android.window.SurfaceSyncer$SyncSet.checkIfSyncIsComplete:382 android.window.SurfaceSyncer$SyncSet.markSyncReady:359 android.window.SurfaceSyncer.markSyncReady:151 android.view.ViewRootImpl.performTraversals:4503
09-25 13:19:20.548  5639  5639 I ViewRootImpl@6db32b7[MainActivity]: reportDrawFinished seqId=0 mSyncId=-1 fn=1 mSurfaceChangedTransaction=0xb4000077345ade00
09-25 13:19:20.551  3108  3227 W ziparchive: Unable to open '/data/app/~~ATcZRD0F-LmHTuxfrkuUPg==/com.example.dogglers-ejGvQ7nyEoA-Sr0nwgcZYw==/base.dm': No such file or directory
09-25 13:19:20.551  3108  3227 I PkgPredictorService-SecIpmManagerServiceImpl: reportToNAP uid:10577 com.example.dogglers/com.example.dogglers.MainActivity thisTime:103
09-25 13:19:20.551  5639  5639 D RootViewPicker: Root not ready - waiting: 10ms for one to appear.
09-25 13:19:20.551  1914  2139 I SurfaceFlinger: id=162075 createSurf, flag=24000, Surface(name=da639dc com.example.dogglers/com.example.dogglers.MainActivity)/@0x1e3612 - animation-leash of starting_reveal#162075
09-25 13:19:20.552  3108  3227 I ActivityTaskManager: Displayed com.example.dogglers/.MainActivity: +103ms
09-25 13:19:20.552  5759  5759 E pageboostd: Received HALT command code 2
09-25 13:19:20.554  3108  8626 I SemDvfsHyPerManager: acquire hyper - AMS_RESUME_TAIL/3108@20, type = -999
09-25 13:19:20.554  3108  8626 I SemDvfsHyPerManager: acquire hyper - AMS_ACT_LAZY/3108@21, type = -999
09-25 13:19:20.554  1809  1855 I HYPER-HAL: [RequestManager.cpp]acquire(): Acquired ID : 4893776  [3108 / 20]    HINT : AMS_RESUME_TAIL    list :
09-25 13:19:20.554  1914  1914 I Layer   : Layer [com.example.dogglers/com.example.dogglers.MainActivity$_5639#162072] hidden!! flag(0)
09-25 13:19:20.555  4768  4860 I ViewRootImpl@e8f5a44[dogglers]: mWNT: t=0xb4000077a1099700 mBlastBufferQueue=0xb400007705019c80 fn= 2 caller= android.view.SyncRtSurfaceTransactionApplier.applyTransaction:96 android.view.SyncRtSurfaceTransactionApplier.lambda$scheduleApply$0$android-view-SyncRtSurfaceTransactionApplier:69 android.view.SyncRtSurfaceTransactionApplier$$ExternalSyntheticLambda0.onFrameDraw:4
09-25 13:19:20.555  4768  4860 I ViewRootImpl@e8f5a44[dogglers]: mWNT: t=0xb4000077a0f77700 mBlastBufferQueue=0xb400007705019c80 fn= 2 caller= android.view.SyncRtSurfaceTransactionApplier.applyTransaction:96 android.view.SyncRtSurfaceTransactionApplier.lambda$scheduleApply$0$android-view-SyncRtSurfaceTransactionApplier:69 android.view.SyncRtSurfaceTransactionApplier$$ExternalSyntheticLambda0.onFrameDraw:4
09-25 13:19:20.556  3108  8626 D InputDispatcher: Focus entered window (0): da639dc com.example.dogglers/com.example.dogglers.MainActivity
09-25 13:19:20.556  5639  5639 I ViewRootImpl@6db32b7[MainActivity]: MSG_WINDOW_FOCUS_CHANGED 1 0
09-25 13:19:20.556  5639  5639 I ViewRootImpl@6db32b7[MainActivity]: mThreadedRenderer.initializeIfNeeded()#2 mSurface={isValid=true 0xb400007734280000}
09-25 13:19:20.556  1809  1855 I HYPER-HAL: [RequestManager.cpp]acquire(): Acquired ID : 4896906  [3108 / 21]    HINT : AMS_ACT_LAZY    list :
09-25 13:19:20.557  5639  5639 D InputMethodManager: startInputInner - Id : 0
09-25 13:19:20.557  5639  5639 I InputMethodManager: startInputInner - mService.startInputOrWindowGainedFocus
09-25 13:19:20.557  1914  1914 D SurfaceFlinger: Display 4630947093241269891 HWC layers:
09-25 13:19:20.557  1914  1914 D SurfaceFlinger:      CLIENT | 0xb400007af6c13480 | 0100 | RGBx_8888    |  592.0    0.0 1628.0 2220.0 |    0    0 1440 3088 | Wallpaper BBQ wrapper#90
09-25 13:19:20.557  1914  1914 D SurfaceFlinger:      CLIENT | 0xb400007af86f9580 | 0100 | RGBA_8888    |    0.0    0.0 1440.0 3088.0 |    0    0 1440 3088 | com.sec.android.app.launcher/com.sec[...]rActivity$_5369#162054 (blurRegions)
09-25 13:19:20.557  1914  1914 D SurfaceFlinger:      DEVICE | 0xb400007af86f4180 | 0102 | RGBA_8888    |    0.0    0.0 1440.0 3088.0 |   82  176 1358 2912 | com.example.dogglers/com.example.dogglers.MainActivity$_5639#162072
09-25 13:19:20.557  1914  1914 D SurfaceFlinger:      DEVICE | 0xb400007af86ec680 | 0100 | RGBA_8888    |    0.0    0.0 1440.0 3088.0 |   82  176 1358 2912 | Splash Screen com.example.dogglers$_4768#162065
09-25 13:19:20.557  1914  1914 D SurfaceFlinger:      DEVICE | 0xb400007af6c14880 | 0100 | RGBA_8888    |    0.0    0.0 1440.0  100.0 |    0    0 1440  100 | StatusBar$_4768#95
09-25 13:19:20.557  1914  1914 D SurfaceFlinger:      DEVICE | 0xb400007af8705400 | 0100 | RGBA_8888    |    0.0    0.0   67.0  589.0 |    0  562   67 1151 | com.samsung.android.app.cocktailbars[...]vice.CocktailBarService$_8423#156853
09-25 13:19:20.557  1914  1914 D SurfaceFlinger:      DEVICE |
09-25 13:19:20.557  1914  1914 D SurfaceFlinger:  0xb400007af8705500 | 0100 | RGBA_8888    |    0.0    0.0  518.0   48.0 |  922 3040 1440 3088 | SGestureOverlayWindow$_5369#156268
09-25 13:19:20.557  1914  1914 D SurfaceFlinger:      DEVICE | 0xb400007af6c15880 | 0100 | RGBA_8888    |    0.0    0.0 1440.0  168.0 |    0 2920 1440 3088 | NavigationBar0$_4768#92
09-25 13:19:20.557  1914  1914 D SurfaceFlinger:
09-25 13:19:20.558  3108  8626 D InputMethodManagerService: DESKTOP MODE! : 2
09-25 13:19:20.558  3108  8626 D InputMethodManagerService: NOT IN KNOX DESKTOP MODE!
09-25 13:19:20.558  3108  8626 V InputMethodManagerService: getDisplayIdOfInputMethodWindowToBeAdded: displayId=0
09-25 13:19:20.558  3108  8626 D InputMethodManagerService: isImeSwitcherDisabledPackage : false
09-25 13:19:20.558  3108  8626 D InputMethodManagerService: checkDisplayOfStartInputAndUpdateKeyboard: displayId=0, mFocusedDisplayId=0
09-25 13:19:20.558  3108  8626 D InputTransport: Input channel constructed: 'ClientS', fd=1315
09-25 13:19:20.558  3108  8626 D InputTransport: Input channel destroyed: 'ClientS', fd=1315
09-25 13:19:20.559   586   586 I MSHandlerLifeCycle: check: return. pkg=com.google.android.inputmethod.latin isActivity=false callers=com.android.internal.policy.DecorView.setVisibility:4412 android.inputmethodservice.InkWindow.hide:100 android.inputmethodservice.InputMethodService$InputMethodImpl.unbindInput:875 android.inputmethodservice.IInputMethodWrapper.executeMessage:198 com.android.internal.os.HandlerCaller$MyHandler.handleMessage:44
09-25 13:19:20.559   586   586 I MSHandlerLifeCycle: removeMultiSplitHandler: no exist. decor=DecorView@722edec[]
09-25 13:19:20.560   586   586 I GoogleInputMethodService: GoogleInputMethodService.onFinishInput():3267
09-25 13:19:20.560  1809  1855 I HYPER-HAL: [RequestManager.cpp]releaseLocked(): Released ID : 4903169
09-25 13:19:20.561  1914  2139 I SurfaceFlinger: id=162076 createSurf, flag=24004, Surface(name=6a358c3 InputMethod)/@0x1a6cc79 - animation-leash of insets_animation#162076
09-25 13:19:20.561   586   586 I GoogleInputMethodService: GoogleInputMethodService.updateDeviceLockedStatus():2097 repeatCheckTimes = 0, locked = false
09-25 13:19:20.561   586   586 D InputMethodService: checkFocusedDisplay() display Id 0last 0
