09-25 13:19:17.202  5639  5703 I TestRunner: started: grid_list_button_is_displayed(com.example.dogglers.ButtonTests)
09-25 13:19:17.208  5639  5703 W Settings: Setting always_finish_activities has moved from android.provider.Settings.System to android.provider.Settings.Global, returning read-only value.
09-25 13:19:17.214  5639  5703 D CompatibilityChangeReporter: Compat change id reported: 160794467; UID 10577; state: ENABLED
09-25 13:19:17.215  3108  3230 I ChimeraSystemEventListener: appLaunchIntent package name is: com.example.dogglers
09-25 13:19:17.217  3108  5688 I SemDvfsHyPerManager: acquire hyper - AMS_APP_SWITCH/3108@23, type = -999
09-25 13:19:17.217  3108 29076 D RemoteAppTaskWatcher:  ****** RemoteAppTaskWatcher: Message Received 0 Task ID = 7105
09-25 13:19:17.218  1914  3199 I SurfaceFlinger: id=161904 createSurf, flag=24004, Task=7105#161904
09-25 13:19:17.220  1809  1855 I HYPER-HAL: [RequestManager.cpp]acquire(): Acquired ID : 4903169  [3108 / 23]    HINT : AMS_APP_SWITCH    list :
09-25 13:19:17.220  1914  3199 I SurfaceFlinger: id=161905 createSurf, flag=80004, ActivityRecord{d9585e8 u0 com.example.dogglers/androidx.test.core.app.InstrumentationActivityInvoker$BootstrapActivity} t7105}#161905
09-25 13:19:17.225  3108  6493 I SemDvfsHyPerManager: acquire hyper - AMS_APP_LAUNCH/3108@19, type = -999
09-25 13:19:17.225  5759  5759 E pageboostd: Received HALT command code 2
09-25 13:19:17.226  3108 29076 D RemoteAppTaskWatcher:  ****** RemoteAppTaskWatcher: Message Received 4 Task ID = 7105
09-25 13:19:17.226  3108 29076 D RemoteAppTaskWatcher:  ****** RemoteAppTaskWatcher: Message Received 0 Task ID = 7105
09-25 13:19:17.226  8328  8328 I SemDvfsHyPerManager: acquire hyper - APP_START_SHORT/8328@19, type = -999
09-25 13:19:17.227  5369  5369 I BaseActivity: removeActivityFlags, flags : 16
09-25 13:19:17.227  5369  5369 I BaseActivity: removeActivityFlags, flags : 6
09-25 13:19:17.227  5369  5369 I DragController: endDrag
09-25 13:19:17.227  5369  5369 W LauncherAppWidgetHost: setShouldListenFlag, mFlags:15 flag:resume on:false isFront:false
09-25 13:19:17.227  5369  5369 I SPayUpdater: updateSpayHandler launcher activity is paused false
09-25 13:19:17.228  5369 11129 I WidgetRotationImpl: unsubscribeWidgetFocus 80
09-25 13:19:17.228  1809  1855 I HYPER-HAL: [RequestManager.cpp]acquire(): Acquired ID : 4890647  [3108 / 19]    HINT : AMS_APP_LAUNCH    list :
09-25 13:19:17.231  2229  2229 I CameraService: onUidStateChanged: uid=10042, procState is changed. (0 -> 1)
09-25 13:19:17.232  3108  6492 D InputDispatcher: Focused application(0): ActivityRecord{d9585e8 u0 com.example.dogglers/androidx.test.core.app.InstrumentationActivityInvoker$BootstrapActivity} t7105}
09-25 13:19:17.232  1809  1855 I HYPER-HAL: [RequestManager.cpp]acquire(): Acquired ID : 34840397  [8328 / 19]    HINT : APP_START_LOW_HEAT    list : [TIMEOUT / 1500]
09-25 13:19:17.232  1809  1855 I HYPER-HAL: [RequestManager.cpp]releaseLocked(): Released ID : 34698617
09-25 13:19:17.233  4768  4851 D NativeCustomFrequencyManager: [NativeCFMS] BpCustomFrequencyManager::BpCustomFrequencyManager()
09-25 13:19:17.235  3108 29076 D RemoteAppTaskWatcher:  ****** RemoteAppTaskWatcher: Message Received 5 Task ID = 0
09-25 13:19:17.236  5369 11129 I IntelligentPlatformManagerImpl: unsubscribeWidgetFocus() id : 80
09-25 13:19:17.236  5369  5369 I TopTaskTracker: onTaskMovedToFront : taskId = 7105
09-25 13:19:17.237  3108  4073 D InputTransport: Input channel constructed: 'a1dfc53', fd=1562
09-25 13:19:17.237  3108  4073 D InputTransport: Input channel constructed: 'a1dfc53', fd=1563
09-25 13:19:17.237  3108  4073 D InputTransport: Input channel constructed: 'a1dfc53', fd=1565
09-25 13:19:17.237  1914  4196 I SurfaceFlinger: id=161906 createSurf, flag=80004, a1dfc53 Splash Screen com.example.dogglers#161906
09-25 13:19:17.238  3108  4073 D InputTransport: Input channel destroyed: 'a1dfc53', fd=1565
09-25 13:19:17.239  4768  4843 D InsetsController: onStateChanged: InsetsState: {mDisplayFrame=Rect(0, 0 - 1440, 3088), mDisplayCutout=DisplayCutout{insets=Rect(0, 100 - 0, 0) waterfall=Insets{left=0, top=0, right=0, bottom=0} boundingRect={Bounds=[Rect(0, 0 - 0, 0), Rect(685, 0 - 756, 100), Rect(0, 0 - 0, 0), Rect(0, 0 - 0, 0)]} cutoutPathParserInfo={CutoutPathParserInfo{displayWidth=1440 displayHeight=3088 physicalDisplayWidth=1440 physicalDisplayHeight=3088 density={3.75} cutoutSpec={M 0,0 H -9.466666666666667 V 26.66666666666667‬ H 9.466666666666667 V 0 H 0 Z @dp} rotation={0} scale={1.0} physicalPixelDisplaySizeRatio={1.0}}}}, mRoundedCorners=RoundedCorners{[RoundedCorner{position=TopLeft, radius=14, center=Point(14, 14)}, RoundedCorner{position=TopRight, radius=14, center=Point(1426, 14)}, RoundedCorner{position=BottomRight, radius=14, center=Point(1426, 3074)}, RoundedCorner{position=BottomLeft, radius=14, center=Point(14, 3074)}]}  mRoundedCornerFrame=Rect(0, 0 - 1440, 3088), mPrivacyIndicatorBounds=PrivacyIndicatorBounds {static bounds=Rect(1286, 0 - 1440, 100) rotation=0}, mSources= { InsetsSource: {mType=ITYPE_STATUS_BAR, mFrame=[0,0][1440,100], mVisible=true, mInsetsRoundedCornerFrame=false}, InsetsSource: {mType=ITYPE_NAVIGATION_BAR, mFrame=[0,3088][1440,3088], mVisible=true, mInsetsRoundedCornerFrame=false}, InsetsSource: {mType=ITYPE_LEFT_GESTURES, mFrame=[0,0][0,3088], mVisible=true, mInsetsRoundedCornerFrame=false}, InsetsSource: {mType=ITYPE_RIGHT_GESTURES, mFrame=[1440,0][1440,3088], mVisible=true, mInsetsRoundedCornerFrame=false}, InsetsSource: {mType=ITYPE_TOP_MANDATORY_GESTURES, mFrame=[0,0][1440,142], mVisible=true, mInsetsRoundedCornerFrame=false}, InsetsSource: {mType=ITYPE_BOTTOM_MANDATORY_GESTURES, mFrame=[0,3018][1440,3088], mVisible=true, mInsetsRoundedCornerFrame=false}, InsetsSource: {mType=ITYPE_LEFT_DISPLAY_CUTOUT, mFrame=[0,0][-100000,3088], mVisible=true, mInsetsRoundedCornerFrame=false}, InsetsSource: {mType=ITYPE_TOP_DISPLAY_CUTOUT, mFrame=[0,0][1440,100], mVisible=true, mInsetsRoundedCornerFrame=false}, InsetsSource: {mType=ITYPE_RIGHT_DISPLAY_CUTOUT, mFrame=[100000,0][1440,3088], mVisible=true, mInsetsRoundedCornerFrame=false}, InsetsSource: {mType=ITYPE_BOTTOM_DISPLAY_CUTOUT, mFrame=[0,100000][1440,3088], mVisible=true, mInsetsRoundedCornerFrame=false}, InsetsSource: {mType=ITYPE_TOP_TAPPABLE_ELEMENT, mFrame=[0,0][1440,100], mVisible=true, mInsetsRoundedCornerFrame=false}, InsetsSource: {mType=ITYPE_BOTTOM_TAPPABLE_ELEMENT, mFrame=[0,0][0,0], mVisible=true, mInsetsRoundedCornerFrame=false}, InsetsSource: {mType=ITYPE_IME, mFrame=[0,0][0,0], mVisibleFrame=[0,3088][1440,3088], mVisible=false, mInsetsRoundedCornerFrame=false} } host=Splash Screen com.example.dogglers from=android.view.ViewRootImpl.setView:1732
09-25 13:19:17.239  6586 10126 I SAMSUNGWALLET: [Hint_ProcessStatusChange] fg Change, pid : 5639 , isNotify : true , isForeground : true , fg list : []
09-25 13:19:17.239  6586 10126 I SAMSUNGWALLET: [ProcessStatusChange] fg Change, pid : 5639 , isNotify : true , isForeground : true , fg list : []
09-25 13:19:17.240  6586 25742 I SAMSUNGWALLET: [Hint_ProcessStatusChange] fg Change, pid : 5639 , isNotify : false , isForeground : true , fg list : []
09-25 13:19:17.240  6586 25742 I SAMSUNGWALLET: [ProcessStatusChange] fg Change, pid : 5639 , isNotify : false , isForeground : true , fg list : []
09-25 13:19:17.241  6586 17206 I SAMSUNGWALLET: [Hint_ProcessStatusChange] fg Change, pid : 5639 , isNotify : false , isForeground : true , fg list : []
09-25 13:19:17.241  6586 17206 I SAMSUNGWALLET: [ProcessStatusChange] fg Change, pid : 5639 , isNotify : false , isForeground : true , fg list : []
09-25 13:19:17.241  5639  5729 D OpenGLRenderer: RenderThread::requireGlContext()
09-25 13:19:17.242  5639  5729 I AdrenoGLES-0: QUALCOMM build                   : d44197479c, I2991b7e11e
09-25 13:19:17.242  5639  5729 I AdrenoGLES-0: Build Date                       : 05/31/23
09-25 13:19:17.242  5639  5729 I AdrenoGLES-0: OpenGL ES Shader Compiler Version: E031.41.03.36
09-25 13:19:17.242  5639  5729 I AdrenoGLES-0: Local Branch                     :
09-25 13:19:17.242  5639  5729 I AdrenoGLES-0: Remote Branch                    :
09-25 13:19:17.242  5639  5729 I AdrenoGLES-0: Remote Branch                    :
09-25 13:19:17.242  5639  5729 I AdrenoGLES-0: Reconstruct Branch               :
09-25 13:19:17.242  5639  5729 I AdrenoGLES-0: Build Config                     : S P 14.1.4 AArch64
09-25 13:19:17.242  5639  5729 I AdrenoGLES-0: Driver Path                      : /vendor/lib64/egl/libGLESv2_adreno.so
09-25 13:19:17.242  5639  5729 I AdrenoGLES-0: Driver Version                   : 0676.32
09-25 13:19:17.242  4768  4843 I ViewRootImpl@8392ea1[dogglers]: setView = android.widget.FrameLayout@61913dd TM=true
09-25 13:19:17.242 15286 15346 I Rubin   : [27752] t9.a.c(SourceFile:1) : Notify com.samsung.android.rubin.inferenceengine.contextanalytics.engine.loggers.d's database is updated.
09-25 13:19:17.242  6586  7522 I SAMSUNGWALLET: [ResetData] getSAResetDialogFlag : false
09-25 13:19:17.242  3108  4605 D AS.MultiSoundManager: mForegroundUid = 10577
09-25 13:19:17.244  8130 22051 I [AirCmd]_ActivitySwitchDetector: onTaskFocusChanged : taskId 7105
09-25 13:19:17.244  3108  3230 I SemPersonaManager: SecureFolder personaId = 150
09-25 13:19:17.247 15286 15346 I Rubin   : [27752] ha.e.m(SourceFile:6) : isSatisfiedByCmh is false
09-25 13:19:17.247  5639  5639 D LifecycleMonitor: Lifecycle status change: androidx.test.core.app.InstrumentationActivityInvoker$BootstrapActivity@3cd5ef0 in: PRE_ON_CREATE
09-25 13:19:17.247  1914  1914 I SurfaceFlinger: [c7375dc com.sec.android.app.launcher/com.sec.android.app.launcher.activities.LauncherActivity#176] FrameRatePriority: -1
09-25 13:19:17.248  4768  4843 I ViewRootImpl@8392ea1[dogglers]: performTraversals params={(0,0)(fillxfill) sim={adjust=pan} ty=APPLICATION_STARTING fmt=TRANSLUCENT wanim=0x1030001
09-25 13:19:17.248  4768  4843 I ViewRootImpl@8392ea1[dogglers]:   fl=81030118
09-25 13:19:17.248  4768  4843 I ViewRootImpl@8392ea1[dogglers]:   pfl=16000010
09-25 13:19:17.248  4768  4843 I ViewRootImpl@8392ea1[dogglers]:   bhv=DEFAULT
09-25 13:19:17.248  4768  4843 I ViewRootImpl@8392ea1[dogglers]:   fitSides= naviIconColor=0}
09-25 13:19:17.248  4768  4843 I ViewRootImpl@8392ea1[dogglers]: performTraversals mFirst=true windowShouldResize=true viewVisibilityChanged=false mForceNextWindowRelayout=false params={(0,0)(fillxfill) sim={adjust=pan} ty=APPLICATION_STARTING fmt=TRANSLUCENT wanim=0x1030001
09-25 13:19:17.248  4768  4843 I ViewRootImpl@8392ea1[dogglers]:   fl=81030118
09-25 13:19:17.248  4768  4843 I ViewRootImpl@8392ea1[dogglers]:   pfl=16000010
09-25 13:19:17.248  4768  4843 I ViewRootImpl@8392ea1[dogglers]:   bhv=DEFAULT
09-25 13:19:17.248  4768  4843 I ViewRootImpl@8392ea1[dogglers]:   fitSides= naviIconColor=0}
09-25 13:19:17.248  3108  3230 D EnterpriseDeviceManagerService: isMdmAdminPresentInternal() : MDM Admin Found - com.samsung.knox.securefolder
09-25 13:19:17.248  1914  1914 D SurfaceFlinger: GPIS:: requestGPIS
09-25 13:19:17.248  5639  5729 I AdrenoGLES-0: PFP: 0x01740158, ME: 0x00000000
09-25 13:19:17.249  5639  5639 V ActivityScenario: Activity lifecycle changed event received but ignored because the intent does not match. startActivityIntent=Intent { act=android.intent.action.MAIN cat=[android.intent.category.LAUNCHER] cmp=com.example.dogglers/.MainActivity }, activity.getIntent()=Intent { act=android.intent.action.MAIN cat=[android.intent.category.LAUNCHER] flg=0x10008000 cmp=com.example.dogglers/androidx.test.core.app.InstrumentationActivityInvoker$BootstrapActivity (has extras) }, activity=androidx.test.core.app.InstrumentationActivityInvoker$BootstrapActivity@3cd5ef0
09-25 13:19:17.249  3108  4073 V WindowManager: Relayout Window{a1dfc53 u0 Splash Screen com.example.dogglers}: viewVisibility=0 req=1440x3088 d0
09-25 13:19:17.250  1914  3199 I SurfaceFlinger: id=161907 createSurf, flag=40004, Splash Screen com.example.dogglers$_4768#161907
09-25 13:19:17.250  3108  4688 D NetdEventListenerService: DNS Requested by : 290, 1000
09-25 13:19:17.251  3108  4659 D TrafficStats: tagSocket(1564) with statsTag=0xffffffff, statsUid=-1
09-25 13:19:17.252  6586  7522 I SAMSUNGWALLET: [Hint_e] isHomePackageRunning topPkgName = com.example.dogglers, topClsName = androidx.test.core.app.InstrumentationActivityInvoker$BootstrapActivity, return false , se : false
09-25 13:19:17.252  8130 22051 I [AirCmd]_ActivitySwitchDetector: onTaskFocusChanged : componentName - ComponentInfo{com.example.dogglers/androidx.test.core.app.InstrumentationActivityInvoker$BootstrapActivity}
09-25 13:19:17.252  8130 22051 I [AirCmd]_ActivitySwitchDetector: onTaskFocusChanged : mTopMostActivity - ComponentInfo{com.sec.android.app.launcher/com.android.launcher3.uioverrides.QuickstepLauncher}
09-25 13:19:17.252  6586  6586 I SAMSUNGWALLET: [Hint_PayHintService] Hint Status - already invisible, skip hide : [4000000] - Home Package Not Running
09-25 13:19:17.253  6586  7669 I SAMSUNGWALLET: [ProcessMonitor] App went to background.
09-25 13:19:17.254  3108  4073 V WindowManager: Relayout hash=a1dfc53, pid=4768, syncId=-1: mAttrs={(0,0)(fillxfill) sim={adjust=pan} ty=APPLICATION_STARTING fmt=TRANSLUCENT wanim=0x1030001
09-25 13:19:17.254  3108  4073 V WindowManager:   fl=81030118
09-25 13:19:17.254  3108  4073 V WindowManager:   pfl=16000010
09-25 13:19:17.254  3108  4073 V WindowManager:   bhv=DEFAULT
09-25 13:19:17.254  3108  4073 V WindowManager:   fitSides= naviIconColor=0}
09-25 13:19:17.254  8130 22051 I [AirCmd]_CallbackRepeater: stopRepeat : isWorking=false
09-25 13:19:17.254  8130 22051 I [AirCmd]_MediaControlStateMonitor: isForegroundAppSupportsMediaButton : mediaSession is empty
09-25 13:19:17.254  8130 22051 I [AirCmd]_MediaControlStateMonitor: active Notification List is null
09-25 13:19:17.254  8130 22051 I [AirCmd]_RemoteSpenMainController: hasGeneralAction : packageName is com.example.dogglers, activityName is androidx.test.core.app.InstrumentationActivityInvoker$BootstrapActivity, hasActions is false
09-25 13:19:17.254  8130 22051 I [AirCmd]_CameraAvailabilityMonitor: isCameraPreviewOn : mIsCameraPreviewOn is false
09-25 13:19:17.255  4768  4843 I ViewRootImpl@8392ea1[dogglers]: updateBlastSurfaceIfNeeded mBlastBufferQueue=null isSameSurfaceControl=false
09-25 13:19:17.255  4768  4843 I BLASTBufferQueue: new BLASTBufferQueue, mName= ViewRootImpl@8392ea1[dogglers] mNativeObject= 0xb400007705019c80 sc.mNativeObject= 0xb400007721bcfe60 caller= android.view.ViewRootImpl.updateBlastSurfaceIfNeeded:2909 android.view.ViewRootImpl.relayoutWindow:9847 android.view.ViewRootImpl.performTraversals:3884 android.view.ViewRootImpl.doTraversal:3116 android.view.ViewRootImpl$TraversalRunnable.run:10885 android.view.Choreographer$CallbackRecord.run:1301 android.view.Choreographer$CallbackRecord.run:1309 android.view.Choreographer.doCallbacks:923 android.view.Choreographer.doFrame:852 android.view.Choreographer$FrameDisplayEventReceiver.run:1283
09-25 13:19:17.255  3108  6142 I MediaSessionMonitor: Media session stopped : controllerList empty
09-25 13:19:17.255  4768  4843 I BLASTBufferQueue: update, w= 1440 h= 3088 mName = ViewRootImpl@8392ea1[dogglers] mNativeObject= 0xb400007705019c80 sc.mNativeObject= 0xb400007721bcfe60 format= -3 caller= android.graphics.BLASTBufferQueue.<init>:84 android.view.ViewRootImpl.updateBlastSurfaceIfNeeded:2909 android.view.ViewRootImpl.relayoutWindow:9847 android.view.ViewRootImpl.performTraversals:3884 android.view.ViewRootImpl.doTraversal:3116 android.view.ViewRootImpl$TraversalRunnable.run:10885
09-25 13:19:17.255  4768  4843 I ViewRootImpl@8392ea1[dogglers]: Relayout returned: old=(0,0,1440,3088) new=(0,0,1440,3088) req=(1440,3088)0 dur=7 res=0x3 s={true 0xb4000076f4ce5800} ch=true seqId=0
09-25 13:19:17.256  4768  4843 I ViewRootImpl@8392ea1[dogglers]: performConfigurationChange setNightDimText nightDimLevel=0
09-25 13:19:17.256  4768  4843 I ViewRootImpl@8392ea1[dogglers]: mThreadedRenderer.initialize() mSurface={isValid=true 0xb4000076f4ce5800} hwInitialized=true
09-25 13:19:17.256  4768  4851 D OpenGLRenderer: eglCreateWindowSurface
09-25 13:19:17.256  8423  8423 I ActivityUtils: HomePackage : com.sec.android.app.launcher, resumePackageName : com.example.dogglers
09-25 13:19:17.256  4768  4843 I ViewRootImpl@8392ea1[dogglers]: reportNextDraw android.view.ViewRootImpl.performTraversals:4438 android.view.ViewRootImpl.doTraversal:3116 android.view.ViewRootImpl$TraversalRunnable.run:10885 android.view.Choreographer$CallbackRecord.run:1301 android.view.Choreographer$CallbackRecord.run:1309
09-25 13:19:17.256  4768  4843 I ViewRootImpl@8392ea1[dogglers]: Setup new sync id=0
09-25 13:19:17.256  4768  4843 I ViewRootImpl@8392ea1[dogglers]: Setting syncFrameCallback
09-25 13:19:17.256  4768  4843 I ViewRootImpl@8392ea1[dogglers]: registerCallbacksForSync syncBuffer=false
09-25 13:19:17.257  8130 22051 I [AirCmd]_CameraAvailabilityMonitor: isCameraPreviewOn : mIsCameraPreviewOn is false
09-25 13:19:17.258 15715 15752 I WindowsLink: (TaskInfoManager) +++++++++++onRecentTaskStackUpdated
09-25 13:19:17.259   949   949 I hwservicemanager: getTransport: Cannot find entry vendor.qti.qspmhal@1.0::IQspmhal/default in either framework or device VINTF manifest.
09-25 13:19:17.259  8130 22051 I [AirCmd]_MediaControlStateMonitor: isForegroundAppSupportsMediaButton : mediaSession is empty
09-25 13:19:17.260  8130 22051 I [AirCmd]_MediaControlStateMonitor: active Notification List is null
09-25 13:19:17.260  8130 22051 I [AirCmd]_PenActionRule: getAction : get default action data from remote action because pen action data is null.
09-25 13:19:17.260  8130 22051 I [AirCmd]_ButtonActionDetector: enableDoubleClickDetection: enabled=true, doubleClickWaitInterval=300
09-25 13:19:17.260  8130 22051 I [AirCmd]_RemoteSpenMainController: onSwitch : package is com.example.dogglers   and activity is androidx.test.core.app.InstrumentationActivityInvoker$BootstrapActivity and isBleConnected is false and hasActions is false
09-25 13:19:17.260  5639  5729 W Adreno-AppProfiles: Could not find QSPM HAL service. Skipping adreno profile processing.
09-25 13:19:17.263  5639  5639 I DecorView: [INFO] isPopOver=false config=true
09-25 13:19:17.263  5639  5639 I DecorView: updateCaptionType: isFloating=false isApplication=true hasWindowDecorCaption=false this=DecorView@66403fa[]
09-25 13:19:17.263  5639  5639 D DecorView: setCaptionType = 0, this = DecorView@66403fa[]
09-25 13:19:17.264  8328  8328 I SemDvfsHyPerManager: acquire hyper - APP_START/8328@21, type = -999
09-25 13:19:17.264  5639  5729 I AdrenoUtils: <ReadGpuID:408>: Reading chip ID through GSL
09-25 13:19:17.265  4768  4860 I ViewRootImpl@8392ea1[dogglers]: Received frameDrawingCallback syncResult=0 frameNum=1.
09-25 13:19:17.265  4768  4860 I ViewRootImpl@8392ea1[dogglers]: Setting up sync and frameCommitCallback
09-25 13:19:17.266  5639  5639 D CompatibilityChangeReporter: Compat change id reported: 210923482; UID 10577; state: DISABLED
09-25 13:19:17.266  5639  5639 D CompatibilityChangeReporter: Compat change id reported: 37756858; UID 10577; state: ENABLED
09-25 13:19:17.266  4768  4851 I BLASTBufferQueue: [ViewRootImpl@8392ea1[dogglers]#3965](f:0,a:0) onFrameAvailable the first frame is available
09-25 13:19:17.267  4768  4851 I ViewRootImpl@8392ea1[dogglers]: Received frameCommittedCallback lastAttemptedDrawFrameNum=1 didProduceBuffer=true
09-25 13:19:17.267  4768  4851 D OpenGLRenderer: CFMS:: SetUp Pid : 4768    Tid : 4851
09-25 13:19:17.267  5639  5639 I DecorView: getCurrentDensityDpi: from real metrics. densityDpi=560 msg=resources_loaded
09-25 13:19:17.268  5639  5639 I DecorView: setWindowBackground: isPopOver=false color=ff010101 d=android.graphics.drawable.StateListDrawable@4de65c6
09-25 13:19:17.268  5639  5639 D LifecycleMonitor: Lifecycle status change: androidx.test.core.app.InstrumentationActivityInvoker$BootstrapActivity@3cd5ef0 in: CREATED
09-25 13:19:17.268  5639  5639 V ActivityScenario: Activity lifecycle changed event received but ignored because the intent does not match. startActivityIntent=Intent { act=android.intent.action.MAIN cat=[android.intent.category.LAUNCHER] cmp=com.example.dogglers/.MainActivity }, activity.getIntent()=Intent { act=android.intent.action.MAIN cat=[android.intent.category.LAUNCHER] flg=0x10008000 cmp=com.example.dogglers/androidx.test.core.app.InstrumentationActivityInvoker$BootstrapActivity (has extras) }, activity=androidx.test.core.app.InstrumentationActivityInvoker$BootstrapActivity@3cd5ef0
09-25 13:19:17.269  5639  5639 D LifecycleMonitor: Lifecycle status change: androidx.test.core.app.InstrumentationActivityInvoker$BootstrapActivity@3cd5ef0 in: STARTED
09-25 13:19:17.269  5639  5639 V ActivityScenario: Activity lifecycle changed event received but ignored because the intent does not match. startActivityIntent=Intent { act=android.intent.action.MAIN cat=[android.intent.category.LAUNCHER] cmp=com.example.dogglers/.MainActivity }, activity.getIntent()=Intent { act=android.intent.action.MAIN cat=[android.intent.category.LAUNCHER] flg=0x10008000 cmp=com.example.dogglers/androidx.test.core.app.InstrumentationActivityInvoker$BootstrapActivity (has extras) }, activity=androidx.test.core.app.InstrumentationActivityInvoker$BootstrapActivity@3cd5ef0
09-25 13:19:17.270  4768  4843 I ViewRootImpl@8392ea1[dogglers]: onSyncComplete
09-25 13:19:17.270  4768  4843 I ViewRootImpl@8392ea1[dogglers]: setupSync seqId=0 mSyncId=0 fn=1 caller=android.view.ViewRootImpl$$ExternalSyntheticLambda11.accept:6 android.window.SurfaceSyncer.lambda$setupSync$1$android-window-SurfaceSyncer:128 android.window.SurfaceSyncer$$ExternalSyntheticLambda1.accept:8 android.window.SurfaceSyncer$SyncSet.checkIfSyncIsComplete:382 android.window.SurfaceSyncer$SyncSet.markSyncReady:359 android.window.SurfaceSyncer.markSyncReady:151 android.view.ViewRootImpl.performTraversals:4503
09-25 13:19:17.270  4768  4843 I ViewRootImpl@8392ea1[dogglers]: reportDrawFinished seqId=0 mSyncId=-1 fn=1 mSurfaceChangedTransaction=0xb400007731efaf00
09-25 13:19:17.271  1809  1855 I HYPER-HAL: [RequestManager.cpp]acquire(): Acquired ID : 34857096  [8328 / 21]    HINT : APP_START_LOW_HEAT    list :
09-25 13:19:17.272  1914  3199 I SurfaceFlinger: id=161908 createSurf, flag=24000, Surface(name=Task=1)/@0xeddbc98 - animation-leash of app_transition#161908
09-25 13:19:17.273  5639  5729 D OpenGLRenderer: RenderThread::setGrContext()
09-25 13:19:17.274  1914  3199 I SurfaceFlinger: id=161909 createSurf, flag=24004, Surface(name=Task=7105)/@0x5a341c8 - animation-leash of app_transition#161909
09-25 13:19:17.276  1914  3199 I SurfaceFlinger: id=161910 createSurf, flag=80000, 4c022da ActivityRecordInputSink com.example.dogglers/androidx.test.core.app.InstrumentationActivityInvoker$BootstrapActivity#161910
09-25 13:19:17.277  4768  4838 D Bubbles : onLocusVisibilityChanged: LocusId[17_chars] visible=false
09-25 13:19:17.278  3108  4602 I SearchManagerService: _updateSearchables completed.
09-25 13:19:17.279  1914  3199 I SurfaceFlinger: id=161911 createSurf, flag=80004, ActivityRecord{1c18c5b u0 com.example.dogglers/.MainActivity} t7105}#161911
09-25 13:19:17.281  1914  3199 I SurfaceFlinger: id=161912 createSurf, flag=80000, 16e8f6a ActivityRecordInputSink com.example.dogglers/.MainActivity#161912
09-25 13:19:17.282  4768  4825 I ViewRootImpl@8392ea1[dogglers]: Resizing android.view.ViewRootImpl@6a8fb52: frame = [0,0][1440,3088] reportDraw = false forceLayout = false syncSeqId = 0
09-25 13:19:17.282  4768  4843 I ViewRootImpl@8392ea1[dogglers]: handleResized, msg = 4 frames=ClientWindowFrames{frame=[0,0][1440,3088] display=[0,0][1440,3088] parentFrame=[0,0][0,0] parentClippedByDisplayCutout=false} forceNextWindowRelayout=false displayId=0 resizeMode=-1 frameChanged=false displayFrameChanged=false configChanged=false displayChanged=false
09-25 13:19:17.283  5639  5639 D LifecycleMonitor: Lifecycle status change: androidx.test.core.app.InstrumentationActivityInvoker$BootstrapActivity@3cd5ef0 in: RESUMED
09-25 13:19:17.283  3108  3230 D PersonaActivityHelper: Activity not in resumed state, do not run immediate lock
09-25 13:19:17.283  5639  5639 V ActivityScenario: Activity lifecycle changed event received but ignored because the intent does not match. startActivityIntent=Intent { act=android.intent.action.MAIN cat=[android.intent.category.LAUNCHER] cmp=com.example.dogglers/.MainActivity }, activity.getIntent()=Intent { act=android.intent.action.MAIN cat=[android.intent.category.LAUNCHER] flg=0x10008000 cmp=com.example.dogglers/androidx.test.core.app.InstrumentationActivityInvoker$BootstrapActivity (has extras) }, activity=androidx.test.core.app.InstrumentationActivityInvoker$BootstrapActivity@3cd5ef0
09-25 13:19:17.283  5759  5759 E pageboostd: Received HALT command code 2
09-25 13:19:17.284  5639  5639 D LifecycleMonitor: Lifecycle status change: androidx.test.core.app.InstrumentationActivityInvoker$BootstrapActivity@3cd5ef0 in: PAUSED
09-25 13:19:17.284  5639  5639 V ActivityScenario: Activity lifecycle changed event received but ignored because the intent does not match. startActivityIntent=Intent { act=android.intent.action.MAIN cat=[android.intent.category.LAUNCHER] cmp=com.example.dogglers/.MainActivity }, activity.getIntent()=Intent { act=android.intent.action.MAIN cat=[android.intent.category.LAUNCHER] flg=0x10008000 cmp=com.example.dogglers/androidx.test.core.app.InstrumentationActivityInvoker$BootstrapActivity (has extras) }, activity=androidx.test.core.app.InstrumentationActivityInvoker$BootstrapActivity@3cd5ef0
09-25 13:19:17.285  3108  6492 D InputDispatcher: Focused application(0): ActivityRecord{1c18c5b u0 com.example.dogglers/.MainActivity} t7105}
09-25 13:19:17.286  3108 29076 D RemoteAppTaskWatcher:  ****** RemoteAppTaskWatcher: Message Received 5 Task ID = 0
09-25 13:19:17.288  3108  3230 I SemPersonaManager: SecureFolder personaId = 150
09-25 13:19:17.291  3108  6472 D InputDispatcher: Focus request (0): <null> but waiting because NOT_FOCUSABLE
09-25 13:19:17.291  3108  6472 D InputDispatcher: Focus left window (0): c7375dc com.sec.android.app.launcher/com.sec.android.app.launcher.activities.LauncherActivity
09-25 13:19:17.291 15715 15752 I WindowsLink: (TaskInfoManager) +++++++++++onRecentTaskStackUpdated
09-25 13:19:17.291  5369  5369 I ViewRootImpl@7533534[LauncherActivity]: MSG_WINDOW_FOCUS_CHANGED 0 0
09-25 13:19:17.291  5369  5369 I BaseActivity: removeActivityFlags, flags : 8
09-25 13:19:17.292  3108  3230 D EnterpriseDeviceManagerService: isMdmAdminPresentInternal() : MDM Admin Found - com.samsung.knox.securefolder
09-25 13:19:17.294  3108  6142 I MediaSessionMonitor: Media session stopped : controllerList empty
09-25 13:19:17.295  8423  8423 I ActivityUtils: HomePackage : com.sec.android.app.launcher, resumePackageName : com.example.dogglers
09-25 13:19:17.299  5639  5639 D LifecycleMonitor: Lifecycle status change: com.example.dogglers.MainActivity@1c55faa in: PRE_ON_CREATE
09-25 13:19:17.299  5639  5639 V ActivityScenario: Activity lifecycle changed event received but ignored because the reported transition was not ON_CREATE while the last known transition was PRE_ON_CREATE
09-25 13:19:17.323  5639  5639 I DecorView: [INFO] isPopOver=false config=true
09-25 13:19:17.323  5639  5639 I DecorView: updateCaptionType: isFloating=false isApplication=true hasWindowDecorCaption=false this=DecorView@7ad5ab3[]
09-25 13:19:17.323  5639  5639 D DecorView: setCaptionType = 0, this = DecorView@7ad5ab3[]
09-25 13:19:17.324  5639  5639 I DecorView: getCurrentDensityDpi: from real metrics. densityDpi=560 msg=resources_loaded
09-25 13:19:17.324  5639  5639 I DecorView: setWindowBackground: isPopOver=false color=ff121212 d=android.graphics.drawable.ColorDrawable@dcbf7e9
09-25 13:19:17.329  1914  2024 I VSyncReactor: Current= 24, TransitioningTo= 120, hwcPeriod= 24, Distance= 0
09-25 13:19:17.331  5639  5639 W xample.dogglers: Accessing hidden method Landroid/view/View;->computeFitSystemWindows(Landroid/graphics/Rect;Landroid/graphics/Rect;)Z (unsupported, reflection, allowed)
09-25 13:19:17.331  5639  5639 W xample.dogglers: Accessing hidden method Landroid/view/ViewGroup;->makeOptionalFitsSystemWindows()V (unsupported, reflection, allowed)
09-25 13:19:17.333  5639  5639 D LifecycleMonitor: Lifecycle status change: com.example.dogglers.MainActivity@1c55faa in: CREATED
09-25 13:19:17.333  5639  5639 V ActivityScenario: Update currentActivityStage to CREATED, currentActivity=com.example.dogglers.MainActivity@1c55faa
09-25 13:19:17.333  5639  5639 D LifecycleMonitor: Lifecycle status change: com.example.dogglers.MainActivity@1c55faa in: STARTED
09-25 13:19:17.333  5639  5639 V ActivityScenario: Update currentActivityStage to STARTED, currentActivity=com.example.dogglers.MainActivity@1c55faa
09-25 13:19:17.334  5639  5639 D LifecycleMonitor: Lifecycle status change: com.example.dogglers.MainActivity@1c55faa in: RESUMED
09-25 13:19:17.334  5639  5639 V ActivityScenario: Update currentActivityStage to RESUMED, currentActivity=com.example.dogglers.MainActivity@1c55faa
09-25 13:19:17.335  5639  5639 I MSHandlerLifeCycle: check: return. pkg=com.example.dogglers parent=null callers=com.android.internal.policy.DecorView.setVisibility:4412 android.app.ActivityThread.handleResumeActivity:5476 android.app.servertransaction.ResumeActivityItem.execute:54 android.app.servertransaction.ActivityTransactionItem.execute:45 android.app.servertransaction.TransactionExecutor.executeLifecycleState:176
09-25 13:19:17.335  5639  5639 I MSHandlerLifeCycle: removeMultiSplitHandler: no exist. decor=DecorView@7ad5ab3[]
09-25 13:19:17.340  5639  5729 D NativeCustomFrequencyManager: [NativeCFMS] BpCustomFrequencyManager::BpCustomFrequencyManager()
09-25 13:19:17.340  5639  5703 D EventInjectionStrategy: Creating injection strategy with input manager.
09-25 13:19:17.341  5639  5703 W xample.dogglers: Accessing hidden method Landroid/hardware/input/InputManager;->getInstance()Landroid/hardware/input/InputManager; (unsupported, reflection, allowed)
09-25 13:19:17.341  5639  5703 W xample.dogglers: Accessing hidden method Landroid/hardware/input/InputManager;->injectInputEvent(Landroid/view/InputEvent;I)Z (unsupported, reflection, allowed)
09-25 13:19:17.341  5639  5703 W xample.dogglers: Accessing hidden field Landroid/hardware/input/InputManager;->INJECT_INPUT_EVENT_MODE_WAIT_FOR_FINISH:I (unsupported, reflection, allowed)
09-25 13:19:17.342  3108  6493 D InputTransport: Input channel constructed: 'f68b827', fd=1607
09-25 13:19:17.342  3108  6493 D InputTransport: Input channel constructed: 'f68b827', fd=1608
09-25 13:19:17.342  3108  6493 D InputTransport: Input channel constructed: 'f68b827', fd=1609
09-25 13:19:17.343  1914  3199 I SurfaceFlinger: id=161913 createSurf, flag=80004, f68b827 com.example.dogglers/com.example.dogglers.MainActivity#161913
09-25 13:19:17.344  3108  6493 D InputTransport: Input channel destroyed: 'f68b827', fd=1609
09-25 13:19:17.344  5639  5639 D InsetsController: onStateChanged: InsetsState: {mDisplayFrame=Rect(0, 0 - 1440, 3088), mDisplayCutout=DisplayCutout{insets=Rect(0, 100 - 0, 0) waterfall=Insets{left=0, top=0, right=0, bottom=0} boundingRect={Bounds=[Rect(0, 0 - 0, 0), Rect(685, 0 - 756, 100), Rect(0, 0 - 0, 0), Rect(0, 0 - 0, 0)]} cutoutPathParserInfo={CutoutPathParserInfo{displayWidth=1440 displayHeight=3088 physicalDisplayWidth=1440 physicalDisplayHeight=3088 density={3.75} cutoutSpec={M 0,0 H -9.466666666666667 V 26.66666666666667‬ H 9.466666666666667 V 0 H 0 Z @dp} rotation={0} scale={1.0} physicalPixelDisplaySizeRatio={1.0}}}}, mRoundedCorners=RoundedCorners{[RoundedCorner{position=TopLeft, radius=14, center=Point(14, 14)}, RoundedCorner{position=TopRight, radius=14, center=Point(1426, 14)}, RoundedCorner{position=BottomRight, radius=14, center=Point(1426, 3074)}, RoundedCorner{position=BottomLeft, radius=14, center=Point(14, 3074)}]}  mRoundedCornerFrame=Rect(0, 0 - 1440, 3088), mPrivacyIndicatorBounds=PrivacyIndicatorBounds {static bounds=Rect(1286, 0 - 1440, 100) rotation=0}, mSources= { InsetsSource: {mType=ITYPE_STATUS_BAR, mFrame=[0,0][1440,100], mVisible=true, mInsetsRoundedCornerFrame=false}, InsetsSource: {mType=ITYPE_NAVIGATION_BAR, mFrame=[0,3088][1440,3088], mVisible=true, mInsetsRoundedCornerFrame=false}, InsetsSource: {mType=ITYPE_LEFT_GESTURES, mFrame=[0,0][0,3088], mVisible=true, mInsetsRoundedCornerFrame=false}, InsetsSource: {mType=ITYPE_RIGHT_GESTURES, mFrame=[1440,0][1440,3088], mVisible=true, mInsetsRoundedCornerFrame=false}, InsetsSource: {mType=ITYPE_TOP_MANDATORY_GESTURES, mFrame=[0,0][1440,142], mVisible=true, mInsetsRoundedCornerFrame=false}, InsetsSource: {mType=ITYPE_BOTTOM_MANDATORY_GESTURES, mFrame=[0,3018][1440,3088], mVisible=true, mInsetsRoundedCornerFrame=false}, InsetsSource: {mType=ITYPE_LEFT_DISPLAY_CUTOUT, mFrame=[0,0][-100000,3088], mVisible=true, mInsetsRoundedCornerFrame=false}, InsetsSource: {mType=ITYPE_TOP_DISPLAY_CUTOUT, mFrame=[0,0][1440,100], mVisible=true, mInsetsRoundedCornerFrame=false}, InsetsSource: {mType=ITYPE_RIGHT_DISPLAY_CUTOUT, mFrame=[100000,0][1440,3088], mVisible=true, mInsetsRoundedCornerFrame=false}, InsetsSource: {mType=ITYPE_BOTTOM_DISPLAY_CUTOUT, mFrame=[0,100000][1440,3088], mVisible=true, mInsetsRoundedCornerFrame=false}, InsetsSource: {mType=ITYPE_TOP_TAPPABLE_ELEMENT, mFrame=[0,0][1440,100], mVisible=true, mInsetsRoundedCornerFrame=false}, InsetsSource: {mType=ITYPE_BOTTOM_TAPPABLE_ELEMENT, mFrame=[0,0][0,0], mVisible=true, mInsetsRoundedCornerFrame=false}, InsetsSource: {mType=ITYPE_IME, mFrame=[0,0][0,0], mVisibleFrame=[0,3088][1440,3088], mVisible=false, mInsetsRoundedCornerFrame=false} } host=com.example.dogglers/com.example.dogglers.MainActivity from=android.view.ViewRootImpl.setView:1732
09-25 13:19:17.346  5639  5639 I ViewRootImpl@12ac615[MainActivity]: setView = com.android.internal.policy.DecorView@7ad5ab3 TM=true
09-25 13:19:17.347  5639  5639 I MSHandlerLifeCycle: removeMultiSplitHandler: no exist. decor=DecorView@7ad5ab3[MainActivity]
09-25 13:19:17.347  5639  5639 I IDS_TAG : Clearing training data of android.app.Application@43df44a
09-25 13:19:17.347  5639  5639 D IDS_TAG : Starting IDS observe window
09-25 13:19:17.347  5639  5639 D IDS_TAG : Getting Shared Preference for android.app.Application@43df44a uid = 10577
09-25 13:19:17.348  5639  5639 D IDS_TAG : App android.app.Application@43df44a has not finished training
09-25 13:19:17.348  3108  3338 D AnalyticsContainerHandler: handleMessage : { when=0 what=1 target=com.android.server.knox.KnoxAnalyticsContainer$AnalyticsHandler }
09-25 13:19:17.348  5639  5639 D IDS_TAG : Closing IDS observe window
09-25 13:19:17.348  5639  5639 D IDS_TAG : Getting Shared Preference for android.app.Application@43df44a uid = 10577
09-25 13:19:17.349  5639  5639 D IDS_TAG : IDS count updated to 1 for android.app.Application@43df44a
09-25 13:19:17.355  5639  5639 I ViewRootImpl@12ac615[MainActivity]: performTraversals params={(0,0)(fillxfill) sim={adjust=pan forwardNavigation} ty=BASE_APPLICATION wanim=0x1030309
09-25 13:19:17.355  5639  5639 I ViewRootImpl@12ac615[MainActivity]:   fl=81810100
09-25 13:19:17.355  5639  5639 I ViewRootImpl@12ac615[MainActivity]:   pfl=12020040
09-25 13:19:17.355  5639  5639 I ViewRootImpl@12ac615[MainActivity]:   bhv=DEFAULT
09-25 13:19:17.355  5639  5639 I ViewRootImpl@12ac615[MainActivity]:   fitSides= naviIconColor=0}
09-25 13:19:17.355  5639  5639 I ViewRootImpl@12ac615[MainActivity]: performTraversals mFirst=true windowShouldResize=true viewVisibilityChanged=false mForceNextWindowRelayout=false params={(0,0)(fillxfill) sim={adjust=pan forwardNavigation} ty=BASE_APPLICATION wanim=0x1030309
09-25 13:19:17.355  5639  5639 I ViewRootImpl@12ac615[MainActivity]:   fl=81810100
09-25 13:19:17.355  5639  5639 I ViewRootImpl@12ac615[MainActivity]:   pfl=12020040
09-25 13:19:17.355  5639  5639 I ViewRootImpl@12ac615[MainActivity]:   bhv=DEFAULT
09-25 13:19:17.355  5639  5639 I ViewRootImpl@12ac615[MainActivity]:   fitSides= naviIconColor=0}
09-25 13:19:17.355  3108  4923 V WindowManager: Relayout Window{f68b827 u0 com.example.dogglers/com.example.dogglers.MainActivity}: viewVisibility=0 req=1440x3088 d0
09-25 13:19:17.356  1914  3199 I SurfaceFlinger: id=161914 createSurf, flag=40004, com.example.dogglers/com.example.dogglers.MainActivity$_5639#161914
09-25 13:19:17.359  1914  3199 I SurfaceFlinger: id=161915 createSurf, flag=24000, Surface(name=4eb27f5 StatusBar)/@0x43fa543 - animation-leash of insets_animation#161915
09-25 13:19:17.360  1914  3199 I SurfaceFlinger: id=161916 createSurf, flag=24000, Surface(name=d110b4c NavigationBar0)/@0x8bdb781 - animation-leash of insets_animation#161916
09-25 13:19:17.360  3108  4923 V WindowManager: Relayout hash=f68b827, pid=5639, syncId=-1: mAttrs={(0,0)(fillxfill) sim={adjust=pan forwardNavigation} ty=BASE_APPLICATION wanim=0x1030309
09-25 13:19:17.360  3108  4923 V WindowManager:   fl=81810100
09-25 13:19:17.360  3108  4923 V WindowManager:   pfl=12020040
09-25 13:19:17.360  3108  4923 V WindowManager:   bhv=DEFAULT
09-25 13:19:17.360  3108  4923 V WindowManager:   fitSides= naviIconColor=0}
09-25 13:19:17.360  5369  8226 I TouchInteractionService: onSystemUiStateChanged, stateFlags : 131120 |a11y_click|a11y_long_click|allow_gesture|
09-25 13:19:17.361  5639  5639 I ViewRootImpl@12ac615[MainActivity]: updateBlastSurfaceIfNeeded mBlastBufferQueue=null isSameSurfaceControl=false
09-25 13:19:17.361  5639  5639 E BufferQueueProducer: Unable to open libpenguin.so: dlopen failed: library "libpenguin.so" not found.
09-25 13:19:17.361  5639  5639 I BLASTBufferQueue: new BLASTBufferQueue, mName= ViewRootImpl@12ac615[MainActivity] mNativeObject= 0xb40000774d4cf180 sc.mNativeObject= 0xb40000774d339520 caller= android.view.ViewRootImpl.updateBlastSurfaceIfNeeded:2909 android.view.ViewRootImpl.relayoutWindow:9847 android.view.ViewRootImpl.performTraversals:3884 android.view.ViewRootImpl.doTraversal:3116 android.view.ViewRootImpl$TraversalRunnable.run:10885 android.view.Choreographer$CallbackRecord.run:1301 android.view.Choreographer$CallbackRecord.run:1309 android.view.Choreographer.doCallbacks:923 android.view.Choreographer.doFrame:852 android.view.Choreographer$FrameDisplayEventReceiver.run:1283
09-25 13:19:17.362  5639  5639 I BLASTBufferQueue: update, w= 1440 h= 3088 mName = ViewRootImpl@12ac615[MainActivity] mNativeObject= 0xb40000774d4cf180 sc.mNativeObject= 0xb40000774d339520 format= -1 caller= android.graphics.BLASTBufferQueue.<init>:84 android.view.ViewRootImpl.updateBlastSurfaceIfNeeded:2909 android.view.ViewRootImpl.relayoutWindow:9847 android.view.ViewRootImpl.performTraversals:3884 android.view.ViewRootImpl.doTraversal:3116 android.view.ViewRootImpl$TraversalRunnable.run:10885
09-25 13:19:17.362  5639  5639 I ViewRootImpl@12ac615[MainActivity]: Relayout returned: old=(0,0,1440,3088) new=(0,0,1440,3088) req=(1440,3088)0 dur=6 res=0x3 s={true 0xb40000774d4ac000} ch=true seqId=0
09-25 13:19:17.362  5639  5639 I ViewRootImpl@12ac615[MainActivity]: performConfigurationChange setNightDimText nightDimLevel=0
09-25 13:19:17.362  5639  5639 I ViewRootImpl@12ac615[MainActivity]: mThreadedRenderer.initialize() mSurface={isValid=true 0xb40000774d4ac000} hwInitialized=true
09-25 13:19:17.363  1914  1914 I DisplayDevice: [Display 4630947093241269891 (internal, primary, "")] ActiveConfigToHWC, ID : 0
09-25 13:19:17.363  1914  1914 I LayerHistory: StatusBar$_4768#95 voted 1, 0.00 fps
09-25 13:19:17.363  1914  1914 I LayerHistory: com.sec.android.app.launcher/com.sec.android.app.launcher.activities.LauncherActivity$_5369#161898 Max (can't resolve refresh rate)
09-25 13:19:17.363  1914  1914 I SurfaceFlinger: Touch - choose 120.00 Hz
09-25 13:19:17.363  5639  5639 I ViewRootImpl@12ac615[MainActivity]: reportNextDraw android.view.ViewRootImpl.performTraversals:4438 android.view.ViewRootImpl.doTraversal:3116 android.view.ViewRootImpl$TraversalRunnable.run:10885 android.view.Choreographer$CallbackRecord.run:1301 android.view.Choreographer$CallbackRecord.run:1309
09-25 13:19:17.364  5639  5639 I ViewRootImpl@12ac615[MainActivity]: Setup new sync id=0
09-25 13:19:17.364  5639  5639 I ViewRootImpl@12ac615[MainActivity]: Setting syncFrameCallback
09-25 13:19:17.364  5639  5639 I ViewRootImpl@12ac615[MainActivity]: registerCallbacksForSync syncBuffer=false
09-25 13:19:17.375  1914  2024 I VSyncReactor: Current= 24, TransitioningTo= 120, hwcPeriod= 120, Distance= 24
09-25 13:19:17.376  1839  2145 I SDM     : HWCColorModeStc::GetColorModeCount: Supported color mode count = 3
09-25 13:19:17.376  1839  2145 I SDM     : HWCColorModeStc::GetColorModes: Color mode = 0 is supported
09-25 13:19:17.376  1839  2145 I SDM     : HWCColorModeStc::GetColorModes: Color mode = 7 is supported
09-25 13:19:17.376  1839  2145 I SDM     : HWCColorModeStc::GetColorModes: Color mode = 9 is supported
09-25 13:19:17.377  1839  2145 I SDM     : HWDeviceDRM::SetDisplaySwitchMode: [DispConfigs] check hs_mode 1
09-25 13:19:17.377  1839  2145 W SDM     : HWDeviceDRM::GetSupportedBitClkRate: Requested rate not supported: 1362080000
09-25 13:19:17.377  1839  2145 I SDM     : HWDeviceDRM::SetDisplaySwitchMode: [DispConfigs] Set mode index:0 1440x3088x120xcmdHS, hs_mode(1), found_mode(1)
09-25 13:19:17.377  1839  2145 I SDM     : HWDeviceDRM::UpdateMixerAttributes: Mixer WxH 1440x3088-1 for Peripheral
09-25 13:19:17.377  1839  2145 I SDM     : HWCDisplay::SubmitDisplayConfig: Active configuration changed from config 5 to 0
09-25 13:19:17.377  5639  5729 D OpenGLRenderer: eglCreateWindowSurface
09-25 13:19:17.380  1914  1914 I Scheduler: DisplayModeChanged : 0
09-25 13:19:17.383  5639  5772 I ViewRootImpl@12ac615[MainActivity]: Received frameDrawingCallback syncResult=0 frameNum=1.
09-25 13:19:17.383  5639  5772 I ViewRootImpl@12ac615[MainActivity]: Setting up sync and frameCommitCallback
09-25 13:19:17.383  5369  5369 I BadgeRenderer: Invalid count : 0
09-25 13:19:17.385  3108  6139 D LiftUpHandler: [LTW] Stopped already.
09-25 13:19:17.385  2749  2946 W MessageQueue: Handler (android.hardware.display.DisplayManagerGlobal$DisplayListenerDelegate) {8be4a52} sending message to a Handler on a dead thread
09-25 13:19:17.385  2749  2946 W MessageQueue: java.lang.IllegalStateException: Handler (android.hardware.display.DisplayManagerGlobal$DisplayListenerDelegate) {8be4a52} sending message to a Handler on a dead thread
09-25 13:19:17.385  2749  2946 W MessageQueue: 	at android.os.MessageQueue.enqueueMessage(MessageQueue.java:560)
09-25 13:19:17.385  2749  2946 W MessageQueue: 	at android.os.Handler.enqueueMessage(Handler.java:778)
09-25 13:19:17.385  2749  2946 W MessageQueue: 	at android.os.Handler.sendMessageAtTime(Handler.java:727)
09-25 13:19:17.385  2749  2946 W MessageQueue: 	at android.os.Handler.sendMessageDelayed(Handler.java:697)
09-25 13:19:17.385  2749  2946 W MessageQueue: 	at android.os.Handler.sendMessage(Handler.java:635)
09-25 13:19:17.385  2749  2946 W MessageQueue: 	at android.hardware.display.DisplayManagerGlobal$DisplayListenerDelegate.sendDisplayEvent(DisplayManagerGlobal.java:1628)
09-25 13:19:17.385  2749  2946 W MessageQueue: 	at android.hardware.display.DisplayManagerGlobal.handleDisplayEvent(DisplayManagerGlobal.java:489)
09-25 13:19:17.385  2749  2946 W MessageQueue: 	at android.hardware.display.DisplayManagerGlobal.-$$Nest$mhandleDisplayEvent(Unknown Source:0)
09-25 13:19:17.385  2749  2946 W MessageQueue: 	at android.hardware.display.DisplayManagerGlobal$DisplayManagerCallback.onDisplayEvent(DisplayManagerGlobal.java:1575)
09-25 13:19:17.385  2749  2946 W MessageQueue: 	at android.hardware.display.IDisplayManagerCallback$Stub.onTransact(IDisplayManagerCallback.java:120)
09-25 13:19:17.385  2749  2946 W MessageQueue: 	at android.os.Binder.execTransactInternal(Binder.java:1321)
09-25 13:19:17.385  2749  2946 W MessageQueue: 	at android.os.Binder.execTransact(Binder.java:1280)
09-25 13:19:17.385  3108  3108 D AODManagerService: requestReCalToTSP IsSingleTouchMode = false / previousDisplayState = ON
09-25 13:19:17.385  2749  2946 W MessageQueue: Handler (android.hardware.display.DisplayManagerGlobal$DisplayListenerDelegate) {2795126} sending message to a Handler on a dead thread
09-25 13:19:17.385  2749  2946 W MessageQueue: java.lang.IllegalStateException: Handler (android.hardware.display.DisplayManagerGlobal$DisplayListenerDelegate) {2795126} sending message to a Handler on a dead thread
09-25 13:19:17.385  2749  2946 W MessageQueue: 	at android.os.MessageQueue.enqueueMessage(MessageQueue.java:560)
09-25 13:19:17.385  2749  2946 W MessageQueue: 	at android.os.Handler.enqueueMessage(Handler.java:778)
09-25 13:19:17.385  2749  2946 W MessageQueue: 	at android.os.Handler.sendMessageAtTime(Handler.java:727)
09-25 13:19:17.385  2749  2946 W MessageQueue: 	at android.os.Handler.sendMessageDelayed(Handler.java:697)
09-25 13:19:17.385  2749  2946 W MessageQueue: 	at android.os.Handler.sendMessage(Handler.java:635)
09-25 13:19:17.385  2749  2946 W MessageQueue: 	at android.hardware.display.DisplayManagerGlobal$DisplayListenerDelegate.sendDisplayEvent(DisplayManagerGlobal.java:1628)
09-25 13:19:17.385  2749  2946 W MessageQueue: 	at android.hardware.display.DisplayManagerGlobal.handleDisplayEvent(DisplayManagerGlobal.java:489)
09-25 13:19:17.385  2749  2946 W MessageQueue: 	at android.hardware.display.DisplayManagerGlobal.-$$Nest$mhandleDisplayEvent(Unknown Source:0)
09-25 13:19:17.385  2749  2946 W MessageQueue: 	at android.hardware.display.DisplayManagerGlobal$DisplayManagerCallback.onDisplayEvent(DisplayManagerGlobal.java:1575)
09-25 13:19:17.385  2749  2946 W MessageQueue: 	at android.hardware.display.IDisplayManagerCallback$Stub.onTransact(IDisplayManagerCallback.java:120)
09-25 13:19:17.385  2749  2946 W MessageQueue: 	at android.os.Binder.execTransactInternal(Binder.java:1321)
09-25 13:19:17.385  2749  2946 W MessageQueue: 	at android.os.Binder.execTransact(Binder.java:1280)
09-25 13:19:17.386  3108 29076 D RemoteAppTaskWatcher:  ****** RemoteAppTaskWatcher: Message Received 4 Task ID = 7105
09-25 13:19:17.386  3108 29076 D RemoteAppTaskWatcher:  ****** RemoteAppTaskWatcher: Message Received 4 Task ID = 6591
09-25 13:19:17.386  3108 29076 D RemoteAppTaskWatcher:  ****** RemoteAppTaskWatcher: Message Received 4 Task ID = 6898
09-25 13:19:17.386  3108 29076 D RemoteAppTaskWatcher:  ****** RemoteAppTaskWatcher: Message Received 4 Task ID = 6869
09-25 13:19:17.386  3108 29076 D RemoteAppTaskWatcher:  ****** RemoteAppTaskWatcher: Message Received 4 Task ID = 6904
09-25 13:19:17.386  3108 29076 D RemoteAppTaskWatcher:  ****** RemoteAppTaskWatcher: Message Received 4 Task ID = 6966
09-25 13:19:17.386  3108 29076 D RemoteAppTaskWatcher:  ****** RemoteAppTaskWatcher: Message Received 4 Task ID = 6883
09-25 13:19:17.386  3108 29076 D RemoteAppTaskWatcher:  ****** RemoteAppTaskWatcher: Message Received 4 Task ID = 6959
09-25 13:19:17.386  3108 29076 D RemoteAppTaskWatcher:  ****** RemoteAppTaskWatcher: Message Received 4 Task ID = 6911
09-25 13:19:17.386  3108 29076 D RemoteAppTaskWatcher:  ****** RemoteAppTaskWatcher: Message Received 4 Task ID = 6854
09-25 13:19:17.386  3108 29076 D RemoteAppTaskWatcher:  ****** RemoteAppTaskWatcher: Message Received 4 Task ID = 6942
09-25 13:19:17.386  3108 29076 D RemoteAppTaskWatcher:  ****** RemoteAppTaskWatcher: Message Received 4 Task ID = 6941
09-25 13:19:17.386  3108 29076 D RemoteAppTaskWatcher:  ****** RemoteAppTaskWatcher: Message Received 4 Task ID = 6910
09-25 13:19:17.386  2749  2946 W MessageQueue: Handler (android.hardware.display.DisplayManagerGlobal$DisplayListenerDelegate) {b51d858} sending message to a Handler on a dead thread
09-25 13:19:17.386  2749  2946 W MessageQueue: java.lang.IllegalStateException: Handler (android.hardware.display.DisplayManagerGlobal$DisplayListenerDelegate) {b51d858} sending message to a Handler on a dead thread
09-25 13:19:17.386  2749  2946 W MessageQueue: 	at android.os.MessageQueue.enqueueMessage(MessageQueue.java:560)
09-25 13:19:17.386  2749  2946 W MessageQueue: 	at android.os.Handler.enqueueMessage(Handler.java:778)
09-25 13:19:17.386  2749  2946 W MessageQueue: 	at android.os.Handler.sendMessageAtTime(Handler.java:727)
09-25 13:19:17.386  2749  2946 W MessageQueue: 	at android.os.Handler.sendMessageDelayed(Handler.java:697)
09-25 13:19:17.386  2749  2946 W MessageQueue: 	at android.os.Handler.sendMessage(Handler.java:635)
09-25 13:19:17.386  2749  2946 W MessageQueue: 	at android.hardware.display.DisplayManagerGlobal$DisplayListenerDelegate.sendDisplayEvent(DisplayManagerGlobal.java:1628)
09-25 13:19:17.386  2749  2946 W MessageQueue: 	at android.hardware.display.DisplayManagerGlobal.handleDisplayEvent(DisplayManagerGlobal.java:489)
09-25 13:19:17.386  2749  2946 W MessageQueue: 	at android.hardware.display.DisplayManagerGlobal.-$$Nest$mhandleDisplayEvent(Unknown Source:0)
09-25 13:19:17.386  2749  2946 W MessageQueue: 	at android.hardware.display.DisplayManagerGlobal$DisplayManagerCallback.onDisplayEvent(DisplayManagerGlobal.java:1575)
09-25 13:19:17.386  2749  2946 W MessageQueue: 	at android.hardware.display.IDisplayManagerCallback$Stub.onTransact(IDisplayManagerCallback.java:120)
09-25 13:19:17.386  2749  2946 W MessageQueue: 	at android.os.Binder.execTransactInternal(Binder.java:1321)
09-25 13:19:17.386  2749  2946 W MessageQueue: 	at android.os.Binder.execTransact(Binder.java:1280)
09-25 13:19:17.386  3108 29076 D RemoteAppTaskWatcher:  ****** RemoteAppTaskWatcher: Message Received 4 Task ID = 6933
09-25 13:19:17.386  3108 29076 D RemoteAppTaskWatcher:  ****** RemoteAppTaskWatcher: Message Received 4 Task ID = 6617
09-25 13:19:17.386  3108 29076 D RemoteAppTaskWatcher:  ****** RemoteAppTaskWatcher: Message Received 4 Task ID = 6709
