09-25 13:19:31.375  5639  5703 I TestRunner: started: vertical_scroll_content_at_last_position(com.example.dogglers.VerticalListTests)
09-25 13:19:31.375  1914  4196 I SurfaceFlinger: id=162544 Removed cd25ff4 ActivityRecordInputSink com.example.dogglers/androidx.test.core.app.InstrumentationActivityInvoker$BootstrapActivity#162544 (334)
09-25 13:19:31.375  1914  4196 I SurfaceFlinger: id=162574 createSurf, flag=24004, Task=7120#162574
09-25 13:19:31.376  3108 29076 D RemoteAppTaskWatcher:  ****** RemoteAppTaskWatcher: Message Received 3 Task ID = 7120
09-25 13:19:31.376  3108 29076 D RemoteAppTaskWatcher:  ****** RemoteAppTaskWatcher: Message Received 3 Task ID = 7120
09-25 13:19:31.378  5639  5703 W Settings: Setting always_finish_activities has moved from android.provider.Settings.System to android.provider.Settings.Global, returning read-only value.
09-25 13:19:31.378  5369  5369 I RecentsView: onTaskRemoved() taskId : 7120
09-25 13:19:31.378  5369  5369 I TopTaskTracker: onTaskRemoved : taskId = 7120
09-25 13:19:31.379  5369  5369 I RecentsView: onTaskRemoved() taskId : 7120
09-25 13:19:31.379  5369  5369 I TopTaskTracker: onTaskRemoved : taskId = 7120
09-25 13:19:31.381  1914  1914 I Layer   : id=162552 removedFromDrawingState ActivityRecord{d6da79b u0 com.example.dogglers/androidx.test.core.app.InstrumentationActivityInvoker$EmptyActivity} t7120}#162552 (335)
09-25 13:19:31.381  1914  1914 I Layer   : id=162553 removedFromDrawingState a990faa ActivityRecordInputSink com.example.dogglers/androidx.test.core.app.InstrumentationActivityInvoker$EmptyActivity#162553 (335)
09-25 13:19:31.381  1914  1914 I Layer   : id=162547 removedFromDrawingState com.example.dogglers/com.example.dogglers.VerticalListActivity$_5639#162547 (335)
09-25 13:19:31.381  1914  1914 I Layer   : id=162546 removedFromDrawingState d6c5b33 com.example.dogglers/com.example.dogglers.VerticalListActivity#162546 (335)
09-25 13:19:31.381  1914  1914 I Layer   : id=162541 removedFromDrawingState ActivityRecord{4a8b753 u0 com.example.dogglers/.VerticalListActivity} t7120}#162541 (335)
09-25 13:19:31.381  1914  1914 I Layer   : id=162545 removedFromDrawingState 84c2b42 ActivityRecordInputSink com.example.dogglers/.VerticalListActivity#162545 (335)
09-25 13:19:31.381  1914  1914 I Layer   : id=162538 removedFromDrawingState ActivityRecord{987631d u0 com.example.dogglers/androidx.test.core.app.InstrumentationActivityInvoker$BootstrapActivity} t7120}#162538 (335)
09-25 13:19:31.381  1914  1914 I Layer   : id=162544 removedFromDrawingState cd25ff4 ActivityRecordInputSink com.example.dogglers/androidx.test.core.app.InstrumentationActivityInvoker$BootstrapActivity#162544 (335)
09-25 13:19:31.381  1914  1914 I Layer   : id=162537 removedFromDrawingState Task=7120#162537 (335)
09-25 13:19:31.381  1914  1914 I Layer   : id=162574 removedFromDrawingState Task=7120#162574 (335)
09-25 13:19:31.381  1914  1914 I SurfaceFlinger: id=162541 Removed ActivityRecord{4a8b753 u0 com.example.dogglers/.VerticalListActivity} t7120}#162541 (335)
09-25 13:19:31.381  1914  1914 I SurfaceFlinger: id=162538 Removed ActivityRecord{987631d u0 com.example.dogglers/androidx.test.core.app.InstrumentationActivityInvoker$BootstrapActivity} t7120}#162538 (335)
09-25 13:19:31.381  1914  1914 I SurfaceFlinger: id=162574 Removed Task=7120#162574 (335)
09-25 13:19:31.381  1914  1914 I SurfaceFlinger: id=162552 Removed ActivityRecord{d6da79b u0 com.example.dogglers/androidx.test.core.app.InstrumentationActivityInvoker$EmptyActivity} t7120}#162552 (335)
09-25 13:19:31.381  1914  1914 I SurfaceFlinger: id=162547 Removed com.example.dogglers/com.example.dogglers.VerticalListActivity$_5639#162547 (335)
09-25 13:19:31.381  1914  1914 I SurfaceFlinger: id=162546 Removed d6c5b33 com.example.dogglers/com.example.dogglers.VerticalListActivity#162546 (335)
09-25 13:19:31.381  1914  1914 I Layer   : id=162574 Destroyed Task=7120#162574
09-25 13:19:31.381  1914  1914 I Layer   : id=162538 Destroyed ActivityRecord{987631d u0 com.example.dogglers/androidx.test.core.app.InstrumentationActivityInvoker$BootstrapActivity} t7120}#162538
09-25 13:19:31.381  1914  1914 I Layer   : id=162544 Destroyed cd25ff4 ActivityRecordInputSink com.example.dogglers/androidx.test.core.app.InstrumentationActivityInvoker$BootstrapActivity#162544
09-25 13:19:31.381  1914  1914 I Layer   : id=162541 Destroyed ActivityRecord{4a8b753 u0 com.example.dogglers/.VerticalListActivity} t7120}#162541
09-25 13:19:31.381  1914  1914 I Layer   : id=162546 Destroyed d6c5b33 com.example.dogglers/com.example.dogglers.VerticalListActivity#162546
09-25 13:19:31.381  1914  1914 I Layer   : id=162547 Destroyed com.example.dogglers/com.example.dogglers.VerticalListActivity$_5639#162547
09-25 13:19:31.381  3108  3230 I ChimeraSystemEventListener: appLaunchIntent package name is: com.example.dogglers
09-25 13:19:31.381  1914  1914 I Layer   : id=162545 Destroyed 84c2b42 ActivityRecordInputSink com.example.dogglers/.VerticalListActivity#162545
09-25 13:19:31.381  1914  1914 I Layer   : id=162552 Destroyed ActivityRecord{d6da79b u0 com.example.dogglers/androidx.test.core.app.InstrumentationActivityInvoker$EmptyActivity} t7120}#162552
09-25 13:19:31.381  1914  1914 I Layer   : id=162553 Destroyed a990faa ActivityRecordInputSink com.example.dogglers/androidx.test.core.app.InstrumentationActivityInvoker$EmptyActivity#162553
09-25 13:19:31.383  3108  5688 I SemDvfsHyPerManager: acquire hyper - AMS_APP_SWITCH/3108@23, type = -999
09-25 13:19:31.383  3108 29076 D RemoteAppTaskWatcher:  ****** RemoteAppTaskWatcher: Message Received 0 Task ID = 7121
09-25 13:19:31.383  1809  1855 I HYPER-HAL: [RequestManager.cpp]acquire(): Acquired ID : 4903169  [3108 / 23]    HINT : AMS_APP_SWITCH    list :
09-25 13:19:31.383  1914  3199 I SurfaceFlinger: id=162575 createSurf, flag=24004, Task=7121#162575
09-25 13:19:31.384  8328  8328 I SemDvfsHyPerManager: acquire hyper - APP_START_SHORT/8328@19, type = -999
09-25 13:19:31.386  1914  3199 I SurfaceFlinger: id=162576 createSurf, flag=80004, ActivityRecord{5e562f5 u0 com.example.dogglers/androidx.test.core.app.InstrumentationActivityInvoker$BootstrapActivity} t7121}#162576
09-25 13:19:31.387  1809  1855 I HYPER-HAL: [RequestManager.cpp]acquire(): Acquired ID : 34840397  [8328 / 19]    HINT : APP_START_LOW_HEAT    list : [TIMEOUT / 1500]
09-25 13:19:31.390  2229  5266 I CameraService: onUidStateChanged: uid=10042, procState is changed. (0 -> 1)
09-25 13:19:31.390  4768  4851 D NativeCustomFrequencyManager: [NativeCFMS] BpCustomFrequencyManager::BpCustomFrequencyManager()
09-25 13:19:31.390  3108  6492 I SemDvfsHyPerManager: acquire hyper - AMS_APP_LAUNCH/3108@19, type = -999
09-25 13:19:31.390  1809  1855 I HYPER-HAL: [RequestManager.cpp]acquire(): Acquired ID : 4890647  [3108 / 19]    HINT : AMS_APP_LAUNCH    list :
09-25 13:19:31.391  8328  8328 I SemDvfsHyPerManager: acquire hyper - APP_START/8328@21, type = -999
09-25 13:19:31.391  3108 29076 D RemoteAppTaskWatcher:  ****** RemoteAppTaskWatcher: Message Received 4 Task ID = 7121
09-25 13:19:31.391  3108 29076 D RemoteAppTaskWatcher:  ****** RemoteAppTaskWatcher: Message Received 0 Task ID = 7121
09-25 13:19:31.391  1809  1855 I HYPER-HAL: [RequestManager.cpp]acquire(): Acquired ID : 34857096  [8328 / 21]    HINT : APP_START_LOW_HEAT    list :
09-25 13:19:31.392  5759  5759 E pageboostd: Received HALT command code 2
09-25 13:19:31.393  3108  3145 D InputTransport: Input channel constructed: 'ef6c0c4', fd=1239
09-25 13:19:31.393  3108  3145 D InputTransport: Input channel constructed: 'ef6c0c4', fd=1249
09-25 13:19:31.393  3108  3145 D InputTransport: Input channel constructed: 'ef6c0c4', fd=1254
09-25 13:19:31.393  1914  2139 I SurfaceFlinger: id=162577 createSurf, flag=80004, ef6c0c4 Splash Screen com.example.dogglers#162577
09-25 13:19:31.394  3108  3145 D InputTransport: Input channel destroyed: 'ef6c0c4', fd=1254
09-25 13:19:31.394  5369  5369 I BaseActivity: removeActivityFlags, flags : 16
09-25 13:19:31.394  5369  5369 I BaseActivity: removeActivityFlags, flags : 6
09-25 13:19:31.394  5369  5369 I DragController: endDrag
09-25 13:19:31.394  5369  5369 W LauncherAppWidgetHost: setShouldListenFlag, mFlags:15 flag:resume on:false isFront:false
09-25 13:19:31.394  5369  5369 I SPayUpdater: updateSpayHandler launcher activity is paused false
09-25 13:19:31.394  4768  4843 D InsetsController: onStateChanged: InsetsState: {mDisplayFrame=Rect(0, 0 - 1440, 3088), mDisplayCutout=DisplayCutout{insets=Rect(0, 100 - 0, 0) waterfall=Insets{left=0, top=0, right=0, bottom=0} boundingRect={Bounds=[Rect(0, 0 - 0, 0), Rect(685, 0 - 756, 100), Rect(0, 0 - 0, 0), Rect(0, 0 - 0, 0)]} cutoutPathParserInfo={CutoutPathParserInfo{displayWidth=1440 displayHeight=3088 physicalDisplayWidth=1440 physicalDisplayHeight=3088 density={3.75} cutoutSpec={M 0,0 H -9.466666666666667 V 26.66666666666667‬ H 9.466666666666667 V 0 H 0 Z @dp} rotation={0} scale={1.0} physicalPixelDisplaySizeRatio={1.0}}}}, mRoundedCorners=RoundedCorners{[RoundedCorner{position=TopLeft, radius=14, center=Point(14, 14)}, RoundedCorner{position=TopRight, radius=14, center=Point(1426, 14)}, RoundedCorner{position=BottomRight, radius=14, center=Point(1426, 3074)}, RoundedCorner{position=BottomLeft, radius=14, center=Point(14, 3074)}]}  mRoundedCornerFrame=Rect(0, 0 - 1440, 3088), mPrivacyIndicatorBounds=PrivacyIndicatorBounds {static bounds=Rect(1286, 0 - 1440, 100) rotation=0}, mSources= { InsetsSource: {mType=ITYPE_STATUS_BAR, mFrame=[0,0][1440,100], mVisible=true, mInsetsRoundedCornerFrame=false}, InsetsSource: {mType=ITYPE_NAVIGATION_BAR, mFrame=[0,3088][1440,3088], mVisible=true, mInsetsRoundedCornerFrame=false}, InsetsSource: {mType=ITYPE_LEFT_GESTURES, mFrame=[0,0][0,3088], mVisible=true, mInsetsRoundedCornerFrame=false}, InsetsSource: {mType=ITYPE_RIGHT_GESTURES, mFrame=[1440,0][1440,3088], mVisible=true, mInsetsRoundedCornerFrame=false}, InsetsSource: {mType=ITYPE_TOP_MANDATORY_GESTURES, mFrame=[0,0][1440,142], mVisible=true, mInsetsRoundedCornerFrame=false}, InsetsSource: {mType=ITYPE_BOTTOM_MANDATORY_GESTURES, mFrame=[0,3018][1440,3088], mVisible=true, mInsetsRoundedCornerFrame=false}, InsetsSource: {mType=ITYPE_LEFT_DISPLAY_CUTOUT, mFrame=[0,0][-100000,3088], mVisible=true, mInsetsRoundedCornerFrame=false}, InsetsSource: {mType=ITYPE_TOP_DISPLAY_CUTOUT, mFrame=[0,0][1440,100], mVisible=true, mInsetsRoundedCornerFrame=false}, InsetsSource: {mType=ITYPE_RIGHT_DISPLAY_CUTOUT, mFrame=[100000,0][1440,3088], mVisible=true, mInsetsRoundedCornerFrame=false}, InsetsSource: {mType=ITYPE_BOTTOM_DISPLAY_CUTOUT, mFrame=[0,100000][1440,3088], mVisible=true, mInsetsRoundedCornerFrame=false}, InsetsSource: {mType=ITYPE_TOP_TAPPABLE_ELEMENT, mFrame=[0,0][1440,100], mVisible=true, mInsetsRoundedCornerFrame=false}, InsetsSource: {mType=ITYPE_BOTTOM_TAPPABLE_ELEMENT, mFrame=[0,0][0,0], mVisible=true, mInsetsRoundedCornerFrame=false} } host=Splash Screen com.example.dogglers from=android.view.ViewRootImpl.setView:1732
09-25 13:19:31.395  5369 11129 I WidgetRotationImpl: unsubscribeWidgetFocus 80
09-25 13:19:31.396  5369 11129 I IntelligentPlatformManagerImpl: unsubscribeWidgetFocus() id : 80
09-25 13:19:31.397  3108  3145 D InputDispatcher: Focused application(0): ActivityRecord{5e562f5 u0 com.example.dogglers/androidx.test.core.app.InstrumentationActivityInvoker$BootstrapActivity} t7121}
09-25 13:19:31.399  3108 29076 D RemoteAppTaskWatcher:  ****** RemoteAppTaskWatcher: Message Received 5 Task ID = 0
09-25 13:19:31.401  5369  5369 I TopTaskTracker: onTaskMovedToFront : taskId = 7121
09-25 13:19:31.402  6586 25742 I SAMSUNGWALLET: [Hint_ProcessStatusChange] fg Change, pid : 5639 , isNotify : false , isForeground : true , fg list : []
09-25 13:19:31.402  6586 25742 I SAMSUNGWALLET: [ProcessStatusChange] fg Change, pid : 5639 , isNotify : false , isForeground : true , fg list : []
09-25 13:19:31.402  3108  4605 D AS.MultiSoundManager: mForegroundUid = 10577
09-25 13:19:31.402  4768  4843 I ViewRootImpl@e174c68[dogglers]: setView = android.widget.FrameLayout@f48c714 TM=true
09-25 13:19:31.402  5639  5639 D LifecycleMonitor: Lifecycle status change: androidx.test.core.app.InstrumentationActivityInvoker$BootstrapActivity@9577859 in: PRE_ON_CREATE
09-25 13:19:31.403  5639  5639 V ActivityScenario: Activity lifecycle changed event received but ignored because the intent does not match. startActivityIntent=Intent { act=android.intent.action.MAIN cat=[android.intent.category.LAUNCHER] cmp=com.example.dogglers/.VerticalListActivity }, activity.getIntent()=Intent { act=android.intent.action.MAIN cat=[android.intent.category.LAUNCHER] flg=0x10008000 cmp=com.example.dogglers/androidx.test.core.app.InstrumentationActivityInvoker$BootstrapActivity (has extras) }, activity=androidx.test.core.app.InstrumentationActivityInvoker$BootstrapActivity@9577859
09-25 13:19:31.403  4768  4843 I ViewRootImpl@e174c68[dogglers]: performTraversals params={(0,0)(fillxfill) sim={adjust=pan} ty=APPLICATION_STARTING fmt=TRANSLUCENT wanim=0x1030001
09-25 13:19:31.403  4768  4843 I ViewRootImpl@e174c68[dogglers]:   fl=81030118
09-25 13:19:31.403  4768  4843 I ViewRootImpl@e174c68[dogglers]:   pfl=16000010
09-25 13:19:31.403  4768  4843 I ViewRootImpl@e174c68[dogglers]:   bhv=DEFAULT
09-25 13:19:31.403  4768  4843 I ViewRootImpl@e174c68[dogglers]:   fitSides= naviIconColor=0}
09-25 13:19:31.403  4768  4843 I ViewRootImpl@e174c68[dogglers]: performTraversals mFirst=true windowShouldResize=true viewVisibilityChanged=false mForceNextWindowRelayout=false params={(0,0)(fillxfill) sim={adjust=pan} ty=APPLICATION_STARTING fmt=TRANSLUCENT wanim=0x1030001
09-25 13:19:31.403  4768  4843 I ViewRootImpl@e174c68[dogglers]:   fl=81030118
09-25 13:19:31.403  4768  4843 I ViewRootImpl@e174c68[dogglers]:   pfl=16000010
09-25 13:19:31.403  4768  4843 I ViewRootImpl@e174c68[dogglers]:   bhv=DEFAULT
09-25 13:19:31.403  4768  4843 I ViewRootImpl@e174c68[dogglers]:   fitSides= naviIconColor=0}
09-25 13:19:31.404  3108  6492 V WindowManager: Relayout Window{ef6c0c4 u0 Splash Screen com.example.dogglers}: viewVisibility=0 req=1440x3088 d0
09-25 13:19:31.404  6586 25742 I SAMSUNGWALLET: [Hint_ProcessStatusChange] fg Change, pid : 5639 , isNotify : false , isForeground : true , fg list : []
09-25 13:19:31.404  6586 25742 I SAMSUNGWALLET: [ProcessStatusChange] fg Change, pid : 5639 , isNotify : false , isForeground : true , fg list : []
09-25 13:19:31.405  1914  2140 I SurfaceFlinger: id=162578 createSurf, flag=40004, Splash Screen com.example.dogglers$_4768#162578
09-25 13:19:31.405  6586 25742 I SAMSUNGWALLET: [Hint_ProcessStatusChange] fg Change, pid : 5639 , isNotify : false , isForeground : true , fg list : []
09-25 13:19:31.405  6586 25742 I SAMSUNGWALLET: [ProcessStatusChange] fg Change, pid : 5639 , isNotify : false , isForeground : true , fg list : []
09-25 13:19:31.406  1914  1914 I SurfaceFlinger: [c7375dc com.sec.android.app.launcher/com.sec.android.app.launcher.activities.LauncherActivity#176] FrameRatePriority: -1
09-25 13:19:31.407  8130  9478 I [AirCmd]_ActivitySwitchDetector: onTaskFocusChanged : taskId 7121
09-25 13:19:31.407  3108  3230 I SemPersonaManager: SecureFolder personaId = 150
09-25 13:19:31.407  3108  6492 V WindowManager: Relayout hash=ef6c0c4, pid=4768, syncId=-1: mAttrs={(0,0)(fillxfill) sim={adjust=pan} ty=APPLICATION_STARTING fmt=TRANSLUCENT wanim=0x1030001
09-25 13:19:31.407  3108  6492 V WindowManager:   fl=81030118
09-25 13:19:31.407  3108  6492 V WindowManager:   pfl=16000010
09-25 13:19:31.407  3108  6492 V WindowManager:   bhv=DEFAULT
09-25 13:19:31.407  3108  6492 V WindowManager:   fitSides= naviIconColor=0}
09-25 13:19:31.408  4768  4843 D InsetsController: onStateChanged: InsetsState: {mDisplayFrame=Rect(0, 0 - 1440, 3088), mDisplayCutout=DisplayCutout{insets=Rect(0, 100 - 0, 0) waterfall=Insets{left=0, top=0, right=0, bottom=0} boundingRect={Bounds=[Rect(0, 0 - 0, 0), Rect(685, 0 - 756, 100), Rect(0, 0 - 0, 0), Rect(0, 0 - 0, 0)]} cutoutPathParserInfo={CutoutPathParserInfo{displayWidth=1440 displayHeight=3088 physicalDisplayWidth=1440 physicalDisplayHeight=3088 density={3.75} cutoutSpec={M 0,0 H -9.466666666666667 V 26.66666666666667‬ H 9.466666666666667 V 0 H 0 Z @dp} rotation={0} scale={1.0} physicalPixelDisplaySizeRatio={1.0}}}}, mRoundedCorners=RoundedCorners{[RoundedCorner{position=TopLeft, radius=14, center=Point(14, 14)}, RoundedCorner{position=TopRight, radius=14, center=Point(1426, 14)}, RoundedCorner{position=BottomRight, radius=14, center=Point(1426, 3074)}, RoundedCorner{position=BottomLeft, radius=14, center=Point(14, 3074)}]}  mRoundedCornerFrame=Rect(0, 0 - 1440, 3088), mPrivacyIndicatorBounds=PrivacyIndicatorBounds {static bounds=Rect(1286, 0 - 1440, 100) rotation=0}, mSources= { InsetsSource: {mType=ITYPE_STATUS_BAR, mFrame=[0,0][1440,100], mVisible=true, mInsetsRoundedCornerFrame=false}, InsetsSource: {mType=ITYPE_NAVIGATION_BAR, mFrame=[0,3088][1440,3088], mVisible=true, mInsetsRoundedCornerFrame=false}, InsetsSource: {mType=ITYPE_LEFT_GESTURES, mFrame=[0,0][0,3088], mVisible=true, mInsetsRoundedCornerFrame=false}, InsetsSource: {mType=ITYPE_RIGHT_GESTURES, mFrame=[1440,0][1440,3088], mVisible=true, mInsetsRoundedCornerFrame=false}, InsetsSource: {mType=ITYPE_TOP_MANDATORY_GESTURES, mFrame=[0,0][1440,142], mVisible=true, mInsetsRoundedCornerFrame=false}, InsetsSource: {mType=ITYPE_BOTTOM_MANDATORY_GESTURES, mFrame=[0,3018][1440,3088], mVisible=true, mInsetsRoundedCornerFrame=false}, InsetsSource: {mType=ITYPE_LEFT_DISPLAY_CUTOUT, mFrame=[0,0][-100000,3088], mVisible=true, mInsetsRoundedCornerFrame=false}, InsetsSource: {mType=ITYPE_TOP_DISPLAY_CUTOUT, mFrame=[0,0][1440,100], mVisible=true, mInsetsRoundedCornerFrame=false}, InsetsSource: {mType=ITYPE_RIGHT_DISPLAY_CUTOUT, mFrame=[100000,0][1440,3088], mVisible=true, mInsetsRoundedCornerFrame=false}, InsetsSource: {mType=ITYPE_BOTTOM_DISPLAY_CUTOUT, mFrame=[0,100000][1440,3088], mVisible=true, mInsetsRoundedCornerFrame=false}, InsetsSource: {mType=ITYPE_TOP_TAPPABLE_ELEMENT, mFrame=[0,0][1440,100], mVisible=true, mInsetsRoundedCornerFrame=false}, InsetsSource: {mType=ITYPE_BOTTOM_TAPPABLE_ELEMENT, mFrame=[0,0][0,0], mVisible=true, mInsetsRoundedCornerFrame=false}, InsetsSource: {mType=ITYPE_IME, mFrame=[0,0][0,0], mVisibleFrame=[0,3088][1440,3088], mVisible=false, mInsetsRoundedCornerFrame=false} } host=Splash Screen com.example.dogglers from=android.view.ViewRootImpl.relayoutWindow:9802
09-25 13:19:31.408  4768  4843 I ViewRootImpl@e174c68[dogglers]: updateBlastSurfaceIfNeeded mBlastBufferQueue=null isSameSurfaceControl=false
09-25 13:19:31.409  4768  4843 I BLASTBufferQueue: new BLASTBufferQueue, mName= ViewRootImpl@e174c68[dogglers] mNativeObject= 0xb400007705019c80 sc.mNativeObject= 0xb40000773205ddc0 caller= android.view.ViewRootImpl.updateBlastSurfaceIfNeeded:2909 android.view.ViewRootImpl.relayoutWindow:9847 android.view.ViewRootImpl.performTraversals:3884 android.view.ViewRootImpl.doTraversal:3116 android.view.ViewRootImpl$TraversalRunnable.run:10885 android.view.Choreographer$CallbackRecord.run:1301 android.view.Choreographer$CallbackRecord.run:1309 android.view.Choreographer.doCallbacks:923 android.view.Choreographer.doFrame:852 android.view.Choreographer$FrameDisplayEventReceiver.run:1283
09-25 13:19:31.409  4768  4843 I BLASTBufferQueue: update, w= 1440 h= 3088 mName = ViewRootImpl@e174c68[dogglers] mNativeObject= 0xb400007705019c80 sc.mNativeObject= 0xb40000773205ddc0 format= -3 caller= android.graphics.BLASTBufferQueue.<init>:84 android.view.ViewRootImpl.updateBlastSurfaceIfNeeded:2909 android.view.ViewRootImpl.relayoutWindow:9847 android.view.ViewRootImpl.performTraversals:3884 android.view.ViewRootImpl.doTraversal:3116 android.view.ViewRootImpl$TraversalRunnable.run:10885
09-25 13:19:31.409  4768  4843 I ViewRootImpl@e174c68[dogglers]: Relayout returned: old=(0,0,1440,3088) new=(0,0,1440,3088) req=(1440,3088)0 dur=5 res=0x3 s={true 0xb4000076f4c71000} ch=true seqId=0
09-25 13:19:31.409  4768  4843 I ViewRootImpl@e174c68[dogglers]: performConfigurationChange setNightDimText nightDimLevel=0
09-25 13:19:31.409  4768  4843 I ViewRootImpl@e174c68[dogglers]: mThreadedRenderer.initialize() mSurface={isValid=true 0xb4000076f4c71000} hwInitialized=true
09-25 13:19:31.409  4768  4851 D OpenGLRenderer: eglCreateWindowSurface
09-25 13:19:31.410  5639  5639 I DecorView: [INFO] isPopOver=false config=true
09-25 13:19:31.410  5639  5639 I DecorView: updateCaptionType: isFloating=false isApplication=true hasWindowDecorCaption=false this=DecorView@1b29acc[]
09-25 13:19:31.410  5639  5639 D DecorView: setCaptionType = 0, this = DecorView@1b29acc[]
09-25 13:19:31.410  8130  9478 I [AirCmd]_ActivitySwitchDetector: onTaskFocusChanged : componentName - ComponentInfo{com.example.dogglers/androidx.test.core.app.InstrumentationActivityInvoker$BootstrapActivity}
09-25 13:19:31.410  8130  9478 I [AirCmd]_ActivitySwitchDetector: onTaskFocusChanged : mTopMostActivity - ComponentInfo{com.sec.android.app.launcher/com.android.launcher3.uioverrides.QuickstepLauncher}
09-25 13:19:31.410  8130  9478 I [AirCmd]_CallbackRepeater: stopRepeat : isWorking=false
09-25 13:19:31.410  8130  9478 I [AirCmd]_MediaControlStateMonitor: isForegroundAppSupportsMediaButton : mediaSession is empty
09-25 13:19:31.411  5639  5639 I DecorView: getCurrentDensityDpi: from real metrics. densityDpi=560 msg=resources_loaded
09-25 13:19:31.411  5639  5639 I DecorView: setWindowBackground: isPopOver=false color=ff010101 d=android.graphics.drawable.StateListDrawable@9fe4115
09-25 13:19:31.411  8130  9478 I [AirCmd]_MediaControlStateMonitor: active Notification List is null
09-25 13:19:31.411  8130  9478 I [AirCmd]_RemoteSpenMainController: hasGeneralAction : packageName is com.example.dogglers, activityName is androidx.test.core.app.InstrumentationActivityInvoker$BootstrapActivity, hasActions is false
09-25 13:19:31.411  5639  5639 D LifecycleMonitor: Lifecycle status change: androidx.test.core.app.InstrumentationActivityInvoker$BootstrapActivity@9577859 in: CREATED
09-25 13:19:31.411  8130  9478 I [AirCmd]_CameraAvailabilityMonitor: isCameraPreviewOn : mIsCameraPreviewOn is false
09-25 13:19:31.411  5639  5639 V ActivityScenario: Activity lifecycle changed event received but ignored because the intent does not match. startActivityIntent=Intent { act=android.intent.action.MAIN cat=[android.intent.category.LAUNCHER] cmp=com.example.dogglers/.VerticalListActivity }, activity.getIntent()=Intent { act=android.intent.action.MAIN cat=[android.intent.category.LAUNCHER] flg=0x10008000 cmp=com.example.dogglers/androidx.test.core.app.InstrumentationActivityInvoker$BootstrapActivity (has extras) }, activity=androidx.test.core.app.InstrumentationActivityInvoker$BootstrapActivity@9577859
09-25 13:19:31.411  4768  4843 I ViewRootImpl@e174c68[dogglers]: reportNextDraw android.view.ViewRootImpl.performTraversals:4438 android.view.ViewRootImpl.doTraversal:3116 android.view.ViewRootImpl$TraversalRunnable.run:10885 android.view.Choreographer$CallbackRecord.run:1301 android.view.Choreographer$CallbackRecord.run:1309
09-25 13:19:31.411  4768  4843 I ViewRootImpl@e174c68[dogglers]: Setup new sync id=0
09-25 13:19:31.411  4768  4843 I ViewRootImpl@e174c68[dogglers]: Setting syncFrameCallback
09-25 13:19:31.411  4768  4843 I ViewRootImpl@e174c68[dogglers]: registerCallbacksForSync syncBuffer=false
09-25 13:19:31.411  5639  5639 D LifecycleMonitor: Lifecycle status change: androidx.test.core.app.InstrumentationActivityInvoker$BootstrapActivity@9577859 in: STARTED
09-25 13:19:31.411  5639  5639 V ActivityScenario: Activity lifecycle changed event received but ignored because the intent does not match. startActivityIntent=Intent { act=android.intent.action.MAIN cat=[android.intent.category.LAUNCHER] cmp=com.example.dogglers/.VerticalListActivity }, activity.getIntent()=Intent { act=android.intent.action.MAIN cat=[android.intent.category.LAUNCHER] flg=0x10008000 cmp=com.example.dogglers/androidx.test.core.app.InstrumentationActivityInvoker$BootstrapActivity (has extras) }, activity=androidx.test.core.app.InstrumentationActivityInvoker$BootstrapActivity@9577859
09-25 13:19:31.412  4768  4860 I ViewRootImpl@e174c68[dogglers]: Received frameDrawingCallback syncResult=0 frameNum=1.
09-25 13:19:31.412  4768  4860 I ViewRootImpl@e174c68[dogglers]: Setting up sync and frameCommitCallback
09-25 13:19:31.413  4768  4851 I BLASTBufferQueue: [ViewRootImpl@e174c68[dogglers]#3981](f:0,a:0) onFrameAvailable the first frame is available
09-25 13:19:31.413  3108  3230 D EnterpriseDeviceManagerService: isMdmAdminPresentInternal() : MDM Admin Found - com.samsung.knox.securefolder
09-25 13:19:31.413  4768  4851 I ViewRootImpl@e174c68[dogglers]: Received frameCommittedCallback lastAttemptedDrawFrameNum=1 didProduceBuffer=true
09-25 13:19:31.413  8130  9478 I [AirCmd]_CameraAvailabilityMonitor: isCameraPreviewOn : mIsCameraPreviewOn is false
09-25 13:19:31.413  1914  3199 I SurfaceFlinger: id=162579 createSurf, flag=80004, ActivityRecord{ed1c7de u0 com.example.dogglers/.VerticalListActivity} t7121}#162579
09-25 13:19:31.414  4768  4851 D OpenGLRenderer: CFMS:: SetUp Pid : 4768    Tid : 4851
09-25 13:19:31.416 15715 18710 I WindowsLink: (TaskInfoManager) +++++++++++onRecentTaskStackUpdated
09-25 13:19:31.417  3108  6492 D InputDispatcher: Focus request (0): <null> but waiting because NOT_FOCUSABLE
09-25 13:19:31.417  3108  6492 D InputDispatcher: Focus left window (0): c7375dc com.sec.android.app.launcher/com.sec.android.app.launcher.activities.LauncherActivity
09-25 13:19:31.417  4768  4843 I ViewRootImpl@e174c68[dogglers]: onSyncComplete
09-25 13:19:31.417  4768  4843 I ViewRootImpl@e174c68[dogglers]: setupSync seqId=0 mSyncId=0 fn=1 caller=android.view.ViewRootImpl$$ExternalSyntheticLambda11.accept:6 android.window.SurfaceSyncer.lambda$setupSync$1$android-window-SurfaceSyncer:128 android.window.SurfaceSyncer$$ExternalSyntheticLambda1.accept:8 android.window.SurfaceSyncer$SyncSet.checkIfSyncIsComplete:382 android.window.SurfaceSyncer$SyncSet.markSyncReady:359 android.window.SurfaceSyncer.markSyncReady:151 android.view.ViewRootImpl.performTraversals:4503
09-25 13:19:31.417  5369  5369 I ViewRootImpl@7533534[LauncherActivity]: MSG_WINDOW_FOCUS_CHANGED 0 0
09-25 13:19:31.417  5369  5369 I BaseActivity: removeActivityFlags, flags : 8
09-25 13:19:31.417  4768  4843 I ViewRootImpl@e174c68[dogglers]: reportDrawFinished seqId=0 mSyncId=-1 fn=1 mSurfaceChangedTransaction=0xb4000076d6843900
09-25 13:19:31.418  5639  5639 D LifecycleMonitor: Lifecycle status change: androidx.test.core.app.InstrumentationActivityInvoker$BootstrapActivity@9577859 in: RESUMED
09-25 13:19:31.418  5759  5759 E pageboostd: Received HALT command code 2
09-25 13:19:31.418  5639  5639 V ActivityScenario: Activity lifecycle changed event received but ignored because the intent does not match. startActivityIntent=Intent { act=android.intent.action.MAIN cat=[android.intent.category.LAUNCHER] cmp=com.example.dogglers/.VerticalListActivity }, activity.getIntent()=Intent { act=android.intent.action.MAIN cat=[android.intent.category.LAUNCHER] flg=0x10008000 cmp=com.example.dogglers/androidx.test.core.app.InstrumentationActivityInvoker$BootstrapActivity (has extras) }, activity=androidx.test.core.app.InstrumentationActivityInvoker$BootstrapActivity@9577859
09-25 13:19:31.418  8130  9478 I [AirCmd]_MediaControlStateMonitor: isForegroundAppSupportsMediaButton : mediaSession is empty
09-25 13:19:31.419  8130  9478 I [AirCmd]_MediaControlStateMonitor: active Notification List is null
09-25 13:19:31.419  8130  9478 I [AirCmd]_PenActionRule: getAction : get default action data from remote action because pen action data is null.
09-25 13:19:31.419  8130  9478 I [AirCmd]_ButtonActionDetector: enableDoubleClickDetection: enabled=true, doubleClickWaitInterval=300
09-25 13:19:31.419  8130  9478 I [AirCmd]_RemoteSpenMainController: onSwitch : package is com.example.dogglers   and activity is androidx.test.core.app.InstrumentationActivityInvoker$BootstrapActivity and isBleConnected is false and hasActions is false
09-25 13:19:31.421  5639  5639 D LifecycleMonitor: Lifecycle status change: androidx.test.core.app.InstrumentationActivityInvoker$BootstrapActivity@9577859 in: PAUSED
09-25 13:19:31.421  5639  5639 V ActivityScenario: Activity lifecycle changed event received but ignored because the intent does not match. startActivityIntent=Intent { act=android.intent.action.MAIN cat=[android.intent.category.LAUNCHER] cmp=com.example.dogglers/.VerticalListActivity }, activity.getIntent()=Intent { act=android.intent.action.MAIN cat=[android.intent.category.LAUNCHER] flg=0x10008000 cmp=com.example.dogglers/androidx.test.core.app.InstrumentationActivityInvoker$BootstrapActivity (has extras) }, activity=androidx.test.core.app.InstrumentationActivityInvoker$BootstrapActivity@9577859
09-25 13:19:31.421  3108  6142 I MediaSessionMonitor: Media session stopped : controllerList empty
09-25 13:19:31.422  8423  8423 I ActivityUtils: HomePackage : com.sec.android.app.launcher, resumePackageName : com.example.dogglers
09-25 13:19:31.423  3108  6472 D InputDispatcher: Focused application(0): ActivityRecord{ed1c7de u0 com.example.dogglers/.VerticalListActivity} t7121}
09-25 13:19:31.423  5369  5369 I BadgeRenderer: Invalid count : 0
09-25 13:19:31.425  3108 29076 D RemoteAppTaskWatcher:  ****** RemoteAppTaskWatcher: Message Received 5 Task ID = 0
09-25 13:19:31.426  1914  3199 I SurfaceFlinger: id=162580 createSurf, flag=24000, Surface(name=Task=1)/@0xeddbc98 - animation-leash of app_transition#162580
09-25 13:19:31.428  1914  3199 I SurfaceFlinger: id=162581 createSurf, flag=24004, Surface(name=Task=7121)/@0xfe8f4b6 - animation-leash of app_transition#162581
09-25 13:19:31.429  1914  3199 I SurfaceFlinger: id=162582 createSurf, flag=80000, adb982c ActivityRecordInputSink com.example.dogglers/androidx.test.core.app.InstrumentationActivityInvoker$BootstrapActivity#162582
09-25 13:19:31.430  1914  3199 I SurfaceFlinger: id=162583 createSurf, flag=80000, f003a60 ActivityRecordInputSink com.example.dogglers/.VerticalListActivity#162583
09-25 13:19:31.431  1914  1914 I Layer   : Layer [Splash Screen com.example.dogglers$_4768#162578] hidden!! flag(0)
09-25 13:19:31.431  4768  4838 D Bubbles : onLocusVisibilityChanged: LocusId[17_chars] visible=false
09-25 13:19:31.431  4768  4846 I ViewRootImpl@e174c68[dogglers]: Resizing android.view.ViewRootImpl@c1d0bbd: frame = [0,0][1440,3088] reportDraw = false forceLayout = false syncSeqId = 0
09-25 13:19:31.431  4768  4843 I ViewRootImpl@e174c68[dogglers]: handleResized, msg = 4 frames=ClientWindowFrames{frame=[0,0][1440,3088] display=[0,0][1440,3088] parentFrame=[0,0][0,0] parentClippedByDisplayCutout=false} forceNextWindowRelayout=false displayId=0 resizeMode=-1 frameChanged=false displayFrameChanged=false configChanged=false displayChanged=false
09-25 13:19:31.436 15715 18710 I WindowsLink: (TaskInfoManager) +++++++++++onRecentTaskStackUpdated
09-25 13:19:31.436  3108  3230 I SemPersonaManager: SecureFolder personaId = 150
09-25 13:19:31.437  5639  5639 D LifecycleMonitor: Lifecycle status change: com.example.dogglers.VerticalListActivity@963682 in: PRE_ON_CREATE
09-25 13:19:31.437  5639  5639 V ActivityScenario: Activity lifecycle changed event received but ignored because the reported transition was not ON_CREATE while the last known transition was PRE_ON_CREATE
09-25 13:19:31.440  3108  3230 D EnterpriseDeviceManagerService: isMdmAdminPresentInternal() : MDM Admin Found - com.samsung.knox.securefolder
09-25 13:19:31.440  5639  5639 I DecorView: [INFO] isPopOver=false config=true
09-25 13:19:31.440  5639  5639 I DecorView: updateCaptionType: isFloating=false isApplication=true hasWindowDecorCaption=false this=DecorView@d795ee8[]
09-25 13:19:31.440  5639  5639 D DecorView: setCaptionType = 0, this = DecorView@d795ee8[]
09-25 13:19:31.440  5639  5639 I DecorView: getCurrentDensityDpi: from real metrics. densityDpi=560 msg=resources_loaded
09-25 13:19:31.441  5639  5639 I DecorView: setWindowBackground: isPopOver=false color=ff121212 d=android.graphics.drawable.ColorDrawable@c8b93a6
09-25 13:19:31.442  3108  6142 I MediaSessionMonitor: Media session stopped : controllerList empty
09-25 13:19:31.443  8423  8423 I ActivityUtils: HomePackage : com.sec.android.app.launcher, resumePackageName : com.example.dogglers
09-25 13:19:31.444  5639  5639 D LifecycleMonitor: Lifecycle status change: com.example.dogglers.VerticalListActivity@963682 in: CREATED
09-25 13:19:31.444  5639  5639 V ActivityScenario: Update currentActivityStage to CREATED, currentActivity=com.example.dogglers.VerticalListActivity@963682
09-25 13:19:31.445  5639  5639 D LifecycleMonitor: Lifecycle status change: com.example.dogglers.VerticalListActivity@963682 in: STARTED
09-25 13:19:31.445  5639  5639 V ActivityScenario: Update currentActivityStage to STARTED, currentActivity=com.example.dogglers.VerticalListActivity@963682
09-25 13:19:31.445  5639  5639 D LifecycleMonitor: Lifecycle status change: com.example.dogglers.VerticalListActivity@963682 in: RESUMED
09-25 13:19:31.445  5639  5639 V ActivityScenario: Update currentActivityStage to RESUMED, currentActivity=com.example.dogglers.VerticalListActivity@963682
09-25 13:19:31.445  5639  5639 I MSHandlerLifeCycle: check: return. pkg=com.example.dogglers parent=null callers=com.android.internal.policy.DecorView.setVisibility:4412 android.app.ActivityThread.handleResumeActivity:5476 android.app.servertransaction.ResumeActivityItem.execute:54 android.app.servertransaction.ActivityTransactionItem.execute:45 android.app.servertransaction.TransactionExecutor.executeLifecycleState:176
09-25 13:19:31.445  5639  5639 I MSHandlerLifeCycle: removeMultiSplitHandler: no exist. decor=DecorView@d795ee8[]
09-25 13:19:31.447  5639  5729 D NativeCustomFrequencyManager: [NativeCFMS] BpCustomFrequencyManager::BpCustomFrequencyManager()
09-25 13:19:31.448  3108  6472 D InputTransport: Input channel constructed: '752e3c1', fd=1289
09-25 13:19:31.448  3108  6472 D InputTransport: Input channel constructed: '752e3c1', fd=1311
09-25 13:19:31.448  3108  6472 D InputTransport: Input channel constructed: '752e3c1', fd=1332
09-25 13:19:31.449  1914  4196 I SurfaceFlinger: id=162584 createSurf, flag=80004, 752e3c1 com.example.dogglers/com.example.dogglers.VerticalListActivity#162584
09-25 13:19:31.450  1914  1914 D SurfaceFlinger: Display 4630947093241269891 HWC layers:
09-25 13:19:31.450  1914  1914 D SurfaceFlinger:      CLIENT | 0xb400007af6c13480 | 0100 | RGBx_8888    |  592.0    0.0 1628.0 2220.0 |    0    0 1440 3088 | Wallpaper BBQ wrapper#90
09-25 13:19:31.450  1914  1914 D SurfaceFlinger:      CLIENT | 0xb400007af86f9000 | 0100 | RGBA_8888    |    0.0    0.0 1440.0 3088.0 |    0    0 1440 3088 | com.sec.android.app.launcher/com.sec[...]rActivity$_5369#162528 (blurRegions)
09-25 13:19:31.450  1914  1914 D SurfaceFlinger:      DEVICE | 0xb400007af6c13c80 | 0100 | RGBA_8888    |    0.0    0.0 1440.0 3088.0 |  105  225 1335 2863 | Splash Screen com.example.dogglers$_4768#162578
09-25 13:19:31.450  1914  1914 D SurfaceFlinger:      DEVICE | 0xb400007af6c14880 | 0100 | RGBA_8888    |    0.0    0.0 1440.0  100.0 |    0    0 1440  100 | StatusBar$_4768#95
09-25 13:19:31.450  1914  1914 D SurfaceFlinger:      DEVICE | 0xb400007af8705400 | 0100 | RGBA_8888    |    0.0    0.0   67.0  589.0 |    0  562   67 1151 | com.samsung.android.app.cocktailbars[...]vice.CocktailBarService$_8423#156853
09-25 13:19:31.450  1914  1914 D SurfaceFlinger:      DEVICE | 0xb400007af8705500 | 0100 | RGBA_8888    |    0.0    0.0  518.0   48.0 |  922 3040 1440 3088 | SGestureOverlayWindow$_5369#156268
09-25 13:19:31.450  1914  1914 D SurfaceFlinger:      DEVICE | 0xb400007af6c15880 | 0100 | RGBA
09-25 13:19:31.450  1914  1914 D SurfaceFlinger: _8888    |    0.0    0.0 1440.0  168.0 |    0 2920 1440 3088 | NavigationBar0$_4768#92
09-25 13:19:31.450  1914  1914 D SurfaceFlinger:
09-25 13:19:31.450  3108  6472 D InputTransport: Input channel destroyed: '752e3c1', fd=1332
09-25 13:19:31.451  5639  5639 D InsetsController: onStateChanged: InsetsState: {mDisplayFrame=Rect(0, 0 - 1440, 3088), mDisplayCutout=DisplayCutout{insets=Rect(0, 100 - 0, 0) waterfall=Insets{left=0, top=0, right=0, bottom=0} boundingRect={Bounds=[Rect(0, 0 - 0, 0), Rect(685, 0 - 756, 100), Rect(0, 0 - 0, 0), Rect(0, 0 - 0, 0)]} cutoutPathParserInfo={CutoutPathParserInfo{displayWidth=1440 displayHeight=3088 physicalDisplayWidth=1440 physicalDisplayHeight=3088 density={3.75} cutoutSpec={M 0,0 H -9.466666666666667 V 26.66666666666667‬ H 9.466666666666667 V 0 H 0 Z @dp} rotation={0} scale={1.0} physicalPixelDisplaySizeRatio={1.0}}}}, mRoundedCorners=RoundedCorners{[RoundedCorner{position=TopLeft, radius=14, center=Point(14, 14)}, RoundedCorner{position=TopRight, radius=14, center=Point(1426, 14)}, RoundedCorner{position=BottomRight, radius=14, center=Point(1426, 3074)}, RoundedCorner{position=BottomLeft, radius=14, center=Point(14, 3074)}]}  mRoundedCornerFrame=Rect(0, 0 - 1440, 3088), mPrivacyIndicatorBounds=PrivacyIndicatorBounds {static bounds=Rect(1286, 0 - 1440, 100) rotation=0}, mSources= { InsetsSource: {mType=ITYPE_STATUS_BAR, mFrame=[0,0][1440,100], mVisible=true, mInsetsRoundedCornerFrame=false}, InsetsSource: {mType=ITYPE_NAVIGATION_BAR, mFrame=[0,3088][1440,3088], mVisible=true, mInsetsRoundedCornerFrame=false}, InsetsSource: {mType=ITYPE_LEFT_GESTURES, mFrame=[0,0][0,3088], mVisible=true, mInsetsRoundedCornerFrame=false}, InsetsSource: {mType=ITYPE_RIGHT_GESTURES, mFrame=[1440,0][1440,3088], mVisible=true, mInsetsRoundedCornerFrame=false}, InsetsSource: {mType=ITYPE_TOP_MANDATORY_GESTURES, mFrame=[0,0][1440,142], mVisible=true, mInsetsRoundedCornerFrame=false}, InsetsSource: {mType=ITYPE_BOTTOM_MANDATORY_GESTURES, mFrame=[0,3018][1440,3088], mVisible=true, mInsetsRoundedCornerFrame=false}, InsetsSource: {mType=ITYPE_LEFT_DISPLAY_CUTOUT, mFrame=[0,0][-100000,3088], mVisible=true, mInsetsRoundedCornerFrame=false}, InsetsSource: {mType=ITYPE_TOP_DISPLAY_CUTOUT, mFrame=[0,0][1440,100], mVisible=true, mInsetsRoundedCornerFrame=false}, InsetsSource: {mType=ITYPE_RIGHT_DISPLAY_CUTOUT, mFrame=[100000,0][1440,3088], mVisible=true, mInsetsRoundedCornerFrame=false}, InsetsSource: {mType=ITYPE_BOTTOM_DISPLAY_CUTOUT, mFrame=[0,100000][1440,3088], mVisible=true, mInsetsRoundedCornerFrame=false}, InsetsSource: {mType=ITYPE_TOP_TAPPABLE_ELEMENT, mFrame=[0,0][1440,100], mVisible=true, mInsetsRoundedCornerFrame=false}, InsetsSource: {mType=ITYPE_BOTTOM_TAPPABLE_ELEMENT, mFrame=[0,0][0,0], mVisible=true, mInsetsRoundedCornerFrame=false}, InsetsSource: {mType=ITYPE_IME, mFrame=[0,0][0,0], mVisibleFrame=[0,3088][1440,3088], mVisible=false, mInsetsRoundedCornerFrame=false} } host=com.example.dogglers/com.example.dogglers.VerticalListActivity from=android.view.ViewRootImpl.setView:1732
09-25 13:19:31.452  5639  5639 I ViewRootImpl@54a77c4[VerticalListActivity]: setView = com.android.internal.policy.DecorView@d795ee8 TM=true
09-25 13:19:31.452  5639  5639 I MSHandlerLifeCycle: removeMultiSplitHandler: no exist. decor=DecorView@d795ee8[VerticalListActivity]
09-25 13:19:31.453  3108  3338 D AnalyticsContainerHandler: handleMessage : { when=0 what=1 target=com.android.server.knox.KnoxAnalyticsContainer$AnalyticsHandler }
09-25 13:19:31.454  5639  5639 I ViewRootImpl@54a77c4[VerticalListActivity]: performTraversals params={(0,0)(fillxfill) sim={adjust=resize forwardNavigation} ty=BASE_APPLICATION wanim=0x1030309
09-25 13:19:31.454  5639  5639 I ViewRootImpl@54a77c4[VerticalListActivity]:   fl=81810100
09-25 13:19:31.454  5639  5639 I ViewRootImpl@54a77c4[VerticalListActivity]:   pfl=12020040
09-25 13:19:31.454  5639  5639 I ViewRootImpl@54a77c4[VerticalListActivity]:   bhv=DEFAULT
09-25 13:19:31.454  5639  5639 I ViewRootImpl@54a77c4[VerticalListActivity]:   fitSides= naviIconColor=0}
09-25 13:19:31.455  5639  5639 I ViewRootImpl@54a77c4[VerticalListActivity]: performTraversals mFirst=true windowShouldResize=true viewVisibilityChanged=false mForceNextWindowRelayout=false params={(0,0)(fillxfill) sim={adjust=resize forwardNavigation} ty=BASE_APPLICATION wanim=0x1030309
09-25 13:19:31.455  5639  5639 I ViewRootImpl@54a77c4[VerticalListActivity]:   fl=81810100
09-25 13:19:31.455  5639  5639 I ViewRootImpl@54a77c4[VerticalListActivity]:   pfl=12020040
09-25 13:19:31.455  5639  5639 I ViewRootImpl@54a77c4[VerticalListActivity]:   bhv=DEFAULT
09-25 13:19:31.455  5639  5639 I ViewRootImpl@54a77c4[VerticalListActivity]:   fitSides= naviIconColor=0}
09-25 13:19:31.455  3108  3145 V WindowManager: Relayout Window{752e3c1 u0 com.example.dogglers/com.example.dogglers.VerticalListActivity}: viewVisibility=0 req=1440x3088 d0
09-25 13:19:31.455  1914  4196 I SurfaceFlinger: id=162585 createSurf, flag=40004, com.example.dogglers/com.example.dogglers.VerticalListActivity$_5639#162585
09-25 13:19:31.457  1914  2140 I SurfaceFlinger: id=162586 createSurf, flag=24000, Surface(name=4eb27f5 StatusBar)/@0x43fa543 - animation-leash of insets_animation#162586
09-25 13:19:31.458  1914  2140 I SurfaceFlinger: id=162587 createSurf, flag=24000, Surface(name=d110b4c NavigationBar0)/@0x8bdb781 - animation-leash of insets_animation#162587
09-25 13:19:31.459  5369  8863 I TouchInteractionService: onSystemUiStateChanged, stateFlags : 131120 |a11y_click|a11y_long_click|allow_gesture|
09-25 13:19:31.459  3108  3145 V WindowManager: Relayout hash=752e3c1, pid=5639, syncId=-1: mAttrs={(0,0)(fillxfill) sim={adjust=resize forwardNavigation} ty=BASE_APPLICATION wanim=0x1030309
09-25 13:19:31.459  3108  3145 V WindowManager:   fl=81810100
09-25 13:19:31.459  3108  3145 V WindowManager:   pfl=12020040
09-25 13:19:31.459  3108  3145 V WindowManager:   bhv=DEFAULT
09-25 13:19:31.459  3108  3145 V WindowManager:   fitSides= naviIconColor=0}
09-25 13:19:31.459  5369  5369 I RecentsAnimationDeviceState: setSystemUiFlags, stateFlags : 131120
09-25 13:19:31.459  5369  5369 W SGestureOverlayWindow: setVisibilityGestureOverlayWindow, visibility = 0
09-25 13:19:31.459  5369  5369 I TouchInteractionService: onSystemUiFlagsChanged, lastSysUIFlags : 48
09-25 13:19:31.460  5639  5639 I ViewRootImpl@54a77c4[VerticalListActivity]: updateBlastSurfaceIfNeeded mBlastBufferQueue=null isSameSurfaceControl=false
09-25 13:19:31.460  5639  5639 I BLASTBufferQueue: new BLASTBufferQueue, mName= ViewRootImpl@54a77c4[VerticalListActivity] mNativeObject= 0xb4000077a1043f00 sc.mNativeObject= 0xb4000077a103ede0 caller= android.view.ViewRootImpl.updateBlastSurfaceIfNeeded:2909 android.view.ViewRootImpl.relayoutWindow:9847 android.view.ViewRootImpl.performTraversals:3884 android.view.ViewRootImpl.doTraversal:3116 android.view.ViewRootImpl$TraversalRunnable.run:10885 android.view.Choreographer$CallbackRecord.run:1301 android.view.Choreographer$CallbackRecord.run:1309 android.view.Choreographer.doCallbacks:923 android.view.Choreographer.doFrame:852 android.view.Choreographer$FrameDisplayEventReceiver.run:1283
09-25 13:19:31.460  5639  5639 I BLASTBufferQueue: update, w= 1440 h= 3088 mName = ViewRootImpl@54a77c4[VerticalListActivity] mNativeObject= 0xb4000077a1043f00 sc.mNativeObject= 0xb4000077a103ede0 format= -1 caller= android.graphics.BLASTBufferQueue.<init>:84 android.view.ViewRootImpl.updateBlastSurfaceIfNeeded:2909 android.view.ViewRootImpl.relayoutWindow:9847 android.view.ViewRootImpl.performTraversals:3884 android.view.ViewRootImpl.doTraversal:3116 android.view.ViewRootImpl$TraversalRunnable.run:10885
09-25 13:19:31.460  5639  5639 I ViewRootImpl@54a77c4[VerticalListActivity]: Relayout returned: old=(0,0,1440,3088) new=(0,0,1440,3088) req=(1440,3088)0 dur=5 res=0x3 s={true 0xb40000772b217800} ch=true seqId=0
09-25 13:19:31.460  5639  5639 I ViewRootImpl@54a77c4[VerticalListActivity]: performConfigurationChange setNightDimText nightDimLevel=0
09-25 13:19:31.460  5639  5639 I ViewRootImpl@54a77c4[VerticalListActivity]: mThreadedRenderer.initialize() mSurface={isValid=true 0xb40000772b217800} hwInitialized=true
09-25 13:19:31.460  5639  5729 D OpenGLRenderer: eglCreateWindowSurface
09-25 13:19:31.464  1914  1914 I Layer   : id=162569 removedFromDrawingState Surface(name=4eb27f5 StatusBar)/@0x43fa543 - animation-leash of insets_animation#162569 (339)
09-25 13:19:31.464  1914  1914 I Layer   : id=162570 removedFromDrawingState Surface(name=d110b4c NavigationBar0)/@0x8bdb781 - animation-leash of insets_animation#162570 (339)
09-25 13:19:31.464  1914  1914 I SurfaceFlinger: [752e3c1 com.example.dogglers/com.example.dogglers.VerticalListActivity#162584] FrameRatePriority: 1
09-25 13:19:31.464  1914  1914 I SurfaceFlinger: id=162569 Removed Surface(name=4eb27f5 StatusBar)/@0x43fa543 - animation-leash of insets_animation#162569 (339)
09-25 13:19:31.464  1914  1914 I SurfaceFlinger: id=162570 Removed Surface(name=d110b4c NavigationBar0)/@0x8bdb781 - animation-leash of insets_animation#162570 (339)
09-25 13:19:31.464  1914  1914 I Layer   : id=162569 Destroyed Surface(name=4eb27f5 StatusBar)/@0x43fa543 - animation-leash of insets_animation#162569
09-25 13:19:31.464  1914  1914 I Layer   : id=162570 Destroyed Surface(name=d110b4c NavigationBar0)/@0x8bdb781 - animation-leash of insets_animation#162570
09-25 13:19:31.469  5639  5639 I ViewRootImpl@54a77c4[VerticalListActivity]: reportNextDraw android.view.ViewRootImpl.performTraversals:4438 android.view.ViewRootImpl.doTraversal:3116 android.view.ViewRootImpl$TraversalRunnable.run:10885 android.view.Choreographer$CallbackRecord.run:1301 android.view.Choreographer$CallbackRecord.run:1309
09-25 13:19:31.470  5639  5639 I ViewRootImpl@54a77c4[VerticalListActivity]: Setup new sync id=0
09-25 13:19:31.470  5639  5639 I ViewRootImpl@54a77c4[VerticalListActivity]: Setting syncFrameCallback
09-25 13:19:31.470  5639  5639 I ViewRootImpl@54a77c4[VerticalListActivity]: registerCallbacksForSync syncBuffer=false
09-25 13:19:31.472  5639  5771 I ViewRootImpl@54a77c4[VerticalListActivity]: Received frameDrawingCallback syncResult=0 frameNum=1.
09-25 13:19:31.472  5639  5771 I ViewRootImpl@54a77c4[VerticalListActivity]: Setting up sync and frameCommitCallback
09-25 13:19:31.473  5639  5729 I BLASTBufferQueue: [ViewRootImpl@54a77c4[VerticalListActivity]#51](f:0,a:0) onFrameAvailable the first frame is available
09-25 13:19:31.473  3108  4074 D InputDispatcher: Focus request (0): 752e3c1 com.example.dogglers/com.example.dogglers.VerticalListActivity but waiting because NO_WINDOW
09-25 13:19:31.473  5639  5729 I ViewRootImpl@54a77c4[VerticalListActivity]: Received frameCommittedCallback lastAttemptedDrawFrameNum=1 didProduceBuffer=true
09-25 13:19:31.474  5639  5729 D OpenGLRenderer: CFMS:: SetUp Pid : 5639    Tid : 5729
09-25 13:19:31.476  5639  5639 I ViewRootImpl@54a77c4[VerticalListActivity]: onSyncComplete
09-25 13:19:31.476  5639  5639 I ViewRootImpl@54a77c4[VerticalListActivity]: setupSync seqId=0 mSyncId=0 fn=1 caller=android.view.ViewRootImpl$$ExternalSyntheticLambda11.accept:6 android.window.SurfaceSyncer.lambda$setupSync$1$android-window-SurfaceSyncer:128 android.window.SurfaceSyncer$$ExternalSyntheticLambda1.accept:8 android.window.SurfaceSyncer$SyncSet.checkIfSyncIsComplete:382 android.window.SurfaceSyncer$SyncSet.markSyncReady:359 android.window.SurfaceSyncer.markSyncReady:151 android.view.ViewRootImpl.performTraversals:4503
09-25 13:19:31.476  5639  5639 I ViewRootImpl@54a77c4[VerticalListActivity]: reportDrawFinished seqId=0 mSyncId=-1 fn=1 mSurfaceChangedTransaction=0xb4000077b1dbbc00
09-25 13:19:31.479  5639  5639 D RootViewPicker: Root not ready - waiting: 10ms for one to appear.
09-25 13:19:31.479  3108  3227 W ziparchive: Unable to open '/data/app/~~ATcZRD0F-LmHTuxfrkuUPg==/com.example.dogglers-ejGvQ7nyEoA-Sr0nwgcZYw==/base.dm': No such file or directory
09-25 13:19:31.479  3108  3227 I PkgPredictorService-SecIpmManagerServiceImpl: reportToNAP uid:10577 com.example.dogglers/com.example.dogglers.VerticalListActivity thisTime:97
09-25 13:19:31.480  3108  3227 I ActivityTaskManager: Displayed com.example.dogglers/.VerticalListActivity: +97ms
09-25 13:19:31.480  1914  2140 I SurfaceFlinger: id=162588 createSurf, flag=24000, Surface(name=752e3c1 com.example.dogglers/com.example.dogglers.VerticalListActivity)/@0xd7b50ec - animation-leash of starting_reveal#162588
09-25 13:19:31.480  5759  5759 E pageboostd: Received HALT command code 2
09-25 13:19:31.482  1914  1914 D SurfaceFlinger: GPIS:: requestGPIS
09-25 13:19:31.482  3108  3145 I SemDvfsHyPerManager: acquire hyper - AMS_RESUME_TAIL/3108@20, type = -999
09-25 13:19:31.482  3108  3145 I SemDvfsHyPerManager: acquire hyper - AMS_ACT_LAZY/3108@21, type = -999
09-25 13:19:31.482  1809  1855 I HYPER-HAL: [RequestManager.cpp]acquire(): Acquired ID : 4893776  [3108 / 20]    HINT : AMS_RESUME_TAIL    list :
09-25 13:19:31.483  3108  4074 D InputDispatcher: Focus entered window (0): 752e3c1 com.example.dogglers/com.example.dogglers.VerticalListActivity
09-25 13:19:31.483  5639  5639 I ViewRootImpl@54a77c4[VerticalListActivity]: MSG_WINDOW_FOCUS_CHANGED 1 0
09-25 13:19:31.483  5639  5639 I ViewRootImpl@54a77c4[VerticalListActivity]: mThreadedRenderer.initializeIfNeeded()#2 mSurface={isValid=true 0xb40000772b217800}
09-25 13:19:31.484  1914  1914 D SurfaceFlinger: Display 4630947093241269891 HWC layers:
09-25 13:19:31.484  1914  1914 D SurfaceFlinger:      CLIENT | 0xb400007af6c13480 | 0100 | RGBx_8888    |  592.0    0.0 1628.0 2220.0 |    0    0 1440 3088 | Wallpaper BBQ wrapper#90
09-25 13:19:31.484  1914  1914 D SurfaceFlinger:      CLIENT | 0xb400007af86f9000 | 0100 | RGBA_8888    |    0.0    0.0 1440.0 3088.0 |    0    0 1440 3088 | com.sec.android.app.launcher/com.sec[...]rActivity$_5369#162528 (blurRegions)
