09-25 13:19:22.753 15286 15286 I Rubin   : [2] com.samsung.android.rubin.inferenceengine.contextanalytics.engine.loggers.v$b.onLocationChanged(SourceFile:7) : Passive location updated
09-25 13:19:22.753 15286 15346 I Rubin   : [27752] com.samsung.android.rubin.inferenceengine.contextanalytics.engine.loggers.v.p(SourceFile:1) : flush
09-25 13:19:22.754  1797  4125 I sensors-hal: ssc_conn_event_cb:875, event[0] sensor:slocationcore  Wakeup, msg_id=1025, ts=26305798702482
09-25 13:19:22.754  1797  4125 E sensors-hal: handle_sns_client_event:78, slocationcore_event: msgid:1025
09-25 13:19:22.754  3108  4123 D CAE     : onGetSensorHubData(SensorHubParserProvider.java:89) - onGetSensorHubData Event [event buffer len :38], AP_WAKEUP
09-25 13:19:22.754  3108  4123 I CAE     : parse(SensorHubParserProvider.java:190) - buffer size = 38
09-25 13:19:22.754  3108  4123 I CAE     : parse(SensorHubParserProvider.java:201) - 1, 1, 55, 0, 33, 33, 0, 0, 0, 0, 0, 0, 1, -118, -51, -114, -30, -128, 29, 37, -82, -32, -69, 90, 97, 0, 0, 0, 0, 11, 4, 32, -42, -56, 0, 0, 4, 98,
09-25 13:19:22.754  3108  4123 I CAE     : parse(SLocationRunner.java:88) - SLocationRunner parse start : 3
09-25 13:19:22.754  3108  4123 D CAE     : display(ContextProvider.java:375) - ================= SLOCATION_RUNNER =================
09-25 13:19:22.754  3108  4123 I CAE     : display(ContextProvider.java:391) - ExtraDataArray=[1, 1, 55, 0, 33, 33, 0, 0, 0, 0, 0, 0, 1, -118, -51, -114, -30, -128, 29, 37, -82, -32, -69, 90, 97, 0, 0, 0, 0, 11, 4, 32, -42, -56, 0, 0, 4, 98]
09-25 13:19:22.754  3108  4123 I CAE     : parse(SLocationRunner.java:96) - SLocationRunner parse end:38
09-25 13:19:22.754  3108  4120 D SemContextService: Service.updateContext() : service = SLocation Core
09-25 13:19:22.754  1797  1797 I sensors-hal: set_config:61, sample_period_ns is adjusted to 200000000 based on min/max delay_ns
09-25 13:19:22.754  1797  1797 I sensors-hal: batch:365, android.sensor.pressure/61, period=200000000, max_latency=0 request completed
09-25 13:19:22.754  3108  3108 D SemContextManager: onSemContextChanged() : event = SLocation Core
09-25 13:19:22.755  1797  1797 I sensors-hal: activate:281, android.sensor.pressure/61 en=1
09-25 13:19:22.755  1797  1797 I sensors-hal: acquire_ssc_interface:108, acquire_ssc_interface with sensor_id 20 , conn_type 3
09-25 13:19:22.755  3108  5085 W CAE     : setCAProperty(ContextAwareService.java:519) - [setProperty 02] Mutex is unlocked for SLOCATION_RUNNER
09-25 13:19:22.755  3108  5085 D SemContextService: unlock : changeParameters
09-25 13:19:22.755  3108  5085 D SemContextManager:   .changeParameters : listener = com.samsung.android.location.semcontext.a@241cd78, service=SLocation Core
09-25 13:19:22.755  3108  3108 D SLocation: SLocationCoreSem - SemContextChanged type = 47, packet received
09-25 13:19:22.755  5369  5369 I Launcher.AppsViewCellLayout: com.android.homescreen.apptray.AppsViewCellLayout{118f2a4 V.ED..... ........ 15341,100-16679,2951}[a=1.0,v=0,sId=11] setAlpha : 1.0
09-25 13:19:22.756  1765  1963 E minksocket: MinkIPC_QRTR_Service: client with node 1 port 7d6c went down
09-25 13:19:22.756  1765  1977 E minksocket: MinkIPC_QRTR_Service: client with node 1 port 7d6c went down
09-25 13:19:22.756  5369  5584 I ViewRootImpl@7533534[LauncherActivity]: mWNT: t=0xb40000774cca7d00 mBlastBufferQueue=0xb400007720986880 fn= 110 caller= com.android.systemui.shared.launcher.ViewRootImplCompat.mergeWithNextTransaction:2 com.android.quickstep.util.SurfaceTransactionApplier.lambda$scheduleApply$0:2 com.android.quickstep.util.SurfaceTransactionApplier.b:0
09-25 13:19:22.757  3108  5085 D SLocation: PositionManager - receive fused location
09-25 13:19:22.757  3108  5085 I SLocation: SemContextParser -  parse start : 3
09-25 13:19:22.757  3108  5085 I SLocation: SemContextParser -  packet Length : 33packet total size : 38
09-25 13:19:22.757  3108  5085 I SLocation: SemContextParser - packet : [33, 0, 0, 0, 0, 0, 0, 1, -118, -51, -114, -30, -128, 29, 37, -82, -32, -69, 90, 97, 0, 0, 0, 0, 11, 4, 32, -42, -56, 0, 0, 4, 98]
09-25 13:19:22.757  3108  5085 D SLocation: GeofenceCoreManager - received Extra Data from core, len : 33
09-25 13:19:22.757  3108  5085 D SLocation: ARDistanceGetARDistance - convertSensorHubTimeToElapsedTime 1366334157
09-25 13:19:22.758  3108  5085 D SLocation: CommonCoreManager - received Extra Data from core, len : 33
09-25 13:19:22.758  3108  5085 D SLocation: SCurrentLocationManager - handleCurrentLocationCoreDistance 0.0
09-25 13:19:22.758  3108  5085 D SLocation: TrackingReceiverFilterFmm - sum of ar distance : 1122.0, update time : 1370088914, gps loc time : 1366334417
09-25 13:19:22.758  3108  5085 D SLocation: SingleLastLocation - last locations is gps/11.0/1133.0, network/3799.999/3799.999, fused/100.0/100.0
09-25 13:19:22.758  3108  5085 D SLocation: TrackingReceiverFilter - sum of ar distance : 1122.0, update time : 1370088915, gps loc time : 1366334417
09-25 13:19:22.758  3108  5085 D SLocation: TrackingReceiverFilter - update last gps location from core, dist : 1122.0
09-25 13:19:22.758  3108  5085 D SLocation: SingleLastLocation - handleOnUpdateLastLocation 3
09-25 13:19:22.759  1765  1963 E minksocket: MinkIPC_QRTR_Service: client with node 1 port 7d6d went down
09-25 13:19:22.759  1765  1977 E minksocket: MinkIPC_QRTR_Service: client with node 1 port 7d6d went down
09-25 13:19:22.759  3108  4637 D SemCellularStateManager: onCellInfoChanged: cellInfoList Number of cell: 1
09-25 13:19:22.759  3108  4637 D SemCellularStateManager: onCellInfoChanged: Registered = true, mCellularCellId = 105504017
09-25 13:19:22.759  5199  5547 I PhoneStateTracker<0>: onCellInfoChanged: xxxxx
09-25 13:19:22.760  5199  5547 I ImsCallSessionManager: onCellInfoChanged, phoneId: 0
09-25 13:19:22.760  5199  5547 I RegiMgr-Handler: handleMessage: EVENT_CELL_INFO_CHANGED
09-25 13:19:22.760  1765  1977 E minksocket: MinkIPC_QRTR_Service: client with node 1 port 7d6e went down
09-25 13:19:22.760  1765  1963 E minksocket: MinkIPC_QRTR_Service: client with node 1 port 7d6e went down
09-25 13:19:22.760  5199  5547 I RegiMgr<0>: updatePani RegisterTask[0][mProfile=ATT VoLTE, mRegistrationRat=18, mPdnType=11, mState=REGISTERED, mObject=UserAgent - :
09-25 13:19:22.760  5199  5547 I RegiMgr<0>:  total records=606
09-25 13:19:22.760  5199  5547 I RegiMgr<0>:  rec[0]: time=09-25 12:54:33.285 processed=ReadyState org=RegisteredState dest=<null> what=34(0x22)
09-25 13:19:22.760  5199  5547 I RegiMgr<0>:  rec[1]: time=09-25 12:54:33.285 processed=RegisteredState org=RegisteredState dest=<null> what=2000(0x7d0)
09-25 13:19:22.760  5199  5547 I RegiMgr<0>:  rec[2]: time=09-25 12:59:22.790 processed=ReadyState org=RegisteredState dest=<null> what=34(0x22)
09-25 13:19:22.760  5199  5547 I RegiMgr<0>:  rec[3]: time=09-25 12:59:22.791 processed=RegisteredState org=RegisteredState dest=<null> what=2000(0x7d0)
09-25 13:19:22.760  5199  5547 I RegiMgr<0>:  rec[4]: time=09-25 13:04:22.798 processed=ReadyState org=RegisteredState dest=<null> what=34(0x22)
09-25 13:19:22.760  5199  5547 I RegiMgr<0>:  rec[5]: time=09-25 13:04:22.798 processed=RegisteredState org=RegisteredState dest=<null> what=2000(0x7d0)
09-25 13:19:22.760  5199  5547 I RegiMgr<0>:  rec[6]: time=09-25 13:07:30.437 processed=ReadyState org=RegisteredState dest=<null> what=34(0x22)
09-25 13:19:22.760  5199  5547 I RegiMgr<0>:  rec[7]: time=09-25 13:07:30.438 processed=RegisteredState org=RegisteredState dest=<null> what=2000(0x7d0)
09-25 13:19:22.760  5199  5547 I RegiMgr<0>:  rec[8]: time=09-25 13:07:36.818 processed=ReadyState org=RegisteredState dest=<null> what=34(0x22)
09-25 13:19:22.760  5199  5547 I RegiMgr<0>:  rec[9]: time=09-25 13:07:36.819 processed=RegisteredState org=RegisteredState dest=<null> what=2000(0x7d0)
09-25 13:19:22.760  5199  5547 I RegiMgr<0>:  rec[10]: time=09-25 13:09:22.789 processed=ReadyState org=RegisteredState dest=<null> what=34(0x22)
09-25 13:19:22.760  5199  5547 I RegiMgr<0>:  rec[11]: time=09-25 13:09:22.790 processed=RegisteredState org=RegisteredState dest=<null> what=2000(0x7d0)
09-25 13:19:22.760  5199  5547 I RegiMgr<0>:  rec[12]: time=09-25 13:13:38.367 processed=RegisteredState org=RegisteredState dest=<null> what=8(0x8)
09-25 13:19:22.760  5199  5547 I RegiMgr<0>:  rec[13]: time=09-25 13:13:38.460 processed=RegisteredState org=RegisteredState dest=<null> what=1000(0x3e8)
09-25 13:19:22.760  5199  5547 I RegiMgr<0>:  rec[14]: time=09-25 13:13:38.505 processed=ReadyState org=RegisteredState dest=<null> what=34(0x22)
09-25 13:19:22.760  5199  5547 I RegiMgr<0>:  rec[15]: time=09-25 13:13:38.506 processed=RegisteredState org=RegisteredState dest=<null> what=2000(0x7d0)
09-25 13:19:22.760  5199  5547 I RegiMgr<0>:  rec[16]: time=09-25 13:14:22.807 processed=ReadyState org=RegisteredState dest=<null> what=34(0x22)
09-25 13:19:22.760  5199  5547 I RegiMgr<0>:  rec[17]: time=09-25 13:14:22.807 processed=RegisteredState org=RegisteredState dest=<null> what=2000(0x7d0)
09-25 13:19:22.760  5199  5547 I RegiMgr<0>:  rec[18]: time=09-25 13:17:31.362 processed=ReadyState org=RegisteredState dest=<null> what=34(0x22)
09-25 13:19:22.760  5199  5547 I RegiMgr<0>:  rec[19]: time=09-25 13:17:31.363 processed=RegisteredState org=RegisteredState dest=<null> what=2000(0x7d0)
09-25 13:19:22.760  5199  5547 I RegiMgr<0>: curState=RegisteredState
09-25 13:19:22.760  5199  5547 I RegiMgr<0>: , mReason=, mPcscfHostname=null, mDeregiReason=41]
09-25 13:19:22.760  1797  1797 I sensors-hal: ssc_qmi:26, ssc_qmi
09-25 13:19:22.760  1797  1797 I sensors-hal: register_cb:295, register_cb start this=0xb4000078d28c1800x
09-25 13:19:22.760  1797  1797 I sensors-hal: register_cb:311, register_cb End with succes
09-25 13:19:22.760  1797  1797 I sensors-hal: send_sensor_config_request:564, resampler is used, set resampler config
09-25 13:19:22.760  1797  1797 I sensors-hal: send_sync_sensor_request:501, send sync request
09-25 13:19:22.760  1797  1797 I sensors-hal: send_sync_sensor_request:511, send_sync_sensor_request before send_request for pressure with SUID low=3477918057453434663 high=6695488185567971209
09-25 13:19:22.760  1797  1797 I sensors-hal: send_request:320, send_request start this=0xb4000078d28c1800x
09-25 13:19:22.761  1797  1797 I sensors-hal: send_request:405, send_request completed, this=0xb4000078d28c1800x
09-25 13:19:22.761  1797  1797 I sensors-hal: send_sync_sensor_request:530, wait for notification of response
09-25 13:19:22.761  5199  5547 I PaniGenerator<0>: generate: subId=1, network=18
09-25 13:19:22.761  1765  1977 E minksocket: MinkIPC_QRTR_Service: client with node 1 port 7d6f went down
09-25 13:19:22.761  1765  1963 E minksocket: MinkIPC_QRTR_Service: client with node 1 port 7d6f went down
09-25 13:19:22.761  5199  5547 I PdnController: isWifiConnected: [type: WIFI[], state: CONNECTED/CONNECTED, reason: (unspecified), extra: , failover: false, available: true, roaming: false]
09-25 13:19:22.762  5199  5547 I PaniGenerator<0>: generate: network=18, fallbackPlmn=310410
09-25 13:19:22.762  5199  5547 I PaniGenerator<0>: generateWiFiPani: Format for generating PANI - <PREFIX>;i-wlan-node-id=000000000000
09-25 13:19:22.762  1797  6239 I sensors-hal: ssc_conn_resp_cb:915, resp_value = 0 for pressure
09-25 13:19:22.762  1797  6239 I sensors-hal: handle_resp_cb:507, handle_resp_cb Ended this=0xb4000078d28c1800x
09-25 13:19:22.762  1797  1797 I sensors-hal: send_sync_sensor_request:536, takes 1 ms to receive the response with 0
09-25 13:19:22.762  1797  1797 I sensors-hal: activate:62, activate pressure
09-25 13:19:22.762  1797  1797 I sensors-hal: activate:299, android.sensor.pressure/61 en=1 completed
09-25 13:19:22.762  5199  5547 I PaniGenerator: WifiManager.getBSSID(): [46:0e:7c:31:04:c3]
09-25 13:19:22.762  5199  5547 I PaniGenerator<0>: generateWiFiPani: normalized PANI: IEEE-802.11;i-wlan-node-id=000000000000
09-25 13:19:22.762  9074  9805 D SensorManager: registerListener :: 61, lps22hh Pressure Sensor Non-wakeup, 200000, 0,
09-25 13:19:22.762  5199  5547 I PaniGenerator: setLkcForLastPani: No Last PANI header for ATT VoLTE
09-25 13:19:22.762  5199  5547 I UserAgent<0>: updatePani: pani=IEEE-802.11;i-wlan-node-id=000000000000, updatePani: lastPani=null
09-25 13:19:22.762  5199  5547 I RegiMgr<0>: tryRegister:
09-25 13:19:22.762  5199  5547 I RegiMgr<0>: RegisterTask(s): ATT VoLTE (REGISTERED, rat = 18, service = [mmtel-video, smsip, mmtel, presence])
09-25 13:19:22.762  5199  5547 I RcsPolicyMgr<0>: pendingRcsRegister: mActiveDataPhoneId = 0
09-25 13:19:22.762  5199  5808 I StackIF : updatePani: 28727 pani: [IEEE-802.11;i-wlan-node-id=000000000000]
09-25 13:19:22.762  5199  5808 I SECIMSJ : [2788]> 124
09-25 13:19:22.763  5199  5825 I [IMS6.0]: IMS_onResponse()
09-25 13:19:22.763  5199  5825 I StackIF : processMessage 2
09-25 13:19:22.763  5199  5825 I StackIF : Processing Response
09-25 13:19:22.763  5199  5825 I SECIMSJ : [2788]< 600
09-25 13:19:22.763  5199  5825 I StackIF : processResponse: reqId 600
09-25 13:19:22.763  5369  5369 I Launcher.AppsViewCellLayout: com.android.homescreen.apptray.AppsViewCellLayout{118f2a4 V.ED..... ........ 15341,100-16679,2951}[a=1.0,v=0,sId=11] setAlpha : 1.0
09-25 13:19:22.763  5199  5825 I StackIF : processResponse: handle 28727 result 0 reason 0
09-25 13:19:22.765  3108  4123 D CAE     : onGetSensorHubData(SensorHubParserProvider.java:89) - onGetSensorHubData Event [event buffer len :10], AP_WAKEUP
09-25 13:19:22.765  3108  4123 I CAE     : parse(SensorHubParserProvider.java:190) - buffer size = 10
09-25 13:19:22.765  3108  4123 I CAE     : parse(SensorHubParserProvider.java:201) - 1, 1, 55, 0, 5, 2, 34, 0, 0, 0,
09-25 13:19:22.765  5369  5583 I ViewRootImpl@7533534[LauncherActivity]: mWNT: t=0xb40000774cca7e00 mBlastBufferQueue=0xb400007720986880 fn= 111 caller= com.android.systemui.shared.launcher.ViewRootImplCompat.mergeWithNextTransaction:2 com.android.quickstep.util.SurfaceTransactionApplier.lambda$scheduleApply$0:2 com.android.quickstep.util.SurfaceTransactionApplier.b:0
09-25 13:19:22.765  3108  4123 I CAE     : parse(SLocationRunner.java:88) - SLocationRunner parse start : 3
09-25 13:19:22.765  3108  4123 D CAE     : display(ContextProvider.java:375) - ================= SLOCATION_RUNNER =================
09-25 13:19:22.765  3108  4123 I CAE     : display(ContextProvider.java:391) - ExtraDataArray=[1, 1, 55, 0, 5, 2, 34, 0, 0, 0]
09-25 13:19:22.765  3108  4123 I CAE     : parse(SLocationRunner.java:96) - SLocationRunner parse end:10
09-25 13:19:22.766  3108  4120 D SemContextService: Service.updateContext() : service = SLocation Core
09-25 13:19:22.766  3108  3108 D SemContextManager: onSemContextChanged() : event = SLocation Core
09-25 13:19:22.766  3108  3108 D SLocation: SLocationCoreSem - SemContextChanged type = 47, packet received
09-25 13:19:22.766  3108  5085 I SLocation: SemContextParser -  parse start : 3
09-25 13:19:22.766  3108  5085 I SLocation: SemContextParser -  packet Length : 5packet total size : 10
09-25 13:19:22.766  3108  5085 I SLocation: SemContextParser - packet : [2, 34, 0, 0, 0]
09-25 13:19:22.767  3108  5085 D SLocation: GeofenceCoreManager - received Extra Data from core, len : 5
09-25 13:19:22.767  3108  5085 D SLocation: GeofenceCoreManager - handleCommandCallback - UNKNOWN_CALLBACK 34 SUCCESS
09-25 13:19:22.767  3108  5085 D SLocation: ARDistanceLibManager - command callback received - CURRENT_LOCATION_REQUEST_DISTANCE ERROR CODE : ERROR_NONE
09-25 13:19:22.767  3108  5085 D SLocation: CommonCoreManager - received Extra Data from core, len : 5
09-25 13:19:22.767 13412  5344 I GCoreUlr: Successfully inserted 1 locations
09-25 13:19:22.768  1797  6239 I sensors-hal: ssc_conn_event_cb:843, SCHED_FIFO(10) for qmi_cbk
09-25 13:19:22.772  5369  5369 I Launcher.AppsViewCellLayout: com.android.homescreen.apptray.AppsViewCellLayout{118f2a4 V.ED..... ........ 15341,100-16679,2951}[a=1.0,v=0,sId=11] setAlpha : 1.0
09-25 13:19:22.773  5369  5584 I ViewRootImpl@7533534[LauncherActivity]: mWNT: t=0xb40000774cca7f00 mBlastBufferQueue=0xb400007720986880 fn= 112 caller= com.android.systemui.shared.launcher.ViewRootImplCompat.mergeWithNextTransaction:2 com.android.quickstep.util.SurfaceTransactionApplier.lambda$scheduleApply$0:2 com.android.quickstep.util.SurfaceTransactionApplier.b:0
09-25 13:19:22.778 13412  5345 I SemanticLocation: (REDACTED) [Inferrer] %s%s
09-25 13:19:22.780  5369  5369 I Launcher.AppsViewCellLayout: com.android.homescreen.apptray.AppsViewCellLayout{118f2a4 V.ED..... ........ 15341,100-16679,2951}[a=1.0,v=0,sId=11] setAlpha : 1.0
09-25 13:19:22.781  5369  5583 I ViewRootImpl@7533534[LauncherActivity]: mWNT: t=0xb40000774ccdc100 mBlastBufferQueue=0xb400007720986880 fn= 113 caller= com.android.systemui.shared.launcher.ViewRootImplCompat.mergeWithNextTransaction:2 com.android.quickstep.util.SurfaceTransactionApplier.lambda$scheduleApply$0:2 com.android.quickstep.util.SurfaceTransactionApplier.b:0
09-25 13:19:22.788  5369  5369 I Launcher.AppsViewCellLayout: com.android.homescreen.apptray.AppsViewCellLayout{118f2a4 V.ED..... ........ 15341,100-16679,2951}[a=1.0,v=0,sId=11] setAlpha : 1.0
09-25 13:19:22.790  5369  5584 I ViewRootImpl@7533534[LauncherActivity]: mWNT: t=0xb40000774ccdc200 mBlastBufferQueue=0xb400007720986880 fn= 114 caller= com.android.systemui.shared.launcher.ViewRootImplCompat.mergeWithNextTransaction:2 com.android.quickstep.util.SurfaceTransactionApplier.lambda$scheduleApply$0:2 com.android.quickstep.util.SurfaceTransactionApplier.b:0
09-25 13:19:22.797  5369  5369 I Launcher.AppsViewCellLayout: com.android.homescreen.apptray.AppsViewCellLayout{118f2a4 V.ED..... ........ 15341,100-16679,2951}[a=1.0,v=0,sId=11] setAlpha : 1.0
09-25 13:19:22.798  5369  5583 I ViewRootImpl@7533534[LauncherActivity]: mWNT: t=0xb40000774ccdc400 mBlastBufferQueue=0xb400007720986880 fn= 115 caller= com.android.systemui.shared.launcher.ViewRootImplCompat.mergeWithNextTransaction:2 com.android.quickstep.util.SurfaceTransactionApplier.lambda$scheduleApply$0:2 com.android.quickstep.util.SurfaceTransactionApplier.b:0
09-25 13:19:22.800  5369  5401 W System  : A resource failed to call ContentProviderClient.close.
09-25 13:19:22.800  5369  5401 W System  : A resource failed to call ContentProviderClient.close.
09-25 13:19:22.800  5369  5401 W System  : A resource failed to call release.
09-25 13:19:22.800  5369  5401 W System  : A resource failed to call release.
09-25 13:19:22.801  5369  5401 W System  : A resource failed to call release.
09-25 13:19:22.801  1914  3193 I SurfaceFlinger: id=162152 Removed Surface(name=WallpaperWindowToken{6241e01 token=android.os.Binder@ab19d0b})/@0xf3e0a44 - animation-leash of window_animation#162152 (344)
09-25 13:19:22.801  1914  3199 I SurfaceFlinger: id=162150 Removed Surface(name=Task=7109)/@0xe9d3f59 - animation-leash of app_transition#162150 (344)
09-25 13:19:22.801  1914  3199 I SurfaceFlinger: id=162151 Removed Surface(name=Task=1)/@0xeddbc98 - animation-leash of app_transition#162151 (344)
09-25 13:19:22.801  5369  5401 W System  : A resource failed to call ContentProviderClient.close.
09-25 13:19:22.801  5369  5401 W System  : A resource failed to call ContentProviderClient.close.
09-25 13:19:22.801  5369  5401 W System  : A resource failed to call release.
09-25 13:19:22.801  5369  5401 W System  : A resource failed to call release.
09-25 13:19:22.801  1914  2140 I SurfaceFlinger: id=162118 Removed Surface(name=WallpaperWindowToken{6241e01 token=android.os.Binder@ab19d0b})/@0xf3e0a44 - animation-leash of window_animation#162118 (344)
09-25 13:19:22.801  5369  5401 W System  : A resource failed to call release.
09-25 13:19:22.801  1914  3199 I SurfaceFlinger: id=162116 Removed Surface(name=Task=7108)/@0xece6a75 - animation-leash of app_transition#162116 (344)
09-25 13:19:22.801  1914  3199 I SurfaceFlinger: id=162117 Removed Surface(name=Task=1)/@0xeddbc98 - animation-leash of app_transition#162117 (344)
09-25 13:19:22.805  1914  1914 I Layer   : id=162116 Destroyed Surface(name=Task=7108)/@0xece6a75 - animation-leash of app_transition#162116
09-25 13:19:22.805  1914  1914 I Layer   : id=162117 Destroyed Surface(name=Task=1)/@0xeddbc98 - animation-leash of app_transition#162117
09-25 13:19:22.805  1914  1914 I Layer   : id=162118 Destroyed Surface(name=WallpaperWindowToken{6241e01 token=android.os.Binder@ab19d0b})/@0xf3e0a44 - animation-leash of window_animation#162118
09-25 13:19:22.805  1914  1914 I Layer   : id=162150 Destroyed Surface(name=Task=7109)/@0xe9d3f59 - animation-leash of app_transition#162150
09-25 13:19:22.805  1914  1914 I Layer   : id=162151 Destroyed Surface(name=Task=1)/@0xeddbc98 - animation-leash of app_transition#162151
09-25 13:19:22.805  1914  1914 I Layer   : id=162152 Destroyed Surface(name=WallpaperWindowToken{6241e01 token=android.os.Binder@ab19d0b})/@0xf3e0a44 - animation-leash of window_animation#162152
09-25 13:19:22.805  5369  5369 I Launcher.AppsViewCellLayout: com.android.homescreen.apptray.AppsViewCellLayout{118f2a4 V.ED..... ........ 15341,100-16679,2951}[a=1.0,v=0,sId=11] setAlpha : 1.0
09-25 13:19:22.807  5369  5584 I ViewRootImpl@7533534[LauncherActivity]: mWNT: t=0xb40000774ccdc500 mBlastBufferQueue=0xb400007720986880 fn= 116 caller= com.android.systemui.shared.launcher.ViewRootImplCompat.mergeWithNextTransaction:2 com.android.quickstep.util.SurfaceTransactionApplier.lambda$scheduleApply$0:2 com.android.quickstep.util.SurfaceTransactionApplier.b:0
09-25 13:19:22.808 13412  5345 I SemanticLocation: (REDACTED) [Inferrer] %s%s
09-25 13:19:22.813  5369  5369 I Launcher.AppsViewCellLayout: com.android.homescreen.apptray.AppsViewCellLayout{118f2a4 V.ED..... ........ 15341,100-16679,2951}[a=1.0,v=0,sId=11] setAlpha : 1.0
09-25 13:19:22.813  5369  5369 I AppsSearchBar: mCurrentCellLayouts onAnimationEnd
09-25 13:19:22.813  5369  5369 I Launcher.AppsViewCellLayout: com.android.homescreen.apptray.AppsViewCellLayout{118f2a4 V.ED..... ........ 15341,100-16679,2951}[a=1.0,v=0,sId=11] setAlpha : 1.0
09-25 13:19:22.815  5369  5583 I ViewRootImpl@7533534[LauncherActivity]: mWNT: t=0xb4000077be9b1600 mBlastBufferQueue=0xb400007720986880 fn= 117 caller= com.android.systemui.shared.launcher.ViewRootImplCompat.mergeWithNextTransaction:2 com.android.quickstep.util.SurfaceTransactionApplier.lambda$scheduleApply$0:2 com.android.quickstep.util.SurfaceTransactionApplier.b:0
09-25 13:19:22.823  5369  5584 I ViewRootImpl@7533534[LauncherActivity]: mWNT: t=0xb4000077be9b2100 mBlastBufferQueue=0xb400007720986880 fn= 118 caller= com.android.systemui.shared.launcher.ViewRootImplCompat.mergeWithNextTransaction:2 com.android.quickstep.util.SurfaceTransactionApplier.lambda$scheduleApply$0:2 com.android.quickstep.util.SurfaceTransactionApplier.b:0
09-25 13:19:22.831  5369  5583 I ViewRootImpl@7533534[LauncherActivity]: mWNT: t=0xb4000077be9b2200 mBlastBufferQueue=0xb400007720986880 fn= 119 caller= com.android.systemui.shared.launcher.ViewRootImplCompat.mergeWithNextTransaction:2 com.android.quickstep.util.SurfaceTransactionApplier.lambda$scheduleApply$0:2 com.android.quickstep.util.SurfaceTransactionApplier.b:0
09-25 13:19:22.839  1914  1914 D SurfaceFlinger: GPIS:: requestGPIS
09-25 13:19:22.839  5369  5584 I ViewRootImpl@7533534[LauncherActivity]: mWNT: t=0xb4000077be9b2300 mBlastBufferQueue=0xb400007720986880 fn= 120 caller= com.android.systemui.shared.launcher.ViewRootImplCompat.mergeWithNextTransaction:2 com.android.quickstep.util.SurfaceTransactionApplier.lambda$scheduleApply$0:2 com.android.quickstep.util.SurfaceTransactionApplier.b:0
09-25 13:19:22.848  5369  5583 I ViewRootImpl@7533534[LauncherActivity]: mWNT: t=0xb4000077be9b2400 mBlastBufferQueue=0xb400007720986880 fn= 121 caller= com.android.systemui.shared.launcher.ViewRootImplCompat.mergeWithNextTransaction:2 com.android.quickstep.util.SurfaceTransactionApplier.lambda$scheduleApply$0:2 com.android.quickstep.util.SurfaceTransactionApplier.b:0
09-25 13:19:22.857  5369  5584 I ViewRootImpl@7533534[LauncherActivity]: mWNT: t=0xb4000077be9b2b00 mBlastBufferQueue=0xb400007720986880 fn= 122 caller= com.android.systemui.shared.launcher.ViewRootImplCompat.mergeWithNextTransaction:2 com.android.quickstep.util.SurfaceTransactionApplier.lambda$scheduleApply$0:2 com.android.quickstep.util.SurfaceTransactionApplier.b:0
09-25 13:19:22.865  5369  5583 I ViewRootImpl@7533534[LauncherActivity]: mWNT: t=0xb4000077be9b2d00 mBlastBufferQueue=0xb400007720986880 fn= 123 caller= com.android.systemui.shared.launcher.ViewRootImplCompat.mergeWithNextTransaction:2 com.android.quickstep.util.SurfaceTransactionApplier.lambda$scheduleApply$0:2 com.android.quickstep.util.SurfaceTransactionApplier.b:0
09-25 13:19:22.868  8423  8423 I Utils   : isCurrentUser current = 0, ownerId = 0
09-25 13:19:22.869  8423  8423 I TrayVisibilityController: getComputedTrayVisible : keyguardState = 1
09-25 13:19:22.869  8423  8423 I TrayVisibilityController: updateTrayVisible: State=1 visible=1 mCurrentVisible=1 specificMode=0
09-25 13:19:22.869  8423  8423 I TrayStateController: onNotifyUpdateTray: state=0
09-25 13:19:22.873  5369  5584 I ViewRootImpl@7533534[LauncherActivity]: mWNT: t=0xb4000077be9b2e00 mBlastBufferQueue=0xb400007720986880 fn= 124 caller= com.android.systemui.shared.launcher.ViewRootImplCompat.mergeWithNextTransaction:2 com.android.quickstep.util.SurfaceTransactionApplier.lambda$scheduleApply$0:2 com.android.quickstep.util.SurfaceTransactionApplier.b:0
09-25 13:19:22.881  5369  5584 I ViewRootImpl@7533534[LauncherActivity]: mWNT: t=0xb4000077be9b2f00 mBlastBufferQueue=0xb400007720986880 fn= 125 caller= com.android.systemui.shared.launcher.ViewRootImplCompat.mergeWithNextTransaction:2 com.android.quickstep.util.SurfaceTransactionApplier.lambda$scheduleApply$0:2 com.android.quickstep.util.SurfaceTransactionApplier.b:0
09-25 13:19:22.890  5369  5583 I ViewRootImpl@7533534[LauncherActivity]: mWNT: t=0xb4000077be9b4300 mBlastBufferQueue=0xb400007720986880 fn= 126 caller= com.android.systemui.shared.launcher.ViewRootImplCompat.mergeWithNextTransaction:2 com.android.quickstep.util.SurfaceTransactionApplier.lambda$scheduleApply$0:2 com.android.quickstep.util.SurfaceTransactionApplier.b:0
09-25 13:19:22.898  5369  5584 I ViewRootImpl@7533534[LauncherActivity]: mWNT: t=0xb4000077be9b4d00 mBlastBufferQueue=0xb400007720986880 fn= 127 caller= com.android.systemui.shared.launcher.ViewRootImplCompat.mergeWithNextTransaction:2 com.android.quickstep.util.SurfaceTransactionApplier.lambda$scheduleApply$0:2 com.android.quickstep.util.SurfaceTransactionApplier.b:0
09-25 13:19:22.906  5369  5583 I ViewRootImpl@7533534[LauncherActivity]: mWNT: t=0xb4000077bead3100 mBlastBufferQueue=0xb400007720986880 fn= 128 caller= com.android.systemui.shared.launcher.ViewRootImplCompat.mergeWithNextTransaction:2 com.android.quickstep.util.SurfaceTransactionApplier.lambda$scheduleApply$0:2 com.android.quickstep.util.SurfaceTransactionApplier.b:0
09-25 13:19:22.913  1809  6216 I HYPER-HAL: [RequestManager.cpp]releaseLocked(): Released ID : 4893776
09-25 13:19:22.915  5369  5584 I ViewRootImpl@7533534[LauncherActivity]: mWNT: t=0xb4000077bead3400 mBlastBufferQueue=0xb400007720986880 fn= 129 caller= com.android.systemui.shared.launcher.ViewRootImplCompat.mergeWithNextTransaction:2 com.android.quickstep.util.SurfaceTransactionApplier.lambda$scheduleApply$0:2 com.android.quickstep.util.SurfaceTransactionApplier.b:0
09-25 13:19:22.923  5369  5583 I ViewRootImpl@7533534[LauncherActivity]: mWNT: t=0xb4000077bead3600 mBlastBufferQueue=0xb400007720986880 fn= 130 caller= com.android.systemui.shared.launcher.ViewRootImplCompat.mergeWithNextTransaction:2 com.android.quickstep.util.SurfaceTransactionApplier.lambda$scheduleApply$0:2 com.android.quickstep.util.SurfaceTransactionApplier.b:0
09-25 13:19:22.932  5369  5584 I ViewRootImpl@7533534[LauncherActivity]: mWNT: t=0xb4000077bead3900 mBlastBufferQueue=0xb400007720986880 fn= 131 caller= com.android.systemui.shared.launcher.ViewRootImplCompat.mergeWithNextTransaction:2 com.android.quickstep.util.SurfaceTransactionApplier.lambda$scheduleApply$0:2 com.android.quickstep.util.SurfaceTransactionApplier.b:0
09-25 13:19:22.939  5369  5583 I ViewRootImpl@7533534[LauncherActivity]: mWNT: t=0xb4000077bead3b00 mBlastBufferQueue=0xb400007720986880 fn= 132 caller= com.android.systemui.shared.launcher.ViewRootImplCompat.mergeWithNextTransaction:2 com.android.quickstep.util.SurfaceTransactionApplier.lambda$scheduleApply$0:2 com.android.quickstep.util.SurfaceTransactionApplier.b:0
09-25 13:19:22.948  5369  5584 I ViewRootImpl@7533534[LauncherActivity]: mWNT: t=0xb4000077bead3d00 mBlastBufferQueue=0xb400007720986880 fn= 133 caller= com.android.systemui.shared.launcher.ViewRootImplCompat.mergeWithNextTransaction:2 com.android.quickstep.util.SurfaceTransactionApplier.lambda$scheduleApply$0:2 com.android.quickstep.util.SurfaceTransactionApplier.b:0
09-25 13:19:22.957  5369  5583 I ViewRootImpl@7533534[LauncherActivity]: mWNT: t=0xb4000077beb55700 mBlastBufferQueue=0xb400007720986880 fn= 134 caller= com.android.systemui.shared.launcher.ViewRootImplCompat.mergeWithNextTransaction:2 com.android.quickstep.util.SurfaceTransactionApplier.lambda$scheduleApply$0:2 com.android.quickstep.util.SurfaceTransactionApplier.b:0
09-25 13:19:22.958  1914  1914 D SurfaceFlinger: Display 4630947093241269891 HWC layers:
09-25 13:19:22.958  1914  1914 D SurfaceFlinger:      CLIENT | 0xb400007af6c13480 | 0100 | RGBx_8888    |  592.0    0.0 1628.0 2220.0 |    0    0 1440 3088 | Wallpaper BBQ wrapper#90
09-25 13:19:22.958  1914  1914 D SurfaceFlinger:      CLIENT | 0xb400007af6c11480 | 0100 | RGBA_8888    |    0.0    0.0 1440.0 3088.0 |    0    0 1440 3088 | com.sec.android.app.launcher/com.sec[...]rActivity$_5369#162113 (blurRegions)
09-25 13:19:22.958  1914  1914 D SurfaceFlinger:      DEVICE | 0xb400007af6c14880 | 0100 | RGBA_8888    |    0.0    0.0 1440.0  100.0 |    0    0 1440  100 | StatusBar$_4768#95
09-25 13:19:22.958  1914  1914 D SurfaceFlinger:      DEVICE | 0xb400007af8705400 | 0100 | RGBA_8888    |    0.0    0.0   67.0  589.0 |    0  562   67 1151 | com.samsung.android.app.cocktailbars[...]vice.CocktailBarService$_8423#156853
09-25 13:19:22.958  1914  1914 D SurfaceFlinger:      DEVICE | 0xb400007af8705500 | 0100 | RGBA_8888    |    0.0    0.0  518.0   48.0 |  922 3040 1440 3088 | SGestureOverlayWindow$_5369#156268
09-25 13:19:22.958  1914  1914 D SurfaceFlinger:      DEVICE | 0xb400007af6c15880 | 0100 | RGBA_8888    |    0.0    0.0 1440.0  168.0 |    0 2920 1440 3088 | NavigationBar0$_4768#92
09-25 13:19:22.958  1914  1914 D SurfaceFlinger:
09-25 13:19:22.965  5369  5584 I ViewRootImpl@7533534[LauncherActivity]: mWNT: t=0xb4000077beb55f00 mBlastBufferQueue=0xb400007720986880 fn= 135 caller= com.android.systemui.shared.launcher.ViewRootImplCompat.mergeWithNextTransaction:2 com.android.quickstep.util.SurfaceTransactionApplier.lambda$scheduleApply$0:2 com.android.quickstep.util.SurfaceTransactionApplier.b:0
09-25 13:19:22.973  5369  5583 I ViewRootImpl@7533534[LauncherActivity]: mWNT: t=0xb4000077a0f9b000 mBlastBufferQueue=0xb400007720986880 fn= 136 caller= com.android.systemui.shared.launcher.ViewRootImplCompat.mergeWithNextTransaction:2 com.android.quickstep.util.SurfaceTransactionApplier.lambda$scheduleApply$0:2 com.android.quickstep.util.SurfaceTransactionApplier.b:0
09-25 13:19:22.981  5369  5584 I ViewRootImpl@7533534[LauncherActivity]: mWNT: t=0xb4000077a0f9b100 mBlastBufferQueue=0xb400007720986880 fn= 137 caller= com.android.systemui.shared.launcher.ViewRootImplCompat.mergeWithNextTransaction:2 com.android.quickstep.util.SurfaceTransactionApplier.lambda$scheduleApply$0:2 com.android.quickstep.util.SurfaceTransactionApplier.b:0
09-25 13:19:22.984  3108  4643 D SemNscXgbMsL1: Probability - Cloud gaming: [0.15944873]
09-25 13:19:22.984  3108  4643 D SemNscXgbMsL1: Probability - Real time: [0.2901909]
09-25 13:19:22.984  3108  4643 D SemNscXgbMsL1: Probability - Non real time: [0.19069418]
09-25 13:19:22.985  3108  4643 D SemNscXgbMsL1: 1 sample inference time: 0.223802 msecs
09-25 13:19:22.985  3108  4643 D SemNscXgbL2Rt: L2 RT 1 sample inference time: 0.453541 msecs
09-25 13:19:22.985  3108  4643 D SemNscXgbL2Nrt: L2 NRT 1 sample inference time: 0.372344 msecs
09-25 13:19:22.989  5369  5583 I ViewRootImpl@7533534[LauncherActivity]: mWNT: t=0xb4000077a0f9b200 mBlastBufferQueue=0xb400007720986880 fn= 138 caller= com.android.systemui.shared.launcher.ViewRootImplCompat.mergeWithNextTransaction:2 com.android.quickstep.util.SurfaceTransactionApplier.lambda$scheduleApply$0:2 com.android.quickstep.util.SurfaceTransactionApplier.b:0
09-25 13:19:22.997  5369  5369 W AppTransitionAnimatorImpl: onAnimationEnd - APP OUT, Execution time for each frame : Start-(0)-0-(0)-0-(2)-0-(8)-0-(9)-0-(8)-0-(8)-1-(8)-0-(8)-0-(8)-1-(8)-0-(8)-0-(9)-0-(8)-0-(8)-0-(8)-1-(8)-0-(8)-0-(8)-1-(8)-0-(8)-0-(8)-1-(8)-0-(8)-0-(8)-0-(9)-0-(8)-0-(8)-1-(8)-0-(8)-1-(8)-0-(8)-0-(8)-0-(8)-1-(8)-0-(8)-1-(8)-0-(8)-0-(8)-0-(8)-1-(8)-0-(8)-1-(7)-0-(9)-0-End
09-25 13:19:22.997  5369  5369 I AppTransitionAnimatorImpl: resetContentView
09-25 13:19:22.997  5369  5369 I AnimationResult: AnimationResult finish : onAnimationEnd
09-25 13:19:22.997  5369  5369 I AnimationResult: finish : false, null
09-25 13:19:22.998  5369  5741 I AnimationResult: finish callback : null
09-25 13:19:22.999  5369  5584 I ViewRootImpl@7533534[LauncherActivity]: mWNT: t=0xb4000077a0f9b300 mBlastBufferQueue=0xb400007720986880 fn= 139 caller= com.android.systemui.shared.launcher.ViewRootImplCompat.mergeWithNextTransaction:2 com.android.quickstep.util.SurfaceTransactionApplier.lambda$scheduleApply$0:2 com.android.quickstep.util.SurfaceTransactionApplier.b:0
09-25 13:19:22.999  5369  5369 W Launcher: onEnterAnimationComplete
09-25 13:19:23.000  5639  5639 I ViewRootImpl@8fb8669[InstrumentationActivityInvoker$EmptyActivity]: handleAppVisibility mAppVisible = true visible = false
09-25 13:19:23.000  5639  5639 I ViewRootImpl@8ebde2e[MainActivity]: handleAppVisibility mAppVisible = true visible = false
09-25 13:19:23.005  1914  1914 I Layer   : id=162161 removedFromDrawingState Splash Screen com.example.dogglers$_4768#162161 (338)
09-25 13:19:23.005  1914  1914 I SurfaceFlinger: [c7375dc com.sec.android.app.launcher/com.sec.android.app.launcher.activities.LauncherActivity#176] FrameRatePriority: 1
09-25 13:19:23.005  1914  1914 I Layer   : id=162188 removedFromDrawingState Surface(name=Task=1)/@0xeddbc98 - animation-leash of app_transition#162188 (338)
09-25 13:19:23.005  1914  1914 I Layer   : id=162160 removedFromDrawingState 1ffecb2 Splash Screen com.example.dogglers#162160 (338)
09-25 13:19:23.005  1914  1914 I Layer   : id=162187 removedFromDrawingState Surface(name=Task=7110)/@0xce4ee74 - animation-leash of app_transition#162187 (338)
09-25 13:19:23.005  1914  1914 I Layer   : Layer [Splash Screen com.example.dogglers$_4768#162161] hidden!! flag(1)
09-25 13:19:23.005  1914  1914 I Layer   : Layer [com.example.dogglers/com.example.dogglers.MainActivity$_5639#162168] hidden!! flag(1)
09-25 13:19:23.005  1914  1914 I Layer   : Layer [com.example.dogglers/androidx.test.core.app.InstrumentationActivityInvoker$EmptyActivity$_5639#162176] hidden!! flag(1)
09-25 13:19:23.005  1914  1914 I Layer   : Layer [com.example.dogglers/androidx.test.core.app.InstrumentationActivityInvoker$EmptyActivity$_5639#162183] hidden!! flag(1)
09-25 13:19:23.005  1914  1914 I SurfaceFlinger: id=162160 Removed 1ffecb2 Splash Screen com.example.dogglers#162160 (338)
09-25 13:19:23.005  1914  1914 I SurfaceFlinger: id=162161 Removed Splash Screen com.example.dogglers$_4768#162161 (338)
09-25 13:19:23.005  1914  1914 I Layer   : id=162160 Destroyed 1ffecb2 Splash Screen com.example.dogglers#162160
09-25 13:19:23.005  1914  1914 I Layer   : id=162161 Destroyed Splash Screen com.example.dogglers$_4768#162161
09-25 13:19:23.005  5639  5729 D OpenGLRenderer: setSurface called with nullptr
09-25 13:19:23.005  5639  5729 D OpenGLRenderer: setSurface() destroyed EGLSurface
09-25 13:19:23.005  5639  5729 D OpenGLRenderer: destroyEglSurface
09-25 13:19:23.006  5639  5639 I ViewRootImpl@8fb8669[InstrumentationActivityInvoker$EmptyActivity]: performTraversals mFirst=false windowShouldResize=false viewVisibilityChanged=true mForceNextWindowRelayout=false params=null
09-25 13:19:23.007  3108  6472 V WindowManager: Relayout Window{8e564fc u0 com.example.dogglers/androidx.test.core.app.InstrumentationActivityInvoker$EmptyActivity}: viewVisibility=8 req=1440x3088 d0
09-25 13:19:23.010  3108  6472 V WindowManager: Relayout hash=8e564fc, pid=5639, syncId=-1: mAttrs={(0,0)(fillxfill) sim={adjust=pan forwardNavigation} ty=BASE_APPLICATION wanim=0x1030001
09-25 13:19:23.010  3108  6472 V WindowManager:   fl=1810100
09-25 13:19:23.010  3108  6472 V WindowManager:   pfl=12020040
09-25 13:19:23.010  3108  6472 V WindowManager:   bhv=DEFAULT
09-25 13:19:23.010  3108  6472 V WindowManager:   fitSides= naviIconColor=0}
09-25 13:19:23.012  5639  5639 I ViewRootImpl@8fb8669[InstrumentationActivityInvoker$EmptyActivity]: Relayout returned: old=(0,0,1440,3088) new=(0,0,1440,3088) req=(1440,3088)8 dur=5 res=0x2 s={false 0x0} ch=true seqId=0
09-25 13:19:23.013  1914  1914 I Layer   : id=162189 removedFromDrawingState Surface(name=WallpaperWindowToken{6241e01 token=android.os.Binder@ab19d0b})/@0xf3e0a44 - animation-leash of window_animation#162189 (336)
09-25 13:19:23.013  6586 25742 I SAMSUNGWALLET: [Hint_ProcessStatusChange] fg Change, pid : 5639 , isNotify : true , isForeground : false , fg list : []
09-25 13:19:23.013  6586 10126 I SAMSUNGWALLET: [Hint_ProcessStatusChange] fg Change, pid : 5639 , isNotify : true , isForeground : false , fg list : []
09-25 13:19:23.013  6586 10126 I SAMSUNGWALLET: [ProcessStatusChange] fg Change, pid : 5639 , isNotify : true , isForeground : false , fg list : []
09-25 13:19:23.013  6586 25742 I SAMSUNGWALLET: [ProcessStatusChange] fg Change, pid : 5639 , isNotify : true , isForeground : false , fg list : []
09-25 13:19:23.014  6586  7522 I SAMSUNGWALLET: [ResetData] getSAResetDialogFlag : false
09-25 13:19:23.014  5639  5729 D OpenGLRenderer: setSurface called with nullptr
09-25 13:19:23.014  5639  5729 D OpenGLRenderer: setSurface() destroyed EGLSurface
09-25 13:19:23.014  5639  5729 D OpenGLRenderer: destroyEglSurface
09-25 13:19:23.015  6586 10126 I SAMSUNGWALLET: [Hint_ProcessStatusChange] fg Change, pid : 5639 , isNotify : true , isForeground : false , fg list : []
09-25 13:19:23.015  6586 10126 I SAMSUNGWALLET: [ProcessStatusChange] fg Change, pid : 5639 , isNotify : true , isForeground : false , fg list : []
09-25 13:19:23.015  3108  3146 D InputDispatcher: Focus entered window (0): c7375dc com.sec.android.app.launcher/com.sec.android.app.launcher.activities.LauncherActivity
09-25 13:19:23.016  5369  5369 I ViewRootImpl@7533534[LauncherActivity]: MSG_WINDOW_FOCUS_CHANGED 1 0
09-25 13:19:23.016  5369  5369 I ViewRootImpl@7533534[LauncherActivity]: mThreadedRenderer.initializeIfNeeded()#2 mSurface={isValid=true 0xb4000077206f5000}
09-25 13:19:23.016  5369  5369 I BaseActivity: addActivityFlags, flags : 8
09-25 13:19:23.016  5639  5639 I ViewRootImpl@8ebde2e[MainActivity]: performTraversals mFirst=false windowShouldResize=false viewVisibilityChanged=true mForceNextWindowRelayout=false params=null
09-25 13:19:23.017  6586  7669 I SAMSUNGWALLET: [ProcessMonitor] App went to background.
09-25 13:19:23.018  3108  6456 V WindowManager: Relayout Window{2a1efe3 u0 com.example.dogglers/com.example.dogglers.MainActivity}: viewVisibility=8 req=1440x3088 d0
09-25 13:19:23.018  6586  7522 I SAMSUNGWALLET: [Hint_e] isHomePackageRunning topPkgName = com.sec.android.app.launcher, topClsName = com.android.launcher3.uioverrides.QuickstepLauncher, return true , se : true
09-25 13:19:23.018  6586  6586 I SAMSUNGWALLET: [Hint_PayHintService] Hint Status - already invisible, skip hide : [4000000] - 4000000
09-25 13:19:23.019  3108  6456 V WindowManager: Relayout hash=2a1efe3, pid=5639, syncId=-1: mAttrs={(0,0)(fillxfill) sim={adjust=pan forwardNavigation} ty=BASE_APPLICATION wanim=0x1030309
09-25 13:19:23.019  3108  6456 V WindowManager:   fl=81810100
09-25 13:19:23.019  3108  6456 V WindowManager:   pfl=12020040
09-25 13:19:23.019  3108  6456 V WindowManager:   bhv=DEFAULT
09-25 13:19:23.019  3108  6456 V WindowManager:   fitSides= naviIconColor=0}
09-25 13:19:23.019  6586  7522 I SAMSUNGWALLET: [ResetData] getSAResetDialogFlag : false
09-25 13:19:23.019  5369  5369 I InputMethodManager: startInputInner - mService.startInputOrWindowGainedFocus
09-25 13:19:23.020  3108  3146 D InputMethodManagerService: DESKTOP MODE! : 2
09-25 13:19:23.020  3108  3146 D InputMethodManagerService: NOT IN KNOX DESKTOP MODE!
09-25 13:19:23.020  3108  3146 V InputMethodManagerService: getDisplayIdOfInputMethodWindowToBeAdded: displayId=0
09-25 13:19:23.020  6586  7669 I SAMSUNGWALLET: [ProcessMonitor] App went to background.
09-25 13:19:23.020  3108  3146 D InputMethodManagerService: isImeSwitcherDisabledPackage : false
09-25 13:19:23.020  3108  3146 D InputMethodManagerService: checkDisplayOfStartInputAndUpdateKeyboard: displayId=0, mFocusedDisplayId=0
09-25 13:19:23.020  3108  3146 D InputTransport: Input channel constructed: 'ClientS', fd=1065
09-25 13:19:23.020  3108  3146 D InputTransport: Input channel destroyed: 'ClientS', fd=1065
09-25 13:19:23.020   586   586 I MSHandlerLifeCycle: check: return. pkg=com.google.android.inputmethod.latin isActivity=false callers=com.android.internal.policy.DecorView.setVisibility:4412 android.inputmethodservice.InkWindow.hide:100 android.inputmethodservice.InputMethodService$InputMethodImpl.unbindInput:875 android.inputmethodservice.IInputMethodWrapper.executeMessage:198 com.android.internal.os.HandlerCaller$MyHandler.handleMessage:44
09-25 13:19:23.020   586   586 I MSHandlerLifeCycle: removeMultiSplitHandler: no exist. decor=DecorView@722edec[]
09-25 13:19:23.021  6586  7669 I SAMSUNGWALLET: [ProcessMonitor] App went to background.
09-25 13:19:23.021  5639  5639 I ViewRootImpl@8ebde2e[MainActivity]: Relayout returned: old=(0,0,1440,3088) new=(0,0,1440,3088) req=(1440,3088)8 dur=4 res=0x2 s={false 0x0} ch=true seqId=0
09-25 13:19:23.021  6586  7522 I SAMSUNGWALLET: [Hint_e] isHomePackageRunning topPkgName = com.sec.android.app.launcher, topClsName = com.android.launcher3.uioverrides.QuickstepLauncher, return true , se : true
09-25 13:19:23.021  6586  6586 I SAMSUNGWALLET: [Hint_PayHintService] Hint Status - already invisible, skip hide : [4000000] - 4000000
09-25 13:19:23.021  5639  5639 I ViewRootImpl@8fb8669[InstrumentationActivityInvoker$EmptyActivity]: stopped(true) old = false
09-25 13:19:23.021  5639  5639 I ViewRootImpl@8fb8669[InstrumentationActivityInvoker$EmptyActivity]: WindowStopped on com.example.dogglers/androidx.test.core.app.InstrumentationActivityInvoker$EmptyActivity set to true
09-25 13:19:23.022  6586  7522 I SAMSUNGWALLET: [ResetData] getSAResetDialogFlag : false
09-25 13:19:23.022   586   586 I GoogleInputMethodService: GoogleInputMethodService.onFinishInput():3267
09-25 13:19:23.022  5369  5369 I BadgeRenderer: Invalid count : 0
09-25 13:19:23.023  1914  3199 I SurfaceFlinger: id=162193 createSurf, flag=24004, Surface(name=6a358c3 InputMethod)/@0x1a6cc79 - animation-leash of insets_animation#162193
09-25 13:19:23.023  5639  5639 D LifecycleMonitor: Lifecycle status change: androidx.test.core.app.InstrumentationActivityInvoker$EmptyActivity@1863697 in: STOPPED
09-25 13:19:23.023  5639  5639 V ActivityScenario: Activity lifecycle changed event received but ignored because the intent does not match. startActivityIntent=Intent { act=android.intent.action.MAIN cat=[android.intent.category.LAUNCHER] cmp=com.example.dogglers/.MainActivity }, activity.getIntent()=Intent { act=android.intent.action.MAIN cat=[android.intent.category.LAUNCHER] flg=0x10000000 cmp=com.example.dogglers/androidx.test.core.app.InstrumentationActivityInvoker$EmptyActivity }, activity=androidx.test.core.app.InstrumentationActivityInvoker$EmptyActivity@1863697
09-25 13:19:23.025  5639  5639 I MSHandlerLifeCycle: removeMultiSplitHandler: no exist. decor=DecorView@2baa4a2[InstrumentationActivityInvoker$EmptyActivity]
09-25 13:19:23.026   586   586 I GoogleInputMethodService: GoogleInputMethodService.updateDeviceLockedStatus():2097 repeatCheckTimes = 0, locked = false
09-25 13:19:23.026   586   586 D InputMethodService: checkFocusedDisplay() display Id 0last 0
09-25 13:19:23.026   586   586 I GoogleInputMethodService: GoogleInputMethodService.onStartInput():1889 onStartInput(EditorInfo{EditorInfo{packageName=com.sec.android.app.launcher, inputType=0, inputTypeString=NULL, enableLearning=false, autoCorrection=false, autoComplete=false, imeOptions=0, privateImeOptions=null, actionName=UNSPECIFIED, actionLabel=null, initialSelStart=-1, initialSelEnd=-1, initialCapsMode=0, label=null, fieldId=2131361996, fieldName=null, extras=Bundle[{displayId=0}], hintText=null, hintLocales=[]}}, false)
09-25 13:19:23.027  6586  7522 I SAMSUNGWALLET: [Hint_e] isHomePackageRunning topPkgName = com.sec.android.app.launcher, topClsName = com.android.launcher3.uioverrides.QuickstepLauncher, return true , se : true
09-25 13:19:23.027  3108  6456 D InputMethodManagerService: isImeSwitcherDisabledPackage : false
09-25 13:19:23.027  6586  6586 I SAMSUNGWALLET: [Hint_PayHintService] Hint Status - already invisible, skip hide : [4000000] - 4000000
09-25 13:19:23.027  5639  5639 D LifecycleMonitor: Lifecycle status change: androidx.test.core.app.InstrumentationActivityInvoker$EmptyActivity@1863697 in: DESTROYED
09-25 13:19:23.027  5639  5639 V ActivityScenario: Activity lifecycle changed event received but ignored because the intent does not match. startActivityIntent=Intent { act=android.intent.action.MAIN cat=[android.intent.category.LAUNCHER] cmp=com.example.dogglers/.MainActivity }, activity.getIntent()=Intent { act=android.intent.action.MAIN cat=[android.intent.category.LAUNCHER] flg=0x10000000 cmp=com.example.dogglers/androidx.test.core.app.InstrumentationActivityInvoker$EmptyActivity }, activity=androidx.test.core.app.InstrumentationActivityInvoker$EmptyActivity@1863697
09-25 13:19:23.028   586   586 I GoogleInputMethodService: GoogleInputMethodService.updateDeviceLockedStatus():2097 repeatCheckTimes = 1, locked = false
09-25 13:19:23.028  5639  5639 I MSHandlerLifeCycle: removeMultiSplitHandler: no exist. decor=DecorView@2baa4a2[InstrumentationActivityInvoker$EmptyActivity]
09-25 13:19:23.029  5639  5729 D OpenGLRenderer: setSurface called with nullptr
09-25 13:19:23.029  5639  5639 I ViewRootImpl@8fb8669[InstrumentationActivityInvoker$EmptyActivity]: dispatchDetachedFromWindow
09-25 13:19:23.029  3108  6472 D InputTransport: Input channel destroyed: '8e564fc', fd=1249
09-25 13:19:23.029  3108  6472 W InputManager-JNI: Input channel object '8e564fc com.example.dogglers/androidx.test.core.app.InstrumentationActivityInvoker$EmptyActivity (client)' was disposed without first being removed with the input manager!
09-25 13:19:23.029  3108  6472 D InputTransport: Input channel destroyed: '8e564fc', fd=1332
09-25 13:19:23.029   586   586 I InputMethodService: removeImeSurface
09-25 13:19:23.029   586   586 I MSHandlerLifeCycle: check: return. pkg=com.google.android.inputmethod.latin isActivity=false callers=com.android.internal.policy.DecorView.setVisibility:4412 android.app.Dialog.hide:767 android.inputmethodservice.InputMethodService.removeImeSurface:1290 android.inputmethodservice.InputMethodService.scheduleImeSurfaceRemoval:1279 android.inputmethodservice.InputMethodService.-$$Nest$mscheduleImeSurfaceRemoval:0
09-25 13:19:23.030   586   586 I MSHandlerLifeCycle: removeMultiSplitHandler: no exist. decor=DecorView@3ddf8c7[InputMethod]
09-25 13:19:23.030  1914  1914 I Layer   : id=162186 removedFromDrawingState Surface(name=6a358c3 InputMethod)/@0x1a6cc79 - animation-leash of insets_animation#162186 (337)
09-25 13:19:23.030  5639  5639 D InputTransport: Input channel destroyed: '8e564fc', fd=160
09-25 13:19:23.031  1914  3199 I SurfaceFlinger: id=162186 Removed Surface(name=6a358c3 InputMethod)/@0x1a6cc79 - animation-leash of insets_animation#162186 (337)
09-25 13:19:23.031  5639  5639 I ViewRootImpl@d7cca54[InstrumentationActivityInvoker$EmptyActivity]: stopped(true) old = false
09-25 13:19:23.031  5639  5639 I ViewRootImpl@d7cca54[InstrumentationActivityInvoker$EmptyActivity]: WindowStopped on com.example.dogglers/androidx.test.core.app.InstrumentationActivityInvoker$EmptyActivity set to true
09-25 13:19:23.032  5639  5639 D LifecycleMonitor: Lifecycle status change: androidx.test.core.app.InstrumentationActivityInvoker$EmptyActivity@7b529a in: STOPPED
09-25 13:19:23.032  5639  5639 V ActivityScenario: Activity lifecycle changed event received but ignored because the intent does not match. startActivityIntent=Intent { act=android.intent.action.MAIN cat=[android.intent.category.LAUNCHER] cmp=com.example.dogglers/.MainActivity }, activity.getIntent()=Intent { act=android.intent.action.MAIN cat=[android.intent.category.LAUNCHER] flg=0x10000000 cmp=com.example.dogglers/androidx.test.core.app.InstrumentationActivityInvoker$EmptyActivity }, activity=androidx.test.core.app.InstrumentationActivityInvoker$EmptyActivity@7b529a
09-25 13:19:23.032  1914  3193 I SurfaceFlinger: id=162180 Removed 4f87659 ActivityRecordInputSink com.example.dogglers/androidx.test.core.app.InstrumentationActivityInvoker$EmptyActivity#162180 (337)
09-25 13:19:23.033  5639  5639 I MSHandlerLifeCycle: removeMultiSplitHandler: no exist. decor=DecorView@410a6c1[InstrumentationActivityInvoker$EmptyActivity]
09-25 13:19:23.033  1864  1864 I sehhealth-service: updateLrpSysfs: write: 306
09-25 13:19:23.034  5639  5639 D LifecycleMonitor: Lifecycle status change: androidx.test.core.app.InstrumentationActivityInvoker$EmptyActivity@7b529a in: DESTROYED
