09-25 13:19:33.206   586   586 I MSHandlerLifeCycle: check: return. pkg=com.google.android.inputmethod.latin isActivity=false callers=com.android.internal.policy.DecorView.setVisibility:4412 android.inputmethodservice.InkWindow.hide:100 android.inputmethodservice.InputMethodService$InputMethodImpl.unbindInput:875 android.inputmethodservice.IInputMethodWrapper.executeMessage:198 com.android.internal.os.HandlerCaller$MyHandler.handleMessage:44
09-25 13:19:33.207   586   586 I MSHandlerLifeCycle: removeMultiSplitHandler: no exist. decor=DecorView@722edec[]
09-25 13:19:33.207  4768  4860 I ViewRootImpl@fb1605e[dogglers]: mWNT: t=0xb4000077a0fa1a00 mBlastBufferQueue=0xb400007705019c80 fn= 3 caller= android.view.SyncRtSurfaceTransactionApplier.applyTransaction:96 android.view.SyncRtSurfaceTransactionApplier.lambda$scheduleApply$0$android-view-SyncRtSurfaceTransactionApplier:69 android.view.SyncRtSurfaceTransactionApplier$$ExternalSyntheticLambda0.onFrameDraw:4
09-25 13:19:33.208   586   586 I GoogleInputMethodService: GoogleInputMethodService.onFinishInput():3267
09-25 13:19:33.208  1914  3193 I SurfaceFlinger: id=162665 createSurf, flag=24004, Surface(name=6a358c3 InputMethod)/@0x1a6cc79 - animation-leash of insets_animation#162665
09-25 13:19:33.208   586   586 I GoogleInputMethodService: GoogleInputMethodService.updateDeviceLockedStatus():2097 repeatCheckTimes = 0, locked = false
09-25 13:19:33.209   586   586 D InputMethodService: checkFocusedDisplay() display Id 0last 0
09-25 13:19:33.210   586   586 I GoogleInputMethodService: GoogleInputMethodService.onStartInput():1889 onStartInput(EditorInfo{EditorInfo{packageName=com.example.dogglers, inputType=0, inputTypeString=NULL, enableLearning=false, autoCorrection=false, autoComplete=false, imeOptions=0, privateImeOptions=null, actionName=UNSPECIFIED, actionLabel=null, initialSelStart=-1, initialSelEnd=-1, initialCapsMode=0, label=null, fieldId=-1, fieldName=null, extras=Bundle[{displayId=0}], hintText=null, hintLocales=[]}}, false)
09-25 13:19:33.210   586   586 I GoogleInputMethodService: GoogleInputMethodService.updateDeviceLockedStatus():2097 repeatCheckTimes = 1, locked = false
09-25 13:19:33.214  1914  1914 I Layer   : id=162649 removedFromDrawingState Surface(name=6a358c3 InputMethod)/@0x1a6cc79 - animation-leash of insets_animation#162649 (333)
09-25 13:19:33.214  1914  1914 I SurfaceFlinger: id=162649 Removed Surface(name=6a358c3 InputMethod)/@0x1a6cc79 - animation-leash of insets_animation#162649 (333)
09-25 13:19:33.214  1914  1914 I Layer   : id=162649 Destroyed Surface(name=6a358c3 InputMethod)/@0x1a6cc79 - animation-leash of insets_animation#162649
09-25 13:19:33.215  4768  4861 I ViewRootImpl@fb1605e[dogglers]: mWNT: t=0xb4000077a0f77300 mBlastBufferQueue=0xb400007705019c80 fn= 4 caller= android.view.SyncRtSurfaceTransactionApplier.applyTransaction:96 android.view.SyncRtSurfaceTransactionApplier.lambda$scheduleApply$0$android-view-SyncRtSurfaceTransactionApplier:69 android.view.SyncRtSurfaceTransactionApplier$$ExternalSyntheticLambda0.onFrameDraw:4
09-25 13:19:33.223  4768  4860 I ViewRootImpl@fb1605e[dogglers]: mWNT: t=0xb4000077a0f90600 mBlastBufferQueue=0xb400007705019c80 fn= 5 caller= android.view.SyncRtSurfaceTransactionApplier.applyTransaction:96 android.view.SyncRtSurfaceTransactionApplier.lambda$scheduleApply$0$android-view-SyncRtSurfaceTransactionApplier:69 android.view.SyncRtSurfaceTransactionApplier$$ExternalSyntheticLambda0.onFrameDraw:4
09-25 13:19:33.231  4768  4861 I ViewRootImpl@fb1605e[dogglers]: mWNT: t=0xb400007731efa900 mBlastBufferQueue=0xb400007705019c80 fn= 6 caller= android.view.SyncRtSurfaceTransactionApplier.applyTransaction:96 android.view.SyncRtSurfaceTransactionApplier.lambda$scheduleApply$0$android-view-SyncRtSurfaceTransactionApplier:69 android.view.SyncRtSurfaceTransactionApplier$$ExternalSyntheticLambda0.onFrameDraw:4
09-25 13:19:33.237  5369 18503 I RecentModel: onTaskStackChangedBackground
09-25 13:19:33.237  8328  8651 I SemDvfsHyPerManager: acquire hyper - TABaseBoost/8328@24, type = 1090523139
09-25 13:19:33.237  1809  1855 I HYPER-HAL: [RequestManager.cpp]acquire(): Acquired ID : 34882152  [8328 / 24]    HINT :      list : [TABoost / 1]
09-25 13:19:33.238  5369  5741 I RecentTasksList: loadTasksInBackground : groupTask = GroupTask{task1=[id=6869 windowingMode=1 user=0 lastActiveTime=1366856278] null, task2=null, task3=null, mStagedSplitBounds=null}
09-25 13:19:33.238  5369  5741 I RecentTasksList: loadTasksInBackground : groupTask = GroupTask{task1=[id=6898 windowingMode=1 user=0 lastActiveTime=1367009547] null, task2=null, task3=null, mStagedSplitBounds=null}
09-25 13:19:33.238  5369  5741 I RecentTasksList: loadTasksInBackground : groupTask = GroupTask{task1=[id=7123 windowingMode=1 user=0 lastActiveTime=1370099394] null, task2=null, task3=null, mStagedSplitBounds=null}
09-25 13:19:33.239  8130 22447 I [AirCmd]_ActivitySwitchDetector: onTaskStackChanged : componentName - ComponentInfo{com.example.dogglers/com.example.dogglers.VerticalListActivity}
09-25 13:19:33.239  8130 22447 I [AirCmd]_ActivitySwitchDetector: onTaskStackChanged : mTopMostActivity - ComponentInfo{com.example.dogglers/androidx.test.core.app.InstrumentationActivityInvoker$BootstrapActivity}
09-25 13:19:33.239  8130 22447 I [AirCmd]_CallbackRepeater: stopRepeat : isWorking=false
09-25 13:19:33.239  8130 22447 I [AirCmd]_MediaControlStateMonitor: isForegroundAppSupportsMediaButton : mediaSession is empty
09-25 13:19:33.240  8130 22447 I [AirCmd]_MediaControlStateMonitor: active Notification List is null
09-25 13:19:33.240  8130 22447 I [AirCmd]_RemoteSpenMainController: hasGeneralAction : packageName is com.example.dogglers, activityName is com.example.dogglers.VerticalListActivity, hasActions is false
09-25 13:19:33.240  8130 22447 I [AirCmd]_CameraAvailabilityMonitor: isCameraPreviewOn : mIsCameraPreviewOn is false
09-25 13:19:33.240  4768  4860 I ViewRootImpl@fb1605e[dogglers]: mWNT: t=0xb400007731efae00 mBlastBufferQueue=0xb400007705019c80 fn= 7 caller= android.view.SyncRtSurfaceTransactionApplier.applyTransaction:96 android.view.SyncRtSurfaceTransactionApplier.lambda$scheduleApply$0$android-view-SyncRtSurfaceTransactionApplier:69 android.view.SyncRtSurfaceTransactionApplier$$ExternalSyntheticLambda0.onFrameDraw:4
09-25 13:19:33.240  8130 22447 I [AirCmd]_CameraAvailabilityMonitor: isCameraPreviewOn : mIsCameraPreviewOn is false
09-25 13:19:33.241  8130 22447 I [AirCmd]_MediaControlStateMonitor: isForegroundAppSupportsMediaButton : mediaSession is empty
09-25 13:19:33.241  8130 22447 I [AirCmd]_MediaControlStateMonitor: active Notification List is null
09-25 13:19:33.241  8130 22447 I [AirCmd]_PenActionRule: getAction : get default action data from remote action because pen action data is null.
09-25 13:19:33.241  8130 22447 I [AirCmd]_ButtonActionDetector: enableDoubleClickDetection: enabled=true, doubleClickWaitInterval=300
09-25 13:19:33.241  8130 22447 I [AirCmd]_RemoteSpenMainController: onSwitch : package is com.example.dogglers   and activity is com.example.dogglers.VerticalListActivity and isBleConnected is false and hasActions is false
09-25 13:19:33.248  4768  4851 D OpenGLRenderer: setSurface called with nullptr
09-25 13:19:33.248  4768  4851 D OpenGLRenderer: setSurface() destroyed EGLSurface
09-25 13:19:33.249  2229  5266 I CameraService: onUidStateChanged: uid=10042, procState is changed. (1 -> 0)
09-25 13:19:33.249  4768  4851 D OpenGLRenderer: destroyEglSurface
09-25 13:19:33.251  4768  4843 I ViewRootImpl@fb1605e[dogglers]: performTraversals params={(0,0)(fillxfill) sim={adjust=pan} ty=APPLICATION_STARTING fmt=TRANSLUCENT wanim=0x1030001 alpha=0.0
09-25 13:19:33.251  4768  4843 I ViewRootImpl@fb1605e[dogglers]:   fl=81030118
09-25 13:19:33.251  4768  4843 I ViewRootImpl@fb1605e[dogglers]:   pfl=16000010
09-25 13:19:33.251  4768  4843 I ViewRootImpl@fb1605e[dogglers]:   bhv=DEFAULT
09-25 13:19:33.251  4768  4843 I ViewRootImpl@fb1605e[dogglers]:   fitSides= naviIconColor=0}
09-25 13:19:33.252  4768  4843 I ViewRootImpl@fb1605e[dogglers]: performTraversals mFirst=false windowShouldResize=false viewVisibilityChanged=true mForceNextWindowRelayout=false params={(0,0)(fillxfill) sim={adjust=pan} ty=APPLICATION_STARTING fmt=TRANSLUCENT wanim=0x1030001 alpha=0.0
09-25 13:19:33.252  4768  4843 I ViewRootImpl@fb1605e[dogglers]:   fl=81030118
09-25 13:19:33.252  4768  4843 I ViewRootImpl@fb1605e[dogglers]:   pfl=16000010
09-25 13:19:33.252  4768  4843 I ViewRootImpl@fb1605e[dogglers]:   bhv=DEFAULT
09-25 13:19:33.252  4768  4843 I ViewRootImpl@fb1605e[dogglers]:   fitSides= naviIconColor=0}
09-25 13:19:33.253  3108  8629 V WindowManager: Relayout Window{cd06217 u0 Splash Screen com.example.dogglers}: viewVisibility=8 req=1440x3088 d0
09-25 13:19:33.254  3108  8629 V WindowManager: Relayout hash=cd06217, pid=4768, syncId=-1: mAttrs={(0,0)(fillxfill) sim={adjust=pan} ty=APPLICATION_STARTING fmt=TRANSLUCENT wanim=0x1030001 alpha=0.0
09-25 13:19:33.254  3108  8629 V WindowManager:   fl=81030118
09-25 13:19:33.254  3108  8629 V WindowManager:   pfl=16000010
09-25 13:19:33.254  3108  8629 V WindowManager:   bhv=DEFAULT
09-25 13:19:33.254  3108  8629 V WindowManager:   fitSides= naviIconColor=0}
09-25 13:19:33.255  4768  4843 I ViewRootImpl@fb1605e[dogglers]: Relayout returned: old=(0,0,1440,3088) new=(0,0,1440,3088) req=(1440,3088)8 dur=2 res=0x2 s={false 0x0} ch=true seqId=0
09-25 13:19:33.255  4768  4843 I ViewRootImpl@fb1605e[dogglers]: dispatchDetachedFromWindow
09-25 13:19:33.256  3108  4074 D InputTransport: Input channel destroyed: 'cd06217', fd=1132
09-25 13:19:33.256  3108  4074 W InputManager-JNI: Input channel object 'cd06217 Splash Screen com.example.dogglers (client)' was disposed without first being removed with the input manager!
09-25 13:19:33.256  3108  4074 D InputTransport: Input channel destroyed: 'cd06217', fd=1143
09-25 13:19:33.257  4768  4843 D InputTransport: Input channel destroyed: 'cd06217', fd=212
09-25 13:19:33.259  1914  1914 D SurfaceFlinger: Display 4630947093241269891 HWC layers:
09-25 13:19:33.259  1914  1914 D SurfaceFlinger:      CLIENT | 0xb400007af6c13480 | 0100 | RGBx_8888    |  592.0    0.0 1628.0 2220.0 |    0    0 1440 3088 | Wallpaper BBQ wrapper#90
09-25 13:19:33.259  1914  1914 D SurfaceFlinger:      CLIENT | 0xb400007aeb20f900 | 0100 | RGBA_8888    |    0.0    0.0 1440.0 3088.0 |    0    0 1440 3088 | com.sec.android.app.launcher/com.sec[...]rActivity$_5369#162641 (blurRegions)
09-25 13:19:33.259  1914  1914 D SurfaceFlinger:      DEVICE | 0xb400007af6c13f00 | 0102 | RGBA_8888    |    0.0    0.0 1440.0 3088.0 |   47  101 1393 2987 | com.example.dogglers/com.example.dogglers.VerticalListActivity$_5639#162661
09-25 13:19:33.259  1914  1914 D SurfaceFlinger:      DEVICE | 0xb400007af6c14880 | 0100 | RGBA_8888    |    0.0    0.0 1440.0  100.0 |    0    0 1440  100 | StatusBar$_4768#95
09-25 13:19:33.259  1914  1914 D SurfaceFlinger:      DEVICE | 0xb400007af8705400 | 0100 | RGBA_8888    |    0.0    0.0   67.0  589.0 |    0  562   67 1151 | com.samsung.android.app.cocktailbars[...]vice.CocktailBarService$_8423#156853
09-25 13:19:33.259  1914  1914 D SurfaceFlinger:      DEVICE | 0xb400007af8705500 | 0100 | RGBA_8888    |    0.0    0.0  518.0   48.0 |  922 3040 1440 3088 | SGestureOverlayWindow$_5369#156268
09-25 13:19:33.259  1914  1914 D SurfaceFlinger:      DEVICE | 0xb4
09-25 13:19:33.259  1914  1914 D SurfaceFlinger: 00007af6c15880 | 0100 | RGBA_8888    |    0.0    0.0 1440.0  168.0 |    0 2920 1440 3088 | NavigationBar0$_4768#92
09-25 13:19:33.259  1914  1914 D SurfaceFlinger:
09-25 13:19:33.264  1914  1914 I Layer   : id=162664 removedFromDrawingState Surface(name=725ada com.example.dogglers/com.example.dogglers.VerticalListActivity)/@0x90931df - animation-leash of starting_reveal#162664 (332)
09-25 13:19:33.312  6586  6586 I SAMSUNGWALLET-USBP: [AlertController] Boarding pass alert is not enabled
09-25 13:19:33.312  6586  6586 I SAMSUNGWALLET-USBP: [AlertController] dismiss alert: NO_ALERT
09-25 13:19:33.405  5639  5639 I ViewInteraction: Checking 'MatchesViewAssertion{viewMatcher=(view has effective visibility <VISIBLE> and view.getGlobalVisibleRect() to return non-empty rectangle)}' assertion on view has drawable resource 2131165345
09-25 13:19:33.407  3108  3145 D InputMethodManagerService: isImeSwitcherDisabledPackage : false
09-25 13:19:33.409   586   586 I InputMethodService: removeImeSurface
09-25 13:19:33.409   586   586 I MSHandlerLifeCycle: check: return. pkg=com.google.android.inputmethod.latin isActivity=false callers=com.android.internal.policy.DecorView.setVisibility:4412 android.app.Dialog.hide:767 android.inputmethodservice.InputMethodService.removeImeSurface:1290 android.inputmethodservice.InputMethodService.scheduleImeSurfaceRemoval:1279 android.inputmethodservice.InputMethodService.-$$Nest$mscheduleImeSurfaceRemoval:0
09-25 13:19:33.409   586   586 I MSHandlerLifeCycle: removeMultiSplitHandler: no exist. decor=DecorView@3ddf8c7[InputMethod]
09-25 13:19:33.410  3108  3230 I ChimeraSystemEventListener: appLaunchIntent package name is: com.example.dogglers
09-25 13:19:33.411  3108  4074 I SemDvfsHyPerManager: acquire hyper - AMS_ACT_START/3108@18, type = -999
09-25 13:19:33.411  1809  1855 I HYPER-HAL: [RequestManager.cpp]acquire(): Acquired ID : 4887519  [3108 / 18]    HINT : AMS_ACT_START    list :
09-25 13:19:33.412  1914  3193 I SurfaceFlinger: id=162666 createSurf, flag=80004, ActivityRecord{55a93a9 u0 com.example.dogglers/androidx.test.core.app.InstrumentationActivityInvoker$EmptyActivity} t7123}#162666
09-25 13:19:33.417  1914  3193 I SurfaceFlinger: id=162667 createSurf, flag=80000, 1e10b30 ActivityRecordInputSink com.example.dogglers/androidx.test.core.app.InstrumentationActivityInvoker$EmptyActivity#162667
09-25 13:19:33.419  5759  5759 E pageboostd: Received HALT command code 2
09-25 13:19:33.420  3108  3230 D PersonaActivityHelper: Activity not in resumed state, do not run immediate lock
09-25 13:19:33.420  5639  5639 D LifecycleMonitor: Lifecycle status change: com.example.dogglers.VerticalListActivity@957f0e9 in: PAUSED
09-25 13:19:33.420  5639  5639 V ActivityScenario: Update currentActivityStage to PAUSED, currentActivity=com.example.dogglers.VerticalListActivity@957f0e9
09-25 13:19:33.422  3108  6456 D InputDispatcher: Focused application(0): ActivityRecord{55a93a9 u0 com.example.dogglers/androidx.test.core.app.InstrumentationActivityInvoker$EmptyActivity} t7123}
09-25 13:19:33.423  3108 29076 D RemoteAppTaskWatcher:  ****** RemoteAppTaskWatcher: Message Received 5 Task ID = 0
09-25 13:19:33.426  5639  5639 D LifecycleMonitor: Lifecycle status change: androidx.test.core.app.InstrumentationActivityInvoker$EmptyActivity@e4f16ee in: PRE_ON_CREATE
09-25 13:19:33.426  3108  3230 I SemPersonaManager: SecureFolder personaId = 150
09-25 13:19:33.426  5639  5639 V ActivityScenario: Activity lifecycle changed event received but ignored because the intent does not match. startActivityIntent=Intent { act=android.intent.action.MAIN cat=[android.intent.category.LAUNCHER] cmp=com.example.dogglers/.VerticalListActivity }, activity.getIntent()=Intent { act=android.intent.action.MAIN cat=[android.intent.category.LAUNCHER] flg=0x10000000 cmp=com.example.dogglers/androidx.test.core.app.InstrumentationActivityInvoker$EmptyActivity }, activity=androidx.test.core.app.InstrumentationActivityInvoker$EmptyActivity@e4f16ee
09-25 13:19:33.429  3108  3230 D EnterpriseDeviceManagerService: isMdmAdminPresentInternal() : MDM Admin Found - com.samsung.knox.securefolder
09-25 13:19:33.429  5639  5639 I DecorView: [INFO] isPopOver=false config=true
09-25 13:19:33.430  5639  5639 I DecorView: updateCaptionType: isFloating=false isApplication=true hasWindowDecorCaption=false this=DecorView@bfc2625[]
09-25 13:19:33.430  5639  5639 D DecorView: setCaptionType = 0, this = DecorView@bfc2625[]
09-25 13:19:33.430 15715 18710 I WindowsLink: (TaskInfoManager) +++++++++++onRecentTaskStackUpdated
09-25 13:19:33.430  5639  5639 I DecorView: getCurrentDensityDpi: from real metrics. densityDpi=560 msg=resources_loaded
09-25 13:19:33.430  5639  5639 I DecorView: setWindowBackground: isPopOver=false color=ff010101 d=android.graphics.drawable.StateListDrawable@399b3fa
09-25 13:19:33.430  5639  5639 D LifecycleMonitor: Lifecycle status change: androidx.test.core.app.InstrumentationActivityInvoker$EmptyActivity@e4f16ee in: CREATED
09-25 13:19:33.430  5639  5639 V ActivityScenario: Activity lifecycle changed event received but ignored because the intent does not match. startActivityIntent=Intent { act=android.intent.action.MAIN cat=[android.intent.category.LAUNCHER] cmp=com.example.dogglers/.VerticalListActivity }, activity.getIntent()=Intent { act=android.intent.action.MAIN cat=[android.intent.category.LAUNCHER] flg=0x10000000 cmp=com.example.dogglers/androidx.test.core.app.InstrumentationActivityInvoker$EmptyActivity }, activity=androidx.test.core.app.InstrumentationActivityInvoker$EmptyActivity@e4f16ee
09-25 13:19:33.431  3108  6142 I MediaSessionMonitor: Media session stopped : controllerList empty
09-25 13:19:33.431  5639  5639 D LifecycleMonitor: Lifecycle status change: androidx.test.core.app.InstrumentationActivityInvoker$EmptyActivity@e4f16ee in: STARTED
09-25 13:19:33.431  8423  8423 I ActivityUtils: HomePackage : com.sec.android.app.launcher, resumePackageName : com.example.dogglers
09-25 13:19:33.431  5639  5639 V ActivityScenario: Activity lifecycle changed event received but ignored because the intent does not match. startActivityIntent=Intent { act=android.intent.action.MAIN cat=[android.intent.category.LAUNCHER] cmp=com.example.dogglers/.VerticalListActivity }, activity.getIntent()=Intent { act=android.intent.action.MAIN cat=[android.intent.category.LAUNCHER] flg=0x10000000 cmp=com.example.dogglers/androidx.test.core.app.InstrumentationActivityInvoker$EmptyActivity }, activity=androidx.test.core.app.InstrumentationActivityInvoker$EmptyActivity@e4f16ee
09-25 13:19:33.431  1914  1914 I SurfaceFlinger: [725ada com.example.dogglers/com.example.dogglers.VerticalListActivity#162660] FrameRatePriority: -1
09-25 13:19:33.432  3108  3145 D InputDispatcher: Focus request (0): <null> but waiting because NOT_FOCUSABLE
09-25 13:19:33.432  3108  3145 D InputDispatcher: Focus left window (0): 725ada com.example.dogglers/com.example.dogglers.VerticalListActivity
09-25 13:19:33.433  5639  5639 D LifecycleMonitor: Lifecycle status change: androidx.test.core.app.InstrumentationActivityInvoker$EmptyActivity@e4f16ee in: RESUMED
09-25 13:19:33.433  5639  5639 V ActivityScenario: Activity lifecycle changed event received but ignored because the intent does not match. startActivityIntent=Intent { act=android.intent.action.MAIN cat=[android.intent.category.LAUNCHER] cmp=com.example.dogglers/.VerticalListActivity }, activity.getIntent()=Intent { act=android.intent.action.MAIN cat=[android.intent.category.LAUNCHER] flg=0x10000000 cmp=com.example.dogglers/androidx.test.core.app.InstrumentationActivityInvoker$EmptyActivity }, activity=androidx.test.core.app.InstrumentationActivityInvoker$EmptyActivity@e4f16ee
09-25 13:19:33.433  5639  5639 I MSHandlerLifeCycle: check: return. pkg=com.example.dogglers parent=null callers=com.android.internal.policy.DecorView.setVisibility:4412 android.app.ActivityThread.handleResumeActivity:5476 android.app.servertransaction.ResumeActivityItem.execute:54 android.app.servertransaction.ActivityTransactionItem.execute:45 android.app.servertransaction.TransactionExecutor.executeLifecycleState:176
09-25 13:19:33.433  5639  5639 I MSHandlerLifeCycle: removeMultiSplitHandler: no exist. decor=DecorView@bfc2625[]
09-25 13:19:33.434  1809  6590 I HYPER-HAL: [RequestManager.cpp]releaseLocked(): Released ID : 4906302
09-25 13:19:33.434  5639  5729 D NativeCustomFrequencyManager: [NativeCFMS] BpCustomFrequencyManager::BpCustomFrequencyManager()
09-25 13:19:33.436  3108  6476 D InputTransport: Input channel constructed: '634628c', fd=1292
09-25 13:19:33.436  3108  6476 D InputTransport: Input channel constructed: '634628c', fd=1311
09-25 13:19:33.437  3108  6476 D InputTransport: Input channel constructed: '634628c', fd=1315
09-25 13:19:33.437  1914  3193 I SurfaceFlinger: id=162668 createSurf, flag=80004, 634628c com.example.dogglers/androidx.test.core.app.InstrumentationActivityInvoker$EmptyActivity#162668
09-25 13:19:33.438  3108  6476 D InputTransport: Input channel destroyed: '634628c', fd=1315
09-25 13:19:33.438  5639  5639 D InsetsController: onStateChanged: InsetsState: {mDisplayFrame=Rect(0, 0 - 1440, 3088), mDisplayCutout=DisplayCutout{insets=Rect(0, 100 - 0, 0) waterfall=Insets{left=0, top=0, right=0, bottom=0} boundingRect={Bounds=[Rect(0, 0 - 0, 0), Rect(685, 0 - 756, 100), Rect(0, 0 - 0, 0), Rect(0, 0 - 0, 0)]} cutoutPathParserInfo={CutoutPathParserInfo{displayWidth=1440 displayHeight=3088 physicalDisplayWidth=1440 physicalDisplayHeight=3088 density={3.75} cutoutSpec={M 0,0 H -9.466666666666667 V 26.66666666666667‬ H 9.466666666666667 V 0 H 0 Z @dp} rotation={0} scale={1.0} physicalPixelDisplaySizeRatio={1.0}}}}, mRoundedCorners=RoundedCorners{[RoundedCorner{position=TopLeft, radius=14, center=Point(14, 14)}, RoundedCorner{position=TopRight, radius=14, center=Point(1426, 14)}, RoundedCorner{position=BottomRight, radius=14, center=Point(1426, 3074)}, RoundedCorner{position=BottomLeft, radius=14, center=Point(14, 3074)}]}  mRoundedCornerFrame=Rect(0, 0 - 1440, 3088), mPrivacyIndicatorBounds=PrivacyIndicatorBounds {static bounds=Rect(1286, 0 - 1440, 100) rotation=0}, mSources= { InsetsSource: {mType=ITYPE_STATUS_BAR, mFrame=[0,0][1440,100], mVisible=true, mInsetsRoundedCornerFrame=false}, InsetsSource: {mType=ITYPE_NAVIGATION_BAR, mFrame=[0,3088][1440,3088], mVisible=true, mInsetsRoundedCornerFrame=false}, InsetsSource: {mType=ITYPE_LEFT_GESTURES, mFrame=[0,0][0,3088], mVisible=true, mInsetsRoundedCornerFrame=false}, InsetsSource: {mType=ITYPE_RIGHT_GESTURES, mFrame=[1440,0][1440,3088], mVisible=true, mInsetsRoundedCornerFrame=false}, InsetsSource: {mType=ITYPE_TOP_MANDATORY_GESTURES, mFrame=[0,0][1440,142], mVisible=true, mInsetsRoundedCornerFrame=false}, InsetsSource: {mType=ITYPE_BOTTOM_MANDATORY_GESTURES, mFrame=[0,3018][1440,3088], mVisible=true, mInsetsRoundedCornerFrame=false}, InsetsSource: {mType=ITYPE_LEFT_DISPLAY_CUTOUT, mFrame=[0,0][-100000,3088], mVisible=true, mInsetsRoundedCornerFrame=false}, InsetsSource: {mType=ITYPE_TOP_DISPLAY_CUTOUT, mFrame=[0,0][1440,100], mVisible=true, mInsetsRoundedCornerFrame=false}, InsetsSource: {mType=ITYPE_RIGHT_DISPLAY_CUTOUT, mFrame=[100000,0][1440,3088], mVisible=true, mInsetsRoundedCornerFrame=false}, InsetsSource: {mType=ITYPE_BOTTOM_DISPLAY_CUTOUT, mFrame=[0,100000][1440,3088], mVisible=true, mInsetsRoundedCornerFrame=false}, InsetsSource: {mType=ITYPE_TOP_TAPPABLE_ELEMENT, mFrame=[0,0][1440,100], mVisible=true, mInsetsRoundedCornerFrame=false}, InsetsSource: {mType=ITYPE_BOTTOM_TAPPABLE_ELEMENT, mFrame=[0,0][0,0], mVisible=true, mInsetsRoundedCornerFrame=false} } host=com.example.dogglers/androidx.test.core.app.InstrumentationActivityInvoker$EmptyActivity from=android.view.ViewRootImpl.setView:1732
09-25 13:19:33.441  5639  5639 I ViewRootImpl@c5f4c08[InstrumentationActivityInvoker$EmptyActivity]: setView = com.android.internal.policy.DecorView@bfc2625 TM=true
09-25 13:19:33.441  5639  5639 I MSHandlerLifeCycle: removeMultiSplitHandler: no exist. decor=DecorView@bfc2625[InstrumentationActivityInvoker$EmptyActivity]
09-25 13:19:33.441  3108  3338 D AnalyticsContainerHandler: handleMessage : { when=0 what=1 target=com.android.server.knox.KnoxAnalyticsContainer$AnalyticsHandler }
09-25 13:19:33.443  5639  5639 I ViewRootImpl@c5f4c08[InstrumentationActivityInvoker$EmptyActivity]: performTraversals params={(0,0)(fillxfill) sim={adjust=pan forwardNavigation} ty=BASE_APPLICATION wanim=0x1030001
09-25 13:19:33.443  5639  5639 I ViewRootImpl@c5f4c08[InstrumentationActivityInvoker$EmptyActivity]:   fl=1810100
09-25 13:19:33.443  5639  5639 I ViewRootImpl@c5f4c08[InstrumentationActivityInvoker$EmptyActivity]:   pfl=12020040
09-25 13:19:33.443  5639  5639 I ViewRootImpl@c5f4c08[InstrumentationActivityInvoker$EmptyActivity]:   bhv=DEFAULT
09-25 13:19:33.443  5639  5639 I ViewRootImpl@c5f4c08[InstrumentationActivityInvoker$EmptyActivity]:   fitSides= naviIconColor=0}
09-25 13:19:33.443  5639  5639 I ViewRootImpl@c5f4c08[InstrumentationActivityInvoker$EmptyActivity]: performTraversals mFirst=true windowShouldResize=true viewVisibilityChanged=false mForceNextWindowRelayout=false params={(0,0)(fillxfill) sim={adjust=pan forwardNavigation} ty=BASE_APPLICATION wanim=0x1030001
09-25 13:19:33.443  5639  5639 I ViewRootImpl@c5f4c08[InstrumentationActivityInvoker$EmptyActivity]:   fl=1810100
09-25 13:19:33.443  5639  5639 I ViewRootImpl@c5f4c08[InstrumentationActivityInvoker$EmptyActivity]:   pfl=12020040
09-25 13:19:33.443  5639  5639 I ViewRootImpl@c5f4c08[InstrumentationActivityInvoker$EmptyActivity]:   bhv=DEFAULT
09-25 13:19:33.443  5639  5639 I ViewRootImpl@c5f4c08[InstrumentationActivityInvoker$EmptyActivity]:   fitSides= naviIconColor=0}
09-25 13:19:33.443  3108  3145 V WindowManager: Relayout Window{634628c u0 com.example.dogglers/androidx.test.core.app.InstrumentationActivityInvoker$EmptyActivity}: viewVisibility=0 req=1440x3088 d0
09-25 13:19:33.443  1914  3199 I SurfaceFlinger: id=162669 createSurf, flag=40004, com.example.dogglers/androidx.test.core.app.InstrumentationActivityInvoker$EmptyActivity$_5639#162669
09-25 13:19:33.446  1914  3199 I SurfaceFlinger: id=162670 createSurf, flag=24000, Surface(name=4eb27f5 StatusBar)/@0x43fa543 - animation-leash of insets_animation#162670
09-25 13:19:33.447  1914  3199 I SurfaceFlinger: id=162671 createSurf, flag=24000, Surface(name=d110b4c NavigationBar0)/@0x8bdb781 - animation-leash of insets_animation#162671
09-25 13:19:33.448  3108  3145 V WindowManager: Relayout hash=634628c, pid=5639, syncId=-1: mAttrs={(0,0)(fillxfill) sim={adjust=pan forwardNavigation} ty=BASE_APPLICATION wanim=0x1030001
09-25 13:19:33.448  3108  3145 V WindowManager:   fl=1810100
09-25 13:19:33.448  3108  3145 V WindowManager:   pfl=12020040
09-25 13:19:33.448  3108  3145 V WindowManager:   bhv=DEFAULT
09-25 13:19:33.448  3108  3145 V WindowManager:   fitSides= naviIconColor=0}
09-25 13:19:33.448  5639  5639 D InsetsController: onStateChanged: InsetsState: {mDisplayFrame=Rect(0, 0 - 1440, 3088), mDisplayCutout=DisplayCutout{insets=Rect(0, 100 - 0, 0) waterfall=Insets{left=0, top=0, right=0, bottom=0} boundingRect={Bounds=[Rect(0, 0 - 0, 0), Rect(685, 0 - 756, 100), Rect(0, 0 - 0, 0), Rect(0, 0 - 0, 0)]} cutoutPathParserInfo={CutoutPathParserInfo{displayWidth=1440 displayHeight=3088 physicalDisplayWidth=1440 physicalDisplayHeight=3088 density={3.75} cutoutSpec={M 0,0 H -9.466666666666667 V 26.66666666666667‬ H 9.466666666666667 V 0 H 0 Z @dp} rotation={0} scale={1.0} physicalPixelDisplaySizeRatio={1.0}}}}, mRoundedCorners=RoundedCorners{[RoundedCorner{position=TopLeft, radius=14, center=Point(14, 14)}, RoundedCorner{position=TopRight, radius=14, center=Point(1426, 14)}, RoundedCorner{position=BottomRight, radius=14, center=Point(1426, 3074)}, RoundedCorner{position=BottomLeft, radius=14, center=Point(14, 3074)}]}  mRoundedCornerFrame=Rect(0, 0 - 1440, 3088), mPrivacyIndicatorBounds=PrivacyIndicatorBounds {static bounds=Rect(1286, 0 - 1440, 100) rotation=0}, mSources= { InsetsSource: {mType=ITYPE_STATUS_BAR, mFrame=[0,0][1440,100], mVisible=true, mInsetsRoundedCornerFrame=false}, InsetsSource: {mType=ITYPE_NAVIGATION_BAR, mFrame=[0,3088][1440,3088], mVisible=true, mInsetsRoundedCornerFrame=false}, InsetsSource: {mType=ITYPE_LEFT_GESTURES, mFrame=[0,0][0,3088], mVisible=true, mInsetsRoundedCornerFrame=false}, InsetsSource: {mType=ITYPE_RIGHT_GESTURES, mFrame=[1440,0][1440,3088], mVisible=true, mInsetsRoundedCornerFrame=false}, InsetsSource: {mType=ITYPE_TOP_MANDATORY_GESTURES, mFrame=[0,0][1440,142], mVisible=true, mInsetsRoundedCornerFrame=false}, InsetsSource: {mType=ITYPE_BOTTOM_MANDATORY_GESTURES, mFrame=[0,3018][1440,3088], mVisible=true, mInsetsRoundedCornerFrame=false}, InsetsSource: {mType=ITYPE_LEFT_DISPLAY_CUTOUT, mFrame=[0,0][-100000,3088], mVisible=true, mInsetsRoundedCornerFrame=false}, InsetsSource: {mType=ITYPE_TOP_DISPLAY_CUTOUT, mFrame=[0,0][1440,100], mVisible=true, mInsetsRoundedCornerFrame=false}, InsetsSource: {mType=ITYPE_RIGHT_DISPLAY_CUTOUT, mFrame=[100000,0][1440,3088], mVisible=true, mInsetsRoundedCornerFrame=false}, InsetsSource: {mType=ITYPE_BOTTOM_DISPLAY_CUTOUT, mFrame=[0,100000][1440,3088], mVisible=true, mInsetsRoundedCornerFrame=false}, InsetsSource: {mType=ITYPE_TOP_TAPPABLE_ELEMENT, mFrame=[0,0][1440,100], mVisible=true, mInsetsRoundedCornerFrame=false}, InsetsSource: {mType=ITYPE_BOTTOM_TAPPABLE_ELEMENT, mFrame=[0,0][0,0], mVisible=true, mInsetsRoundedCornerFrame=false}, InsetsSource: {mType=ITYPE_IME, mFrame=[0,0][0,0], mVisibleFrame=[0,3088][1440,3088], mVisible=false, mInsetsRoundedCornerFrame=false} } host=com.example.dogglers/androidx.test.core.app.InstrumentationActivityInvoker$EmptyActivity from=android.view.ViewRootImpl.relayoutWindow:9802
09-25 13:19:33.449  5639  5639 I ViewRootImpl@c5f4c08[InstrumentationActivityInvoker$EmptyActivity]: updateBlastSurfaceIfNeeded mBlastBufferQueue=null isSameSurfaceControl=false
09-25 13:19:33.449  5639  5639 I BLASTBufferQueue: new BLASTBufferQueue, mName= ViewRootImpl@c5f4c08[InstrumentationActivityInvoker$EmptyActivity] mNativeObject= 0xb4000077a1040e00 sc.mNativeObject= 0xb4000077b1d3c4c0 caller= android.view.ViewRootImpl.updateBlastSurfaceIfNeeded:2909 android.view.ViewRootImpl.relayoutWindow:9847 android.view.ViewRootImpl.performTraversals:3884 android.view.ViewRootImpl.doTraversal:3116 android.view.ViewRootImpl$TraversalRunnable.run:10885 android.view.Choreographer$CallbackRecord.run:1301 android.view.Choreographer$CallbackRecord.run:1309 android.view.Choreographer.doCallbacks:923 android.view.Choreographer.doFrame:852 android.view.Choreographer$FrameDisplayEventReceiver.run:1283
09-25 13:19:33.449  5639  5639 I BLASTBufferQueue: update, w= 1440 h= 3088 mName = ViewRootImpl@c5f4c08[InstrumentationActivityInvoker$EmptyActivity] mNativeObject= 0xb4000077a1040e00 sc.mNativeObject= 0xb4000077b1d3c4c0 format= -1 caller= android.graphics.BLASTBufferQueue.<init>:84 android.view.ViewRootImpl.updateBlastSurfaceIfNeeded:2909 android.view.ViewRootImpl.relayoutWindow:9847 android.view.ViewRootImpl.performTraversals:3884 android.view.ViewRootImpl.doTraversal:3116 android.view.ViewRootImpl$TraversalRunnable.run:10885
09-25 13:19:33.449  5639  5639 I ViewRootImpl@c5f4c08[InstrumentationActivityInvoker$EmptyActivity]: Relayout returned: old=(0,0,1440,3088) new=(0,0,1440,3088) req=(1440,3088)0 dur=6 res=0x3 s={true 0xb4000077342bc000} ch=true seqId=0
09-25 13:19:33.449  5639  5639 I ViewRootImpl@c5f4c08[InstrumentationActivityInvoker$EmptyActivity]: performConfigurationChange setNightDimText nightDimLevel=0
09-25 13:19:33.450  5639  5639 I ViewRootImpl@c5f4c08[InstrumentationActivityInvoker$EmptyActivity]: mThreadedRenderer.initialize() mSurface={isValid=true 0xb4000077342bc000} hwInitialized=true
09-25 13:19:33.450  5639  5729 D OpenGLRenderer: eglCreateWindowSurface
09-25 13:19:33.450  5639  5639 I ViewRootImpl@c5f4c08[InstrumentationActivityInvoker$EmptyActivity]: reportNextDraw android.view.ViewRootImpl.performTraversals:4438 android.view.ViewRootImpl.doTraversal:3116 android.view.ViewRootImpl$TraversalRunnable.run:10885 android.view.Choreographer$CallbackRecord.run:1301 android.view.Choreographer$CallbackRecord.run:1309
09-25 13:19:33.450  5639  5639 I ViewRootImpl@c5f4c08[InstrumentationActivityInvoker$EmptyActivity]: Setup new sync id=0
09-25 13:19:33.450  5639  5639 I ViewRootImpl@c5f4c08[InstrumentationActivityInvoker$EmptyActivity]: Setting syncFrameCallback
09-25 13:19:33.450  5639  5639 I ViewRootImpl@c5f4c08[InstrumentationActivityInvoker$EmptyActivity]: registerCallbacksForSync syncBuffer=false
09-25 13:19:33.451  5639  5772 I ViewRootImpl@c5f4c08[InstrumentationActivityInvoker$EmptyActivity]: Received frameDrawingCallback syncResult=0 frameNum=1.
09-25 13:19:33.451  5639  5772 I ViewRootImpl@c5f4c08[InstrumentationActivityInvoker$EmptyActivity]: Setting up sync and frameCommitCallback
09-25 13:19:33.452  5639  5729 I BLASTBufferQueue: [ViewRootImpl@c5f4c08[InstrumentationActivityInvoker$EmptyActivity]#58](f:0,a:0) onFrameAvailable the first frame is available
09-25 13:19:33.452  5639  5729 I ViewRootImpl@c5f4c08[InstrumentationActivityInvoker$EmptyActivity]: Received frameCommittedCallback lastAttemptedDrawFrameNum=1 didProduceBuffer=true
09-25 13:19:33.453  5639  5729 D OpenGLRenderer: CFMS:: SetUp Pid : 5639    Tid : 5729
09-25 13:19:33.456  1914  1914 I Layer   : id=162662 removedFromDrawingState Surface(name=4eb27f5 StatusBar)/@0x43fa543 - animation-leash of insets_animation#162662 (338)
09-25 13:19:33.456  1914  1914 I Layer   : id=162663 removedFromDrawingState Surface(name=d110b4c NavigationBar0)/@0x8bdb781 - animation-leash of insets_animation#162663 (338)
09-25 13:19:33.456  1914  1914 I SurfaceFlinger: [634628c com.example.dogglers/androidx.test.core.app.InstrumentationActivityInvoker$EmptyActivity#162668] FrameRatePriority: 1
09-25 13:19:33.456  5639  5639 I ViewRootImpl@c5f4c08[InstrumentationActivityInvoker$EmptyActivity]: onSyncComplete
09-25 13:19:33.456  5639  5639 I ViewRootImpl@c5f4c08[InstrumentationActivityInvoker$EmptyActivity]: setupSync seqId=0 mSyncId=0 fn=1 caller=android.view.ViewRootImpl$$ExternalSyntheticLambda11.accept:6 android.window.SurfaceSyncer.lambda$setupSync$1$android-window-SurfaceSyncer:128 android.window.SurfaceSyncer$$ExternalSyntheticLambda1.accept:8 android.window.SurfaceSyncer$SyncSet.checkIfSyncIsComplete:382 android.window.SurfaceSyncer$SyncSet.markSyncReady:359 android.window.SurfaceSyncer.markSyncReady:151 android.view.ViewRootImpl.performTraversals:4503
09-25 13:19:33.456  5639  5639 I ViewRootImpl@c5f4c08[InstrumentationActivityInvoker$EmptyActivity]: reportDrawFinished seqId=0 mSyncId=-1 fn=1 mSurfaceChangedTransaction=0xb40000774e1b9300
09-25 13:19:33.457  5639  5639 I ViewRootImpl@d35bf93[VerticalListActivity]: MSG_WINDOW_FOCUS_CHANGED 0 0
09-25 13:19:33.457  3108  9815 D InputDispatcher: Focus request (0): 634628c com.example.dogglers/androidx.test.core.app.InstrumentationActivityInvoker$EmptyActivity but waiting because NO_WINDOW
09-25 13:19:33.459  3108  3227 I ActivityTaskManager: Displayed com.example.dogglers/androidx.test.core.app.InstrumentationActivityInvoker$EmptyActivity: +48ms
09-25 13:19:33.459  5759  5759 E pageboostd: Received HALT command code 2
09-25 13:19:33.461  1914  3199 I SurfaceFlinger: id=162663 Removed Surface(name=d110b4c NavigationBar0)/@0x8bdb781 - animation-leash of insets_animation#162663 (338)
09-25 13:19:33.461  1914  3193 I SurfaceFlinger: id=162662 Removed Surface(name=4eb27f5 StatusBar)/@0x43fa543 - animation-leash of insets_animation#162662 (338)
09-25 13:19:33.461  3108  6476 I SemDvfsHyPerManager: acquire hyper - AMS_RESUME_TAIL/3108@20, type = -999
09-25 13:19:33.462  3108  6476 I SemDvfsHyPerManager: acquire hyper - AMS_ACT_LAZY/3108@21, type = -999
09-25 13:19:33.462  1809  1855 I HYPER-HAL: [RequestManager.cpp]acquire(): Acquired ID : 4893776  [3108 / 20]    HINT : AMS_RESUME_TAIL    list :
09-25 13:19:33.462  1809  1855 I HYPER-HAL: [RequestManager.cpp]acquire(): Acquired ID : 4896906  [3108 / 21]    HINT : AMS_ACT_LAZY    list :
09-25 13:19:33.464  1914  1914 I Layer   : Layer [com.example.dogglers/androidx.test.core.app.InstrumentationActivityInvoker$EmptyActivity$_5639#162669] hidden!! flag(0)
09-25 13:19:33.465  1914  1914 I Layer   : id=162662 Destroyed Surface(name=4eb27f5 StatusBar)/@0x43fa543 - animation-leash of insets_animation#162662
09-25 13:19:33.465  1914  1914 I Layer   : id=162663 Destroyed Surface(name=d110b4c NavigationBar0)/@0x8bdb781 - animation-leash of insets_animation#162663
09-25 13:19:33.465  1809  1855 I HYPER-HAL: [RequestManager.cpp]releaseLocked(): Released ID : 4887519
09-25 13:19:33.466  3108  3145 D InputDispatcher: Focus entered window (0): 634628c com.example.dogglers/androidx.test.core.app.InstrumentationActivityInvoker$EmptyActivity
09-25 13:19:33.467  5639  5639 I ViewRootImpl@c5f4c08[InstrumentationActivityInvoker$EmptyActivity]: MSG_WINDOW_FOCUS_CHANGED 1 0
09-25 13:19:33.467  5639  5639 I ViewRootImpl@c5f4c08[InstrumentationActivityInvoker$EmptyActivity]: mThreadedRenderer.initializeIfNeeded()#2 mSurface={isValid=true 0xb4000077342bc000}
09-25 13:19:33.468  5639  5639 D InputMethodManager: startInputInner - Id : 0
09-25 13:19:33.468  5639  5639 I InputMethodManager: startInputInner - mService.startInputOrWindowGainedFocus
09-25 13:19:33.468  1914  1914 D SurfaceFlinger: Display 4630947093241269891 HWC layers:
09-25 13:19:33.468  1914  1914 D SurfaceFlinger:      CLIENT | 0xb400007af6c13480 | 0100 | RGBx_8888    |  592.0    0.0 1628.0 2220.0 |    0    0 1440 3088 | Wallpaper BBQ wrapper#90
09-25 13:19:33.468  1914  1914 D SurfaceFlinger:      CLIENT | 0xb400007aeb20f900 | 0100 | RGBA_8888    |    0.0    0.0 1440.0 3088.0 |    0    0 1440 3088 | com.sec.android.app.launcher/com.sec[...]rActivity$_5369#162641 (blurRegions)
09-25 13:19:33.468  1914  1914 D SurfaceFlinger:      DEVICE | 0xb400007af86f9a80 | 0102 | RGBA_8888    |    0.0    0.0 1440.0 3088.0 |    1    2 1439 3086 | com.example.dogglers/androidx.test.c[...]tyInvoker$EmptyActivity$_5639#162669
09-25 13:19:33.468  1914  1914 D SurfaceFlinger:      DEVICE | 0xb400007af6c14880 | 0100 | RGBA_8888    |    0.0    0.0 1440.0  100.0 |    0    0 1440  100 | StatusBar$_4768#95
09-25 13:19:33.468  1914  1914 D SurfaceFlinger:      DEVICE | 0xb400007af8705400 | 0100 | RGBA_8888    |    0.0    0.0   67.0  589.0 |    0  562   67 1151 | com.samsung.android.app.cocktailbars[...]vice.CocktailBarService$_8423#156853
09-25 13:19:33.468  1914  1914 D SurfaceFlinger:      DEVICE | 0xb400007af8705500 | 0100 | RGBA_8888    |    0.0    0.0  518.0   48.0 |  922 3040 1440 3088 | SGestureOverlayWindow$_5369#156268
09-25 13:19:33.468  1914  1914 D SurfaceFlinger:      DEVICE | 0x
09-25 13:19:33.468  1914  1914 D SurfaceFlinger: b400007af6c15880 | 0100 | RGBA_8888    |    0.0    0.0 1440.0  168.0 |    0 2920 1440 3088 | NavigationBar0$_4768#92
09-25 13:19:33.468  1914  1914 D SurfaceFlinger:
09-25 13:19:33.468  3108  3145 D InputMethodManagerService: DESKTOP MODE! : 2
09-25 13:19:33.468  3108  3145 D InputMethodManagerService: NOT IN KNOX DESKTOP MODE!
09-25 13:19:33.468  3108  3145 V InputMethodManagerService: getDisplayIdOfInputMethodWindowToBeAdded: displayId=0
09-25 13:19:33.468  3108  3230 I ChimeraSystemEventListener: appLaunchIntent package name is: com.example.dogglers
09-25 13:19:33.468  3108  3145 D InputMethodManagerService: isImeSwitcherDisabledPackage : false
09-25 13:19:33.469  3108  3145 D InputMethodManagerService: checkDisplayOfStartInputAndUpdateKeyboard: displayId=0, mFocusedDisplayId=0
09-25 13:19:33.469  3108  3145 D InputTransport: Input channel constructed: 'ClientS', fd=1315
09-25 13:19:33.469  3108  3145 D InputTransport: Input channel destroyed: 'ClientS', fd=1315
09-25 13:19:33.469   586   586 I GoogleInputMethodService: GoogleInputMethodService.onFinishInput():3267
09-25 13:19:33.469  3108  6476 I SemDvfsHyPerManager: acquire hyper - AMS_ACT_START/3108@18, type = -999
09-25 13:19:33.470  1809  1855 I HYPER-HAL: [RequestManager.cpp]acquire(): Acquired ID : 4887519  [3108 / 18]    HINT : AMS_ACT_START    list :
09-25 13:19:33.470   586   586 I GoogleInputMethodService: GoogleInputMethodService.updateDeviceLockedStatus():2097 repeatCheckTimes = 0, locked = false
09-25 13:19:33.470   586   586 D InputMethodService: checkFocusedDisplay() display Id 0last 0
09-25 13:19:33.470  1914  3199 I SurfaceFlinger: id=162672 createSurf, flag=80004, ActivityRecord{8023a8e u0 com.example.dogglers/androidx.test.core.app.InstrumentationActivityInvoker$EmptyActivity} t7123}#162672
09-25 13:19:33.471   586   586 I GoogleInputMethodService: GoogleInputMethodService.onStartInput():1889 onStartInput(EditorInfo{EditorInfo{packageName=com.example.dogglers, inputType=0, inputTypeString=NULL, enableLearning=false, autoCorrection=false, autoComplete=false, imeOptions=0, privateImeOptions=null, actionName=UNSPECIFIED, actionLabel=null, initialSelStart=-1, initialSelEnd=-1, initialCapsMode=0, label=null, fieldId=-1, fieldName=null, extras=Bundle[{displayId=0}], hintText=null, hintLocales=[]}}, false)
09-25 13:19:33.471   586   586 I GoogleInputMethodService: GoogleInputMethodService.updateDeviceLockedStatus():2097 repeatCheckTimes = 1, locked = false
09-25 13:19:33.478  1914  2140 I SurfaceFlinger: id=162673 createSurf, flag=80000, 5b71a89 ActivityRecordInputSink com.example.dogglers/androidx.test.core.app.InstrumentationActivityInvoker$EmptyActivity#162673
09-25 13:19:33.480  5759  5759 E pageboostd: Received HALT command code 2
09-25 13:19:33.481  1914  2140 I SurfaceFlinger: id=162674 createSurf, flag=24004, Surface(name=6a358c3 InputMethod)/@0x1a6cc79 - animation-leash of insets_animation#162674
09-25 13:19:33.482  3108  3230 D PersonaActivityHelper: Activity not in resumed state, do not run immediate lock
09-25 13:19:33.486  5639  5639 D LifecycleMonitor: Lifecycle status change: androidx.test.core.app.InstrumentationActivityInvoker$EmptyActivity@e4f16ee in: PAUSED
09-25 13:19:33.486  5639  5639 V ActivityScenario: Activity lifecycle changed event received but ignored because the intent does not match. startActivityIntent=Intent { act=android.intent.action.MAIN cat=[android.intent.category.LAUNCHER] cmp=com.example.dogglers/.VerticalListActivity }, activity.getIntent()=Intent { act=android.intent.action.MAIN cat=[android.intent.category.LAUNCHER] flg=0x10000000 cmp=com.example.dogglers/androidx.test.core.app.InstrumentationActivityInvoker$EmptyActivity }, activity=androidx.test.core.app.InstrumentationActivityInvoker$EmptyActivity@e4f16ee
09-25 13:19:33.487  3108  6476 D InputDispatcher: Focused application(0): ActivityRecord{8023a8e u0 com.example.dogglers/androidx.test.core.app.InstrumentationActivityInvoker$EmptyActivity} t7123}
09-25 13:19:33.488  3108 29076 D RemoteAppTaskWatcher:  ****** RemoteAppTaskWatcher: Message Received 5 Task ID = 0
09-25 13:19:33.489  1914  1914 I Layer   : id=162665 removedFromDrawingState Surface(name=6a358c3 InputMethod)/@0x1a6cc79 - animation-leash of insets_animation#162665 (339)
09-25 13:19:33.489  1914  1914 I SurfaceFlinger: [634628c com.example.dogglers/androidx.test.core.app.InstrumentationActivityInvoker$EmptyActivity#162668] FrameRatePriority: -1
09-25 13:19:33.490  1914  1914 I SurfaceFlinger: id=162665 Removed Surface(name=6a358c3 InputMethod)/@0x1a6cc79 - animation-leash of insets_animation#162665 (339)
09-25 13:19:33.490  1914  1914 I Layer   : id=162665 Destroyed Surface(name=6a358c3 InputMethod)/@0x1a6cc79 - animation-leash of insets_animation#162665
09-25 13:19:33.490  3108  3145 D InputMethodManagerService: isImeSwitcherDisabledPackage : false
09-25 13:19:33.491   586   586 I InputMethodService: removeImeSurface
09-25 13:19:33.491  3108  3230 I SemPersonaManager: SecureFolder personaId = 150
09-25 13:19:33.491   586   586 I MSHandlerLifeCycle: check: return. pkg=com.google.android.inputmethod.latin isActivity=false callers=com.android.internal.policy.DecorView.setVisibility:4412 android.app.Dialog.hide:767 android.inputmethodservice.InputMethodService.removeImeSurface:1290 android.inputmethodservice.InputMethodService.scheduleImeSurfaceRemoval:1279 android.inputmethodservice.InputMethodService.-$$Nest$mscheduleImeSurfaceRemoval:0
09-25 13:19:33.491   586   586 I MSHandlerLifeCycle: removeMultiSplitHandler: no exist. decor=DecorView@3ddf8c7[InputMethod]
09-25 13:19:33.491  3108  3145 D InputDispatcher: Focus left window (0): 634628c com.example.dogglers/androidx.test.core.app.InstrumentationActivityInvoker$EmptyActivity
09-25 13:19:33.491  5639  5639 D LifecycleMonitor: Lifecycle status change: androidx.test.core.app.InstrumentationActivityInvoker$EmptyActivity@603a79b in: PRE_ON_CREATE
09-25 13:19:33.491  5639  5639 V ActivityScenario: Activity lifecycle changed event received but ignored because the intent does not match. startActivityIntent=Intent { act=android.intent.action.MAIN cat=[android.intent.category.LAUNCHER] cmp=com.example.dogglers/.VerticalListActivity }, activity.getIntent()=Intent { act=android.intent.action.MAIN cat=[android.intent.category.LAUNCHER] flg=0x10000000 cmp=com.example.dogglers/androidx.test.core.app.InstrumentationActivityInvoker$EmptyActivity }, activity=androidx.test.core.app.InstrumentationActivityInvoker$EmptyActivity@603a79b
09-25 13:19:33.494  5639  5639 I DecorView: [INFO] isPopOver=false config=true
09-25 13:19:33.494  5639  5639 I DecorView: updateCaptionType: isFloating=false isApplication=true hasWindowDecorCaption=false this=DecorView@d5e7c76[]
09-25 13:19:33.494  5639  5639 D DecorView: setCaptionType = 0, this = DecorView@d5e7c76[]
09-25 13:19:33.494  3108  3230 D EnterpriseDeviceManagerService: isMdmAdminPresentInternal() : MDM Admin Found - com.samsung.knox.securefolder
09-25 13:19:33.495 15715 18710 I WindowsLink: (TaskInfoManager) +++++++++++onRecentTaskStackUpdated
09-25 13:19:33.495  5639  5639 I DecorView: getCurrentDensityDpi: from real metrics. densityDpi=560 msg=resources_loaded
09-25 13:19:33.495  5639  5639 I DecorView: setWindowBackground: isPopOver=false color=ff010101 d=android.graphics.drawable.StateListDrawable@46b2277
09-25 13:19:33.495  5639  5639 D LifecycleMonitor: Lifecycle status change: androidx.test.core.app.InstrumentationActivityInvoker$EmptyActivity@603a79b in: CREATED
09-25 13:19:33.495  5639  5639 V ActivityScenario: Activity lifecycle changed event received but ignored because the intent does not match. startActivityIntent=Intent { act=android.intent.action.MAIN cat=[android.intent.category.LAUNCHER] cmp=com.example.dogglers/.VerticalListActivity }, activity.getIntent()=Intent { act=android.intent.action.MAIN cat=[android.intent.category.LAUNCHER] flg=0x10000000 cmp=com.example.dogglers/androidx.test.core.app.InstrumentationActivityInvoker$EmptyActivity }, activity=androidx.test.core.app.InstrumentationActivityInvoker$EmptyActivity@603a79b
09-25 13:19:33.495  5639  5639 D LifecycleMonitor: Lifecycle status change: androidx.test.core.app.InstrumentationActivityInvoker$EmptyActivity@603a79b in: STARTED
09-25 13:19:33.495  5639  5639 V ActivityScenario: Activity lifecycle changed event received but ignored because the intent does not match. startActivityIntent=Intent { act=android.intent.action.MAIN cat=[android.intent.category.LAUNCHER] cmp=com.example.dogglers/.VerticalListActivity }, activity.getIntent()=Intent { act=android.intent.action.MAIN cat=[android.intent.category.LAUNCHER] flg=0x10000000 cmp=com.example.dogglers/androidx.test.core.app.InstrumentationActivityInvoker$EmptyActivity }, activity=androidx.test.core.app.InstrumentationActivityInvoker$EmptyActivity@603a79b
09-25 13:19:33.496  5639  5639 D LifecycleMonitor: Lifecycle status change: androidx.test.core.app.InstrumentationActivityInvoker$EmptyActivity@603a79b in: RESUMED
09-25 13:19:33.496  5639  5639 V ActivityScenario: Activity lifecycle changed event received but ignored because the intent does not match. startActivityIntent=Intent { act=android.intent.action.MAIN cat=[android.intent.category.LAUNCHER] cmp=com.example.dogglers/.VerticalListActivity }, activity.getIntent()=Intent { act=android.intent.action.MAIN cat=[android.intent.category.LAUNCHER] flg=0x10000000 cmp=com.example.dogglers/androidx.test.core.app.InstrumentationActivityInvoker$EmptyActivity }, activity=androidx.test.core.app.InstrumentationActivityInvoker$EmptyActivity@603a79b
09-25 13:19:33.496  5639  5639 I MSHandlerLifeCycle: check: return. pkg=com.example.dogglers parent=null callers=com.android.internal.policy.DecorView.setVisibility:4412 android.app.ActivityThread.handleResumeActivity:5476 android.app.servertransaction.ResumeActivityItem.execute:54 android.app.servertransaction.ActivityTransactionItem.execute:45 android.app.servertransaction.TransactionExecutor.executeLifecycleState:176
09-25 13:19:33.496  5639  5639 I MSHandlerLifeCycle: removeMultiSplitHandler: no exist. decor=DecorView@d5e7c76[]
09-25 13:19:33.497  3108  6142 I MediaSessionMonitor: Media session stopped : controllerList empty
09-25 13:19:33.497  5639  5729 D NativeCustomFrequencyManager: [NativeCFMS] BpCustomFrequencyManager::BpCustomFrequencyManager()
09-25 13:19:33.500  1914  1914 D SurfaceFlinger: Display 4630947093241269891 HWC layers:
09-25 13:19:33.500  1914  1914 D SurfaceFlinger:      DEVICE | 0xb400007af86f9a80 | 0102 | RGBA_8888    |    0.0    0.0 1440.0 3088.0 |    0    0 1440 3088 | com.example.dogglers/androidx.test.c[...]tyInvoker$EmptyActivity$_5639#162669
09-25 13:19:33.500  1914  1914 D SurfaceFlinger:      DEVICE | 0xb400007af6c14880 | 0100 | RGBA_8888    |    0.0    0.0 1440.0  100.0 |    0    0 1440  100 | StatusBar$_4768#95
09-25 13:19:33.500  1914  1914 D SurfaceFlinger:      DEVICE | 0xb400007af8705400 | 0100 | RGBA_8888    |    0.0    0.0   67.0  589.0 |    0  562   67 1151 | com.samsung.android.app.cocktailbars[...]vice.CocktailBarService$_8423#156853
09-25 13:19:33.500  1914  1914 D SurfaceFlinger:      DEVICE | 0xb400007af8705500 | 0100 | RGBA_8888    |    0.0    0.0  518.0   48.0 |  922 3040 1440 3088 | SGestureOverlayWindow$_5369#156268
09-25 13:19:33.500  1914  1914 D SurfaceFlinger:      DEVICE | 0xb400007af6c15880 | 0100 | RGBA_8888    |    0.0    0.0 1440.0  168.0 |    0 2920 1440 3088 | NavigationBar0$_4768#92
09-25 13:19:33.500  1914  1914 D SurfaceFlinger:
09-25 13:19:33.500  3108  6492 D InputTransport: Input channel constructed: 'e81acbb', fd=1332
09-25 13:19:33.500  3108  6492 D InputTransport: Input channel constructed: 'e81acbb', fd=1333
