09-25 13:19:32.518  3108  4074 V WindowManager: Relayout hash=c7375dc, pid=5369, syncId=-1: mAttrs={(0,0)(fillxfill) sim={adjust=nothing forwardNavigation} layoutInDisplayCutoutMode=shortEdges ty=BASE_APPLICATION fmt=TRANSPARENT wanim=0x10302f4
09-25 13:19:32.518  3108  4074 V WindowManager:   fl=81910100
09-25 13:19:32.518  3108  4074 V WindowManager:   pfl=1e020040
09-25 13:19:32.518  3108  4074 V WindowManager:   vsysui=1700
09-25 13:19:32.518  3108  4074 V WindowManager:   bhv=SHOW_TRANSIENT_BARS_BY_SWIPE
09-25 13:19:32.518  3108  4074 V WindowManager:   fitSides= naviIconColor=0}
09-25 13:19:32.518  5639  5639 D LifecycleMonitor: Lifecycle status change: androidx.test.core.app.InstrumentationActivityInvoker$EmptyActivity@8561c44 in: PAUSED
09-25 13:19:32.518  5639  5639 V ActivityScenario: Activity lifecycle changed event received but ignored because the intent does not match. startActivityIntent=Intent { act=android.intent.action.MAIN cat=[android.intent.category.LAUNCHER] cmp=com.example.dogglers/.VerticalListActivity }, activity.getIntent()=Intent { act=android.intent.action.MAIN cat=[android.intent.category.LAUNCHER] flg=0x10000000 cmp=com.example.dogglers/androidx.test.core.app.InstrumentationActivityInvoker$EmptyActivity }, activity=androidx.test.core.app.InstrumentationActivityInvoker$EmptyActivity@8561c44
09-25 13:19:32.519  5369  5369 I ViewRootImpl@7533534[LauncherActivity]: Relayout returned: old=(0,0,1440,3088) new=(0,0,1440,3088) req=(1440,3088)8 dur=14 res=0x2 s={false 0x0} ch=true seqId=0
09-25 13:19:32.521  3108  4074 D InputDispatcher: Focused application(0): ActivityRecord{c8f2142 u0 com.example.dogglers/androidx.test.core.app.InstrumentationActivityInvoker$EmptyActivity} t7122}
09-25 13:19:32.521  1914  3199 I SurfaceFlinger: id=162633 createSurf, flag=24000, Surface(name=4eb27f5 StatusBar)/@0x43fa543 - animation-leash of insets_animation#162633
09-25 13:19:32.524  1914  3199 I SurfaceFlinger: id=162634 createSurf, flag=24000, Surface(name=d110b4c NavigationBar0)/@0x8bdb781 - animation-leash of insets_animation#162634
09-25 13:19:32.526  3108 29076 D RemoteAppTaskWatcher:  ****** RemoteAppTaskWatcher: Message Received 5 Task ID = 0
09-25 13:19:32.528  1914  3199 I SurfaceFlinger: id=162618 Removed 702ecd4 ActivityRecordInputSink com.example.dogglers/androidx.test.core.app.InstrumentationActivityInvoker$BootstrapActivity#162618 (336)
09-25 13:19:32.528  5369  5369 I ViewRootImpl@7533534[LauncherActivity]: stopped(true) old = false
09-25 13:19:32.528  5369  5369 I ViewRootImpl@7533534[LauncherActivity]: WindowStopped on com.sec.android.app.launcher/com.sec.android.app.launcher.activities.LauncherActivity set to true
09-25 13:19:32.529  5369  5369 I Launcher: !@Boot_DEBUG: Launcher.onStop()
09-25 13:19:32.529  5369  5369 I Launcher: !@Boot_EBS_D: Launcher.onStop()
09-25 13:19:32.529  5369  5369 I BaseActivity: removeActivityFlags, flags : 17
09-25 13:19:32.529  5369  5369 I WallpaperBlurController: dispatchTransactionSurface: mCurrentBlur = 150
09-25 13:19:32.530  5369  5741 I IMM_LC  : hsifw() - flag : 0
09-25 13:19:32.530  5369  5741 I IMM_LC  : hsifw() - mService.hideSoftInput
09-25 13:19:32.530  5369  5369 W LauncherAppWidgetHost: setShouldListenFlag, mFlags:7 flag:start on:false isFront:false
09-25 13:19:32.530  3108  3145 I AppWidgetServiceImpl: stopListening callbacks : null
09-25 13:19:32.530  5369  5369 W LauncherAppWidgetHost: stopListening, mFlags:2 isFront:false
09-25 13:19:32.530  5369  5369 W Launcher.NotificationListener: removeNotificationsChangedListener
09-25 13:19:32.530  5369  5369 I Launcher.NotificationListener: unregisterObserver, this is not notificationService!!
09-25 13:19:32.530  5369  5369 I BadgeCountUpdaterImpl: onNotificationsChangedDisConnected
09-25 13:19:32.530  5639  5639 D LifecycleMonitor: Lifecycle status change: androidx.test.core.app.InstrumentationActivityInvoker$EmptyActivity@fa57899 in: PRE_ON_CREATE
09-25 13:19:32.531  5639  5639 V ActivityScenario: Activity lifecycle changed event received but ignored because the intent does not match. startActivityIntent=Intent { act=android.intent.action.MAIN cat=[android.intent.category.LAUNCHER] cmp=com.example.dogglers/.VerticalListActivity }, activity.getIntent()=Intent { act=android.intent.action.MAIN cat=[android.intent.category.LAUNCHER] flg=0x10000000 cmp=com.example.dogglers/androidx.test.core.app.InstrumentationActivityInvoker$EmptyActivity }, activity=androidx.test.core.app.InstrumentationActivityInvoker$EmptyActivity@fa57899
09-25 13:19:32.531  1914  1914 I Layer   : id=162630 removedFromDrawingState Surface(name=4eb27f5 StatusBar)/@0x43fa543 - animation-leash of insets_animation#162630 (336)
09-25 13:19:32.531  1914  1914 I Layer   : id=162631 removedFromDrawingState Surface(name=d110b4c NavigationBar0)/@0x8bdb781 - animation-leash of insets_animation#162631 (336)
09-25 13:19:32.531  1914  1914 I SurfaceFlinger: [43faf92 com.example.dogglers/androidx.test.core.app.InstrumentationActivityInvoker$EmptyActivity#162628] FrameRatePriority: -1
09-25 13:19:32.531  1914  1914 I Layer   : id=162612 removedFromDrawingState ActivityRecord{5f9e7d u0 com.example.dogglers/androidx.test.core.app.InstrumentationActivityInvoker$BootstrapActivity} t7122}#162612 (336)
09-25 13:19:32.531  1914  1914 I Layer   : id=162618 removedFromDrawingState 702ecd4 ActivityRecordInputSink com.example.dogglers/androidx.test.core.app.InstrumentationActivityInvoker$BootstrapActivity#162618 (336)
09-25 13:19:32.531  1914  1914 I SurfaceFlinger: id=162612 Removed ActivityRecord{5f9e7d u0 com.example.dogglers/androidx.test.core.app.InstrumentationActivityInvoker$BootstrapActivity} t7122}#162612 (336)
09-25 13:19:32.531  1914  1914 I Layer   : id=162612 Destroyed ActivityRecord{5f9e7d u0 com.example.dogglers/androidx.test.core.app.InstrumentationActivityInvoker$BootstrapActivity} t7122}#162612
09-25 13:19:32.531  1914  1914 I Layer   : id=162618 Destroyed 702ecd4 ActivityRecordInputSink com.example.dogglers/androidx.test.core.app.InstrumentationActivityInvoker$BootstrapActivity#162618
09-25 13:19:32.532 15715 18710 I WindowsLink: (TaskInfoManager) +++++++++++onRecentTaskStackUpdated
09-25 13:19:32.534  5639  5639 I DecorView: [INFO] isPopOver=false config=true
09-25 13:19:32.534  5639  5639 I DecorView: updateCaptionType: isFloating=false isApplication=true hasWindowDecorCaption=false this=DecorView@e47c80c[]
09-25 13:19:32.534  5639  5639 D DecorView: setCaptionType = 0, this = DecorView@e47c80c[]
09-25 13:19:32.534  5369  5752 I LiveIconUpdateEventHandler: cancelDateChangeAlarm
09-25 13:19:32.535  5369  5369 I MSHandlerLifeCycle: removeMultiSplitHandler: no exist. decor=DecorView@ac62e93[LauncherActivity]
09-25 13:19:32.535  3108  3230 I SemPersonaManager: SecureFolder personaId = 150
09-25 13:19:32.535  5369  5752 I LiveIconUpdateEventHandler: cancelMinuteChangeAlarm
09-25 13:19:32.535  5639  5639 I DecorView: getCurrentDensityDpi: from real metrics. densityDpi=560 msg=resources_loaded
09-25 13:19:32.535  5639  5639 I DecorView: setWindowBackground: isPopOver=false color=ff010101 d=android.graphics.drawable.StateListDrawable@8cc0555
09-25 13:19:32.535  5639  5639 D LifecycleMonitor: Lifecycle status change: androidx.test.core.app.InstrumentationActivityInvoker$EmptyActivity@fa57899 in: CREATED
09-25 13:19:32.535  5639  5639 V ActivityScenario: Activity lifecycle changed event received but ignored because the intent does not match. startActivityIntent=Intent { act=android.intent.action.MAIN cat=[android.intent.category.LAUNCHER] cmp=com.example.dogglers/.VerticalListActivity }, activity.getIntent()=Intent { act=android.intent.action.MAIN cat=[android.intent.category.LAUNCHER] flg=0x10000000 cmp=com.example.dogglers/androidx.test.core.app.InstrumentationActivityInvoker$EmptyActivity }, activity=androidx.test.core.app.InstrumentationActivityInvoker$EmptyActivity@fa57899
09-25 13:19:32.536  5639  5639 D LifecycleMonitor: Lifecycle status change: androidx.test.core.app.InstrumentationActivityInvoker$EmptyActivity@fa57899 in: STARTED
09-25 13:19:32.536  5639  5639 V ActivityScenario: Activity lifecycle changed event received but ignored because the intent does not match. startActivityIntent=Intent { act=android.intent.action.MAIN cat=[android.intent.category.LAUNCHER] cmp=com.example.dogglers/.VerticalListActivity }, activity.getIntent()=Intent { act=android.intent.action.MAIN cat=[android.intent.category.LAUNCHER] flg=0x10000000 cmp=com.example.dogglers/androidx.test.core.app.InstrumentationActivityInvoker$EmptyActivity }, activity=androidx.test.core.app.InstrumentationActivityInvoker$EmptyActivity@fa57899
09-25 13:19:32.536  5639  5639 D LifecycleMonitor: Lifecycle status change: androidx.test.core.app.InstrumentationActivityInvoker$EmptyActivity@fa57899 in: RESUMED
09-25 13:19:32.536  5639  5639 V ActivityScenario: Activity lifecycle changed event received but ignored because the intent does not match. startActivityIntent=Intent { act=android.intent.action.MAIN cat=[android.intent.category.LAUNCHER] cmp=com.example.dogglers/.VerticalListActivity }, activity.getIntent()=Intent { act=android.intent.action.MAIN cat=[android.intent.category.LAUNCHER] flg=0x10000000 cmp=com.example.dogglers/androidx.test.core.app.InstrumentationActivityInvoker$EmptyActivity }, activity=androidx.test.core.app.InstrumentationActivityInvoker$EmptyActivity@fa57899
09-25 13:19:32.536  5639  5639 I MSHandlerLifeCycle: check: return. pkg=com.example.dogglers parent=null callers=com.android.internal.policy.DecorView.setVisibility:4412 android.app.ActivityThread.handleResumeActivity:5476 android.app.servertransaction.ResumeActivityItem.execute:54 android.app.servertransaction.ActivityTransactionItem.execute:45 android.app.servertransaction.TransactionExecutor.executeLifecycleState:176
09-25 13:19:32.536  5639  5639 I MSHandlerLifeCycle: removeMultiSplitHandler: no exist. decor=DecorView@e47c80c[]
09-25 13:19:32.537  6586 17206 I SAMSUNGWALLET: [Hint_ProcessStatusChange] fg Change, pid : 5369 , isNotify : true , isForeground : false , fg list : []
09-25 13:19:32.537  6586 17206 I SAMSUNGWALLET: [ProcessStatusChange] fg Change, pid : 5369 , isNotify : true , isForeground : false , fg list : []
09-25 13:19:32.538  5639  5729 D NativeCustomFrequencyManager: [NativeCFMS] BpCustomFrequencyManager::BpCustomFrequencyManager()
09-25 13:19:32.538  6586  7522 I SAMSUNGWALLET: [ResetData] getSAResetDialogFlag : false
09-25 13:19:32.538  3108  3230 D EnterpriseDeviceManagerService: isMdmAdminPresentInternal() : MDM Admin Found - com.samsung.knox.securefolder
09-25 13:19:32.539  6586 17206 I SAMSUNGWALLET: [Hint_ProcessStatusChange] fg Change, pid : 5369 , isNotify : true , isForeground : false , fg list : []
09-25 13:19:32.539  6586 17206 I SAMSUNGWALLET: [ProcessStatusChange] fg Change, pid : 5369 , isNotify : true , isForeground : false , fg list : []
09-25 13:19:32.539  3108  6472 D InputTransport: Input channel constructed: '964d631', fd=1375
09-25 13:19:32.539  3108  6472 D InputTransport: Input channel constructed: '964d631', fd=1376
09-25 13:19:32.539  3108  6472 D InputTransport: Input channel constructed: '964d631', fd=1377
09-25 13:19:32.539  1914  1914 I Layer   : id=162527 removedFromDrawingState com.sec.android.app.launcher/com.sec.android.app.launcher.activities.LauncherActivity$_21794#162527 (334)
09-25 13:19:32.539  6586 25742 I SAMSUNGWALLET: [Hint_ProcessStatusChange] fg Change, pid : 5369 , isNotify : true , isForeground : false , fg list : []
09-25 13:19:32.539  1914  1914 I Layer   : id=162528 removedFromDrawingState com.sec.android.app.launcher/com.sec.android.app.launcher.activities.LauncherActivity$_5369#162528 (334)
09-25 13:19:32.539  1914  1914 I SurfaceFlinger: id=162528 Removed com.sec.android.app.launcher/com.sec.android.app.launcher.activities.LauncherActivity$_5369#162528 (334)
09-25 13:19:32.539  1914  1914 I SurfaceFlinger: id=162527 Removed com.sec.android.app.launcher/com.sec.android.app.launcher.activities.LauncherActivity$_21794#162527 (334)
09-25 13:19:32.539  6586 25742 I SAMSUNGWALLET: [ProcessStatusChange] fg Change, pid : 5369 , isNotify : true , isForeground : false , fg list : []
09-25 13:19:32.539  1914  4196 I SurfaceFlinger: id=162635 createSurf, flag=80004, 964d631 com.example.dogglers/androidx.test.core.app.InstrumentationActivityInvoker$EmptyActivity#162635
09-25 13:19:32.539  6586  7669 I SAMSUNGWALLET: [ProcessMonitor] App went to background.
09-25 13:19:32.540  1914  1914 I Layer   : id=162528 Destroyed com.sec.android.app.launcher/com.sec.android.app.launcher.activities.LauncherActivity$_5369#162528
09-25 13:19:32.540  3108  6472 D InputTransport: Input channel destroyed: '964d631', fd=1377
09-25 13:19:32.540  1914  1914 I Layer   : id=162527 Destroyed com.sec.android.app.launcher/com.sec.android.app.launcher.activities.LauncherActivity$_21794#162527
09-25 13:19:32.540  5639  5639 D InsetsController: onStateChanged: InsetsState: {mDisplayFrame=Rect(0, 0 - 1440, 3088), mDisplayCutout=DisplayCutout{insets=Rect(0, 100 - 0, 0) waterfall=Insets{left=0, top=0, right=0, bottom=0} boundingRect={Bounds=[Rect(0, 0 - 0, 0), Rect(685, 0 - 756, 100), Rect(0, 0 - 0, 0), Rect(0, 0 - 0, 0)]} cutoutPathParserInfo={CutoutPathParserInfo{displayWidth=1440 displayHeight=3088 physicalDisplayWidth=1440 physicalDisplayHeight=3088 density={3.75} cutoutSpec={M 0,0 H -9.466666666666667 V 26.66666666666667‬ H 9.466666666666667 V 0 H 0 Z @dp} rotation={0} scale={1.0} physicalPixelDisplaySizeRatio={1.0}}}}, mRoundedCorners=RoundedCorners{[RoundedCorner{position=TopLeft, radius=14, center=Point(14, 14)}, RoundedCorner{position=TopRight, radius=14, center=Point(1426, 14)}, RoundedCorner{position=BottomRight, radius=14, center=Point(1426, 3074)}, RoundedCorner{position=BottomLeft, radius=14, center=Point(14, 3074)}]}  mRoundedCornerFrame=Rect(0, 0 - 1440, 3088), mPrivacyIndicatorBounds=PrivacyIndicatorBounds {static bounds=Rect(1286, 0 - 1440, 100) rotation=0}, mSources= { InsetsSource: {mType=ITYPE_STATUS_BAR, mFrame=[0,0][1440,100], mVisible=true, mInsetsRoundedCornerFrame=false}, InsetsSource: {mType=ITYPE_NAVIGATION_BAR, mFrame=[0,3088][1440,3088], mVisible=true, mInsetsRoundedCornerFrame=false}, InsetsSource: {mType=ITYPE_LEFT_GESTURES, mFrame=[0,0][0,3088], mVisible=true, mInsetsRoundedCornerFrame=false}, InsetsSource: {mType=ITYPE_RIGHT_GESTURES, mFrame=[1440,0][1440,3088], mVisible=true, mInsetsRoundedCornerFrame=false}, InsetsSource: {mType=ITYPE_TOP_MANDATORY_GESTURES, mFrame=[0,0][1440,142], mVisible=true, mInsetsRoundedCornerFrame=false}, InsetsSource: {mType=ITYPE_BOTTOM_MANDATORY_GESTURES, mFrame=[0,3018][1440,3088], mVisible=true, mInsetsRoundedCornerFrame=false}, InsetsSource: {mType=ITYPE_LEFT_DISPLAY_CUTOUT, mFrame=[0,0][-100000,3088], mVisible=true, mInsetsRoundedCornerFrame=false}, InsetsSource: {mType=ITYPE_TOP_DISPLAY_CUTOUT, mFrame=[0,0][1440,100], mVisible=true, mInsetsRoundedCornerFrame=false}, InsetsSource: {mType=ITYPE_RIGHT_DISPLAY_CUTOUT, mFrame=[100000,0][1440,3088], mVisible=true, mInsetsRoundedCornerFrame=false}, InsetsSource: {mType=ITYPE_BOTTOM_DISPLAY_CUTOUT, mFrame=[0,100000][1440,3088], mVisible=true, mInsetsRoundedCornerFrame=false}, InsetsSource: {mType=ITYPE_TOP_TAPPABLE_ELEMENT, mFrame=[0,0][1440,100], mVisible=true, mInsetsRoundedCornerFrame=false}, InsetsSource: {mType=ITYPE_BOTTOM_TAPPABLE_ELEMENT, mFrame=[0,0][0,0], mVisible=true, mInsetsRoundedCornerFrame=false} } host=com.example.dogglers/androidx.test.core.app.InstrumentationActivityInvoker$EmptyActivity from=android.view.ViewRootImpl.setView:1732
09-25 13:19:32.542  6586  7522 I SAMSUNGWALLET: [Hint_e] isHomePackageRunning topPkgName = com.example.dogglers, topClsName = androidx.test.core.app.InstrumentationActivityInvoker$EmptyActivity, return false , se : false
09-25 13:19:32.542  3108  6142 I MediaSessionMonitor: Media session stopped : controllerList empty
09-25 13:19:32.543  6586  7522 I SAMSUNGWALLET: [ResetData] getSAResetDialogFlag : false
09-25 13:19:32.543  5639  5639 I ViewRootImpl@489685b[InstrumentationActivityInvoker$EmptyActivity]: setView = com.android.internal.policy.DecorView@e47c80c TM=true
09-25 13:19:32.543  5639  5639 I MSHandlerLifeCycle: removeMultiSplitHandler: no exist. decor=DecorView@e47c80c[InstrumentationActivityInvoker$EmptyActivity]
09-25 13:19:32.544  1914  2139 I SurfaceFlinger: id=162631 Removed Surface(name=d110b4c NavigationBar0)/@0x8bdb781 - animation-leash of insets_animation#162631 (333)
09-25 13:19:32.544  1914  3199 I SurfaceFlinger: id=162630 Removed Surface(name=4eb27f5 StatusBar)/@0x43fa543 - animation-leash of insets_animation#162630 (333)
09-25 13:19:32.544  6586  6586 I SAMSUNGWALLET: [Hint_PayHintService] Hint Status - already invisible, skip hide : [4000000] - Home Package Not Running
09-25 13:19:32.544  5639  5639 I ViewRootImpl@7ebb6ae[InstrumentationActivityInvoker$EmptyActivity]: stopped(true) old = false
09-25 13:19:32.544  5639  5639 I ViewRootImpl@7ebb6ae[InstrumentationActivityInvoker$EmptyActivity]: WindowStopped on com.example.dogglers/androidx.test.core.app.InstrumentationActivityInvoker$EmptyActivity set to true
09-25 13:19:32.544  5639  5639 D LifecycleMonitor: Lifecycle status change: androidx.test.core.app.InstrumentationActivityInvoker$EmptyActivity@8561c44 in: STOPPED
09-25 13:19:32.545  5639  5639 V ActivityScenario: Activity lifecycle changed event received but ignored because the intent does not match. startActivityIntent=Intent { act=android.intent.action.MAIN cat=[android.intent.category.LAUNCHER] cmp=com.example.dogglers/.VerticalListActivity }, activity.getIntent()=Intent { act=android.intent.action.MAIN cat=[android.intent.category.LAUNCHER] flg=0x10000000 cmp=com.example.dogglers/androidx.test.core.app.InstrumentationActivityInvoker$EmptyActivity }, activity=androidx.test.core.app.InstrumentationActivityInvoker$EmptyActivity@8561c44
09-25 13:19:32.545  6586  7669 I SAMSUNGWALLET: [ProcessMonitor] App went to background.
09-25 13:19:32.545  5639  5639 I MSHandlerLifeCycle: removeMultiSplitHandler: no exist. decor=DecorView@5dc13f3[InstrumentationActivityInvoker$EmptyActivity]
09-25 13:19:32.546  8423  8423 I ActivityUtils: HomePackage : com.sec.android.app.launcher, resumePackageName : com.example.dogglers
09-25 13:19:32.546  3108  3338 D AnalyticsContainerHandler: handleMessage : { when=0 what=1 target=com.android.server.knox.KnoxAnalyticsContainer$AnalyticsHandler }
09-25 13:19:32.547  5639  5639 I ViewRootImpl@489685b[InstrumentationActivityInvoker$EmptyActivity]: performTraversals params={(0,0)(fillxfill) sim={adjust=pan forwardNavigation} ty=BASE_APPLICATION wanim=0x1030001
09-25 13:19:32.547  5639  5639 I ViewRootImpl@489685b[InstrumentationActivityInvoker$EmptyActivity]:   fl=1810100
09-25 13:19:32.547  5639  5639 I ViewRootImpl@489685b[InstrumentationActivityInvoker$EmptyActivity]:   pfl=12020040
09-25 13:19:32.547  5639  5639 I ViewRootImpl@489685b[InstrumentationActivityInvoker$EmptyActivity]:   bhv=DEFAULT
09-25 13:19:32.547  5639  5639 I ViewRootImpl@489685b[InstrumentationActivityInvoker$EmptyActivity]:   fitSides= naviIconColor=0}
09-25 13:19:32.548  5639  5639 I ViewRootImpl@489685b[InstrumentationActivityInvoker$EmptyActivity]: performTraversals mFirst=true windowShouldResize=true viewVisibilityChanged=false mForceNextWindowRelayout=false params={(0,0)(fillxfill) sim={adjust=pan forwardNavigation} ty=BASE_APPLICATION wanim=0x1030001
09-25 13:19:32.548  5639  5639 I ViewRootImpl@489685b[InstrumentationActivityInvoker$EmptyActivity]:   fl=1810100
09-25 13:19:32.548  5639  5639 I ViewRootImpl@489685b[InstrumentationActivityInvoker$EmptyActivity]:   pfl=12020040
09-25 13:19:32.548  5639  5639 I ViewRootImpl@489685b[InstrumentationActivityInvoker$EmptyActivity]:   bhv=DEFAULT
09-25 13:19:32.548  5639  5639 I ViewRootImpl@489685b[InstrumentationActivityInvoker$EmptyActivity]:   fitSides= naviIconColor=0}
09-25 13:19:32.548  1914  1914 I Layer   : id=162630 Destroyed Surface(name=4eb27f5 StatusBar)/@0x43fa543 - animation-leash of insets_animation#162630
09-25 13:19:32.548  1914  1914 I Layer   : id=162631 Destroyed Surface(name=d110b4c NavigationBar0)/@0x8bdb781 - animation-leash of insets_animation#162631
09-25 13:19:32.548  6586  6586 I SAMSUNGWALLET-USBP: [AlertController] Boarding pass alert is not enabled
09-25 13:19:32.548  6586  7669 I SAMSUNGWALLET: [ProcessMonitor] App went to background.
09-25 13:19:32.549  6586  6586 I SAMSUNGWALLET-USBP: [AlertController] dismiss alert: NO_ALERT
09-25 13:19:32.549  3108  8629 V WindowManager: Relayout Window{964d631 u0 com.example.dogglers/androidx.test.core.app.InstrumentationActivityInvoker$EmptyActivity}: viewVisibility=0 req=1440x3088 d0
09-25 13:19:32.549  6586  7522 I SAMSUNGWALLET: [Hint_e] isHomePackageRunning topPkgName = com.example.dogglers, topClsName = androidx.test.core.app.InstrumentationActivityInvoker$EmptyActivity, return false , se : false
09-25 13:19:32.549  1914  2139 I SurfaceFlinger: id=162636 createSurf, flag=40004, com.example.dogglers/androidx.test.core.app.InstrumentationActivityInvoker$EmptyActivity$_5639#162636
09-25 13:19:32.550  6586  7522 I SAMSUNGWALLET: [ResetData] getSAResetDialogFlag : false
09-25 13:19:32.550  6586  6586 I SAMSUNGWALLET: [Hint_PayHintService] Hint Status - already invisible, skip hide : [4000000] - Home Package Not Running
09-25 13:19:32.554  1914  2139 I SurfaceFlinger: id=162637 createSurf, flag=24000, Surface(name=4eb27f5 StatusBar)/@0x43fa543 - animation-leash of insets_animation#162637
09-25 13:19:32.556  1914  4196 I SurfaceFlinger: id=162638 createSurf, flag=24000, Surface(name=d110b4c NavigationBar0)/@0x8bdb781 - animation-leash of insets_animation#162638
09-25 13:19:32.557  3108  8629 V WindowManager: Relayout hash=964d631, pid=5639, syncId=-1: mAttrs={(0,0)(fillxfill) sim={adjust=pan forwardNavigation} ty=BASE_APPLICATION wanim=0x1030001
09-25 13:19:32.557  3108  8629 V WindowManager:   fl=1810100
09-25 13:19:32.557  3108  8629 V WindowManager:   pfl=12020040
09-25 13:19:32.557  3108  8629 V WindowManager:   bhv=DEFAULT
09-25 13:19:32.557  3108  8629 V WindowManager:   fitSides= naviIconColor=0}
09-25 13:19:32.558  5639  5639 D InsetsController: onStateChanged: InsetsState: {mDisplayFrame=Rect(0, 0 - 1440, 3088), mDisplayCutout=DisplayCutout{insets=Rect(0, 100 - 0, 0) waterfall=Insets{left=0, top=0, right=0, bottom=0} boundingRect={Bounds=[Rect(0, 0 - 0, 0), Rect(685, 0 - 756, 100), Rect(0, 0 - 0, 0), Rect(0, 0 - 0, 0)]} cutoutPathParserInfo={CutoutPathParserInfo{displayWidth=1440 displayHeight=3088 physicalDisplayWidth=1440 physicalDisplayHeight=3088 density={3.75} cutoutSpec={M 0,0 H -9.466666666666667 V 26.66666666666667‬ H 9.466666666666667 V 0 H 0 Z @dp} rotation={0} scale={1.0} physicalPixelDisplaySizeRatio={1.0}}}}, mRoundedCorners=RoundedCorners{[RoundedCorner{position=TopLeft, radius=14, center=Point(14, 14)}, RoundedCorner{position=TopRight, radius=14, center=Point(1426, 14)}, RoundedCorner{position=BottomRight, radius=14, center=Point(1426, 3074)}, RoundedCorner{position=BottomLeft, radius=14, center=Point(14, 3074)}]}  mRoundedCornerFrame=Rect(0, 0 - 1440, 3088), mPrivacyIndicatorBounds=PrivacyIndicatorBounds {static bounds=Rect(1286, 0 - 1440, 100) rotation=0}, mSources= { InsetsSource: {mType=ITYPE_STATUS_BAR, mFrame=[0,0][1440,100], mVisible=true, mInsetsRoundedCornerFrame=false}, InsetsSource: {mType=ITYPE_NAVIGATION_BAR, mFrame=[0,3088][1440,3088], mVisible=true, mInsetsRoundedCornerFrame=false}, InsetsSource: {mType=ITYPE_LEFT_GESTURES, mFrame=[0,0][0,3088], mVisible=true, mInsetsRoundedCornerFrame=false}, InsetsSource: {mType=ITYPE_RIGHT_GESTURES, mFrame=[1440,0][1440,3088], mVisible=true, mInsetsRoundedCornerFrame=false}, InsetsSource: {mType=ITYPE_TOP_MANDATORY_GESTURES, mFrame=[0,0][1440,142], mVisible=true, mInsetsRoundedCornerFrame=false}, InsetsSource: {mType=ITYPE_BOTTOM_MANDATORY_GESTURES, mFrame=[0,3018][1440,3088], mVisible=true, mInsetsRoundedCornerFrame=false}, InsetsSource: {mType=ITYPE_LEFT_DISPLAY_CUTOUT, mFrame=[0,0][-100000,3088], mVisible=true, mInsetsRoundedCornerFrame=false}, InsetsSource: {mType=ITYPE_TOP_DISPLAY_CUTOUT, mFrame=[0,0][1440,100], mVisible=true, mInsetsRoundedCornerFrame=false}, InsetsSource: {mType=ITYPE_RIGHT_DISPLAY_CUTOUT, mFrame=[100000,0][1440,3088], mVisible=true, mInsetsRoundedCornerFrame=false}, InsetsSource: {mType=ITYPE_BOTTOM_DISPLAY_CUTOUT, mFrame=[0,100000][1440,3088], mVisible=true, mInsetsRoundedCornerFrame=false}, InsetsSource: {mType=ITYPE_TOP_TAPPABLE_ELEMENT, mFrame=[0,0][1440,100], mVisible=true, mInsetsRoundedCornerFrame=false}, InsetsSource: {mType=ITYPE_BOTTOM_TAPPABLE_ELEMENT, mFrame=[0,0][0,0], mVisible=true, mInsetsRoundedCornerFrame=false}, InsetsSource: {mType=ITYPE_IME, mFrame=[0,0][0,0], mVisibleFrame=[0,3088][1440,3088], mVisible=false, mInsetsRoundedCornerFrame=false} } host=com.example.dogglers/androidx.test.core.app.InstrumentationActivityInvoker$EmptyActivity from=android.view.ViewRootImpl.relayoutWindow:9802
09-25 13:19:32.559  6586  7522 I SAMSUNGWALLET: [Hint_e] isHomePackageRunning topPkgName = com.example.dogglers, topClsName = androidx.test.core.app.InstrumentationActivityInvoker$EmptyActivity, return false , se : false
09-25 13:19:32.559  5639  5639 I ViewRootImpl@489685b[InstrumentationActivityInvoker$EmptyActivity]: updateBlastSurfaceIfNeeded mBlastBufferQueue=null isSameSurfaceControl=false
09-25 13:19:32.559  6586  6586 I SAMSUNGWALLET: [Hint_PayHintService] Hint Status - already invisible, skip hide : [4000000] - Home Package Not Running
09-25 13:19:32.559  5639  5639 I BLASTBufferQueue: new BLASTBufferQueue, mName= ViewRootImpl@489685b[InstrumentationActivityInvoker$EmptyActivity] mNativeObject= 0xb4000077a1040e00 sc.mNativeObject= 0xb4000077b109de80 caller= android.view.ViewRootImpl.updateBlastSurfaceIfNeeded:2909 android.view.ViewRootImpl.relayoutWindow:9847 android.view.ViewRootImpl.performTraversals:3884 android.view.ViewRootImpl.doTraversal:3116 android.view.ViewRootImpl$TraversalRunnable.run:10885 android.view.Choreographer$CallbackRecord.run:1301 android.view.Choreographer$CallbackRecord.run:1309 android.view.Choreographer.doCallbacks:923 android.view.Choreographer.doFrame:852 android.view.Choreographer$FrameDisplayEventReceiver.run:1283
09-25 13:19:32.559  5639  5639 I BLASTBufferQueue: update, w= 1440 h= 3088 mName = ViewRootImpl@489685b[InstrumentationActivityInvoker$EmptyActivity] mNativeObject= 0xb4000077a1040e00 sc.mNativeObject= 0xb4000077b109de80 format= -1 caller= android.graphics.BLASTBufferQueue.<init>:84 android.view.ViewRootImpl.updateBlastSurfaceIfNeeded:2909 android.view.ViewRootImpl.relayoutWindow:9847 android.view.ViewRootImpl.performTraversals:3884 android.view.ViewRootImpl.doTraversal:3116 android.view.ViewRootImpl$TraversalRunnable.run:10885
09-25 13:19:32.559  5639  5639 I ViewRootImpl@489685b[InstrumentationActivityInvoker$EmptyActivity]: Relayout returned: old=(0,0,1440,3088) new=(0,0,1440,3088) req=(1440,3088)0 dur=11 res=0x3 s={true 0xb4000077b1ccc000} ch=true seqId=0
09-25 13:19:32.559  5639  5639 I ViewRootImpl@489685b[InstrumentationActivityInvoker$EmptyActivity]: performConfigurationChange setNightDimText nightDimLevel=0
09-25 13:19:32.560  5639  5639 I ViewRootImpl@489685b[InstrumentationActivityInvoker$EmptyActivity]: mThreadedRenderer.initialize() mSurface={isValid=true 0xb4000077b1ccc000} hwInitialized=true
09-25 13:19:32.560  5639  5729 D OpenGLRenderer: eglCreateWindowSurface
09-25 13:19:32.560  5639  5639 I ViewRootImpl@489685b[InstrumentationActivityInvoker$EmptyActivity]: reportNextDraw android.view.ViewRootImpl.performTraversals:4438 android.view.ViewRootImpl.doTraversal:3116 android.view.ViewRootImpl$TraversalRunnable.run:10885 android.view.Choreographer$CallbackRecord.run:1301 android.view.Choreographer$CallbackRecord.run:1309
09-25 13:19:32.560  5639  5639 I ViewRootImpl@489685b[InstrumentationActivityInvoker$EmptyActivity]: Setup new sync id=0
09-25 13:19:32.560  5639  5639 I ViewRootImpl@489685b[InstrumentationActivityInvoker$EmptyActivity]: Setting syncFrameCallback
09-25 13:19:32.560  5639  5639 I ViewRootImpl@489685b[InstrumentationActivityInvoker$EmptyActivity]: registerCallbacksForSync syncBuffer=false
09-25 13:19:32.561  5639  5772 I ViewRootImpl@489685b[InstrumentationActivityInvoker$EmptyActivity]: Received frameDrawingCallback syncResult=0 frameNum=1.
09-25 13:19:32.561  5639  5772 I ViewRootImpl@489685b[InstrumentationActivityInvoker$EmptyActivity]: Setting up sync and frameCommitCallback
09-25 13:19:32.562  5639  5729 I BLASTBufferQueue: [ViewRootImpl@489685b[InstrumentationActivityInvoker$EmptyActivity]#56](f:0,a:0) onFrameAvailable the first frame is available
09-25 13:19:32.562  5639  5729 I ViewRootImpl@489685b[InstrumentationActivityInvoker$EmptyActivity]: Received frameCommittedCallback lastAttemptedDrawFrameNum=1 didProduceBuffer=true
09-25 13:19:32.562  5639  5729 D OpenGLRenderer: CFMS:: SetUp Pid : 5639    Tid : 5729
09-25 13:19:32.564  1914  1914 I Layer   : id=162633 removedFromDrawingState Surface(name=4eb27f5 StatusBar)/@0x43fa543 - animation-leash of insets_animation#162633 (334)
09-25 13:19:32.564  1914  1914 I Layer   : id=162634 removedFromDrawingState Surface(name=d110b4c NavigationBar0)/@0x8bdb781 - animation-leash of insets_animation#162634 (334)
09-25 13:19:32.564  1914  1914 I SurfaceFlinger: [964d631 com.example.dogglers/androidx.test.core.app.InstrumentationActivityInvoker$EmptyActivity#162635] FrameRatePriority: 1
09-25 13:19:32.566  5639  5639 I ViewRootImpl@489685b[InstrumentationActivityInvoker$EmptyActivity]: onSyncComplete
09-25 13:19:32.566  5639  5639 I ViewRootImpl@489685b[InstrumentationActivityInvoker$EmptyActivity]: setupSync seqId=0 mSyncId=0 fn=1 caller=android.view.ViewRootImpl$$ExternalSyntheticLambda11.accept:6 android.window.SurfaceSyncer.lambda$setupSync$1$android-window-SurfaceSyncer:128 android.window.SurfaceSyncer$$ExternalSyntheticLambda1.accept:8 android.window.SurfaceSyncer$SyncSet.checkIfSyncIsComplete:382 android.window.SurfaceSyncer$SyncSet.markSyncReady:359 android.window.SurfaceSyncer.markSyncReady:151 android.view.ViewRootImpl.performTraversals:4503
09-25 13:19:32.566  5639  5729 D OpenGLRenderer: setSurface called with nullptr
09-25 13:19:32.566  5639  5729 D OpenGLRenderer: setSurface() destroyed EGLSurface
09-25 13:19:32.566  5639  5729 D OpenGLRenderer: destroyEglSurface
09-25 13:19:32.566  3108  9815 D InputDispatcher: Focus request (0): 964d631 com.example.dogglers/androidx.test.core.app.InstrumentationActivityInvoker$EmptyActivity but waiting because NOT_VISIBLE
09-25 13:19:32.567  5639  5639 I ViewRootImpl@7ebb6ae[InstrumentationActivityInvoker$EmptyActivity]: performTraversals mFirst=false windowShouldResize=false viewVisibilityChanged=true mForceNextWindowRelayout=false params=null
09-25 13:19:32.567  3108  4074 V WindowManager: Relayout Window{43faf92 u0 com.example.dogglers/androidx.test.core.app.InstrumentationActivityInvoker$EmptyActivity}: viewVisibility=4 req=1440x3088 d0
09-25 13:19:32.569  3108  4074 V WindowManager: Relayout hash=43faf92, pid=5639, syncId=-1: mAttrs={(0,0)(fillxfill) sim={adjust=pan forwardNavigation} ty=BASE_APPLICATION wanim=0x1030001
09-25 13:19:32.569  3108  4074 V WindowManager:   fl=1810100
09-25 13:19:32.569  3108  4074 V WindowManager:   pfl=12020040
09-25 13:19:32.569  3108  4074 V WindowManager:   bhv=DEFAULT
09-25 13:19:32.569  3108  4074 V WindowManager:   fitSides= naviIconColor=0}
09-25 13:19:32.571  5639  5639 I ViewRootImpl@7ebb6ae[InstrumentationActivityInvoker$EmptyActivity]: Relayout returned: old=(0,0,1440,3088) new=(0,0,1440,3088) req=(1440,3088)4 dur=3 res=0x2 s={false 0x0} ch=false seqId=0
09-25 13:19:32.571  5639  5639 I ViewRootImpl@489685b[InstrumentationActivityInvoker$EmptyActivity]: reportDrawFinished seqId=0 mSyncId=-1 fn=1 mSurfaceChangedTransaction=0xb40000774d5f6d00
09-25 13:19:32.573  1914  1914 I Layer   : id=162629 removedFromDrawingState com.example.dogglers/androidx.test.core.app.InstrumentationActivityInvoker$EmptyActivity$_5639#162629 (334)
09-25 13:19:32.574  1914  4196 I SurfaceFlinger: id=162634 Removed Surface(name=d110b4c NavigationBar0)/@0x8bdb781 - animation-leash of insets_animation#162634 (334)
09-25 13:19:32.574  5639  5639 I ViewRootImpl@7ebb6ae[InstrumentationActivityInvoker$EmptyActivity]: handleAppVisibility mAppVisible = true visible = false
09-25 13:19:32.574  1914  4196 I SurfaceFlinger: id=162633 Removed Surface(name=4eb27f5 StatusBar)/@0x43fa543 - animation-leash of insets_animation#162633 (334)
09-25 13:19:32.576  3108  3227 I ActivityTaskManager: Displayed com.example.dogglers/androidx.test.core.app.InstrumentationActivityInvoker$EmptyActivity: +134ms
09-25 13:19:32.576  3108  3231 I SemDvfsHyPerManager: acquire hyper - AMS_RESUME_TAIL/3108@20, type = -999
09-25 13:19:32.576  3108  3231 I SemDvfsHyPerManager: acquire hyper - AMS_ACT_LAZY/3108@21, type = -999
09-25 13:19:32.576  5759  5759 E pageboostd: Received HALT command code 2
09-25 13:19:32.576  1809  1855 I HYPER-HAL: [RequestManager.cpp]acquire(): Acquired ID : 4893776  [3108 / 20]    HINT : AMS_RESUME_TAIL    list :
09-25 13:19:32.577  1809  1855 I HYPER-HAL: [RequestManager.cpp]acquire(): Acquired ID : 4896906  [3108 / 21]    HINT : AMS_ACT_LAZY    list :
09-25 13:19:32.578  1914  2140 I SurfaceFlinger: id=162639 createSurf, flag=80000, fb83424 ActivityRecordInputSink com.example.dogglers/androidx.test.core.app.InstrumentationActivityInvoker$EmptyActivity#162639
09-25 13:19:32.578  1809  1855 I HYPER-HAL: [RequestManager.cpp]releaseLocked(): Released ID : 4887519
09-25 13:19:32.581  1914  1914 I Layer   : Layer [com.example.dogglers/androidx.test.core.app.InstrumentationActivityInvoker$EmptyActivity$_5639#162636] hidden!! flag(0)
09-25 13:19:32.581  1914  1914 I Layer   : Layer [com.example.dogglers/com.example.dogglers.VerticalListActivity$_5639#162621] hidden!! flag(1)
09-25 13:19:32.581  1914  1914 I Layer   : id=162633 Destroyed Surface(name=4eb27f5 StatusBar)/@0x43fa543 - animation-leash of insets_animation#162633
09-25 13:19:32.581  1914  1914 I Layer   : id=162634 Destroyed Surface(name=d110b4c NavigationBar0)/@0x8bdb781 - animation-leash of insets_animation#162634
09-25 13:19:32.582  3108  8629 D InputDispatcher: Focus entered window (0): 964d631 com.example.dogglers/androidx.test.core.app.InstrumentationActivityInvoker$EmptyActivity
09-25 13:19:32.583  1914  2140 I SurfaceFlinger: id=162629 Removed com.example.dogglers/androidx.test.core.app.InstrumentationActivityInvoker$EmptyActivity$_5639#162629 (333)
09-25 13:19:32.583  1914  1914 D SurfaceFlinger: Display 4630947093241269891 HWC layers:
09-25 13:19:32.583  1914  1914 D SurfaceFlinger:      DEVICE | 0xb400007af6c11d80 | 0102 | RGBA_8888    |    0.0    0.0 1440.0 3088.0 |    0    0 1440 3088 | com.example.dogglers/androidx.test.c[...]tyInvoker$EmptyActivity$_5639#162636
09-25 13:19:32.583  1914  1914 D SurfaceFlinger:      DEVICE | 0xb400007af6c14880 | 0100 | RGBA_8888    |    0.0    0.0 1440.0  100.0 |    0    0 1440  100 | StatusBar$_4768#95
09-25 13:19:32.583  1914  1914 D SurfaceFlinger:      DEVICE | 0xb400007af8705400 | 0100 | RGBA_8888    |    0.0    0.0   67.0  589.0 |    0  562   67 1151 | com.samsung.android.app.cocktailbars[...]vice.CocktailBarService$_8423#156853
09-25 13:19:32.583  1914  1914 D SurfaceFlinger:      DEVICE | 0xb400007af8705500 | 0100 | RGBA_8888    |    0.0    0.0  518.0   48.0 |  922 3040 1440 3088 | SGestureOverlayWindow$_5369#156268
09-25 13:19:32.583  1914  1914 D SurfaceFlinger:      DEVICE | 0xb400007af6c15880 | 0100 | RGBA_8888    |    0.0    0.0 1440.0  168.0 |    0 2920 1440 3088 | NavigationBar0$_4768#92
09-25 13:19:32.583  1914  1914 D SurfaceFlinger:
09-25 13:19:32.583  3108  9815 D InputDispatcher: Focused application(0): ActivityRecord{d98ff22 u0 com.sec.android.app.launcher/.activities.LauncherActivity} t6591}
09-25 13:19:32.584  3108  4605 D AS.MultiSoundManager: mForegroundUid = 10141
09-25 13:19:32.587  5639  5639 I ViewRootImpl@7bb0b71[VerticalListActivity]: handleAppVisibility mAppVisible = true visible = false
09-25 13:19:32.588  5639  5639 D LifecycleMonitor: Lifecycle status change: androidx.test.core.app.InstrumentationActivityInvoker$EmptyActivity@8561c44 in: DESTROYED
09-25 13:19:32.588  5639  5639 V ActivityScenario: Activity lifecycle changed event received but ignored because the intent does not match. startActivityIntent=Intent { act=android.intent.action.MAIN cat=[android.intent.category.LAUNCHER] cmp=com.example.dogglers/.VerticalListActivity }, activity.getIntent()=Intent { act=android.intent.action.MAIN cat=[android.intent.category.LAUNCHER] flg=0x10000000 cmp=com.example.dogglers/androidx.test.core.app.InstrumentationActivityInvoker$EmptyActivity }, activity=androidx.test.core.app.InstrumentationActivityInvoker$EmptyActivity@8561c44
09-25 13:19:32.589  5639  5639 I MSHandlerLifeCycle: removeMultiSplitHandler: no exist. decor=DecorView@5dc13f3[InstrumentationActivityInvoker$EmptyActivity]
09-25 13:19:32.589  1914  1914 I SurfaceFlinger: [964d631 com.example.dogglers/androidx.test.core.app.InstrumentationActivityInvoker$EmptyActivity#162635] FrameRatePriority: -1
09-25 13:19:32.590  1914  1914 I Layer   : id=162629 Destroyed com.example.dogglers/androidx.test.core.app.InstrumentationActivityInvoker$EmptyActivity$_5639#162629
09-25 13:19:32.590  5369  5369 I TopTaskTracker: onTaskMovedToFront : taskId = 6591
09-25 13:19:32.591  5639  5729 D OpenGLRenderer: setSurface called with nullptr
09-25 13:19:32.591  5639  5639 I ViewRootImpl@7ebb6ae[InstrumentationActivityInvoker$EmptyActivity]: dispatchDetachedFromWindow
09-25 13:19:32.592  3108  4074 D InputTransport: Input channel destroyed: '43faf92', fd=1367
09-25 13:19:32.592  3108  4074 W InputManager-JNI: Input channel object '43faf92 com.example.dogglers/androidx.test.core.app.InstrumentationActivityInvoker$EmptyActivity (client)' was disposed without first being removed with the input manager!
09-25 13:19:32.592  3108  4074 D InputTransport: Input channel destroyed: '43faf92', fd=1369
09-25 13:19:32.592  8130  8237 I [AirCmd]_ActivitySwitchDetector: onTaskFocusChanged : taskId 6591
09-25 13:19:32.599  3108  9815 D InputDispatcher: Focus request (0): <null> but waiting because NOT_FOCUSABLE
09-25 13:19:32.599  3108  9815 D InputDispatcher: Focus left window (0): 964d631 com.example.dogglers/androidx.test.core.app.InstrumentationActivityInvoker$EmptyActivity
09-25 13:19:32.619 21794 21794 I dnan    : onPause
09-25 13:19:32.620  7272  7272 I EPDG -- SIM1 [EpdgIntfCont]: Not Mobile Interface. Ignoring Event
09-25 13:19:32.620  7272  7272 I EPDG -- SIM1 [EpdgIntfCont]: Not Mobile Interface. Ignoring Event
09-25 13:19:32.620  7272  7272 I EPDG -- SIM1 [EpdgIntfCont]: Not Mobile Interface. Ignoring Event
09-25 13:19:32.620  7272  7272 I EPDG -- SIM1 [EpdgIntfCont]: Not Mobile Interface. Ignoring Event
09-25 13:19:32.620  7272  7272 I EPDG -- SIM0 [EpdgIntfCont]: Not Mobile Interface. Ignoring Event
09-25 13:19:32.620  7272  7272 I EPDG -- SIM0 [EpdgIntfCont]: Not Mobile Interface. Ignoring Event
09-25 13:19:32.620  7272  7272 I EPDG -- SIM0 [EpdgIntfCont]: Not Mobile Interface. Ignoring Event
09-25 13:19:32.620  7272  7272 I EPDG -- SIM0 [EpdgIntfCont]: Not Mobile Interface. Ignoring Event
09-25 13:19:32.620  7272  7347 I EPDG -- SIM0 [EpdgNetworkMgmtObserver]: EpdgAddressUpdated: address: Suppressed iface: SuppressedmFqdnRetryCount : 0
09-25 13:19:32.620  7272  7347 I EPDG -- SIM0 [EpdgNetworkMgmtObserver]: EpdgAddressUpdated: address: Suppressed iface: SuppressedmFqdnRetryCount : 0
09-25 13:19:32.620  7272  7347 I EPDG -- SIM0 [EpdgNetworkMgmtObserver]: EpdgAddressUpdated: address: Suppressed iface: SuppressedmFqdnRetryCount : 0
09-25 13:19:32.620  7272  7347 I EPDG -- SIM0 [EpdgNetworkMgmtObserver]: EpdgAddressUpdated: address: Suppressed iface: SuppressedmFqdnRetryCount : 0
09-25 13:19:32.622  3108  3230 D PersonaActivityHelper: Activity not in resumed state, do not run immediate lock
09-25 13:19:32.622  5639  5639 D InputTransport: Input channel destroyed: '43faf92', fd=119
09-25 13:19:32.623  1914  1914 I Layer   : id=162628 removedFromDrawingState 43faf92 com.example.dogglers/androidx.test.core.app.InstrumentationActivityInvoker$EmptyActivity#162628 (332)
09-25 13:19:32.623  1914  1914 I SurfaceFlinger: id=162628 Removed 43faf92 com.example.dogglers/androidx.test.core.app.InstrumentationActivityInvoker$EmptyActivity#162628 (332)
09-25 13:19:32.623  1914  1914 I Layer   : id=162628 Destroyed 43faf92 com.example.dogglers/androidx.test.core.app.InstrumentationActivityInvoker$EmptyActivity#162628
09-25 13:19:32.626  5639  5639 D LifecycleMonitor: Lifecycle status change: androidx.test.core.app.InstrumentationActivityInvoker$EmptyActivity@fa57899 in: PAUSED
09-25 13:19:32.626  5639  5639 V ActivityScenario: Activity lifecycle changed event received but ignored because the intent does not match. startActivityIntent=Intent { act=android.intent.action.MAIN cat=[android.intent.category.LAUNCHER] cmp=com.example.dogglers/.VerticalListActivity }, activity.getIntent()=Intent { act=android.intent.action.MAIN cat=[android.intent.category.LAUNCHER] flg=0x10000000 cmp=com.example.dogglers/androidx.test.core.app.InstrumentationActivityInvoker$EmptyActivity }, activity=androidx.test.core.app.InstrumentationActivityInvoker$EmptyActivity@fa57899
09-25 13:19:32.627  8130  8237 I [AirCmd]_ActivitySwitchDetector: onTaskFocusChanged : componentName - ComponentInfo{com.sec.android.app.launcher/com.android.launcher3.uioverrides.QuickstepLauncher}
09-25 13:19:32.627  8130  8237 I [AirCmd]_ActivitySwitchDetector: onTaskFocusChanged : mTopMostActivity - ComponentInfo{com.example.dogglers/com.example.dogglers.VerticalListActivity}
09-25 13:19:32.627  3108  4074 I SemDvfsHyPerManager: acquire hyper - AMS_APP_HOME/3108@24, type = -999
09-25 13:19:32.627  6586 17206 I SAMSUNGWALLET: [Hint_ProcessStatusChange] fg Change, pid : 5369 , isNotify : false , isForeground : true , fg list : []
09-25 13:19:32.627  6586 17206 I SAMSUNGWALLET: [ProcessStatusChange] fg Change, pid : 5369 , isNotify : false , isForeground : true , fg list : []
09-25 13:19:32.627  1809  1855 I HYPER-HAL: [RequestManager.cpp]acquire(): Acquired ID : 4906302  [3108 / 24]    HINT : AMS_APP_HOME    list :
09-25 13:19:32.628  1914  2140 I SurfaceFlinger: id=162627 Removed 7315e56 ActivityRecordInputSink com.example.dogglers/androidx.test.core.app.InstrumentationActivityInvoker$EmptyActivity#162627 (331)
09-25 13:19:32.629  8328  8328 I SemDvfsHyPerManager: acquire hyper - APP_START_HOME/8328@20, type = -999
09-25 13:19:32.630 21794 21794 I ViewRootImpl@888ef3d[LauncherActivity]: handleAppVisibility mAppVisible = false visible = true
09-25 13:19:32.630  6586 17206 I SAMSUNGWALLET: [Hint_ProcessStatusChange] fg Change, pid : 5369 , isNotify : false , isForeground : true , fg list : []
09-25 13:19:32.631  6586 17206 I SAMSUNGWALLET: [ProcessStatusChange] fg Change, pid : 5369 , isNotify : false , isForeground : true , fg list : []
09-25 13:19:32.631  5369  5369 I ViewRootImpl@7533534[LauncherActivity]: handleAppVisibility mAppVisible = false visible = true
09-25 13:19:32.631  6586 25742 I SAMSUNGWALLET: [Hint_ProcessStatusChange] fg Change, pid : 5369 , isNotify : false , isForeground : true , fg list : []
09-25 13:19:32.631  6586 25742 I SAMSUNGWALLET: [ProcessStatusChange] fg Change, pid : 5369 , isNotify : false , isForeground : true , fg list : []
09-25 13:19:32.631  8130  8237 I [AirCmd]_CallbackRepeater: stopRepeat : isWorking=false
09-25 13:19:32.631  8130  8237 I [AirCmd]_MediaControlStateMonitor: isForegroundAppSupportsMediaButton : mediaSession is empty
09-25 13:19:32.632 21794 21794 I ViewRootImpl@888ef3d[LauncherActivity]: performTraversals mFirst=false windowShouldResize=false viewVisibilityChanged=true mForceNextWindowRelayout=false params=null
09-25 13:19:32.632  1809  1855 I HYPER-HAL: [RequestManager.cpp]acquire(): Acquired ID : 34848746  [8328 / 20]    HINT : APP_START    list : [KERNEL_APP_START_NOTIFY / 0] [TIMEOUT / 1500]
09-25 13:19:32.632  8130  8237 I [AirCmd]_MediaControlStateMonitor: active Notification List is null
09-25 13:19:32.632  8130  8237 I [AirCmd]_RemoteSpenMainController: hasGeneralAction : packageName is com.sec.android.app.launcher, activityName is com.android.launcher3.uioverrides.QuickstepLauncher, hasActions is false
09-25 13:19:32.632  8130  8237 I [AirCmd]_CameraAvailabilityMonitor: isCameraPreviewOn : mIsCameraPreviewOn is false
09-25 13:19:32.634 21756 21756 I gmxl    : (REDACTED) received broadcast: %s
09-25 13:19:32.635 21756 22511 I gmxo    : (REDACTED) received broadcast: %s
09-25 13:19:32.635 21756 22511 I gmsg    : (REDACTED) #onConfigUpdate. requester: %s
09-25 13:19:32.635 21756 22511 I gmsg    : #onConfigUpdate inside sequencer
09-25 13:19:32.635 21756 22511 I gmpa    : (REDACTED) Voice Match (Speaker-id) supported : %b
09-25 13:19:32.635 21756 22511 I gmpa    : (REDACTED) hotword enrollment state is enrolled:  %b, speakerId model exist: %b. Voice Match supported : %b
09-25 13:19:32.635 21756 22511 I gmpa    : (REDACTED) isHotwordAvailable():  %b, isHotwordEnabled() %b
09-25 13:19:32.635 21756 22511 I gmpa    : (REDACTED) isHotwordAvailable():  %b, isHotwordEnabled() %b
09-25 13:19:32.635 21756 22511 I gmpa    : (REDACTED) Hotword enrollment state : %s.
09-25 13:19:32.635 21756 22511 I gmpa    : (REDACTED) Voice Match (Speaker-id) supported : %b
09-25 13:19:32.635 21756 22511 I gmpa    : (REDACTED) Voice Match (Speaker-id) supported : %b
09-25 13:19:32.635 21756 22511 I gmpa    : (REDACTED) hotword enrollment state is enrolled:  %b, speakerId model exist: %b, voice match supported : %b
09-25 13:19:32.635 21756 22511 I gmpa    : (REDACTED) Hotword isNonVoiceMatchHotwordEnabled: %b, isHotwordAvailable : %b, isHotwordEnabled : %b, isVoiceMatchSupported: %b, isHotwordEnrolled: %b.
09-25 13:19:32.635 21756 22511 I gmsg    : (REDACTED) Ignore the legacy hotword request. voice match enabled %b, isHotwordSupported %b, isIncompleteEnrollmentState %b, nonVoiceMatchHotwordEnabled %b
09-25 13:19:32.642  5369  5369 I ViewRootImpl@7533534[LauncherActivity]: stopped(false) old = true
09-25 13:19:32.643  5369  5369 I ViewRootImpl@7533534[LauncherActivity]: WindowStopped on com.sec.android.app.launcher/com.sec.android.app.launcher.activities.LauncherActivity set to false
09-25 13:19:32.643  5369  5369 I Launcher: !@Boot_DEBUG: Launcher.onStart()
09-25 13:19:32.643  5369  5369 I Launcher: !@Boot_EBS_D: Launcher.onStart()
09-25 13:19:32.643  5369  5369 I BaseActivity: addActivityFlags, flags : 1
09-25 13:19:32.643  5369  5369 I WallpaperBlurController: dispatchTransactionSurface: mCurrentBlur = 150
09-25 13:19:32.643  5369  5369 W LauncherAppWidgetHost: setShouldListenFlag, mFlags:2 flag:start on:true isFront:false
09-25 13:19:32.643  5369  5369 W Launcher: onStart isListening : false isLoading false
09-25 13:19:32.643  3108 29076 D RemoteAppTaskWatcher:  ****** RemoteAppTaskWatcher: Message Received 5 Task ID = 0
09-25 13:19:32.644  5369  5369 I MSHandlerLifeCycle: removeMultiSplitHandler: no exist. decor=DecorView@ac62e93[LauncherActivity]
09-25 13:19:32.644  5369  5369 I ViewRootImpl@7533534[LauncherActivity]: stopped(false) old = false
09-25 13:19:32.644  5369  5369 I Launcher: !@Boot_DEBUG: Launcher.onResume()
09-25 13:19:32.644  5369  5369 I Launcher: !@Boot_EBS_D: Launcher.onResume()
09-25 13:19:32.644  5369  5369 I BaseActivity: addActivityFlags, flags : 18
09-25 13:19:32.644  5369  5752 I LiveIconUpdateEventHandler: cancelDateChangeAlarm
09-25 13:19:32.644  5369  5369 I BaseActivity: removeActivityFlags, flags : 32
09-25 13:19:32.644  5369  5741 I IMM_LC  : hsifw() - flag : 0
09-25 13:19:32.644  5369  5369 I AppsSearchBar: restoreCurrentCellLayoutAlpha: [com.android.homescreen.apptray.AppsViewCellLayout{118f2a4 V.ED..... .......D 15341,100-16679,2951}[a=1.0,v=0,sId=11]]
09-25 13:19:32.644  5369  5741 I IMM_LC  : hsifw() - mService.hideSoftInput
09-25 13:19:32.644  5369  5369 I Launcher.AppsViewCellLayout: com.android.homescreen.apptray.AppsViewCellLayout{118f2a4 V.ED..... .......D 15341,100-16679,2951}[a=1.0,v=0,sId=11] setAlpha : 1.0
09-25 13:19:32.645  5369  5369 I Launcher.AppsViewCellLayout: com.android.homescreen.apptray.AppsViewCellLayout{118f2a4 V.ED..... .......D 15341,100-16679,2951}[a=1.0,v=0,sId=11] setAlpha : 1.0
09-25 13:19:32.645  5369  5369 W SearchLauncherServiceMover: isMoving : false
09-25 13:19:32.645  5639  5639 I ViewRootImpl@7bb0b71[VerticalListActivity]: stopped(true) old = false
09-25 13:19:32.645  5639  5639 I ViewRootImpl@7bb0b71[VerticalListActivity]: WindowStopped on com.example.dogglers/com.example.dogglers.VerticalListActivity set to true
09-25 13:19:32.645  5369  5752 I LiveIconUpdateEventHandler: setDateChangeAlarm Tue Sep 26 00:00:00 MDT 2023
09-25 13:19:32.645  5369 14474 I Launcher: DisplayMetrics from Resources : DisplayMetrics{density=3.5, width=1440, height=2988, scaledDensity=3.8500001, xdpi=501.041, ydpi=502.789}
09-25 13:19:32.645  5369 14474 I Launcher: realMetrics from Wm : DisplayMetrics{density=3.5, width=1440, height=3088, scaledDensity=3.5, xdpi=501.041, ydpi=502.789}
09-25 13:19:32.645  5369 14474 I Launcher: Launcher DeviceProfile onResume availSize: 1440x2988 windowSize: 1440x3088 isLandscape: false
09-25 13:19:32.645  5369  5369 I Launcher: setWallpaperOffsets
09-25 13:19:32.645  5369  5752 I LiveIconViewUpdater: onUpdateLiveIcon - id : 40, itemType : 0
09-25 13:19:32.645  5369  5752 I LiveIconUpdateEventHandler: cancelMinuteChangeAlarm
09-25 13:19:32.646  5369  5752 I LiveIconUpdateEventHandler: setMinuteChangeAlarm Mon Sep 25 13:20:00 MDT 2023
09-25 13:19:32.646  5369  5752 I LiveIconViewUpdater: onUpdateLiveIcon - id : 131, itemType : 0
09-25 13:19:32.646  8130  8237 I [AirCmd]_CameraAvailabilityMonitor: isCameraPreviewOn : mIsCameraPreviewOn is false
