09-25 13:19:22.288  5639  5703 I TestRunner: started: vertical_list_button_is_displayed(com.example.dogglers.ButtonTests)
09-25 13:19:22.289  1914  3199 I SurfaceFlinger: id=162157 createSurf, flag=24004, Task=7109#162157
09-25 13:19:22.291  1914  3199 I SurfaceFlinger: id=162129 Removed d205b6f ActivityRecordInputSink com.example.dogglers/androidx.test.core.app.InstrumentationActivityInvoker$BootstrapActivity#162129 (328)
09-25 13:19:22.292  3108 29076 D RemoteAppTaskWatcher:  ****** RemoteAppTaskWatcher: Message Received 3 Task ID = 7109
09-25 13:19:22.292  3108 29076 D RemoteAppTaskWatcher:  ****** RemoteAppTaskWatcher: Message Received 3 Task ID = 7109
09-25 13:19:22.294  5639  5703 W Settings: Setting always_finish_activities has moved from android.provider.Settings.System to android.provider.Settings.Global, returning read-only value.
09-25 13:19:22.294  5369  5369 I RecentsView: onTaskRemoved() taskId : 7109
09-25 13:19:22.294  5369  5369 I TopTaskTracker: onTaskRemoved : taskId = 7109
09-25 13:19:22.294  5369  5369 I RecentsView: onTaskRemoved() taskId : 7109
09-25 13:19:22.295  5369  5369 I TopTaskTracker: onTaskRemoved : taskId = 7109
09-25 13:19:22.296  1914  1914 I Layer   : id=162126 removedFromDrawingState ActivityRecord{f2b09e9 u0 com.example.dogglers/.MainActivity} t7109}#162126 (328)
09-25 13:19:22.296  1914  1914 I Layer   : id=162130 removedFromDrawingState 1ec7270 ActivityRecordInputSink com.example.dogglers/.MainActivity#162130 (328)
09-25 13:19:22.296  1914  1914 I Layer   : id=162123 removedFromDrawingState ActivityRecord{97cf07c u0 com.example.dogglers/androidx.test.core.app.InstrumentationActivityInvoker$BootstrapActivity} t7109}#162123 (328)
09-25 13:19:22.296  1914  1914 I Layer   : id=162129 removedFromDrawingState d205b6f ActivityRecordInputSink com.example.dogglers/androidx.test.core.app.InstrumentationActivityInvoker$BootstrapActivity#162129 (328)
09-25 13:19:22.296  1914  1914 I Layer   : id=162122 removedFromDrawingState Task=7109#162122 (328)
09-25 13:19:22.296  1914  1914 I Layer   : id=162157 removedFromDrawingState Task=7109#162157 (328)
09-25 13:19:22.296  1914  1914 I SurfaceFlinger: id=162123 Removed ActivityRecord{97cf07c u0 com.example.dogglers/androidx.test.core.app.InstrumentationActivityInvoker$BootstrapActivity} t7109}#162123 (328)
09-25 13:19:22.296  1914  1914 I SurfaceFlinger: id=162157 Removed Task=7109#162157 (328)
09-25 13:19:22.296  1914  1914 I SurfaceFlinger: id=162126 Removed ActivityRecord{f2b09e9 u0 com.example.dogglers/.MainActivity} t7109}#162126 (328)
09-25 13:19:22.297  1914  1914 I Layer   : id=162157 Destroyed Task=7109#162157
09-25 13:19:22.297  1914  1914 I Layer   : id=162123 Destroyed ActivityRecord{97cf07c u0 com.example.dogglers/androidx.test.core.app.InstrumentationActivityInvoker$BootstrapActivity} t7109}#162123
09-25 13:19:22.297  1914  1914 I Layer   : id=162129 Destroyed d205b6f ActivityRecordInputSink com.example.dogglers/androidx.test.core.app.InstrumentationActivityInvoker$BootstrapActivity#162129
09-25 13:19:22.297  1914  1914 I Layer   : id=162126 Destroyed ActivityRecord{f2b09e9 u0 com.example.dogglers/.MainActivity} t7109}#162126
09-25 13:19:22.297  1914  1914 I Layer   : id=162130 Destroyed 1ec7270 ActivityRecordInputSink com.example.dogglers/.MainActivity#162130
09-25 13:19:22.298  3108  3230 I ChimeraSystemEventListener: appLaunchIntent package name is: com.example.dogglers
09-25 13:19:22.300  3108  5688 I SemDvfsHyPerManager: acquire hyper - AMS_APP_SWITCH/3108@23, type = -999
09-25 13:19:22.300  3108 29076 D RemoteAppTaskWatcher:  ****** RemoteAppTaskWatcher: Message Received 0 Task ID = 7110
09-25 13:19:22.300  1809  1855 I HYPER-HAL: [RequestManager.cpp]acquire(): Acquired ID : 4903169  [3108 / 23]    HINT : AMS_APP_SWITCH    list :
09-25 13:19:22.300  1914  2140 I SurfaceFlinger: id=162158 createSurf, flag=24004, Task=7110#162158
09-25 13:19:22.300  8328  8328 I SemDvfsHyPerManager: acquire hyper - APP_START_SHORT/8328@19, type = -999
09-25 13:19:22.303  1914  3199 I SurfaceFlinger: id=162159 createSurf, flag=80004, ActivityRecord{1a7e8b u0 com.example.dogglers/androidx.test.core.app.InstrumentationActivityInvoker$BootstrapActivity} t7110}#162159
09-25 13:19:22.303  1809  1855 I HYPER-HAL: [RequestManager.cpp]acquire(): Acquired ID : 34840397  [8328 / 19]    HINT : APP_START_LOW_HEAT    list : [TIMEOUT / 1500]
09-25 13:19:22.308  2229  7519 I CameraService: onUidStateChanged: uid=10042, procState is changed. (0 -> 1)
09-25 13:19:22.308  4768  4851 D NativeCustomFrequencyManager: [NativeCFMS] BpCustomFrequencyManager::BpCustomFrequencyManager()
09-25 13:19:22.308  3108  8626 I SemDvfsHyPerManager: acquire hyper - AMS_APP_LAUNCH/3108@19, type = -999
09-25 13:19:22.308  1809  1855 I HYPER-HAL: [RequestManager.cpp]acquire(): Acquired ID : 4890647  [3108 / 19]    HINT : AMS_APP_LAUNCH    list :
09-25 13:19:22.308  5759  5759 E pageboostd: Received HALT command code 2
09-25 13:19:22.309  8328  8328 I SemDvfsHyPerManager: acquire hyper - APP_START/8328@21, type = -999
09-25 13:19:22.309  1809  1855 I HYPER-HAL: [RequestManager.cpp]acquire(): Acquired ID : 34857096  [8328 / 21]    HINT : APP_START_LOW_HEAT    list :
09-25 13:19:22.309  3108 29076 D RemoteAppTaskWatcher:  ****** RemoteAppTaskWatcher: Message Received 4 Task ID = 7110
09-25 13:19:22.309  3108 29076 D RemoteAppTaskWatcher:  ****** RemoteAppTaskWatcher: Message Received 0 Task ID = 7110
09-25 13:19:22.310  3108  6493 D InputTransport: Input channel constructed: '1ffecb2', fd=1143
09-25 13:19:22.310  3108  6493 D InputTransport: Input channel constructed: '1ffecb2', fd=1249
09-25 13:19:22.310  3108  6493 D InputTransport: Input channel constructed: '1ffecb2', fd=1285
09-25 13:19:22.310  1914  2140 I SurfaceFlinger: id=162160 createSurf, flag=80004, 1ffecb2 Splash Screen com.example.dogglers#162160
09-25 13:19:22.311  3108  6493 D InputTransport: Input channel destroyed: '1ffecb2', fd=1285
09-25 13:19:22.311  5369  5369 I BaseActivity: removeActivityFlags, flags : 16
09-25 13:19:22.312  5369  5369 I BaseActivity: removeActivityFlags, flags : 6
09-25 13:19:22.312  5369  5369 I DragController: endDrag
09-25 13:19:22.312  5369  5369 W LauncherAppWidgetHost: setShouldListenFlag, mFlags:15 flag:resume on:false isFront:false
09-25 13:19:22.312  4768  4843 D InsetsController: onStateChanged: InsetsState: {mDisplayFrame=Rect(0, 0 - 1440, 3088), mDisplayCutout=DisplayCutout{insets=Rect(0, 100 - 0, 0) waterfall=Insets{left=0, top=0, right=0, bottom=0} boundingRect={Bounds=[Rect(0, 0 - 0, 0), Rect(685, 0 - 756, 100), Rect(0, 0 - 0, 0), Rect(0, 0 - 0, 0)]} cutoutPathParserInfo={CutoutPathParserInfo{displayWidth=1440 displayHeight=3088 physicalDisplayWidth=1440 physicalDisplayHeight=3088 density={3.75} cutoutSpec={M 0,0 H -9.466666666666667 V 26.66666666666667‬ H 9.466666666666667 V 0 H 0 Z @dp} rotation={0} scale={1.0} physicalPixelDisplaySizeRatio={1.0}}}}, mRoundedCorners=RoundedCorners{[RoundedCorner{position=TopLeft, radius=14, center=Point(14, 14)}, RoundedCorner{position=TopRight, radius=14, center=Point(1426, 14)}, RoundedCorner{position=BottomRight, radius=14, center=Point(1426, 3074)}, RoundedCorner{position=BottomLeft, radius=14, center=Point(14, 3074)}]}  mRoundedCornerFrame=Rect(0, 0 - 1440, 3088), mPrivacyIndicatorBounds=PrivacyIndicatorBounds {static bounds=Rect(1286, 0 - 1440, 100) rotation=0}, mSources= { InsetsSource: {mType=ITYPE_STATUS_BAR, mFrame=[0,0][1440,100], mVisible=true, mInsetsRoundedCornerFrame=false}, InsetsSource: {mType=ITYPE_NAVIGATION_BAR, mFrame=[0,3088][1440,3088], mVisible=true, mInsetsRoundedCornerFrame=false}, InsetsSource: {mType=ITYPE_LEFT_GESTURES, mFrame=[0,0][0,3088], mVisible=true, mInsetsRoundedCornerFrame=false}, InsetsSource: {mType=ITYPE_RIGHT_GESTURES, mFrame=[1440,0][1440,3088], mVisible=true, mInsetsRoundedCornerFrame=false}, InsetsSource: {mType=ITYPE_TOP_MANDATORY_GESTURES, mFrame=[0,0][1440,142], mVisible=true, mInsetsRoundedCornerFrame=false}, InsetsSource: {mType=ITYPE_BOTTOM_MANDATORY_GESTURES, mFrame=[0,3018][1440,3088], mVisible=true, mInsetsRoundedCornerFrame=false}, InsetsSource: {mType=ITYPE_LEFT_DISPLAY_CUTOUT, mFrame=[0,0][-100000,3088], mVisible=true, mInsetsRoundedCornerFrame=false}, InsetsSource: {mType=ITYPE_TOP_DISPLAY_CUTOUT, mFrame=[0,0][1440,100], mVisible=true, mInsetsRoundedCornerFrame=false}, InsetsSource: {mType=ITYPE_RIGHT_DISPLAY_CUTOUT, mFrame=[100000,0][1440,3088], mVisible=true, mInsetsRoundedCornerFrame=false}, InsetsSource: {mType=ITYPE_BOTTOM_DISPLAY_CUTOUT, mFrame=[0,100000][1440,3088], mVisible=true, mInsetsRoundedCornerFrame=false}, InsetsSource: {mType=ITYPE_TOP_TAPPABLE_ELEMENT, mFrame=[0,0][1440,100], mVisible=true, mInsetsRoundedCornerFrame=false}, InsetsSource: {mType=ITYPE_BOTTOM_TAPPABLE_ELEMENT, mFrame=[0,0][0,0], mVisible=true, mInsetsRoundedCornerFrame=false} } host=Splash Screen com.example.dogglers from=android.view.ViewRootImpl.setView:1732
09-25 13:19:22.312  5369  5369 I SPayUpdater: updateSpayHandler launcher activity is paused false
09-25 13:19:22.312  5369 11129 I WidgetRotationImpl: unsubscribeWidgetFocus 80
09-25 13:19:22.315  5369 11129 I IntelligentPlatformManagerImpl: unsubscribeWidgetFocus() id : 80
09-25 13:19:22.316  3108  6472 D InputDispatcher: Focused application(0): ActivityRecord{1a7e8b u0 com.example.dogglers/androidx.test.core.app.InstrumentationActivityInvoker$BootstrapActivity} t7110}
09-25 13:19:22.319  3108 29076 D RemoteAppTaskWatcher:  ****** RemoteAppTaskWatcher: Message Received 5 Task ID = 0
09-25 13:19:22.320  5369  5369 I TopTaskTracker: onTaskMovedToFront : taskId = 7110
09-25 13:19:22.321  3108  4605 D AS.MultiSoundManager: mForegroundUid = 10577
09-25 13:19:22.321  1914  1914 I SurfaceFlinger: [c7375dc com.sec.android.app.launcher/com.sec.android.app.launcher.activities.LauncherActivity#176] FrameRatePriority: -1
09-25 13:19:22.323  5639  5639 D LifecycleMonitor: Lifecycle status change: androidx.test.core.app.InstrumentationActivityInvoker$BootstrapActivity@67aa84b in: PRE_ON_CREATE
09-25 13:19:22.323  5639  5639 V ActivityScenario: Activity lifecycle changed event received but ignored because the intent does not match. startActivityIntent=Intent { act=android.intent.action.MAIN cat=[android.intent.category.LAUNCHER] cmp=com.example.dogglers/.MainActivity }, activity.getIntent()=Intent { act=android.intent.action.MAIN cat=[android.intent.category.LAUNCHER] flg=0x10008000 cmp=com.example.dogglers/androidx.test.core.app.InstrumentationActivityInvoker$BootstrapActivity (has extras) }, activity=androidx.test.core.app.InstrumentationActivityInvoker$BootstrapActivity@67aa84b
09-25 13:19:22.323  4768  4843 I ViewRootImpl@caf13c5[dogglers]: setView = android.widget.FrameLayout@5722741 TM=true
09-25 13:19:22.323  6586 25742 I SAMSUNGWALLET: [Hint_ProcessStatusChange] fg Change, pid : 5639 , isNotify : false , isForeground : true , fg list : []
09-25 13:19:22.324  1914  4194 D NativeSemDvfsManager: acquire:: timeout = 2000 mIsAcquired = 1  mTagName : SurfaceFlinger
09-25 13:19:22.324  4768  4843 I ViewRootImpl@caf13c5[dogglers]: performTraversals params={(0,0)(fillxfill) sim={adjust=pan} ty=APPLICATION_STARTING fmt=TRANSLUCENT wanim=0x1030001
09-25 13:19:22.324  4768  4843 I ViewRootImpl@caf13c5[dogglers]:   fl=81030118
09-25 13:19:22.324  4768  4843 I ViewRootImpl@caf13c5[dogglers]:   pfl=16000010
09-25 13:19:22.324  4768  4843 I ViewRootImpl@caf13c5[dogglers]:   bhv=DEFAULT
09-25 13:19:22.324  4768  4843 I ViewRootImpl@caf13c5[dogglers]:   fitSides= naviIconColor=0}
09-25 13:19:22.324 15715 18710 I WindowsLink: (TaskInfoManager) +++++++++++onRecentTaskStackUpdated
09-25 13:19:22.325  4768  4843 I ViewRootImpl@caf13c5[dogglers]: performTraversals mFirst=true windowShouldResize=true viewVisibilityChanged=false mForceNextWindowRelayout=false params={(0,0)(fillxfill) sim={adjust=pan} ty=APPLICATION_STARTING fmt=TRANSLUCENT wanim=0x1030001
09-25 13:19:22.325  4768  4843 I ViewRootImpl@caf13c5[dogglers]:   fl=81030118
09-25 13:19:22.325  4768  4843 I ViewRootImpl@caf13c5[dogglers]:   pfl=16000010
09-25 13:19:22.325  4768  4843 I ViewRootImpl@caf13c5[dogglers]:   bhv=DEFAULT
09-25 13:19:22.325  4768  4843 I ViewRootImpl@caf13c5[dogglers]:   fitSides= naviIconColor=0}
09-25 13:19:22.326  1914  4194 E NativeCustomFrequencyManager: [NativeCFMS] BpCustomFrequencyManager::acquire()
09-25 13:19:22.326  1809  1855 I HYPER-HAL: [RequestManager.cpp]acquire(): Acquired ID : 4248155  [1914 / 1000]    HINT : SF_GPU_MINLOCK    list : [TIMEOUT / 2000]
09-25 13:19:22.326  6586 25742 I SAMSUNGWALLET: [ProcessStatusChange] fg Change, pid : 5639 , isNotify : false , isForeground : true , fg list : []
09-25 13:19:22.327  3108  4074 V WindowManager: Relayout Window{1ffecb2 u0 Splash Screen com.example.dogglers}: viewVisibility=0 req=1440x3088 d0
09-25 13:19:22.327  6586 25742 I SAMSUNGWALLET: [Hint_ProcessStatusChange] fg Change, pid : 5639 , isNotify : false , isForeground : true , fg list : []
09-25 13:19:22.327  6586 25742 I SAMSUNGWALLET: [ProcessStatusChange] fg Change, pid : 5639 , isNotify : false , isForeground : true , fg list : []
09-25 13:19:22.327  1914  3199 I SurfaceFlinger: id=162161 createSurf, flag=40004, Splash Screen com.example.dogglers$_4768#162161
09-25 13:19:22.328  5639  5639 I DecorView: [INFO] isPopOver=false config=true
09-25 13:19:22.328  5639  5639 I DecorView: updateCaptionType: isFloating=false isApplication=true hasWindowDecorCaption=false this=DecorView@bf338e6[]
09-25 13:19:22.328  5639  5639 D DecorView: setCaptionType = 0, this = DecorView@bf338e6[]
09-25 13:19:22.329  5639  5639 I DecorView: getCurrentDensityDpi: from real metrics. densityDpi=560 msg=resources_loaded
09-25 13:19:22.329  5639  5639 I DecorView: setWindowBackground: isPopOver=false color=ff010101 d=android.graphics.drawable.StateListDrawable@9c97e27
09-25 13:19:22.329  5639  5639 D LifecycleMonitor: Lifecycle status change: androidx.test.core.app.InstrumentationActivityInvoker$BootstrapActivity@67aa84b in: CREATED
09-25 13:19:22.329  5639  5639 V ActivityScenario: Activity lifecycle changed event received but ignored because the intent does not match. startActivityIntent=Intent { act=android.intent.action.MAIN cat=[android.intent.category.LAUNCHER] cmp=com.example.dogglers/.MainActivity }, activity.getIntent()=Intent { act=android.intent.action.MAIN cat=[android.intent.category.LAUNCHER] flg=0x10008000 cmp=com.example.dogglers/androidx.test.core.app.InstrumentationActivityInvoker$BootstrapActivity (has extras) }, activity=androidx.test.core.app.InstrumentationActivityInvoker$BootstrapActivity@67aa84b
09-25 13:19:22.329  6586 25742 I SAMSUNGWALLET: [Hint_ProcessStatusChange] fg Change, pid : 5639 , isNotify : false , isForeground : true , fg list : []
09-25 13:19:22.329  6586 25742 I SAMSUNGWALLET: [ProcessStatusChange] fg Change, pid : 5639 , isNotify : false , isForeground : true , fg list : []
09-25 13:19:22.330  5639  5639 D LifecycleMonitor: Lifecycle status change: androidx.test.core.app.InstrumentationActivityInvoker$BootstrapActivity@67aa84b in: STARTED
09-25 13:19:22.330  5639  5639 V ActivityScenario: Activity lifecycle changed event received but ignored because the intent does not match. startActivityIntent=Intent { act=android.intent.action.MAIN cat=[android.intent.category.LAUNCHER] cmp=com.example.dogglers/.MainActivity }, activity.getIntent()=Intent { act=android.intent.action.MAIN cat=[android.intent.category.LAUNCHER] flg=0x10008000 cmp=com.example.dogglers/androidx.test.core.app.InstrumentationActivityInvoker$BootstrapActivity (has extras) }, activity=androidx.test.core.app.InstrumentationActivityInvoker$BootstrapActivity@67aa84b
09-25 13:19:22.330  1914  1914 D SurfaceFlinger: GPIS:: requestGPIS
09-25 13:19:22.331  3108  6493 D InputDispatcher: Focus request (0): <null> but waiting because NOT_FOCUSABLE
09-25 13:19:22.331  3108  6493 D InputDispatcher: Focus left window (0): c7375dc com.sec.android.app.launcher/com.sec.android.app.launcher.activities.LauncherActivity
09-25 13:19:22.331  5369  5369 I ViewRootImpl@7533534[LauncherActivity]: MSG_WINDOW_FOCUS_CHANGED 0 0
09-25 13:19:22.331  3108  4074 V WindowManager: Relayout hash=1ffecb2, pid=4768, syncId=-1: mAttrs={(0,0)(fillxfill) sim={adjust=pan} ty=APPLICATION_STARTING fmt=TRANSLUCENT wanim=0x1030001
09-25 13:19:22.331  3108  4074 V WindowManager:   fl=81030118
09-25 13:19:22.331  3108  4074 V WindowManager:   pfl=16000010
09-25 13:19:22.331  3108  4074 V WindowManager:   bhv=DEFAULT
09-25 13:19:22.331  3108  4074 V WindowManager:   fitSides= naviIconColor=0}
09-25 13:19:22.331  5369  5369 I BaseActivity: removeActivityFlags, flags : 8
09-25 13:19:22.332  4768  4843 D InsetsController: onStateChanged: InsetsState: {mDisplayFrame=Rect(0, 0 - 1440, 3088), mDisplayCutout=DisplayCutout{insets=Rect(0, 100 - 0, 0) waterfall=Insets{left=0, top=0, right=0, bottom=0} boundingRect={Bounds=[Rect(0, 0 - 0, 0), Rect(685, 0 - 756, 100), Rect(0, 0 - 0, 0), Rect(0, 0 - 0, 0)]} cutoutPathParserInfo={CutoutPathParserInfo{displayWidth=1440 displayHeight=3088 physicalDisplayWidth=1440 physicalDisplayHeight=3088 density={3.75} cutoutSpec={M 0,0 H -9.466666666666667 V 26.66666666666667‬ H 9.466666666666667 V 0 H 0 Z @dp} rotation={0} scale={1.0} physicalPixelDisplaySizeRatio={1.0}}}}, mRoundedCorners=RoundedCorners{[RoundedCorner{position=TopLeft, radius=14, center=Point(14, 14)}, RoundedCorner{position=TopRight, radius=14, center=Point(1426, 14)}, RoundedCorner{position=BottomRight, radius=14, center=Point(1426, 3074)}, RoundedCorner{position=BottomLeft, radius=14, center=Point(14, 3074)}]}  mRoundedCornerFrame=Rect(0, 0 - 1440, 3088), mPrivacyIndicatorBounds=PrivacyIndicatorBounds {static bounds=Rect(1286, 0 - 1440, 100) rotation=0}, mSources= { InsetsSource: {mType=ITYPE_STATUS_BAR, mFrame=[0,0][1440,100], mVisible=true, mInsetsRoundedCornerFrame=false}, InsetsSource: {mType=ITYPE_NAVIGATION_BAR, mFrame=[0,3088][1440,3088], mVisible=true, mInsetsRoundedCornerFrame=false}, InsetsSource: {mType=ITYPE_LEFT_GESTURES, mFrame=[0,0][0,3088], mVisible=true, mInsetsRoundedCornerFrame=false}, InsetsSource: {mType=ITYPE_RIGHT_GESTURES, mFrame=[1440,0][1440,3088], mVisible=true, mInsetsRoundedCornerFrame=false}, InsetsSource: {mType=ITYPE_TOP_MANDATORY_GESTURES, mFrame=[0,0][1440,142], mVisible=true, mInsetsRoundedCornerFrame=false}, InsetsSource: {mType=ITYPE_BOTTOM_MANDATORY_GESTURES, mFrame=[0,3018][1440,3088], mVisible=true, mInsetsRoundedCornerFrame=false}, InsetsSource: {mType=ITYPE_LEFT_DISPLAY_CUTOUT, mFrame=[0,0][-100000,3088], mVisible=true, mInsetsRoundedCornerFrame=false}, InsetsSource: {mType=ITYPE_TOP_DISPLAY_CUTOUT, mFrame=[0,0][1440,100], mVisible=true, mInsetsRoundedCornerFrame=false}, InsetsSource: {mType=ITYPE_RIGHT_DISPLAY_CUTOUT, mFrame=[100000,0][1440,3088], mVisible=true, mInsetsRoundedCornerFrame=false}, InsetsSource: {mType=ITYPE_BOTTOM_DISPLAY_CUTOUT, mFrame=[0,100000][1440,3088], mVisible=true, mInsetsRoundedCornerFrame=false}, InsetsSource: {mType=ITYPE_TOP_TAPPABLE_ELEMENT, mFrame=[0,0][1440,100], mVisible=true, mInsetsRoundedCornerFrame=false}, InsetsSource: {mType=ITYPE_BOTTOM_TAPPABLE_ELEMENT, mFrame=[0,0][0,0], mVisible=true, mInsetsRoundedCornerFrame=false}, InsetsSource: {mType=ITYPE_IME, mFrame=[0,0][0,0], mVisibleFrame=[0,3088][1440,3088], mVisible=false, mInsetsRoundedCornerFrame=false} } host=Splash Screen com.example.dogglers from=android.view.ViewRootImpl.relayoutWindow:9802
09-25 13:19:22.333  4768  4843 I ViewRootImpl@caf13c5[dogglers]: updateBlastSurfaceIfNeeded mBlastBufferQueue=null isSameSurfaceControl=false
09-25 13:19:22.333  1914  3199 I SurfaceFlinger: id=162162 createSurf, flag=80004, ActivityRecord{43566f1 u0 com.example.dogglers/.MainActivity} t7110}#162162
09-25 13:19:22.333  4768  4843 I BLASTBufferQueue: new BLASTBufferQueue, mName= ViewRootImpl@caf13c5[dogglers] mNativeObject= 0xb400007705019c80 sc.mNativeObject= 0xb400007721bd2b60 caller= android.view.ViewRootImpl.updateBlastSurfaceIfNeeded:2909 android.view.ViewRootImpl.relayoutWindow:9847 android.view.ViewRootImpl.performTraversals:3884 android.view.ViewRootImpl.doTraversal:3116 android.view.ViewRootImpl$TraversalRunnable.run:10885 android.view.Choreographer$CallbackRecord.run:1301 android.view.Choreographer$CallbackRecord.run:1309 android.view.Choreographer.doCallbacks:923 android.view.Choreographer.doFrame:852 android.view.Choreographer$FrameDisplayEventReceiver.run:1283
09-25 13:19:22.333  4768  4843 I BLASTBufferQueue: update, w= 1440 h= 3088 mName = ViewRootImpl@caf13c5[dogglers] mNativeObject= 0xb400007705019c80 sc.mNativeObject= 0xb400007721bd2b60 format= -3 caller= android.graphics.BLASTBufferQueue.<init>:84 android.view.ViewRootImpl.updateBlastSurfaceIfNeeded:2909 android.view.ViewRootImpl.relayoutWindow:9847 android.view.ViewRootImpl.performTraversals:3884 android.view.ViewRootImpl.doTraversal:3116 android.view.ViewRootImpl$TraversalRunnable.run:10885
09-25 13:19:22.333  4768  4843 I ViewRootImpl@caf13c5[dogglers]: Relayout returned: old=(0,0,1440,3088) new=(0,0,1440,3088) req=(1440,3088)0 dur=8 res=0x3 s={true 0xb400007700071000} ch=true seqId=0
09-25 13:19:22.333  4768  4843 I ViewRootImpl@caf13c5[dogglers]: performConfigurationChange setNightDimText nightDimLevel=0
09-25 13:19:22.334  4768  4843 I ViewRootImpl@caf13c5[dogglers]: mThreadedRenderer.initialize() mSurface={isValid=true 0xb400007700071000} hwInitialized=true
09-25 13:19:22.334  4768  4851 D OpenGLRenderer: eglCreateWindowSurface
09-25 13:19:22.337  5759  5759 E pageboostd: Received HALT command code 2
09-25 13:19:22.337  5639  5639 D LifecycleMonitor: Lifecycle status change: androidx.test.core.app.InstrumentationActivityInvoker$BootstrapActivity@67aa84b in: RESUMED
09-25 13:19:22.337  5639  5639 V ActivityScenario: Activity lifecycle changed event received but ignored because the intent does not match. startActivityIntent=Intent { act=android.intent.action.MAIN cat=[android.intent.category.LAUNCHER] cmp=com.example.dogglers/.MainActivity }, activity.getIntent()=Intent { act=android.intent.action.MAIN cat=[android.intent.category.LAUNCHER] flg=0x10008000 cmp=com.example.dogglers/androidx.test.core.app.InstrumentationActivityInvoker$BootstrapActivity (has extras) }, activity=androidx.test.core.app.InstrumentationActivityInvoker$BootstrapActivity@67aa84b
09-25 13:19:22.337  4768  4843 I ViewRootImpl@caf13c5[dogglers]: reportNextDraw android.view.ViewRootImpl.performTraversals:4438 android.view.ViewRootImpl.doTraversal:3116 android.view.ViewRootImpl$TraversalRunnable.run:10885 android.view.Choreographer$CallbackRecord.run:1301 android.view.Choreographer$CallbackRecord.run:1309
09-25 13:19:22.337  4768  4843 I ViewRootImpl@caf13c5[dogglers]: Setup new sync id=0
09-25 13:19:22.337  4768  4843 I ViewRootImpl@caf13c5[dogglers]: Setting syncFrameCallback
09-25 13:19:22.337  4768  4843 I ViewRootImpl@caf13c5[dogglers]: registerCallbacksForSync syncBuffer=false
09-25 13:19:22.338  5639  5639 D LifecycleMonitor: Lifecycle status change: androidx.test.core.app.InstrumentationActivityInvoker$BootstrapActivity@67aa84b in: PAUSED
09-25 13:19:22.338  5639  5639 V ActivityScenario: Activity lifecycle changed event received but ignored because the intent does not match. startActivityIntent=Intent { act=android.intent.action.MAIN cat=[android.intent.category.LAUNCHER] cmp=com.example.dogglers/.MainActivity }, activity.getIntent()=Intent { act=android.intent.action.MAIN cat=[android.intent.category.LAUNCHER] flg=0x10008000 cmp=com.example.dogglers/androidx.test.core.app.InstrumentationActivityInvoker$BootstrapActivity (has extras) }, activity=androidx.test.core.app.InstrumentationActivityInvoker$BootstrapActivity@67aa84b
09-25 13:19:22.339  5369  5369 I BadgeRenderer: Invalid count : 0
09-25 13:19:22.339  4768  4861 I ViewRootImpl@caf13c5[dogglers]: Received frameDrawingCallback syncResult=0 frameNum=1.
09-25 13:19:22.340  4768  4861 I ViewRootImpl@caf13c5[dogglers]: Setting up sync and frameCommitCallback
09-25 13:19:22.340  4768  4851 I BLASTBufferQueue: [ViewRootImpl@caf13c5[dogglers]#3970](f:0,a:0) onFrameAvailable the first frame is available
09-25 13:19:22.340  4768  4851 I ViewRootImpl@caf13c5[dogglers]: Received frameCommittedCallback lastAttemptedDrawFrameNum=1 didProduceBuffer=true
09-25 13:19:22.340  3108  4074 D InputDispatcher: Focused application(0): ActivityRecord{43566f1 u0 com.example.dogglers/.MainActivity} t7110}
09-25 13:19:22.342  3108 29076 D RemoteAppTaskWatcher:  ****** RemoteAppTaskWatcher: Message Received 5 Task ID = 0
09-25 13:19:22.342  4768  4851 D OpenGLRenderer: CFMS:: SetUp Pid : 4768    Tid : 4851
09-25 13:19:22.342  8130 22447 I [AirCmd]_ActivitySwitchDetector: onTaskFocusChanged : taskId 7110
09-25 13:19:22.346  4768  4843 I ViewRootImpl@caf13c5[dogglers]: onSyncComplete
09-25 13:19:22.347  4768  4843 I ViewRootImpl@caf13c5[dogglers]: setupSync seqId=0 mSyncId=0 fn=1 caller=android.view.ViewRootImpl$$ExternalSyntheticLambda11.accept:6 android.window.SurfaceSyncer.lambda$setupSync$1$android-window-SurfaceSyncer:128 android.window.SurfaceSyncer$$ExternalSyntheticLambda1.accept:8 android.window.SurfaceSyncer$SyncSet.checkIfSyncIsComplete:382 android.window.SurfaceSyncer$SyncSet.markSyncReady:359 android.window.SurfaceSyncer.markSyncReady:151 android.view.ViewRootImpl.performTraversals:4503
09-25 13:19:22.347  4768  4843 I ViewRootImpl@caf13c5[dogglers]: reportDrawFinished seqId=0 mSyncId=-1 fn=1 mSurfaceChangedTransaction=0xb4000076e571ff00
09-25 13:19:22.350  5639  5639 D LifecycleMonitor: Lifecycle status change: com.example.dogglers.MainActivity@8105e6c in: PRE_ON_CREATE
09-25 13:19:22.350  5639  5639 V ActivityScenario: Activity lifecycle changed event received but ignored because the reported transition was not ON_CREATE while the last known transition was PRE_ON_CREATE
09-25 13:19:22.351  8130 22447 I [AirCmd]_ActivitySwitchDetector: onTaskFocusChanged : componentName - ComponentInfo{com.example.dogglers/com.example.dogglers.MainActivity}
09-25 13:19:22.351  8130 22447 I [AirCmd]_ActivitySwitchDetector: onTaskFocusChanged : mTopMostActivity - ComponentInfo{com.sec.android.app.launcher/com.android.launcher3.uioverrides.QuickstepLauncher}
09-25 13:19:22.352  8130 22447 I [AirCmd]_CallbackRepeater: stopRepeat : isWorking=false
09-25 13:19:22.352  8130 22447 I [AirCmd]_MediaControlStateMonitor: isForegroundAppSupportsMediaButton : mediaSession is empty
09-25 13:19:22.352  8130 22447 I [AirCmd]_MediaControlStateMonitor: active Notification List is null
09-25 13:19:22.352  8130 22447 I [AirCmd]_RemoteSpenMainController: hasGeneralAction : packageName is com.example.dogglers, activityName is com.example.dogglers.MainActivity, hasActions is false
09-25 13:19:22.352  8130 22447 I [AirCmd]_CameraAvailabilityMonitor: isCameraPreviewOn : mIsCameraPreviewOn is false
09-25 13:19:22.354  1914  3199 I SurfaceFlinger: id=162163 createSurf, flag=24000, Surface(name=Task=1)/@0xeddbc98 - animation-leash of app_transition#162163
09-25 13:19:22.354  3108  3230 D EnterpriseDeviceManagerService: isMdmAdminPresentInternal() : MDM Admin Found - com.samsung.knox.securefolder
09-25 13:19:22.357  5639  5639 I DecorView: [INFO] isPopOver=false config=true
09-25 13:19:22.357  5639  5639 I DecorView: updateCaptionType: isFloating=false isApplication=true hasWindowDecorCaption=false this=DecorView@3de5f39[]
09-25 13:19:22.357  5639  5639 D DecorView: setCaptionType = 0, this = DecorView@3de5f39[]
09-25 13:19:22.357  5639  5639 I DecorView: getCurrentDensityDpi: from real metrics. densityDpi=560 msg=resources_loaded
09-25 13:19:22.357  5639  5639 I DecorView: setWindowBackground: isPopOver=false color=ff121212 d=android.graphics.drawable.ColorDrawable@36b6edf
09-25 13:19:22.359  1914  2139 I SurfaceFlinger: id=162164 createSurf, flag=24004, Surface(name=Task=7110)/@0xce4ee74 - animation-leash of app_transition#162164
09-25 13:19:22.359 15715 18710 I WindowsLink: (TaskInfoManager) +++++++++++onRecentTaskStackUpdated
09-25 13:19:22.360  5639  5639 D LifecycleMonitor: Lifecycle status change: com.example.dogglers.MainActivity@8105e6c in: CREATED
09-25 13:19:22.360  5639  5639 V ActivityScenario: Update currentActivityStage to CREATED, currentActivity=com.example.dogglers.MainActivity@8105e6c
09-25 13:19:22.361  5639  5639 D LifecycleMonitor: Lifecycle status change: com.example.dogglers.MainActivity@8105e6c in: STARTED
09-25 13:19:22.361  5639  5639 V ActivityScenario: Update currentActivityStage to STARTED, currentActivity=com.example.dogglers.MainActivity@8105e6c
09-25 13:19:22.361  5639  5639 D LifecycleMonitor: Lifecycle status change: com.example.dogglers.MainActivity@8105e6c in: RESUMED
09-25 13:19:22.361  5639  5639 V ActivityScenario: Update currentActivityStage to RESUMED, currentActivity=com.example.dogglers.MainActivity@8105e6c
09-25 13:19:22.361  5639  5639 I MSHandlerLifeCycle: check: return. pkg=com.example.dogglers parent=null callers=com.android.internal.policy.DecorView.setVisibility:4412 android.app.ActivityThread.handleResumeActivity:5476 android.app.servertransaction.ResumeActivityItem.execute:54 android.app.servertransaction.ActivityTransactionItem.execute:45 android.app.servertransaction.TransactionExecutor.executeLifecycleState:176
09-25 13:19:22.361  5639  5639 I MSHandlerLifeCycle: removeMultiSplitHandler: no exist. decor=DecorView@3de5f39[]
09-25 13:19:22.362  4768  5806 I ViewRootImpl@caf13c5[dogglers]: Resizing android.view.ViewRootImpl@6d6b4e6: frame = [0,0][1440,3088] reportDraw = false forceLayout = false syncSeqId = 0
09-25 13:19:22.362  4768  4843 I ViewRootImpl@caf13c5[dogglers]: handleResized, msg = 4 frames=ClientWindowFrames{frame=[0,0][1440,3088] display=[0,0][1440,3088] parentFrame=[0,0][0,0] parentClippedByDisplayCutout=false} forceNextWindowRelayout=false displayId=0 resizeMode=-1 frameChanged=false displayFrameChanged=false configChanged=false displayChanged=false
09-25 13:19:22.363  5639  5729 D NativeCustomFrequencyManager: [NativeCFMS] BpCustomFrequencyManager::BpCustomFrequencyManager()
09-25 13:19:22.363  1914  3199 I SurfaceFlinger: id=162165 createSurf, flag=80000, 5882c5a ActivityRecordInputSink com.example.dogglers/androidx.test.core.app.InstrumentationActivityInvoker$BootstrapActivity#162165
09-25 13:19:22.366  1914  2140 I SurfaceFlinger: id=162166 createSurf, flag=80000, d317e98 ActivityRecordInputSink com.example.dogglers/.MainActivity#162166
09-25 13:19:22.368  4768  4838 D Bubbles : onLocusVisibilityChanged: LocusId[17_chars] visible=false
09-25 13:19:22.368  8130 22447 I [AirCmd]_CameraAvailabilityMonitor: isCameraPreviewOn : mIsCameraPreviewOn is false
09-25 13:19:22.369  3108  4923 D InputTransport: Input channel constructed: '2a1efe3', fd=1293
09-25 13:19:22.369  3108  4923 D InputTransport: Input channel constructed: '2a1efe3', fd=1308
09-25 13:19:22.369  3108  4923 D InputTransport: Input channel constructed: '2a1efe3', fd=1309
09-25 13:19:22.369  1914  2140 I SurfaceFlinger: id=162167 createSurf, flag=80004, 2a1efe3 com.example.dogglers/com.example.dogglers.MainActivity#162167
09-25 13:19:22.370  3108  4923 D InputTransport: Input channel destroyed: '2a1efe3', fd=1309
09-25 13:19:22.371  5639  5639 D InsetsController: onStateChanged: InsetsState: {mDisplayFrame=Rect(0, 0 - 1440, 3088), mDisplayCutout=DisplayCutout{insets=Rect(0, 100 - 0, 0) waterfall=Insets{left=0, top=0, right=0, bottom=0} boundingRect={Bounds=[Rect(0, 0 - 0, 0), Rect(685, 0 - 756, 100), Rect(0, 0 - 0, 0), Rect(0, 0 - 0, 0)]} cutoutPathParserInfo={CutoutPathParserInfo{displayWidth=1440 displayHeight=3088 physicalDisplayWidth=1440 physicalDisplayHeight=3088 density={3.75} cutoutSpec={M 0,0 H -9.466666666666667 V 26.66666666666667‬ H 9.466666666666667 V 0 H 0 Z @dp} rotation={0} scale={1.0} physicalPixelDisplaySizeRatio={1.0}}}}, mRoundedCorners=RoundedCorners{[RoundedCorner{position=TopLeft, radius=14, center=Point(14, 14)}, RoundedCorner{position=TopRight, radius=14, center=Point(1426, 14)}, RoundedCorner{position=BottomRight, radius=14, center=Point(1426, 3074)}, RoundedCorner{position=BottomLeft, radius=14, center=Point(14, 3074)}]}  mRoundedCornerFrame=Rect(0, 0 - 1440, 3088), mPrivacyIndicatorBounds=PrivacyIndicatorBounds {static bounds=Rect(1286, 0 - 1440, 100) rotation=0}, mSources= { InsetsSource: {mType=ITYPE_STATUS_BAR, mFrame=[0,0][1440,100], mVisible=true, mInsetsRoundedCornerFrame=false}, InsetsSource: {mType=ITYPE_NAVIGATION_BAR, mFrame=[0,3088][1440,3088], mVisible=true, mInsetsRoundedCornerFrame=false}, InsetsSource: {mType=ITYPE_LEFT_GESTURES, mFrame=[0,0][0,3088], mVisible=true, mInsetsRoundedCornerFrame=false}, InsetsSource: {mType=ITYPE_RIGHT_GESTURES, mFrame=[1440,0][1440,3088], mVisible=true, mInsetsRoundedCornerFrame=false}, InsetsSource: {mType=ITYPE_TOP_MANDATORY_GESTURES, mFrame=[0,0][1440,142], mVisible=true, mInsetsRoundedCornerFrame=false}, InsetsSource: {mType=ITYPE_BOTTOM_MANDATORY_GESTURES, mFrame=[0,3018][1440,3088], mVisible=true, mInsetsRoundedCornerFrame=false}, InsetsSource: {mType=ITYPE_LEFT_DISPLAY_CUTOUT, mFrame=[0,0][-100000,3088], mVisible=true, mInsetsRoundedCornerFrame=false}, InsetsSource: {mType=ITYPE_TOP_DISPLAY_CUTOUT, mFrame=[0,0][1440,100], mVisible=true, mInsetsRoundedCornerFrame=false}, InsetsSource: {mType=ITYPE_RIGHT_DISPLAY_CUTOUT, mFrame=[100000,0][1440,3088], mVisible=true, mInsetsRoundedCornerFrame=false}, InsetsSource: {mType=ITYPE_BOTTOM_DISPLAY_CUTOUT, mFrame=[0,100000][1440,3088], mVisible=true, mInsetsRoundedCornerFrame=false}, InsetsSource: {mType=ITYPE_TOP_TAPPABLE_ELEMENT, mFrame=[0,0][1440,100], mVisible=true, mInsetsRoundedCornerFrame=false}, InsetsSource: {mType=ITYPE_BOTTOM_TAPPABLE_ELEMENT, mFrame=[0,0][0,0], mVisible=true, mInsetsRoundedCornerFrame=false}, InsetsSource: {mType=ITYPE_IME, mFrame=[0,0][0,0], mVisibleFrame=[0,3088][1440,3088], mVisible=false, mInsetsRoundedCornerFrame=false} } host=com.example.dogglers/com.example.dogglers.MainActivity from=android.view.ViewRootImpl.setView:1732
09-25 13:19:22.371  1914  1914 I Layer   : Layer [Splash Screen com.example.dogglers$_4768#162161] hidden!! flag(0)
09-25 13:19:22.374  8130 22447 I [AirCmd]_MediaControlStateMonitor: isForegroundAppSupportsMediaButton : mediaSession is empty
09-25 13:19:22.374  5639  5639 I ViewRootImpl@8ebde2e[MainActivity]: setView = com.android.internal.policy.DecorView@3de5f39 TM=true
09-25 13:19:22.374  8130 22447 I [AirCmd]_MediaControlStateMonitor: active Notification List is null
09-25 13:19:22.374  8130 22447 I [AirCmd]_PenActionRule: getAction : get default action data from remote action because pen action data is null.
09-25 13:19:22.374  5639  5639 I MSHandlerLifeCycle: removeMultiSplitHandler: no exist. decor=DecorView@3de5f39[MainActivity]
09-25 13:19:22.374  8130 22447 I [AirCmd]_ButtonActionDetector: enableDoubleClickDetection: enabled=true, doubleClickWaitInterval=300
09-25 13:19:22.374  8130 22447 I [AirCmd]_RemoteSpenMainController: onSwitch : package is com.example.dogglers   and activity is com.example.dogglers.MainActivity and isBleConnected is false and hasActions is false
09-25 13:19:22.375  3108  3338 D AnalyticsContainerHandler: handleMessage : { when=0 what=1 target=com.android.server.knox.KnoxAnalyticsContainer$AnalyticsHandler }
09-25 13:19:22.375  8423  8423 I ActivityUtils: HomePackage : com.sec.android.app.launcher, resumePackageName : com.example.dogglers
09-25 13:19:22.376  3108  6142 I MediaSessionMonitor: Media session stopped : controllerList empty
09-25 13:19:22.378  5639  5639 I ViewRootImpl@8ebde2e[MainActivity]: performTraversals params={(0,0)(fillxfill) sim={adjust=pan forwardNavigation} ty=BASE_APPLICATION wanim=0x1030309
09-25 13:19:22.378  5639  5639 I ViewRootImpl@8ebde2e[MainActivity]:   fl=81810100
09-25 13:19:22.378  5639  5639 I ViewRootImpl@8ebde2e[MainActivity]:   pfl=12020040
09-25 13:19:22.378  5639  5639 I ViewRootImpl@8ebde2e[MainActivity]:   bhv=DEFAULT
09-25 13:19:22.378  5639  5639 I ViewRootImpl@8ebde2e[MainActivity]:   fitSides= naviIconColor=0}
09-25 13:19:22.378  5639  5639 I ViewRootImpl@8ebde2e[MainActivity]: performTraversals mFirst=true windowShouldResize=true viewVisibilityChanged=false mForceNextWindowRelayout=false params={(0,0)(fillxfill) sim={adjust=pan forwardNavigation} ty=BASE_APPLICATION wanim=0x1030309
09-25 13:19:22.378  5639  5639 I ViewRootImpl@8ebde2e[MainActivity]:   fl=81810100
09-25 13:19:22.378  5639  5639 I ViewRootImpl@8ebde2e[MainActivity]:   pfl=12020040
09-25 13:19:22.378  5639  5639 I ViewRootImpl@8ebde2e[MainActivity]:   bhv=DEFAULT
09-25 13:19:22.378  5639  5639 I ViewRootImpl@8ebde2e[MainActivity]:   fitSides= naviIconColor=0}
09-25 13:19:22.378  3108  6472 V WindowManager: Relayout Window{2a1efe3 u0 com.example.dogglers/com.example.dogglers.MainActivity}: viewVisibility=0 req=1440x3088 d0
09-25 13:19:22.379  1914  2140 I SurfaceFlinger: id=162168 createSurf, flag=40004, com.example.dogglers/com.example.dogglers.MainActivity$_5639#162168
09-25 13:19:22.382  1914  1914 D SurfaceFlinger: Display 4630947093241269891 HWC layers:
09-25 13:19:22.382  1914  1914 D SurfaceFlinger:      CLIENT | 0xb400007af6c13480 | 0100 | RGBx_8888    |  592.0    0.0 1628.0 2220.0 |    0    0 1440 3088 | Wallpaper BBQ wrapper#90
09-25 13:19:22.382  1914  1914 D SurfaceFlinger:      CLIENT | 0xb400007af6c11480 | 0100 | RGBA_8888    |    0.0    0.0 1440.0 3088.0 |    0    0 1440 3088 | com.sec.android.app.launcher/com.sec[...]rActivity$_5369#162113 (blurRegions)
09-25 13:19:22.382  1914  1914 D SurfaceFlinger:      DEVICE | 0xb400007aeb125200 | 0100 | RGBA_8888    |    0.0    0.0 1440.0 3088.0 |  105  225 1335 2863 | Splash Screen com.example.dogglers$_4768#162161
09-25 13:19:22.382  1914  1914 D SurfaceFlinger:      DEVICE | 0xb400007af6c14880 | 0100 | RGBA_8888    |    0.0    0.0 1440.0  100.0 |    0    0 1440  100 | StatusBar$_4768#95
09-25 13:19:22.382  1914  1914 D SurfaceFlinger:      DEVICE | 0xb400007af8705400 | 0100 | RGBA_8888    |    0.0    0.0   67.0  589.0 |    0  562   67 1151 | com.samsung.android.app.cocktailbars[...]vice.CocktailBarService$_8423#156853
09-25 13:19:22.382  1914  1914 D SurfaceFlinger:      DEVICE | 0xb400007af8705500 | 0100 | RGBA_8888    |    0.0    0.0  518.0   48.0 |  922 3040 1440 3088 | SGestureOverlayWindow$_5369#156268
09-25 13:19:22.382  1914  1914 D SurfaceFlinger:      DEVICE | 0xb400007af6c15880 | 0100 | RGBA
09-25 13:19:22.382  1914  1914 D SurfaceFlinger: _8888    |    0.0    0.0 1440.0  168.0 |    0 2920 1440 3088 | NavigationBar0$_4768#92
09-25 13:19:22.382  1914  1914 D SurfaceFlinger:
09-25 13:19:22.383  1914  4196 I SurfaceFlinger: id=162169 createSurf, flag=24000, Surface(name=4eb27f5 StatusBar)/@0x43fa543 - animation-leash of insets_animation#162169
09-25 13:19:22.386  1914  4196 I SurfaceFlinger: id=162170 createSurf, flag=24000, Surface(name=d110b4c NavigationBar0)/@0x8bdb781 - animation-leash of insets_animation#162170
09-25 13:19:22.386  5369 18817 I TouchInteractionService: onSystemUiStateChanged, stateFlags : 131120 |a11y_click|a11y_long_click|allow_gesture|
09-25 13:19:22.386  5369  5369 I RecentsAnimationDeviceState: setSystemUiFlags, stateFlags : 131120
09-25 13:19:22.386  3108  6472 V WindowManager: Relayout hash=2a1efe3, pid=5639, syncId=-1: mAttrs={(0,0)(fillxfill) sim={adjust=pan forwardNavigation} ty=BASE_APPLICATION wanim=0x1030309
09-25 13:19:22.386  3108  6472 V WindowManager:   fl=81810100
09-25 13:19:22.386  3108  6472 V WindowManager:   pfl=12020040
09-25 13:19:22.386  3108  6472 V WindowManager:   bhv=DEFAULT
09-25 13:19:22.386  3108  6472 V WindowManager:   fitSides= naviIconColor=0}
09-25 13:19:22.386  5369  5369 W SGestureOverlayWindow: setVisibilityGestureOverlayWindow, visibility = 0
09-25 13:19:22.386  5369  5369 I TouchInteractionService: onSystemUiFlagsChanged, lastSysUIFlags : 48
09-25 13:19:22.387  3108  3230 I SemPersonaManager: SecureFolder personaId = 150
09-25 13:19:22.387  5639  5639 I ViewRootImpl@8ebde2e[MainActivity]: updateBlastSurfaceIfNeeded mBlastBufferQueue=null isSameSurfaceControl=false
09-25 13:19:22.388  5639  5639 I BLASTBufferQueue: new BLASTBufferQueue, mName= ViewRootImpl@8ebde2e[MainActivity] mNativeObject= 0xb4000077a1041880 sc.mNativeObject= 0xb4000077b1d446e0 caller= android.view.ViewRootImpl.updateBlastSurfaceIfNeeded:2909 android.view.ViewRootImpl.relayoutWindow:9847 android.view.ViewRootImpl.performTraversals:3884 android.view.ViewRootImpl.doTraversal:3116 android.view.ViewRootImpl$TraversalRunnable.run:10885 android.view.Choreographer$CallbackRecord.run:1301 android.view.Choreographer$CallbackRecord.run:1309 android.view.Choreographer.doCallbacks:923 android.view.Choreographer.doFrame:852 android.view.Choreographer$FrameDisplayEventReceiver.run:1283
09-25 13:19:22.388  5639  5639 I BLASTBufferQueue: update, w= 1440 h= 3088 mName = ViewRootImpl@8ebde2e[MainActivity] mNativeObject= 0xb4000077a1041880 sc.mNativeObject= 0xb4000077b1d446e0 format= -1 caller= android.graphics.BLASTBufferQueue.<init>:84 android.view.ViewRootImpl.updateBlastSurfaceIfNeeded:2909 android.view.ViewRootImpl.relayoutWindow:9847 android.view.ViewRootImpl.performTraversals:3884 android.view.ViewRootImpl.doTraversal:3116 android.view.ViewRootImpl$TraversalRunnable.run:10885
09-25 13:19:22.388  5639  5639 I ViewRootImpl@8ebde2e[MainActivity]: Relayout returned: old=(0,0,1440,3088) new=(0,0,1440,3088) req=(1440,3088)0 dur=9 res=0x3 s={true 0xb400007734837800} ch=true seqId=0
09-25 13:19:22.388  5639  5639 I ViewRootImpl@8ebde2e[MainActivity]: performConfigurationChange setNightDimText nightDimLevel=0
09-25 13:19:22.388  5639  5639 I ViewRootImpl@8ebde2e[MainActivity]: mThreadedRenderer.initialize() mSurface={isValid=true 0xb400007734837800} hwInitialized=true
09-25 13:19:22.388  5639  5729 D OpenGLRenderer: eglCreateWindowSurface
09-25 13:19:22.391  5639  5639 I ViewRootImpl@8ebde2e[MainActivity]: reportNextDraw android.view.ViewRootImpl.performTraversals:4438 android.view.ViewRootImpl.doTraversal:3116 android.view.ViewRootImpl$TraversalRunnable.run:10885 android.view.Choreographer$CallbackRecord.run:1301 android.view.Choreographer$CallbackRecord.run:1309
09-25 13:19:22.391  5639  5639 I ViewRootImpl@8ebde2e[MainActivity]: Setup new sync id=0
09-25 13:19:22.391  5639  5639 I ViewRootImpl@8ebde2e[MainActivity]: Setting syncFrameCallback
09-25 13:19:22.391  5639  5639 I ViewRootImpl@8ebde2e[MainActivity]: registerCallbacksForSync syncBuffer=false
09-25 13:19:22.392  3108  3230 D EnterpriseDeviceManagerService: isMdmAdminPresentInternal() : MDM Admin Found - com.samsung.knox.securefolder
09-25 13:19:22.394  5639  5772 I ViewRootImpl@8ebde2e[MainActivity]: Received frameDrawingCallback syncResult=0 frameNum=1.
09-25 13:19:22.394  5639  5772 I ViewRootImpl@8ebde2e[MainActivity]: Setting up sync and frameCommitCallback
09-25 13:19:22.395  5639  5729 I BLASTBufferQueue: [ViewRootImpl@8ebde2e[MainActivity]#18](f:0,a:0) onFrameAvailable the first frame is available
09-25 13:19:22.395  5639  5729 I ViewRootImpl@8ebde2e[MainActivity]: Received frameCommittedCallback lastAttemptedDrawFrameNum=1 didProduceBuffer=true
09-25 13:19:22.396  3108  6142 I MediaSessionMonitor: Media session stopped : controllerList empty
09-25 13:19:22.396  5639  5729 D OpenGLRenderer: CFMS:: SetUp Pid : 5639    Tid : 5729
09-25 13:19:22.396  1914  1914 I Layer   : id=162154 removedFromDrawingState Surface(name=4eb27f5 StatusBar)/@0x43fa543 - animation-leash of insets_animation#162154 (336)
09-25 13:19:22.396  1914  1914 I SurfaceFlinger: [2a1efe3 com.example.dogglers/com.example.dogglers.MainActivity#162167] FrameRatePriority: 1
09-25 13:19:22.396  1914  1914 I Layer   : id=162155 removedFromDrawingState Surface(name=d110b4c NavigationBar0)/@0x8bdb781 - animation-leash of insets_animation#162155 (336)
09-25 13:19:22.397  1914  1914 I SurfaceFlinger: id=162154 Removed Surface(name=4eb27f5 StatusBar)/@0x43fa543 - animation-leash of insets_animation#162154 (336)
09-25 13:19:22.397  1914  1914 I SurfaceFlinger: id=162155 Removed Surface(name=d110b4c NavigationBar0)/@0x8bdb781 - animation-leash of insets_animation#162155 (336)
09-25 13:19:22.397  1914  1914 I Layer   : id=162154 Destroyed Surface(name=4eb27f5 StatusBar)/@0x43fa543 - animation-leash of insets_animation#162154
09-25 13:19:22.397  1914  1914 I Layer   : id=162155 Destroyed Surface(name=d110b4c NavigationBar0)/@0x8bdb781 - animation-leash of insets_animation#162155
09-25 13:19:22.398  8423  8423 I ActivityUtils: HomePackage : com.sec.android.app.launcher, resumePackageName : com.example.dogglers
09-25 13:19:22.400  3108  6472 D InputDispatcher: Focus request (0): 2a1efe3 com.example.dogglers/com.example.dogglers.MainActivity but waiting because NO_WINDOW
09-25 13:19:22.400  5639  5639 I ViewRootImpl@8ebde2e[MainActivity]: onSyncComplete
09-25 13:19:22.401  5639  5639 I ViewRootImpl@8ebde2e[MainActivity]: setupSync seqId=0 mSyncId=0 fn=1 caller=android.view.ViewRootImpl$$ExternalSyntheticLambda11.accept:6 android.window.SurfaceSyncer.lambda$setupSync$1$android-window-SurfaceSyncer:128 android.window.SurfaceSyncer$$ExternalSyntheticLambda1.accept:8 android.window.SurfaceSyncer$SyncSet.checkIfSyncIsComplete:382 android.window.SurfaceSyncer$SyncSet.markSyncReady:359 android.window.SurfaceSyncer.markSyncReady:151 android.view.ViewRootImpl.performTraversals:4503
09-25 13:19:22.401  5639  5639 I ViewRootImpl@8ebde2e[MainActivity]: reportDrawFinished seqId=0 mSyncId=-1 fn=1 mSurfaceChangedTransaction=0xb4000077345cff00
09-25 13:19:22.404  3108  3227 W ziparchive: Unable to open '/data/app/~~ATcZRD0F-LmHTuxfrkuUPg==/com.example.dogglers-ejGvQ7nyEoA-Sr0nwgcZYw==/base.dm': No such file or directory
09-25 13:19:22.404  5639  5639 D RootViewPicker: Root not ready - waiting: 10ms for one to appear.
09-25 13:19:22.404  3108  3227 I PkgPredictorService-SecIpmManagerServiceImpl: reportToNAP uid:10577 com.example.dogglers/com.example.dogglers.MainActivity thisTime:105
09-25 13:19:22.404  1914  2139 I SurfaceFlinger: id=162171 createSurf, flag=24000, Surface(name=2a1efe3 com.example.dogglers/com.example.dogglers.MainActivity)/@0x58d7dc5 - animation-leash of starting_reveal#162171
09-25 13:19:22.405  1914  1914 I Layer   : Layer [com.example.dogglers/com.example.dogglers.MainActivity$_5639#162168] hidden!! flag(0)
09-25 13:19:22.408  3108  3227 I ActivityTaskManager: Displayed com.example.dogglers/.MainActivity: +105ms
09-25 13:19:22.408  5759  5759 E pageboostd: Received HALT command code 2
09-25 13:19:22.408  1914  1914 D SurfaceFlinger: Display 4630947093241269891 HWC layers:
09-25 13:19:22.408  1914  1914 D SurfaceFlinger:      CLIENT | 0xb400007af6c13480 | 0100 | RGBx_8888    |  592.0    0.0 1628.0 2220.0 |    0    0 1440 3088 | Wallpaper BBQ wrapper#90
09-25 13:19:22.408  1914  1914 D SurfaceFlinger:      CLIENT | 0xb400007af6c11480 | 0100 | RGBA_8888    |    0.0    0.0 1440.0 3088.0 |    0    0 1440 3088 | com.sec.android.app.launcher/com.sec[...]rActivity$_5369#162113 (blurRegions)
09-25 13:19:22.408  1914  1914 D SurfaceFlinger:      DEVICE | 0xb400007af86ec900 | 0102 | RGBA_8888    |    0.0    0.0 1440.0 3088.0 |   89  191 1351 2897 | com.example.dogglers/com.example.dogglers.MainActivity$_5639#162168
09-25 13:19:22.408  1914  1914 D SurfaceFlinger:      DEVICE | 0xb400007aeb125200 | 0100 | RGBA_8888    |    0.0    0.0 1440.0 3088.0 |   89  191 1351 2897 | Splash Screen com.example.dogglers$_4768#162161
09-25 13:19:22.408  1914  1914 D SurfaceFlinger:      DEVICE | 0xb400007af6c14880 | 0100 | RGBA_8888    |    0.0    0.0 1440.0  100.0 |    0    0 1440  100 | StatusBar$_4768#95
09-25 13:19:22.408  1914  1914 D SurfaceFlinger:      DEVICE | 0xb400007af8705400 | 0100 | RGBA_8888    |    0.0    0.0   67.0  589.0 |    0  562   67 1151 | com.samsung.android.app.cocktailbars[...]vice.CocktailBarService$_8423#156853
09-25 13:19:22.408  1914  1914 D SurfaceFlinger:      DEVICE |
09-25 13:19:22.408  1914  1914 D SurfaceFlinger:  0xb400007af8705500 | 0100 | RGBA_8888    |    0.0    0.0  518.0   48.0 |  922 3040 1440 3088 | SGestureOverlayWindow$_5369#156268
09-25 13:19:22.408  1914  1914 D SurfaceFlinger:      DEVICE | 0xb400007af6c15880 | 0100 | RGBA_8888    |    0.0    0.0 1440.0  168.0 |    0 2920 1440 3088 | NavigationBar0$_4768#92
09-25 13:19:22.408  1914  1914 D SurfaceFlinger:
09-25 13:19:22.409  3108  6493 D InputDispatcher: Focus entered window (0): 2a1efe3 com.example.dogglers/com.example.dogglers.MainActivity
09-25 13:19:22.410  5639  5639 I ViewRootImpl@8ebde2e[MainActivity]: MSG_WINDOW_FOCUS_CHANGED 1 0
09-25 13:19:22.410  5639  5639 I ViewRootImpl@8ebde2e[MainActivity]: mThreadedRenderer.initializeIfNeeded()#2 mSurface={isValid=true 0xb400007734837800}
09-25 13:19:22.410  5639  5639 D InputMethodManager: startInputInner - Id : 0
09-25 13:19:22.410  5639  5639 I InputMethodManager: startInputInner - mService.startInputOrWindowGainedFocus
09-25 13:19:22.411  3108  8626 I SemDvfsHyPerManager: acquire hyper - AMS_RESUME_TAIL/3108@20, type = -999
09-25 13:19:22.411  3108  8626 I SemDvfsHyPerManager: acquire hyper - AMS_ACT_LAZY/3108@21, type = -999
09-25 13:19:22.411  1809  1855 I HYPER-HAL: [RequestManager.cpp]acquire(): Acquired ID : 4893776  [3108 / 20]    HINT : AMS_RESUME_TAIL    list :
09-25 13:19:22.412  3108  6493 D InputMethodManagerService: DESKTOP MODE! : 2
09-25 13:19:22.412  3108  6493 D InputMethodManagerService: NOT IN KNOX DESKTOP MODE!
09-25 13:19:22.412  3108  6493 V InputMethodManagerService: getDisplayIdOfInputMethodWindowToBeAdded: displayId=0
09-25 13:19:22.412  3108  6493 D InputMethodManagerService: isImeSwitcherDisabledPackage : false
09-25 13:19:22.412  3108  6493 D InputMethodManagerService: checkDisplayOfStartInputAndUpdateKeyboard: displayId=0, mFocusedDisplayId=0
09-25 13:19:22.412  3108  6493 D InputTransport: Input channel constructed: 'ClientS', fd=1332
09-25 13:19:22.412  3108  6493 D InputTransport: Input channel destroyed: 'ClientS', fd=1332
