09-25 13:19:29.289  1914  1914 I Layer   : id=162414 Destroyed Surface(name=Task=1)/@0xeddbc98 - animation-leash of app_transition#162414
09-25 13:19:29.289  1914  1914 I Layer   : id=162456 Destroyed Surface(name=WallpaperWindowToken{6241e01 token=android.os.Binder@ab19d0b})/@0xf3e0a44 - animation-leash of window_animation#162456
09-25 13:19:29.289  1914  1914 I Layer   : id=162455 Destroyed Surface(name=Task=1)/@0xeddbc98 - animation-leash of app_transition#162455
09-25 13:19:29.289  1914  1914 I Layer   : id=162413 Destroyed Surface(name=Task=7116)/@0x2816694 - animation-leash of app_transition#162413
09-25 13:19:29.289  1914  1914 I Layer   : id=162415 Destroyed Surface(name=WallpaperWindowToken{6241e01 token=android.os.Binder@ab19d0b})/@0xf3e0a44 - animation-leash of window_animation#162415
09-25 13:19:29.289  5369  5369 I Launcher.AppsViewCellLayout: com.android.homescreen.apptray.AppsViewCellLayout{118f2a4 V.ED..... ........ 15341,100-16679,2951}[a=1.0,v=0,sId=11] setAlpha : 1.0
09-25 13:19:29.290  5369  5583 I ViewRootImpl@7533534[LauncherActivity]: mWNT: t=0xb40000774cd2b900 mBlastBufferQueue=0xb400007720986880 fn= 53 caller= com.android.systemui.shared.launcher.ViewRootImplCompat.mergeWithNextTransaction:2 com.android.quickstep.util.SurfaceTransactionApplier.lambda$scheduleApply$0:2 com.android.quickstep.util.SurfaceTransactionApplier.b:0
09-25 13:19:29.297  5369  5369 I Launcher.AppsViewCellLayout: com.android.homescreen.apptray.AppsViewCellLayout{118f2a4 V.ED..... ........ 15341,100-16679,2951}[a=1.0,v=0,sId=11] setAlpha : 1.0
09-25 13:19:29.298  5369  5584 I ViewRootImpl@7533534[LauncherActivity]: mWNT: t=0xb4000077be95d900 mBlastBufferQueue=0xb400007720986880 fn= 54 caller= com.android.systemui.shared.launcher.ViewRootImplCompat.mergeWithNextTransaction:2 com.android.quickstep.util.SurfaceTransactionApplier.lambda$scheduleApply$0:2 com.android.quickstep.util.SurfaceTransactionApplier.b:0
09-25 13:19:29.299  5369 18817 I RecentModel: onTaskStackChangedBackground
09-25 13:19:29.302  8130  9478 I [AirCmd]_ActivitySwitchDetector: onTaskStackChanged : componentName - ComponentInfo{com.sec.android.app.launcher/com.android.launcher3.uioverrides.QuickstepLauncher}
09-25 13:19:29.302  8130  9478 I [AirCmd]_ActivitySwitchDetector: onTaskStackChanged : mTopMostActivity - ComponentInfo{com.sec.android.app.launcher/com.android.launcher3.uioverrides.QuickstepLauncher}
09-25 13:19:29.302  5369  5741 I RecentTasksList: loadTasksInBackground : groupTask = GroupTask{task1=[id=6869 windowingMode=1 user=0 lastActiveTime=1366856278] null, task2=null, task3=null, mStagedSplitBounds=null}
09-25 13:19:29.302  5369  5741 I RecentTasksList: loadTasksInBackground : groupTask = GroupTask{task1=[id=6898 windowingMode=1 user=0 lastActiveTime=1367009547] null, task2=null, task3=null, mStagedSplitBounds=null}
09-25 13:19:29.302  5369  5741 I RecentTasksList: loadTasksInBackground : groupTask = GroupTask{task1=[id=7118 windowingMode=1 user=0 lastActiveTime=1370095343] null, task2=null, task3=null, mStagedSplitBounds=null}
09-25 13:19:29.303  5369  5369 I TaskThumbnailCache: handleResult: taskId = 7118, taskThumbnail = android.graphics.Bitmap@83c939f
09-25 13:19:29.306  5369  5369 I Launcher.AppsViewCellLayout: com.android.homescreen.apptray.AppsViewCellLayout{118f2a4 V.ED..... ........ 15341,100-16679,2951}[a=1.0,v=0,sId=11] setAlpha : 1.0
09-25 13:19:29.307  5369  5583 I ViewRootImpl@7533534[LauncherActivity]: mWNT: t=0xb4000077be9b1600 mBlastBufferQueue=0xb400007720986880 fn= 55 caller= com.android.systemui.shared.launcher.ViewRootImplCompat.mergeWithNextTransaction:2 com.android.quickstep.util.SurfaceTransactionApplier.lambda$scheduleApply$0:2 com.android.quickstep.util.SurfaceTransactionApplier.b:0
09-25 13:19:29.314  5369  5369 I Launcher.AppsViewCellLayout: com.android.homescreen.apptray.AppsViewCellLayout{118f2a4 V.ED..... ........ 15341,100-16679,2951}[a=1.0,v=0,sId=11] setAlpha : 1.0
09-25 13:19:29.315  5369  5584 I ViewRootImpl@7533534[LauncherActivity]: mWNT: t=0xb4000077be9b2100 mBlastBufferQueue=0xb400007720986880 fn= 56 caller= com.android.systemui.shared.launcher.ViewRootImplCompat.mergeWithNextTransaction:2 com.android.quickstep.util.SurfaceTransactionApplier.lambda$scheduleApply$0:2 com.android.quickstep.util.SurfaceTransactionApplier.b:0
09-25 13:19:29.323  5369  5369 I Launcher.AppsViewCellLayout: com.android.homescreen.apptray.AppsViewCellLayout{118f2a4 V.ED..... ........ 15341,100-16679,2951}[a=1.0,v=0,sId=11] setAlpha : 1.0
09-25 13:19:29.323  5369  5583 I ViewRootImpl@7533534[LauncherActivity]: mWNT: t=0xb4000077be9b2200 mBlastBufferQueue=0xb400007720986880 fn= 57 caller= com.android.systemui.shared.launcher.ViewRootImplCompat.mergeWithNextTransaction:2 com.android.quickstep.util.SurfaceTransactionApplier.lambda$scheduleApply$0:2 com.android.quickstep.util.SurfaceTransactionApplier.b:0
09-25 13:19:29.331  5369  5369 I Launcher.AppsViewCellLayout: com.android.homescreen.apptray.AppsViewCellLayout{118f2a4 V.ED..... ........ 15341,100-16679,2951}[a=1.0,v=0,sId=11] setAlpha : 1.0
09-25 13:19:29.332  5369  5584 I ViewRootImpl@7533534[LauncherActivity]: mWNT: t=0xb4000077be9b2300 mBlastBufferQueue=0xb400007720986880 fn= 58 caller= com.android.systemui.shared.launcher.ViewRootImplCompat.mergeWithNextTransaction:2 com.android.quickstep.util.SurfaceTransactionApplier.lambda$scheduleApply$0:2 com.android.quickstep.util.SurfaceTransactionApplier.b:0
09-25 13:19:29.340  5369  5369 I Launcher.AppsViewCellLayout: com.android.homescreen.apptray.AppsViewCellLayout{118f2a4 V.ED..... ........ 15341,100-16679,2951}[a=1.0,v=0,sId=11] setAlpha : 1.0
09-25 13:19:29.341  5369  5583 I ViewRootImpl@7533534[LauncherActivity]: mWNT: t=0xb4000077be9b2400 mBlastBufferQueue=0xb400007720986880 fn= 59 caller= com.android.systemui.shared.launcher.ViewRootImplCompat.mergeWithNextTransaction:2 com.android.quickstep.util.SurfaceTransactionApplier.lambda$scheduleApply$0:2 com.android.quickstep.util.SurfaceTransactionApplier.b:0
09-25 13:19:29.348  5369  5369 I Launcher.AppsViewCellLayout: com.android.homescreen.apptray.AppsViewCellLayout{118f2a4 V.ED..... ........ 15341,100-16679,2951}[a=1.0,v=0,sId=11] setAlpha : 1.0
09-25 13:19:29.349  5369  5584 I ViewRootImpl@7533534[LauncherActivity]: mWNT: t=0xb4000077be9b2b00 mBlastBufferQueue=0xb400007720986880 fn= 60 caller= com.android.systemui.shared.launcher.ViewRootImplCompat.mergeWithNextTransaction:2 com.android.quickstep.util.SurfaceTransactionApplier.lambda$scheduleApply$0:2 com.android.quickstep.util.SurfaceTransactionApplier.b:0
09-25 13:19:29.356  5369  5369 I Launcher.AppsViewCellLayout: com.android.homescreen.apptray.AppsViewCellLayout{118f2a4 V.ED..... ........ 15341,100-16679,2951}[a=1.0,v=0,sId=11] setAlpha : 1.0
09-25 13:19:29.357  5369  5583 I ViewRootImpl@7533534[LauncherActivity]: mWNT: t=0xb4000077be9b2d00 mBlastBufferQueue=0xb400007720986880 fn= 61 caller= com.android.systemui.shared.launcher.ViewRootImplCompat.mergeWithNextTransaction:2 com.android.quickstep.util.SurfaceTransactionApplier.lambda$scheduleApply$0:2 com.android.quickstep.util.SurfaceTransactionApplier.b:0
09-25 13:19:29.364  5369  5369 I Launcher.AppsViewCellLayout: com.android.homescreen.apptray.AppsViewCellLayout{118f2a4 V.ED..... ........ 15341,100-16679,2951}[a=1.0,v=0,sId=11] setAlpha : 1.0
09-25 13:19:29.365  5369  5584 I ViewRootImpl@7533534[LauncherActivity]: mWNT: t=0xb4000077be9b2e00 mBlastBufferQueue=0xb400007720986880 fn= 62 caller= com.android.systemui.shared.launcher.ViewRootImplCompat.mergeWithNextTransaction:2 com.android.quickstep.util.SurfaceTransactionApplier.lambda$scheduleApply$0:2 com.android.quickstep.util.SurfaceTransactionApplier.b:0
09-25 13:19:29.373  5369  5369 I Launcher.AppsViewCellLayout: com.android.homescreen.apptray.AppsViewCellLayout{118f2a4 V.ED..... ........ 15341,100-16679,2951}[a=1.0,v=0,sId=11] setAlpha : 1.0
09-25 13:19:29.374  5369  5583 I ViewRootImpl@7533534[LauncherActivity]: mWNT: t=0xb4000077be9b2f00 mBlastBufferQueue=0xb400007720986880 fn= 63 caller= com.android.systemui.shared.launcher.ViewRootImplCompat.mergeWithNextTransaction:2 com.android.quickstep.util.SurfaceTransactionApplier.lambda$scheduleApply$0:2 com.android.quickstep.util.SurfaceTransactionApplier.b:0
09-25 13:19:29.381  5369  5369 I Launcher.AppsViewCellLayout: com.android.homescreen.apptray.AppsViewCellLayout{118f2a4 V.ED..... ........ 15341,100-16679,2951}[a=1.0,v=0,sId=11] setAlpha : 1.0
09-25 13:19:29.381  5369  5369 I AppsSearchBar: mCurrentCellLayouts onAnimationEnd
09-25 13:19:29.381  5369  5369 I Launcher.AppsViewCellLayout: com.android.homescreen.apptray.AppsViewCellLayout{118f2a4 V.ED..... ........ 15341,100-16679,2951}[a=1.0,v=0,sId=11] setAlpha : 1.0
09-25 13:19:29.382  5369  5584 I ViewRootImpl@7533534[LauncherActivity]: mWNT: t=0xb4000077be9b4300 mBlastBufferQueue=0xb400007720986880 fn= 64 caller= com.android.systemui.shared.launcher.ViewRootImplCompat.mergeWithNextTransaction:2 com.android.quickstep.util.SurfaceTransactionApplier.lambda$scheduleApply$0:2 com.android.quickstep.util.SurfaceTransactionApplier.b:0
09-25 13:19:29.390  5369  5583 I ViewRootImpl@7533534[LauncherActivity]: mWNT: t=0xb4000077be9b4d00 mBlastBufferQueue=0xb400007720986880 fn= 65 caller= com.android.systemui.shared.launcher.ViewRootImplCompat.mergeWithNextTransaction:2 com.android.quickstep.util.SurfaceTransactionApplier.lambda$scheduleApply$0:2 com.android.quickstep.util.SurfaceTransactionApplier.b:0
09-25 13:19:29.399  5369  5584 I ViewRootImpl@7533534[LauncherActivity]: mWNT: t=0xb4000077bead3100 mBlastBufferQueue=0xb400007720986880 fn= 66 caller= com.android.systemui.shared.launcher.ViewRootImplCompat.mergeWithNextTransaction:2 com.android.quickstep.util.SurfaceTransactionApplier.lambda$scheduleApply$0:2 com.android.quickstep.util.SurfaceTransactionApplier.b:0
09-25 13:19:29.407  5369  5583 I ViewRootImpl@7533534[LauncherActivity]: mWNT: t=0xb4000077bead3400 mBlastBufferQueue=0xb400007720986880 fn= 67 caller= com.android.systemui.shared.launcher.ViewRootImplCompat.mergeWithNextTransaction:2 com.android.quickstep.util.SurfaceTransactionApplier.lambda$scheduleApply$0:2 com.android.quickstep.util.SurfaceTransactionApplier.b:0
09-25 13:19:29.415  5369  5584 I ViewRootImpl@7533534[LauncherActivity]: mWNT: t=0xb4000077bead3600 mBlastBufferQueue=0xb400007720986880 fn= 68 caller= com.android.systemui.shared.launcher.ViewRootImplCompat.mergeWithNextTransaction:2 com.android.quickstep.util.SurfaceTransactionApplier.lambda$scheduleApply$0:2 com.android.quickstep.util.SurfaceTransactionApplier.b:0
09-25 13:19:29.424  5369  5583 I ViewRootImpl@7533534[LauncherActivity]: mWNT: t=0xb4000077bead3900 mBlastBufferQueue=0xb400007720986880 fn= 69 caller= com.android.systemui.shared.launcher.ViewRootImplCompat.mergeWithNextTransaction:2 com.android.quickstep.util.SurfaceTransactionApplier.lambda$scheduleApply$0:2 com.android.quickstep.util.SurfaceTransactionApplier.b:0
09-25 13:19:29.432  5369  5584 I ViewRootImpl@7533534[LauncherActivity]: mWNT: t=0xb4000077bead3b00 mBlastBufferQueue=0xb400007720986880 fn= 70 caller= com.android.systemui.shared.launcher.ViewRootImplCompat.mergeWithNextTransaction:2 com.android.quickstep.util.SurfaceTransactionApplier.lambda$scheduleApply$0:2 com.android.quickstep.util.SurfaceTransactionApplier.b:0
09-25 13:19:29.440  5369  5583 I ViewRootImpl@7533534[LauncherActivity]: mWNT: t=0xb4000077bead3d00 mBlastBufferQueue=0xb400007720986880 fn= 71 caller= com.android.systemui.shared.launcher.ViewRootImplCompat.mergeWithNextTransaction:2 com.android.quickstep.util.SurfaceTransactionApplier.lambda$scheduleApply$0:2 com.android.quickstep.util.SurfaceTransactionApplier.b:0
09-25 13:19:29.448  1914  1914 D SurfaceFlinger: GPIS:: requestGPIS
09-25 13:19:29.448  5369  5584 I ViewRootImpl@7533534[LauncherActivity]: mWNT: t=0xb4000077beb55700 mBlastBufferQueue=0xb400007720986880 fn= 72 caller= com.android.systemui.shared.launcher.ViewRootImplCompat.mergeWithNextTransaction:2 com.android.quickstep.util.SurfaceTransactionApplier.lambda$scheduleApply$0:2 com.android.quickstep.util.SurfaceTransactionApplier.b:0
09-25 13:19:29.451  8423  8423 I Utils   : isCurrentUser current = 0, ownerId = 0
09-25 13:19:29.451  8423  8423 I TrayVisibilityController: getComputedTrayVisible : keyguardState = 1
09-25 13:19:29.451  8423  8423 I TrayVisibilityController: updateTrayVisible: State=1 visible=1 mCurrentVisible=1 specificMode=0
09-25 13:19:29.451  8423  8423 I TrayStateController: onNotifyUpdateTray: state=0
09-25 13:19:29.457  5369  5584 I ViewRootImpl@7533534[LauncherActivity]: mWNT: t=0xb4000077beb55f00 mBlastBufferQueue=0xb400007720986880 fn= 73 caller= com.android.systemui.shared.launcher.ViewRootImplCompat.mergeWithNextTransaction:2 com.android.quickstep.util.SurfaceTransactionApplier.lambda$scheduleApply$0:2 com.android.quickstep.util.SurfaceTransactionApplier.b:0
09-25 13:19:29.465  5369  5583 I ViewRootImpl@7533534[LauncherActivity]: mWNT: t=0xb4000077a0f9b000 mBlastBufferQueue=0xb400007720986880 fn= 74 caller= com.android.systemui.shared.launcher.ViewRootImplCompat.mergeWithNextTransaction:2 com.android.quickstep.util.SurfaceTransactionApplier.lambda$scheduleApply$0:2 com.android.quickstep.util.SurfaceTransactionApplier.b:0
09-25 13:19:29.473  5369  5583 I ViewRootImpl@7533534[LauncherActivity]: mWNT: t=0xb4000077a0f9b100 mBlastBufferQueue=0xb400007720986880 fn= 75 caller= com.android.systemui.shared.launcher.ViewRootImplCompat.mergeWithNextTransaction:2 com.android.quickstep.util.SurfaceTransactionApplier.lambda$scheduleApply$0:2 com.android.quickstep.util.SurfaceTransactionApplier.b:0
09-25 13:19:29.482  5369  5583 I ViewRootImpl@7533534[LauncherActivity]: mWNT: t=0xb4000077a0f9b200 mBlastBufferQueue=0xb400007720986880 fn= 76 caller= com.android.systemui.shared.launcher.ViewRootImplCompat.mergeWithNextTransaction:2 com.android.quickstep.util.SurfaceTransactionApplier.lambda$scheduleApply$0:2 com.android.quickstep.util.SurfaceTransactionApplier.b:0
09-25 13:19:29.486  1809  6452 I HYPER-HAL: [RequestManager.cpp]releaseLocked(): Released ID : 4893776
09-25 13:19:29.490  5369  5583 I ViewRootImpl@7533534[LauncherActivity]: mWNT: t=0xb4000077a0f9b300 mBlastBufferQueue=0xb400007720986880 fn= 77 caller= com.android.systemui.shared.launcher.ViewRootImplCompat.mergeWithNextTransaction:2 com.android.quickstep.util.SurfaceTransactionApplier.lambda$scheduleApply$0:2 com.android.quickstep.util.SurfaceTransactionApplier.b:0
09-25 13:19:29.499  5369  5584 I ViewRootImpl@7533534[LauncherActivity]: mWNT: t=0xb4000077a0f9b400 mBlastBufferQueue=0xb400007720986880 fn= 78 caller= com.android.systemui.shared.launcher.ViewRootImplCompat.mergeWithNextTransaction:2 com.android.quickstep.util.SurfaceTransactionApplier.lambda$scheduleApply$0:2 com.android.quickstep.util.SurfaceTransactionApplier.b:0
09-25 13:19:29.507  5369  5583 I ViewRootImpl@7533534[LauncherActivity]: mWNT: t=0xb4000077a0f9b600 mBlastBufferQueue=0xb400007720986880 fn= 79 caller= com.android.systemui.shared.launcher.ViewRootImplCompat.mergeWithNextTransaction:2 com.android.quickstep.util.SurfaceTransactionApplier.lambda$scheduleApply$0:2 com.android.quickstep.util.SurfaceTransactionApplier.b:0
09-25 13:19:29.516  5369  5584 I ViewRootImpl@7533534[LauncherActivity]: mWNT: t=0xb4000077a0f9b700 mBlastBufferQueue=0xb400007720986880 fn= 80 caller= com.android.systemui.shared.launcher.ViewRootImplCompat.mergeWithNextTransaction:2 com.android.quickstep.util.SurfaceTransactionApplier.lambda$scheduleApply$0:2 com.android.quickstep.util.SurfaceTransactionApplier.b:0
09-25 13:19:29.524  5369  5583 I ViewRootImpl@7533534[LauncherActivity]: mWNT: t=0xb4000077a0f9b800 mBlastBufferQueue=0xb400007720986880 fn= 81 caller= com.android.systemui.shared.launcher.ViewRootImplCompat.mergeWithNextTransaction:2 com.android.quickstep.util.SurfaceTransactionApplier.lambda$scheduleApply$0:2 com.android.quickstep.util.SurfaceTransactionApplier.b:0
09-25 13:19:29.532  5369  5584 I ViewRootImpl@7533534[LauncherActivity]: mWNT: t=0xb4000077a0f9b900 mBlastBufferQueue=0xb400007720986880 fn= 82 caller= com.android.systemui.shared.launcher.ViewRootImplCompat.mergeWithNextTransaction:2 com.android.quickstep.util.SurfaceTransactionApplier.lambda$scheduleApply$0:2 com.android.quickstep.util.SurfaceTransactionApplier.b:0
09-25 13:19:29.540  5369  5583 I ViewRootImpl@7533534[LauncherActivity]: mWNT: t=0xb4000077a0f9ba00 mBlastBufferQueue=0xb400007720986880 fn= 83 caller= com.android.systemui.shared.launcher.ViewRootImplCompat.mergeWithNextTransaction:2 com.android.quickstep.util.SurfaceTransactionApplier.lambda$scheduleApply$0:2 com.android.quickstep.util.SurfaceTransactionApplier.b:0
09-25 13:19:29.549  5369  5584 I ViewRootImpl@7533534[LauncherActivity]: mWNT: t=0xb4000077a0f9bb00 mBlastBufferQueue=0xb400007720986880 fn= 84 caller= com.android.systemui.shared.launcher.ViewRootImplCompat.mergeWithNextTransaction:2 com.android.quickstep.util.SurfaceTransactionApplier.lambda$scheduleApply$0:2 com.android.quickstep.util.SurfaceTransactionApplier.b:0
09-25 13:19:29.551  1914  1914 D SurfaceFlinger: Display 4630947093241269891 HWC layers:
09-25 13:19:29.551  1914  1914 D SurfaceFlinger:      CLIENT | 0xb400007af6c13480 | 0100 | RGBx_8888    |  592.0    0.0 1628.0 2220.0 |    0    0 1440 3088 | Wallpaper BBQ wrapper#90
09-25 13:19:29.551  1914  1914 D SurfaceFlinger:      CLIENT | 0xb400007af6c11480 | 0100 | RGBA_8888    |    0.0    0.0 1440.0 3088.0 |    0    0 1440 3088 | com.sec.android.app.launcher/com.sec[...]rActivity$_5369#162451 (blurRegions)
09-25 13:19:29.551  1914  1914 D SurfaceFlinger:      DEVICE | 0xb400007af6c14880 | 0100 | RGBA_8888    |    0.0    0.0 1440.0  100.0 |    0    0 1440  100 | StatusBar$_4768#95
09-25 13:19:29.551  1914  1914 D SurfaceFlinger:      DEVICE | 0xb400007af8705400 | 0100 | RGBA_8888    |    0.0    0.0   67.0  589.0 |    0  562   67 1151 | com.samsung.android.app.cocktailbars[...]vice.CocktailBarService$_8423#156853
09-25 13:19:29.551  1914  1914 D SurfaceFlinger:      DEVICE | 0xb400007af8705500 | 0100 | RGBA_8888    |    0.0    0.0  518.0   48.0 |  922 3040 1440 3088 | SGestureOverlayWindow$_5369#156268
09-25 13:19:29.551  1914  1914 D SurfaceFlinger:      DEVICE | 0xb400007af6c15880 | 0100 | RGBA_8888    |    0.0    0.0 1440.0  168.0 |    0 2920 1440 3088 | NavigationBar0$_4768#92
09-25 13:19:29.551  1914  1914 D SurfaceFlinger:
09-25 13:19:29.557  5369  5583 I ViewRootImpl@7533534[LauncherActivity]: mWNT: t=0xb4000077a0f9bc00 mBlastBufferQueue=0xb400007720986880 fn= 85 caller= com.android.systemui.shared.launcher.ViewRootImplCompat.mergeWithNextTransaction:2 com.android.quickstep.util.SurfaceTransactionApplier.lambda$scheduleApply$0:2 com.android.quickstep.util.SurfaceTransactionApplier.b:0
09-25 13:19:29.565  5369  5584 I ViewRootImpl@7533534[LauncherActivity]: mWNT: t=0xb4000077a0f9be00 mBlastBufferQueue=0xb400007720986880 fn= 86 caller= com.android.systemui.shared.launcher.ViewRootImplCompat.mergeWithNextTransaction:2 com.android.quickstep.util.SurfaceTransactionApplier.lambda$scheduleApply$0:2 com.android.quickstep.util.SurfaceTransactionApplier.b:0
09-25 13:19:29.574  5369  5583 I ViewRootImpl@7533534[LauncherActivity]: mWNT: t=0xb4000077a0f9bf00 mBlastBufferQueue=0xb400007720986880 fn= 87 caller= com.android.systemui.shared.launcher.ViewRootImplCompat.mergeWithNextTransaction:2 com.android.quickstep.util.SurfaceTransactionApplier.lambda$scheduleApply$0:2 com.android.quickstep.util.SurfaceTransactionApplier.b:0
09-25 13:19:29.581  1797  7515 I sensors-hal: handle_sns_client_event:186, auto_rotation_debug_2 mode,255, type,1,0 acc,-0.067,0.799,9.863, ar,0, ver,11, pedo,1,e,1,i,3
09-25 13:19:29.581  1797 29568 I sensors-hal: handle_sns_client_event:542, [0][85844] accel_sample [-0.051,  0.807,  9.883] 1370095628251227
09-25 13:19:29.582  5369  5584 I ViewRootImpl@7533534[LauncherActivity]: mWNT: t=0xb4000077a0f9c100 mBlastBufferQueue=0xb400007720986880 fn= 88 caller= com.android.systemui.shared.launcher.ViewRootImplCompat.mergeWithNextTransaction:2 com.android.quickstep.util.SurfaceTransactionApplier.lambda$scheduleApply$0:2 com.android.quickstep.util.SurfaceTransactionApplier.b:0
09-25 13:19:29.590  5369  5369 W AppTransitionAnimatorImpl: onAnimationEnd - APP OUT, Execution time for each frame : Start-(0)-0-(0)-0-(1)-0-(8)-1-(8)-1-(7)-1-(8)-0-(8)-0-(8)-1-(8)-0-(8)-0-(8)-1-(8)-0-(8)-0-(9)-0-(8)-0-(9)-0-(8)-0-(8)-1-(7)-1-(8)-0-(8)-0-(8)-1-(8)-0-(8)-0-(8)-1-(8)-0-(8)-0-(8)-0-(8)-1-(8)-0-(8)-0-(8)-1-(8)-0-(8)-0-(9)-0-(8)-0-(8)-1-(8)-0-(8)-1-(7)-1-(8)-0-(8)-0-(8)-1-(8)-0-(8)-0-(8)-1-End
09-25 13:19:29.590  5369  5369 I AppTransitionAnimatorImpl: resetContentView
09-25 13:19:29.590  5369  5369 I AnimationResult: AnimationResult finish : onAnimationEnd
09-25 13:19:29.590  5369  5369 I AnimationResult: finish : false, null
09-25 13:19:29.590  5369  5741 I AnimationResult: finish callback : null
09-25 13:19:29.592  5369  5583 I ViewRootImpl@7533534[LauncherActivity]: mWNT: t=0xb4000077a0f9c600 mBlastBufferQueue=0xb400007720986880 fn= 89 caller= com.android.systemui.shared.launcher.ViewRootImplCompat.mergeWithNextTransaction:2 com.android.quickstep.util.SurfaceTransactionApplier.lambda$scheduleApply$0:2 com.android.quickstep.util.SurfaceTransactionApplier.b:0
09-25 13:19:29.592  5369  5369 W Launcher: onEnterAnimationComplete
09-25 13:19:29.593  5639  5639 I ViewRootImpl@25d7065[HorizontalListActivity]: handleAppVisibility mAppVisible = true visible = false
09-25 13:19:29.597  1914  1914 I Layer   : id=162463 removedFromDrawingState Splash Screen com.example.dogglers$_4768#162463 (338)
09-25 13:19:29.599  5639  5729 D OpenGLRenderer: setSurface called with nullptr
09-25 13:19:29.599  5639  5729 D OpenGLRenderer: setSurface() destroyed EGLSurface
09-25 13:19:29.599  5639  5729 D OpenGLRenderer: destroyEglSurface
09-25 13:19:29.600  5639  5639 I ViewRootImpl@25d7065[HorizontalListActivity]: performTraversals mFirst=false windowShouldResize=false viewVisibilityChanged=true mForceNextWindowRelayout=false params=null
09-25 13:19:29.600  3108  6474 V WindowManager: Relayout Window{ed04ec5 u0 com.example.dogglers/com.example.dogglers.HorizontalListActivity}: viewVisibility=8 req=1440x3088 d0
09-25 13:19:29.601  3108  6474 V WindowManager: Relayout hash=ed04ec5, pid=5639, syncId=-1: mAttrs={(0,0)(fillxfill) sim={adjust=resize forwardNavigation} ty=BASE_APPLICATION wanim=0x1030309
09-25 13:19:29.601  3108  6474 V WindowManager:   fl=81810100
09-25 13:19:29.601  3108  6474 V WindowManager:   pfl=12020040
09-25 13:19:29.601  3108  6474 V WindowManager:   bhv=DEFAULT
09-25 13:19:29.601  3108  6474 V WindowManager:   fitSides= naviIconColor=0}
09-25 13:19:29.603  5639  5639 I ViewRootImpl@25d7065[HorizontalListActivity]: Relayout returned: old=(0,0,1440,3088) new=(0,0,1440,3088) req=(1440,3088)8 dur=2 res=0x2 s={false 0x0} ch=true seqId=0
09-25 13:19:29.603  5639  5639 I ViewRootImpl@75ec326[InstrumentationActivityInvoker$EmptyActivity]: handleAppVisibility mAppVisible = true visible = false
09-25 13:19:29.603  5639  5639 I ViewRootImpl@75ec326[InstrumentationActivityInvoker$EmptyActivity]: stopped(true) old = false
09-25 13:19:29.603  5639  5639 I ViewRootImpl@75ec326[InstrumentationActivityInvoker$EmptyActivity]: WindowStopped on com.example.dogglers/androidx.test.core.app.InstrumentationActivityInvoker$EmptyActivity set to true
09-25 13:19:29.604  6586 17206 I SAMSUNGWALLET: [Hint_ProcessStatusChange] fg Change, pid : 5639 , isNotify : true , isForeground : false , fg list : []
09-25 13:19:29.604  6586 17206 I SAMSUNGWALLET: [ProcessStatusChange] fg Change, pid : 5639 , isNotify : true , isForeground : false , fg list : []
09-25 13:19:29.604  6586 25742 I SAMSUNGWALLET: [Hint_ProcessStatusChange] fg Change, pid : 5639 , isNotify : true , isForeground : false , fg list : []
09-25 13:19:29.604  6586 25742 I SAMSUNGWALLET: [ProcessStatusChange] fg Change, pid : 5639 , isNotify : true , isForeground : false , fg list : []
09-25 13:19:29.605  5639  5639 D LifecycleMonitor: Lifecycle status change: androidx.test.core.app.InstrumentationActivityInvoker$EmptyActivity@533da7c in: STOPPED
09-25 13:19:29.605  6586  7522 I SAMSUNGWALLET: [ResetData] getSAResetDialogFlag : false
09-25 13:19:29.605  5639  5639 V ActivityScenario: Activity lifecycle changed event received but ignored because the intent does not match. startActivityIntent=Intent { act=android.intent.action.MAIN cat=[android.intent.category.LAUNCHER] cmp=com.example.dogglers/.HorizontalListActivity }, activity.getIntent()=Intent { act=android.intent.action.MAIN cat=[android.intent.category.LAUNCHER] flg=0x10000000 cmp=com.example.dogglers/androidx.test.core.app.InstrumentationActivityInvoker$EmptyActivity }, activity=androidx.test.core.app.InstrumentationActivityInvoker$EmptyActivity@533da7c
09-25 13:19:29.605  6586 17206 I SAMSUNGWALLET: [Hint_ProcessStatusChange] fg Change, pid : 5639 , isNotify : true , isForeground : false , fg list : []
09-25 13:19:29.605  6586 17206 I SAMSUNGWALLET: [ProcessStatusChange] fg Change, pid : 5639 , isNotify : true , isForeground : false , fg list : []
09-25 13:19:29.605  5639  5639 I MSHandlerLifeCycle: removeMultiSplitHandler: no exist. decor=DecorView@7acb18b[InstrumentationActivityInvoker$EmptyActivity]
09-25 13:19:29.605  1914  1914 I SurfaceFlinger: [c7375dc com.sec.android.app.launcher/com.sec.android.app.launcher.activities.LauncherActivity#176] FrameRatePriority: 1
09-25 13:19:29.606  1914  1914 I Layer   : id=162490 removedFromDrawingState Surface(name=Task=1)/@0xeddbc98 - animation-leash of app_transition#162490 (338)
09-25 13:19:29.606  1914  1914 I Layer   : id=162462 removedFromDrawingState dec7fd6 Splash Screen com.example.dogglers#162462 (338)
09-25 13:19:29.606  1914  1914 I Layer   : id=162489 removedFromDrawingState Surface(name=Task=7118)/@0xa6cc912 - animation-leash of app_transition#162489 (338)
09-25 13:19:29.606  1914  1914 I Layer   : Layer [Splash Screen com.example.dogglers$_4768#162463] hidden!! flag(1)
09-25 13:19:29.606  1914  1914 I Layer   : Layer [com.example.dogglers/com.example.dogglers.HorizontalListActivity$_5639#162470] hidden!! flag(1)
09-25 13:19:29.606  1914  1914 I Layer   : Layer [com.example.dogglers/androidx.test.core.app.InstrumentationActivityInvoker$EmptyActivity$_5639#162478] hidden!! flag(1)
09-25 13:19:29.606  1914  1914 I Layer   : Layer [com.example.dogglers/androidx.test.core.app.InstrumentationActivityInvoker$EmptyActivity$_5639#162485] hidden!! flag(1)
09-25 13:19:29.606  1914  1914 I Layer   : id=162491 removedFromDrawingState Surface(name=WallpaperWindowToken{6241e01 token=android.os.Binder@ab19d0b})/@0xf3e0a44 - animation-leash of window_animation#162491 (338)
09-25 13:19:29.606  1914  1914 I SurfaceFlinger: id=162462 Removed dec7fd6 Splash Screen com.example.dogglers#162462 (338)
09-25 13:19:29.606  1914  1914 I SurfaceFlinger: id=162463 Removed Splash Screen com.example.dogglers$_4768#162463 (338)
09-25 13:19:29.606  5639  5639 D LifecycleMonitor: Lifecycle status change: androidx.test.core.app.InstrumentationActivityInvoker$EmptyActivity@533da7c in: DESTROYED
09-25 13:19:29.606  1914  1914 I Layer   : id=162463 Destroyed Splash Screen com.example.dogglers$_4768#162463
09-25 13:19:29.606  5639  5639 V ActivityScenario: Activity lifecycle changed event received but ignored because the intent does not match. startActivityIntent=Intent { act=android.intent.action.MAIN cat=[android.intent.category.LAUNCHER] cmp=com.example.dogglers/.HorizontalListActivity }, activity.getIntent()=Intent { act=android.intent.action.MAIN cat=[android.intent.category.LAUNCHER] flg=0x10000000 cmp=com.example.dogglers/androidx.test.core.app.InstrumentationActivityInvoker$EmptyActivity }, activity=androidx.test.core.app.InstrumentationActivityInvoker$EmptyActivity@533da7c
09-25 13:19:29.606  1914  1914 I Layer   : id=162462 Destroyed dec7fd6 Splash Screen com.example.dogglers#162462
09-25 13:19:29.607  5639  5639 I MSHandlerLifeCycle: removeMultiSplitHandler: no exist. decor=DecorView@7acb18b[InstrumentationActivityInvoker$EmptyActivity]
09-25 13:19:29.607  6586  7669 I SAMSUNGWALLET: [ProcessMonitor] App went to background.
09-25 13:19:29.608  3108  6474 D InputDispatcher: Focus entered window (0): c7375dc com.sec.android.app.launcher/com.sec.android.app.launcher.activities.LauncherActivity
09-25 13:19:29.608  5639  5729 D OpenGLRenderer: setSurface called with nullptr
09-25 13:19:29.608  5639  5729 D OpenGLRenderer: setSurface() destroyed EGLSurface
09-25 13:19:29.608  5639  5729 D OpenGLRenderer: destroyEglSurface
09-25 13:19:29.609  6586  7669 I SAMSUNGWALLET: [ProcessMonitor] App went to background.
09-25 13:19:29.609  5369  5369 I ViewRootImpl@7533534[LauncherActivity]: MSG_WINDOW_FOCUS_CHANGED 1 0
09-25 13:19:29.609  5369  5369 I ViewRootImpl@7533534[LauncherActivity]: mThreadedRenderer.initializeIfNeeded()#2 mSurface={isValid=true 0xb4000077206f5000}
09-25 13:19:29.609  5369  5369 I BaseActivity: addActivityFlags, flags : 8
09-25 13:19:29.610  6586  7669 I SAMSUNGWALLET: [ProcessMonitor] App went to background.
09-25 13:19:29.610  6586  7522 I SAMSUNGWALLET: [Hint_e] isHomePackageRunning topPkgName = com.sec.android.app.launcher, topClsName = com.android.launcher3.uioverrides.QuickstepLauncher, return true , se : true
09-25 13:19:29.611  5759  6468 E pageboostd: prefetch start : app comquizletquizletandroid
09-25 13:19:29.611  6586  6586 I SAMSUNGWALLET: [Hint_PayHintService] Hint Status - already invisible, skip hide : [4000000] - 4000000
09-25 13:19:29.611  6586  7522 I SAMSUNGWALLET: [ResetData] getSAResetDialogFlag : false
09-25 13:19:29.612  5369  5369 I InputMethodManager: startInputInner - mService.startInputOrWindowGainedFocus
09-25 13:19:29.612  5639  5639 I ViewRootImpl@75ec326[InstrumentationActivityInvoker$EmptyActivity]: dispatchDetachedFromWindow
09-25 13:19:29.613  6586  7522 I SAMSUNGWALLET: [Hint_e] isHomePackageRunning topPkgName = com.sec.android.app.launcher, topClsName = com.android.launcher3.uioverrides.QuickstepLauncher, return true , se : true
09-25 13:19:29.613  3108  6266 D InputTransport: Input channel destroyed: '485ba2c', fd=1332
09-25 13:19:29.613  3108  6266 W InputManager-JNI: Input channel object '485ba2c com.example.dogglers/androidx.test.core.app.InstrumentationActivityInvoker$EmptyActivity (client)' was disposed without first being removed with the input manager!
09-25 13:19:29.613  3108  6266 D InputTransport: Input channel destroyed: '485ba2c', fd=1333
09-25 13:19:29.613  6586  6586 I SAMSUNGWALLET: [Hint_PayHintService] Hint Status - already invisible, skip hide : [4000000] - 4000000
09-25 13:19:29.613  6586  7522 I SAMSUNGWALLET: [ResetData] getSAResetDialogFlag : false
09-25 13:19:29.613  1914  3193 I SurfaceFlinger: id=162495 createSurf, flag=24004, Surface(name=6a358c3 InputMethod)/@0x1a6cc79 - animation-leash of insets_animation#162495
09-25 13:19:29.618  5639  5639 D InputTransport: Input channel destroyed: '485ba2c', fd=147
09-25 13:19:29.618  3108  4606 D InputMethodManagerService: DESKTOP MODE! : 2
09-25 13:19:29.618  3108  4606 D InputMethodManagerService: NOT IN KNOX DESKTOP MODE!
09-25 13:19:29.618  3108  4606 V InputMethodManagerService: getDisplayIdOfInputMethodWindowToBeAdded: displayId=0
09-25 13:19:29.618  1914  2139 I SurfaceFlinger: id=162367 Removed Surface(name=6a358c3 InputMethod)/@0x1a6cc79 - animation-leash of insets_animation#162367 (337)
09-25 13:19:29.618  3108  4606 D InputMethodManagerService: isImeSwitcherDisabledPackage : false
09-25 13:19:29.618  5639  5639 I ViewRootImpl@ecd4695[InstrumentationActivityInvoker$EmptyActivity]: stopped(true) old = false
09-25 13:19:29.618  5639  5639 I ViewRootImpl@ecd4695[InstrumentationActivityInvoker$EmptyActivity]: WindowStopped on com.example.dogglers/androidx.test.core.app.InstrumentationActivityInvoker$EmptyActivity set to true
09-25 13:19:29.618   586   586 I MSHandlerLifeCycle: check: return. pkg=com.google.android.inputmethod.latin isActivity=false callers=com.android.internal.policy.DecorView.setVisibility:4412 android.inputmethodservice.InkWindow.hide:100 android.inputmethodservice.InputMethodService$InputMethodImpl.unbindInput:875 android.inputmethodservice.IInputMethodWrapper.executeMessage:198 com.android.internal.os.HandlerCaller$MyHandler.handleMessage:44
09-25 13:19:29.618   586   586 I MSHandlerLifeCycle: removeMultiSplitHandler: no exist. decor=DecorView@722edec[]
09-25 13:19:29.619  6586  7522 I SAMSUNGWALLET: [Hint_e] isHomePackageRunning topPkgName = com.sec.android.app.launcher, topClsName = com.android.launcher3.uioverrides.QuickstepLauncher, return true , se : true
09-25 13:19:29.619  5639  5639 D LifecycleMonitor: Lifecycle status change: androidx.test.core.app.InstrumentationActivityInvoker$EmptyActivity@af5fb23 in: STOPPED
09-25 13:19:29.619  6586  6586 I SAMSUNGWALLET: [Hint_PayHintService] Hint Status - already invisible, skip hide : [4000000] - 4000000
09-25 13:19:29.619  5639  5639 V ActivityScenario: Activity lifecycle changed event received but ignored because the intent does not match. startActivityIntent=Intent { act=android.intent.action.MAIN cat=[android.intent.category.LAUNCHER] cmp=com.example.dogglers/.HorizontalListActivity }, activity.getIntent()=Intent { act=android.intent.action.MAIN cat=[android.intent.category.LAUNCHER] flg=0x10000000 cmp=com.example.dogglers/androidx.test.core.app.InstrumentationActivityInvoker$EmptyActivity }, activity=androidx.test.core.app.InstrumentationActivityInvoker$EmptyActivity@af5fb23
09-25 13:19:29.622  5759  6468 E pageboostd: comquizletquizletandroid, amt 103333888 scnt 353 fcnt 42
09-25 13:19:29.622  5759  6468 E pageboostd: prefetch end : app comquizletquizletandroid data_amount 103333888
09-25 13:19:29.622  3108  4606 D InputMethodManagerService: checkDisplayOfStartInputAndUpdateKeyboard: displayId=0, mFocusedDisplayId=0
09-25 13:19:29.622  3108  4606 D InputTransport: Input channel constructed: 'ClientS', fd=1332
09-25 13:19:29.622  1914  1914 I Layer   : id=162485 removedFromDrawingState com.example.dogglers/androidx.test.core.app.InstrumentationActivityInvoker$EmptyActivity$_5639#162485 (337)
09-25 13:19:29.622  1914  1914 I Layer   : id=162484 removedFromDrawingState 485ba2c com.example.dogglers/androidx.test.core.app.InstrumentationActivityInvoker$EmptyActivity#162484 (337)
09-25 13:19:29.622  1914  1914 I Layer   : id=162488 removedFromDrawingState Surface(name=6a358c3 InputMethod)/@0x1a6cc79 - animation-leash of insets_animation#162488 (337)
09-25 13:19:29.622  1914  1914 I Layer   : id=97070 removedFromDrawingState 6a358c3 InputMethod#97070 (337)
09-25 13:19:29.622  1914  1914 I Layer   : id=97070 addToCurrentState 6a358c3 InputMethod#97070 (337)
09-25 13:19:29.622  1914  1914 I SurfaceFlinger: id=162485 Removed com.example.dogglers/androidx.test.core.app.InstrumentationActivityInvoker$EmptyActivity$_5639#162485 (337)
09-25 13:19:29.622  1914  1914 I SurfaceFlinger: id=162484 Removed 485ba2c com.example.dogglers/androidx.test.core.app.InstrumentationActivityInvoker$EmptyActivity#162484 (337)
09-25 13:19:29.622  1914  1914 I SurfaceFlinger: id=162488 Removed Surface(name=6a358c3 InputMethod)/@0x1a6cc79 - animation-leash of insets_animation#162488 (337)
09-25 13:19:29.622  3108  4606 D InputTransport: Input channel destroyed: 'ClientS', fd=1332
09-25 13:19:29.623  1914  1914 I Layer   : id=162367 Destroyed Surface(name=6a358c3 InputMethod)/@0x1a6cc79 - animation-leash of insets_animation#162367
09-25 13:19:29.623  1914  1914 I Layer   : id=162484 Destroyed 485ba2c com.example.dogglers/androidx.test.core.app.InstrumentationActivityInvoker$EmptyActivity#162484
09-25 13:19:29.623  1914  1914 I Layer   : id=162485 Destroyed com.example.dogglers/androidx.test.core.app.InstrumentationActivityInvoker$EmptyActivity$_5639#162485
09-25 13:19:29.623  1914  1914 I Layer   : id=162488 Destroyed Surface(name=6a358c3 InputMethod)/@0x1a6cc79 - animation-leash of insets_animation#162488
09-25 13:19:29.623   586   586 I GoogleInputMethodService: GoogleInputMethodService.onFinishInput():3267
09-25 13:19:29.624   586   586 I GoogleInputMethodService: GoogleInputMethodService.updateDeviceLockedStatus():2097 repeatCheckTimes = 0, locked = false
09-25 13:19:29.625   586   586 D InputMethodService: checkFocusedDisplay() display Id 0last 0
09-25 13:19:29.625  5369  5369 I BadgeRenderer: Invalid count : 0
09-25 13:19:29.625  1914  3199 I SurfaceFlinger: id=162496 createSurf, flag=24004, Surface(name=6a358c3 InputMethod)/@0x1a6cc79 - animation-leash of insets_animation#162496
09-25 13:19:29.625   586   586 I GoogleInputMethodService: GoogleInputMethodService.onStartInput():1889 onStartInput(EditorInfo{EditorInfo{packageName=com.sec.android.app.launcher, inputType=0, inputTypeString=NULL, enableLearning=false, autoCorrection=false, autoComplete=false, imeOptions=0, privateImeOptions=null, actionName=UNSPECIFIED, actionLabel=null, initialSelStart=-1, initialSelEnd=-1, initialCapsMode=0, label=null, fieldId=2131361996, fieldName=null, extras=Bundle[{displayId=0}], hintText=null, hintLocales=[]}}, false)
09-25 13:19:29.626   586   586 I GoogleInputMethodService: GoogleInputMethodService.updateDeviceLockedStatus():2097 repeatCheckTimes = 1, locked = false
09-25 13:19:29.629   586   586 I InputMethodService: removeImeSurface
09-25 13:19:29.629  5639  5639 I MSHandlerLifeCycle: removeMultiSplitHandler: no exist. decor=DecorView@b736b9e[InstrumentationActivityInvoker$EmptyActivity]
09-25 13:19:29.629   586   586 I MSHandlerLifeCycle: check: return. pkg=com.google.android.inputmethod.latin isActivity=false callers=com.android.internal.policy.DecorView.setVisibility:4412 android.app.Dialog.hide:767 android.inputmethodservice.InputMethodService.removeImeSurface:1290 android.inputmethodservice.InputMethodService.scheduleImeSurfaceRemoval:1279 android.inputmethodservice.InputMethodService.-$$Nest$mscheduleImeSurfaceRemoval:0
09-25 13:19:29.629   586   586 I MSHandlerLifeCycle: removeMultiSplitHandler: no exist. decor=DecorView@3ddf8c7[InputMethod]
09-25 13:19:29.629  5639  5639 D LifecycleMonitor: Lifecycle status change: androidx.test.core.app.InstrumentationActivityInvoker$EmptyActivity@af5fb23 in: DESTROYED
09-25 13:19:29.630  5639  5639 V ActivityScenario: Activity lifecycle changed event received but ignored because the intent does not match. startActivityIntent=Intent { act=android.intent.action.MAIN cat=[android.intent.category.LAUNCHER] cmp=com.example.dogglers/.HorizontalListActivity }, activity.getIntent()=Intent { act=android.intent.action.MAIN cat=[android.intent.category.LAUNCHER] flg=0x10000000 cmp=com.example.dogglers/androidx.test.core.app.InstrumentationActivityInvoker$EmptyActivity }, activity=androidx.test.core.app.InstrumentationActivityInvoker$EmptyActivity@af5fb23
09-25 13:19:29.630  5639  5639 I MSHandlerLifeCycle: removeMultiSplitHandler: no exist. decor=DecorView@b736b9e[InstrumentationActivityInvoker$EmptyActivity]
09-25 13:19:29.631  1914  1914 I Layer   : id=162495 removedFromDrawingState Surface(name=6a358c3 InputMethod)/@0x1a6cc79 - animation-leash of insets_animation#162495 (334)
09-25 13:19:29.631  1914  4196 I SurfaceFlinger: id=162482 Removed 1dcccd ActivityRecordInputSink com.example.dogglers/androidx.test.core.app.InstrumentationActivityInvoker$EmptyActivity#162482 (334)
09-25 13:19:29.632  3108  4073 D InputMethodManagerService: isImeSwitcherDisabledPackage : false
09-25 13:19:29.633  5639  5729 D OpenGLRenderer: setSurface called with nullptr
09-25 13:19:29.633  5639  5729 D OpenGLRenderer: setSurface() destroyed EGLSurface
09-25 13:19:29.633  5639  5729 D OpenGLRenderer: destroyEglSurface
09-25 13:19:29.634   586   586 I InputMethodService: removeImeSurface
09-25 13:19:29.634   586   586 I MSHandlerLifeCycle: check: return. pkg=com.google.android.inputmethod.latin isActivity=false callers=com.android.internal.policy.DecorView.setVisibility:4412 android.app.Dialog.hide:767 android.inputmethodservice.InputMethodService.removeImeSurface:1290 android.inputmethodservice.InputMethodService.scheduleImeSurfaceRemoval:1279 android.inputmethodservice.InputMethodService.-$$Nest$mscheduleImeSurfaceRemoval:0
09-25 13:19:29.634   586   586 I MSHandlerLifeCycle: removeMultiSplitHandler: no exist. decor=DecorView@3ddf8c7[InputMethod]
09-25 13:19:29.635  5639  5639 I ViewRootImpl@ecd4695[InstrumentationActivityInvoker$EmptyActivity]: dispatchDetachedFromWindow
09-25 13:19:29.635  3108  6456 D InputTransport: Input channel destroyed: 'd9c10a3', fd=1315
09-25 13:19:29.635  3108  6456 W InputManager-JNI: Input channel object 'd9c10a3 com.example.dogglers/androidx.test.core.app.InstrumentationActivityInvoker$EmptyActivity (client)' was disposed without first being removed with the input manager!
09-25 13:19:29.635  3108  6456 D InputTransport: Input channel destroyed: 'd9c10a3', fd=1322
09-25 13:19:29.638  5639  5639 D InputTransport: Input channel destroyed: 'd9c10a3', fd=128
09-25 13:19:29.638  1914  4196 I SurfaceFlinger: id=162476 Removed ca52e17 ActivityRecordInputSink com.example.dogglers/androidx.test.core.app.InstrumentationActivityInvoker$EmptyActivity#162476 (334)
09-25 13:19:29.639  5639  5639 I ViewRootImpl@25d7065[HorizontalListActivity]: stopped(true) old = false
09-25 13:19:29.639  5639  5639 I ViewRootImpl@25d7065[HorizontalListActivity]: WindowStopped on com.example.dogglers/com.example.dogglers.HorizontalListActivity set to true
09-25 13:19:29.639  1914  1914 I Layer   : id=162481 removedFromDrawingState ActivityRecord{4a4d982 u0 com.example.dogglers/androidx.test.core.app.InstrumentationActivityInvoker$EmptyActivity} t7118}#162481 (334)
09-25 13:19:29.639  1914  1914 I Layer   : id=162482 removedFromDrawingState 1dcccd ActivityRecordInputSink com.example.dogglers/androidx.test.core.app.InstrumentationActivityInvoker$EmptyActivity#162482 (334)
09-25 13:19:29.639  1914  1914 I Layer   : id=162478 removedFromDrawingState com.example.dogglers/androidx.test.core.app.InstrumentationActivityInvoker$EmptyActivity$_5639#162478 (334)
09-25 13:19:29.639  1914  1914 I Layer   : id=162477 removedFromDrawingState d9c10a3 com.example.dogglers/androidx.test.core.app.InstrumentationActivityInvoker$EmptyActivity#162477 (334)
09-25 13:19:29.639  1914  1914 I SurfaceFlinger: id=162478 Removed com.example.dogglers/androidx.test.core.app.InstrumentationActivityInvoker$EmptyActivity$_5639#162478 (334)
09-25 13:19:29.639  1914  1914 I SurfaceFlinger: id=162481 Removed ActivityRecord{4a4d982 u0 com.example.dogglers/androidx.test.core.app.InstrumentationActivityInvoker$EmptyActivity} t7118}#162481 (334)
09-25 13:19:29.639  1914  1914 I SurfaceFlinger: id=162477 Removed d9c10a3 com.example.dogglers/androidx.test.core.app.InstrumentationActivityInvoker$EmptyActivity#162477 (334)
09-25 13:19:29.639  5639  5639 D LifecycleMonitor: Lifecycle status change: com.example.dogglers.HorizontalListActivity@8007da6 in: STOPPED
09-25 13:19:29.639  5639  5639 V ActivityScenario: Update currentActivityStage to STOPPED, currentActivity=com.example.dogglers.HorizontalListActivity@8007da6
09-25 13:19:29.639  1914  1914 I Layer   : id=162477 Destroyed d9c10a3 com.example.dogglers/androidx.test.core.app.InstrumentationActivityInvoker$EmptyActivity#162477
09-25 13:19:29.639  1914  1914 I Layer   : id=162478 Destroyed com.example.dogglers/androidx.test.core.app.InstrumentationActivityInvoker$EmptyActivity$_5639#162478
09-25 13:19:29.639  1914  1914 I Layer   : id=162481 Destroyed ActivityRecord{4a4d982 u0 com.example.dogglers/androidx.test.core.app.InstrumentationActivityInvoker$EmptyActivity} t7118}#162481
09-25 13:19:29.639  1914  1914 I Layer   : id=162482 Destroyed 1dcccd ActivityRecordInputSink com.example.dogglers/androidx.test.core.app.InstrumentationActivityInvoker$EmptyActivity#162482
09-25 13:19:29.642  5639  5639 I MSHandlerLifeCycle: removeMultiSplitHandler: no exist. decor=DecorView@f68a92c[HorizontalListActivity]
09-25 13:19:29.643  5639  5639 D LifecycleMonitor: Lifecycle status change: com.example.dogglers.HorizontalListActivity@8007da6 in: DESTROYED
09-25 13:19:29.643  5639  5639 V ActivityScenario: Update currentActivityStage to DESTROYED, currentActivity=null
09-25 13:19:29.643  5639  5703 I TestRunner: finished: horizontal_scroll_content_at_last_position(com.example.dogglers.HorizontalListTests)
