09-25 13:19:19.323  4768  4861 I ViewRootImpl@c8e9181[dogglers]: mWNT: t=0xb400007731efa700 mBlastBufferQueue=0xb400007705019c80 fn= 2 caller= android.view.SyncRtSurfaceTransactionApplier.applyTransaction:96 android.view.SyncRtSurfaceTransactionApplier.lambda$scheduleApply$0$android-view-SyncRtSurfaceTransactionApplier:69 android.view.SyncRtSurfaceTransactionApplier$$ExternalSyntheticLambda0.onFrameDraw:4
09-25 13:19:19.324   586   586 I GoogleInputMethodService: GoogleInputMethodService.updateDeviceLockedStatus():2097 repeatCheckTimes = 1, locked = false
09-25 13:19:19.324  3108  3145 D InputDispatcher: Inject motion (5639/10577): action=0x0, time=811537286000000, f=0x0, d=0 dsdx=1.000000 dtdx=0.000000
09-25 13:19:19.324  3108  4144 W InputDispatcher: obscured by 7f623fb Splash
09-25 13:19:19.324  3108  4144 I InputDispatcher: Delivering touch to (4768): action: 0x4, f=0x0, d=0, 'd110b4c', t=0
09-25 13:19:19.324  3108  4144 I InputDispatcher: Delivering touch to (5639): action: 0x0, f=0x1, d=0, '110164c', t=0 +(-84,-181)*(1.12)
09-25 13:19:19.324  5369  5369 I TouchInteractionService: onInputEvent, inputConsumer = com.android.quickstep.l2@2290d17
09-25 13:19:19.325  5639  5639 I ViewRootImpl@303126e[MainActivity]: ViewPostIme pointer 0
09-25 13:19:19.325  8328  8328 I SemDvfsHyPerManager: acquire hyper - TATouchBoost/8328@25, type = 1090523139
09-25 13:19:19.325  1809  1855 I HYPER-HAL: [RequestManager.cpp]acquire(): Acquired ID : 34890506  [8328 / 25]    HINT :      list : [TABoost / 1] [TIMEOUT / 1500]
09-25 13:19:19.326  3108  3228 I GestureDetector: obtain mCurrentDownEvent. id: -940953112 caller: com.android.server.wm.SystemGesturesPointerEventListener.onPointerEvent:203 com.android.server.wm.PointerEventDispatcher.onInputEvent:53 android.view.InputEventReceiver.dispatchInputEvent:285
09-25 13:19:19.327  3108  4157 D SemInputMonitorMotionEvent: [sec_input] CASE3 : tool type change pre(1) : cur(0) : TOOL_TYPE_UNKNOWN com.example.dogglers.MainActivity
09-25 13:19:19.327  3108  3228 I GestureDetector: obtain mCurrentDownEvent. id: -940953112 caller: com.android.server.wm.SystemPerformancePointerEventListener.onPointerEvent:89 com.android.server.wm.PointerEventDispatcher.onInputEvent:53 android.view.InputEventReceiver.dispatchInputEvent:285
09-25 13:19:19.327  3108  4157 D SemInputDeviceHqmData: increaseCount mCase3Count:201tempStr2:201 2023/0925/13:19:19 C com.example.dogglers.MainActivity com.example.dogglers
09-25 13:19:19.327  3108  4157 D SemInputDeviceHqmHelper: sendLoggingDataToHQM() Server update !!! basic_custom "CASA":"0","CASB":"0"
09-25 13:19:19.329  1914  1914 I Layer   : id=161999 removedFromDrawingState Surface(name=6a358c3 InputMethod)/@0x1a6cc79 - animation-leash of insets_animation#161999 (334)
09-25 13:19:19.329  1914  1914 I SurfaceFlinger: id=161999 Removed Surface(name=6a358c3 InputMethod)/@0x1a6cc79 - animation-leash of insets_animation#161999 (334)
09-25 13:19:19.329  1914  1914 I Layer   : id=161999 Destroyed Surface(name=6a358c3 InputMethod)/@0x1a6cc79 - animation-leash of insets_animation#161999
09-25 13:19:19.330  4768  4860 I ViewRootImpl@c8e9181[dogglers]: mWNT: t=0xb400007731f00500 mBlastBufferQueue=0xb400007705019c80 fn= 3 caller= android.view.SyncRtSurfaceTransactionApplier.applyTransaction:96 android.view.SyncRtSurfaceTransactionApplier.lambda$scheduleApply$0$android-view-SyncRtSurfaceTransactionApplier:69 android.view.SyncRtSurfaceTransactionApplier$$ExternalSyntheticLambda0.onFrameDraw:4
09-25 13:19:19.331  3108  6456 D InputMethodManagerService: isImeSwitcherDisabledPackage : false
09-25 13:19:19.332   586   586 I InputMethodService: removeImeSurface
09-25 13:19:19.332   586   586 I MSHandlerLifeCycle: check: return. pkg=com.google.android.inputmethod.latin isActivity=false callers=com.android.internal.policy.DecorView.setVisibility:4412 android.app.Dialog.hide:767 android.inputmethodservice.InputMethodService.removeImeSurface:1290 android.inputmethodservice.InputMethodService.scheduleImeSurfaceRemoval:1279 android.inputmethodservice.InputMethodService.-$$Nest$mscheduleImeSurfaceRemoval:0
09-25 13:19:19.332   586   586 I MSHandlerLifeCycle: removeMultiSplitHandler: no exist. decor=DecorView@3ddf8c7[InputMethod]
09-25 13:19:19.338  4768  4861 I ViewRootImpl@c8e9181[dogglers]: mWNT: t=0xb400007731efad00 mBlastBufferQueue=0xb400007705019c80 fn= 4 caller= android.view.SyncRtSurfaceTransactionApplier.applyTransaction:96 android.view.SyncRtSurfaceTransactionApplier.lambda$scheduleApply$0$android-view-SyncRtSurfaceTransactionApplier:69 android.view.SyncRtSurfaceTransactionApplier$$ExternalSyntheticLambda0.onFrameDraw:4
09-25 13:19:19.346  4768  4860 I ViewRootImpl@c8e9181[dogglers]: mWNT: t=0xb400007732012400 mBlastBufferQueue=0xb400007705019c80 fn= 5 caller= android.view.SyncRtSurfaceTransactionApplier.applyTransaction:96 android.view.SyncRtSurfaceTransactionApplier.lambda$scheduleApply$0$android-view-SyncRtSurfaceTransactionApplier:69 android.view.SyncRtSurfaceTransactionApplier$$ExternalSyntheticLambda0.onFrameDraw:4
09-25 13:19:19.351  5369  8241 I RecentModel: onTaskStackChangedBackground
09-25 13:19:19.352  8328  8651 I SemDvfsHyPerManager: acquire hyper - TABaseBoost/8328@24, type = 1090523139
09-25 13:19:19.352  1809  1855 I HYPER-HAL: [RequestManager.cpp]acquire(): Acquired ID : 34882152  [8328 / 24]    HINT :      list : [TABoost / 1]
09-25 13:19:19.354  8130 22447 I [AirCmd]_ActivitySwitchDetector: onTaskStackChanged : componentName - ComponentInfo{com.example.dogglers/com.example.dogglers.MainActivity}
09-25 13:19:19.354  8130 22447 I [AirCmd]_ActivitySwitchDetector: onTaskStackChanged : mTopMostActivity - ComponentInfo{com.example.dogglers/androidx.test.core.app.InstrumentationActivityInvoker$BootstrapActivity}
09-25 13:19:19.354  5369  5741 I RecentTasksList: loadTasksInBackground : groupTask = GroupTask{task1=[id=6869 windowingMode=1 user=0 lastActiveTime=1366856278] null, task2=null, task3=null, mStagedSplitBounds=null}
09-25 13:19:19.354  5369  5741 I RecentTasksList: loadTasksInBackground : groupTask = GroupTask{task1=[id=6898 windowingMode=1 user=0 lastActiveTime=1367009547] null, task2=null, task3=null, mStagedSplitBounds=null}
09-25 13:19:19.354  5369  5741 I RecentTasksList: loadTasksInBackground : groupTask = GroupTask{task1=[id=7107 windowingMode=1 user=0 lastActiveTime=1370085508] null, task2=null, task3=null, mStagedSplitBounds=null}
09-25 13:19:19.354  8130 22447 I [AirCmd]_CallbackRepeater: stopRepeat : isWorking=false
09-25 13:19:19.354  8130 22447 I [AirCmd]_MediaControlStateMonitor: isForegroundAppSupportsMediaButton : mediaSession is empty
09-25 13:19:19.355  8130 22447 I [AirCmd]_MediaControlStateMonitor: active Notification List is null
09-25 13:19:19.355  8130 22447 I [AirCmd]_RemoteSpenMainController: hasGeneralAction : packageName is com.example.dogglers, activityName is com.example.dogglers.MainActivity, hasActions is false
09-25 13:19:19.355  8130 22447 I [AirCmd]_CameraAvailabilityMonitor: isCameraPreviewOn : mIsCameraPreviewOn is false
09-25 13:19:19.355  4768  4861 I ViewRootImpl@c8e9181[dogglers]: mWNT: t=0xb40000773207a300 mBlastBufferQueue=0xb400007705019c80 fn= 6 caller= android.view.SyncRtSurfaceTransactionApplier.applyTransaction:96 android.view.SyncRtSurfaceTransactionApplier.lambda$scheduleApply$0$android-view-SyncRtSurfaceTransactionApplier:69 android.view.SyncRtSurfaceTransactionApplier$$ExternalSyntheticLambda0.onFrameDraw:4
09-25 13:19:19.356  8130 22447 I [AirCmd]_CameraAvailabilityMonitor: isCameraPreviewOn : mIsCameraPreviewOn is false
09-25 13:19:19.357  8130 22447 I [AirCmd]_MediaControlStateMonitor: isForegroundAppSupportsMediaButton : mediaSession is empty
09-25 13:19:19.357  8130 22447 I [AirCmd]_MediaControlStateMonitor: active Notification List is null
09-25 13:19:19.357  8130 22447 I [AirCmd]_PenActionRule: getAction : get default action data from remote action because pen action data is null.
09-25 13:19:19.357  8130 22447 I [AirCmd]_ButtonActionDetector: enableDoubleClickDetection: enabled=true, doubleClickWaitInterval=300
09-25 13:19:19.357  8130 22447 I [AirCmd]_RemoteSpenMainController: onSwitch : package is com.example.dogglers   and activity is com.example.dogglers.MainActivity and isBleConnected is false and hasActions is false
09-25 13:19:19.363  4768  4860 I ViewRootImpl@c8e9181[dogglers]: mWNT: t=0xb40000773209ec00 mBlastBufferQueue=0xb400007705019c80 fn= 7 caller= android.view.SyncRtSurfaceTransactionApplier.applyTransaction:96 android.view.SyncRtSurfaceTransactionApplier.lambda$scheduleApply$0$android-view-SyncRtSurfaceTransactionApplier:69 android.view.SyncRtSurfaceTransactionApplier$$ExternalSyntheticLambda0.onFrameDraw:4
09-25 13:19:19.365  3108  4606 D InputDispatcher: Inject motion (5639/10577): action=0x1, time=811537327000000, f=0x0, d=0 dsdx=1.000000 dtdx=0.000000
09-25 13:19:19.365  3108  4144 I InputDispatcher: Delivering touch to (5639): action: 0x1, f=0x1, d=0, '110164c', t=1 +(-51,-110)*(1.07)
09-25 13:19:19.365  5639  5639 I ViewRootImpl@303126e[MainActivity]: ViewPostIme pointer 1
09-25 13:19:19.365  5369  5369 I TouchInteractionService: reset
09-25 13:19:19.365  3108  3228 I GestureDetector: obtain mCurrentMotionEventRaw. action: 1 id: -272839601
09-25 13:19:19.365  4768  8227 V Navbar.Store: --handleEvent(0) ResetBottomGestureHintVI(noArguments=true) [Module]
09-25 13:19:19.365  4768  8227 V Navbar.Store: ----[Band]GESTURE_PACK_RESET_HINT_VI
09-25 13:19:19.365  3108  3228 I GestureDetector: obtain mCurrentMotionEventRaw. action: 1 id: -272839601
09-25 13:19:19.366  3108  4157 D SemInputMonitorMotionEvent: [sec_input] CASE3 : tool type change pre(0) : cur(1) : TOOL_TYPE_FINGER com.example.dogglers.MainActivity
09-25 13:19:19.366  3108  4157 D SemInputDeviceHqmData: increaseCount mCase3Count:202tempStr2:202 2023/0925/13:19:19 C com.example.dogglers.MainActivity com.example.dogglers
09-25 13:19:19.366  3108  3230 I ChimeraSystemEventListener: appLaunchIntent package name is: com.example.dogglers
09-25 13:19:19.366  3108  4157 D SemInputDeviceHqmHelper: sendLoggingDataToHQM() Server update !!! basic_custom "CASA":"0","CASB":"0"
09-25 13:19:19.367  3108  4606 I SemDvfsHyPerManager: acquire hyper - AMS_ACT_START/3108@18, type = -999
09-25 13:19:19.367  1809  1855 I HYPER-HAL: [RequestManager.cpp]acquire(): Acquired ID : 4887519  [3108 / 18]    HINT : AMS_ACT_START    list :
09-25 13:19:19.368  1914  3199 I SurfaceFlinger: id=162016 createSurf, flag=80004, ActivityRecord{c62c18b u0 com.example.dogglers/.GridListActivity} t7107}#162016
09-25 13:19:19.371  4768  4851 D OpenGLRenderer: setSurface called with nullptr
09-25 13:19:19.371  4768  4851 D OpenGLRenderer: setSurface() destroyed EGLSurface
09-25 13:19:19.372  4768  4851 D OpenGLRenderer: destroyEglSurface
09-25 13:19:19.373  2229  7168 I CameraService: onUidStateChanged: uid=10042, procState is changed. (1 -> 0)
09-25 13:19:19.373  4768  4843 I ViewRootImpl@c8e9181[dogglers]: performTraversals params={(0,0)(fillxfill) sim={adjust=pan} ty=APPLICATION_STARTING fmt=TRANSLUCENT wanim=0x1030001 alpha=0.0
09-25 13:19:19.373  4768  4843 I ViewRootImpl@c8e9181[dogglers]:   fl=81030118
09-25 13:19:19.373  4768  4843 I ViewRootImpl@c8e9181[dogglers]:   pfl=16000010
09-25 13:19:19.373  4768  4843 I ViewRootImpl@c8e9181[dogglers]:   bhv=DEFAULT
09-25 13:19:19.373  4768  4843 I ViewRootImpl@c8e9181[dogglers]:   fitSides= naviIconColor=0}
09-25 13:19:19.373  1914  4196 I SurfaceFlinger: id=162017 createSurf, flag=80000, e8b9b5a ActivityRecordInputSink com.example.dogglers/.GridListActivity#162017
09-25 13:19:19.373  4768  4843 I ViewRootImpl@c8e9181[dogglers]: performTraversals mFirst=false windowShouldResize=false viewVisibilityChanged=true mForceNextWindowRelayout=false params={(0,0)(fillxfill) sim={adjust=pan} ty=APPLICATION_STARTING fmt=TRANSLUCENT wanim=0x1030001 alpha=0.0
09-25 13:19:19.373  4768  4843 I ViewRootImpl@c8e9181[dogglers]:   fl=81030118
09-25 13:19:19.373  4768  4843 I ViewRootImpl@c8e9181[dogglers]:   pfl=16000010
09-25 13:19:19.373  4768  4843 I ViewRootImpl@c8e9181[dogglers]:   bhv=DEFAULT
09-25 13:19:19.373  4768  4843 I ViewRootImpl@c8e9181[dogglers]:   fitSides= naviIconColor=0}
09-25 13:19:19.375  3108  3230 D PersonaActivityHelper: Activity not in resumed state, do not run immediate lock
09-25 13:19:19.376  5759  5759 E pageboostd: Received HALT command code 2
09-25 13:19:19.376  3108  9815 V WindowManager: Relayout Window{7f623fb u0 Splash Screen com.example.dogglers}: viewVisibility=8 req=1440x3088 d0
09-25 13:19:19.378  3108  9815 V WindowManager: Relayout hash=7f623fb, pid=4768, syncId=-1: mAttrs={(0,0)(fillxfill) sim={adjust=pan} ty=APPLICATION_STARTING fmt=TRANSLUCENT wanim=0x1030001 alpha=0.0
09-25 13:19:19.378  3108  9815 V WindowManager:   fl=81030118
09-25 13:19:19.378  3108  9815 V WindowManager:   pfl=16000010
09-25 13:19:19.378  3108  9815 V WindowManager:   bhv=DEFAULT
09-25 13:19:19.378  3108  9815 V WindowManager:   fitSides= naviIconColor=0}
09-25 13:19:19.378  5639  5639 D LifecycleMonitor: Lifecycle status change: com.example.dogglers.MainActivity@106fcac in: PAUSED
09-25 13:19:19.378  5639  5639 V ActivityScenario: Update currentActivityStage to PAUSED, currentActivity=com.example.dogglers.MainActivity@106fcac
09-25 13:19:19.378  4768  4843 I ViewRootImpl@c8e9181[dogglers]: Relayout returned: old=(0,0,1440,3088) new=(0,0,1440,3088) req=(1440,3088)8 dur=5 res=0x2 s={false 0x0} ch=true seqId=0
09-25 13:19:19.380  3108  3145 D InputDispatcher: Focused application(0): ActivityRecord{c62c18b u0 com.example.dogglers/.GridListActivity} t7107}
09-25 13:19:19.381  3108 29076 D RemoteAppTaskWatcher:  ****** RemoteAppTaskWatcher: Message Received 5 Task ID = 0
09-25 13:19:19.382  1914  1914 D SurfaceFlinger: Display 4630947093241269891 HWC layers:
09-25 13:19:19.382  1914  1914 D SurfaceFlinger:      CLIENT | 0xb400007af6c13480 | 0100 | RGBx_8888    |  592.0    0.0 1628.0 2220.0 |    0    0 1440 3088 | Wallpaper BBQ wrapper#90
09-25 13:19:19.382  1914  1914 D SurfaceFlinger:      CLIENT | 0xb400007af86b8680 | 0100 | RGBA_8888    |    0.0    0.0 1440.0 3088.0 |    0    0 1440 3088 | com.sec.android.app.launcher/com.sec[...]rActivity$_5369#161993 (blurRegions)
09-25 13:19:19.382  1914  1914 D SurfaceFlinger:      DEVICE | 0xb400007af86f9900 | 0102 | RGBA_8888    |    0.0    0.0 1440.0 3088.0 |   39   84 1401 3004 | com.example.dogglers/com.example.dogglers.MainActivity$_5639#162011
09-25 13:19:19.382  1914  1914 D SurfaceFlinger:      DEVICE | 0xb400007af6c14880 | 0100 | RGBA_8888    |    0.0    0.0 1440.0  100.0 |    0    0 1440  100 | StatusBar$_4768#95
09-25 13:19:19.382  1914  1914 D SurfaceFlinger:      DEVICE | 0xb400007af8705400 | 0100 | RGBA_8888    |    0.0    0.0   67.0  589.0 |    0  562   67 1151 | com.samsung.android.app.cocktailbars[...]vice.CocktailBarService$_8423#156853
09-25 13:19:19.382  1914  1914 D SurfaceFlinger:      DEVICE | 0xb400007af8705500 | 0100 | RGBA_8888    |    0.0    0.0  518.0   48.0 |  922 3040 1440 3088 | SGestureOverlayWindow$_5369#156268
09-25 13:19:19.382  1914  1914 D SurfaceFlinger:      DEVICE | 0xb400007af6
09-25 13:19:19.383  1914  1914 D SurfaceFlinger: c15880 | 0100 | RGBA_8888    |    0.0    0.0 1440.0  168.0 |    0 2920 1440 3088 | NavigationBar0$_4768#92
09-25 13:19:19.383  1914  1914 D SurfaceFlinger:
09-25 13:19:19.384  4768  4843 I ViewRootImpl@c8e9181[dogglers]: dispatchDetachedFromWindow
09-25 13:19:19.384  3108  3145 D InputTransport: Input channel destroyed: '7f623fb', fd=1058
09-25 13:19:19.384  3108  3145 W InputManager-JNI: Input channel object '7f623fb Splash Screen com.example.dogglers (client)' was disposed without first being removed with the input manager!
09-25 13:19:19.385  3108  3145 D InputTransport: Input channel destroyed: '7f623fb', fd=1065
09-25 13:19:19.386  4768  4843 D InputTransport: Input channel destroyed: '7f623fb', fd=212
09-25 13:19:19.387 15715 18710 I WindowsLink: (TaskInfoManager) +++++++++++onRecentTaskStackUpdated
09-25 13:19:19.387  5639  5639 D LifecycleMonitor: Lifecycle status change: com.example.dogglers.GridListActivity@416587e in: PRE_ON_CREATE
09-25 13:19:19.387  3108  3230 I SemPersonaManager: SecureFolder personaId = 150
09-25 13:19:19.387  5639  5639 V ActivityScenario: Activity lifecycle changed event received but ignored because the intent does not match. startActivityIntent=Intent { act=android.intent.action.MAIN cat=[android.intent.category.LAUNCHER] cmp=com.example.dogglers/.MainActivity }, activity.getIntent()=Intent { cmp=com.example.dogglers/.GridListActivity }, activity=com.example.dogglers.GridListActivity@416587e
09-25 13:19:19.387  1914  1914 I SurfaceFlinger: [110164c com.example.dogglers/com.example.dogglers.MainActivity#162010] FrameRatePriority: -1
09-25 13:19:19.388  1914  1914 I Layer   : id=162014 removedFromDrawingState Surface(name=110164c com.example.dogglers/com.example.dogglers.MainActivity)/@0x2300313 - animation-leash of starting_reveal#162014 (335)
09-25 13:19:19.389  3108  6472 D InputDispatcher: Focus left window (0): 110164c com.example.dogglers/com.example.dogglers.MainActivity
09-25 13:19:19.391  5639  5639 I DecorView: [INFO] isPopOver=false config=true
09-25 13:19:19.391  5639  5639 I DecorView: updateCaptionType: isFloating=false isApplication=true hasWindowDecorCaption=false this=DecorView@51616c4[]
09-25 13:19:19.392  5639  5639 D DecorView: setCaptionType = 0, this = DecorView@51616c4[]
09-25 13:19:19.392  5639  5639 I DecorView: getCurrentDensityDpi: from real metrics. densityDpi=560 msg=resources_loaded
09-25 13:19:19.392  5639  5639 I DecorView: setWindowBackground: isPopOver=false color=ff121212 d=android.graphics.drawable.ColorDrawable@3a554e2
09-25 13:19:19.392  3108  3230 D EnterpriseDeviceManagerService: isMdmAdminPresentInternal() : MDM Admin Found - com.samsung.knox.securefolder
09-25 13:19:19.394  8423  8423 I ActivityUtils: HomePackage : com.sec.android.app.launcher, resumePackageName : com.example.dogglers
09-25 13:19:19.394  3108  6142 I MediaSessionMonitor: Media session stopped : controllerList empty
09-25 13:19:19.395  5639  5639 D LifecycleMonitor: Lifecycle status change: com.example.dogglers.GridListActivity@416587e in: CREATED
09-25 13:19:19.395  5639  5639 V ActivityScenario: Activity lifecycle changed event received but ignored because the intent does not match. startActivityIntent=Intent { act=android.intent.action.MAIN cat=[android.intent.category.LAUNCHER] cmp=com.example.dogglers/.MainActivity }, activity.getIntent()=Intent { cmp=com.example.dogglers/.GridListActivity }, activity=com.example.dogglers.GridListActivity@416587e
09-25 13:19:19.396  5639  5639 D LifecycleMonitor: Lifecycle status change: com.example.dogglers.GridListActivity@416587e in: STARTED
09-25 13:19:19.396  5639  5639 V ActivityScenario: Activity lifecycle changed event received but ignored because the intent does not match. startActivityIntent=Intent { act=android.intent.action.MAIN cat=[android.intent.category.LAUNCHER] cmp=com.example.dogglers/.MainActivity }, activity.getIntent()=Intent { cmp=com.example.dogglers/.GridListActivity }, activity=com.example.dogglers.GridListActivity@416587e
09-25 13:19:19.396  5639  5639 D LifecycleMonitor: Lifecycle status change: com.example.dogglers.GridListActivity@416587e in: RESUMED
09-25 13:19:19.396  5639  5639 V ActivityScenario: Activity lifecycle changed event received but ignored because the intent does not match. startActivityIntent=Intent { act=android.intent.action.MAIN cat=[android.intent.category.LAUNCHER] cmp=com.example.dogglers/.MainActivity }, activity.getIntent()=Intent { cmp=com.example.dogglers/.GridListActivity }, activity=com.example.dogglers.GridListActivity@416587e
09-25 13:19:19.397  5639  5639 I MSHandlerLifeCycle: check: return. pkg=com.example.dogglers parent=null callers=com.android.internal.policy.DecorView.setVisibility:4412 android.app.ActivityThread.handleResumeActivity:5476 android.app.servertransaction.ResumeActivityItem.execute:54 android.app.servertransaction.ActivityTransactionItem.execute:45 android.app.servertransaction.TransactionExecutor.executeLifecycleState:176
09-25 13:19:19.397  5639  5639 I MSHandlerLifeCycle: removeMultiSplitHandler: no exist. decor=DecorView@51616c4[]
09-25 13:19:19.399  5639  5729 D NativeCustomFrequencyManager: [NativeCFMS] BpCustomFrequencyManager::BpCustomFrequencyManager()
09-25 13:19:19.400  3108  9815 D InputTransport: Input channel constructed: '4fba1f1', fd=1336
09-25 13:19:19.400  3108  9815 D InputTransport: Input channel constructed: '4fba1f1', fd=1337
09-25 13:19:19.400  3108  9815 D InputTransport: Input channel constructed: '4fba1f1', fd=1353
09-25 13:19:19.400  1914  4196 I SurfaceFlinger: id=162018 createSurf, flag=80004, 4fba1f1 com.example.dogglers/com.example.dogglers.GridListActivity#162018
09-25 13:19:19.402  3108  9815 D InputTransport: Input channel destroyed: '4fba1f1', fd=1353
09-25 13:19:19.403  5639  5639 D InsetsController: onStateChanged: InsetsState: {mDisplayFrame=Rect(0, 0 - 1440, 3088), mDisplayCutout=DisplayCutout{insets=Rect(0, 100 - 0, 0) waterfall=Insets{left=0, top=0, right=0, bottom=0} boundingRect={Bounds=[Rect(0, 0 - 0, 0), Rect(685, 0 - 756, 100), Rect(0, 0 - 0, 0), Rect(0, 0 - 0, 0)]} cutoutPathParserInfo={CutoutPathParserInfo{displayWidth=1440 displayHeight=3088 physicalDisplayWidth=1440 physicalDisplayHeight=3088 density={3.75} cutoutSpec={M 0,0 H -9.466666666666667 V 26.66666666666667‬ H 9.466666666666667 V 0 H 0 Z @dp} rotation={0} scale={1.0} physicalPixelDisplaySizeRatio={1.0}}}}, mRoundedCorners=RoundedCorners{[RoundedCorner{position=TopLeft, radius=14, center=Point(14, 14)}, RoundedCorner{position=TopRight, radius=14, center=Point(1426, 14)}, RoundedCorner{position=BottomRight, radius=14, center=Point(1426, 3074)}, RoundedCorner{position=BottomLeft, radius=14, center=Point(14, 3074)}]}  mRoundedCornerFrame=Rect(0, 0 - 1440, 3088), mPrivacyIndicatorBounds=PrivacyIndicatorBounds {static bounds=Rect(1286, 0 - 1440, 100) rotation=0}, mSources= { InsetsSource: {mType=ITYPE_STATUS_BAR, mFrame=[0,0][1440,100], mVisible=true, mInsetsRoundedCornerFrame=false}, InsetsSource: {mType=ITYPE_NAVIGATION_BAR, mFrame=[0,3088][1440,3088], mVisible=true, mInsetsRoundedCornerFrame=false}, InsetsSource: {mType=ITYPE_LEFT_GESTURES, mFrame=[0,0][0,3088], mVisible=true, mInsetsRoundedCornerFrame=false}, InsetsSource: {mType=ITYPE_RIGHT_GESTURES, mFrame=[1440,0][1440,3088], mVisible=true, mInsetsRoundedCornerFrame=false}, InsetsSource: {mType=ITYPE_TOP_MANDATORY_GESTURES, mFrame=[0,0][1440,142], mVisible=true, mInsetsRoundedCornerFrame=false}, InsetsSource: {mType=ITYPE_BOTTOM_MANDATORY_GESTURES, mFrame=[0,3018][1440,3088], mVisible=true, mInsetsRoundedCornerFrame=false}, InsetsSource: {mType=ITYPE_LEFT_DISPLAY_CUTOUT, mFrame=[0,0][-100000,3088], mVisible=true, mInsetsRoundedCornerFrame=false}, InsetsSource: {mType=ITYPE_TOP_DISPLAY_CUTOUT, mFrame=[0,0][1440,100], mVisible=true, mInsetsRoundedCornerFrame=false}, InsetsSource: {mType=ITYPE_RIGHT_DISPLAY_CUTOUT, mFrame=[100000,0][1440,3088], mVisible=true, mInsetsRoundedCornerFrame=false}, InsetsSource: {mType=ITYPE_BOTTOM_DISPLAY_CUTOUT, mFrame=[0,100000][1440,3088], mVisible=true, mInsetsRoundedCornerFrame=false}, InsetsSource: {mType=ITYPE_TOP_TAPPABLE_ELEMENT, mFrame=[0,0][1440,100], mVisible=true, mInsetsRoundedCornerFrame=false}, InsetsSource: {mType=ITYPE_BOTTOM_TAPPABLE_ELEMENT, mFrame=[0,0][0,0], mVisible=true, mInsetsRoundedCornerFrame=false} } host=com.example.dogglers/com.example.dogglers.GridListActivity from=android.view.ViewRootImpl.setView:1732
09-25 13:19:19.405  5639  5639 I ViewRootImpl@757481d[GridListActivity]: setView = com.android.internal.policy.DecorView@51616c4 TM=true
09-25 13:19:19.406  5639  5639 I MSHandlerLifeCycle: removeMultiSplitHandler: no exist. decor=DecorView@51616c4[GridListActivity]
09-25 13:19:19.407  3108  3338 D AnalyticsContainerHandler: handleMessage : { when=0 what=1 target=com.android.server.knox.KnoxAnalyticsContainer$AnalyticsHandler }
09-25 13:19:19.408  5639  5639 I ViewRootImpl@757481d[GridListActivity]: performTraversals params={(0,0)(fillxfill) sim={adjust=resize forwardNavigation} ty=BASE_APPLICATION wanim=0x1030309
09-25 13:19:19.408  5639  5639 I ViewRootImpl@757481d[GridListActivity]:   fl=81810100
09-25 13:19:19.408  5639  5639 I ViewRootImpl@757481d[GridListActivity]:   pfl=12020040
09-25 13:19:19.408  5639  5639 I ViewRootImpl@757481d[GridListActivity]:   bhv=DEFAULT
09-25 13:19:19.408  5639  5639 I ViewRootImpl@757481d[GridListActivity]:   fitSides= naviIconColor=0}
09-25 13:19:19.409  5639  5639 I ViewRootImpl@757481d[GridListActivity]: performTraversals mFirst=true windowShouldResize=true viewVisibilityChanged=false mForceNextWindowRelayout=false params={(0,0)(fillxfill) sim={adjust=resize forwardNavigation} ty=BASE_APPLICATION wanim=0x1030309
09-25 13:19:19.409  5639  5639 I ViewRootImpl@757481d[GridListActivity]:   fl=81810100
09-25 13:19:19.409  5639  5639 I ViewRootImpl@757481d[GridListActivity]:   pfl=12020040
09-25 13:19:19.409  5639  5639 I ViewRootImpl@757481d[GridListActivity]:   bhv=DEFAULT
09-25 13:19:19.409  5639  5639 I ViewRootImpl@757481d[GridListActivity]:   fitSides= naviIconColor=0}
09-25 13:19:19.409  3108  9815 V WindowManager: Relayout Window{4fba1f1 u0 com.example.dogglers/com.example.dogglers.GridListActivity}: viewVisibility=0 req=1440x3088 d0
09-25 13:19:19.409  1914  4196 I SurfaceFlinger: id=162019 createSurf, flag=40004, com.example.dogglers/com.example.dogglers.GridListActivity$_5639#162019
09-25 13:19:19.413  1914  4196 I SurfaceFlinger: id=162020 createSurf, flag=24000, Surface(name=4eb27f5 StatusBar)/@0x43fa543 - animation-leash of insets_animation#162020
09-25 13:19:19.415  1914  2140 I SurfaceFlinger: id=162021 createSurf, flag=24000, Surface(name=d110b4c NavigationBar0)/@0x8bdb781 - animation-leash of insets_animation#162021
09-25 13:19:19.417  3108  9815 V WindowManager: Relayout hash=4fba1f1, pid=5639, syncId=-1: mAttrs={(0,0)(fillxfill) sim={adjust=resize forwardNavigation} ty=BASE_APPLICATION wanim=0x1030309
09-25 13:19:19.417  3108  9815 V WindowManager:   fl=81810100
09-25 13:19:19.417  3108  9815 V WindowManager:   pfl=12020040
09-25 13:19:19.417  3108  9815 V WindowManager:   bhv=DEFAULT
09-25 13:19:19.417  3108  9815 V WindowManager:   fitSides= naviIconColor=0}
09-25 13:19:19.418  5639  5639 D InsetsController: onStateChanged: InsetsState: {mDisplayFrame=Rect(0, 0 - 1440, 3088), mDisplayCutout=DisplayCutout{insets=Rect(0, 100 - 0, 0) waterfall=Insets{left=0, top=0, right=0, bottom=0} boundingRect={Bounds=[Rect(0, 0 - 0, 0), Rect(685, 0 - 756, 100), Rect(0, 0 - 0, 0), Rect(0, 0 - 0, 0)]} cutoutPathParserInfo={CutoutPathParserInfo{displayWidth=1440 displayHeight=3088 physicalDisplayWidth=1440 physicalDisplayHeight=3088 density={3.75} cutoutSpec={M 0,0 H -9.466666666666667 V 26.66666666666667‬ H 9.466666666666667 V 0 H 0 Z @dp} rotation={0} scale={1.0} physicalPixelDisplaySizeRatio={1.0}}}}, mRoundedCorners=RoundedCorners{[RoundedCorner{position=TopLeft, radius=14, center=Point(14, 14)}, RoundedCorner{position=TopRight, radius=14, center=Point(1426, 14)}, RoundedCorner{position=BottomRight, radius=14, center=Point(1426, 3074)}, RoundedCorner{position=BottomLeft, radius=14, center=Point(14, 3074)}]}  mRoundedCornerFrame=Rect(0, 0 - 1440, 3088), mPrivacyIndicatorBounds=PrivacyIndicatorBounds {static bounds=Rect(1286, 0 - 1440, 100) rotation=0}, mSources= { InsetsSource: {mType=ITYPE_STATUS_BAR, mFrame=[0,0][1440,100], mVisible=true, mInsetsRoundedCornerFrame=false}, InsetsSource: {mType=ITYPE_NAVIGATION_BAR, mFrame=[0,3088][1440,3088], mVisible=true, mInsetsRoundedCornerFrame=false}, InsetsSource: {mType=ITYPE_LEFT_GESTURES, mFrame=[0,0][0,3088], mVisible=true, mInsetsRoundedCornerFrame=false}, InsetsSource: {mType=ITYPE_RIGHT_GESTURES, mFrame=[1440,0][1440,3088], mVisible=true, mInsetsRoundedCornerFrame=false}, InsetsSource: {mType=ITYPE_TOP_MANDATORY_GESTURES, mFrame=[0,0][1440,142], mVisible=true, mInsetsRoundedCornerFrame=false}, InsetsSource: {mType=ITYPE_BOTTOM_MANDATORY_GESTURES, mFrame=[0,3018][1440,3088], mVisible=true, mInsetsRoundedCornerFrame=false}, InsetsSource: {mType=ITYPE_LEFT_DISPLAY_CUTOUT, mFrame=[0,0][-100000,3088], mVisible=true, mInsetsRoundedCornerFrame=false}, InsetsSource: {mType=ITYPE_TOP_DISPLAY_CUTOUT, mFrame=[0,0][1440,100], mVisible=true, mInsetsRoundedCornerFrame=false}, InsetsSource: {mType=ITYPE_RIGHT_DISPLAY_CUTOUT, mFrame=[100000,0][1440,3088], mVisible=true, mInsetsRoundedCornerFrame=false}, InsetsSource: {mType=ITYPE_BOTTOM_DISPLAY_CUTOUT, mFrame=[0,100000][1440,3088], mVisible=true, mInsetsRoundedCornerFrame=false}, InsetsSource: {mType=ITYPE_TOP_TAPPABLE_ELEMENT, mFrame=[0,0][1440,100], mVisible=true, mInsetsRoundedCornerFrame=false}, InsetsSource: {mType=ITYPE_BOTTOM_TAPPABLE_ELEMENT, mFrame=[0,0][0,0], mVisible=true, mInsetsRoundedCornerFrame=false}, InsetsSource: {mType=ITYPE_IME, mFrame=[0,0][0,0], mVisibleFrame=[0,3088][1440,3088], mVisible=false, mInsetsRoundedCornerFrame=false} } host=com.example.dogglers/com.example.dogglers.GridListActivity from=android.view.ViewRootImpl.relayoutWindow:9802
09-25 13:19:19.419  5639  5639 I ViewRootImpl@757481d[GridListActivity]: updateBlastSurfaceIfNeeded mBlastBufferQueue=null isSameSurfaceControl=false
09-25 13:19:19.419  5639  5639 I BLASTBufferQueue: new BLASTBufferQueue, mName= ViewRootImpl@757481d[GridListActivity] mNativeObject= 0xb4000077a1040a80 sc.mNativeObject= 0xb4000077b1d39d60 caller= android.view.ViewRootImpl.updateBlastSurfaceIfNeeded:2909 android.view.ViewRootImpl.relayoutWindow:9847 android.view.ViewRootImpl.performTraversals:3884 android.view.ViewRootImpl.doTraversal:3116 android.view.ViewRootImpl$TraversalRunnable.run:10885 android.view.Choreographer$CallbackRecord.run:1301 android.view.Choreographer$CallbackRecord.run:1309 android.view.Choreographer.doCallbacks:923 android.view.Choreographer.doFrame:852 android.view.Choreographer$FrameDisplayEventReceiver.run:1283
09-25 13:19:19.419  5639  5639 I BLASTBufferQueue: update, w= 1440 h= 3088 mName = ViewRootImpl@757481d[GridListActivity] mNativeObject= 0xb4000077a1040a80 sc.mNativeObject= 0xb4000077b1d39d60 format= -1 caller= android.graphics.BLASTBufferQueue.<init>:84 android.view.ViewRootImpl.updateBlastSurfaceIfNeeded:2909 android.view.ViewRootImpl.relayoutWindow:9847 android.view.ViewRootImpl.performTraversals:3884 android.view.ViewRootImpl.doTraversal:3116 android.view.ViewRootImpl$TraversalRunnable.run:10885
09-25 13:19:19.419  5639  5639 I ViewRootImpl@757481d[GridListActivity]: Relayout returned: old=(0,0,1440,3088) new=(0,0,1440,3088) req=(1440,3088)0 dur=10 res=0x3 s={true 0xb40000774d76d000} ch=true seqId=0
09-25 13:19:19.420  5639  5639 I ViewRootImpl@757481d[GridListActivity]: performConfigurationChange setNightDimText nightDimLevel=0
09-25 13:19:19.420  5639  5639 I ViewRootImpl@757481d[GridListActivity]: mThreadedRenderer.initialize() mSurface={isValid=true 0xb40000774d76d000} hwInitialized=true
09-25 13:19:19.420  5639  5729 D OpenGLRenderer: eglCreateWindowSurface
09-25 13:19:19.421  1914  1914 I Layer   : id=162012 removedFromDrawingState Surface(name=4eb27f5 StatusBar)/@0x43fa543 - animation-leash of insets_animation#162012 (339)
09-25 13:19:19.421  1914  1914 I Layer   : id=162013 removedFromDrawingState Surface(name=d110b4c NavigationBar0)/@0x8bdb781 - animation-leash of insets_animation#162013 (339)
09-25 13:19:19.421  1914  1914 I SurfaceFlinger: [4fba1f1 com.example.dogglers/com.example.dogglers.GridListActivity#162018] FrameRatePriority: 1
09-25 13:19:19.424  3108  6456 D InputDispatcher: Focus request (0): 4fba1f1 com.example.dogglers/com.example.dogglers.GridListActivity but waiting because NOT_VISIBLE
09-25 13:19:19.427  6586  6586 I SAMSUNGWALLET-USBP: [AlertController] Boarding pass alert is not enabled
09-25 13:19:19.427  6586  6586 I SAMSUNGWALLET-USBP: [AlertController] dismiss alert: NO_ALERT
09-25 13:19:19.451  5639  5639 I ViewRootImpl@757481d[GridListActivity]: reportNextDraw android.view.ViewRootImpl.performTraversals:4438 android.view.ViewRootImpl.doTraversal:3116 android.view.ViewRootImpl$TraversalRunnable.run:10885 android.view.Choreographer$CallbackRecord.run:1301 android.view.Choreographer$CallbackRecord.run:1309
09-25 13:19:19.451  5639  5639 I ViewRootImpl@757481d[GridListActivity]: Setup new sync id=0
09-25 13:19:19.451  5639  5639 I ViewRootImpl@757481d[GridListActivity]: Setting syncFrameCallback
09-25 13:19:19.451  5639  5639 I ViewRootImpl@757481d[GridListActivity]: registerCallbacksForSync syncBuffer=false
09-25 13:19:19.457  5639  5772 I ViewRootImpl@757481d[GridListActivity]: Received frameDrawingCallback syncResult=0 frameNum=1.
09-25 13:19:19.457  5639  5772 I ViewRootImpl@757481d[GridListActivity]: Setting up sync and frameCommitCallback
09-25 13:19:19.462  5639  5656 I xample.dogglers: Compiler allocated 4167KB to compile void android.widget.TextView.<init>(android.content.Context, android.util.AttributeSet, int, int)
09-25 13:19:19.471  5639  5729 I BLASTBufferQueue: [ViewRootImpl@757481d[GridListActivity]#8](f:0,a:0) onFrameAvailable the first frame is available
09-25 13:19:19.471  5639  5729 I ViewRootImpl@757481d[GridListActivity]: Received frameCommittedCallback lastAttemptedDrawFrameNum=1 didProduceBuffer=true
09-25 13:19:19.472  5639  5729 D OpenGLRenderer: CFMS:: SetUp Pid : 5639    Tid : 5729
09-25 13:19:19.476  5639  5639 I ViewRootImpl@757481d[GridListActivity]: onSyncComplete
09-25 13:19:19.476  5639  5639 I ViewRootImpl@757481d[GridListActivity]: setupSync seqId=0 mSyncId=0 fn=1 caller=android.view.ViewRootImpl$$ExternalSyntheticLambda11.accept:6 android.window.SurfaceSyncer.lambda$setupSync$1$android-window-SurfaceSyncer:128 android.window.SurfaceSyncer$$ExternalSyntheticLambda1.accept:8 android.window.SurfaceSyncer$SyncSet.checkIfSyncIsComplete:382 android.window.SurfaceSyncer$SyncSet.markSyncReady:359 android.window.SurfaceSyncer.markSyncReady:151 android.view.ViewRootImpl.performTraversals:4503
09-25 13:19:19.477  5639  5639 I ViewRootImpl@757481d[GridListActivity]: reportDrawFinished seqId=0 mSyncId=-1 fn=1 mSurfaceChangedTransaction=0xb40000774d51ac00
09-25 13:19:19.477  5639  5639 I ViewRootImpl@303126e[MainActivity]: MSG_WINDOW_FOCUS_CHANGED 0 0
09-25 13:19:19.478  3108  4643 D SemNscXgbMsL1: Probability - Cloud gaming: [0.006024304]
09-25 13:19:19.478  3108  4643 D SemNscXgbMsL1: Probability - Real time: [0.9292952]
09-25 13:19:19.478  3108  4643 D SemNscXgbMsL1: Probability - Non real time: [0.17250267]
09-25 13:19:19.478  3108  4643 D SemNscXgbMsL1: 1 sample inference time: 0.224375 msecs
09-25 13:19:19.478  3108  4643 D SemNscXgbL2Rt: L2 RT 1 sample inference time: 0.440678 msecs
09-25 13:19:19.479  3108  4643 D SemNscXgbL2Nrt: L2 NRT 1 sample inference time: 0.387552 msecs
09-25 13:19:19.480  1914  4196 I SurfaceFlinger: id=162022 createSurf, flag=24000, Surface(name=ActivityRecord{7cb27fd u0 com.example.dogglers/.MainActivity} t7107})/@0x3134950 - animation-leash of app_transition#162022
09-25 13:19:19.483  1914  4196 I SurfaceFlinger: id=162023 createSurf, flag=80004, Surface(name=ActivityRecord{7cb27fd u0 com.example.dogglers/.MainActivity} t7107})/@0x3134950 - animation-bounds#162023
09-25 13:19:19.486  1914  2139 I SurfaceFlinger: id=162013 Removed Surface(name=d110b4c NavigationBar0)/@0x8bdb781 - animation-leash of insets_animation#162013 (341)
09-25 13:19:19.486  1914  2139 I SurfaceFlinger: id=162012 Removed Surface(name=4eb27f5 StatusBar)/@0x43fa543 - animation-leash of insets_animation#162012 (341)
09-25 13:19:19.487  1914  2140 I SurfaceFlinger: id=162024 createSurf, flag=20004, DimAnimationLayer for ActivityRecord{c62c18b u0 com.example.dogglers/.GridListActivity} t7107}#162024
09-25 13:19:19.488  1914  1914 I Layer   : id=162013 Destroyed Surface(name=d110b4c NavigationBar0)/@0x8bdb781 - animation-leash of insets_animation#162013
09-25 13:19:19.488  1914  1914 I Layer   : id=162012 Destroyed Surface(name=4eb27f5 StatusBar)/@0x43fa543 - animation-leash of insets_animation#162012
09-25 13:19:19.489  1914  4196 I SurfaceFlinger: id=162025 createSurf, flag=24004, Surface(name=ActivityRecord{c62c18b u0 com.example.dogglers/.GridListActivity} t7107})/@0x2cbc4c8 - animation-leash of app_transition#162025
09-25 13:19:19.492  1914  4196 I SurfaceFlinger: id=162026 createSurf, flag=80004, Surface(name=ActivityRecord{c62c18b u0 com.example.dogglers/.GridListActivity} t7107})/@0x2cbc4c8 - animation-bounds#162026
09-25 13:19:19.494  3108  3227 I ActivityTaskManager: Displayed com.example.dogglers/.GridListActivity: +127ms
09-25 13:19:19.494  5759  5759 E pageboostd: Received HALT command code 2
09-25 13:19:19.496  3108  6493 I SemDvfsHyPerManager: acquire hyper - AMS_RESUME_TAIL/3108@20, type = -999
09-25 13:19:19.496  3108  6493 I SemDvfsHyPerManager: acquire hyper - AMS_ACT_LAZY/3108@21, type = -999
09-25 13:19:19.496  1914  1914 I Layer   : Layer [com.example.dogglers/com.example.dogglers.GridListActivity$_5639#162019] hidden!! flag(0)
09-25 13:19:19.496  1809  1855 I HYPER-HAL: [RequestManager.cpp]acquire(): Acquired ID : 4893776  [3108 / 20]    HINT : AMS_RESUME_TAIL    list :
09-25 13:19:19.496  1809  1855 I HYPER-HAL: [RequestManager.cpp]acquire(): Acquired ID : 4896906  [3108 / 21]    HINT : AMS_ACT_LAZY    list :
09-25 13:19:19.498  1809  1855 I HYPER-HAL: [RequestManager.cpp]releaseLocked(): Released ID : 4887519
09-25 13:19:19.499  5369  8241 I RecentModel: onTaskStackChangedBackground
09-25 13:19:19.499  1914  1914 I Layer   : id=162027 Destroyed Screenshot Parent#162027
09-25 13:19:19.500  1914  2139 I SurfaceFlinger: id=162028 createSurf, flag=40404, Bottom Edge Extension#162028
09-25 13:19:19.503  1914  2139 I SurfaceFlinger: id=162029 createSurf, flag=400, bbq-wrapper#162029
09-25 13:19:19.504  3108 22320 I BLASTBufferQueue: [bbq-adapter#2948](f:0,a:0) onFrameAvailable the first frame is available
09-25 13:19:19.509  1914  1914 I Layer   : id=162030 Destroyed Screenshot Parent#162030
09-25 13:19:19.510  1914  3199 I SurfaceFlinger: id=162031 createSurf, flag=40404, Top Edge Extension#162031
09-25 13:19:19.510  8130 22447 I [AirCmd]_ActivitySwitchDetector: onTaskStackChanged : componentName - ComponentInfo{com.example.dogglers/com.example.dogglers.GridListActivity}
09-25 13:19:19.510  8130 22447 I [AirCmd]_ActivitySwitchDetector: onTaskStackChanged : mTopMostActivity - ComponentInfo{com.example.dogglers/com.example.dogglers.MainActivity}
09-25 13:19:19.510  8130 22447 I [AirCmd]_CallbackRepeater: stopRepeat : isWorking=false
09-25 13:19:19.510  8130 22447 I [AirCmd]_MediaControlStateMonitor: isForegroundAppSupportsMediaButton : mediaSession is empty
09-25 13:19:19.511  8130 22447 I [AirCmd]_MediaControlStateMonitor: active Notification List is null
09-25 13:19:19.511  8130 22447 I [AirCmd]_RemoteSpenMainController: hasGeneralAction : packageName is com.example.dogglers, activityName is com.example.dogglers.GridListActivity, hasActions is false
09-25 13:19:19.511  8130 22447 I [AirCmd]_CameraAvailabilityMonitor: isCameraPreviewOn : mIsCameraPreviewOn is false
09-25 13:19:19.513  1914  3199 I SurfaceFlinger: id=162032 createSurf, flag=400, bbq-wrapper#162032
09-25 13:19:19.516  3108 22321 I BLASTBufferQueue: [bbq-adapter#2949](f:0,a:0) onFrameAvailable the first frame is available
09-25 13:19:19.518  8130 22447 I [AirCmd]_CameraAvailabilityMonitor: isCameraPreviewOn : mIsCameraPreviewOn is false
09-25 13:19:19.519  8130 22447 I [AirCmd]_MediaControlStateMonitor: isForegroundAppSupportsMediaButton : mediaSession is empty
09-25 13:19:19.519  8130 22447 I [AirCmd]_MediaControlStateMonitor: active Notification List is null
09-25 13:19:19.519  8130 22447 I [AirCmd]_PenActionRule: getAction : get default action data from remote action because pen action data is null.
09-25 13:19:19.520  8130 22447 I [AirCmd]_ButtonActionDetector: enableDoubleClickDetection: enabled=true, doubleClickWaitInterval=300
09-25 13:19:19.520  8130 22447 I [AirCmd]_RemoteSpenMainController: onSwitch : package is com.example.dogglers   and activity is com.example.dogglers.GridListActivity and isBleConnected is false and hasActions is false
09-25 13:19:19.520  5369  5741 I RecentTasksList: loadTasksInBackground : groupTask = GroupTask{task1=[id=6869 windowingMode=1 user=0 lastActiveTime=1366856278] null, task2=null, task3=null, mStagedSplitBounds=null}
09-25 13:19:19.520  5369  5741 I RecentTasksList: loadTasksInBackground : groupTask = GroupTask{task1=[id=6898 windowingMode=1 user=0 lastActiveTime=1367009547] null, task2=null, task3=null, mStagedSplitBounds=null}
09-25 13:19:19.520  5369  5741 I RecentTasksList: loadTasksInBackground : groupTask = GroupTask{task1=[id=7107 windowingMode=1 user=0 lastActiveTime=1370085664] null, task2=null, task3=null, mStagedSplitBounds=null}
09-25 13:19:19.530  3108  6456 D InputDispatcher: Focus entered window (0): 4fba1f1 com.example.dogglers/com.example.dogglers.GridListActivity
09-25 13:19:19.532  1914  1914 D SurfaceFlinger: Display 4630947093241269891 HWC layers:
09-25 13:19:19.532  1914  1914 D SurfaceFlinger:      CLIENT | 0xb400007af6c13480 | 0100 | RGBx_8888    |  592.0    0.0 1628.0 2220.0 |    0    0 1440 3088 | Wallpaper BBQ wrapper#90
09-25 13:19:19.532  1914  1914 D SurfaceFlinger:      CLIENT | 0xb400007af86b8680 | 0100 | RGBA_8888    |    0.0    0.0 1440.0 3088.0 |    0    0 1440 3088 | com.sec.android.app.launcher/com.sec[...]rActivity$_5369#161993 (blurRegions)
09-25 13:19:19.532  1914  1914 D SurfaceFlinger:      CLIENT | 0xb400007aeb20f700 | 0102 | RGBA_8888    |    0.0    0.0    0.0    0.0 |    4 3075 1436 3080 | bbq-wrapper#162029
09-25 13:19:19.532  1914  1914 D SurfaceFlinger:      CLIENT | 0xb400007af86f9900 | 0102 | RGBA_8888    |    0.0    5.0 1440.0 3088.0 |    4    8 1436 3075 | com.example.dogglers/com.example.dogglers.MainActivity$_5639#162011
09-25 13:19:19.532  1914  1914 D SurfaceFlinger:      CLIENT | 0xb400007af6c13100 | 0102 | RGBA_8888    |    0.0    0.0 1440.0    1.0 |    4    8 1436  555 | bbq-wrapper#162032
09-25 13:19:19.532  1914  1914 D SurfaceFlinger:      DEVICE | 0xb400007aeb20f080 | 0102 | RGBA_8888    |    0.0    0.0 1440.0 2539.0 |    4  555 1436 3080 | com.example.dogglers/com.example.dogglers.GridListActivity$_5639#162019
09-25 13:19:19.532  1914  1914 D SurfaceFlinger:      DEVICE | 0xb400007af6c14880 | 0100 | RGBA_8
09-25 13:19:19.532  1914  1914 D SurfaceFlinger: 888    |    0.0    0.0 1440.0  100.0 |    0    0 1440  100 | StatusBar$_4768#95
09-25 13:19:19.532  1914  1914 D SurfaceFlinger:      DEVICE | 0xb400007af8705400 | 0100 | RGBA_8888    |    0.0    0.0   67.0  589.0 |    0  562   67 1151 | com.samsung.android.app.cocktailbars[...]vice.CocktailBarService$_8423#156853
09-25 13:19:19.532  1914  1914 D SurfaceFlinger:      DEVICE | 0xb400007af8705500 | 0100 | RGBA_8888    |    0.0    0.0  518.0   48.0 |  922 3040 1440 3088 | SGestureOverlayWindow$_5369#156268
09-25 13:19:19.532  1914  1914 D SurfaceFlinger:      DEVICE | 0xb400007af6c15880 | 0100 | RGBA_8888    |    0.0    0.0 1440.0  168.0 |    0 2920 1440 3088 | NavigationBar0$_4768#92
09-25 13:19:19.532  1914  1914 D SurfaceFlinger:
09-25 13:19:19.532  5639  5639 I ViewRootImpl@757481d[GridListActivity]: MSG_WINDOW_FOCUS_CHANGED 1 0
09-25 13:19:19.533  5639  5639 I ViewRootImpl@757481d[GridListActivity]: mThreadedRenderer.initializeIfNeeded()#2 mSurface={isValid=true 0xb40000774d76d000}
09-25 13:19:19.533  5639  5639 D InputMethodManager: startInputInner - Id : 0
09-25 13:19:19.533  5639  5639 I InputMethodManager: startInputInner - mService.startInputOrWindowGainedFocus
09-25 13:19:19.534  3108  6456 D InputMethodManagerService: DESKTOP MODE! : 2
09-25 13:19:19.534  3108  6456 D InputMethodManagerService: NOT IN KNOX DESKTOP MODE!
09-25 13:19:19.534  3108  6456 V InputMethodManagerService: getDisplayIdOfInputMethodWindowToBeAdded: displayId=0
09-25 13:19:19.534  3108  6456 D InputMethodManagerService: isImeSwitcherDisabledPackage : false
09-25 13:19:19.534  3108  6456 D InputMethodManagerService: checkDisplayOfStartInputAndUpdateKeyboard: displayId=0, mFocusedDisplayId=0
09-25 13:19:19.534  3108  6456 D InputTransport: Input channel constructed: 'ClientS', fd=1353
09-25 13:19:19.534  3108  6456 D InputTransport: Input channel destroyed: 'ClientS', fd=1353
09-25 13:19:19.535   586   586 I GoogleInputMethodService: GoogleInputMethodService.onFinishInput():3267
09-25 13:19:19.536  1914  3193 I SurfaceFlinger: id=162033 createSurf, flag=24004, Surface(name=6a358c3 InputMethod)/@0x1a6cc79 - animation-leash of insets_animation#162033
09-25 13:19:19.536   586   586 I GoogleInputMethodService: GoogleInputMethodService.updateDeviceLockedStatus():2097 repeatCheckTimes = 0, locked = false
09-25 13:19:19.536   586   586 D InputMethodService: checkFocusedDisplay() display Id 0last 0
09-25 13:19:19.537   586   586 I GoogleInputMethodService: GoogleInputMethodService.onStartInput():1889 onStartInput(EditorInfo{EditorInfo{packageName=com.example.dogglers, inputType=0, inputTypeString=NULL, enableLearning=false, autoCorrection=false, autoComplete=false, imeOptions=0, privateImeOptions=null, actionName=UNSPECIFIED, actionLabel=null, initialSelStart=-1, initialSelEnd=-1, initialCapsMode=0, label=null, fieldId=-1, fieldName=null, extras=Bundle[{displayId=0}], hintText=null, hintLocales=[]}}, false)
09-25 13:19:19.538   586   586 I GoogleInputMethodService: GoogleInputMethodService.updateDeviceLockedStatus():2097 repeatCheckTimes = 1, locked = false
09-25 13:19:19.540  1914  1914 D SurfaceFlinger: Display 4630947093241269891 HWC layers:
09-25 13:19:19.540  1914  1914 D SurfaceFlinger:      CLIENT | 0xb400007af6c13480 | 0100 | RGBx_8888    |  592.0    0.0 1628.0 2220.0 |    0    0 1440 3088 | Wallpaper BBQ wrapper#90
09-25 13:19:19.540  1914  1914 D SurfaceFlinger:      CLIENT | 0xb400007af86b8680 | 0100 | RGBA_8888    |    0.0    0.0 1440.0 3088.0 |    0    0 1440 3088 | com.sec.android.app.launcher/com.sec[...]rActivity$_5369#161993 (blurRegions)
09-25 13:19:19.540  1914  1914 D SurfaceFlinger:      CLIENT | 0xb400007aeb20f700 | 0102 | RGBA_8888    |    0.0    0.0    0.0    0.0 |    3 3071 1437 3081 | bbq-wrapper#162029
09-25 13:19:19.540  1914  1914 D SurfaceFlinger:      CLIENT | 0xb400007af86f9300 | 0102 | RGBA_8888    |    0.0   10.0 1440.0 3088.0 |    3    7 1437 3071 | com.example.dogglers/com.example.dogglers.MainActivity$_5639#162011
09-25 13:19:19.540  1914  1914 D SurfaceFlinger:      CLIENT | 0xb400007af6c13100 | 0102 | RGBA_8888    |    0.0    0.0 1440.0    1.0 |    3    7 1437  523 | bbq-wrapper#162032
09-25 13:19:19.540  1914  1914 D SurfaceFlinger:  SOLID_COLOR |              | 0000 |  Unknown  |    0.0    0.0    0.0    0.0 |    0    0 1440 3088 | DimAnimationLayer for ActivityRecord[...]ers/.GridListActivity} t7107}#162024
09-25 13:19:19.540  1914  1914 D SurfaceFlinger:      DEVICE | 0xb400007aeb20f080 | 0102 | RGBA_888
09-25 13:19:19.540  1914  1914 D SurfaceFlinger: 8    |    0.0    0.0 1440.0 2570.0 |    3  523 1437 3081 | com.example.dogglers/com.example.dogglers.GridListActivity$_5639#162019
09-25 13:19:19.540  1914  1914 D SurfaceFlinger:      DEVICE | 0xb400007af6c14880 | 0100 | RGBA_8888    |    0.0    0.0 1440.0  100.0 |    0    0 1440  100 | StatusBar$_4768#95
09-25 13:19:19.540  1914  1914 D SurfaceFlinger:      DEVICE | 0xb400007af8705400 | 0100 | RGBA_8888    |    0.0    0.0   67.0  589.0 |    0  562   67 1151 | com.samsung.android.app.cocktailbars[...]vice.CocktailBarService$_8423#156853
09-25 13:19:19.540  1914  1914 D SurfaceFlinger:      DEVICE | 0xb400007af8705500 | 0100 | RGBA_8888    |    0.0    0.0  518.0   48.0 |  922 3040 1440 3088 | SGestureOverlayWindow$_5369#156268
09-25 13:19:19.540  1914  1914 D SurfaceFlinger:      DEVICE | 0xb400007af6c15880 | 0100 | RGBA_8888    |    0.0    0.0 1440.0  168.0 |    0 2920 1440 3088 | NavigationBar0$_4768#92
09-25 13:19:19.540  1914  1914 D SurfaceFlinger:
09-25 13:19:19.543  3108  6493 D InputMethodManagerService: isImeSwitcherDisabledPackage : false
09-25 13:19:19.543   586   586 I InputMethodService: removeImeSurface
09-25 13:19:19.543   586   586 I MSHandlerLifeCycle: check: return. pkg=com.google.android.inputmethod.latin isActivity=false callers=com.android.internal.policy.DecorView.setVisibility:4412 android.app.Dialog.hide:767 android.inputmethodservice.InputMethodService.removeImeSurface:1290 android.inputmethodservice.InputMethodService.scheduleImeSurfaceRemoval:1279 android.inputmethodservice.InputMethodService.-$$Nest$mscheduleImeSurfaceRemoval:0
09-25 13:19:19.543   586   586 I MSHandlerLifeCycle: removeMultiSplitHandler: no exist. decor=DecorView@3ddf8c7[InputMethod]
09-25 13:19:19.546  1914  1914 I Layer   : id=162015 removedFromDrawingState Surface(name=6a358c3 InputMethod)/@0x1a6cc79 - animation-leash of insets_animation#162015 (347)
09-25 13:19:19.552  1809  5911 I HYPER-HAL: [RequestManager.cpp]releaseLocked(): Released ID : 4906302
09-25 13:19:19.557  1914  3199 I SurfaceFlinger: id=162015 Removed Surface(name=6a358c3 InputMethod)/@0x1a6cc79 - animation-leash of insets_animation#162015 (347)
09-25 13:19:19.563  1914  1914 I Layer   : id=162015 Destroyed Surface(name=6a358c3 InputMethod)/@0x1a6cc79 - animation-leash of insets_animation#162015
09-25 13:19:19.579  1797 29568 I sensors-hal: handle_sns_client_event:542, [0][85794] accel_sample [-0.045,  0.807,  9.888] 1370085626309561
09-25 13:19:19.607  1914  1914 D SurfaceFlinger: Display 4630947093241269891 HWC layers:
09-25 13:19:19.607  1914  1914 D SurfaceFlinger:      CLIENT | 0xb400007aeb20f700 | 0102 | RGBA_8888    |    0.0    0.0 1440.0    1.0 |    0 3021 1440 3088 | bbq-wrapper#162029
09-25 13:19:19.607  1914  1914 D SurfaceFlinger:      CLIENT | 0xb400007af86f9300 | 0102 | RGBA_8888    |    0.0   66.0 1440.0 3088.0 |    0    0 1440 3021 | com.example.dogglers/com.example.dogglers.MainActivity$_5639#162011
