09-25 13:19:23.293  5639  5639 D InsetsController: onStateChanged: InsetsState: {mDisplayFrame=Rect(0, 0 - 1440, 3088), mDisplayCutout=DisplayCutout{insets=Rect(0, 100 - 0, 0) waterfall=Insets{left=0, top=0, right=0, bottom=0} boundingRect={Bounds=[Rect(0, 0 - 0, 0), Rect(685, 0 - 756, 100), Rect(0, 0 - 0, 0), Rect(0, 0 - 0, 0)]} cutoutPathParserInfo={CutoutPathParserInfo{displayWidth=1440 displayHeight=3088 physicalDisplayWidth=1440 physicalDisplayHeight=3088 density={3.75} cutoutSpec={M 0,0 H -9.466666666666667 V 26.66666666666667‬ H 9.466666666666667 V 0 H 0 Z @dp} rotation={0} scale={1.0} physicalPixelDisplaySizeRatio={1.0}}}}, mRoundedCorners=RoundedCorners{[RoundedCorner{position=TopLeft, radius=14, center=Point(14, 14)}, RoundedCorner{position=TopRight, radius=14, center=Point(1426, 14)}, RoundedCorner{position=BottomRight, radius=14, center=Point(1426, 3074)}, RoundedCorner{position=BottomLeft, radius=14, center=Point(14, 3074)}]}  mRoundedCornerFrame=Rect(0, 0 - 1440, 3088), mPrivacyIndicatorBounds=PrivacyIndicatorBounds {static bounds=Rect(1286, 0 - 1440, 100) rotation=0}, mSources= { InsetsSource: {mType=ITYPE_STATUS_BAR, mFrame=[0,0][1440,100], mVisible=true, mInsetsRoundedCornerFrame=false}, InsetsSource: {mType=ITYPE_NAVIGATION_BAR, mFrame=[0,3088][1440,3088], mVisible=true, mInsetsRoundedCornerFrame=false}, InsetsSource: {mType=ITYPE_LEFT_GESTURES, mFrame=[0,0][0,3088], mVisible=true, mInsetsRoundedCornerFrame=false}, InsetsSource: {mType=ITYPE_RIGHT_GESTURES, mFrame=[1440,0][1440,3088], mVisible=true, mInsetsRoundedCornerFrame=false}, InsetsSource: {mType=ITYPE_TOP_MANDATORY_GESTURES, mFrame=[0,0][1440,142], mVisible=true, mInsetsRoundedCornerFrame=false}, InsetsSource: {mType=ITYPE_BOTTOM_MANDATORY_GESTURES, mFrame=[0,3018][1440,3088], mVisible=true, mInsetsRoundedCornerFrame=false}, InsetsSource: {mType=ITYPE_LEFT_DISPLAY_CUTOUT, mFrame=[0,0][-100000,3088], mVisible=true, mInsetsRoundedCornerFrame=false}, InsetsSource: {mType=ITYPE_TOP_DISPLAY_CUTOUT, mFrame=[0,0][1440,100], mVisible=true, mInsetsRoundedCornerFrame=false}, InsetsSource: {mType=ITYPE_RIGHT_DISPLAY_CUTOUT, mFrame=[100000,0][1440,3088], mVisible=true, mInsetsRoundedCornerFrame=false}, InsetsSource: {mType=ITYPE_BOTTOM_DISPLAY_CUTOUT, mFrame=[0,100000][1440,3088], mVisible=true, mInsetsRoundedCornerFrame=false}, InsetsSource: {mType=ITYPE_TOP_TAPPABLE_ELEMENT, mFrame=[0,0][1440,100], mVisible=true, mInsetsRoundedCornerFrame=false}, InsetsSource: {mType=ITYPE_BOTTOM_TAPPABLE_ELEMENT, mFrame=[0,0][0,0], mVisible=true, mInsetsRoundedCornerFrame=false} } host=com.example.dogglers/androidx.test.core.app.InstrumentationActivityInvoker$EmptyActivity from=android.view.ViewRootImpl.setView:1732
09-25 13:19:23.295  5639  5639 I ViewRootImpl@543a692[InstrumentationActivityInvoker$EmptyActivity]: setView = com.android.internal.policy.DecorView@1c956c7 TM=true
09-25 13:19:23.295  5639  5639 I MSHandlerLifeCycle: removeMultiSplitHandler: no exist. decor=DecorView@1c956c7[InstrumentationActivityInvoker$EmptyActivity]
09-25 13:19:23.295  3108  3338 D AnalyticsContainerHandler: handleMessage : { when=0 what=1 target=com.android.server.knox.KnoxAnalyticsContainer$AnalyticsHandler }
09-25 13:19:23.297  5639  5639 I ViewRootImpl@543a692[InstrumentationActivityInvoker$EmptyActivity]: performTraversals params={(0,0)(fillxfill) sim={adjust=pan forwardNavigation} ty=BASE_APPLICATION wanim=0x1030001
09-25 13:19:23.297  5639  5639 I ViewRootImpl@543a692[InstrumentationActivityInvoker$EmptyActivity]:   fl=1810100
09-25 13:19:23.297  5639  5639 I ViewRootImpl@543a692[InstrumentationActivityInvoker$EmptyActivity]:   pfl=12020040
09-25 13:19:23.297  5639  5639 I ViewRootImpl@543a692[InstrumentationActivityInvoker$EmptyActivity]:   bhv=DEFAULT
09-25 13:19:23.297  5639  5639 I ViewRootImpl@543a692[InstrumentationActivityInvoker$EmptyActivity]:   fitSides= naviIconColor=0}
09-25 13:19:23.297  5639  5639 I ViewRootImpl@543a692[InstrumentationActivityInvoker$EmptyActivity]: performTraversals mFirst=true windowShouldResize=true viewVisibilityChanged=false mForceNextWindowRelayout=false params={(0,0)(fillxfill) sim={adjust=pan forwardNavigation} ty=BASE_APPLICATION wanim=0x1030001
09-25 13:19:23.297  5639  5639 I ViewRootImpl@543a692[InstrumentationActivityInvoker$EmptyActivity]:   fl=1810100
09-25 13:19:23.297  5639  5639 I ViewRootImpl@543a692[InstrumentationActivityInvoker$EmptyActivity]:   pfl=12020040
09-25 13:19:23.297  5639  5639 I ViewRootImpl@543a692[InstrumentationActivityInvoker$EmptyActivity]:   bhv=DEFAULT
09-25 13:19:23.297  5639  5639 I ViewRootImpl@543a692[InstrumentationActivityInvoker$EmptyActivity]:   fitSides= naviIconColor=0}
09-25 13:19:23.297  3108  3145 V WindowManager: Relayout Window{9702e93 u0 com.example.dogglers/androidx.test.core.app.InstrumentationActivityInvoker$EmptyActivity}: viewVisibility=0 req=1440x3088 d0
09-25 13:19:23.297  1914  2140 I SurfaceFlinger: id=162220 createSurf, flag=40004, com.example.dogglers/androidx.test.core.app.InstrumentationActivityInvoker$EmptyActivity$_5639#162220
09-25 13:19:23.302  1914  2140 I SurfaceFlinger: id=162221 createSurf, flag=24000, Surface(name=4eb27f5 StatusBar)/@0x43fa543 - animation-leash of insets_animation#162221
09-25 13:19:23.304  1914  2140 I SurfaceFlinger: id=162222 createSurf, flag=24000, Surface(name=d110b4c NavigationBar0)/@0x8bdb781 - animation-leash of insets_animation#162222
09-25 13:19:23.305  3108  3145 V WindowManager: Relayout hash=9702e93, pid=5639, syncId=-1: mAttrs={(0,0)(fillxfill) sim={adjust=pan forwardNavigation} ty=BASE_APPLICATION wanim=0x1030001
09-25 13:19:23.305  3108  3145 V WindowManager:   fl=1810100
09-25 13:19:23.305  3108  3145 V WindowManager:   pfl=12020040
09-25 13:19:23.305  3108  3145 V WindowManager:   bhv=DEFAULT
09-25 13:19:23.305  3108  3145 V WindowManager:   fitSides= naviIconColor=0}
09-25 13:19:23.306  5639  5639 D InsetsController: onStateChanged: InsetsState: {mDisplayFrame=Rect(0, 0 - 1440, 3088), mDisplayCutout=DisplayCutout{insets=Rect(0, 100 - 0, 0) waterfall=Insets{left=0, top=0, right=0, bottom=0} boundingRect={Bounds=[Rect(0, 0 - 0, 0), Rect(685, 0 - 756, 100), Rect(0, 0 - 0, 0), Rect(0, 0 - 0, 0)]} cutoutPathParserInfo={CutoutPathParserInfo{displayWidth=1440 displayHeight=3088 physicalDisplayWidth=1440 physicalDisplayHeight=3088 density={3.75} cutoutSpec={M 0,0 H -9.466666666666667 V 26.66666666666667‬ H 9.466666666666667 V 0 H 0 Z @dp} rotation={0} scale={1.0} physicalPixelDisplaySizeRatio={1.0}}}}, mRoundedCorners=RoundedCorners{[RoundedCorner{position=TopLeft, radius=14, center=Point(14, 14)}, RoundedCorner{position=TopRight, radius=14, center=Point(1426, 14)}, RoundedCorner{position=BottomRight, radius=14, center=Point(1426, 3074)}, RoundedCorner{position=BottomLeft, radius=14, center=Point(14, 3074)}]}  mRoundedCornerFrame=Rect(0, 0 - 1440, 3088), mPrivacyIndicatorBounds=PrivacyIndicatorBounds {static bounds=Rect(1286, 0 - 1440, 100) rotation=0}, mSources= { InsetsSource: {mType=ITYPE_STATUS_BAR, mFrame=[0,0][1440,100], mVisible=true, mInsetsRoundedCornerFrame=false}, InsetsSource: {mType=ITYPE_NAVIGATION_BAR, mFrame=[0,3088][1440,3088], mVisible=true, mInsetsRoundedCornerFrame=false}, InsetsSource: {mType=ITYPE_LEFT_GESTURES, mFrame=[0,0][0,3088], mVisible=true, mInsetsRoundedCornerFrame=false}, InsetsSource: {mType=ITYPE_RIGHT_GESTURES, mFrame=[1440,0][1440,3088], mVisible=true, mInsetsRoundedCornerFrame=false}, InsetsSource: {mType=ITYPE_TOP_MANDATORY_GESTURES, mFrame=[0,0][1440,142], mVisible=true, mInsetsRoundedCornerFrame=false}, InsetsSource: {mType=ITYPE_BOTTOM_MANDATORY_GESTURES, mFrame=[0,3018][1440,3088], mVisible=true, mInsetsRoundedCornerFrame=false}, InsetsSource: {mType=ITYPE_LEFT_DISPLAY_CUTOUT, mFrame=[0,0][-100000,3088], mVisible=true, mInsetsRoundedCornerFrame=false}, InsetsSource: {mType=ITYPE_TOP_DISPLAY_CUTOUT, mFrame=[0,0][1440,100], mVisible=true, mInsetsRoundedCornerFrame=false}, InsetsSource: {mType=ITYPE_RIGHT_DISPLAY_CUTOUT, mFrame=[100000,0][1440,3088], mVisible=true, mInsetsRoundedCornerFrame=false}, InsetsSource: {mType=ITYPE_BOTTOM_DISPLAY_CUTOUT, mFrame=[0,100000][1440,3088], mVisible=true, mInsetsRoundedCornerFrame=false}, InsetsSource: {mType=ITYPE_TOP_TAPPABLE_ELEMENT, mFrame=[0,0][1440,100], mVisible=true, mInsetsRoundedCornerFrame=false}, InsetsSource: {mType=ITYPE_BOTTOM_TAPPABLE_ELEMENT, mFrame=[0,0][0,0], mVisible=true, mInsetsRoundedCornerFrame=false}, InsetsSource: {mType=ITYPE_IME, mFrame=[0,0][0,0], mVisibleFrame=[0,3088][1440,3088], mVisible=false, mInsetsRoundedCornerFrame=false} } host=com.example.dogglers/androidx.test.core.app.InstrumentationActivityInvoker$EmptyActivity from=android.view.ViewRootImpl.relayoutWindow:9802
09-25 13:19:23.307  5639  5639 I ViewRootImpl@543a692[InstrumentationActivityInvoker$EmptyActivity]: updateBlastSurfaceIfNeeded mBlastBufferQueue=null isSameSurfaceControl=false
09-25 13:19:23.307  5639  5639 I BLASTBufferQueue: new BLASTBufferQueue, mName= ViewRootImpl@543a692[InstrumentationActivityInvoker$EmptyActivity] mNativeObject= 0xb4000077a1043f00 sc.mNativeObject= 0xb4000077b11a7040 caller= android.view.ViewRootImpl.updateBlastSurfaceIfNeeded:2909 android.view.ViewRootImpl.relayoutWindow:9847 android.view.ViewRootImpl.performTraversals:3884 android.view.ViewRootImpl.doTraversal:3116 android.view.ViewRootImpl$TraversalRunnable.run:10885 android.view.Choreographer$CallbackRecord.run:1301 android.view.Choreographer$CallbackRecord.run:1309 android.view.Choreographer.doCallbacks:923 android.view.Choreographer.doFrame:852 android.view.Choreographer$FrameDisplayEventReceiver.run:1283
09-25 13:19:23.307  5639  5639 I BLASTBufferQueue: update, w= 1440 h= 3088 mName = ViewRootImpl@543a692[InstrumentationActivityInvoker$EmptyActivity] mNativeObject= 0xb4000077a1043f00 sc.mNativeObject= 0xb4000077b11a7040 format= -1 caller= android.graphics.BLASTBufferQueue.<init>:84 android.view.ViewRootImpl.updateBlastSurfaceIfNeeded:2909 android.view.ViewRootImpl.relayoutWindow:9847 android.view.ViewRootImpl.performTraversals:3884 android.view.ViewRootImpl.doTraversal:3116 android.view.ViewRootImpl$TraversalRunnable.run:10885
09-25 13:19:23.307  5639  5639 I ViewRootImpl@543a692[InstrumentationActivityInvoker$EmptyActivity]: Relayout returned: old=(0,0,1440,3088) new=(0,0,1440,3088) req=(1440,3088)0 dur=10 res=0x3 s={true 0xb40000772b2cf000} ch=true seqId=0
09-25 13:19:23.307  5639  5639 I ViewRootImpl@543a692[InstrumentationActivityInvoker$EmptyActivity]: performConfigurationChange setNightDimText nightDimLevel=0
09-25 13:19:23.308  5639  5639 I ViewRootImpl@543a692[InstrumentationActivityInvoker$EmptyActivity]: mThreadedRenderer.initialize() mSurface={isValid=true 0xb40000772b2cf000} hwInitialized=true
09-25 13:19:23.308  5639  5729 D OpenGLRenderer: eglCreateWindowSurface
09-25 13:19:23.309  5639  5639 I ViewRootImpl@543a692[InstrumentationActivityInvoker$EmptyActivity]: reportNextDraw android.view.ViewRootImpl.performTraversals:4438 android.view.ViewRootImpl.doTraversal:3116 android.view.ViewRootImpl$TraversalRunnable.run:10885 android.view.Choreographer$CallbackRecord.run:1301 android.view.Choreographer$CallbackRecord.run:1309
09-25 13:19:23.309  5639  5639 I ViewRootImpl@543a692[InstrumentationActivityInvoker$EmptyActivity]: Setup new sync id=0
09-25 13:19:23.309  5639  5639 I ViewRootImpl@543a692[InstrumentationActivityInvoker$EmptyActivity]: Setting syncFrameCallback
09-25 13:19:23.309  5639  5639 I ViewRootImpl@543a692[InstrumentationActivityInvoker$EmptyActivity]: registerCallbacksForSync syncBuffer=false
09-25 13:19:23.309  5639  5771 I ViewRootImpl@543a692[InstrumentationActivityInvoker$EmptyActivity]: Received frameDrawingCallback syncResult=0 frameNum=1.
09-25 13:19:23.309  5639  5771 I ViewRootImpl@543a692[InstrumentationActivityInvoker$EmptyActivity]: Setting up sync and frameCommitCallback
09-25 13:19:23.310  5639  5729 I BLASTBufferQueue: [ViewRootImpl@543a692[InstrumentationActivityInvoker$EmptyActivity]#23](f:0,a:0) onFrameAvailable the first frame is available
09-25 13:19:23.310  5639  5729 I ViewRootImpl@543a692[InstrumentationActivityInvoker$EmptyActivity]: Received frameCommittedCallback lastAttemptedDrawFrameNum=1 didProduceBuffer=true
09-25 13:19:23.311  5639  5729 D OpenGLRenderer: CFMS:: SetUp Pid : 5639    Tid : 5729
09-25 13:19:23.313  1914  1914 I Layer   : id=162214 removedFromDrawingState Surface(name=4eb27f5 StatusBar)/@0x43fa543 - animation-leash of insets_animation#162214 (344)
09-25 13:19:23.313  1914  1914 I Layer   : id=162215 removedFromDrawingState Surface(name=d110b4c NavigationBar0)/@0x8bdb781 - animation-leash of insets_animation#162215 (344)
09-25 13:19:23.313  1914  1914 I SurfaceFlinger: [9702e93 com.example.dogglers/androidx.test.core.app.InstrumentationActivityInvoker$EmptyActivity#162219] FrameRatePriority: 1
09-25 13:19:23.315  3108  3145 D InputDispatcher: Focus request (0): 9702e93 com.example.dogglers/androidx.test.core.app.InstrumentationActivityInvoker$EmptyActivity but waiting because NO_WINDOW
09-25 13:19:23.315  5639  5639 I ViewRootImpl@543a692[InstrumentationActivityInvoker$EmptyActivity]: onSyncComplete
09-25 13:19:23.315  5639  5639 I ViewRootImpl@543a692[InstrumentationActivityInvoker$EmptyActivity]: setupSync seqId=0 mSyncId=0 fn=1 caller=android.view.ViewRootImpl$$ExternalSyntheticLambda11.accept:6 android.window.SurfaceSyncer.lambda$setupSync$1$android-window-SurfaceSyncer:128 android.window.SurfaceSyncer$$ExternalSyntheticLambda1.accept:8 android.window.SurfaceSyncer$SyncSet.checkIfSyncIsComplete:382 android.window.SurfaceSyncer$SyncSet.markSyncReady:359 android.window.SurfaceSyncer.markSyncReady:151 android.view.ViewRootImpl.performTraversals:4503
09-25 13:19:23.315  5639  5639 I ViewRootImpl@543a692[InstrumentationActivityInvoker$EmptyActivity]: reportDrawFinished seqId=0 mSyncId=-1 fn=1 mSurfaceChangedTransaction=0xb40000772b294700
09-25 13:19:23.316  5639  5639 I ViewRootImpl@165371[InstrumentationActivityInvoker$EmptyActivity]: MSG_WINDOW_FOCUS_CHANGED 0 0
09-25 13:19:23.316  1914  2140 I SurfaceFlinger: id=162215 Removed Surface(name=d110b4c NavigationBar0)/@0x8bdb781 - animation-leash of insets_animation#162215 (344)
09-25 13:19:23.316  1914  4196 I SurfaceFlinger: id=162214 Removed Surface(name=4eb27f5 StatusBar)/@0x43fa543 - animation-leash of insets_animation#162214 (344)
09-25 13:19:23.318  3108  3227 I ActivityTaskManager: Displayed com.example.dogglers/androidx.test.core.app.InstrumentationActivityInvoker$EmptyActivity: +64ms
09-25 13:19:23.318  5759  5759 E pageboostd: Received HALT command code 2
09-25 13:19:23.319  3108  9815 I SemDvfsHyPerManager: acquire hyper - AMS_RESUME_TAIL/3108@20, type = -999
09-25 13:19:23.319  3108  9815 I SemDvfsHyPerManager: acquire hyper - AMS_ACT_LAZY/3108@21, type = -999
09-25 13:19:23.320  1809  1855 I HYPER-HAL: [RequestManager.cpp]acquire(): Acquired ID : 4893776  [3108 / 20]    HINT : AMS_RESUME_TAIL    list :
09-25 13:19:23.320  1809  1855 I HYPER-HAL: [RequestManager.cpp]acquire(): Acquired ID : 4896906  [3108 / 21]    HINT : AMS_ACT_LAZY    list :
09-25 13:19:23.321  3108  6472 D InputDispatcher: Focused application(0): ActivityRecord{d98ff22 u0 com.sec.android.app.launcher/.activities.LauncherActivity} t6591}
09-25 13:19:23.321  1914  1914 I Layer   : Layer [com.example.dogglers/androidx.test.core.app.InstrumentationActivityInvoker$EmptyActivity$_5639#162220] hidden!! flag(0)
09-25 13:19:23.321  1914  1914 I Layer   : id=162214 Destroyed Surface(name=4eb27f5 StatusBar)/@0x43fa543 - animation-leash of insets_animation#162214
09-25 13:19:23.321  1914  1914 I Layer   : id=162215 Destroyed Surface(name=d110b4c NavigationBar0)/@0x8bdb781 - animation-leash of insets_animation#162215
09-25 13:19:23.322  3108  4605 D AS.MultiSoundManager: mForegroundUid = 10141
09-25 13:19:23.322  1809  1855 I HYPER-HAL: [RequestManager.cpp]releaseLocked(): Released ID : 4887519
09-25 13:19:23.324  1914  1914 D SurfaceFlinger: Display 4630947093241269891 HWC layers:
09-25 13:19:23.324  1914  1914 D SurfaceFlinger:      CLIENT | 0xb400007af6c13480 | 0100 | RGBx_8888    |  592.0    0.0 1628.0 2220.0 |    0    0 1440 3088 | Wallpaper BBQ wrapper#90
09-25 13:19:23.324  1914  1914 D SurfaceFlinger:      CLIENT | 0xb400007af6c11480 | 0100 | RGBA_8888    |    0.0    0.0 1440.0 3088.0 |    0    0 1440 3088 | com.sec.android.app.launcher/com.sec[...]rActivity$_5369#162113 (blurRegions)
09-25 13:19:23.324  1914  1914 D SurfaceFlinger:      DEVICE | 0xb400007af6c13f00 | 0102 | RGBA_8888    |    0.0    0.0 1440.0 3088.0 |   15   32 1425 3056 | com.example.dogglers/androidx.test.c[...]tyInvoker$EmptyActivity$_5639#162220
09-25 13:19:23.324  1914  1914 D SurfaceFlinger:      DEVICE | 0xb400007af6c14880 | 0100 | RGBA_8888    |    0.0    0.0 1440.0  100.0 |    0    0 1440  100 | StatusBar$_4768#95
09-25 13:19:23.324  1914  1914 D SurfaceFlinger:      DEVICE | 0xb400007af8705400 | 0100 | RGBA_8888    |    0.0    0.0   67.0  589.0 |    0  562   67 1151 | com.samsung.android.app.cocktailbars[...]vice.CocktailBarService$_8423#156853
09-25 13:19:23.324  1914  1914 D SurfaceFlinger:      DEVICE | 0xb400007af8705500 | 0100 | RGBA_8888    |    0.0    0.0  518.0   48.0 |  922 3040 1440 3088 | SGestureOverlayWindow$_5369#156268
09-25 13:19:23.324  1914  1914 D SurfaceFlinger:      DEVICE | 0x
09-25 13:19:23.324  1914  1914 D SurfaceFlinger: b400007af6c15880 | 0100 | RGBA_8888    |    0.0    0.0 1440.0  168.0 |    0 2920 1440 3088 | NavigationBar0$_4768#92
09-25 13:19:23.324  1914  1914 D SurfaceFlinger:
09-25 13:19:23.325  3108  9815 D InputDispatcher: Focus entered window (0): 9702e93 com.example.dogglers/androidx.test.core.app.InstrumentationActivityInvoker$EmptyActivity
09-25 13:19:23.328  5639  5639 D LifecycleMonitor: Lifecycle status change: androidx.test.core.app.InstrumentationActivityInvoker$EmptyActivity@3b52c48 in: PAUSED
09-25 13:19:23.329  5639  5639 V ActivityScenario: Activity lifecycle changed event received but ignored because the intent does not match. startActivityIntent=Intent { act=android.intent.action.MAIN cat=[android.intent.category.LAUNCHER] cmp=com.example.dogglers/.GridListActivity }, activity.getIntent()=Intent { act=android.intent.action.MAIN cat=[android.intent.category.LAUNCHER] flg=0x10000000 cmp=com.example.dogglers/androidx.test.core.app.InstrumentationActivityInvoker$EmptyActivity }, activity=androidx.test.core.app.InstrumentationActivityInvoker$EmptyActivity@3b52c48
09-25 13:19:23.329  3108  6472 I SemDvfsHyPerManager: acquire hyper - AMS_APP_HOME/3108@24, type = -999
09-25 13:19:23.329  1809  1855 I HYPER-HAL: [RequestManager.cpp]acquire(): Acquired ID : 4906302  [3108 / 24]    HINT : AMS_APP_HOME    list :
09-25 13:19:23.329  8328  8328 I SemDvfsHyPerManager: acquire hyper - APP_START_HOME/8328@20, type = -999
09-25 13:19:23.330  5369  5369 I TopTaskTracker: onTaskMovedToFront : taskId = 6591
09-25 13:19:23.330  1809  1855 I HYPER-HAL: [RequestManager.cpp]acquire(): Acquired ID : 34848746  [8328 / 20]    HINT : APP_START    list : [KERNEL_APP_START_NOTIFY / 0] [TIMEOUT / 1500]
09-25 13:19:23.330  1914  1914 I SurfaceFlinger: [9702e93 com.example.dogglers/androidx.test.core.app.InstrumentationActivityInvoker$EmptyActivity#162219] FrameRatePriority: -1
09-25 13:19:23.331  3108  3145 D InputDispatcher: Focus request (0): <null> but waiting because NOT_FOCUSABLE
09-25 13:19:23.331  3108  3145 D InputDispatcher: Focus left window (0): 9702e93 com.example.dogglers/androidx.test.core.app.InstrumentationActivityInvoker$EmptyActivity
09-25 13:19:23.331  5369  5369 I ViewRootImpl@7533534[LauncherActivity]: stopped(false) old = false
09-25 13:19:23.331  5369  5369 I Launcher: !@Boot_DEBUG: Launcher.onResume()
09-25 13:19:23.331  5369  5369 I Launcher: !@Boot_EBS_D: Launcher.onResume()
09-25 13:19:23.331  5369  5369 I BaseActivity: addActivityFlags, flags : 18
09-25 13:19:23.331  5369  5369 I BaseActivity: removeActivityFlags, flags : 32
09-25 13:19:23.331  5369  5369 I AppsSearchBar: restoreCurrentCellLayoutAlpha: [com.android.homescreen.apptray.AppsViewCellLayout{118f2a4 V.ED..... ........ 15341,100-16679,2951}[a=1.0,v=0,sId=11]]
09-25 13:19:23.331  5369  5369 I Launcher.AppsViewCellLayout: com.android.homescreen.apptray.AppsViewCellLayout{118f2a4 V.ED..... ........ 15341,100-16679,2951}[a=1.0,v=0,sId=11] setAlpha : 1.0
09-25 13:19:23.332  5369  5369 I Launcher.AppsViewCellLayout: com.android.homescreen.apptray.AppsViewCellLayout{118f2a4 V.ED..... ........ 15341,100-16679,2951}[a=1.0,v=0,sId=11] setAlpha : 1.0
09-25 13:19:23.332  5369  5741 I IMM_LC  : hsifw() - flag : 0
09-25 13:19:23.332  5369  5369 W SearchLauncherServiceMover: isMoving : false
09-25 13:19:23.332  3108 29076 D RemoteAppTaskWatcher:  ****** RemoteAppTaskWatcher: Message Received 5 Task ID = 0
09-25 13:19:23.332  5369  5369 I Launcher: setWallpaperOffsets
09-25 13:19:23.332  5369 14527 I Launcher: DisplayMetrics from Resources : DisplayMetrics{density=3.5, width=1440, height=2988, scaledDensity=3.8500001, xdpi=501.041, ydpi=502.789}
09-25 13:19:23.332  5369 14527 I Launcher: realMetrics from Wm : DisplayMetrics{density=3.5, width=1440, height=3088, scaledDensity=3.5, xdpi=501.041, ydpi=502.789}
09-25 13:19:23.332  5369 14527 I Launcher: Launcher DeviceProfile onResume availSize: 1440x2988 windowSize: 1440x3088 isLandscape: false
09-25 13:19:23.332  1914  2140 I SurfaceFlinger: id=162223 createSurf, flag=24000, Surface(name=Task=7111)/@0xb3b1ae - animation-leash of app_transition#162223
09-25 13:19:23.332  5369  5741 I IMM_LC  : hsifw() - mService.hideSoftInput
09-25 13:19:23.333  5369 11129 I WidgetRotationImpl: subscribeWidgetFocus 80
09-25 13:19:23.333  5759  5759 E pageboostd: Received HALT command code 2
09-25 13:19:23.335  5369 11129 I IntelligentPlatformManagerImpl: subscribeWidgetFocus() id : 80
09-25 13:19:23.335  5369  5752 I SPayUpdater: updateSpayHandler, show = false, defaultPage = false
09-25 13:19:23.336  1914  2140 I SurfaceFlinger: id=162224 createSurf, flag=24004, Surface(name=Task=1)/@0xeddbc98 - animation-leash of app_transition#162224
09-25 13:19:23.336  6586  6586 I SAMSUNGWALLET: [Hint_PayHintService] onReceive() action=com.sec.android.app.launcher.intent.action.UPDATE_SPAY_HANDLER
09-25 13:19:23.336  6586  6586 I SAMSUNGWALLET: [Hint_PayHintService] home change, s home : false , default : false , gesture : true , s result : false , prev : false
09-25 13:19:23.338  1914  2140 I SurfaceFlinger: id=162225 createSurf, flag=24000, Surface(name=WallpaperWindowToken{6241e01 token=android.os.Binder@ab19d0b})/@0xf3e0a44 - animation-leash of window_animation#162225
09-25 13:19:23.341  1914  1914 I Layer   : id=162226 Destroyed Screenshot Parent#162226
09-25 13:19:23.343  3108 29076 D RemoteAppTaskWatcher:  ****** RemoteAppTaskWatcher: Message Received 5 Task ID = 0
09-25 13:19:23.344  1914  2140 I SurfaceFlinger: id=162227 createSurf, flag=24000, Surface(name=4eb27f5 StatusBar)/@0x43fa543 - animation-leash of insets_animation#162227
09-25 13:19:23.346  1914  2140 I SurfaceFlinger: id=162228 createSurf, flag=24000, Surface(name=d110b4c NavigationBar0)/@0x8bdb781 - animation-leash of insets_animation#162228
09-25 13:19:23.346  1914  1914 D SurfaceFlinger: GPIS:: requestGPIS
09-25 13:19:23.347  5369 18503 I TouchInteractionService: onSystemUiStateChanged, stateFlags : 48 |a11y_click|a11y_long_click|
09-25 13:19:23.348  4768  4838 D Bubbles : onLocusVisibilityChanged: LocusId[17_chars] visible=true
09-25 13:19:23.348  5369 18503 I LauncherAnimationRunner: onAnimationStart, appTargets : [Lcom.android.systemui.shared.system.RemoteAnimationTargetCompat;@8725d45 mStartAtFrontOfQueue : false
09-25 13:19:23.349  5639  5639 I ViewRootImpl@543a692[InstrumentationActivityInvoker$EmptyActivity]: MSG_WINDOW_FOCUS_CHANGED 0 0
09-25 13:19:23.349  8130  9478 I [AirCmd]_ActivitySwitchDetector: onTaskFocusChanged : taskId 6591
09-25 13:19:23.349  5639  5639 I ViewRootImpl@543a692[InstrumentationActivityInvoker$EmptyActivity]: MSG_WINDOW_FOCUS_CHANGED 0 0
09-25 13:19:23.350  5369  5369 I MSHandlerLifeCycle: removeMultiSplitHandler: no exist. decor=DecorView@ac62e93[LauncherActivity]
09-25 13:19:23.350  5369  5369 I BaseActivity: addActivityFlags, flags : 4
09-25 13:19:23.350  5369  5369 I Launcher: onDeferredResumed
09-25 13:19:23.350  5369  5369 I InstallShortcutReceiver: flushInstallQueue 0
09-25 13:19:23.350  5369  5369 I Launcher.NotificationListener: onNotificationFullRefresh
09-25 13:19:23.350  5369  5369 I BadgeCountUpdaterImpl: onNotificationsChangedConnected
09-25 13:19:23.350  5369  5369 W LauncherAppWidgetHost: setShouldListenFlag, mFlags:7 flag:resume on:true isFront:false
09-25 13:19:23.350  5369  5369 I Launcher.AppsViewCellLayout: com.android.homescreen.apptray.AppsViewCellLayout{118f2a4 V.ED..... ........ 15341,100-16679,2951}[a=1.0,v=0,sId=11] setAlpha : 1.0
09-25 13:19:23.350  5369  5748 I InstallShortcutReceiver: flushQueueInBackground 0
09-25 13:19:23.350  5369  5369 I RecentsAnimationDeviceState: setSystemUiFlags, stateFlags : 48
09-25 13:19:23.350  5369  5369 W SGestureOverlayWindow: setVisibilityGestureOverlayWindow, visibility = 0
09-25 13:19:23.350  5369  5369 I TouchInteractionService: onSystemUiFlagsChanged, lastSysUIFlags : 131120
09-25 13:19:23.351  5369  5369 I Launcher: getFirstMatch : match = com.android.homescreen.icon.IconView{3c9d3a5 VFED..CLX ........ 538,868-799,1294 #7f0a009c app:id/apps_icon}[a=1.0,v=0,i=true,t=Dogglers][c(2,2-3,3),id=353]
09-25 13:19:23.351  5369  5369 W AppTransitionAnimatorImpl: closing animation with floating icon - true
09-25 13:19:23.351  8130  9478 I [AirCmd]_ActivitySwitchDetector: onTaskFocusChanged : componentName - ComponentInfo{com.sec.android.app.launcher/com.android.launcher3.uioverrides.QuickstepLauncher}
09-25 13:19:23.351  8130  9478 I [AirCmd]_ActivitySwitchDetector: onTaskFocusChanged : mTopMostActivity - ComponentInfo{com.example.dogglers/androidx.test.core.app.InstrumentationActivityInvoker$BootstrapActivity}
09-25 13:19:23.351  8130  9478 I [AirCmd]_CallbackRepeater: stopRepeat : isWorking=false
09-25 13:19:23.351  8130  9478 I [AirCmd]_MediaControlStateMonitor: isForegroundAppSupportsMediaButton : mediaSession is empty
09-25 13:19:23.351  8130  9478 I [AirCmd]_MediaControlStateMonitor: active Notification List is null
09-25 13:19:23.351  8130  9478 I [AirCmd]_RemoteSpenMainController: hasGeneralAction : packageName is com.sec.android.app.launcher, activityName is com.android.launcher3.uioverrides.QuickstepLauncher, hasActions is false
09-25 13:19:23.351  8130  9478 I [AirCmd]_CameraAvailabilityMonitor: isCameraPreviewOn : mIsCameraPreviewOn is false
09-25 13:19:23.352  5369  5369 I AppTransitionAnimatorImpl: window bounds: Rect(0, 0 - 1440, 3088), target bounds: RectF(624.0, 1269.0, 816.0, 1461.0)
09-25 13:19:23.352  5369  5369 I AnimationResult: setAnimation : null
09-25 13:19:23.352  5369  5369 W AppTransitionAnimatorImpl: onAnimationStart - APP OUT
09-25 13:19:23.353  8174  8566 D KnoxHelper: getActivityList callingUserId: 0, target user: 0
09-25 13:19:23.353  8130  9478 I [AirCmd]_CameraAvailabilityMonitor: isCameraPreviewOn : mIsCameraPreviewOn is false
09-25 13:19:23.354  3108  3338 D AnalyticsContainerHandler: handleMessage : { when=0 what=1 target=com.android.server.knox.KnoxAnalyticsContainer$AnalyticsHandler }
09-25 13:19:23.354  8130  9478 I [AirCmd]_MediaControlStateMonitor: isForegroundAppSupportsMediaButton : mediaSession is empty
09-25 13:19:23.354  8130  9478 I [AirCmd]_MediaControlStateMonitor: active Notification List is null
09-25 13:19:23.354  8130  9478 I [AirCmd]_PenActionRule: getAction : get default action data from remote action because pen action data is null.
09-25 13:19:23.354  8130  9478 I [AirCmd]_ButtonActionDetector: enableDoubleClickDetection: enabled=true, doubleClickWaitInterval=300
09-25 13:19:23.354  8130  9478 I [AirCmd]_RemoteSpenMainController: onSwitch : package is com.sec.android.app.launcher   and activity is com.android.launcher3.uioverrides.QuickstepLauncher and isBleConnected is false and hasActions is false
09-25 13:19:23.355  1914  1914 I Layer   : id=162200 removedFromDrawingState Surface(name=Task=1)/@0xeddbc98 - animation-leash of app_transition#162200 (347)
09-25 13:19:23.355  1914  1914 I Layer   : id=49 removedFromDrawingState Task=1#49 (347)
09-25 13:19:23.355  1914  1914 I Layer   : id=169 removedFromDrawingState Task=6591#169 (347)
09-25 13:19:23.355  1914  1914 I Layer   : id=170 removedFromDrawingState ActivityRecord{d98ff22 u0 com.sec.android.app.launcher/.activities.LauncherActivity} t6591}#170 (347)
09-25 13:19:23.355  1914  1914 I Layer   : id=183 removedFromDrawingState a640d58 ActivityRecordInputSink com.sec.android.app.launcher/com.android.launcher3.uioverrides.QuickstepLauncher#183 (347)
09-25 13:19:23.355  5369  5369 I Launcher.AppsViewCellLayout: com.android.homescreen.apptray.AppsViewCellLayout{118f2a4 V.ED..... .......D 15341,100-16679,2951}[a=1.0,v=0,sId=11] setAlpha : 1.0
09-25 13:19:23.355  1914  1914 I Layer   : id=176 removedFromDrawingState c7375dc com.sec.android.app.launcher/com.sec.android.app.launcher.activities.LauncherActivity#176 (347)
09-25 13:19:23.355  1914  1914 I Layer   : id=162113 removedFromDrawingState com.sec.android.app.launcher/com.sec.android.app.launcher.activities.LauncherActivity$_5369#162113 (347)
09-25 13:19:23.355  1914  1914 I Layer   : id=154636 removedFromDrawingState 294099b com.sec.android.app.launcher/com.sec.android.app.launcher.activities.LauncherActivity#154636 (347)
09-25 13:19:23.355  1914  1914 I Layer   : id=162112 removedFromDrawingState com.sec.android.app.launcher/com.sec.android.app.launcher.activities.LauncherActivity$_21794#162112 (347)
09-25 13:19:23.355  1914  1914 I Layer   : id=162201 removedFromDrawingState Surface(name=Task=7111)/@0xb3b1ae - animation-leash of app_transition#162201 (347)
09-25 13:19:23.355  1914  1914 I Layer   : id=49 addToCurrentState Task=1#49 (347)
09-25 13:19:23.355  1914  1914 I Layer   : id=169 addToCurrentState Task=6591#169 (347)
09-25 13:19:23.355  1914  1914 I Layer   : id=170 addToCurrentState ActivityRecord{d98ff22 u0 com.sec.android.app.launcher/.activities.LauncherActivity} t6591}#170 (347)
09-25 13:19:23.355  1914  1914 I Layer   : id=183 addToCurrentState a640d58 ActivityRecordInputSink com.sec.android.app.launcher/com.android.launcher3.uioverrides.QuickstepLauncher#183 (347)
09-25 13:19:23.355  1914  1914 I Layer   : id=176 addToCurrentState c7375dc com.sec.android.app.launcher/com.sec.android.app.launcher.activities.LauncherActivity#176 (347)
09-25 13:19:23.355  1914  1914 I Layer   : id=162113 addToCurrentState com.sec.android.app.launcher/com.sec.android.app.launcher.activities.LauncherActivity$_5369#162113 (347)
09-25 13:19:23.355  1914  1914 I Layer   : id=154636 addToCurrentState 294099b com.sec.android.app.launcher/com.sec.android.app.launcher.activities.LauncherActivity#154636 (347)
09-25 13:19:23.355  1914  1914 I Layer   : id=162112 addToCurrentState com.sec.android.app.launcher/com.sec.android.app.launcher.activities.LauncherActivity$_21794#162112 (347)
09-25 13:19:23.355  1914  1914 I Layer   : id=162221 removedFromDrawingState Surface(name=4eb27f5 StatusBar)/@0x43fa543 - animation-leash of insets_animation#162221 (347)
09-25 13:19:23.355  1914  1914 I Layer   : id=162222 removedFromDrawingState Surface(name=d110b4c NavigationBar0)/@0x8bdb781 - animation-leash of insets_animation#162222 (347)
09-25 13:19:23.355  1914  1914 I SurfaceFlinger: id=162200 Removed Surface(name=Task=1)/@0xeddbc98 - animation-leash of app_transition#162200 (347)
09-25 13:19:23.355  1914  1914 I SurfaceFlinger: id=162201 Removed Surface(name=Task=7111)/@0xb3b1ae - animation-leash of app_transition#162201 (347)
09-25 13:19:23.355  1914  1914 I SurfaceFlinger: id=162221 Removed Surface(name=4eb27f5 StatusBar)/@0x43fa543 - animation-leash of insets_animation#162221 (347)
09-25 13:19:23.355  1914  1914 I SurfaceFlinger: id=162222 Removed Surface(name=d110b4c NavigationBar0)/@0x8bdb781 - animation-leash of insets_animation#162222 (347)
09-25 13:19:23.355  1914  1914 I Layer   : id=162200 Destroyed Surface(name=Task=1)/@0xeddbc98 - animation-leash of app_transition#162200
09-25 13:19:23.355  1914  1914 I Layer   : id=162201 Destroyed Surface(name=Task=7111)/@0xb3b1ae - animation-leash of app_transition#162201
09-25 13:19:23.355  1914  1914 I Layer   : id=162221 Destroyed Surface(name=4eb27f5 StatusBar)/@0x43fa543 - animation-leash of insets_animation#162221
09-25 13:19:23.355  1914  1914 I Layer   : id=162222 Destroyed Surface(name=d110b4c NavigationBar0)/@0x8bdb781 - animation-leash of insets_animation#162222
09-25 13:19:23.357  1914  1914 D SurfaceFlinger: Display 4630947093241269891 HWC layers:
09-25 13:19:23.357  1914  1914 D SurfaceFlinger:      DEVICE | 0xb400007af6c13f00 | 0102 | RGBA_8888    |    0.0    0.0 1440.0 3088.0 |    0    0 1440 3088 | com.example.dogglers/androidx.test.c[...]tyInvoker$EmptyActivity$_5639#162220
09-25 13:19:23.357  1914  1914 D SurfaceFlinger:      DEVICE | 0xb400007af6c14880 | 0100 | RGBA_8888    |    0.0    0.0 1440.0  100.0 |    0    0 1440  100 | StatusBar$_4768#95
09-25 13:19:23.357  1914  1914 D SurfaceFlinger:      DEVICE | 0xb400007af8705400 | 0100 | RGBA_8888    |    0.0    0.0   67.0  589.0 |    0  562   67 1151 | com.samsung.android.app.cocktailbars[...]vice.CocktailBarService$_8423#156853
09-25 13:19:23.357  1914  1914 D SurfaceFlinger:      DEVICE | 0xb400007af8705500 | 0100 | RGBA_8888    |    0.0    0.0  518.0   48.0 |  922 3040 1440 3088 | SGestureOverlayWindow$_5369#156268
09-25 13:19:23.357  1914  1914 D SurfaceFlinger:      DEVICE | 0xb400007af6c15880 | 0100 | RGBA_8888    |    0.0    0.0 1440.0  168.0 |    0 2920 1440 3088 | NavigationBar0$_4768#92
09-25 13:19:23.357  1914  1914 D SurfaceFlinger:
09-25 13:19:23.358  5369  5583 I ViewRootImpl@7533534[LauncherActivity]: mWNT: t=0xb4000077a0f9b400 mBlastBufferQueue=0xb400007720986880 fn= 142 caller= com.android.systemui.shared.launcher.ViewRootImplCompat.mergeWithNextTransaction:2 com.android.quickstep.util.SurfaceTransactionApplier.lambda$scheduleApply$0:2 com.android.quickstep.util.SurfaceTransactionApplier.b:0
09-25 13:19:23.358  5369  5583 I ViewRootImpl@7533534[LauncherActivity]: mWNT: t=0xb4000077a0f9b700 mBlastBufferQueue=0xb400007720986880 fn= 142 caller= com.android.systemui.shared.launcher.ViewRootImplCompat.mergeWithNextTransaction:2 com.android.quickstep.util.SurfaceTransactionApplier.lambda$scheduleApply$0:2 com.android.quickstep.util.SurfaceTransactionApplier.b:0
09-25 13:19:23.358  5369  5583 I ViewRootImpl@7533534[LauncherActivity]: mWNT: t=0xb4000077a0f9b800 mBlastBufferQueue=0xb400007720986880 fn= 142 caller= com.android.systemui.shared.launcher.ViewRootImplCompat.mergeWithNextTransaction:2 com.android.quickstep.util.SurfaceTransactionApplier.lambda$scheduleApply$0:2 com.android.quickstep.util.SurfaceTransactionApplier.b:0
09-25 13:19:23.358  5369  5748 I AppIconSolution: getThemeIconWithBG called with public API, pkg = com.example.dogglers, mode = 48
09-25 13:19:23.359  5369  5748 I AppIconSolution: return adaptive icon for com.example.dogglers, isNight = true
09-25 13:19:23.359 15715 18710 I WindowsLink: (TaskInfoManager) +++++++++++onRecentTaskStackUpdated
09-25 13:19:23.360  5369  5748 I LauncherActivityInfo: packageName: com.example.dogglers, useThemeIcon: false, height: 252, width: 252, density: 640
09-25 13:19:23.361  5369  5748 I Launcher.NotificationListener: notificationIsValidForUI : com.microsoft.office.outlook missingTitleAndText : false isGroupHeader : true
09-25 13:19:23.361  5369  5748 I Launcher.NotificationListener: notificationIsValidForUI : com.microsoft.office.outlook missingTitleAndText : false isGroupHeader : false
09-25 13:19:23.361  5369  5748 I Launcher.NotificationListener: Full refresh isConnected : true active size : 1
09-25 13:19:23.363  5369  5369 I Launcher.AppsViewCellLayout: com.android.homescreen.apptray.AppsViewCellLayout{118f2a4 V.ED..... .......D 15341,100-16679,2951}[a=1.0,v=0,sId=11] setAlpha : 1.0
09-25 13:19:23.365  5369  5369 I PopupDataProvider: onNotificationFullRefresh prev dotInfoSize : 1
09-25 13:19:23.365  5369  5369 I PopupDataProvider: refresh badge  package : com.microsoft.office.outlook count : 275
09-25 13:19:23.365  3108  3230 I SemPersonaManager: SecureFolder personaId = 150
09-25 13:19:23.365  5369  5584 I ViewRootImpl@7533534[LauncherActivity]: mWNT: t=0xb4000077a0f9b900 mBlastBufferQueue=0xb400007720986880 fn= 143 caller= com.android.systemui.shared.launcher.ViewRootImplCompat.mergeWithNextTransaction:2 com.android.quickstep.util.SurfaceTransactionApplier.lambda$scheduleApply$0:2 com.android.quickstep.util.SurfaceTransactionApplier.b:0
09-25 13:19:23.365  5369  5369 I IconView: applyDotState itemInfo : Outlook display : 1 count : 275
09-25 13:19:23.366  1914  1914 D SurfaceFlinger: Display 4630947093241269891 HWC layers:
09-25 13:19:23.366  1914  1914 D SurfaceFlinger:      CLIENT | 0xb400007af6c13480 | 0100 | RGBx_8888    |  592.0    0.0 1628.0 2220.0 |    0    0 1440 3088 | Wallpaper BBQ wrapper#90
09-25 13:19:23.366  1914  1914 D SurfaceFlinger:      CLIENT | 0xb400007af6c11c80 | 0100 | RGBA_8888    |    0.0    0.0 1440.0 3088.0 |    0    0 1440 3088 | com.sec.android.app.launcher/com.sec[...]rActivity$_5369#162113 (blurRegions)
09-25 13:19:23.366  1914  1914 D SurfaceFlinger:      CLIENT | 0xb400007af86ec180 | 0102 | RGBA_8888    |    0.0    1.0 1440.0 3086.0 |    1    3 1439 3083 | com.example.dogglers/com.example.dogglers.GridListActivity$_5639#162205
09-25 13:19:23.366  1914  1914 D SurfaceFlinger:      CLIENT | 0xb400007af6c11b00 | 0102 | RGBA_8888    |    0.0    1.0 1440.0 3086.0 |    1    3 1439 3083 | com.example.dogglers/androidx.test.c[...]tyInvoker$EmptyActivity$_5639#162213
09-25 13:19:23.366  1914  1914 D SurfaceFlinger:      CLIENT | 0xb400007af6c13f00 | 0102 | RGBA_8888    |    0.0    1.0 1440.0 3086.0 |    1    3 1439 3083 | com.example.dogglers/androidx.test.c[...]tyInvoker$EmptyActivity$_5639#162220
09-25 13:19:23.366  1914  1914 D SurfaceFlinger:      DEVICE | 0xb400007af6c14880 | 0100 | RGBA_8888    |    0.0    0.0 1440.0  100.0 |    0    0 1440  100
09-25 13:19:23.366  1914  1914 D SurfaceFlinger: | StatusBar$_4768#95
09-25 13:19:23.366  1914  1914 D SurfaceFlinger:      DEVICE | 0xb400007af8705400 | 0100 | RGBA_8888    |    0.0    0.0   67.0  589.0 |    0  562   67 1151 | com.samsung.android.app.cocktailbars[...]vice.CocktailBarService$_8423#156853
09-25 13:19:23.366  1914  1914 D SurfaceFlinger:      DEVICE | 0xb400007af8705500 | 0100 | RGBA_8888    |    0.0    0.0  518.0   48.0 |  922 3040 1440 3088 | SGestureOverlayWindow$_5369#156268
09-25 13:19:23.366  1914  1914 D SurfaceFlinger:      DEVICE | 0xb400007af6c15880 | 0100 | RGBA_8888    |    0.0    0.0 1440.0  168.0 |    0 2920 1440 3088 | NavigationBar0$_4768#92
09-25 13:19:23.366  1914  1914 D SurfaceFlinger:
09-25 13:19:23.368 15715 18710 I WindowsLink: (TaskInfoManager) +++++++++++onRecentTaskStackUpdated
09-25 13:19:23.368  3108  3230 D EnterpriseDeviceManagerService: isMdmAdminPresentInternal() : MDM Admin Found - com.samsung.knox.securefolder
09-25 13:19:23.371  3108  6142 I MediaSessionMonitor: Media session stopped : controllerList empty
09-25 13:19:23.371  8423  8423 I ActivityUtils: HomePackage : com.sec.android.app.launcher, resumePackageName : com.sec.android.app.launcher
09-25 13:19:23.372  5369  5369 I Launcher.AppsViewCellLayout: com.android.homescreen.apptray.AppsViewCellLayout{118f2a4 V.ED..... ........ 15341,100-16679,2951}[a=1.0,v=0,sId=11] setAlpha : 1.0
09-25 13:19:23.373  5369  5583 I ViewRootImpl@7533534[LauncherActivity]: mWNT: t=0xb4000077a0f9ba00 mBlastBufferQueue=0xb400007720986880 fn= 144 caller= com.android.systemui.shared.launcher.ViewRootImplCompat.mergeWithNextTransaction:2 com.android.quickstep.util.SurfaceTransactionApplier.lambda$scheduleApply$0:2 com.android.quickstep.util.SurfaceTransactionApplier.b:0
09-25 13:19:23.380  5369  5369 I Launcher.AppsViewCellLayout: com.android.homescreen.apptray.AppsViewCellLayout{118f2a4 V.ED..... ........ 15341,100-16679,2951}[a=1.0,v=0,sId=11] setAlpha : 1.0
09-25 13:19:23.380  8174  8566 D KnoxHelper: getActivityList callingUserId: 0, target user: 150
09-25 13:19:23.380  8174  8566 V KnoxHelper: source and target users are different, and caller is knox container or target user is for secure folder, so request cannot be granted!
09-25 13:19:23.382  5369  5584 I ViewRootImpl@7533534[LauncherActivity]: mWNT: t=0xb400007737c13500 mBlastBufferQueue=0xb400007720986880 fn= 145 caller= com.android.systemui.shared.launcher.ViewRootImplCompat.mergeWithNextTransaction:2 com.android.quickstep.util.SurfaceTransactionApplier.lambda$scheduleApply$0:2 com.android.quickstep.util.SurfaceTransactionApplier.b:0
09-25 13:19:23.388  5369  5369 I Launcher.AppsViewCellLayout: com.android.homescreen.apptray.AppsViewCellLayout{118f2a4 V.ED..... ........ 15341,100-16679,2951}[a=1.0,v=0,sId=11] setAlpha : 1.0
09-25 13:19:23.389  5369  5583 I ViewRootImpl@7533534[LauncherActivity]: mWNT: t=0xb400007737c13900 mBlastBufferQueue=0xb400007720986880 fn= 146 caller= com.android.systemui.shared.launcher.ViewRootImplCompat.mergeWithNextTransaction:2 com.android.quickstep.util.SurfaceTransactionApplier.lambda$scheduleApply$0:2 com.android.quickstep.util.SurfaceTransactionApplier.b:0
09-25 13:19:23.397  5369  5369 I Launcher.AppsViewCellLayout: com.android.homescreen.apptray.AppsViewCellLayout{118f2a4 V.ED..... ........ 15341,100-16679,2951}[a=1.0,v=0,sId=11] setAlpha : 1.0
09-25 13:19:23.398  5369  5584 I ViewRootImpl@7533534[LauncherActivity]: mWNT: t=0xb400007737ea4100 mBlastBufferQueue=0xb400007720986880 fn= 147 caller= com.android.systemui.shared.launcher.ViewRootImplCompat.mergeWithNextTransaction:2 com.android.quickstep.util.SurfaceTransactionApplier.lambda$scheduleApply$0:2 com.android.quickstep.util.SurfaceTransactionApplier.b:0
09-25 13:19:23.405  5369  5369 I Launcher.AppsViewCellLayout: com.android.homescreen.apptray.AppsViewCellLayout{118f2a4 V.ED..... ........ 15341,100-16679,2951}[a=1.0,v=0,sId=11] setAlpha : 1.0
09-25 13:19:23.406  5369  5583 I ViewRootImpl@7533534[LauncherActivity]: mWNT: t=0xb400007737ea4400 mBlastBufferQueue=0xb400007720986880 fn= 148 caller= com.android.systemui.shared.launcher.ViewRootImplCompat.mergeWithNextTransaction:2 com.android.quickstep.util.SurfaceTransactionApplier.lambda$scheduleApply$0:2 com.android.quickstep.util.SurfaceTransactionApplier.b:0
09-25 13:19:23.413  5369  5369 I Launcher.AppsViewCellLayout: com.android.homescreen.apptray.AppsViewCellLayout{118f2a4 V.ED..... ........ 15341,100-16679,2951}[a=1.0,v=0,sId=11] setAlpha : 1.0
09-25 13:19:23.414  5369  5584 I ViewRootImpl@7533534[LauncherActivity]: mWNT: t=0xb400007737ea4500 mBlastBufferQueue=0xb400007720986880 fn= 149 caller= com.android.systemui.shared.launcher.ViewRootImplCompat.mergeWithNextTransaction:2 com.android.quickstep.util.SurfaceTransactionApplier.lambda$scheduleApply$0:2 com.android.quickstep.util.SurfaceTransactionApplier.b:0
09-25 13:19:23.422  5369  5369 I Launcher.AppsViewCellLayout: com.android.homescreen.apptray.AppsViewCellLayout{118f2a4 V.ED..... ........ 15341,100-16679,2951}[a=1.0,v=0,sId=11] setAlpha : 1.0
09-25 13:19:23.423  5369  5583 I ViewRootImpl@7533534[LauncherActivity]: mWNT: t=0xb400007737ea4e00 mBlastBufferQueue=0xb400007720986880 fn= 150 caller= com.android.systemui.shared.launcher.ViewRootImplCompat.mergeWithNextTransaction:2 com.android.quickstep.util.SurfaceTransactionApplier.lambda$scheduleApply$0:2 com.android.quickstep.util.SurfaceTransactionApplier.b:0
09-25 13:19:23.430  5369  5369 I Launcher.AppsViewCellLayout: com.android.homescreen.apptray.AppsViewCellLayout{118f2a4 V.ED..... ........ 15341,100-16679,2951}[a=1.0,v=0,sId=11] setAlpha : 1.0
09-25 13:19:23.431  5369  5584 I ViewRootImpl@7533534[LauncherActivity]: mWNT: t=0xb40000772b673800 mBlastBufferQueue=0xb400007720986880 fn= 151 caller= com.android.systemui.shared.launcher.ViewRootImplCompat.mergeWithNextTransaction:2 com.android.quickstep.util.SurfaceTransactionApplier.lambda$scheduleApply$0:2 com.android.quickstep.util.SurfaceTransactionApplier.b:0
09-25 13:19:23.432  5369 18503 I RecentModel: onTaskStackChangedBackground
09-25 13:19:23.434  8130  8237 I [AirCmd]_ActivitySwitchDetector: onTaskStackChanged : componentName - ComponentInfo{com.sec.android.app.launcher/com.android.launcher3.uioverrides.QuickstepLauncher}
09-25 13:19:23.434  8130  8237 I [AirCmd]_ActivitySwitchDetector: onTaskStackChanged : mTopMostActivity - ComponentInfo{com.sec.android.app.launcher/com.android.launcher3.uioverrides.QuickstepLauncher}
09-25 13:19:23.435  5369  5741 I RecentTasksList: loadTasksInBackground : groupTask = GroupTask{task1=[id=6869 windowingMode=1 user=0 lastActiveTime=1366856278] null, task2=null, task3=null, mStagedSplitBounds=null}
09-25 13:19:23.435  5369  5741 I RecentTasksList: loadTasksInBackground : groupTask = GroupTask{task1=[id=6898 windowingMode=1 user=0 lastActiveTime=1367009547] null, task2=null, task3=null, mStagedSplitBounds=null}
09-25 13:19:23.435  5369  5741 I RecentTasksList: loadTasksInBackground : groupTask = GroupTask{task1=[id=7111 windowingMode=1 user=0 lastActiveTime=1370089478] null, task2=null, task3=null, mStagedSplitBounds=null}
09-25 13:19:23.435  5369  5369 I TaskThumbnailCache: handleResult: taskId = 7111, taskThumbnail = android.graphics.Bitmap@43dd26d
09-25 13:19:23.438  5369  5369 I Launcher.AppsViewCellLayout: com.android.homescreen.apptray.AppsViewCellLayout{118f2a4 V.ED..... ........ 15341,100-16679,2951}[a=1.0,v=0,sId=11] setAlpha : 1.0
09-25 13:19:23.439  5369  5583 I ViewRootImpl@7533534[LauncherActivity]: mWNT: t=0xb40000772b673d00 mBlastBufferQueue=0xb400007720986880 fn= 152 caller= com.android.systemui.shared.launcher.ViewRootImplCompat.mergeWithNextTransaction:2 com.android.quickstep.util.SurfaceTransactionApplier.lambda$scheduleApply$0:2 com.android.quickstep.util.SurfaceTransactionApplier.b:0
09-25 13:19:23.447  5369  5369 I Launcher.AppsViewCellLayout: com.android.homescreen.apptray.AppsViewCellLayout{118f2a4 V.ED..... ........ 15341,100-16679,2951}[a=1.0,v=0,sId=11] setAlpha : 1.0
09-25 13:19:23.448  5369  5584 I ViewRootImpl@7533534[LauncherActivity]: mWNT: t=0xb40000772b698700 mBlastBufferQueue=0xb400007720986880 fn= 153 caller= com.android.systemui.shared.launcher.ViewRootImplCompat.mergeWithNextTransaction:2 com.android.quickstep.util.SurfaceTransactionApplier.lambda$scheduleApply$0:2 com.android.quickstep.util.SurfaceTransactionApplier.b:0
09-25 13:19:23.454  1914  2140 I SurfaceFlinger: id=162208 Removed Surface(name=e828fe5 com.example.dogglers/com.example.dogglers.GridListActivity)/@0xe76ae37 - animation-leash of starting_reveal#162208 (343)
09-25 13:19:23.454  4768  4851 D OpenGLRenderer: setSurface called with nullptr
09-25 13:19:23.454  1914  2140 I SurfaceFlinger: id=162171 Removed Surface(name=2a1efe3 com.example.dogglers/com.example.dogglers.MainActivity)/@0x58d7dc5 - animation-leash of starting_reveal#162171 (343)
09-25 13:19:23.454  4768  4851 D OpenGLRenderer: setSurface called with nullptr
09-25 13:19:23.455  4768  4851 D OpenGLRenderer: setSurface called with nullptr
09-25 13:19:23.455  1914  1914 I Layer   : id=162208 Destroyed Surface(name=e828fe5 com.example.dogglers/com.example.dogglers.GridListActivity)/@0xe76ae37 - animation-leash of starting_reveal#162208
09-25 13:19:23.455  1914  1914 I Layer   : id=162171 Destroyed Surface(name=2a1efe3 com.example.dogglers/com.example.dogglers.MainActivity)/@0x58d7dc5 - animation-leash of starting_reveal#162171
09-25 13:19:23.455  4768  4801 W System  : A resource failed to call release.
09-25 13:19:23.455  1914  2140 I SurfaceFlinger: id=162135 Removed Surface(name=52c4dcc com.example.dogglers/com.example.dogglers.MainActivity)/@0x515e0e7 - animation-leash of starting_reveal#162135 (341)
09-25 13:19:23.455  5369  5369 I Launcher.AppsViewCellLayout: com.android.homescreen.apptray.AppsViewCellLayout{118f2a4 V.ED..... ........ 15341,100-16679,2951}[a=1.0,v=0,sId=11] setAlpha : 1.0
09-25 13:19:23.455  1914  2140 I SurfaceFlinger: id=162158 Removed Task=7110#162158 (341)
09-25 13:19:23.455  4768  4801 W System  : A resource failed to call release.
09-25 13:19:23.455  1914  3199 I SurfaceFlinger: id=162122 Removed Task=7109#162122 (341)
09-25 13:19:23.456  4768  4801 W System  : A resource failed to call release.
09-25 13:19:23.456  1914  3193 I SurfaceFlinger: id=162062 Removed Task=7108#162062 (341)
09-25 13:19:23.456  5369  5583 I ViewRootImpl@7533534[LauncherActivity]: mWNT: t=0xb40000772b698900 mBlastBufferQueue=0xb400007720986880 fn= 154 caller= com.android.systemui.shared.launcher.ViewRootImplCompat.mergeWithNextTransaction:2 com.android.quickstep.util.SurfaceTransactionApplier.lambda$scheduleApply$0:2 com.android.quickstep.util.SurfaceTransactionApplier.b:0
09-25 13:19:23.463  1914  1914 I Layer   : id=162158 Destroyed Task=7110#162158
09-25 13:19:23.463  1914  1914 I Layer   : id=162122 Destroyed Task=7109#162122
09-25 13:19:23.463  1914  1914 I Layer   : id=162062 Destroyed Task=7108#162062
09-25 13:19:23.463  1914  1914 I Layer   : id=162135 Destroyed Surface(name=52c4dcc com.example.dogglers/com.example.dogglers.MainActivity)/@0x515e0e7 - animation-leash of starting_reveal#162135
09-25 13:19:23.463  5369  5369 I Launcher.AppsViewCellLayout: com.android.homescreen.apptray.AppsViewCellLayout{118f2a4 V.ED..... ........ 15341,100-16679,2951}[a=1.0,v=0,sId=11] setAlpha : 1.0
09-25 13:19:23.464  5369  5584 I ViewRootImpl@7533534[LauncherActivity]: mWNT: t=0xb40000772b698a00 mBlastBufferQueue=0xb400007720986880 fn= 155 caller= com.android.systemui.shared.launcher.ViewRootImplCompat.mergeWithNextTransaction:2 com.android.quickstep.util.SurfaceTransactionApplier.lambda$scheduleApply$0:2 com.android.quickstep.util.SurfaceTransactionApplier.b:0
