09-25 13:19:19.870  5639  5639 I ViewRootImpl@4a62a4b[InstrumentationActivityInvoker$EmptyActivity]: stopped(true) old = false
09-25 13:19:19.870  5639  5639 I ViewRootImpl@4a62a4b[InstrumentationActivityInvoker$EmptyActivity]: WindowStopped on com.example.dogglers/androidx.test.core.app.InstrumentationActivityInvoker$EmptyActivity set to true
09-25 13:19:19.870  5639  5639 D LifecycleMonitor: Lifecycle status change: androidx.test.core.app.InstrumentationActivityInvoker$EmptyActivity@8c12609 in: STOPPED
09-25 13:19:19.870  1809  1855 I HYPER-HAL: [RequestManager.cpp]releaseLocked(): Released ID : 4962867
09-25 13:19:19.870  5639  5639 V ActivityScenario: Activity lifecycle changed event received but ignored because the intent does not match. startActivityIntent=Intent { act=android.intent.action.MAIN cat=[android.intent.category.LAUNCHER] cmp=com.example.dogglers/.MainActivity }, activity.getIntent()=Intent { act=android.intent.action.MAIN cat=[android.intent.category.LAUNCHER] flg=0x10000000 cmp=com.example.dogglers/androidx.test.core.app.InstrumentationActivityInvoker$EmptyActivity }, activity=androidx.test.core.app.InstrumentationActivityInvoker$EmptyActivity@8c12609
09-25 13:19:19.871  5639  5639 I MSHandlerLifeCycle: removeMultiSplitHandler: no exist. decor=DecorView@1e7a83c[InstrumentationActivityInvoker$EmptyActivity]
09-25 13:19:19.871  5639  5639 D LifecycleMonitor: Lifecycle status change: androidx.test.core.app.InstrumentationActivityInvoker$EmptyActivity@8c12609 in: DESTROYED
09-25 13:19:19.871  5639  5639 V ActivityScenario: Activity lifecycle changed event received but ignored because the intent does not match. startActivityIntent=Intent { act=android.intent.action.MAIN cat=[android.intent.category.LAUNCHER] cmp=com.example.dogglers/.MainActivity }, activity.getIntent()=Intent { act=android.intent.action.MAIN cat=[android.intent.category.LAUNCHER] flg=0x10000000 cmp=com.example.dogglers/androidx.test.core.app.InstrumentationActivityInvoker$EmptyActivity }, activity=androidx.test.core.app.InstrumentationActivityInvoker$EmptyActivity@8c12609
09-25 13:19:19.872  5639  5639 I MSHandlerLifeCycle: removeMultiSplitHandler: no exist. decor=DecorView@1e7a83c[InstrumentationActivityInvoker$EmptyActivity]
09-25 13:19:19.872  5639  5729 D OpenGLRenderer: setSurface called with nullptr
09-25 13:19:19.872  5639  5639 I ViewRootImpl@4a62a4b[InstrumentationActivityInvoker$EmptyActivity]: dispatchDetachedFromWindow
09-25 13:19:19.872  3108  8626 D InputTransport: Input channel destroyed: '7496683', fd=1254
09-25 13:19:19.872  3108  8626 W InputManager-JNI: Input channel object '7496683 com.example.dogglers/androidx.test.core.app.InstrumentationActivityInvoker$EmptyActivity (client)' was disposed without first being removed with the input manager!
09-25 13:19:19.872  3108  8626 D InputTransport: Input channel destroyed: '7496683', fd=1257
09-25 13:19:19.873  1914  2139 I SurfaceFlinger: id=162050 createSurf, flag=24004, Surface(name=6a358c3 InputMethod)/@0x1a6cc79 - animation-leash of insets_animation#162050
09-25 13:19:19.875  5639  5639 D InputTransport: Input channel destroyed: '7496683', fd=132
09-25 13:19:19.876  1914  2139 I SurfaceFlinger: id=161986 Removed Surface(name=6a358c3 InputMethod)/@0x1a6cc79 - animation-leash of insets_animation#161986 (342)
09-25 13:19:19.876   586   586 I GoogleInputMethodService: GoogleInputMethodService.onFinishInput():3267
09-25 13:19:19.877  1914  2139 I SurfaceFlinger: id=162051 createSurf, flag=24004, Surface(name=6a358c3 InputMethod)/@0x1a6cc79 - animation-leash of insets_animation#162051
09-25 13:19:19.877   586   586 I GoogleInputMethodService: GoogleInputMethodService.updateDeviceLockedStatus():2097 repeatCheckTimes = 0, locked = false
09-25 13:19:19.877   586   586 D InputMethodService: checkFocusedDisplay() display Id 0last 0
09-25 13:19:19.877   586   586 I GoogleInputMethodService: GoogleInputMethodService.onStartInput():1889 onStartInput(EditorInfo{EditorInfo{packageName=com.example.dogglers, inputType=0, inputTypeString=NULL, enableLearning=false, autoCorrection=false, autoComplete=false, imeOptions=0, privateImeOptions=null, actionName=UNSPECIFIED, actionLabel=null, initialSelStart=-1, initialSelEnd=-1, initialCapsMode=0, label=null, fieldId=-1, fieldName=null, extras=Bundle[{displayId=0}], hintText=null, hintLocales=[]}}, false)
09-25 13:19:19.877  1914  2139 I SurfaceFlinger: id=162046 Removed b55fb1b ActivityRecordInputSink com.example.dogglers/androidx.test.core.app.InstrumentationActivityInvoker$EmptyActivity#162046 (343)
09-25 13:19:19.878   586   586 I GoogleInputMethodService: GoogleInputMethodService.updateDeviceLockedStatus():2097 repeatCheckTimes = 1, locked = false
09-25 13:19:19.879   586   586 I InputMethodService: removeImeSurface
09-25 13:19:19.879  1914  1914 I Layer   : id=162043 removedFromDrawingState com.example.dogglers/androidx.test.core.app.InstrumentationActivityInvoker$EmptyActivity$_5639#162043 (343)
09-25 13:19:19.879  1914  1914 I Layer   : id=162047 removedFromDrawingState Surface(name=6a358c3 InputMethod)/@0x1a6cc79 - animation-leash of insets_animation#162047 (343)
09-25 13:19:19.879   586   586 I MSHandlerLifeCycle: check: return. pkg=com.google.android.inputmethod.latin isActivity=false callers=com.android.internal.policy.DecorView.setVisibility:4412 android.app.Dialog.hide:767 android.inputmethodservice.InputMethodService.removeImeSurface:1290 android.inputmethodservice.InputMethodService.scheduleImeSurfaceRemoval:1279 android.inputmethodservice.InputMethodService.-$$Nest$mscheduleImeSurfaceRemoval:0
09-25 13:19:19.879  1914  1914 I Layer   : id=97070 removedFromDrawingState 6a358c3 InputMethod#97070 (343)
09-25 13:19:19.879  1914  1914 I Layer   : id=162042 removedFromDrawingState 7496683 com.example.dogglers/androidx.test.core.app.InstrumentationActivityInvoker$EmptyActivity#162042 (343)
09-25 13:19:19.879   586   586 I MSHandlerLifeCycle: removeMultiSplitHandler: no exist. decor=DecorView@3ddf8c7[InputMethod]
09-25 13:19:19.879  1914  1914 I Layer   : id=97070 addToCurrentState 6a358c3 InputMethod#97070 (343)
09-25 13:19:19.879  1914  1914 I SurfaceFlinger: id=162043 Removed com.example.dogglers/androidx.test.core.app.InstrumentationActivityInvoker$EmptyActivity$_5639#162043 (343)
09-25 13:19:19.879  1914  1914 I SurfaceFlinger: id=162047 Removed Surface(name=6a358c3 InputMethod)/@0x1a6cc79 - animation-leash of insets_animation#162047 (343)
09-25 13:19:19.879  1914  1914 I SurfaceFlinger: id=162042 Removed 7496683 com.example.dogglers/androidx.test.core.app.InstrumentationActivityInvoker$EmptyActivity#162042 (343)
09-25 13:19:19.880  1914  1914 I Layer   : id=161986 Destroyed Surface(name=6a358c3 InputMethod)/@0x1a6cc79 - animation-leash of insets_animation#161986
09-25 13:19:19.880  1914  1914 I Layer   : id=162042 Destroyed 7496683 com.example.dogglers/androidx.test.core.app.InstrumentationActivityInvoker$EmptyActivity#162042
09-25 13:19:19.880  1914  1914 I Layer   : id=162043 Destroyed com.example.dogglers/androidx.test.core.app.InstrumentationActivityInvoker$EmptyActivity$_5639#162043
09-25 13:19:19.880  1914  1914 I Layer   : id=162047 Destroyed Surface(name=6a358c3 InputMethod)/@0x1a6cc79 - animation-leash of insets_animation#162047
09-25 13:19:19.881  3108  8626 D InputMethodManagerService: isImeSwitcherDisabledPackage : false
09-25 13:19:19.881   586   586 I InputMethodService: removeImeSurface
09-25 13:19:19.882   586   586 I MSHandlerLifeCycle: check: return. pkg=com.google.android.inputmethod.latin isActivity=false callers=com.android.internal.policy.DecorView.setVisibility:4412 android.app.Dialog.hide:767 android.inputmethodservice.InputMethodService.removeImeSurface:1290 android.inputmethodservice.InputMethodService.scheduleImeSurfaceRemoval:1279 android.inputmethodservice.InputMethodService.-$$Nest$mscheduleImeSurfaceRemoval:0
09-25 13:19:19.882   586   586 I MSHandlerLifeCycle: removeMultiSplitHandler: no exist. decor=DecorView@3ddf8c7[InputMethod]
09-25 13:19:19.888  1914  1914 I Layer   : id=162050 removedFromDrawingState Surface(name=6a358c3 InputMethod)/@0x1a6cc79 - animation-leash of insets_animation#162050 (339)
09-25 13:19:19.888  1914  1914 I Layer   : id=162040 removedFromDrawingState ActivityRecord{80054b8 u0 com.example.dogglers/androidx.test.core.app.InstrumentationActivityInvoker$EmptyActivity} t7107}#162040 (339)
09-25 13:19:19.888  1914  1914 I Layer   : id=162046 removedFromDrawingState b55fb1b ActivityRecordInputSink com.example.dogglers/androidx.test.core.app.InstrumentationActivityInvoker$EmptyActivity#162046 (339)
09-25 13:19:19.888  1914  1914 I SurfaceFlinger: id=162040 Removed ActivityRecord{80054b8 u0 com.example.dogglers/androidx.test.core.app.InstrumentationActivityInvoker$EmptyActivity} t7107}#162040 (339)
09-25 13:19:19.888  1914  1914 I Layer   : id=162040 Destroyed ActivityRecord{80054b8 u0 com.example.dogglers/androidx.test.core.app.InstrumentationActivityInvoker$EmptyActivity} t7107}#162040
09-25 13:19:19.888  1914  1914 I Layer   : id=162046 Destroyed b55fb1b ActivityRecordInputSink com.example.dogglers/androidx.test.core.app.InstrumentationActivityInvoker$EmptyActivity#162046
09-25 13:19:19.906  1914  1914 D SurfaceFlinger: Display 4630947093241269891 HWC layers:
09-25 13:19:19.906  1914  1914 D SurfaceFlinger:      DEVICE | 0xb400007aeb20f080 | 0102 | RGBA_8888    |    0.0    0.0 1440.0 3088.0 |    0    0 1440 3088 | com.example.dogglers/com.example.dogglers.GridListActivity$_5639#162019
09-25 13:19:19.906  1914  1914 D SurfaceFlinger:      DEVICE | 0xb400007af6c14880 | 0100 | RGBA_8888    |    0.0    0.0 1440.0  100.0 |    0    0 1440  100 | StatusBar$_4768#95
09-25 13:19:19.906  1914  1914 D SurfaceFlinger:      DEVICE | 0xb400007af8705400 | 0100 | RGBA_8888    |    0.0    0.0   67.0  589.0 |    0  562   67 1151 | com.samsung.android.app.cocktailbars[...]vice.CocktailBarService$_8423#156853
09-25 13:19:19.906  1914  1914 D SurfaceFlinger:      DEVICE | 0xb400007af8705500 | 0100 | RGBA_8888    |    0.0    0.0  518.0   48.0 |  922 3040 1440 3088 | SGestureOverlayWindow$_5369#156268
09-25 13:19:19.906  1914  1914 D SurfaceFlinger:      DEVICE | 0xb400007af6c15880 | 0100 | RGBA_8888    |    0.0    0.0 1440.0  168.0 |    0 2920 1440 3088 | NavigationBar0$_4768#92
09-25 13:19:19.906  1914  1914 D SurfaceFlinger:
09-25 13:19:19.915  5639  5639 I ViewRootImpl@303126e[MainActivity]: stopped(true) old = false
09-25 13:19:19.915  5639  5639 I ViewRootImpl@303126e[MainActivity]: WindowStopped on com.example.dogglers/com.example.dogglers.MainActivity set to true
09-25 13:19:19.915  5639  5639 D LifecycleMonitor: Lifecycle status change: com.example.dogglers.MainActivity@106fcac in: STOPPED
09-25 13:19:19.915  5639  5639 V ActivityScenario: Update currentActivityStage to STOPPED, currentActivity=com.example.dogglers.MainActivity@106fcac
09-25 13:19:19.916  5639  5639 I MSHandlerLifeCycle: removeMultiSplitHandler: no exist. decor=DecorView@55eec79[MainActivity]
09-25 13:19:19.916  5639  5639 D LifecycleMonitor: Lifecycle status change: com.example.dogglers.MainActivity@106fcac in: DESTROYED
09-25 13:19:19.916  5639  5639 V ActivityScenario: Update currentActivityStage to DESTROYED, currentActivity=null
09-25 13:19:19.917  5639  5703 I TestRunner: finished: clicking_grid_list_button_displays_grid_list(com.example.dogglers.ButtonTests)
