09-25 13:19:21.585  5639  5703 I TestRunner: started: horizontal_list_button_is_displayed(com.example.dogglers.ButtonTests)
09-25 13:19:21.588  5639  5703 W Settings: Setting always_finish_activities has moved from android.provider.Settings.System to android.provider.Settings.Global, returning read-only value.
09-25 13:19:21.592  3108  3230 I ChimeraSystemEventListener: appLaunchIntent package name is: com.example.dogglers
09-25 13:19:21.593  3108  5688 I SemDvfsHyPerManager: acquire hyper - AMS_APP_SWITCH/3108@23, type = -999
09-25 13:19:21.594  3108 29076 D RemoteAppTaskWatcher:  ****** RemoteAppTaskWatcher: Message Received 0 Task ID = 7109
09-25 13:19:21.594  1809  1855 I HYPER-HAL: [RequestManager.cpp]acquire(): Acquired ID : 4903169  [3108 / 23]    HINT : AMS_APP_SWITCH    list :
09-25 13:19:21.594  8328  8328 I SemDvfsHyPerManager: acquire hyper - APP_START_SHORT/8328@19, type = -999
09-25 13:19:21.594  1914  4196 I SurfaceFlinger: id=162122 createSurf, flag=24004, Task=7109#162122
09-25 13:19:21.596  1914  4196 I SurfaceFlinger: id=162123 createSurf, flag=80004, ActivityRecord{97cf07c u0 com.example.dogglers/androidx.test.core.app.InstrumentationActivityInvoker$BootstrapActivity} t7109}#162123
09-25 13:19:21.600  3108  4606 I SemDvfsHyPerManager: acquire hyper - AMS_APP_LAUNCH/3108@19, type = -999
09-25 13:19:21.600  5759  5759 E pageboostd: Received HALT command code 2
09-25 13:19:21.601  3108 29076 D RemoteAppTaskWatcher:  ****** RemoteAppTaskWatcher: Message Received 4 Task ID = 7109
09-25 13:19:21.601  3108 29076 D RemoteAppTaskWatcher:  ****** RemoteAppTaskWatcher: Message Received 0 Task ID = 7109
09-25 13:19:21.602  8328  8328 I SemDvfsHyPerManager: acquire hyper - APP_START/8328@21, type = -999
09-25 13:19:21.602  1809  1855 I HYPER-HAL: [RequestManager.cpp]acquire(): Acquired ID : 34840397  [8328 / 19]    HINT : APP_START_LOW_HEAT    list : [TIMEOUT / 1500]
09-25 13:19:21.603  1809  1855 I HYPER-HAL: [RequestManager.cpp]acquire(): Acquired ID : 4890647  [3108 / 19]    HINT : AMS_APP_LAUNCH    list :
09-25 13:19:21.603  4768  4851 D NativeCustomFrequencyManager: [NativeCFMS] BpCustomFrequencyManager::BpCustomFrequencyManager()
09-25 13:19:21.604  5369  5369 I BaseActivity: removeActivityFlags, flags : 16
09-25 13:19:21.604  5369  5369 I BaseActivity: removeActivityFlags, flags : 6
09-25 13:19:21.604  5369  5369 I DragController: endDrag
09-25 13:19:21.604  5369  5369 W LauncherAppWidgetHost: setShouldListenFlag, mFlags:15 flag:resume on:false isFront:false
09-25 13:19:21.604  5369  5369 I SPayUpdater: updateSpayHandler launcher activity is paused false
09-25 13:19:21.604  5369 11129 I WidgetRotationImpl: unsubscribeWidgetFocus 80
09-25 13:19:21.605  1809  1855 I HYPER-HAL: [RequestManager.cpp]acquire(): Acquired ID : 34857096  [8328 / 21]    HINT : APP_START_LOW_HEAT    list :
09-25 13:19:21.605  5369 11129 I IntelligentPlatformManagerImpl: unsubscribeWidgetFocus() id : 80
09-25 13:19:21.607  2229  7517 I CameraService: onUidStateChanged: uid=10042, procState is changed. (0 -> 1)
09-25 13:19:21.607  3108  4606 D InputDispatcher: Focused application(0): ActivityRecord{97cf07c u0 com.example.dogglers/androidx.test.core.app.InstrumentationActivityInvoker$BootstrapActivity} t7109}
09-25 13:19:21.609  3108 29076 D RemoteAppTaskWatcher:  ****** RemoteAppTaskWatcher: Message Received 5 Task ID = 0
09-25 13:19:21.610  5369  5369 I TopTaskTracker: onTaskMovedToFront : taskId = 7109
09-25 13:19:21.612  6586 25742 I SAMSUNGWALLET: [Hint_ProcessStatusChange] fg Change, pid : 5639 , isNotify : false , isForeground : true , fg list : []
09-25 13:19:21.612  3108  3145 D InputTransport: Input channel constructed: '7621079', fd=1065
09-25 13:19:21.612  3108  3145 D InputTransport: Input channel constructed: '7621079', fd=1132
09-25 13:19:21.612  3108  3145 D InputTransport: Input channel constructed: '7621079', fd=1143
09-25 13:19:21.612  6586 10126 I SAMSUNGWALLET: [Hint_ProcessStatusChange] fg Change, pid : 5639 , isNotify : false , isForeground : true , fg list : []
09-25 13:19:21.612  6586 10126 I SAMSUNGWALLET: [ProcessStatusChange] fg Change, pid : 5639 , isNotify : false , isForeground : true , fg list : []
09-25 13:19:21.612  1914  4196 I SurfaceFlinger: id=162124 createSurf, flag=80004, 7621079 Splash Screen com.example.dogglers#162124
09-25 13:19:21.612  6586 17206 I SAMSUNGWALLET: [Hint_ProcessStatusChange] fg Change, pid : 5639 , isNotify : false , isForeground : true , fg list : []
09-25 13:19:21.612  6586 17206 I SAMSUNGWALLET: [ProcessStatusChange] fg Change, pid : 5639 , isNotify : false , isForeground : true , fg list : []
09-25 13:19:21.613  6586 25742 I SAMSUNGWALLET: [ProcessStatusChange] fg Change, pid : 5639 , isNotify : false , isForeground : true , fg list : []
09-25 13:19:21.613  1914  1914 I SurfaceFlinger: [c7375dc com.sec.android.app.launcher/com.sec.android.app.launcher.activities.LauncherActivity#176] FrameRatePriority: -1
09-25 13:19:21.614  3108  3145 D InputTransport: Input channel destroyed: '7621079', fd=1143
09-25 13:19:21.615  5639  5639 D LifecycleMonitor: Lifecycle status change: androidx.test.core.app.InstrumentationActivityInvoker$BootstrapActivity@1806bd7 in: PRE_ON_CREATE
09-25 13:19:21.615  4768  4843 D InsetsController: onStateChanged: InsetsState: {mDisplayFrame=Rect(0, 0 - 1440, 3088), mDisplayCutout=DisplayCutout{insets=Rect(0, 100 - 0, 0) waterfall=Insets{left=0, top=0, right=0, bottom=0} boundingRect={Bounds=[Rect(0, 0 - 0, 0), Rect(685, 0 - 756, 100), Rect(0, 0 - 0, 0), Rect(0, 0 - 0, 0)]} cutoutPathParserInfo={CutoutPathParserInfo{displayWidth=1440 displayHeight=3088 physicalDisplayWidth=1440 physicalDisplayHeight=3088 density={3.75} cutoutSpec={M 0,0 H -9.466666666666667 V 26.66666666666667‬ H 9.466666666666667 V 0 H 0 Z @dp} rotation={0} scale={1.0} physicalPixelDisplaySizeRatio={1.0}}}}, mRoundedCorners=RoundedCorners{[RoundedCorner{position=TopLeft, radius=14, center=Point(14, 14)}, RoundedCorner{position=TopRight, radius=14, center=Point(1426, 14)}, RoundedCorner{position=BottomRight, radius=14, center=Point(1426, 3074)}, RoundedCorner{position=BottomLeft, radius=14, center=Point(14, 3074)}]}  mRoundedCornerFrame=Rect(0, 0 - 1440, 3088), mPrivacyIndicatorBounds=PrivacyIndicatorBounds {static bounds=Rect(1286, 0 - 1440, 100) rotation=0}, mSources= { InsetsSource: {mType=ITYPE_STATUS_BAR, mFrame=[0,0][1440,100], mVisible=true, mInsetsRoundedCornerFrame=false}, InsetsSource: {mType=ITYPE_NAVIGATION_BAR, mFrame=[0,3088][1440,3088], mVisible=true, mInsetsRoundedCornerFrame=false}, InsetsSource: {mType=ITYPE_LEFT_GESTURES, mFrame=[0,0][0,3088], mVisible=true, mInsetsRoundedCornerFrame=false}, InsetsSource: {mType=ITYPE_RIGHT_GESTURES, mFrame=[1440,0][1440,3088], mVisible=true, mInsetsRoundedCornerFrame=false}, InsetsSource: {mType=ITYPE_TOP_MANDATORY_GESTURES, mFrame=[0,0][1440,142], mVisible=true, mInsetsRoundedCornerFrame=false}, InsetsSource: {mType=ITYPE_BOTTOM_MANDATORY_GESTURES, mFrame=[0,3018][1440,3088], mVisible=true, mInsetsRoundedCornerFrame=false}, InsetsSource: {mType=ITYPE_LEFT_DISPLAY_CUTOUT, mFrame=[0,0][-100000,3088], mVisible=true, mInsetsRoundedCornerFrame=false}, InsetsSource: {mType=ITYPE_TOP_DISPLAY_CUTOUT, mFrame=[0,0][1440,100], mVisible=true, mInsetsRoundedCornerFrame=false}, InsetsSource: {mType=ITYPE_RIGHT_DISPLAY_CUTOUT, mFrame=[100000,0][1440,3088], mVisible=true, mInsetsRoundedCornerFrame=false}, InsetsSource: {mType=ITYPE_BOTTOM_DISPLAY_CUTOUT, mFrame=[0,100000][1440,3088], mVisible=true, mInsetsRoundedCornerFrame=false}, InsetsSource: {mType=ITYPE_TOP_TAPPABLE_ELEMENT, mFrame=[0,0][1440,100], mVisible=true, mInsetsRoundedCornerFrame=false}, InsetsSource: {mType=ITYPE_BOTTOM_TAPPABLE_ELEMENT, mFrame=[0,0][0,0], mVisible=true, mInsetsRoundedCornerFrame=false}, InsetsSource: {mType=ITYPE_IME, mFrame=[0,0][0,0], mVisibleFrame=[0,3088][1440,3088], mVisible=false, mInsetsRoundedCornerFrame=false} } host=Splash Screen com.example.dogglers from=android.view.ViewRootImpl.setView:1732
09-25 13:19:21.615  5639  5639 V ActivityScenario: Activity lifecycle changed event received but ignored because the intent does not match. startActivityIntent=Intent { act=android.intent.action.MAIN cat=[android.intent.category.LAUNCHER] cmp=com.example.dogglers/.MainActivity }, activity.getIntent()=Intent { act=android.intent.action.MAIN cat=[android.intent.category.LAUNCHER] flg=0x10008000 cmp=com.example.dogglers/androidx.test.core.app.InstrumentationActivityInvoker$BootstrapActivity (has extras) }, activity=androidx.test.core.app.InstrumentationActivityInvoker$BootstrapActivity@1806bd7
09-25 13:19:21.616  3108  4605 D AS.MultiSoundManager: mForegroundUid = 10577
09-25 13:19:21.619 15286 15346 I Rubin   : [27752] t9.a.c(SourceFile:1) : Notify com.samsung.android.rubin.inferenceengine.contextanalytics.engine.loggers.d's database is updated.
09-25 13:19:21.619  8130  8237 I [AirCmd]_ActivitySwitchDetector: onTaskFocusChanged : taskId 7109
09-25 13:19:21.619  4768  4843 I ViewRootImpl@466460c[dogglers]: setView = android.widget.FrameLayout@a37b6f8 TM=true
09-25 13:19:21.620  3108  3230 I SemPersonaManager: SecureFolder personaId = 150
09-25 13:19:21.620  4768  4843 I ViewRootImpl@466460c[dogglers]: performTraversals params={(0,0)(fillxfill) sim={adjust=pan} ty=APPLICATION_STARTING fmt=TRANSLUCENT wanim=0x1030001
09-25 13:19:21.620  4768  4843 I ViewRootImpl@466460c[dogglers]:   fl=81030118
09-25 13:19:21.620  4768  4843 I ViewRootImpl@466460c[dogglers]:   pfl=16000010
09-25 13:19:21.620  4768  4843 I ViewRootImpl@466460c[dogglers]:   bhv=DEFAULT
09-25 13:19:21.620  4768  4843 I ViewRootImpl@466460c[dogglers]:   fitSides= naviIconColor=0}
09-25 13:19:21.620  5639  5639 I DecorView: [INFO] isPopOver=false config=true
09-25 13:19:21.620  5639  5639 I DecorView: updateCaptionType: isFloating=false isApplication=true hasWindowDecorCaption=false this=DecorView@dfd4ae2[]
09-25 13:19:21.620  5639  5639 D DecorView: setCaptionType = 0, this = DecorView@dfd4ae2[]
09-25 13:19:21.620  4768  4843 I ViewRootImpl@466460c[dogglers]: performTraversals mFirst=true windowShouldResize=true viewVisibilityChanged=false mForceNextWindowRelayout=false params={(0,0)(fillxfill) sim={adjust=pan} ty=APPLICATION_STARTING fmt=TRANSLUCENT wanim=0x1030001
09-25 13:19:21.620  4768  4843 I ViewRootImpl@466460c[dogglers]:   fl=81030118
09-25 13:19:21.620  4768  4843 I ViewRootImpl@466460c[dogglers]:   pfl=16000010
09-25 13:19:21.620  4768  4843 I ViewRootImpl@466460c[dogglers]:   bhv=DEFAULT
09-25 13:19:21.620  4768  4843 I ViewRootImpl@466460c[dogglers]:   fitSides= naviIconColor=0}
09-25 13:19:21.621  3108  4073 V WindowManager: Relayout Window{7621079 u0 Splash Screen com.example.dogglers}: viewVisibility=0 req=1440x3088 d0
09-25 13:19:21.621  1914  4196 I SurfaceFlinger: id=162125 createSurf, flag=40004, Splash Screen com.example.dogglers$_4768#162125
09-25 13:19:21.621  5639  5639 I DecorView: getCurrentDensityDpi: from real metrics. densityDpi=560 msg=resources_loaded
09-25 13:19:21.621  5639  5639 I DecorView: setWindowBackground: isPopOver=false color=ff010101 d=android.graphics.drawable.StateListDrawable@e75ee73
09-25 13:19:21.621  5639  5639 D LifecycleMonitor: Lifecycle status change: androidx.test.core.app.InstrumentationActivityInvoker$BootstrapActivity@1806bd7 in: CREATED
09-25 13:19:21.621  5639  5639 V ActivityScenario: Activity lifecycle changed event received but ignored because the intent does not match. startActivityIntent=Intent { act=android.intent.action.MAIN cat=[android.intent.category.LAUNCHER] cmp=com.example.dogglers/.MainActivity }, activity.getIntent()=Intent { act=android.intent.action.MAIN cat=[android.intent.category.LAUNCHER] flg=0x10008000 cmp=com.example.dogglers/androidx.test.core.app.InstrumentationActivityInvoker$BootstrapActivity (has extras) }, activity=androidx.test.core.app.InstrumentationActivityInvoker$BootstrapActivity@1806bd7
09-25 13:19:21.622  8130  8237 I [AirCmd]_ActivitySwitchDetector: onTaskFocusChanged : componentName - ComponentInfo{com.example.dogglers/androidx.test.core.app.InstrumentationActivityInvoker$BootstrapActivity}
09-25 13:19:21.622  8130  8237 I [AirCmd]_ActivitySwitchDetector: onTaskFocusChanged : mTopMostActivity - ComponentInfo{com.sec.android.app.launcher/com.android.launcher3.uioverrides.QuickstepLauncher}
09-25 13:19:21.624  5639  5639 D LifecycleMonitor: Lifecycle status change: androidx.test.core.app.InstrumentationActivityInvoker$BootstrapActivity@1806bd7 in: STARTED
09-25 13:19:21.624  5639  5639 V ActivityScenario: Activity lifecycle changed event received but ignored because the intent does not match. startActivityIntent=Intent { act=android.intent.action.MAIN cat=[android.intent.category.LAUNCHER] cmp=com.example.dogglers/.MainActivity }, activity.getIntent()=Intent { act=android.intent.action.MAIN cat=[android.intent.category.LAUNCHER] flg=0x10008000 cmp=com.example.dogglers/androidx.test.core.app.InstrumentationActivityInvoker$BootstrapActivity (has extras) }, activity=androidx.test.core.app.InstrumentationActivityInvoker$BootstrapActivity@1806bd7
09-25 13:19:21.626  3108  3145 D InputDispatcher: Focus request (0): <null> but waiting because NOT_FOCUSABLE
09-25 13:19:21.626  3108  3145 D InputDispatcher: Focus left window (0): c7375dc com.sec.android.app.launcher/com.sec.android.app.launcher.activities.LauncherActivity
09-25 13:19:21.626  5369  5369 I ViewRootImpl@7533534[LauncherActivity]: MSG_WINDOW_FOCUS_CHANGED 0 0
09-25 13:19:21.626  5369  5369 I BaseActivity: removeActivityFlags, flags : 8
09-25 13:19:21.628  3108  4073 V WindowManager: Relayout hash=7621079, pid=4768, syncId=-1: mAttrs={(0,0)(fillxfill) sim={adjust=pan} ty=APPLICATION_STARTING fmt=TRANSLUCENT wanim=0x1030001
09-25 13:19:21.628  3108  4073 V WindowManager:   fl=81030118
09-25 13:19:21.628  3108  4073 V WindowManager:   pfl=16000010
09-25 13:19:21.628  3108  4073 V WindowManager:   bhv=DEFAULT
09-25 13:19:21.628  3108  4073 V WindowManager:   fitSides= naviIconColor=0}
09-25 13:19:21.628  4768  4843 I ViewRootImpl@466460c[dogglers]: updateBlastSurfaceIfNeeded mBlastBufferQueue=null isSameSurfaceControl=false
09-25 13:19:21.628  8130  8237 I [AirCmd]_CallbackRepeater: stopRepeat : isWorking=false
09-25 13:19:21.629  4768  4843 I BLASTBufferQueue: new BLASTBufferQueue, mName= ViewRootImpl@466460c[dogglers] mNativeObject= 0xb400007705019c80 sc.mNativeObject= 0xb400007721bd2020 caller= android.view.ViewRootImpl.updateBlastSurfaceIfNeeded:2909 android.view.ViewRootImpl.relayoutWindow:9847 android.view.ViewRootImpl.performTraversals:3884 android.view.ViewRootImpl.doTraversal:3116 android.view.ViewRootImpl$TraversalRunnable.run:10885 android.view.Choreographer$CallbackRecord.run:1301 android.view.Choreographer$CallbackRecord.run:1309 android.view.Choreographer.doCallbacks:923 android.view.Choreographer.doFrame:852 android.view.Choreographer$FrameDisplayEventReceiver.run:1283
09-25 13:19:21.629  4768  4843 I BLASTBufferQueue: update, w= 1440 h= 3088 mName = ViewRootImpl@466460c[dogglers] mNativeObject= 0xb400007705019c80 sc.mNativeObject= 0xb400007721bd2020 format= -3 caller= android.graphics.BLASTBufferQueue.<init>:84 android.view.ViewRootImpl.updateBlastSurfaceIfNeeded:2909 android.view.ViewRootImpl.relayoutWindow:9847 android.view.ViewRootImpl.performTraversals:3884 android.view.ViewRootImpl.doTraversal:3116 android.view.ViewRootImpl$TraversalRunnable.run:10885
09-25 13:19:21.629  8130  8237 I [AirCmd]_MediaControlStateMonitor: isForegroundAppSupportsMediaButton : mediaSession is empty
09-25 13:19:21.629  4768  4843 I ViewRootImpl@466460c[dogglers]: Relayout returned: old=(0,0,1440,3088) new=(0,0,1440,3088) req=(1440,3088)0 dur=8 res=0x3 s={true 0xb4000076ffe24800} ch=true seqId=0
09-25 13:19:21.629  4768  4843 I ViewRootImpl@466460c[dogglers]: performConfigurationChange setNightDimText nightDimLevel=0
09-25 13:19:21.629  4768  4843 I ViewRootImpl@466460c[dogglers]: mThreadedRenderer.initialize() mSurface={isValid=true 0xb4000076ffe24800} hwInitialized=true
09-25 13:19:21.629  4768  4851 D OpenGLRenderer: eglCreateWindowSurface
09-25 13:19:21.630 15286 15346 I Rubin   : [27752] ha.e.m(SourceFile:6) : isSatisfiedByCmh is false
09-25 13:19:21.630  1914  3193 I SurfaceFlinger: id=162126 createSurf, flag=80004, ActivityRecord{f2b09e9 u0 com.example.dogglers/.MainActivity} t7109}#162126
09-25 13:19:21.630  3108  3230 D EnterpriseDeviceManagerService: isMdmAdminPresentInternal() : MDM Admin Found - com.samsung.knox.securefolder
09-25 13:19:21.631  5369  5369 I BadgeRenderer: Invalid count : 0
09-25 13:19:21.634  8130  8237 I [AirCmd]_MediaControlStateMonitor: active Notification List is null
09-25 13:19:21.634  8130  8237 I [AirCmd]_RemoteSpenMainController: hasGeneralAction : packageName is com.example.dogglers, activityName is androidx.test.core.app.InstrumentationActivityInvoker$BootstrapActivity, hasActions is false
09-25 13:19:21.634  8130  8237 I [AirCmd]_CameraAvailabilityMonitor: isCameraPreviewOn : mIsCameraPreviewOn is false
09-25 13:19:21.635 15715 15751 I WindowsLink: (TaskInfoManager) +++++++++++onRecentTaskStackUpdated
09-25 13:19:21.635  5759  5759 E pageboostd: Received HALT command code 2
09-25 13:19:21.635  5639  5639 D LifecycleMonitor: Lifecycle status change: androidx.test.core.app.InstrumentationActivityInvoker$BootstrapActivity@1806bd7 in: RESUMED
09-25 13:19:21.635  5639  5639 V ActivityScenario: Activity lifecycle changed event received but ignored because the intent does not match. startActivityIntent=Intent { act=android.intent.action.MAIN cat=[android.intent.category.LAUNCHER] cmp=com.example.dogglers/.MainActivity }, activity.getIntent()=Intent { act=android.intent.action.MAIN cat=[android.intent.category.LAUNCHER] flg=0x10008000 cmp=com.example.dogglers/androidx.test.core.app.InstrumentationActivityInvoker$BootstrapActivity (has extras) }, activity=androidx.test.core.app.InstrumentationActivityInvoker$BootstrapActivity@1806bd7
09-25 13:19:21.636  4768  4843 I ViewRootImpl@466460c[dogglers]: reportNextDraw android.view.ViewRootImpl.performTraversals:4438 android.view.ViewRootImpl.doTraversal:3116 android.view.ViewRootImpl$TraversalRunnable.run:10885 android.view.Choreographer$CallbackRecord.run:1301 android.view.Choreographer$CallbackRecord.run:1309
09-25 13:19:21.636  4768  4843 I ViewRootImpl@466460c[dogglers]: Setup new sync id=0
09-25 13:19:21.636  4768  4843 I ViewRootImpl@466460c[dogglers]: Setting syncFrameCallback
09-25 13:19:21.636  4768  4843 I ViewRootImpl@466460c[dogglers]: registerCallbacksForSync syncBuffer=false
09-25 13:19:21.636  5639  5639 D LifecycleMonitor: Lifecycle status change: androidx.test.core.app.InstrumentationActivityInvoker$BootstrapActivity@1806bd7 in: PAUSED
09-25 13:19:21.636  5639  5639 V ActivityScenario: Activity lifecycle changed event received but ignored because the intent does not match. startActivityIntent=Intent { act=android.intent.action.MAIN cat=[android.intent.category.LAUNCHER] cmp=com.example.dogglers/.MainActivity }, activity.getIntent()=Intent { act=android.intent.action.MAIN cat=[android.intent.category.LAUNCHER] flg=0x10008000 cmp=com.example.dogglers/androidx.test.core.app.InstrumentationActivityInvoker$BootstrapActivity (has extras) }, activity=androidx.test.core.app.InstrumentationActivityInvoker$BootstrapActivity@1806bd7
09-25 13:19:21.637  4768  4860 I ViewRootImpl@466460c[dogglers]: Received frameDrawingCallback syncResult=0 frameNum=1.
09-25 13:19:21.637  4768  4860 I ViewRootImpl@466460c[dogglers]: Setting up sync and frameCommitCallback
09-25 13:19:21.637  8130  8237 I [AirCmd]_CameraAvailabilityMonitor: isCameraPreviewOn : mIsCameraPreviewOn is false
09-25 13:19:21.638  3108  3146 D InputDispatcher: Focused application(0): ActivityRecord{f2b09e9 u0 com.example.dogglers/.MainActivity} t7109}
09-25 13:19:21.639  3108 29076 D RemoteAppTaskWatcher:  ****** RemoteAppTaskWatcher: Message Received 5 Task ID = 0
09-25 13:19:21.639  4768  4851 I BLASTBufferQueue: [ViewRootImpl@466460c[dogglers]#3969](f:0,a:0) onFrameAvailable the first frame is available
09-25 13:19:21.640  4768  4851 I ViewRootImpl@466460c[dogglers]: Received frameCommittedCallback lastAttemptedDrawFrameNum=1 didProduceBuffer=true
09-25 13:19:21.640  4768  4851 D OpenGLRenderer: CFMS:: SetUp Pid : 4768    Tid : 4851
09-25 13:19:21.641  8130  8237 I [AirCmd]_MediaControlStateMonitor: isForegroundAppSupportsMediaButton : mediaSession is empty
09-25 13:19:21.641  8130  8237 I [AirCmd]_MediaControlStateMonitor: active Notification List is null
09-25 13:19:21.641  8130  8237 I [AirCmd]_PenActionRule: getAction : get default action data from remote action because pen action data is null.
09-25 13:19:21.641  8130  8237 I [AirCmd]_ButtonActionDetector: enableDoubleClickDetection: enabled=true, doubleClickWaitInterval=300
09-25 13:19:21.641  8130  8237 I [AirCmd]_RemoteSpenMainController: onSwitch : package is com.example.dogglers   and activity is androidx.test.core.app.InstrumentationActivityInvoker$BootstrapActivity and isBleConnected is false and hasActions is false
09-25 13:19:21.642  8423  8423 I ActivityUtils: HomePackage : com.sec.android.app.launcher, resumePackageName : com.example.dogglers
09-25 13:19:21.643  4768  4843 I ViewRootImpl@466460c[dogglers]: onSyncComplete
09-25 13:19:21.643  4768  4843 I ViewRootImpl@466460c[dogglers]: setupSync seqId=0 mSyncId=0 fn=1 caller=android.view.ViewRootImpl$$ExternalSyntheticLambda11.accept:6 android.window.SurfaceSyncer.lambda$setupSync$1$android-window-SurfaceSyncer:128 android.window.SurfaceSyncer$$ExternalSyntheticLambda1.accept:8 android.window.SurfaceSyncer$SyncSet.checkIfSyncIsComplete:382 android.window.SurfaceSyncer$SyncSet.markSyncReady:359 android.window.SurfaceSyncer.markSyncReady:151 android.view.ViewRootImpl.performTraversals:4503
09-25 13:19:21.643  4768  4843 I ViewRootImpl@466460c[dogglers]: reportDrawFinished seqId=0 mSyncId=-1 fn=1 mSurfaceChangedTransaction=0xb4000077a10d7f00
09-25 13:19:21.644  5639  5639 D LifecycleMonitor: Lifecycle status change: com.example.dogglers.MainActivity@d9e8648 in: PRE_ON_CREATE
09-25 13:19:21.644  5639  5639 V ActivityScenario: Activity lifecycle changed event received but ignored because the reported transition was not ON_CREATE while the last known transition was PRE_ON_CREATE
09-25 13:19:21.646  1914  2140 I SurfaceFlinger: id=162127 createSurf, flag=24000, Surface(name=Task=1)/@0xeddbc98 - animation-leash of app_transition#162127
09-25 13:19:21.647 15715 15751 I WindowsLink: (TaskInfoManager) +++++++++++onRecentTaskStackUpdated
09-25 13:19:21.649  1914  2140 I SurfaceFlinger: id=162128 createSurf, flag=24004, Surface(name=Task=7109)/@0xe9d3f59 - animation-leash of app_transition#162128
09-25 13:19:21.650  5639  5639 I DecorView: [INFO] isPopOver=false config=true
09-25 13:19:21.650  5639  5639 I DecorView: updateCaptionType: isFloating=false isApplication=true hasWindowDecorCaption=false this=DecorView@7c73925[]
09-25 13:19:21.650  5639  5639 D DecorView: setCaptionType = 0, this = DecorView@7c73925[]
09-25 13:19:21.651  5639  5639 I DecorView: getCurrentDensityDpi: from real metrics. densityDpi=560 msg=resources_loaded
09-25 13:19:21.651  5639  5639 I DecorView: setWindowBackground: isPopOver=false color=ff121212 d=android.graphics.drawable.ColorDrawable@5cc8ab
09-25 13:19:21.651  4768  5670 I ViewRootImpl@466460c[dogglers]: Resizing android.view.ViewRootImpl@f48a7d1: frame = [0,0][1440,3088] reportDraw = false forceLayout = false syncSeqId = 0
09-25 13:19:21.651  4768  4843 I ViewRootImpl@466460c[dogglers]: handleResized, msg = 4 frames=ClientWindowFrames{frame=[0,0][1440,3088] display=[0,0][1440,3088] parentFrame=[0,0][0,0] parentClippedByDisplayCutout=false} forceNextWindowRelayout=false displayId=0 resizeMode=-1 frameChanged=false displayFrameChanged=false configChanged=false displayChanged=false
09-25 13:19:21.652  1914  2140 I SurfaceFlinger: id=162129 createSurf, flag=80000, d205b6f ActivityRecordInputSink com.example.dogglers/androidx.test.core.app.InstrumentationActivityInvoker$BootstrapActivity#162129
09-25 13:19:21.653  1914  2140 I SurfaceFlinger: id=162130 createSurf, flag=80000, 1ec7270 ActivityRecordInputSink com.example.dogglers/.MainActivity#162130
09-25 13:19:21.654  5639  5639 D LifecycleMonitor: Lifecycle status change: com.example.dogglers.MainActivity@d9e8648 in: CREATED
09-25 13:19:21.654  5639  5639 V ActivityScenario: Update currentActivityStage to CREATED, currentActivity=com.example.dogglers.MainActivity@d9e8648
09-25 13:19:21.654  5639  5639 D LifecycleMonitor: Lifecycle status change: com.example.dogglers.MainActivity@d9e8648 in: STARTED
09-25 13:19:21.654  5639  5639 V ActivityScenario: Update currentActivityStage to STARTED, currentActivity=com.example.dogglers.MainActivity@d9e8648
09-25 13:19:21.655  1914  1914 I Layer   : Layer [Splash Screen com.example.dogglers$_4768#162125] hidden!! flag(0)
09-25 13:19:21.655  5639  5639 D LifecycleMonitor: Lifecycle status change: com.example.dogglers.MainActivity@d9e8648 in: RESUMED
09-25 13:19:21.655  5639  5639 V ActivityScenario: Update currentActivityStage to RESUMED, currentActivity=com.example.dogglers.MainActivity@d9e8648
09-25 13:19:21.655  5639  5639 I MSHandlerLifeCycle: check: return. pkg=com.example.dogglers parent=null callers=com.android.internal.policy.DecorView.setVisibility:4412 android.app.ActivityThread.handleResumeActivity:5476 android.app.servertransaction.ResumeActivityItem.execute:54 android.app.servertransaction.ActivityTransactionItem.execute:45 android.app.servertransaction.TransactionExecutor.executeLifecycleState:176
09-25 13:19:21.655  5639  5639 I MSHandlerLifeCycle: removeMultiSplitHandler: no exist. decor=DecorView@7c73925[]
09-25 13:19:21.655  4768  4838 D Bubbles : onLocusVisibilityChanged: LocusId[17_chars] visible=false
09-25 13:19:21.656  5639  5729 D NativeCustomFrequencyManager: [NativeCFMS] BpCustomFrequencyManager::BpCustomFrequencyManager()
09-25 13:19:21.656  3108  6142 I MediaSessionMonitor: Media session stopped : controllerList empty
09-25 13:19:21.658  3108  3145 D InputTransport: Input channel constructed: '52c4dcc', fd=1143
09-25 13:19:21.658  3108  3145 D InputTransport: Input channel constructed: '52c4dcc', fd=1249
09-25 13:19:21.658  3108  3145 D InputTransport: Input channel constructed: '52c4dcc', fd=1254
09-25 13:19:21.659  1914  2140 I SurfaceFlinger: id=162131 createSurf, flag=80004, 52c4dcc com.example.dogglers/com.example.dogglers.MainActivity#162131
09-25 13:19:21.660  3108  3145 D InputTransport: Input channel destroyed: '52c4dcc', fd=1254
09-25 13:19:21.660  5639  5639 D InsetsController: onStateChanged: InsetsState: {mDisplayFrame=Rect(0, 0 - 1440, 3088), mDisplayCutout=DisplayCutout{insets=Rect(0, 100 - 0, 0) waterfall=Insets{left=0, top=0, right=0, bottom=0} boundingRect={Bounds=[Rect(0, 0 - 0, 0), Rect(685, 0 - 756, 100), Rect(0, 0 - 0, 0), Rect(0, 0 - 0, 0)]} cutoutPathParserInfo={CutoutPathParserInfo{displayWidth=1440 displayHeight=3088 physicalDisplayWidth=1440 physicalDisplayHeight=3088 density={3.75} cutoutSpec={M 0,0 H -9.466666666666667 V 26.66666666666667‬ H 9.466666666666667 V 0 H 0 Z @dp} rotation={0} scale={1.0} physicalPixelDisplaySizeRatio={1.0}}}}, mRoundedCorners=RoundedCorners{[RoundedCorner{position=TopLeft, radius=14, center=Point(14, 14)}, RoundedCorner{position=TopRight, radius=14, center=Point(1426, 14)}, RoundedCorner{position=BottomRight, radius=14, center=Point(1426, 3074)}, RoundedCorner{position=BottomLeft, radius=14, center=Point(14, 3074)}]}  mRoundedCornerFrame=Rect(0, 0 - 1440, 3088), mPrivacyIndicatorBounds=PrivacyIndicatorBounds {static bounds=Rect(1286, 0 - 1440, 100) rotation=0}, mSources= { InsetsSource: {mType=ITYPE_STATUS_BAR, mFrame=[0,0][1440,100], mVisible=true, mInsetsRoundedCornerFrame=false}, InsetsSource: {mType=ITYPE_NAVIGATION_BAR, mFrame=[0,3088][1440,3088], mVisible=true, mInsetsRoundedCornerFrame=false}, InsetsSource: {mType=ITYPE_LEFT_GESTURES, mFrame=[0,0][0,3088], mVisible=true, mInsetsRoundedCornerFrame=false}, InsetsSource: {mType=ITYPE_RIGHT_GESTURES, mFrame=[1440,0][1440,3088], mVisible=true, mInsetsRoundedCornerFrame=false}, InsetsSource: {mType=ITYPE_TOP_MANDATORY_GESTURES, mFrame=[0,0][1440,142], mVisible=true, mInsetsRoundedCornerFrame=false}, InsetsSource: {mType=ITYPE_BOTTOM_MANDATORY_GESTURES, mFrame=[0,3018][1440,3088], mVisible=true, mInsetsRoundedCornerFrame=false}, InsetsSource: {mType=ITYPE_LEFT_DISPLAY_CUTOUT, mFrame=[0,0][-100000,3088], mVisible=true, mInsetsRoundedCornerFrame=false}, InsetsSource: {mType=ITYPE_TOP_DISPLAY_CUTOUT, mFrame=[0,0][1440,100], mVisible=true, mInsetsRoundedCornerFrame=false}, InsetsSource: {mType=ITYPE_RIGHT_DISPLAY_CUTOUT, mFrame=[100000,0][1440,3088], mVisible=true, mInsetsRoundedCornerFrame=false}, InsetsSource: {mType=ITYPE_BOTTOM_DISPLAY_CUTOUT, mFrame=[0,100000][1440,3088], mVisible=true, mInsetsRoundedCornerFrame=false}, InsetsSource: {mType=ITYPE_TOP_TAPPABLE_ELEMENT, mFrame=[0,0][1440,100], mVisible=true, mInsetsRoundedCornerFrame=false}, InsetsSource: {mType=ITYPE_BOTTOM_TAPPABLE_ELEMENT, mFrame=[0,0][0,0], mVisible=true, mInsetsRoundedCornerFrame=false}, InsetsSource: {mType=ITYPE_IME, mFrame=[0,0][0,0], mVisibleFrame=[0,3088][1440,3088], mVisible=false, mInsetsRoundedCornerFrame=false} } host=com.example.dogglers/com.example.dogglers.MainActivity from=android.view.ViewRootImpl.setView:1732
09-25 13:19:21.661  3108  3230 I SemPersonaManager: SecureFolder personaId = 150
09-25 13:19:21.662  5639  5639 I ViewRootImpl@fbe6aa[MainActivity]: setView = com.android.internal.policy.DecorView@7c73925 TM=true
09-25 13:19:21.662  5639  5639 I MSHandlerLifeCycle: removeMultiSplitHandler: no exist. decor=DecorView@7c73925[MainActivity]
09-25 13:19:21.662  3108  3338 D AnalyticsContainerHandler: handleMessage : { when=0 what=1 target=com.android.server.knox.KnoxAnalyticsContainer$AnalyticsHandler }
09-25 13:19:21.665  3108  3230 D EnterpriseDeviceManagerService: isMdmAdminPresentInternal() : MDM Admin Found - com.samsung.knox.securefolder
09-25 13:19:21.666  5639  5639 I ViewRootImpl@fbe6aa[MainActivity]: performTraversals params={(0,0)(fillxfill) sim={adjust=pan forwardNavigation} ty=BASE_APPLICATION wanim=0x1030309
09-25 13:19:21.666  5639  5639 I ViewRootImpl@fbe6aa[MainActivity]:   fl=81810100
09-25 13:19:21.666  5639  5639 I ViewRootImpl@fbe6aa[MainActivity]:   pfl=12020040
09-25 13:19:21.666  5639  5639 I ViewRootImpl@fbe6aa[MainActivity]:   bhv=DEFAULT
09-25 13:19:21.666  5639  5639 I ViewRootImpl@fbe6aa[MainActivity]:   fitSides= naviIconColor=0}
09-25 13:19:21.666  5639  5639 I ViewRootImpl@fbe6aa[MainActivity]: performTraversals mFirst=true windowShouldResize=true viewVisibilityChanged=false mForceNextWindowRelayout=false params={(0,0)(fillxfill) sim={adjust=pan forwardNavigation} ty=BASE_APPLICATION wanim=0x1030309
09-25 13:19:21.666  5639  5639 I ViewRootImpl@fbe6aa[MainActivity]:   fl=81810100
09-25 13:19:21.666  5639  5639 I ViewRootImpl@fbe6aa[MainActivity]:   pfl=12020040
09-25 13:19:21.666  5639  5639 I ViewRootImpl@fbe6aa[MainActivity]:   bhv=DEFAULT
09-25 13:19:21.666  5639  5639 I ViewRootImpl@fbe6aa[MainActivity]:   fitSides= naviIconColor=0}
09-25 13:19:21.667  3108  6493 V WindowManager: Relayout Window{52c4dcc u0 com.example.dogglers/com.example.dogglers.MainActivity}: viewVisibility=0 req=1440x3088 d0
09-25 13:19:21.667  1914  2140 I SurfaceFlinger: id=162132 createSurf, flag=40004, com.example.dogglers/com.example.dogglers.MainActivity$_5639#162132
09-25 13:19:21.667  8423  8423 I ActivityUtils: HomePackage : com.sec.android.app.launcher, resumePackageName : com.example.dogglers
09-25 13:19:21.669  1862  9633 I QC2Comp : [avcD_2181] Stats: Pending(0) i/p-done(0) Works: Q: 469/Done 470|Work-Rate: Q(0.0/s Avg=0.2/s) Done(0.000/s Avg=0.152/s)| Stream: 29.74fps 626.9Kbps
09-25 13:19:21.669  1862  9633 I QC2Comp : [avcD_2181] Mem-usage:  [In-1D: 8 bufs 23.906 MB] [1D-4228: 14 bufs 0.219 MB] [2D-4229: 32 bufs 60.750 MB] | Total: 84.875 MB
09-25 13:19:21.670  1914  2140 I SurfaceFlinger: id=162133 createSurf, flag=24000, Surface(name=4eb27f5 StatusBar)/@0x43fa543 - animation-leash of insets_animation#162133
09-25 13:19:21.670  1914  2140 I SurfaceFlinger: id=162134 createSurf, flag=24000, Surface(name=d110b4c NavigationBar0)/@0x8bdb781 - animation-leash of insets_animation#162134
09-25 13:19:21.671  3108  6493 V WindowManager: Relayout hash=52c4dcc, pid=5639, syncId=-1: mAttrs={(0,0)(fillxfill) sim={adjust=pan forwardNavigation} ty=BASE_APPLICATION wanim=0x1030309
09-25 13:19:21.671  3108  6493 V WindowManager:   fl=81810100
09-25 13:19:21.671  3108  6493 V WindowManager:   pfl=12020040
09-25 13:19:21.671  3108  6493 V WindowManager:   bhv=DEFAULT
09-25 13:19:21.671  3108  6493 V WindowManager:   fitSides= naviIconColor=0}
09-25 13:19:21.671  3108  6142 I MediaSessionMonitor: Media session stopped : controllerList empty
09-25 13:19:21.672  5369  5421 I TouchInteractionService: onSystemUiStateChanged, stateFlags : 131120 |a11y_click|a11y_long_click|allow_gesture|
09-25 13:19:21.672  5639  5639 I ViewRootImpl@fbe6aa[MainActivity]: updateBlastSurfaceIfNeeded mBlastBufferQueue=null isSameSurfaceControl=false
09-25 13:19:21.673  5639  5639 I BLASTBufferQueue: new BLASTBufferQueue, mName= ViewRootImpl@fbe6aa[MainActivity] mNativeObject= 0xb4000077a1043480 sc.mNativeObject= 0xb4000077b1d38500 caller= android.view.ViewRootImpl.updateBlastSurfaceIfNeeded:2909 android.view.ViewRootImpl.relayoutWindow:9847 android.view.ViewRootImpl.performTraversals:3884 android.view.ViewRootImpl.doTraversal:3116 android.view.ViewRootImpl$TraversalRunnable.run:10885 android.view.Choreographer$CallbackRecord.run:1301 android.view.Choreographer$CallbackRecord.run:1309 android.view.Choreographer.doCallbacks:923 android.view.Choreographer.doFrame:852 android.view.Choreographer$FrameDisplayEventReceiver.run:1283
09-25 13:19:21.673  5639  5639 I BLASTBufferQueue: update, w= 1440 h= 3088 mName = ViewRootImpl@fbe6aa[MainActivity] mNativeObject= 0xb4000077a1043480 sc.mNativeObject= 0xb4000077b1d38500 format= -1 caller= android.graphics.BLASTBufferQueue.<init>:84 android.view.ViewRootImpl.updateBlastSurfaceIfNeeded:2909 android.view.ViewRootImpl.relayoutWindow:9847 android.view.ViewRootImpl.performTraversals:3884 android.view.ViewRootImpl.doTraversal:3116 android.view.ViewRootImpl$TraversalRunnable.run:10885
09-25 13:19:21.673  5369  5369 I RecentsAnimationDeviceState: setSystemUiFlags, stateFlags : 131120
09-25 13:19:21.673  5369  5369 W SGestureOverlayWindow: setVisibilityGestureOverlayWindow, visibility = 0
09-25 13:19:21.673  5369  5369 I TouchInteractionService: onSystemUiFlagsChanged, lastSysUIFlags : 48
09-25 13:19:21.673  5639  5639 I ViewRootImpl@fbe6aa[MainActivity]: Relayout returned: old=(0,0,1440,3088) new=(0,0,1440,3088) req=(1440,3088)0 dur=6 res=0x3 s={true 0xb400007734798800} ch=true seqId=0
09-25 13:19:21.673  5639  5639 I ViewRootImpl@fbe6aa[MainActivity]: performConfigurationChange setNightDimText nightDimLevel=0
09-25 13:19:21.673  5639  5639 I ViewRootImpl@fbe6aa[MainActivity]: mThreadedRenderer.initialize() mSurface={isValid=true 0xb400007734798800} hwInitialized=true
09-25 13:19:21.674  5639  5729 D OpenGLRenderer: eglCreateWindowSurface
09-25 13:19:21.674  1914  1914 D SurfaceFlinger: Display 4630947093241269891 HWC layers:
09-25 13:19:21.674  1914  1914 D SurfaceFlinger:      CLIENT | 0xb400007af6c13480 | 0100 | RGBx_8888    |  592.0    0.0 1628.0 2220.0 |    0    0 1440 3088 | Wallpaper BBQ wrapper#90
09-25 13:19:21.674  1914  1914 D SurfaceFlinger:      CLIENT | 0xb400007af6c11c80 | 0100 | RGBA_8888    |    0.0    0.0 1440.0 3088.0 |    0    0 1440 3088 | com.sec.android.app.launcher/com.sec[...]rActivity$_5369#162113 (blurRegions)
09-25 13:19:21.674  1914  1914 D SurfaceFlinger:      DEVICE | 0xb400007af6c13180 | 0100 | RGBA_8888    |    0.0    0.0 1440.0 3088.0 |  105  225 1335 2863 | Splash Screen com.example.dogglers$_4768#162125
09-25 13:19:21.674  1914  1914 D SurfaceFlinger:      DEVICE | 0xb400007af6c14880 | 0100 | RGBA_8888    |    0.0    0.0 1440.0  100.0 |    0    0 1440  100 | StatusBar$_4768#95
09-25 13:19:21.674  1914  1914 D SurfaceFlinger:      DEVICE | 0xb400007af8705400 | 0100 | RGBA_8888    |    0.0    0.0   67.0  589.0 |    0  562   67 1151 | com.samsung.android.app.cocktailbars[...]vice.CocktailBarService$_8423#156853
09-25 13:19:21.674  1914  1914 D SurfaceFlinger:      DEVICE | 0xb400007af8705500 | 0100 | RGBA_8888    |    0.0    0.0  518.0   48.0 |  922 3040 1440 3088 | SGestureOverlayWindow$_5369#156268
09-25 13:19:21.674  1914  1914 D SurfaceFlinger:      DEVICE | 0xb400007af6c15880 | 0100 | RGBA
09-25 13:19:21.674  1914  1914 D SurfaceFlinger: _8888    |    0.0    0.0 1440.0  168.0 |    0 2920 1440 3088 | NavigationBar0$_4768#92
09-25 13:19:21.674  1914  1914 D SurfaceFlinger:
09-25 13:19:21.675  5639  5639 I ViewRootImpl@fbe6aa[MainActivity]: reportNextDraw android.view.ViewRootImpl.performTraversals:4438 android.view.ViewRootImpl.doTraversal:3116 android.view.ViewRootImpl$TraversalRunnable.run:10885 android.view.Choreographer$CallbackRecord.run:1301 android.view.Choreographer$CallbackRecord.run:1309
09-25 13:19:21.675  5639  5639 I ViewRootImpl@fbe6aa[MainActivity]: Setup new sync id=0
09-25 13:19:21.675  5639  5639 I ViewRootImpl@fbe6aa[MainActivity]: Setting syncFrameCallback
09-25 13:19:21.675  5639  5639 I ViewRootImpl@fbe6aa[MainActivity]: registerCallbacksForSync syncBuffer=false
09-25 13:19:21.677  5639  5771 I ViewRootImpl@fbe6aa[MainActivity]: Received frameDrawingCallback syncResult=0 frameNum=1.
09-25 13:19:21.678  5639  5771 I ViewRootImpl@fbe6aa[MainActivity]: Setting up sync and frameCommitCallback
09-25 13:19:21.678  5639  5729 I BLASTBufferQueue: [ViewRootImpl@fbe6aa[MainActivity]#15](f:0,a:0) onFrameAvailable the first frame is available
09-25 13:19:21.678  5639  5729 I ViewRootImpl@fbe6aa[MainActivity]: Received frameCommittedCallback lastAttemptedDrawFrameNum=1 didProduceBuffer=true
09-25 13:19:21.679  5639  5729 D OpenGLRenderer: CFMS:: SetUp Pid : 5639    Tid : 5729
09-25 13:19:21.679  1914  1914 I SurfaceFlinger: [52c4dcc com.example.dogglers/com.example.dogglers.MainActivity#162131] FrameRatePriority: 1
09-25 13:19:21.680  1914  1914 I Layer   : id=162114 removedFromDrawingState Surface(name=4eb27f5 StatusBar)/@0x43fa543 - animation-leash of insets_animation#162114 (331)
09-25 13:19:21.680  1914  1914 I Layer   : id=162115 removedFromDrawingState Surface(name=d110b4c NavigationBar0)/@0x8bdb781 - animation-leash of insets_animation#162115 (331)
09-25 13:19:21.680  1914  1914 I SurfaceFlinger: id=162114 Removed Surface(name=4eb27f5 StatusBar)/@0x43fa543 - animation-leash of insets_animation#162114 (331)
09-25 13:19:21.680  1914  1914 I SurfaceFlinger: id=162115 Removed Surface(name=d110b4c NavigationBar0)/@0x8bdb781 - animation-leash of insets_animation#162115 (331)
09-25 13:19:21.680  1914  1914 I Layer   : id=162114 Destroyed Surface(name=4eb27f5 StatusBar)/@0x43fa543 - animation-leash of insets_animation#162114
09-25 13:19:21.680  1914  1914 I Layer   : id=162115 Destroyed Surface(name=d110b4c NavigationBar0)/@0x8bdb781 - animation-leash of insets_animation#162115
09-25 13:19:21.682  3108  8626 D InputDispatcher: Focus request (0): 52c4dcc com.example.dogglers/com.example.dogglers.MainActivity but waiting because NO_WINDOW
09-25 13:19:21.682  5639  5639 I ViewRootImpl@fbe6aa[MainActivity]: onSyncComplete
09-25 13:19:21.682  5639  5639 I ViewRootImpl@fbe6aa[MainActivity]: setupSync seqId=0 mSyncId=0 fn=1 caller=android.view.ViewRootImpl$$ExternalSyntheticLambda11.accept:6 android.window.SurfaceSyncer.lambda$setupSync$1$android-window-SurfaceSyncer:128 android.window.SurfaceSyncer$$ExternalSyntheticLambda1.accept:8 android.window.SurfaceSyncer$SyncSet.checkIfSyncIsComplete:382 android.window.SurfaceSyncer$SyncSet.markSyncReady:359 android.window.SurfaceSyncer.markSyncReady:151 android.view.ViewRootImpl.performTraversals:4503
09-25 13:19:21.682  5639  5639 I ViewRootImpl@fbe6aa[MainActivity]: reportDrawFinished seqId=0 mSyncId=-1 fn=1 mSurfaceChangedTransaction=0xb4000077345cf500
09-25 13:19:21.685  3108  3227 W ziparchive: Unable to open '/data/app/~~ATcZRD0F-LmHTuxfrkuUPg==/com.example.dogglers-ejGvQ7nyEoA-Sr0nwgcZYw==/base.dm': No such file or directory
09-25 13:19:21.685  5639  5639 D RootViewPicker: Root not ready - waiting: 10ms for one to appear.
09-25 13:19:21.685  3108  3227 I PkgPredictorService-SecIpmManagerServiceImpl: reportToNAP uid:10577 com.example.dogglers/com.example.dogglers.MainActivity thisTime:93
09-25 13:19:21.686  3108  4606 I SemDvfsHyPerManager: acquire hyper - AMS_RESUME_TAIL/3108@20, type = -999
09-25 13:19:21.686  3108  4606 I SemDvfsHyPerManager: acquire hyper - AMS_ACT_LAZY/3108@21, type = -999
09-25 13:19:21.686  3108  3227 I ActivityTaskManager: Displayed com.example.dogglers/.MainActivity: +93ms
09-25 13:19:21.686  1809  1855 I HYPER-HAL: [RequestManager.cpp]acquire(): Acquired ID : 4893776  [3108 / 20]    HINT : AMS_RESUME_TAIL    list :
09-25 13:19:21.687  1914  4196 I SurfaceFlinger: id=162135 createSurf, flag=24000, Surface(name=52c4dcc com.example.dogglers/com.example.dogglers.MainActivity)/@0x515e0e7 - animation-leash of starting_reveal#162135
09-25 13:19:21.687  5759  5759 E pageboostd: Received HALT command code 2
09-25 13:19:21.688  1914  1914 I Layer   : Layer [com.example.dogglers/com.example.dogglers.MainActivity$_5639#162132] hidden!! flag(0)
09-25 13:19:21.689  1809  1855 I HYPER-HAL: [RequestManager.cpp]acquire(): Acquired ID : 4896906  [3108 / 21]    HINT : AMS_ACT_LAZY    list :
09-25 13:19:21.689  3108  3145 D InputDispatcher: Focus entered window (0): 52c4dcc com.example.dogglers/com.example.dogglers.MainActivity
09-25 13:19:21.690  5639  5639 I ViewRootImpl@fbe6aa[MainActivity]: MSG_WINDOW_FOCUS_CHANGED 1 0
09-25 13:19:21.690  5639  5639 I ViewRootImpl@fbe6aa[MainActivity]: mThreadedRenderer.initializeIfNeeded()#2 mSurface={isValid=true 0xb400007734798800}
09-25 13:19:21.691  1914  1914 D SurfaceFlinger: Display 4630947093241269891 HWC layers:
09-25 13:19:21.691  1914  1914 D SurfaceFlinger:      CLIENT | 0xb400007af6c13480 | 0100 | RGBx_8888    |  592.0    0.0 1628.0 2220.0 |    0    0 1440 3088 | Wallpaper BBQ wrapper#90
09-25 13:19:21.691  1914  1914 D SurfaceFlinger:      CLIENT | 0xb400007af6c11c80 | 0100 | RGBA_8888    |    0.0    0.0 1440.0 3088.0 |    0    0 1440 3088 | com.sec.android.app.launcher/com.sec[...]rActivity$_5369#162113 (blurRegions)
09-25 13:19:21.691  1914  1914 D SurfaceFlinger:      DEVICE | 0xb400007af86f9500 | 0102 | RGBA_8888    |    0.0    0.0 1440.0 3088.0 |   95  204 1345 2884 | com.example.dogglers/com.example.dogglers.MainActivity$_5639#162132
09-25 13:19:21.691  1914  1914 D SurfaceFlinger:      DEVICE | 0xb400007af6c13180 | 0100 | RGBA_8888    |    0.0    0.0 1440.0 3088.0 |   95  204 1345 2884 | Splash Screen com.example.dogglers$_4768#162125
09-25 13:19:21.691  1914  1914 D SurfaceFlinger:      DEVICE | 0xb400007af6c14880 | 0100 | RGBA_8888    |    0.0    0.0 1440.0  100.0 |    0    0 1440  100 | StatusBar$_4768#95
09-25 13:19:21.691  1914  1914 D SurfaceFlinger:      DEVICE | 0xb400007af8705400 | 0100 | RGBA_8888    |    0.0    0.0   67.0  589.0 |    0  562   67 1151 | com.samsung.android.app.cocktailbars[...]vice.CocktailBarService$_8423#156853
09-25 13:19:21.691  1914  1914 D SurfaceFlinger:      DEVICE |
09-25 13:19:21.691  1914  1914 D SurfaceFlinger:  0xb400007af8705500 | 0100 | RGBA_8888    |    0.0    0.0  518.0   48.0 |  922 3040 1440 3088 | SGestureOverlayWindow$_5369#156268
09-25 13:19:21.691  1914  1914 D SurfaceFlinger:      DEVICE | 0xb400007af6c15880 | 0100 | RGBA_8888    |    0.0    0.0 1440.0  168.0 |    0 2920 1440 3088 | NavigationBar0$_4768#92
09-25 13:19:21.691  1914  1914 D SurfaceFlinger:
09-25 13:19:21.691  5639  5639 D InputMethodManager: startInputInner - Id : 0
09-25 13:19:21.691  5639  5639 I InputMethodManager: startInputInner - mService.startInputOrWindowGainedFocus
09-25 13:19:21.691  3108  4606 D InputMethodManagerService: DESKTOP MODE! : 2
09-25 13:19:21.691  3108  4606 D InputMethodManagerService: NOT IN KNOX DESKTOP MODE!
09-25 13:19:21.691  3108  4606 V InputMethodManagerService: getDisplayIdOfInputMethodWindowToBeAdded: displayId=0
09-25 13:19:21.692  1809  1855 I HYPER-HAL: [RequestManager.cpp]releaseLocked(): Released ID : 4903169
09-25 13:19:21.692  3108  4606 D InputMethodManagerService: isImeSwitcherDisabledPackage : false
09-25 13:19:21.692  3108  4606 D InputMethodManagerService: checkDisplayOfStartInputAndUpdateKeyboard: displayId=0, mFocusedDisplayId=0
09-25 13:19:21.692  3108  4606 D InputTransport: Input channel constructed: 'ClientS', fd=1259
09-25 13:19:21.692  3108  4606 D InputTransport: Input channel destroyed: 'ClientS', fd=1259
09-25 13:19:21.692   586   586 I MSHandlerLifeCycle: check: return. pkg=com.google.android.inputmethod.latin isActivity=false callers=com.android.internal.policy.DecorView.setVisibility:4412 android.inputmethodservice.InkWindow.hide:100 android.inputmethodservice.InputMethodService$InputMethodImpl.unbindInput:875 android.inputmethodservice.IInputMethodWrapper.executeMessage:198 com.android.internal.os.HandlerCaller$MyHandler.handleMessage:44
09-25 13:19:21.692   586   586 I MSHandlerLifeCycle: removeMultiSplitHandler: no exist. decor=DecorView@722edec[]
09-25 13:19:21.693   586   586 I GoogleInputMethodService: GoogleInputMethodService.onFinishInput():3267
09-25 13:19:21.693  1914  4196 I SurfaceFlinger: id=162136 createSurf, flag=24004, Surface(name=6a358c3 InputMethod)/@0x1a6cc79 - animation-leash of insets_animation#162136
09-25 13:19:21.694   586   586 I GoogleInputMethodService: GoogleInputMethodService.updateDeviceLockedStatus():2097 repeatCheckTimes = 0, locked = false
09-25 13:19:21.694   586   586 D InputMethodService: checkFocusedDisplay() display Id 0last 0
09-25 13:19:21.694   586   586 I GoogleInputMethodService: GoogleInputMethodService.onStartInput():1889 onStartInput(EditorInfo{EditorInfo{packageName=com.example.dogglers, inputType=0, inputTypeString=NULL, enableLearning=false, autoCorrection=false, autoComplete=false, imeOptions=0, privateImeOptions=null, actionName=UNSPECIFIED, actionLabel=null, initialSelStart=-1, initialSelEnd=-1, initialCapsMode=0, label=null, fieldId=-1, fieldName=null, extras=Bundle[{displayId=0}], hintText=null, hintLocales=[]}}, false)
09-25 13:19:21.694   586   586 I GoogleInputMethodService: GoogleInputMethodService.updateDeviceLockedStatus():2097 repeatCheckTimes = 1, locked = false
09-25 13:19:21.699  5639  5639 I ViewInteraction: Checking 'MatchesViewAssertion{viewMatcher=(view has effective visibility <VISIBLE> and view.getGlobalVisibleRect() to return non-empty rectangle)}' assertion on view view.getId() is <2131230943/com.example.dogglers:id/horizontal_btn>
09-25 13:19:21.700  3108  4606 D InputMethodManagerService: isImeSwitcherDisabledPackage : false
09-25 13:19:21.700  4768  4861 I ViewRootImpl@466460c[dogglers]: mWNT: t=0xb4000077a0f64000 mBlastBufferQueue=0xb400007705019c80 fn= 2 caller= android.view.SyncRtSurfaceTransactionApplier.applyTransaction:96 android.view.SyncRtSurfaceTransactionApplier.lambda$scheduleApply$0$android-view-SyncRtSurfaceTransactionApplier:69 android.view.SyncRtSurfaceTransactionApplier$$ExternalSyntheticLambda0.onFrameDraw:4
09-25 13:19:21.700  4768  4861 I ViewRootImpl@466460c[dogglers]: mWNT: t=0xb4000077a0f77100 mBlastBufferQueue=0xb400007705019c80 fn= 2 caller= android.view.SyncRtSurfaceTransactionApplier.applyTransaction:96 android.view.SyncRtSurfaceTransactionApplier.lambda$scheduleApply$0$android-view-SyncRtSurfaceTransactionApplier:69 android.view.SyncRtSurfaceTransactionApplier$$ExternalSyntheticLambda0.onFrameDraw:4
09-25 13:19:21.701   586   586 I InputMethodService: removeImeSurface
09-25 13:19:21.701   586   586 I MSHandlerLifeCycle: check: return. pkg=com.google.android.inputmethod.latin isActivity=false callers=com.android.internal.policy.DecorView.setVisibility:4412 android.app.Dialog.hide:767 android.inputmethodservice.InputMethodService.removeImeSurface:1290 android.inputmethodservice.InputMethodService.scheduleImeSurfaceRemoval:1279 android.inputmethodservice.InputMethodService.-$$Nest$mscheduleImeSurfaceRemoval:0
09-25 13:19:21.701   586   586 I MSHandlerLifeCycle: removeMultiSplitHandler: no exist. decor=DecorView@3ddf8c7[InputMethod]
09-25 13:19:21.703  3108  3230 I ChimeraSystemEventListener: appLaunchIntent package name is: com.example.dogglers
09-25 13:19:21.705  1914  1914 I Layer   : id=162120 removedFromDrawingState Surface(name=6a358c3 InputMethod)/@0x1a6cc79 - animation-leash of insets_animation#162120 (331)
09-25 13:19:21.705  1914  1914 I SurfaceFlinger: id=162120 Removed Surface(name=6a358c3 InputMethod)/@0x1a6cc79 - animation-leash of insets_animation#162120 (331)
09-25 13:19:21.705  1914  1914 I Layer   : id=162120 Destroyed Surface(name=6a358c3 InputMethod)/@0x1a6cc79 - animation-leash of insets_animation#162120
09-25 13:19:21.705  4768  4860 I ViewRootImpl@466460c[dogglers]: mWNT: t=0xb4000077a0f77300 mBlastBufferQueue=0xb400007705019c80 fn= 3 caller= android.view.SyncRtSurfaceTransactionApplier.applyTransaction:96 android.view.SyncRtSurfaceTransactionApplier.lambda$scheduleApply$0$android-view-SyncRtSurfaceTransactionApplier:69 android.view.SyncRtSurfaceTransactionApplier$$ExternalSyntheticLambda0.onFrameDraw:4
09-25 13:19:21.705  3108  3145 I SemDvfsHyPerManager: acquire hyper - AMS_ACT_START/3108@18, type = -999
09-25 13:19:21.705  1809  1855 I HYPER-HAL: [RequestManager.cpp]acquire(): Acquired ID : 4887519  [3108 / 18]    HINT : AMS_ACT_START    list :
09-25 13:19:21.706  1914  4196 I SurfaceFlinger: id=162137 createSurf, flag=80004, ActivityRecord{468a4f5 u0 com.example.dogglers/androidx.test.core.app.InstrumentationActivityInvoker$EmptyActivity} t7109}#162137
