09-25 13:19:25.074  1914  1914 D SurfaceFlinger:      DEVICE | 0xb400007af86ec680 | 0102 | RGBA_8888    |    0.0    0.0 1440.0 3088.0 |    0    0 1440 3088 | com.example.dogglers/androidx.test.c[...]tyInvoker$EmptyActivity$_5639#162294
09-25 13:19:25.074  1914  1914 D SurfaceFlinger:      DEVICE | 0xb400007af6c14880 | 0100 | RGBA_8888    |    0.0    0.0 1440.0  100.0 |    0    0 1440  100 | StatusBar$_4768#95
09-25 13:19:25.074  1914  1914 D SurfaceFlinger:      DEVICE | 0xb400007af8705400 | 0100 | RGBA_8888    |    0.0    0.0   67.0  589.0 |    0  562   67 1151 | com.samsung.android.app.cocktailbars[...]vice.CocktailBarService$_8423#156853
09-25 13:19:25.074  1914  1914 D SurfaceFlinger:      DEVICE | 0xb400007af8705500 | 0100 | RGBA_8888    |    0.0    0.0  518.0   48.0 |  922 3040 1440 3088 | SGestureOverlayWindow$_5369#156268
09-25 13:19:25.074  1914  1914 D SurfaceFlinger:      DEVICE | 0xb400007af6c15880 | 0100 | RGBA_8888    |    0.0    0.0 1440.0  168.0 |    0 2920 1440 3088 | NavigationBar0$_4768#92
09-25 13:19:25.074  1914  1914 D SurfaceFlinger:
09-25 13:19:25.075  3108  4073 V WindowManager: Relayout hash=6dc3544, pid=5639, syncId=-1: mAttrs={(0,0)(fillxfill) sim={adjust=pan forwardNavigation} ty=BASE_APPLICATION wanim=0x1030001
09-25 13:19:25.075  3108  4073 V WindowManager:   fl=1810100
09-25 13:19:25.075  3108  4073 V WindowManager:   pfl=12020040
09-25 13:19:25.075  3108  4073 V WindowManager:   bhv=DEFAULT
09-25 13:19:25.075  3108  4073 V WindowManager:   fitSides= naviIconColor=0}
09-25 13:19:25.076  8130  8237 I [AirCmd]_ActivitySwitchDetector: onTaskFocusChanged : componentName - ComponentInfo{com.sec.android.app.launcher/com.android.launcher3.uioverrides.QuickstepLauncher}
09-25 13:19:25.076  8130  8237 I [AirCmd]_ActivitySwitchDetector: onTaskFocusChanged : mTopMostActivity - ComponentInfo{com.example.dogglers/com.example.dogglers.GridListActivity}
09-25 13:19:25.076  8130  8237 I [AirCmd]_CallbackRepeater: stopRepeat : isWorking=false
09-25 13:19:25.076  8130  8237 I [AirCmd]_MediaControlStateMonitor: isForegroundAppSupportsMediaButton : mediaSession is empty
09-25 13:19:25.076  5639  5639 I ViewRootImpl@bbbf799[InstrumentationActivityInvoker$EmptyActivity]: Relayout returned: old=(0,0,1440,3088) new=(0,0,1440,3088) req=(1440,3088)8 dur=4 res=0x2 s={false 0x0} ch=true seqId=0
09-25 13:19:25.077  8130  8237 I [AirCmd]_MediaControlStateMonitor: active Notification List is null
09-25 13:19:25.077  8130  8237 I [AirCmd]_RemoteSpenMainController: hasGeneralAction : packageName is com.sec.android.app.launcher, activityName is com.android.launcher3.uioverrides.QuickstepLauncher, hasActions is false
09-25 13:19:25.077  8130  8237 I [AirCmd]_CameraAvailabilityMonitor: isCameraPreviewOn : mIsCameraPreviewOn is false
09-25 13:19:25.077  5639  5639 I ViewRootImpl@bbbf799[InstrumentationActivityInvoker$EmptyActivity]: stopped(true) old = false
09-25 13:19:25.077  5639  5639 I ViewRootImpl@bbbf799[InstrumentationActivityInvoker$EmptyActivity]: WindowStopped on com.example.dogglers/androidx.test.core.app.InstrumentationActivityInvoker$EmptyActivity set to true
09-25 13:19:25.077  8130  8237 I [AirCmd]_CameraAvailabilityMonitor: isCameraPreviewOn : mIsCameraPreviewOn is false
09-25 13:19:25.077  5639  5639 D LifecycleMonitor: Lifecycle status change: androidx.test.core.app.InstrumentationActivityInvoker$EmptyActivity@8a35d47 in: STOPPED
09-25 13:19:25.077  5639  5639 V ActivityScenario: Activity lifecycle changed event received but ignored because the intent does not match. startActivityIntent=Intent { act=android.intent.action.MAIN cat=[android.intent.category.LAUNCHER] cmp=com.example.dogglers/.GridListActivity }, activity.getIntent()=Intent { act=android.intent.action.MAIN cat=[android.intent.category.LAUNCHER] flg=0x10000000 cmp=com.example.dogglers/androidx.test.core.app.InstrumentationActivityInvoker$EmptyActivity }, activity=androidx.test.core.app.InstrumentationActivityInvoker$EmptyActivity@8a35d47
09-25 13:19:25.077  8130  8237 I [AirCmd]_MediaControlStateMonitor: isForegroundAppSupportsMediaButton : mediaSession is empty
09-25 13:19:25.078  8130  8237 I [AirCmd]_MediaControlStateMonitor: active Notification List is null
09-25 13:19:25.078  8130  8237 I [AirCmd]_PenActionRule: getAction : get default action data from remote action because pen action data is null.
09-25 13:19:25.078  8130  8237 I [AirCmd]_ButtonActionDetector: enableDoubleClickDetection: enabled=true, doubleClickWaitInterval=300
09-25 13:19:25.078  8130  8237 I [AirCmd]_RemoteSpenMainController: onSwitch : package is com.sec.android.app.launcher   and activity is com.android.launcher3.uioverrides.QuickstepLauncher and isBleConnected is false and hasActions is false
09-25 13:19:25.078  5639  5639 I MSHandlerLifeCycle: removeMultiSplitHandler: no exist. decor=DecorView@6b03f12[InstrumentationActivityInvoker$EmptyActivity]
09-25 13:19:25.078  5639  5639 D LifecycleMonitor: Lifecycle status change: androidx.test.core.app.InstrumentationActivityInvoker$EmptyActivity@8a35d47 in: DESTROYED
09-25 13:19:25.078  5639  5639 V ActivityScenario: Activity lifecycle changed event received but ignored because the intent does not match. startActivityIntent=Intent { act=android.intent.action.MAIN cat=[android.intent.category.LAUNCHER] cmp=com.example.dogglers/.GridListActivity }, activity.getIntent()=Intent { act=android.intent.action.MAIN cat=[android.intent.category.LAUNCHER] flg=0x10000000 cmp=com.example.dogglers/androidx.test.core.app.InstrumentationActivityInvoker$EmptyActivity }, activity=androidx.test.core.app.InstrumentationActivityInvoker$EmptyActivity@8a35d47
09-25 13:19:25.079  5639  5639 I MSHandlerLifeCycle: removeMultiSplitHandler: no exist. decor=DecorView@6b03f12[InstrumentationActivityInvoker$EmptyActivity]
09-25 13:19:25.079  5639  5729 D OpenGLRenderer: setSurface called with nullptr
09-25 13:19:25.079  5639  5639 I ViewRootImpl@bbbf799[InstrumentationActivityInvoker$EmptyActivity]: dispatchDetachedFromWindow
09-25 13:19:25.079  3108  3145 D InputTransport: Input channel destroyed: '6dc3544', fd=1259
09-25 13:19:25.079  3108  3145 W InputManager-JNI: Input channel object '6dc3544 com.example.dogglers/androidx.test.core.app.InstrumentationActivityInvoker$EmptyActivity (client)' was disposed without first being removed with the input manager!
09-25 13:19:25.079  3108  3145 D InputTransport: Input channel destroyed: '6dc3544', fd=1273
09-25 13:19:25.080  1914  4196 I SurfaceFlinger: id=162298 createSurf, flag=24004, Surface(name=6a358c3 InputMethod)/@0x1a6cc79 - animation-leash of insets_animation#162298
09-25 13:19:25.083  3108  4073 D InputDispatcher: Focus request (0): <null> but waiting because NOT_FOCUSABLE
09-25 13:19:25.083  3108  4073 D InputDispatcher: Focus left window (0): de7cb2f com.example.dogglers/androidx.test.core.app.InstrumentationActivityInvoker$EmptyActivity
09-25 13:19:25.084  5639  5639 D InputTransport: Input channel destroyed: '6dc3544', fd=137
09-25 13:19:25.084  1914  3199 I SurfaceFlinger: id=162291 Removed Surface(name=6a358c3 InputMethod)/@0x1a6cc79 - animation-leash of insets_animation#162291 (329)
09-25 13:19:25.085   586   586 I InputMethodService: removeImeSurface
09-25 13:19:25.085   586   586 I MSHandlerLifeCycle: check: return. pkg=com.google.android.inputmethod.latin isActivity=false callers=com.android.internal.policy.DecorView.setVisibility:4412 android.app.Dialog.hide:767 android.inputmethodservice.InputMethodService.removeImeSurface:1290 android.inputmethodservice.InputMethodService.scheduleImeSurfaceRemoval:1279 android.inputmethodservice.InputMethodService.-$$Nest$mscheduleImeSurfaceRemoval:0
09-25 13:19:25.085  1914  3199 I SurfaceFlinger: id=162285 Removed 8b5e468 ActivityRecordInputSink com.example.dogglers/androidx.test.core.app.InstrumentationActivityInvoker$EmptyActivity#162285 (329)
09-25 13:19:25.085   586   586 I MSHandlerLifeCycle: removeMultiSplitHandler: no exist. decor=DecorView@3ddf8c7[InputMethod]
09-25 13:19:25.086  5639  5639 D LifecycleMonitor: Lifecycle status change: androidx.test.core.app.InstrumentationActivityInvoker$EmptyActivity@8ffa52f in: PAUSED
09-25 13:19:25.086  5639  5639 V ActivityScenario: Activity lifecycle changed event received but ignored because the intent does not match. startActivityIntent=Intent { act=android.intent.action.MAIN cat=[android.intent.category.LAUNCHER] cmp=com.example.dogglers/.GridListActivity }, activity.getIntent()=Intent { act=android.intent.action.MAIN cat=[android.intent.category.LAUNCHER] flg=0x10000000 cmp=com.example.dogglers/androidx.test.core.app.InstrumentationActivityInvoker$EmptyActivity }, activity=androidx.test.core.app.InstrumentationActivityInvoker$EmptyActivity@8ffa52f
09-25 13:19:25.087  3108  4073 I SemDvfsHyPerManager: acquire hyper - AMS_APP_HOME/3108@24, type = -999
09-25 13:19:25.087  1809  1855 I HYPER-HAL: [RequestManager.cpp]acquire(): Acquired ID : 4906302  [3108 / 24]    HINT : AMS_APP_HOME    list :
09-25 13:19:25.088  8328  8328 I SemDvfsHyPerManager: acquire hyper - APP_START_HOME/8328@20, type = -999
09-25 13:19:25.088 21794 21794 I ViewRootImpl@888ef3d[LauncherActivity]: handleAppVisibility mAppVisible = false visible = true
09-25 13:19:25.088  5369  5369 I ViewRootImpl@7533534[LauncherActivity]: handleAppVisibility mAppVisible = false visible = true
09-25 13:19:25.088  1914  1914 I Layer   : id=162287 removedFromDrawingState com.example.dogglers/androidx.test.core.app.InstrumentationActivityInvoker$EmptyActivity$_5639#162287 (329)
09-25 13:19:25.088  1914  1914 I Layer   : id=162286 removedFromDrawingState 6dc3544 com.example.dogglers/androidx.test.core.app.InstrumentationActivityInvoker$EmptyActivity#162286 (329)
09-25 13:19:25.088  1914  1914 I Layer   : id=162292 removedFromDrawingState Surface(name=6a358c3 InputMethod)/@0x1a6cc79 - animation-leash of insets_animation#162292 (329)
09-25 13:19:25.088  1914  1914 I Layer   : id=162284 removedFromDrawingState ActivityRecord{17a2081 u0 com.example.dogglers/androidx.test.core.app.InstrumentationActivityInvoker$EmptyActivity} t7113}#162284 (329)
09-25 13:19:25.088  1914  1914 I Layer   : id=162285 removedFromDrawingState 8b5e468 ActivityRecordInputSink com.example.dogglers/androidx.test.core.app.InstrumentationActivityInvoker$EmptyActivity#162285 (329)
09-25 13:19:25.088  1914  1914 I SurfaceFlinger: id=162284 Removed ActivityRecord{17a2081 u0 com.example.dogglers/androidx.test.core.app.InstrumentationActivityInvoker$EmptyActivity} t7113}#162284 (329)
09-25 13:19:25.088  1914  1914 I SurfaceFlinger: id=162287 Removed com.example.dogglers/androidx.test.core.app.InstrumentationActivityInvoker$EmptyActivity$_5639#162287 (329)
09-25 13:19:25.088  1914  1914 I SurfaceFlinger: id=162286 Removed 6dc3544 com.example.dogglers/androidx.test.core.app.InstrumentationActivityInvoker$EmptyActivity#162286 (329)
09-25 13:19:25.088  1914  1914 I SurfaceFlinger: id=162292 Removed Surface(name=6a358c3 InputMethod)/@0x1a6cc79 - animation-leash of insets_animation#162292 (329)
09-25 13:19:25.088 21794 21794 I ViewRootImpl@888ef3d[LauncherActivity]: performTraversals mFirst=false windowShouldResize=false viewVisibilityChanged=true mForceNextWindowRelayout=false params=null
09-25 13:19:25.089  1914  1914 I Layer   : id=162291 Destroyed Surface(name=6a358c3 InputMethod)/@0x1a6cc79 - animation-leash of insets_animation#162291
09-25 13:19:25.089  1914  1914 I Layer   : id=162284 Destroyed ActivityRecord{17a2081 u0 com.example.dogglers/androidx.test.core.app.InstrumentationActivityInvoker$EmptyActivity} t7113}#162284
09-25 13:19:25.089  1914  1914 I Layer   : id=162286 Destroyed 6dc3544 com.example.dogglers/androidx.test.core.app.InstrumentationActivityInvoker$EmptyActivity#162286
09-25 13:19:25.089  1914  1914 I Layer   : id=162287 Destroyed com.example.dogglers/androidx.test.core.app.InstrumentationActivityInvoker$EmptyActivity$_5639#162287
09-25 13:19:25.089  1914  1914 I Layer   : id=162285 Destroyed 8b5e468 ActivityRecordInputSink com.example.dogglers/androidx.test.core.app.InstrumentationActivityInvoker$EmptyActivity#162285
09-25 13:19:25.089  1914  1914 I Layer   : id=162292 Destroyed Surface(name=6a358c3 InputMethod)/@0x1a6cc79 - animation-leash of insets_animation#162292
09-25 13:19:25.089  5369  5369 I ViewRootImpl@7533534[LauncherActivity]: stopped(false) old = true
09-25 13:19:25.089  5369  5369 I ViewRootImpl@7533534[LauncherActivity]: WindowStopped on com.sec.android.app.launcher/com.sec.android.app.launcher.activities.LauncherActivity set to false
09-25 13:19:25.089  3108 29076 D RemoteAppTaskWatcher:  ****** RemoteAppTaskWatcher: Message Received 5 Task ID = 0
09-25 13:19:25.089  5369  5369 I Launcher: !@Boot_DEBUG: Launcher.onStart()
09-25 13:19:25.089  5369  5369 I Launcher: !@Boot_EBS_D: Launcher.onStart()
09-25 13:19:25.089  5369  5369 I BaseActivity: addActivityFlags, flags : 1
09-25 13:19:25.090  5369  5369 I WallpaperBlurController: dispatchTransactionSurface: mCurrentBlur = 150
09-25 13:19:25.090  1809  1855 I HYPER-HAL: [RequestManager.cpp]acquire(): Acquired ID : 34848746  [8328 / 20]    HINT : APP_START    list : [KERNEL_APP_START_NOTIFY / 0] [TIMEOUT / 1500]
09-25 13:19:25.090  5369  5369 W LauncherAppWidgetHost: setShouldListenFlag, mFlags:2 flag:start on:true isFront:false
09-25 13:19:25.090  5369  5369 W Launcher: onStart isListening : false isLoading false
09-25 13:19:25.090  5639  5639 I ViewRootImpl@54dc041[InstrumentationActivityInvoker$EmptyActivity]: MSG_WINDOW_FOCUS_CHANGED 0 0
09-25 13:19:25.090  3108  4074 V WindowManager: Relayout Window{294099b u0 com.sec.android.app.launcher/com.sec.android.app.launcher.activities.LauncherActivity}: viewVisibility=0 req=1440x3088 d0
09-25 13:19:25.090  5369  5752 I LiveIconUpdateEventHandler: cancelDateChangeAlarm
09-25 13:19:25.091  5639  5639 I ViewRootImpl@54dc041[InstrumentationActivityInvoker$EmptyActivity]: MSG_WINDOW_FOCUS_CHANGED 0 0
09-25 13:19:25.091  1914  3199 I SurfaceFlinger: id=162299 createSurf, flag=40004, com.sec.android.app.launcher/com.sec.android.app.launcher.activities.LauncherActivity$_21794#162299
09-25 13:19:25.091  5639  5703 I TestRunner: finished: vertical_scrolling(com.example.dogglers.GridListTests)
