09-25 13:19:31.609  5639  5639 V ActivityScenario: Activity lifecycle changed event received but ignored because the intent does not match. startActivityIntent=Intent { act=android.intent.action.MAIN cat=[android.intent.category.LAUNCHER] cmp=com.example.dogglers/.VerticalListActivity }, activity.getIntent()=Intent { act=android.intent.action.MAIN cat=[android.intent.category.LAUNCHER] flg=0x10000000 cmp=com.example.dogglers/androidx.test.core.app.InstrumentationActivityInvoker$EmptyActivity }, activity=androidx.test.core.app.InstrumentationActivityInvoker$EmptyActivity@6fc5b1
09-25 13:19:31.609  3108  6142 I MediaSessionMonitor: Media session stopped : controllerList empty
09-25 13:19:31.611  5639  5639 D LifecycleMonitor: Lifecycle status change: androidx.test.core.app.InstrumentationActivityInvoker$EmptyActivity@6fc5b1 in: RESUMED
09-25 13:19:31.611  5639  5639 V ActivityScenario: Activity lifecycle changed event received but ignored because the intent does not match. startActivityIntent=Intent { act=android.intent.action.MAIN cat=[android.intent.category.LAUNCHER] cmp=com.example.dogglers/.VerticalListActivity }, activity.getIntent()=Intent { act=android.intent.action.MAIN cat=[android.intent.category.LAUNCHER] flg=0x10000000 cmp=com.example.dogglers/androidx.test.core.app.InstrumentationActivityInvoker$EmptyActivity }, activity=androidx.test.core.app.InstrumentationActivityInvoker$EmptyActivity@6fc5b1
09-25 13:19:31.611  5639  5639 I MSHandlerLifeCycle: check: return. pkg=com.example.dogglers parent=null callers=com.android.internal.policy.DecorView.setVisibility:4412 android.app.ActivityThread.handleResumeActivity:5476 android.app.servertransaction.ResumeActivityItem.execute:54 android.app.servertransaction.ActivityTransactionItem.execute:45 android.app.servertransaction.TransactionExecutor.executeLifecycleState:176
09-25 13:19:31.611  5639  5639 I MSHandlerLifeCycle: removeMultiSplitHandler: no exist. decor=DecorView@2a5ea04[]
09-25 13:19:31.612  5639  5729 D NativeCustomFrequencyManager: [NativeCFMS] BpCustomFrequencyManager::BpCustomFrequencyManager()
09-25 13:19:31.614  3108  3145 D InputTransport: Input channel constructed: 'ca1460a', fd=1339
09-25 13:19:31.614  3108  3145 D InputTransport: Input channel constructed: 'ca1460a', fd=1353
09-25 13:19:31.614  3108  3145 D InputTransport: Input channel constructed: 'ca1460a', fd=1354
09-25 13:19:31.614  1914  4196 I SurfaceFlinger: id=162599 createSurf, flag=80004, ca1460a com.example.dogglers/androidx.test.core.app.InstrumentationActivityInvoker$EmptyActivity#162599
09-25 13:19:31.616  3108  9815 D InputDispatcher: Focus request (0): <null> but waiting because NOT_FOCUSABLE
09-25 13:19:31.616  3108  9815 D InputDispatcher: Focus left window (0): 5a4f17f com.example.dogglers/androidx.test.core.app.InstrumentationActivityInvoker$EmptyActivity
09-25 13:19:31.616  3108  3145 D InputTransport: Input channel destroyed: 'ca1460a', fd=1354
09-25 13:19:31.616  5639  5639 D InsetsController: onStateChanged: InsetsState: {mDisplayFrame=Rect(0, 0 - 1440, 3088), mDisplayCutout=DisplayCutout{insets=Rect(0, 100 - 0, 0) waterfall=Insets{left=0, top=0, right=0, bottom=0} boundingRect={Bounds=[Rect(0, 0 - 0, 0), Rect(685, 0 - 756, 100), Rect(0, 0 - 0, 0), Rect(0, 0 - 0, 0)]} cutoutPathParserInfo={CutoutPathParserInfo{displayWidth=1440 displayHeight=3088 physicalDisplayWidth=1440 physicalDisplayHeight=3088 density={3.75} cutoutSpec={M 0,0 H -9.466666666666667 V 26.66666666666667‬ H 9.466666666666667 V 0 H 0 Z @dp} rotation={0} scale={1.0} physicalPixelDisplaySizeRatio={1.0}}}}, mRoundedCorners=RoundedCorners{[RoundedCorner{position=TopLeft, radius=14, center=Point(14, 14)}, RoundedCorner{position=TopRight, radius=14, center=Point(1426, 14)}, RoundedCorner{position=BottomRight, radius=14, center=Point(1426, 3074)}, RoundedCorner{position=BottomLeft, radius=14, center=Point(14, 3074)}]}  mRoundedCornerFrame=Rect(0, 0 - 1440, 3088), mPrivacyIndicatorBounds=PrivacyIndicatorBounds {static bounds=Rect(1286, 0 - 1440, 100) rotation=0}, mSources= { InsetsSource: {mType=ITYPE_STATUS_BAR, mFrame=[0,0][1440,100], mVisible=true, mInsetsRoundedCornerFrame=false}, InsetsSource: {mType=ITYPE_NAVIGATION_BAR, mFrame=[0,3088][1440,3088], mVisible=true, mInsetsRoundedCornerFrame=false}, InsetsSource: {mType=ITYPE_LEFT_GESTURES, mFrame=[0,0][0,3088], mVisible=true, mInsetsRoundedCornerFrame=false}, InsetsSource: {mType=ITYPE_RIGHT_GESTURES, mFrame=[1440,0][1440,3088], mVisible=true, mInsetsRoundedCornerFrame=false}, InsetsSource: {mType=ITYPE_TOP_MANDATORY_GESTURES, mFrame=[0,0][1440,142], mVisible=true, mInsetsRoundedCornerFrame=false}, InsetsSource: {mType=ITYPE_BOTTOM_MANDATORY_GESTURES, mFrame=[0,3018][1440,3088], mVisible=true, mInsetsRoundedCornerFrame=false}, InsetsSource: {mType=ITYPE_LEFT_DISPLAY_CUTOUT, mFrame=[0,0][-100000,3088], mVisible=true, mInsetsRoundedCornerFrame=false}, InsetsSource: {mType=ITYPE_TOP_DISPLAY_CUTOUT, mFrame=[0,0][1440,100], mVisible=true, mInsetsRoundedCornerFrame=false}, InsetsSource: {mType=ITYPE_RIGHT_DISPLAY_CUTOUT, mFrame=[100000,0][1440,3088], mVisible=true, mInsetsRoundedCornerFrame=false}, InsetsSource: {mType=ITYPE_BOTTOM_DISPLAY_CUTOUT, mFrame=[0,100000][1440,3088], mVisible=true, mInsetsRoundedCornerFrame=false}, InsetsSource: {mType=ITYPE_TOP_TAPPABLE_ELEMENT, mFrame=[0,0][1440,100], mVisible=true, mInsetsRoundedCornerFrame=false}, InsetsSource: {mType=ITYPE_BOTTOM_TAPPABLE_ELEMENT, mFrame=[0,0][0,0], mVisible=true, mInsetsRoundedCornerFrame=false} } host=com.example.dogglers/androidx.test.core.app.InstrumentationActivityInvoker$EmptyActivity from=android.view.ViewRootImpl.setView:1732
09-25 13:19:31.618  5639  5639 I ViewRootImpl@2218cb3[InstrumentationActivityInvoker$EmptyActivity]: setView = com.android.internal.policy.DecorView@2a5ea04 TM=true
09-25 13:19:31.618  5639  5639 I MSHandlerLifeCycle: removeMultiSplitHandler: no exist. decor=DecorView@2a5ea04[InstrumentationActivityInvoker$EmptyActivity]
09-25 13:19:31.618  3108  3338 D AnalyticsContainerHandler: handleMessage : { when=0 what=1 target=com.android.server.knox.KnoxAnalyticsContainer$AnalyticsHandler }
09-25 13:19:31.620  5639  5639 I ViewRootImpl@2218cb3[InstrumentationActivityInvoker$EmptyActivity]: performTraversals params={(0,0)(fillxfill) sim={adjust=pan forwardNavigation} ty=BASE_APPLICATION wanim=0x1030001
09-25 13:19:31.620  5639  5639 I ViewRootImpl@2218cb3[InstrumentationActivityInvoker$EmptyActivity]:   fl=1810100
09-25 13:19:31.620  5639  5639 I ViewRootImpl@2218cb3[InstrumentationActivityInvoker$EmptyActivity]:   pfl=12020040
09-25 13:19:31.620  5639  5639 I ViewRootImpl@2218cb3[InstrumentationActivityInvoker$EmptyActivity]:   bhv=DEFAULT
09-25 13:19:31.620  5639  5639 I ViewRootImpl@2218cb3[InstrumentationActivityInvoker$EmptyActivity]:   fitSides= naviIconColor=0}
09-25 13:19:31.620  5639  5639 I ViewRootImpl@2218cb3[InstrumentationActivityInvoker$EmptyActivity]: performTraversals mFirst=true windowShouldResize=true viewVisibilityChanged=false mForceNextWindowRelayout=false params={(0,0)(fillxfill) sim={adjust=pan forwardNavigation} ty=BASE_APPLICATION wanim=0x1030001
09-25 13:19:31.620  5639  5639 I ViewRootImpl@2218cb3[InstrumentationActivityInvoker$EmptyActivity]:   fl=1810100
09-25 13:19:31.620  5639  5639 I ViewRootImpl@2218cb3[InstrumentationActivityInvoker$EmptyActivity]:   pfl=12020040
09-25 13:19:31.620  5639  5639 I ViewRootImpl@2218cb3[InstrumentationActivityInvoker$EmptyActivity]:   bhv=DEFAULT
09-25 13:19:31.620  5639  5639 I ViewRootImpl@2218cb3[InstrumentationActivityInvoker$EmptyActivity]:   fitSides= naviIconColor=0}
09-25 13:19:31.620  3108  3145 V WindowManager: Relayout Window{ca1460a u0 com.example.dogglers/androidx.test.core.app.InstrumentationActivityInvoker$EmptyActivity}: viewVisibility=0 req=1440x3088 d0
09-25 13:19:31.620  1914  4196 I SurfaceFlinger: id=162600 createSurf, flag=40004, com.example.dogglers/androidx.test.core.app.InstrumentationActivityInvoker$EmptyActivity$_5639#162600
09-25 13:19:31.623  1914  4196 I SurfaceFlinger: id=162601 createSurf, flag=24000, Surface(name=4eb27f5 StatusBar)/@0x43fa543 - animation-leash of insets_animation#162601
09-25 13:19:31.624  1914  4196 I SurfaceFlinger: id=162602 createSurf, flag=24000, Surface(name=d110b4c NavigationBar0)/@0x8bdb781 - animation-leash of insets_animation#162602
09-25 13:19:31.625  3108  3145 V WindowManager: Relayout hash=ca1460a, pid=5639, syncId=-1: mAttrs={(0,0)(fillxfill) sim={adjust=pan forwardNavigation} ty=BASE_APPLICATION wanim=0x1030001
09-25 13:19:31.625  3108  3145 V WindowManager:   fl=1810100
09-25 13:19:31.625  3108  3145 V WindowManager:   pfl=12020040
09-25 13:19:31.625  3108  3145 V WindowManager:   bhv=DEFAULT
09-25 13:19:31.625  3108  3145 V WindowManager:   fitSides= naviIconColor=0}
09-25 13:19:31.626  5639  5639 D InsetsController: onStateChanged: InsetsState: {mDisplayFrame=Rect(0, 0 - 1440, 3088), mDisplayCutout=DisplayCutout{insets=Rect(0, 100 - 0, 0) waterfall=Insets{left=0, top=0, right=0, bottom=0} boundingRect={Bounds=[Rect(0, 0 - 0, 0), Rect(685, 0 - 756, 100), Rect(0, 0 - 0, 0), Rect(0, 0 - 0, 0)]} cutoutPathParserInfo={CutoutPathParserInfo{displayWidth=1440 displayHeight=3088 physicalDisplayWidth=1440 physicalDisplayHeight=3088 density={3.75} cutoutSpec={M 0,0 H -9.466666666666667 V 26.66666666666667‬ H 9.466666666666667 V 0 H 0 Z @dp} rotation={0} scale={1.0} physicalPixelDisplaySizeRatio={1.0}}}}, mRoundedCorners=RoundedCorners{[RoundedCorner{position=TopLeft, radius=14, center=Point(14, 14)}, RoundedCorner{position=TopRight, radius=14, center=Point(1426, 14)}, RoundedCorner{position=BottomRight, radius=14, center=Point(1426, 3074)}, RoundedCorner{position=BottomLeft, radius=14, center=Point(14, 3074)}]}  mRoundedCornerFrame=Rect(0, 0 - 1440, 3088), mPrivacyIndicatorBounds=PrivacyIndicatorBounds {static bounds=Rect(1286, 0 - 1440, 100) rotation=0}, mSources= { InsetsSource: {mType=ITYPE_STATUS_BAR, mFrame=[0,0][1440,100], mVisible=true, mInsetsRoundedCornerFrame=false}, InsetsSource: {mType=ITYPE_NAVIGATION_BAR, mFrame=[0,3088][1440,3088], mVisible=true, mInsetsRoundedCornerFrame=false}, InsetsSource: {mType=ITYPE_LEFT_GESTURES, mFrame=[0,0][0,3088], mVisible=true, mInsetsRoundedCornerFrame=false}, InsetsSource: {mType=ITYPE_RIGHT_GESTURES, mFrame=[1440,0][1440,3088], mVisible=true, mInsetsRoundedCornerFrame=false}, InsetsSource: {mType=ITYPE_TOP_MANDATORY_GESTURES, mFrame=[0,0][1440,142], mVisible=true, mInsetsRoundedCornerFrame=false}, InsetsSource: {mType=ITYPE_BOTTOM_MANDATORY_GESTURES, mFrame=[0,3018][1440,3088], mVisible=true, mInsetsRoundedCornerFrame=false}, InsetsSource: {mType=ITYPE_LEFT_DISPLAY_CUTOUT, mFrame=[0,0][-100000,3088], mVisible=true, mInsetsRoundedCornerFrame=false}, InsetsSource: {mType=ITYPE_TOP_DISPLAY_CUTOUT, mFrame=[0,0][1440,100], mVisible=true, mInsetsRoundedCornerFrame=false}, InsetsSource: {mType=ITYPE_RIGHT_DISPLAY_CUTOUT, mFrame=[100000,0][1440,3088], mVisible=true, mInsetsRoundedCornerFrame=false}, InsetsSource: {mType=ITYPE_BOTTOM_DISPLAY_CUTOUT, mFrame=[0,100000][1440,3088], mVisible=true, mInsetsRoundedCornerFrame=false}, InsetsSource: {mType=ITYPE_TOP_TAPPABLE_ELEMENT, mFrame=[0,0][1440,100], mVisible=true, mInsetsRoundedCornerFrame=false}, InsetsSource: {mType=ITYPE_BOTTOM_TAPPABLE_ELEMENT, mFrame=[0,0][0,0], mVisible=true, mInsetsRoundedCornerFrame=false}, InsetsSource: {mType=ITYPE_IME, mFrame=[0,0][0,0], mVisibleFrame=[0,3088][1440,3088], mVisible=false, mInsetsRoundedCornerFrame=false} } host=com.example.dogglers/androidx.test.core.app.InstrumentationActivityInvoker$EmptyActivity from=android.view.ViewRootImpl.relayoutWindow:9802
09-25 13:19:31.626  5639  5639 I ViewRootImpl@2218cb3[InstrumentationActivityInvoker$EmptyActivity]: updateBlastSurfaceIfNeeded mBlastBufferQueue=null isSameSurfaceControl=false
09-25 13:19:31.626  5639  5639 I BLASTBufferQueue: new BLASTBufferQueue, mName= ViewRootImpl@2218cb3[InstrumentationActivityInvoker$EmptyActivity] mNativeObject= 0xb4000077a1043480 sc.mNativeObject= 0xb4000077b109cee0 caller= android.view.ViewRootImpl.updateBlastSurfaceIfNeeded:2909 android.view.ViewRootImpl.relayoutWindow:9847 android.view.ViewRootImpl.performTraversals:3884 android.view.ViewRootImpl.doTraversal:3116 android.view.ViewRootImpl$TraversalRunnable.run:10885 android.view.Choreographer$CallbackRecord.run:1301 android.view.Choreographer$CallbackRecord.run:1309 android.view.Choreographer.doCallbacks:923 android.view.Choreographer.doFrame:852 android.view.Choreographer$FrameDisplayEventReceiver.run:1283
09-25 13:19:31.627  5639  5639 I BLASTBufferQueue: update, w= 1440 h= 3088 mName = ViewRootImpl@2218cb3[InstrumentationActivityInvoker$EmptyActivity] mNativeObject= 0xb4000077a1043480 sc.mNativeObject= 0xb4000077b109cee0 format= -1 caller= android.graphics.BLASTBufferQueue.<init>:84 android.view.ViewRootImpl.updateBlastSurfaceIfNeeded:2909 android.view.ViewRootImpl.relayoutWindow:9847 android.view.ViewRootImpl.performTraversals:3884 android.view.ViewRootImpl.doTraversal:3116 android.view.ViewRootImpl$TraversalRunnable.run:10885
09-25 13:19:31.627  5639  5639 I ViewRootImpl@2218cb3[InstrumentationActivityInvoker$EmptyActivity]: Relayout returned: old=(0,0,1440,3088) new=(0,0,1440,3088) req=(1440,3088)0 dur=6 res=0x3 s={true 0xb4000077b1dbc000} ch=true seqId=0
09-25 13:19:31.627  5639  5639 I ViewRootImpl@2218cb3[InstrumentationActivityInvoker$EmptyActivity]: performConfigurationChange setNightDimText nightDimLevel=0
09-25 13:19:31.627  5639  5639 I ViewRootImpl@2218cb3[InstrumentationActivityInvoker$EmptyActivity]: mThreadedRenderer.initialize() mSurface={isValid=true 0xb4000077b1dbc000} hwInitialized=true
09-25 13:19:31.627  5639  5729 D OpenGLRenderer: eglCreateWindowSurface
09-25 13:19:31.628  5639  5639 I ViewRootImpl@2218cb3[InstrumentationActivityInvoker$EmptyActivity]: reportNextDraw android.view.ViewRootImpl.performTraversals:4438 android.view.ViewRootImpl.doTraversal:3116 android.view.ViewRootImpl$TraversalRunnable.run:10885 android.view.Choreographer$CallbackRecord.run:1301 android.view.Choreographer$CallbackRecord.run:1309
09-25 13:19:31.628  5639  5639 I ViewRootImpl@2218cb3[InstrumentationActivityInvoker$EmptyActivity]: Setup new sync id=0
09-25 13:19:31.628  5639  5639 I ViewRootImpl@2218cb3[InstrumentationActivityInvoker$EmptyActivity]: Setting syncFrameCallback
09-25 13:19:31.628  5639  5639 I ViewRootImpl@2218cb3[InstrumentationActivityInvoker$EmptyActivity]: registerCallbacksForSync syncBuffer=false
09-25 13:19:31.629  5639  5771 I ViewRootImpl@2218cb3[InstrumentationActivityInvoker$EmptyActivity]: Received frameDrawingCallback syncResult=0 frameNum=1.
09-25 13:19:31.629  5639  5771 I ViewRootImpl@2218cb3[InstrumentationActivityInvoker$EmptyActivity]: Setting up sync and frameCommitCallback
09-25 13:19:31.629  5639  5729 I BLASTBufferQueue: [ViewRootImpl@2218cb3[InstrumentationActivityInvoker$EmptyActivity]#53](f:0,a:0) onFrameAvailable the first frame is available
09-25 13:19:31.630  5639  5729 I ViewRootImpl@2218cb3[InstrumentationActivityInvoker$EmptyActivity]: Received frameCommittedCallback lastAttemptedDrawFrameNum=1 didProduceBuffer=true
09-25 13:19:31.630  5639  5729 D OpenGLRenderer: CFMS:: SetUp Pid : 5639    Tid : 5729
09-25 13:19:31.631  1914  1914 I Layer   : id=162595 removedFromDrawingState Surface(name=d110b4c NavigationBar0)/@0x8bdb781 - animation-leash of insets_animation#162595 (348)
09-25 13:19:31.631  1914  1914 I Layer   : id=77 removedFromDrawingState d110b4c NavigationBar0#77 (348)
09-25 13:19:31.631  1914  1914 I Layer   : id=92 removedFromDrawingState NavigationBar0$_4768#92 (348)
09-25 13:19:31.631  1914  1914 I Layer   : id=162594 removedFromDrawingState Surface(name=4eb27f5 StatusBar)/@0x43fa543 - animation-leash of insets_animation#162594 (348)
09-25 13:19:31.631  1914  1914 I Layer   : id=77 addToCurrentState d110b4c NavigationBar0#77 (348)
09-25 13:19:31.631  1914  1914 I Layer   : id=92 addToCurrentState NavigationBar0$_4768#92 (348)
09-25 13:19:31.631  1914  1914 I SurfaceFlinger: [ca1460a com.example.dogglers/androidx.test.core.app.InstrumentationActivityInvoker$EmptyActivity#162599] FrameRatePriority: 1
09-25 13:19:31.634  3108  6456 D InputDispatcher: Focus request (0): ca1460a com.example.dogglers/androidx.test.core.app.InstrumentationActivityInvoker$EmptyActivity but waiting because NO_WINDOW
09-25 13:19:31.634  5639  5639 I ViewRootImpl@2218cb3[InstrumentationActivityInvoker$EmptyActivity]: onSyncComplete
09-25 13:19:31.634  5639  5639 I ViewRootImpl@2218cb3[InstrumentationActivityInvoker$EmptyActivity]: setupSync seqId=0 mSyncId=0 fn=1 caller=android.view.ViewRootImpl$$ExternalSyntheticLambda11.accept:6 android.window.SurfaceSyncer.lambda$setupSync$1$android-window-SurfaceSyncer:128 android.window.SurfaceSyncer$$ExternalSyntheticLambda1.accept:8 android.window.SurfaceSyncer$SyncSet.checkIfSyncIsComplete:382 android.window.SurfaceSyncer$SyncSet.markSyncReady:359 android.window.SurfaceSyncer.markSyncReady:151 android.view.ViewRootImpl.performTraversals:4503
09-25 13:19:31.634  5639  5639 I ViewRootImpl@2218cb3[InstrumentationActivityInvoker$EmptyActivity]: reportDrawFinished seqId=0 mSyncId=-1 fn=1 mSurfaceChangedTransaction=0xb40000774e1b9b00
09-25 13:19:31.634  5639  5639 I ViewRootImpl@d3c1be6[InstrumentationActivityInvoker$EmptyActivity]: MSG_WINDOW_FOCUS_CHANGED 0 0
09-25 13:19:31.635  1914  4196 I SurfaceFlinger: id=162595 Removed Surface(name=d110b4c NavigationBar0)/@0x8bdb781 - animation-leash of insets_animation#162595 (348)
09-25 13:19:31.635  1914  2139 I SurfaceFlinger: id=162594 Removed Surface(name=4eb27f5 StatusBar)/@0x43fa543 - animation-leash of insets_animation#162594 (348)
09-25 13:19:31.636  3108  3227 I ActivityTaskManager: Displayed com.example.dogglers/androidx.test.core.app.InstrumentationActivityInvoker$EmptyActivity: +52ms
09-25 13:19:31.636  5759  5759 E pageboostd: Received HALT command code 2
09-25 13:19:31.637  3108  9815 I SemDvfsHyPerManager: acquire hyper - AMS_RESUME_TAIL/3108@20, type = -999
09-25 13:19:31.637  3108  9815 I SemDvfsHyPerManager: acquire hyper - AMS_ACT_LAZY/3108@21, type = -999
09-25 13:19:31.638  1809  1855 I HYPER-HAL: [RequestManager.cpp]acquire(): Acquired ID : 4893776  [3108 / 20]    HINT : AMS_RESUME_TAIL    list :
09-25 13:19:31.638  1809  1855 I HYPER-HAL: [RequestManager.cpp]acquire(): Acquired ID : 4896906  [3108 / 21]    HINT : AMS_ACT_LAZY    list :
09-25 13:19:31.639  1914  1914 I Layer   : Layer [com.example.dogglers/androidx.test.core.app.InstrumentationActivityInvoker$EmptyActivity$_5639#162600] hidden!! flag(0)
09-25 13:19:31.639  3108  9815 D InputDispatcher: Focused application(0): ActivityRecord{d98ff22 u0 com.sec.android.app.launcher/.activities.LauncherActivity} t6591}
09-25 13:19:31.639  1914  1914 I Layer   : id=162594 Destroyed Surface(name=4eb27f5 StatusBar)/@0x43fa543 - animation-leash of insets_animation#162594
09-25 13:19:31.639  1914  1914 I Layer   : id=162595 Destroyed Surface(name=d110b4c NavigationBar0)/@0x8bdb781 - animation-leash of insets_animation#162595
09-25 13:19:31.640  3108  4605 D AS.MultiSoundManager: mForegroundUid = 10141
09-25 13:19:31.640  1809  1855 I HYPER-HAL: [RequestManager.cpp]releaseLocked(): Released ID : 4887519
09-25 13:19:31.641  3108  3145 D InputDispatcher: Focus entered window (0): ca1460a com.example.dogglers/androidx.test.core.app.InstrumentationActivityInvoker$EmptyActivity
09-25 13:19:31.642  1914  1914 D SurfaceFlinger: Display 4630947093241269891 HWC layers:
09-25 13:19:31.642  1914  1914 D SurfaceFlinger:      CLIENT | 0xb400007af6c13480 | 0100 | RGBx_8888    |  592.0    0.0 1628.0 2220.0 |    0    0 1440 3088 | Wallpaper BBQ wrapper#90
09-25 13:19:31.642  1914  1914 D SurfaceFlinger:      CLIENT | 0xb400007af86f9000 | 0100 | RGBA_8888    |    0.0    0.0 1440.0 3088.0 |    0    0 1440 3088 | com.sec.android.app.launcher/com.sec[...]rActivity$_5369#162528 (blurRegions)
09-25 13:19:31.642  1914  1914 D SurfaceFlinger:      DEVICE | 0xb400007af86f4f00 | 0102 | RGBA_8888    |    0.0    0.0 1440.0 3088.0 |   11   25 1429 3063 | com.example.dogglers/androidx.test.c[...]tyInvoker$EmptyActivity$_5639#162600
09-25 13:19:31.642  1914  1914 D SurfaceFlinger:      DEVICE | 0xb400007af6c14880 | 0100 | RGBA_8888    |    0.0    0.0 1440.0  100.0 |    0    0 1440  100 | StatusBar$_4768#95
09-25 13:19:31.642  1914  1914 D SurfaceFlinger:      DEVICE | 0xb400007af8705400 | 0100 | RGBA_8888    |    0.0    0.0   67.0  589.0 |    0  562   67 1151 | com.samsung.android.app.cocktailbars[...]vice.CocktailBarService$_8423#156853
09-25 13:19:31.642  1914  1914 D SurfaceFlinger:      DEVICE | 0xb400007af8705500 | 0100 | RGBA_8888    |    0.0    0.0  518.0   48.0 |  922 3040 1440 3088 | SGestureOverlayWindow$_5369#156268
09-25 13:19:31.642  1914  1914 D SurfaceFlinger:      DEVICE | 0x
09-25 13:19:31.642  1914  1914 D SurfaceFlinger: b400007af6c15880 | 0100 | RGBA_8888    |    0.0    0.0 1440.0  168.0 |    0 2920 1440 3088 | NavigationBar0$_4768#92
09-25 13:19:31.642  1914  1914 D SurfaceFlinger:
09-25 13:19:31.643  5639  5639 D LifecycleMonitor: Lifecycle status change: androidx.test.core.app.InstrumentationActivityInvoker$EmptyActivity@6fc5b1 in: PAUSED
09-25 13:19:31.644  5639  5639 V ActivityScenario: Activity lifecycle changed event received but ignored because the intent does not match. startActivityIntent=Intent { act=android.intent.action.MAIN cat=[android.intent.category.LAUNCHER] cmp=com.example.dogglers/.VerticalListActivity }, activity.getIntent()=Intent { act=android.intent.action.MAIN cat=[android.intent.category.LAUNCHER] flg=0x10000000 cmp=com.example.dogglers/androidx.test.core.app.InstrumentationActivityInvoker$EmptyActivity }, activity=androidx.test.core.app.InstrumentationActivityInvoker$EmptyActivity@6fc5b1
09-25 13:19:31.644  3108  3145 I SemDvfsHyPerManager: acquire hyper - AMS_APP_HOME/3108@24, type = -999
09-25 13:19:31.644  1809  1855 I HYPER-HAL: [RequestManager.cpp]acquire(): Acquired ID : 4906302  [3108 / 24]    HINT : AMS_APP_HOME    list :
09-25 13:19:31.644  5369  5369 I TopTaskTracker: onTaskMovedToFront : taskId = 6591
09-25 13:19:31.644  8328  8328 I SemDvfsHyPerManager: acquire hyper - APP_START_HOME/8328@20, type = -999
09-25 13:19:31.645  1809  1855 I HYPER-HAL: [RequestManager.cpp]acquire(): Acquired ID : 34848746  [8328 / 20]    HINT : APP_START    list : [KERNEL_APP_START_NOTIFY / 0] [TIMEOUT / 1500]
09-25 13:19:31.646  5369  5369 I ViewRootImpl@7533534[LauncherActivity]: stopped(false) old = false
09-25 13:19:31.646  5369  5369 I Launcher: !@Boot_DEBUG: Launcher.onResume()
09-25 13:19:31.646  5369  5369 I Launcher: !@Boot_EBS_D: Launcher.onResume()
09-25 13:19:31.646  5369  5369 I BaseActivity: addActivityFlags, flags : 18
09-25 13:19:31.646  5369  5369 I BaseActivity: removeActivityFlags, flags : 32
09-25 13:19:31.646  5369  5741 I IMM_LC  : hsifw() - flag : 0
09-25 13:19:31.646  5369  5741 I IMM_LC  : hsifw() - mService.hideSoftInput
09-25 13:19:31.646  5369  5369 I AppsSearchBar: restoreCurrentCellLayoutAlpha: [com.android.homescreen.apptray.AppsViewCellLayout{118f2a4 V.ED..... ........ 15341,100-16679,2951}[a=1.0,v=0,sId=11]]
09-25 13:19:31.646  3108 29076 D RemoteAppTaskWatcher:  ****** RemoteAppTaskWatcher: Message Received 5 Task ID = 0
09-25 13:19:31.646  5369  5369 I Launcher.AppsViewCellLayout: com.android.homescreen.apptray.AppsViewCellLayout{118f2a4 V.ED..... ........ 15341,100-16679,2951}[a=1.0,v=0,sId=11] setAlpha : 1.0
09-25 13:19:31.646  5369  5369 I Launcher.AppsViewCellLayout: com.android.homescreen.apptray.AppsViewCellLayout{118f2a4 V.ED..... ........ 15341,100-16679,2951}[a=1.0,v=0,sId=11] setAlpha : 1.0
09-25 13:19:31.646  5369  5369 W SearchLauncherServiceMover: isMoving : false
09-25 13:19:31.647  5369  5369 I Launcher: setWallpaperOffsets
09-25 13:19:31.647  5369 14540 I Launcher: DisplayMetrics from Resources : DisplayMetrics{density=3.5, width=1440, height=2988, scaledDensity=3.8500001, xdpi=501.041, ydpi=502.789}
09-25 13:19:31.647  5369 14540 I Launcher: realMetrics from Wm : DisplayMetrics{density=3.5, width=1440, height=3088, scaledDensity=3.5, xdpi=501.041, ydpi=502.789}
09-25 13:19:31.647  5369 14540 I Launcher: Launcher DeviceProfile onResume availSize: 1440x2988 windowSize: 1440x3088 isLandscape: false
09-25 13:19:31.647  5369  5752 I SPayUpdater: updateSpayHandler, show = false, defaultPage = false
09-25 13:19:31.647  1914  2139 I SurfaceFlinger: id=162603 createSurf, flag=24000, Surface(name=Task=7121)/@0xfe8f4b6 - animation-leash of app_transition#162603
09-25 13:19:31.647  5369 11129 I WidgetRotationImpl: subscribeWidgetFocus 80
09-25 13:19:31.648  5369 11129 I IntelligentPlatformManagerImpl: subscribeWidgetFocus() id : 80
09-25 13:19:31.648  1914  1914 I SurfaceFlinger: [ca1460a com.example.dogglers/androidx.test.core.app.InstrumentationActivityInvoker$EmptyActivity#162599] FrameRatePriority: -1
09-25 13:19:31.650  1914  2140 I SurfaceFlinger: id=162604 createSurf, flag=24004, Surface(name=Task=1)/@0xeddbc98 - animation-leash of app_transition#162604
09-25 13:19:31.650  3108  6456 D InputDispatcher: Focus left window (0): ca1460a com.example.dogglers/androidx.test.core.app.InstrumentationActivityInvoker$EmptyActivity
09-25 13:19:31.651  5759  5759 E pageboostd: Received HALT command code 2
09-25 13:19:31.651  6586  6586 I SAMSUNGWALLET: [Hint_PayHintService] onReceive() action=com.sec.android.app.launcher.intent.action.UPDATE_SPAY_HANDLER
09-25 13:19:31.651  6586  6586 I SAMSUNGWALLET: [Hint_PayHintService] home change, s home : false , default : false , gesture : true , s result : false , prev : false
09-25 13:19:31.652  1914  4196 I SurfaceFlinger: id=162605 createSurf, flag=24000, Surface(name=WallpaperWindowToken{6241e01 token=android.os.Binder@ab19d0b})/@0xf3e0a44 - animation-leash of window_animation#162605
09-25 13:19:31.655  1914  1914 I Layer   : id=162606 Destroyed Screenshot Parent#162606
09-25 13:19:31.657  3108 29076 D RemoteAppTaskWatcher:  ****** RemoteAppTaskWatcher: Message Received 5 Task ID = 0
09-25 13:19:31.658  1914  4196 I SurfaceFlinger: id=162607 createSurf, flag=24000, Surface(name=4eb27f5 StatusBar)/@0x43fa543 - animation-leash of insets_animation#162607
09-25 13:19:31.660  1914  4196 I SurfaceFlinger: id=162608 createSurf, flag=24000, Surface(name=d110b4c NavigationBar0)/@0x8bdb781 - animation-leash of insets_animation#162608
09-25 13:19:31.661  5369  8863 I TouchInteractionService: onSystemUiStateChanged, stateFlags : 48 |a11y_click|a11y_long_click|
09-25 13:19:31.662  4768  4838 D Bubbles : onLocusVisibilityChanged: LocusId[17_chars] visible=true
09-25 13:19:31.662  5369  8863 I LauncherAnimationRunner: onAnimationStart, appTargets : [Lcom.android.systemui.shared.system.RemoteAnimationTargetCompat;@91451ba mStartAtFrontOfQueue : false
09-25 13:19:31.663  5639  5639 I ViewRootImpl@2218cb3[InstrumentationActivityInvoker$EmptyActivity]: MSG_WINDOW_FOCUS_CHANGED 0 0
09-25 13:19:31.663  5639  5639 I ViewRootImpl@2218cb3[InstrumentationActivityInvoker$EmptyActivity]: MSG_WINDOW_FOCUS_CHANGED 0 0
09-25 13:19:31.663  8130  9478 I [AirCmd]_ActivitySwitchDetector: onTaskFocusChanged : taskId 6591
09-25 13:19:31.663  5369  5369 I MSHandlerLifeCycle: removeMultiSplitHandler: no exist. decor=DecorView@ac62e93[LauncherActivity]
09-25 13:19:31.663  5369  5369 I BaseActivity: addActivityFlags, flags : 4
09-25 13:19:31.663  5369  5369 I Launcher: onDeferredResumed
09-25 13:19:31.663  5369  5369 I InstallShortcutReceiver: flushInstallQueue 0
09-25 13:19:31.663  5369  5369 I Launcher.NotificationListener: onNotificationFullRefresh
09-25 13:19:31.664  5369  5369 I BadgeCountUpdaterImpl: onNotificationsChangedConnected
09-25 13:19:31.664  3108  3338 D AnalyticsContainerHandler: handleMessage : { when=0 what=1 target=com.android.server.knox.KnoxAnalyticsContainer$AnalyticsHandler }
09-25 13:19:31.664  5369  5369 W LauncherAppWidgetHost: setShouldListenFlag, mFlags:7 flag:resume on:true isFront:false
09-25 13:19:31.664  5369  5369 I Launcher.AppsViewCellLayout: com.android.homescreen.apptray.AppsViewCellLayout{118f2a4 V.ED..... ........ 15341,100-16679,2951}[a=1.0,v=0,sId=11] setAlpha : 1.0
09-25 13:19:31.664  5369  5748 I InstallShortcutReceiver: flushQueueInBackground 0
09-25 13:19:31.664  5369  5369 I RecentsAnimationDeviceState: setSystemUiFlags, stateFlags : 48
09-25 13:19:31.664  5369  5369 W SGestureOverlayWindow: setVisibilityGestureOverlayWindow, visibility = 0
09-25 13:19:31.664  5369  5369 I TouchInteractionService: onSystemUiFlagsChanged, lastSysUIFlags : 131120
09-25 13:19:31.664  1914  1914 I Layer   : id=162602 removedFromDrawingState Surface(name=d110b4c NavigationBar0)/@0x8bdb781 - animation-leash of insets_animation#162602 (351)
09-25 13:19:31.664  1914  1914 I Layer   : id=77 removedFromDrawingState d110b4c NavigationBar0#77 (351)
09-25 13:19:31.664  1914  1914 I Layer   : id=92 removedFromDrawingState NavigationBar0$_4768#92 (351)
09-25 13:19:31.664  1914  1914 I Layer   : id=162581 removedFromDrawingState Surface(name=Task=7121)/@0xfe8f4b6 - animation-leash of app_transition#162581 (351)
09-25 13:19:31.664  1914  1914 I Layer   : id=162580 removedFromDrawingState Surface(name=Task=1)/@0xeddbc98 - animation-leash of app_transition#162580 (351)
09-25 13:19:31.664  5369  5369 I Launcher: getFirstMatch : match = com.android.homescreen.icon.IconView{3c9d3a5 VFED..CLX ........ 538,868-799,1294 #7f0a009c app:id/apps_icon}[a=1.0,v=0,i=true,t=Dogglers][c(2,2-3,3),id=353]
09-25 13:19:31.664  1914  1914 I Layer   : id=162601 removedFromDrawingState Surface(name=4eb27f5 StatusBar)/@0x43fa543 - animation-leash of insets_animation#162601 (351)
09-25 13:19:31.664  1914  1914 I Layer   : id=77 addToCurrentState d110b4c NavigationBar0#77 (351)
09-25 13:19:31.664  1914  1914 I Layer   : id=92 addToCurrentState NavigationBar0$_4768#92 (351)
09-25 13:19:31.664  1914  1914 I SurfaceFlinger: id=162581 Removed Surface(name=Task=7121)/@0xfe8f4b6 - animation-leash of app_transition#162581 (351)
09-25 13:19:31.664  1914  1914 I SurfaceFlinger: id=162580 Removed Surface(name=Task=1)/@0xeddbc98 - animation-leash of app_transition#162580 (351)
09-25 13:19:31.664  5369  5369 W AppTransitionAnimatorImpl: closing animation with floating icon - true
09-25 13:19:31.665  1914  1914 I Layer   : id=162580 Destroyed Surface(name=Task=1)/@0xeddbc98 - animation-leash of app_transition#162580
09-25 13:19:31.665  1914  1914 I Layer   : id=162581 Destroyed Surface(name=Task=7121)/@0xfe8f4b6 - animation-leash of app_transition#162581
09-25 13:19:31.665  5369  5369 I AppTransitionAnimatorImpl: window bounds: Rect(0, 0 - 1440, 3088), target bounds: RectF(624.0, 1269.0, 816.0, 1461.0)
09-25 13:19:31.666  5369  5369 I AnimationResult: setAnimation : null
09-25 13:19:31.666  5369  5369 W AppTransitionAnimatorImpl: onAnimationStart - APP OUT
09-25 13:19:31.666  1914  1914 D SurfaceFlinger: Display 4630947093241269891 HWC layers:
09-25 13:19:31.666  1914  1914 D SurfaceFlinger:      DEVICE | 0xb400007af86f4f00 | 0102 | RGBA_8888    |    0.0    0.0 1440.0 3088.0 |    0    0 1440 3088 | com.example.dogglers/androidx.test.c[...]tyInvoker$EmptyActivity$_5639#162600
09-25 13:19:31.666  1914  1914 D SurfaceFlinger:      DEVICE | 0xb400007af6c14880 | 0100 | RGBA_8888    |    0.0    0.0 1440.0  100.0 |    0    0 1440  100 | StatusBar$_4768#95
09-25 13:19:31.666  1914  1914 D SurfaceFlinger:      DEVICE | 0xb400007af8705400 | 0100 | RGBA_8888    |    0.0    0.0   67.0  589.0 |    0  562   67 1151 | com.samsung.android.app.cocktailbars[...]vice.CocktailBarService$_8423#156853
09-25 13:19:31.666  1914  1914 D SurfaceFlinger:      DEVICE | 0xb400007af8705500 | 0100 | RGBA_8888    |    0.0    0.0  518.0   48.0 |  922 3040 1440 3088 | SGestureOverlayWindow$_5369#156268
09-25 13:19:31.666  1914  1914 D SurfaceFlinger:      DEVICE | 0xb400007af6c15880 | 0100 | RGBA_8888    |    0.0    0.0 1440.0  168.0 |    0 2920 1440 3088 | NavigationBar0$_4768#92
09-25 13:19:31.666  1914  1914 D SurfaceFlinger:
09-25 13:19:31.668  8174  8566 D KnoxHelper: getActivityList callingUserId: 0, target user: 0
09-25 13:19:31.669  1862  9633 I QC2Comp : [avcD_2181] Stats: Pending(0) i/p-done(0) Works: Q: 469/Done 470|Work-Rate: Q(0.0/s Avg=0.2/s) Done(0.000/s Avg=0.151/s)| Stream: 29.74fps 626.9Kbps
09-25 13:19:31.670  1862  9633 I QC2Comp : [avcD_2181] Mem-usage:  [In-1D: 8 bufs 23.906 MB] [1D-4228: 14 bufs 0.219 MB] [2D-4229: 32 bufs 60.750 MB] | Total: 84.875 MB
09-25 13:19:31.670  5369  5748 I AppIconSolution: getThemeIconWithBG called with public API, pkg = com.example.dogglers, mode = 48
09-25 13:19:31.670  5369  5748 I AppIconSolution: return adaptive icon for com.example.dogglers, isNight = true
09-25 13:19:31.672  5369  5748 I LauncherActivityInfo: packageName: com.example.dogglers, useThemeIcon: false, height: 252, width: 252, density: 640
09-25 13:19:31.672 15715 18710 I WindowsLink: (TaskInfoManager) +++++++++++onRecentTaskStackUpdated
09-25 13:19:31.673  5369  5369 I Launcher.AppsViewCellLayout: com.android.homescreen.apptray.AppsViewCellLayout{118f2a4 V.ED..... .......D 15341,100-16679,2951}[a=1.0,v=0,sId=11] setAlpha : 1.0
09-25 13:19:31.675  8130  9478 I [AirCmd]_ActivitySwitchDetector: onTaskFocusChanged : componentName - ComponentInfo{com.sec.android.app.launcher/com.android.launcher3.uioverrides.QuickstepLauncher}
09-25 13:19:31.675  8130  9478 I [AirCmd]_ActivitySwitchDetector: onTaskFocusChanged : mTopMostActivity - ComponentInfo{com.example.dogglers/com.example.dogglers.VerticalListActivity}
09-25 13:19:31.675  5369  5583 I ViewRootImpl@7533534[LauncherActivity]: mWNT: t=0xb4000077b0a9e500 mBlastBufferQueue=0xb400007720986880 fn= 93 caller= com.android.systemui.shared.launcher.ViewRootImplCompat.mergeWithNextTransaction:2 com.android.quickstep.util.SurfaceTransactionApplier.lambda$scheduleApply$0:2 com.android.quickstep.util.SurfaceTransactionApplier.b:0
09-25 13:19:31.675  5369  5583 I ViewRootImpl@7533534[LauncherActivity]: mWNT: t=0xb4000077b0b66200 mBlastBufferQueue=0xb400007720986880 fn= 93 caller= com.android.systemui.shared.launcher.ViewRootImplCompat.mergeWithNextTransaction:2 com.android.quickstep.util.SurfaceTransactionApplier.lambda$scheduleApply$0:2 com.android.quickstep.util.SurfaceTransactionApplier.b:0
09-25 13:19:31.675  5369  5583 I ViewRootImpl@7533534[LauncherActivity]: mWNT: t=0xb4000077b0b66600 mBlastBufferQueue=0xb400007720986880 fn= 93 caller= com.android.systemui.shared.launcher.ViewRootImplCompat.mergeWithNextTransaction:2 com.android.quickstep.util.SurfaceTransactionApplier.lambda$scheduleApply$0:2 com.android.quickstep.util.SurfaceTransactionApplier.b:0
09-25 13:19:31.676  5369  5748 I Launcher.NotificationListener: notificationIsValidForUI : com.microsoft.office.outlook missingTitleAndText : false isGroupHeader : true
09-25 13:19:31.676  5369  5748 I Launcher.NotificationListener: notificationIsValidForUI : com.microsoft.office.outlook missingTitleAndText : false isGroupHeader : false
09-25 13:19:31.676  5369  5748 I Launcher.NotificationListener: Full refresh isConnected : true active size : 1
09-25 13:19:31.676  8130  9478 I [AirCmd]_CallbackRepeater: stopRepeat : isWorking=false
09-25 13:19:31.676  8130  9478 I [AirCmd]_MediaControlStateMonitor: isForegroundAppSupportsMediaButton : mediaSession is empty
09-25 13:19:31.677  3108  3230 I SemPersonaManager: SecureFolder personaId = 150
09-25 13:19:31.677  8130  9478 I [AirCmd]_MediaControlStateMonitor: active Notification List is null
09-25 13:19:31.677  8130  9478 I [AirCmd]_RemoteSpenMainController: hasGeneralAction : packageName is com.sec.android.app.launcher, activityName is com.android.launcher3.uioverrides.QuickstepLauncher, hasActions is false
09-25 13:19:31.677  8130  9478 I [AirCmd]_CameraAvailabilityMonitor: isCameraPreviewOn : mIsCameraPreviewOn is false
09-25 13:19:31.677 15715 18710 I WindowsLink: (TaskInfoManager) +++++++++++onRecentTaskStackUpdated
09-25 13:19:31.678  8130  9478 I [AirCmd]_CameraAvailabilityMonitor: isCameraPreviewOn : mIsCameraPreviewOn is false
09-25 13:19:31.678  8130  9478 I [AirCmd]_MediaControlStateMonitor: isForegroundAppSupportsMediaButton : mediaSession is empty
09-25 13:19:31.679  8130  9478 I [AirCmd]_MediaControlStateMonitor: active Notification List is null
09-25 13:19:31.679  8130  9478 I [AirCmd]_PenActionRule: getAction : get default action data from remote action because pen action data is null.
09-25 13:19:31.679  8130  9478 I [AirCmd]_ButtonActionDetector: enableDoubleClickDetection: enabled=true, doubleClickWaitInterval=300
09-25 13:19:31.679  8130  9478 I [AirCmd]_RemoteSpenMainController: onSwitch : package is com.sec.android.app.launcher   and activity is com.android.launcher3.uioverrides.QuickstepLauncher and isBleConnected is false and hasActions is false
09-25 13:19:31.680  3108  3230 D EnterpriseDeviceManagerService: isMdmAdminPresentInternal() : MDM Admin Found - com.samsung.knox.securefolder
09-25 13:19:31.681  5369  5369 I Launcher.AppsViewCellLayout: com.android.homescreen.apptray.AppsViewCellLayout{118f2a4 V.ED..... .......D 15341,100-16679,2951}[a=1.0,v=0,sId=11] setAlpha : 1.0
09-25 13:19:31.683  5369  5369 I PopupDataProvider: onNotificationFullRefresh prev dotInfoSize : 1
09-25 13:19:31.683  5369  5584 I ViewRootImpl@7533534[LauncherActivity]: mWNT: t=0xb40000772b835600 mBlastBufferQueue=0xb400007720986880 fn= 94 caller= com.android.systemui.shared.launcher.ViewRootImplCompat.mergeWithNextTransaction:2 com.android.quickstep.util.SurfaceTransactionApplier.lambda$scheduleApply$0:2 com.android.quickstep.util.SurfaceTransactionApplier.b:0
09-25 13:19:31.683  5369  5369 I PopupDataProvider: refresh badge  package : com.microsoft.office.outlook count : 275
09-25 13:19:31.683  5369  5369 I IconView: applyDotState itemInfo : Outlook display : 1 count : 275
09-25 13:19:31.684  1914  1914 D SurfaceFlinger: Display 4630947093241269891 HWC layers:
09-25 13:19:31.684  1914  1914 D SurfaceFlinger:      CLIENT | 0xb400007af6c13480 | 0100 | RGBx_8888    |  592.0    0.0 1628.0 2220.0 |    0    0 1440 3088 | Wallpaper BBQ wrapper#90
09-25 13:19:31.684  1914  1914 D SurfaceFlinger:      CLIENT | 0xb400007aeb18b700 | 0100 | RGBA_8888    |    0.0    0.0 1440.0 3088.0 |    0    0 1440 3088 | com.sec.android.app.launcher/com.sec[...]rActivity$_5369#162528 (blurRegions)
09-25 13:19:31.684  1914  1914 D SurfaceFlinger:      CLIENT | 0xb400007af6c14980 | 0102 | RGBA_8888    |    0.0    0.0 1440.0 3086.0 |    1    1 1439 3085 | com.example.dogglers/com.example.dogglers.VerticalListActivity$_5639#162585
09-25 13:19:31.684  1914  1914 D SurfaceFlinger:      CLIENT | 0xb400007af6c14780 | 0102 | RGBA_8888    |    0.0    0.0 1440.0 3086.0 |    1    1 1439 3085 | com.example.dogglers/androidx.test.c[...]tyInvoker$EmptyActivity$_5639#162593
09-25 13:19:31.684  1914  1914 D SurfaceFlinger:      CLIENT | 0xb400007af86f4f00 | 0102 | RGBA_8888    |    0.0    0.0 1440.0 3086.0 |    1    1 1439 3085 | com.example.dogglers/androidx.test.c[...]tyInvoker$EmptyActivity$_5639#162600
09-25 13:19:31.684  1914  1914 D SurfaceFlinger:      DEVICE | 0xb400007af6c14880 | 0100 | RGBA_8888    |    0.0    0.0 1440.0  100.0 |    0    0 1440
09-25 13:19:31.684  1914  1914 D SurfaceFlinger: 100 | StatusBar$_4768#95
09-25 13:19:31.684  1914  1914 D SurfaceFlinger:      DEVICE | 0xb400007af8705400 | 0100 | RGBA_8888    |    0.0    0.0   67.0  589.0 |    0  562   67 1151 | com.samsung.android.app.cocktailbars[...]vice.CocktailBarService$_8423#156853
09-25 13:19:31.684  1914  1914 D SurfaceFlinger:      DEVICE | 0xb400007af8705500 | 0100 | RGBA_8888    |    0.0    0.0  518.0   48.0 |  922 3040 1440 3088 | SGestureOverlayWindow$_5369#156268
09-25 13:19:31.684  1914  1914 D SurfaceFlinger:      DEVICE | 0xb400007af6c15880 | 0100 | RGBA_8888    |    0.0    0.0 1440.0  168.0 |    0 2920 1440 3088 | NavigationBar0$_4768#92
09-25 13:19:31.684  1914  1914 D SurfaceFlinger:
09-25 13:19:31.685  8423  8423 I ActivityUtils: HomePackage : com.sec.android.app.launcher, resumePackageName : com.sec.android.app.launcher
09-25 13:19:31.686  3108  6142 I MediaSessionMonitor: Media session stopped : controllerList empty
09-25 13:19:31.689  5369  5369 I Launcher.AppsViewCellLayout: com.android.homescreen.apptray.AppsViewCellLayout{118f2a4 V.ED..... ........ 15341,100-16679,2951}[a=1.0,v=0,sId=11] setAlpha : 1.0
09-25 13:19:31.690  5369  5583 I ViewRootImpl@7533534[LauncherActivity]: mWNT: t=0xb40000772b9d4e00 mBlastBufferQueue=0xb400007720986880 fn= 95 caller= com.android.systemui.shared.launcher.ViewRootImplCompat.mergeWithNextTransaction:2 com.android.quickstep.util.SurfaceTransactionApplier.lambda$scheduleApply$0:2 com.android.quickstep.util.SurfaceTransactionApplier.b:0
09-25 13:19:31.692  8174  8566 D KnoxHelper: getActivityList callingUserId: 0, target user: 150
09-25 13:19:31.693  8174  8566 V KnoxHelper: source and target users are different, and caller is knox container or target user is for secure folder, so request cannot be granted!
09-25 13:19:31.698  5369  5369 I Launcher.AppsViewCellLayout: com.android.homescreen.apptray.AppsViewCellLayout{118f2a4 V.ED..... ........ 15341,100-16679,2951}[a=1.0,v=0,sId=11] setAlpha : 1.0
09-25 13:19:31.699  5369  5584 I ViewRootImpl@7533534[LauncherActivity]: mWNT: t=0xb40000772ba89100 mBlastBufferQueue=0xb400007720986880 fn= 96 caller= com.android.systemui.shared.launcher.ViewRootImplCompat.mergeWithNextTransaction:2 com.android.quickstep.util.SurfaceTransactionApplier.lambda$scheduleApply$0:2 com.android.quickstep.util.SurfaceTransactionApplier.b:0
09-25 13:19:31.706  5369  5369 I Launcher.AppsViewCellLayout: com.android.homescreen.apptray.AppsViewCellLayout{118f2a4 V.ED..... ........ 15341,100-16679,2951}[a=1.0,v=0,sId=11] setAlpha : 1.0
09-25 13:19:31.707  5369  5583 I ViewRootImpl@7533534[LauncherActivity]: mWNT: t=0xb40000772ba89200 mBlastBufferQueue=0xb400007720986880 fn= 97 caller= com.android.systemui.shared.launcher.ViewRootImplCompat.mergeWithNextTransaction:2 com.android.quickstep.util.SurfaceTransactionApplier.lambda$scheduleApply$0:2 com.android.quickstep.util.SurfaceTransactionApplier.b:0
09-25 13:19:31.714  5369  5369 I Launcher.AppsViewCellLayout: com.android.homescreen.apptray.AppsViewCellLayout{118f2a4 V.ED..... ........ 15341,100-16679,2951}[a=1.0,v=0,sId=11] setAlpha : 1.0
09-25 13:19:31.716  5369  5584 I ViewRootImpl@7533534[LauncherActivity]: mWNT: t=0xb40000772ba9a800 mBlastBufferQueue=0xb400007720986880 fn= 98 caller= com.android.systemui.shared.launcher.ViewRootImplCompat.mergeWithNextTransaction:2 com.android.quickstep.util.SurfaceTransactionApplier.lambda$scheduleApply$0:2 com.android.quickstep.util.SurfaceTransactionApplier.b:0
09-25 13:19:31.723  5369  5369 I Launcher.AppsViewCellLayout: com.android.homescreen.apptray.AppsViewCellLayout{118f2a4 V.ED..... ........ 15341,100-16679,2951}[a=1.0,v=0,sId=11] setAlpha : 1.0
09-25 13:19:31.724  5369  5583 I ViewRootImpl@7533534[LauncherActivity]: mWNT: t=0xb40000772ba9ae00 mBlastBufferQueue=0xb400007720986880 fn= 99 caller= com.android.systemui.shared.launcher.ViewRootImplCompat.mergeWithNextTransaction:2 com.android.quickstep.util.SurfaceTransactionApplier.lambda$scheduleApply$0:2 com.android.quickstep.util.SurfaceTransactionApplier.b:0
09-25 13:19:31.730  3108  6746 D SemWifiUsabilityStatsMonitor: onWifiUsabilityStats - seqNum 70101, isSameBssidAndFreq true
09-25 13:19:31.730  3108  4645 I SemWifiLinkQualityMonitor: Link Qos Query: 0.046 ms / 175.000 Mbps (175 / 0.000 / 1.000)
09-25 13:19:31.731  5369  5369 I Launcher.AppsViewCellLayout: com.android.homescreen.apptray.AppsViewCellLayout{118f2a4 V.ED..... ........ 15341,100-16679,2951}[a=1.0,v=0,sId=11] setAlpha : 1.0
09-25 13:19:31.732  5369  5584 I ViewRootImpl@7533534[LauncherActivity]: mWNT: t=0xb40000772bab3000 mBlastBufferQueue=0xb400007720986880 fn= 100 caller= com.android.systemui.shared.launcher.ViewRootImplCompat.mergeWithNextTransaction:2 com.android.quickstep.util.SurfaceTransactionApplier.lambda$scheduleApply$0:2 com.android.quickstep.util.SurfaceTransactionApplier.b:0
09-25 13:19:31.739  5369  5369 I Launcher.AppsViewCellLayout: com.android.homescreen.apptray.AppsViewCellLayout{118f2a4 V.ED..... ........ 15341,100-16679,2951}[a=1.0,v=0,sId=11] setAlpha : 1.0
09-25 13:19:31.740  5369  5583 I ViewRootImpl@7533534[LauncherActivity]: mWNT: t=0xb40000772bb64100 mBlastBufferQueue=0xb400007720986880 fn= 101 caller= com.android.systemui.shared.launcher.ViewRootImplCompat.mergeWithNextTransaction:2 com.android.quickstep.util.SurfaceTransactionApplier.lambda$scheduleApply$0:2 com.android.quickstep.util.SurfaceTransactionApplier.b:0
09-25 13:19:31.746  5369  8863 I RecentModel: onTaskStackChangedBackground
09-25 13:19:31.747  8328  8651 I SemDvfsHyPerManager: acquire hyper - TABaseBoost/8328@24, type = 1090523139
09-25 13:19:31.747  1809  1855 I HYPER-HAL: [RequestManager.cpp]acquire(): Acquired ID : 34882152  [8328 / 24]    HINT :      list : [TABoost / 1]
09-25 13:19:31.750  5369  5369 I Launcher.AppsViewCellLayout: com.android.homescreen.apptray.AppsViewCellLayout{118f2a4 V.ED..... ........ 15341,100-16679,2951}[a=1.0,v=0,sId=11] setAlpha : 1.0
09-25 13:19:31.750  8130 22447 I [AirCmd]_ActivitySwitchDetector: onTaskStackChanged : componentName - ComponentInfo{com.sec.android.app.launcher/com.android.launcher3.uioverrides.QuickstepLauncher}
09-25 13:19:31.750  8130 22447 I [AirCmd]_ActivitySwitchDetector: onTaskStackChanged : mTopMostActivity - ComponentInfo{com.sec.android.app.launcher/com.android.launcher3.uioverrides.QuickstepLauncher}
09-25 13:19:31.750  5369  5741 I RecentTasksList: loadTasksInBackground : groupTask = GroupTask{task1=[id=6869 windowingMode=1 user=0 lastActiveTime=1366856278] null, task2=null, task3=null, mStagedSplitBounds=null}
09-25 13:19:31.750  5369  5741 I RecentTasksList: loadTasksInBackground : groupTask = GroupTask{task1=[id=6898 windowingMode=1 user=0 lastActiveTime=1367009547] null, task2=null, task3=null, mStagedSplitBounds=null}
09-25 13:19:31.750  5369  5741 I RecentTasksList: loadTasksInBackground : groupTask = GroupTask{task1=[id=7121 windowingMode=1 user=0 lastActiveTime=1370097796] null, task2=null, task3=null, mStagedSplitBounds=null}
09-25 13:19:31.751  5369  5584 I ViewRootImpl@7533534[LauncherActivity]: mWNT: t=0xb40000772bb64200 mBlastBufferQueue=0xb400007720986880 fn= 102 caller= com.android.systemui.shared.launcher.ViewRootImplCompat.mergeWithNextTransaction:2 com.android.quickstep.util.SurfaceTransactionApplier.lambda$scheduleApply$0:2 com.android.quickstep.util.SurfaceTransactionApplier.b:0
09-25 13:19:31.751  5369  5369 I TaskThumbnailCache: handleResult: taskId = 7121, taskThumbnail = android.graphics.Bitmap@eddbe3c
09-25 13:19:31.756  5369  5369 I Launcher.AppsViewCellLayout: com.android.homescreen.apptray.AppsViewCellLayout{118f2a4 V.ED..... ........ 15341,100-16679,2951}[a=1.0,v=0,sId=11] setAlpha : 1.0
09-25 13:19:31.757  5369  5583 I ViewRootImpl@7533534[LauncherActivity]: mWNT: t=0xb40000772bb64700 mBlastBufferQueue=0xb400007720986880 fn= 103 caller= com.android.systemui.shared.launcher.ViewRootImplCompat.mergeWithNextTransaction:2 com.android.quickstep.util.SurfaceTransactionApplier.lambda$scheduleApply$0:2 com.android.quickstep.util.SurfaceTransactionApplier.b:0
09-25 13:19:31.763  3108  6472 D SensorService: Calling activate off 61
09-25 13:19:31.764 13474 13593 D SensorManager: unregisterListener
09-25 13:19:31.764  5369  5369 I Launcher.AppsViewCellLayout: com.android.homescreen.apptray.AppsViewCellLayout{118f2a4 V.ED..... ........ 15341,100-16679,2951}[a=1.0,v=0,sId=11] setAlpha : 1.0
09-25 13:19:31.765  5369  5584 I ViewRootImpl@7533534[LauncherActivity]: mWNT: t=0xb40000772bb64800 mBlastBufferQueue=0xb400007720986880 fn= 104 caller= com.android.systemui.shared.launcher.ViewRootImplCompat.mergeWithNextTransaction:2 com.android.quickstep.util.SurfaceTransactionApplier.lambda$scheduleApply$0:2 com.android.quickstep.util.SurfaceTransactionApplier.b:0
09-25 13:19:31.773  4768  4851 D OpenGLRenderer: setSurface called with nullptr
09-25 13:19:31.773  1914  3193 I SurfaceFlinger: id=162588 Removed Surface(name=752e3c1 com.example.dogglers/com.example.dogglers.VerticalListActivity)/@0xd7b50ec - animation-leash of starting_reveal#162588 (349)
09-25 13:19:31.773  5369  5369 I Launcher.AppsViewCellLayout: com.android.homescreen.apptray.AppsViewCellLayout{118f2a4 V.ED..... ........ 15341,100-16679,2951}[a=1.0,v=0,sId=11] setAlpha : 1.0
09-25 13:19:31.773  1914  2139 I SurfaceFlinger: id=162550 Removed Surface(name=d6c5b33 com.example.dogglers/com.example.dogglers.VerticalListActivity)/@0x76320b4 - animation-leash of starting_reveal#162550 (349)
09-25 13:19:31.773  4768  4851 D OpenGLRenderer: setSurface called with nullptr
09-25 13:19:31.773  1914  2139 I SurfaceFlinger: id=162511 Removed Surface(name=50cf4a4 com.example.dogglers/com.example.dogglers.HorizontalListActivity)/@0x1216691 - animation-leash of starting_reveal#162511 (349)
09-25 13:19:31.774  4768  4851 D OpenGLRenderer: setSurface called with nullptr
09-25 13:19:31.774  5369  5583 I ViewRootImpl@7533534[LauncherActivity]: mWNT: t=0xb40000772bb64900 mBlastBufferQueue=0xb400007720986880 fn= 105 caller= com.android.systemui.shared.launcher.ViewRootImplCompat.mergeWithNextTransaction:2 com.android.quickstep.util.SurfaceTransactionApplier.lambda$scheduleApply$0:2 com.android.quickstep.util.SurfaceTransactionApplier.b:0
09-25 13:19:31.774  4768  4851 D OpenGLRenderer: setSurface called with nullptr
09-25 13:19:31.774  1914  2139 I SurfaceFlinger: id=162473 Removed Surface(name=ed04ec5 com.example.dogglers/com.example.dogglers.HorizontalListActivity)/@0xde369be - animation-leash of starting_reveal#162473 (349)
09-25 13:19:31.775  1914  3199 I SurfaceFlinger: id=162434 Removed Surface(name=e919e40 com.example.dogglers/com.example.dogglers.HorizontalListActivity)/@0xa2aa722 - animation-leash of starting_reveal#162434 (349)
