09-25 13:19:25.544  5639  5703 I TestRunner: started: grid_list_content_at_last_position(com.example.dogglers.GridListTests)
09-25 13:19:25.546  1809  6162 I HYPER-HAL: [RequestManager.cpp]releaseLocked(): Released ID : 4890647
09-25 13:19:25.547  5639  5703 W Settings: Setting always_finish_activities has moved from android.provider.Settings.System to android.provider.Settings.Global, returning read-only value.
09-25 13:19:25.550  3108  3230 I ChimeraSystemEventListener: appLaunchIntent package name is: com.example.dogglers
09-25 13:19:25.552  3108  5688 I SemDvfsHyPerManager: acquire hyper - AMS_APP_SWITCH/3108@23, type = -999
09-25 13:19:25.552  3108 29076 D RemoteAppTaskWatcher:  ****** RemoteAppTaskWatcher: Message Received 0 Task ID = 7114
09-25 13:19:25.552  1809  1855 I HYPER-HAL: [RequestManager.cpp]acquire(): Acquired ID : 4903169  [3108 / 23]    HINT : AMS_APP_SWITCH    list :
09-25 13:19:25.552  1914  3199 I SurfaceFlinger: id=162309 createSurf, flag=24004, Task=7114#162309
09-25 13:19:25.553  8328  8328 I SemDvfsHyPerManager: acquire hyper - APP_START_SHORT/8328@19, type = -999
09-25 13:19:25.554  1914  3199 I SurfaceFlinger: id=162310 createSurf, flag=80004, ActivityRecord{8675b0b u0 com.example.dogglers/androidx.test.core.app.InstrumentationActivityInvoker$BootstrapActivity} t7114}#162310
09-25 13:19:25.557  1809  1855 I HYPER-HAL: [RequestManager.cpp]acquire(): Acquired ID : 34840397  [8328 / 19]    HINT : APP_START_LOW_HEAT    list : [TIMEOUT / 1500]
09-25 13:19:25.558  2229  2229 I CameraService: onUidStateChanged: uid=10042, procState is changed. (0 -> 1)
09-25 13:19:25.559  3108  6492 I SemDvfsHyPerManager: acquire hyper - AMS_APP_LAUNCH/3108@19, type = -999
09-25 13:19:25.559  4768  4851 D NativeCustomFrequencyManager: [NativeCFMS] BpCustomFrequencyManager::BpCustomFrequencyManager()
09-25 13:19:25.559  1809  1855 I HYPER-HAL: [RequestManager.cpp]acquire(): Acquired ID : 4890647  [3108 / 19]    HINT : AMS_APP_LAUNCH    list :
09-25 13:19:25.559  5759  5759 E pageboostd: Received HALT command code 2
09-25 13:19:25.560  3108 29076 D RemoteAppTaskWatcher:  ****** RemoteAppTaskWatcher: Message Received 4 Task ID = 7114
09-25 13:19:25.560  3108 29076 D RemoteAppTaskWatcher:  ****** RemoteAppTaskWatcher: Message Received 0 Task ID = 7114
09-25 13:19:25.561  3108  6492 D InputTransport: Input channel constructed: 'd7dbb32', fd=1058
09-25 13:19:25.561  3108  6492 D InputTransport: Input channel constructed: 'd7dbb32', fd=1065
09-25 13:19:25.561  3108  6492 D InputTransport: Input channel constructed: 'd7dbb32', fd=1132
09-25 13:19:25.561  8328  8328 I SemDvfsHyPerManager: acquire hyper - APP_START/8328@21, type = -999
09-25 13:19:25.561  1914  2139 I SurfaceFlinger: id=162311 createSurf, flag=80004, d7dbb32 Splash Screen com.example.dogglers#162311
09-25 13:19:25.561  1809  1855 I HYPER-HAL: [RequestManager.cpp]acquire(): Acquired ID : 34857096  [8328 / 21]    HINT : APP_START_LOW_HEAT    list :
09-25 13:19:25.562  3108  6492 D InputTransport: Input channel destroyed: 'd7dbb32', fd=1132
09-25 13:19:25.562  4768  4843 D InsetsController: onStateChanged: InsetsState: {mDisplayFrame=Rect(0, 0 - 1440, 3088), mDisplayCutout=DisplayCutout{insets=Rect(0, 100 - 0, 0) waterfall=Insets{left=0, top=0, right=0, bottom=0} boundingRect={Bounds=[Rect(0, 0 - 0, 0), Rect(685, 0 - 756, 100), Rect(0, 0 - 0, 0), Rect(0, 0 - 0, 0)]} cutoutPathParserInfo={CutoutPathParserInfo{displayWidth=1440 displayHeight=3088 physicalDisplayWidth=1440 physicalDisplayHeight=3088 density={3.75} cutoutSpec={M 0,0 H -9.466666666666667 V 26.66666666666667‬ H 9.466666666666667 V 0 H 0 Z @dp} rotation={0} scale={1.0} physicalPixelDisplaySizeRatio={1.0}}}}, mRoundedCorners=RoundedCorners{[RoundedCorner{position=TopLeft, radius=14, center=Point(14, 14)}, RoundedCorner{position=TopRight, radius=14, center=Point(1426, 14)}, RoundedCorner{position=BottomRight, radius=14, center=Point(1426, 3074)}, RoundedCorner{position=BottomLeft, radius=14, center=Point(14, 3074)}]}  mRoundedCornerFrame=Rect(0, 0 - 1440, 3088), mPrivacyIndicatorBounds=PrivacyIndicatorBounds {static bounds=Rect(1286, 0 - 1440, 100) rotation=0}, mSources= { InsetsSource: {mType=ITYPE_STATUS_BAR, mFrame=[0,0][1440,100], mVisible=true, mInsetsRoundedCornerFrame=false}, InsetsSource: {mType=ITYPE_NAVIGATION_BAR, mFrame=[0,3088][1440,3088], mVisible=true, mInsetsRoundedCornerFrame=false}, InsetsSource: {mType=ITYPE_LEFT_GESTURES, mFrame=[0,0][0,3088], mVisible=true, mInsetsRoundedCornerFrame=false}, InsetsSource: {mType=ITYPE_RIGHT_GESTURES, mFrame=[1440,0][1440,3088], mVisible=true, mInsetsRoundedCornerFrame=false}, InsetsSource: {mType=ITYPE_TOP_MANDATORY_GESTURES, mFrame=[0,0][1440,142], mVisible=true, mInsetsRoundedCornerFrame=false}, InsetsSource: {mType=ITYPE_BOTTOM_MANDATORY_GESTURES, mFrame=[0,3018][1440,3088], mVisible=true, mInsetsRoundedCornerFrame=false}, InsetsSource: {mType=ITYPE_LEFT_DISPLAY_CUTOUT, mFrame=[0,0][-100000,3088], mVisible=true, mInsetsRoundedCornerFrame=false}, InsetsSource: {mType=ITYPE_TOP_DISPLAY_CUTOUT, mFrame=[0,0][1440,100], mVisible=true, mInsetsRoundedCornerFrame=false}, InsetsSource: {mType=ITYPE_RIGHT_DISPLAY_CUTOUT, mFrame=[100000,0][1440,3088], mVisible=true, mInsetsRoundedCornerFrame=false}, InsetsSource: {mType=ITYPE_BOTTOM_DISPLAY_CUTOUT, mFrame=[0,100000][1440,3088], mVisible=true, mInsetsRoundedCornerFrame=false}, InsetsSource: {mType=ITYPE_TOP_TAPPABLE_ELEMENT, mFrame=[0,0][1440,100], mVisible=true, mInsetsRoundedCornerFrame=false}, InsetsSource: {mType=ITYPE_BOTTOM_TAPPABLE_ELEMENT, mFrame=[0,0][0,0], mVisible=true, mInsetsRoundedCornerFrame=false} } host=Splash Screen com.example.dogglers from=android.view.ViewRootImpl.setView:1732
09-25 13:19:25.562  5369  5369 I BaseActivity: removeActivityFlags, flags : 16
09-25 13:19:25.562  5369  5369 I BaseActivity: removeActivityFlags, flags : 6
09-25 13:19:25.562  5369  5369 I DragController: endDrag
09-25 13:19:25.562  5369  5369 W LauncherAppWidgetHost: setShouldListenFlag, mFlags:15 flag:resume on:false isFront:false
09-25 13:19:25.562  5369  5369 I SPayUpdater: updateSpayHandler launcher activity is paused false
09-25 13:19:25.563  5369 11129 I WidgetRotationImpl: unsubscribeWidgetFocus 80
09-25 13:19:25.563  5369 11129 I IntelligentPlatformManagerImpl: unsubscribeWidgetFocus() id : 80
09-25 13:19:25.566  3108  6456 D InputDispatcher: Focused application(0): ActivityRecord{8675b0b u0 com.example.dogglers/androidx.test.core.app.InstrumentationActivityInvoker$BootstrapActivity} t7114}
09-25 13:19:25.568  3108 29076 D RemoteAppTaskWatcher:  ****** RemoteAppTaskWatcher: Message Received 5 Task ID = 0
09-25 13:19:25.570  5369  5369 I TopTaskTracker: onTaskMovedToFront : taskId = 7114
09-25 13:19:25.571  4768  4843 I ViewRootImpl@b0cf5e7[dogglers]: setView = android.widget.FrameLayout@5a90983 TM=true
09-25 13:19:25.571  6586 25742 I SAMSUNGWALLET: [Hint_ProcessStatusChange] fg Change, pid : 5639 , isNotify : false , isForeground : true , fg list : []
09-25 13:19:25.571  4768  4843 I ViewRootImpl@b0cf5e7[dogglers]: performTraversals params={(0,0)(fillxfill) sim={adjust=pan} ty=APPLICATION_STARTING fmt=TRANSLUCENT wanim=0x1030001
09-25 13:19:25.571  4768  4843 I ViewRootImpl@b0cf5e7[dogglers]:   fl=81030118
09-25 13:19:25.571  4768  4843 I ViewRootImpl@b0cf5e7[dogglers]:   pfl=16000010
09-25 13:19:25.571  4768  4843 I ViewRootImpl@b0cf5e7[dogglers]:   bhv=DEFAULT
09-25 13:19:25.571  4768  4843 I ViewRootImpl@b0cf5e7[dogglers]:   fitSides= naviIconColor=0}
09-25 13:19:25.571  6586 25742 I SAMSUNGWALLET: [ProcessStatusChange] fg Change, pid : 5639 , isNotify : false , isForeground : true , fg list : []
09-25 13:19:25.572  1914  1914 I SurfaceFlinger: [c7375dc com.sec.android.app.launcher/com.sec.android.app.launcher.activities.LauncherActivity#176] FrameRatePriority: -1
09-25 13:19:25.572  5639  5639 D LifecycleMonitor: Lifecycle status change: androidx.test.core.app.InstrumentationActivityInvoker$BootstrapActivity@a01ae58 in: PRE_ON_CREATE
09-25 13:19:25.572  4768  4843 I ViewRootImpl@b0cf5e7[dogglers]: performTraversals mFirst=true windowShouldResize=true viewVisibilityChanged=false mForceNextWindowRelayout=false params={(0,0)(fillxfill) sim={adjust=pan} ty=APPLICATION_STARTING fmt=TRANSLUCENT wanim=0x1030001
09-25 13:19:25.572  4768  4843 I ViewRootImpl@b0cf5e7[dogglers]:   fl=81030118
09-25 13:19:25.572  4768  4843 I ViewRootImpl@b0cf5e7[dogglers]:   pfl=16000010
09-25 13:19:25.572  4768  4843 I ViewRootImpl@b0cf5e7[dogglers]:   bhv=DEFAULT
09-25 13:19:25.572  4768  4843 I ViewRootImpl@b0cf5e7[dogglers]:   fitSides= naviIconColor=0}
09-25 13:19:25.572  5639  5639 V ActivityScenario: Activity lifecycle changed event received but ignored because the intent does not match. startActivityIntent=Intent { act=android.intent.action.MAIN cat=[android.intent.category.LAUNCHER] cmp=com.example.dogglers/.GridListActivity }, activity.getIntent()=Intent { act=android.intent.action.MAIN cat=[android.intent.category.LAUNCHER] flg=0x10008000 cmp=com.example.dogglers/androidx.test.core.app.InstrumentationActivityInvoker$BootstrapActivity (has extras) }, activity=androidx.test.core.app.InstrumentationActivityInvoker$BootstrapActivity@a01ae58
09-25 13:19:25.572  3108  4605 D AS.MultiSoundManager: mForegroundUid = 10577
09-25 13:19:25.573  3108  4073 V WindowManager: Relayout Window{d7dbb32 u0 Splash Screen com.example.dogglers}: viewVisibility=0 req=1440x3088 d0
09-25 13:19:25.575  1914  2139 I SurfaceFlinger: id=162312 createSurf, flag=40004, Splash Screen com.example.dogglers$_4768#162312
09-25 13:19:25.575  6586 17206 I SAMSUNGWALLET: [Hint_ProcessStatusChange] fg Change, pid : 5639 , isNotify : false , isForeground : true , fg list : []
09-25 13:19:25.575  6586 17206 I SAMSUNGWALLET: [ProcessStatusChange] fg Change, pid : 5639 , isNotify : false , isForeground : true , fg list : []
09-25 13:19:25.576  6586 25742 I SAMSUNGWALLET: [Hint_ProcessStatusChange] fg Change, pid : 5639 , isNotify : false , isForeground : true , fg list : []
09-25 13:19:25.576  6586 25742 I SAMSUNGWALLET: [ProcessStatusChange] fg Change, pid : 5639 , isNotify : false , isForeground : true , fg list : []
09-25 13:19:25.576 15715 15751 I WindowsLink: (TaskInfoManager) +++++++++++onRecentTaskStackUpdated
09-25 13:19:25.578  3108  4073 V WindowManager: Relayout hash=d7dbb32, pid=4768, syncId=-1: mAttrs={(0,0)(fillxfill) sim={adjust=pan} ty=APPLICATION_STARTING fmt=TRANSLUCENT wanim=0x1030001
09-25 13:19:25.578  3108  4073 V WindowManager:   fl=81030118
09-25 13:19:25.578  3108  4073 V WindowManager:   pfl=16000010
09-25 13:19:25.578  3108  4073 V WindowManager:   bhv=DEFAULT
09-25 13:19:25.578  3108  4073 V WindowManager:   fitSides= naviIconColor=0}
09-25 13:19:25.578  4768  4843 D InsetsController: onStateChanged: InsetsState: {mDisplayFrame=Rect(0, 0 - 1440, 3088), mDisplayCutout=DisplayCutout{insets=Rect(0, 100 - 0, 0) waterfall=Insets{left=0, top=0, right=0, bottom=0} boundingRect={Bounds=[Rect(0, 0 - 0, 0), Rect(685, 0 - 756, 100), Rect(0, 0 - 0, 0), Rect(0, 0 - 0, 0)]} cutoutPathParserInfo={CutoutPathParserInfo{displayWidth=1440 displayHeight=3088 physicalDisplayWidth=1440 physicalDisplayHeight=3088 density={3.75} cutoutSpec={M 0,0 H -9.466666666666667 V 26.66666666666667‬ H 9.466666666666667 V 0 H 0 Z @dp} rotation={0} scale={1.0} physicalPixelDisplaySizeRatio={1.0}}}}, mRoundedCorners=RoundedCorners{[RoundedCorner{position=TopLeft, radius=14, center=Point(14, 14)}, RoundedCorner{position=TopRight, radius=14, center=Point(1426, 14)}, RoundedCorner{position=BottomRight, radius=14, center=Point(1426, 3074)}, RoundedCorner{position=BottomLeft, radius=14, center=Point(14, 3074)}]}  mRoundedCornerFrame=Rect(0, 0 - 1440, 3088), mPrivacyIndicatorBounds=PrivacyIndicatorBounds {static bounds=Rect(1286, 0 - 1440, 100) rotation=0}, mSources= { InsetsSource: {mType=ITYPE_STATUS_BAR, mFrame=[0,0][1440,100], mVisible=true, mInsetsRoundedCornerFrame=false}, InsetsSource: {mType=ITYPE_NAVIGATION_BAR, mFrame=[0,3088][1440,3088], mVisible=true, mInsetsRoundedCornerFrame=false}, InsetsSource: {mType=ITYPE_LEFT_GESTURES, mFrame=[0,0][0,3088], mVisible=true, mInsetsRoundedCornerFrame=false}, InsetsSource: {mType=ITYPE_RIGHT_GESTURES, mFrame=[1440,0][1440,3088], mVisible=true, mInsetsRoundedCornerFrame=false}, InsetsSource: {mType=ITYPE_TOP_MANDATORY_GESTURES, mFrame=[0,0][1440,142], mVisible=true, mInsetsRoundedCornerFrame=false}, InsetsSource: {mType=ITYPE_BOTTOM_MANDATORY_GESTURES, mFrame=[0,3018][1440,3088], mVisible=true, mInsetsRoundedCornerFrame=false}, InsetsSource: {mType=ITYPE_LEFT_DISPLAY_CUTOUT, mFrame=[0,0][-100000,3088], mVisible=true, mInsetsRoundedCornerFrame=false}, InsetsSource: {mType=ITYPE_TOP_DISPLAY_CUTOUT, mFrame=[0,0][1440,100], mVisible=true, mInsetsRoundedCornerFrame=false}, InsetsSource: {mType=ITYPE_RIGHT_DISPLAY_CUTOUT, mFrame=[100000,0][1440,3088], mVisible=true, mInsetsRoundedCornerFrame=false}, InsetsSource: {mType=ITYPE_BOTTOM_DISPLAY_CUTOUT, mFrame=[0,100000][1440,3088], mVisible=true, mInsetsRoundedCornerFrame=false}, InsetsSource: {mType=ITYPE_TOP_TAPPABLE_ELEMENT, mFrame=[0,0][1440,100], mVisible=true, mInsetsRoundedCornerFrame=false}, InsetsSource: {mType=ITYPE_BOTTOM_TAPPABLE_ELEMENT, mFrame=[0,0][0,0], mVisible=true, mInsetsRoundedCornerFrame=false}, InsetsSource: {mType=ITYPE_IME, mFrame=[0,0][0,0], mVisibleFrame=[0,3088][1440,3088], mVisible=false, mInsetsRoundedCornerFrame=false} } host=Splash Screen com.example.dogglers from=android.view.ViewRootImpl.relayoutWindow:9802
09-25 13:19:25.579  4768  4843 I ViewRootImpl@b0cf5e7[dogglers]: updateBlastSurfaceIfNeeded mBlastBufferQueue=null isSameSurfaceControl=false
09-25 13:19:25.579  4768  4843 I BLASTBufferQueue: new BLASTBufferQueue, mName= ViewRootImpl@b0cf5e7[dogglers] mNativeObject= 0xb400007705019c80 sc.mNativeObject= 0xb400007721bcffa0 caller= android.view.ViewRootImpl.updateBlastSurfaceIfNeeded:2909 android.view.ViewRootImpl.relayoutWindow:9847 android.view.ViewRootImpl.performTraversals:3884 android.view.ViewRootImpl.doTraversal:3116 android.view.ViewRootImpl$TraversalRunnable.run:10885 android.view.Choreographer$CallbackRecord.run:1301 android.view.Choreographer$CallbackRecord.run:1309 android.view.Choreographer.doCallbacks:923 android.view.Choreographer.doFrame:852 android.view.Choreographer$FrameDisplayEventReceiver.run:1283
09-25 13:19:25.579  4768  4843 I BLASTBufferQueue: update, w= 1440 h= 3088 mName = ViewRootImpl@b0cf5e7[dogglers] mNativeObject= 0xb400007705019c80 sc.mNativeObject= 0xb400007721bcffa0 format= -3 caller= android.graphics.BLASTBufferQueue.<init>:84 android.view.ViewRootImpl.updateBlastSurfaceIfNeeded:2909 android.view.ViewRootImpl.relayoutWindow:9847 android.view.ViewRootImpl.performTraversals:3884 android.view.ViewRootImpl.doTraversal:3116 android.view.ViewRootImpl$TraversalRunnable.run:10885
09-25 13:19:25.579  4768  4843 I ViewRootImpl@b0cf5e7[dogglers]: Relayout returned: old=(0,0,1440,3088) new=(0,0,1440,3088) req=(1440,3088)0 dur=7 res=0x3 s={true 0xb400007700a8a000} ch=true seqId=0
09-25 13:19:25.579  4768  4843 I ViewRootImpl@b0cf5e7[dogglers]: performConfigurationChange setNightDimText nightDimLevel=0
09-25 13:19:25.580  4768  4843 I ViewRootImpl@b0cf5e7[dogglers]: mThreadedRenderer.initialize() mSurface={isValid=true 0xb400007700a8a000} hwInitialized=true
09-25 13:19:25.580  4768  4851 D OpenGLRenderer: eglCreateWindowSurface
09-25 13:19:25.580  5639  5639 I DecorView: [INFO] isPopOver=false config=true
09-25 13:19:25.580  5639  5639 I DecorView: updateCaptionType: isFloating=false isApplication=true hasWindowDecorCaption=false this=DecorView@7350c17[]
09-25 13:19:25.580  5639  5639 D DecorView: setCaptionType = 0, this = DecorView@7350c17[]
09-25 13:19:25.580  8130  9478 I [AirCmd]_ActivitySwitchDetector: onTaskFocusChanged : taskId 7114
09-25 13:19:25.580  1797 29568 I sensors-hal: handle_sns_client_event:542, [0][85824] accel_sample [-0.047,  0.806,  9.885] 1370091627459925
09-25 13:19:25.580  3108  3230 I SemPersonaManager: SecureFolder personaId = 150
09-25 13:19:25.581  5639  5639 I DecorView: getCurrentDensityDpi: from real metrics. densityDpi=560 msg=resources_loaded
09-25 13:19:25.581  5639  5639 I DecorView: setWindowBackground: isPopOver=false color=ff010101 d=android.graphics.drawable.StateListDrawable@c0f5804
09-25 13:19:25.581  5639  5639 D LifecycleMonitor: Lifecycle status change: androidx.test.core.app.InstrumentationActivityInvoker$BootstrapActivity@a01ae58 in: CREATED
09-25 13:19:25.581  5639  5639 V ActivityScenario: Activity lifecycle changed event received but ignored because the intent does not match. startActivityIntent=Intent { act=android.intent.action.MAIN cat=[android.intent.category.LAUNCHER] cmp=com.example.dogglers/.GridListActivity }, activity.getIntent()=Intent { act=android.intent.action.MAIN cat=[android.intent.category.LAUNCHER] flg=0x10008000 cmp=com.example.dogglers/androidx.test.core.app.InstrumentationActivityInvoker$BootstrapActivity (has extras) }, activity=androidx.test.core.app.InstrumentationActivityInvoker$BootstrapActivity@a01ae58
09-25 13:19:25.581  3108  8626 D InputDispatcher: Focus request (0): <null> but waiting because NOT_FOCUSABLE
09-25 13:19:25.581  3108  8626 D InputDispatcher: Focus left window (0): c7375dc com.sec.android.app.launcher/com.sec.android.app.launcher.activities.LauncherActivity
09-25 13:19:25.581  5639  5639 D LifecycleMonitor: Lifecycle status change: androidx.test.core.app.InstrumentationActivityInvoker$BootstrapActivity@a01ae58 in: STARTED
09-25 13:19:25.582  5639  5639 V ActivityScenario: Activity lifecycle changed event received but ignored because the intent does not match. startActivityIntent=Intent { act=android.intent.action.MAIN cat=[android.intent.category.LAUNCHER] cmp=com.example.dogglers/.GridListActivity }, activity.getIntent()=Intent { act=android.intent.action.MAIN cat=[android.intent.category.LAUNCHER] flg=0x10008000 cmp=com.example.dogglers/androidx.test.core.app.InstrumentationActivityInvoker$BootstrapActivity (has extras) }, activity=androidx.test.core.app.InstrumentationActivityInvoker$BootstrapActivity@a01ae58
09-25 13:19:25.582  5369  5369 I ViewRootImpl@7533534[LauncherActivity]: MSG_WINDOW_FOCUS_CHANGED 0 0
09-25 13:19:25.582  5369  5369 I BaseActivity: removeActivityFlags, flags : 8
09-25 13:19:25.583  1914  3199 I SurfaceFlinger: id=162313 createSurf, flag=80004, ActivityRecord{6a0b4db u0 com.example.dogglers/.GridListActivity} t7114}#162313
09-25 13:19:25.585 15286 15346 I Rubin   : [27752] t9.a.c(SourceFile:1) : Notify com.samsung.android.rubin.inferenceengine.contextanalytics.engine.loggers.d's database is updated.
09-25 13:19:25.586  8130  9478 I [AirCmd]_ActivitySwitchDetector: onTaskFocusChanged : componentName - ComponentInfo{com.example.dogglers/androidx.test.core.app.InstrumentationActivityInvoker$BootstrapActivity}
09-25 13:19:25.586  8130  9478 I [AirCmd]_ActivitySwitchDetector: onTaskFocusChanged : mTopMostActivity - ComponentInfo{com.sec.android.app.launcher/com.android.launcher3.uioverrides.QuickstepLauncher}
09-25 13:19:25.586  3108  3230 D EnterpriseDeviceManagerService: isMdmAdminPresentInternal() : MDM Admin Found - com.samsung.knox.securefolder
09-25 13:19:25.586  8130  9478 I [AirCmd]_CallbackRepeater: stopRepeat : isWorking=false
09-25 13:19:25.586  8130  9478 I [AirCmd]_MediaControlStateMonitor: isForegroundAppSupportsMediaButton : mediaSession is empty
09-25 13:19:25.587  8130  9478 I [AirCmd]_MediaControlStateMonitor: active Notification List is null
09-25 13:19:25.587  8130  9478 I [AirCmd]_RemoteSpenMainController: hasGeneralAction : packageName is com.example.dogglers, activityName is androidx.test.core.app.InstrumentationActivityInvoker$BootstrapActivity, hasActions is false
09-25 13:19:25.587  8130  9478 I [AirCmd]_CameraAvailabilityMonitor: isCameraPreviewOn : mIsCameraPreviewOn is false
09-25 13:19:25.587  5639  5639 D LifecycleMonitor: Lifecycle status change: androidx.test.core.app.InstrumentationActivityInvoker$BootstrapActivity@a01ae58 in: RESUMED
09-25 13:19:25.587  5759  5759 E pageboostd: Received HALT command code 2
09-25 13:19:25.587  5639  5639 V ActivityScenario: Activity lifecycle changed event received but ignored because the intent does not match. startActivityIntent=Intent { act=android.intent.action.MAIN cat=[android.intent.category.LAUNCHER] cmp=com.example.dogglers/.GridListActivity }, activity.getIntent()=Intent { act=android.intent.action.MAIN cat=[android.intent.category.LAUNCHER] flg=0x10008000 cmp=com.example.dogglers/androidx.test.core.app.InstrumentationActivityInvoker$BootstrapActivity (has extras) }, activity=androidx.test.core.app.InstrumentationActivityInvoker$BootstrapActivity@a01ae58
09-25 13:19:25.588  8130  9478 I [AirCmd]_CameraAvailabilityMonitor: isCameraPreviewOn : mIsCameraPreviewOn is false
09-25 13:19:25.588  5639  5639 D LifecycleMonitor: Lifecycle status change: androidx.test.core.app.InstrumentationActivityInvoker$BootstrapActivity@a01ae58 in: PAUSED
09-25 13:19:25.588  5639  5639 V ActivityScenario: Activity lifecycle changed event received but ignored because the intent does not match. startActivityIntent=Intent { act=android.intent.action.MAIN cat=[android.intent.category.LAUNCHER] cmp=com.example.dogglers/.GridListActivity }, activity.getIntent()=Intent { act=android.intent.action.MAIN cat=[android.intent.category.LAUNCHER] flg=0x10008000 cmp=com.example.dogglers/androidx.test.core.app.InstrumentationActivityInvoker$BootstrapActivity (has extras) }, activity=androidx.test.core.app.InstrumentationActivityInvoker$BootstrapActivity@a01ae58
09-25 13:19:25.588  4768  4843 I ViewRootImpl@b0cf5e7[dogglers]: reportNextDraw android.view.ViewRootImpl.performTraversals:4438 android.view.ViewRootImpl.doTraversal:3116 android.view.ViewRootImpl$TraversalRunnable.run:10885 android.view.Choreographer$CallbackRecord.run:1301 android.view.Choreographer$CallbackRecord.run:1309
09-25 13:19:25.588  4768  4843 I ViewRootImpl@b0cf5e7[dogglers]: Setup new sync id=0
09-25 13:19:25.588  4768  4843 I ViewRootImpl@b0cf5e7[dogglers]: Setting syncFrameCallback
09-25 13:19:25.588  4768  4843 I ViewRootImpl@b0cf5e7[dogglers]: registerCallbacksForSync syncBuffer=false
09-25 13:19:25.589  4768  4861 I ViewRootImpl@b0cf5e7[dogglers]: Received frameDrawingCallback syncResult=0 frameNum=1.
09-25 13:19:25.589  4768  4861 I ViewRootImpl@b0cf5e7[dogglers]: Setting up sync and frameCommitCallback
09-25 13:19:25.590  3108  6266 D InputDispatcher: Focused application(0): ActivityRecord{6a0b4db u0 com.example.dogglers/.GridListActivity} t7114}
09-25 13:19:25.590  4768  4851 I BLASTBufferQueue: [ViewRootImpl@b0cf5e7[dogglers]#3974](f:0,a:0) onFrameAvailable the first frame is available
09-25 13:19:25.590  5369  5369 I BadgeRenderer: Invalid count : 0
09-25 13:19:25.591  4768  4851 I ViewRootImpl@b0cf5e7[dogglers]: Received frameCommittedCallback lastAttemptedDrawFrameNum=1 didProduceBuffer=true
09-25 13:19:25.591  4768  4851 D OpenGLRenderer: CFMS:: SetUp Pid : 4768    Tid : 4851
09-25 13:19:25.591  3108 29076 D RemoteAppTaskWatcher:  ****** RemoteAppTaskWatcher: Message Received 5 Task ID = 0
09-25 13:19:25.591  8130  9478 I [AirCmd]_MediaControlStateMonitor: isForegroundAppSupportsMediaButton : mediaSession is empty
09-25 13:19:25.593  8130  9478 I [AirCmd]_MediaControlStateMonitor: active Notification List is null
09-25 13:19:25.593  8130  9478 I [AirCmd]_PenActionRule: getAction : get default action data from remote action because pen action data is null.
09-25 13:19:25.593  8130  9478 I [AirCmd]_ButtonActionDetector: enableDoubleClickDetection: enabled=true, doubleClickWaitInterval=300
09-25 13:19:25.593  8130  9478 I [AirCmd]_RemoteSpenMainController: onSwitch : package is com.example.dogglers   and activity is androidx.test.core.app.InstrumentationActivityInvoker$BootstrapActivity and isBleConnected is false and hasActions is false
09-25 13:19:25.593 15286 15346 I Rubin   : [27752] ha.e.m(SourceFile:6) : isSatisfiedByCmh is false
09-25 13:19:25.593  5639  5639 D LifecycleMonitor: Lifecycle status change: com.example.dogglers.GridListActivity@23261a5 in: PRE_ON_CREATE
09-25 13:19:25.594  5639  5639 V ActivityScenario: Activity lifecycle changed event received but ignored because the reported transition was not ON_CREATE while the last known transition was PRE_ON_CREATE
09-25 13:19:25.594  4768  4843 I ViewRootImpl@b0cf5e7[dogglers]: onSyncComplete
09-25 13:19:25.594  3108  6142 I MediaSessionMonitor: Media session stopped : controllerList empty
09-25 13:19:25.594  4768  4843 I ViewRootImpl@b0cf5e7[dogglers]: setupSync seqId=0 mSyncId=0 fn=1 caller=android.view.ViewRootImpl$$ExternalSyntheticLambda11.accept:6 android.window.SurfaceSyncer.lambda$setupSync$1$android-window-SurfaceSyncer:128 android.window.SurfaceSyncer$$ExternalSyntheticLambda1.accept:8 android.window.SurfaceSyncer$SyncSet.checkIfSyncIsComplete:382 android.window.SurfaceSyncer$SyncSet.markSyncReady:359 android.window.SurfaceSyncer.markSyncReady:151 android.view.ViewRootImpl.performTraversals:4503
09-25 13:19:25.595  4768  4843 I ViewRootImpl@b0cf5e7[dogglers]: reportDrawFinished seqId=0 mSyncId=-1 fn=1 mSurfaceChangedTransaction=0xb4000076d67b8500
09-25 13:19:25.595  8423  8423 I ActivityUtils: HomePackage : com.sec.android.app.launcher, resumePackageName : com.example.dogglers
09-25 13:19:25.596  5639  5639 I DecorView: [INFO] isPopOver=false config=true
09-25 13:19:25.596  5639  5639 I DecorView: updateCaptionType: isFloating=false isApplication=true hasWindowDecorCaption=false this=DecorView@6b74ea3[]
09-25 13:19:25.597  5639  5639 D DecorView: setCaptionType = 0, this = DecorView@6b74ea3[]
09-25 13:19:25.597  5639  5639 I DecorView: getCurrentDensityDpi: from real metrics. densityDpi=560 msg=resources_loaded
09-25 13:19:25.597  5639  5639 I DecorView: setWindowBackground: isPopOver=false color=ff121212 d=android.graphics.drawable.ColorDrawable@37f6559
09-25 13:19:25.598  1914  2139 I SurfaceFlinger: id=162314 createSurf, flag=24000, Surface(name=Task=1)/@0xeddbc98 - animation-leash of app_transition#162314
09-25 13:19:25.599 15715 15751 I WindowsLink: (TaskInfoManager) +++++++++++onRecentTaskStackUpdated
09-25 13:19:25.600  1914  2139 I SurfaceFlinger: id=162315 createSurf, flag=24004, Surface(name=Task=7114)/@0x93f08a7 - animation-leash of app_transition#162315
09-25 13:19:25.601  5639  5639 D LifecycleMonitor: Lifecycle status change: com.example.dogglers.GridListActivity@23261a5 in: CREATED
09-25 13:19:25.601  5639  5639 V ActivityScenario: Update currentActivityStage to CREATED, currentActivity=com.example.dogglers.GridListActivity@23261a5
09-25 13:19:25.601  5639  5639 D LifecycleMonitor: Lifecycle status change: com.example.dogglers.GridListActivity@23261a5 in: STARTED
09-25 13:19:25.601  5639  5639 V ActivityScenario: Update currentActivityStage to STARTED, currentActivity=com.example.dogglers.GridListActivity@23261a5
09-25 13:19:25.602  5639  5639 D LifecycleMonitor: Lifecycle status change: com.example.dogglers.GridListActivity@23261a5 in: RESUMED
09-25 13:19:25.602  5639  5639 V ActivityScenario: Update currentActivityStage to RESUMED, currentActivity=com.example.dogglers.GridListActivity@23261a5
09-25 13:19:25.602  5639  5639 I MSHandlerLifeCycle: check: return. pkg=com.example.dogglers parent=null callers=com.android.internal.policy.DecorView.setVisibility:4412 android.app.ActivityThread.handleResumeActivity:5476 android.app.servertransaction.ResumeActivityItem.execute:54 android.app.servertransaction.ActivityTransactionItem.execute:45 android.app.servertransaction.TransactionExecutor.executeLifecycleState:176
09-25 13:19:25.602  5639  5639 I MSHandlerLifeCycle: removeMultiSplitHandler: no exist. decor=DecorView@6b74ea3[]
09-25 13:19:25.602  4768  5807 I ViewRootImpl@b0cf5e7[dogglers]: Resizing android.view.ViewRootImpl@8312700: frame = [0,0][1440,3088] reportDraw = false forceLayout = false syncSeqId = 0
09-25 13:19:25.602  4768  4843 I ViewRootImpl@b0cf5e7[dogglers]: handleResized, msg = 4 frames=ClientWindowFrames{frame=[0,0][1440,3088] display=[0,0][1440,3088] parentFrame=[0,0][0,0] parentClippedByDisplayCutout=false} forceNextWindowRelayout=false displayId=0 resizeMode=-1 frameChanged=false displayFrameChanged=false configChanged=false displayChanged=false
09-25 13:19:25.603  1914  3199 I SurfaceFlinger: id=162316 createSurf, flag=80000, 2c4aada ActivityRecordInputSink com.example.dogglers/androidx.test.core.app.InstrumentationActivityInvoker$BootstrapActivity#162316
09-25 13:19:25.603  5639  5729 D NativeCustomFrequencyManager: [NativeCFMS] BpCustomFrequencyManager::BpCustomFrequencyManager()
09-25 13:19:25.604  1914  3199 I SurfaceFlinger: id=162317 createSurf, flag=80000, c2709ea ActivityRecordInputSink com.example.dogglers/.GridListActivity#162317
09-25 13:19:25.606  4768  4838 D Bubbles : onLocusVisibilityChanged: LocusId[17_chars] visible=false
09-25 13:19:25.607  3108  6266 D InputTransport: Input channel constructed: '47ae9f2', fd=1239
09-25 13:19:25.607  3108  6266 D InputTransport: Input channel constructed: '47ae9f2', fd=1249
09-25 13:19:25.607  3108  6266 D InputTransport: Input channel constructed: '47ae9f2', fd=1254
09-25 13:19:25.607  1914  3193 I SurfaceFlinger: id=162318 createSurf, flag=80004, 47ae9f2 com.example.dogglers/com.example.dogglers.GridListActivity#162318
09-25 13:19:25.609  3108  6266 D InputTransport: Input channel destroyed: '47ae9f2', fd=1254
09-25 13:19:25.609  5639  5639 D InsetsController: onStateChanged: InsetsState: {mDisplayFrame=Rect(0, 0 - 1440, 3088), mDisplayCutout=DisplayCutout{insets=Rect(0, 100 - 0, 0) waterfall=Insets{left=0, top=0, right=0, bottom=0} boundingRect={Bounds=[Rect(0, 0 - 0, 0), Rect(685, 0 - 756, 100), Rect(0, 0 - 0, 0), Rect(0, 0 - 0, 0)]} cutoutPathParserInfo={CutoutPathParserInfo{displayWidth=1440 displayHeight=3088 physicalDisplayWidth=1440 physicalDisplayHeight=3088 density={3.75} cutoutSpec={M 0,0 H -9.466666666666667 V 26.66666666666667‬ H 9.466666666666667 V 0 H 0 Z @dp} rotation={0} scale={1.0} physicalPixelDisplaySizeRatio={1.0}}}}, mRoundedCorners=RoundedCorners{[RoundedCorner{position=TopLeft, radius=14, center=Point(14, 14)}, RoundedCorner{position=TopRight, radius=14, center=Point(1426, 14)}, RoundedCorner{position=BottomRight, radius=14, center=Point(1426, 3074)}, RoundedCorner{position=BottomLeft, radius=14, center=Point(14, 3074)}]}  mRoundedCornerFrame=Rect(0, 0 - 1440, 3088), mPrivacyIndicatorBounds=PrivacyIndicatorBounds {static bounds=Rect(1286, 0 - 1440, 100) rotation=0}, mSources= { InsetsSource: {mType=ITYPE_STATUS_BAR, mFrame=[0,0][1440,100], mVisible=true, mInsetsRoundedCornerFrame=false}, InsetsSource: {mType=ITYPE_NAVIGATION_BAR, mFrame=[0,3088][1440,3088], mVisible=true, mInsetsRoundedCornerFrame=false}, InsetsSource: {mType=ITYPE_LEFT_GESTURES, mFrame=[0,0][0,3088], mVisible=true, mInsetsRoundedCornerFrame=false}, InsetsSource: {mType=ITYPE_RIGHT_GESTURES, mFrame=[1440,0][1440,3088], mVisible=true, mInsetsRoundedCornerFrame=false}, InsetsSource: {mType=ITYPE_TOP_MANDATORY_GESTURES, mFrame=[0,0][1440,142], mVisible=true, mInsetsRoundedCornerFrame=false}, InsetsSource: {mType=ITYPE_BOTTOM_MANDATORY_GESTURES, mFrame=[0,3018][1440,3088], mVisible=true, mInsetsRoundedCornerFrame=false}, InsetsSource: {mType=ITYPE_LEFT_DISPLAY_CUTOUT, mFrame=[0,0][-100000,3088], mVisible=true, mInsetsRoundedCornerFrame=false}, InsetsSource: {mType=ITYPE_TOP_DISPLAY_CUTOUT, mFrame=[0,0][1440,100], mVisible=true, mInsetsRoundedCornerFrame=false}, InsetsSource: {mType=ITYPE_RIGHT_DISPLAY_CUTOUT, mFrame=[100000,0][1440,3088], mVisible=true, mInsetsRoundedCornerFrame=false}, InsetsSource: {mType=ITYPE_BOTTOM_DISPLAY_CUTOUT, mFrame=[0,100000][1440,3088], mVisible=true, mInsetsRoundedCornerFrame=false}, InsetsSource: {mType=ITYPE_TOP_TAPPABLE_ELEMENT, mFrame=[0,0][1440,100], mVisible=true, mInsetsRoundedCornerFrame=false}, InsetsSource: {mType=ITYPE_BOTTOM_TAPPABLE_ELEMENT, mFrame=[0,0][0,0], mVisible=true, mInsetsRoundedCornerFrame=false}, InsetsSource: {mType=ITYPE_IME, mFrame=[0,0][0,0], mVisibleFrame=[0,3088][1440,3088], mVisible=false, mInsetsRoundedCornerFrame=false} } host=com.example.dogglers/com.example.dogglers.GridListActivity from=android.view.ViewRootImpl.setView:1732
09-25 13:19:25.611  3108  3230 I SemPersonaManager: SecureFolder personaId = 150
09-25 13:19:25.611  5639  5639 I ViewRootImpl@53866d0[GridListActivity]: setView = com.android.internal.policy.DecorView@6b74ea3 TM=true
09-25 13:19:25.611  5639  5639 I MSHandlerLifeCycle: removeMultiSplitHandler: no exist. decor=DecorView@6b74ea3[GridListActivity]
09-25 13:19:25.612  3108  3338 D AnalyticsContainerHandler: handleMessage : { when=0 what=1 target=com.android.server.knox.KnoxAnalyticsContainer$AnalyticsHandler }
09-25 13:19:25.613  1914  1914 I Layer   : Layer [Splash Screen com.example.dogglers$_4768#162312] hidden!! flag(0)
09-25 13:19:25.614  5639  5639 I ViewRootImpl@53866d0[GridListActivity]: performTraversals params={(0,0)(fillxfill) sim={adjust=resize forwardNavigation} ty=BASE_APPLICATION wanim=0x1030309
09-25 13:19:25.614  5639  5639 I ViewRootImpl@53866d0[GridListActivity]:   fl=81810100
09-25 13:19:25.614  5639  5639 I ViewRootImpl@53866d0[GridListActivity]:   pfl=12020040
09-25 13:19:25.614  5639  5639 I ViewRootImpl@53866d0[GridListActivity]:   bhv=DEFAULT
09-25 13:19:25.614  5639  5639 I ViewRootImpl@53866d0[GridListActivity]:   fitSides= naviIconColor=0}
09-25 13:19:25.614  5639  5639 I ViewRootImpl@53866d0[GridListActivity]: performTraversals mFirst=true windowShouldResize=true viewVisibilityChanged=false mForceNextWindowRelayout=false params={(0,0)(fillxfill) sim={adjust=resize forwardNavigation} ty=BASE_APPLICATION wanim=0x1030309
09-25 13:19:25.614  5639  5639 I ViewRootImpl@53866d0[GridListActivity]:   fl=81810100
09-25 13:19:25.614  5639  5639 I ViewRootImpl@53866d0[GridListActivity]:   pfl=12020040
09-25 13:19:25.614  5639  5639 I ViewRootImpl@53866d0[GridListActivity]:   bhv=DEFAULT
09-25 13:19:25.614  5639  5639 I ViewRootImpl@53866d0[GridListActivity]:   fitSides= naviIconColor=0}
09-25 13:19:25.614  3108  3145 V WindowManager: Relayout Window{47ae9f2 u0 com.example.dogglers/com.example.dogglers.GridListActivity}: viewVisibility=0 req=1440x3088 d0
09-25 13:19:25.614  3108  3230 D EnterpriseDeviceManagerService: isMdmAdminPresentInternal() : MDM Admin Found - com.samsung.knox.securefolder
09-25 13:19:25.614  1914  2140 I SurfaceFlinger: id=162319 createSurf, flag=40004, com.example.dogglers/com.example.dogglers.GridListActivity$_5639#162319
09-25 13:19:25.617  1914  2140 I SurfaceFlinger: id=162320 createSurf, flag=24000, Surface(name=4eb27f5 StatusBar)/@0x43fa543 - animation-leash of insets_animation#162320
09-25 13:19:25.618  1914  2140 I SurfaceFlinger: id=162321 createSurf, flag=24000, Surface(name=d110b4c NavigationBar0)/@0x8bdb781 - animation-leash of insets_animation#162321
09-25 13:19:25.619  5369 18503 I TouchInteractionService: onSystemUiStateChanged, stateFlags : 131120 |a11y_click|a11y_long_click|allow_gesture|
09-25 13:19:25.619  3108  3145 V WindowManager: Relayout hash=47ae9f2, pid=5639, syncId=-1: mAttrs={(0,0)(fillxfill) sim={adjust=resize forwardNavigation} ty=BASE_APPLICATION wanim=0x1030309
09-25 13:19:25.619  3108  3145 V WindowManager:   fl=81810100
09-25 13:19:25.619  3108  3145 V WindowManager:   pfl=12020040
09-25 13:19:25.619  3108  3145 V WindowManager:   bhv=DEFAULT
09-25 13:19:25.619  3108  3145 V WindowManager:   fitSides= naviIconColor=0}
09-25 13:19:25.619  5369  5369 I RecentsAnimationDeviceState: setSystemUiFlags, stateFlags : 131120
09-25 13:19:25.619  5369  5369 W SGestureOverlayWindow: setVisibilityGestureOverlayWindow, visibility = 0
09-25 13:19:25.619  5369  5369 I TouchInteractionService: onSystemUiFlagsChanged, lastSysUIFlags : 48
09-25 13:19:25.620  5639  5639 I ViewRootImpl@53866d0[GridListActivity]: updateBlastSurfaceIfNeeded mBlastBufferQueue=null isSameSurfaceControl=false
09-25 13:19:25.620  5639  5639 I BLASTBufferQueue: new BLASTBufferQueue, mName= ViewRootImpl@53866d0[GridListActivity] mNativeObject= 0xb4000077a1041f80 sc.mNativeObject= 0xb4000077b109d160 caller= android.view.ViewRootImpl.updateBlastSurfaceIfNeeded:2909 android.view.ViewRootImpl.relayoutWindow:9847 android.view.ViewRootImpl.performTraversals:3884 android.view.ViewRootImpl.doTraversal:3116 android.view.ViewRootImpl$TraversalRunnable.run:10885 android.view.Choreographer$CallbackRecord.run:1301 android.view.Choreographer$CallbackRecord.run:1309 android.view.Choreographer.doCallbacks:923 android.view.Choreographer.doFrame:852 android.view.Choreographer$FrameDisplayEventReceiver.run:1283
09-25 13:19:25.620  5639  5639 I BLASTBufferQueue: update, w= 1440 h= 3088 mName = ViewRootImpl@53866d0[GridListActivity] mNativeObject= 0xb4000077a1041f80 sc.mNativeObject= 0xb4000077b109d160 format= -1 caller= android.graphics.BLASTBufferQueue.<init>:84 android.view.ViewRootImpl.updateBlastSurfaceIfNeeded:2909 android.view.ViewRootImpl.relayoutWindow:9847 android.view.ViewRootImpl.performTraversals:3884 android.view.ViewRootImpl.doTraversal:3116 android.view.ViewRootImpl$TraversalRunnable.run:10885
09-25 13:19:25.620  5639  5639 I ViewRootImpl@53866d0[GridListActivity]: Relayout returned: old=(0,0,1440,3088) new=(0,0,1440,3088) req=(1440,3088)0 dur=6 res=0x3 s={true 0xb40000772b45a800} ch=true seqId=0
09-25 13:19:25.620  8423  8423 I ActivityUtils: HomePackage : com.sec.android.app.launcher, resumePackageName : com.example.dogglers
09-25 13:19:25.620  5639  5639 I ViewRootImpl@53866d0[GridListActivity]: performConfigurationChange setNightDimText nightDimLevel=0
09-25 13:19:25.621  3108  6142 I MediaSessionMonitor: Media session stopped : controllerList empty
09-25 13:19:25.621  5639  5639 I ViewRootImpl@53866d0[GridListActivity]: mThreadedRenderer.initialize() mSurface={isValid=true 0xb40000772b45a800} hwInitialized=true
09-25 13:19:25.621  5639  5729 D OpenGLRenderer: eglCreateWindowSurface
09-25 13:19:25.625  1914  1914 D SurfaceFlinger: Display 4630947093241269891 HWC layers:
09-25 13:19:25.625  1914  1914 D SurfaceFlinger:      CLIENT | 0xb400007af6c13480 | 0100 | RGBx_8888    |  592.0    0.0 1628.0 2220.0 |    0    0 1440 3088 | Wallpaper BBQ wrapper#90
09-25 13:19:25.625  1914  1914 D SurfaceFlinger:      CLIENT | 0xb400007af86f9100 | 0100 | RGBA_8888    |    0.0    0.0 1440.0 3088.0 |    0    0 1440 3088 | com.sec.android.app.launcher/com.sec[...]rActivity$_5369#162300 (blurRegions)
09-25 13:19:25.625  1914  1914 D SurfaceFlinger:      DEVICE | 0xb400007af6c13c80 | 0100 | RGBA_8888    |    0.0    0.0 1440.0 3088.0 |  105  225 1335 2863 | Splash Screen com.example.dogglers$_4768#162312
09-25 13:19:25.625  1914  1914 D SurfaceFlinger:      DEVICE | 0xb400007af6c14880 | 0100 | RGBA_8888    |    0.0    0.0 1440.0  100.0 |    0    0 1440  100 | StatusBar$_4768#95
09-25 13:19:25.625  1914  1914 D SurfaceFlinger:      DEVICE | 0xb400007af8705400 | 0100 | RGBA_8888    |    0.0    0.0   67.0  589.0 |    0  562   67 1151 | com.samsung.android.app.cocktailbars[...]vice.CocktailBarService$_8423#156853
09-25 13:19:25.625  1914  1914 D SurfaceFlinger:      DEVICE | 0xb400007af8705500 | 0100 | RGBA_8888    |    0.0    0.0  518.0   48.0 |  922 3040 1440 3088 | SGestureOverlayWindow$_5369#156268
09-25 13:19:25.625  1914  1914 D SurfaceFlinger:      DEVICE | 0xb400007af6c15880 | 0100 | RGBA
09-25 13:19:25.625  1914  1914 D SurfaceFlinger: _8888    |    0.0    0.0 1440.0  168.0 |    0 2920 1440 3088 | NavigationBar0$_4768#92
09-25 13:19:25.625  1914  1914 D SurfaceFlinger:
09-25 13:19:25.630  1914  1914 I Layer   : id=162301 removedFromDrawingState Surface(name=4eb27f5 StatusBar)/@0x43fa543 - animation-leash of insets_animation#162301 (338)
09-25 13:19:25.630  1914  1914 I Layer   : id=162302 removedFromDrawingState Surface(name=d110b4c NavigationBar0)/@0x8bdb781 - animation-leash of insets_animation#162302 (338)
09-25 13:19:25.630  1914  1914 I SurfaceFlinger: [47ae9f2 com.example.dogglers/com.example.dogglers.GridListActivity#162318] FrameRatePriority: 1
09-25 13:19:25.630  1914  1914 I SurfaceFlinger: id=162301 Removed Surface(name=4eb27f5 StatusBar)/@0x43fa543 - animation-leash of insets_animation#162301 (338)
09-25 13:19:25.630  1914  1914 I SurfaceFlinger: id=162302 Removed Surface(name=d110b4c NavigationBar0)/@0x8bdb781 - animation-leash of insets_animation#162302 (338)
09-25 13:19:25.630  1914  1914 I Layer   : id=162301 Destroyed Surface(name=4eb27f5 StatusBar)/@0x43fa543 - animation-leash of insets_animation#162301
09-25 13:19:25.630  1914  1914 I Layer   : id=162302 Destroyed Surface(name=d110b4c NavigationBar0)/@0x8bdb781 - animation-leash of insets_animation#162302
09-25 13:19:25.631  3108  6472 D InputDispatcher: Focus request (0): 47ae9f2 com.example.dogglers/com.example.dogglers.GridListActivity but waiting because NO_WINDOW
09-25 13:19:25.634  5639  5639 I ViewRootImpl@53866d0[GridListActivity]: reportNextDraw android.view.ViewRootImpl.performTraversals:4438 android.view.ViewRootImpl.doTraversal:3116 android.view.ViewRootImpl$TraversalRunnable.run:10885 android.view.Choreographer$CallbackRecord.run:1301 android.view.Choreographer$CallbackRecord.run:1309
09-25 13:19:25.634  5639  5639 I ViewRootImpl@53866d0[GridListActivity]: Setup new sync id=0
09-25 13:19:25.634  5639  5639 I ViewRootImpl@53866d0[GridListActivity]: Setting syncFrameCallback
09-25 13:19:25.634  5639  5639 I ViewRootImpl@53866d0[GridListActivity]: registerCallbacksForSync syncBuffer=false
09-25 13:19:25.638  5639  5772 I ViewRootImpl@53866d0[GridListActivity]: Received frameDrawingCallback syncResult=0 frameNum=1.
09-25 13:19:25.638  5639  5772 I ViewRootImpl@53866d0[GridListActivity]: Setting up sync and frameCommitCallback
09-25 13:19:25.639  5639  5729 I BLASTBufferQueue: [ViewRootImpl@53866d0[GridListActivity]#30](f:0,a:0) onFrameAvailable the first frame is available
09-25 13:19:25.639  5639  5729 I ViewRootImpl@53866d0[GridListActivity]: Received frameCommittedCallback lastAttemptedDrawFrameNum=1 didProduceBuffer=true
09-25 13:19:25.640  5639  5729 D OpenGLRenderer: CFMS:: SetUp Pid : 5639    Tid : 5729
09-25 13:19:25.643  5639  5639 I ViewRootImpl@53866d0[GridListActivity]: onSyncComplete
09-25 13:19:25.643  5639  5639 I ViewRootImpl@53866d0[GridListActivity]: setupSync seqId=0 mSyncId=0 fn=1 caller=android.view.ViewRootImpl$$ExternalSyntheticLambda11.accept:6 android.window.SurfaceSyncer.lambda$setupSync$1$android-window-SurfaceSyncer:128 android.window.SurfaceSyncer$$ExternalSyntheticLambda1.accept:8 android.window.SurfaceSyncer$SyncSet.checkIfSyncIsComplete:382 android.window.SurfaceSyncer$SyncSet.markSyncReady:359 android.window.SurfaceSyncer.markSyncReady:151 android.view.ViewRootImpl.performTraversals:4503
09-25 13:19:25.643  5639  5639 I ViewRootImpl@53866d0[GridListActivity]: reportDrawFinished seqId=0 mSyncId=-1 fn=1 mSurfaceChangedTransaction=0xb40000772b294d00
09-25 13:19:25.645  3108  3227 W ziparchive: Unable to open '/data/app/~~ATcZRD0F-LmHTuxfrkuUPg==/com.example.dogglers-ejGvQ7nyEoA-Sr0nwgcZYw==/base.dm': No such file or directory
09-25 13:19:25.646  5639  5639 D RootViewPicker: Root not ready - waiting: 10ms for one to appear.
09-25 13:19:25.646  3108  3227 I PkgPredictorService-SecIpmManagerServiceImpl: reportToNAP uid:10577 com.example.dogglers/com.example.dogglers.GridListActivity thisTime:94
09-25 13:19:25.646  1914  3193 I SurfaceFlinger: id=162322 createSurf, flag=24000, Surface(name=47ae9f2 com.example.dogglers/com.example.dogglers.GridListActivity)/@0x9e6e31c - animation-leash of starting_reveal#162322
09-25 13:19:25.647  3108  3227 I ActivityTaskManager: Displayed com.example.dogglers/.GridListActivity: +94ms
09-25 13:19:25.647  5759  5759 E pageboostd: Received HALT command code 2
09-25 13:19:25.650  3108  6266 D InputDispatcher: Focus entered window (0): 47ae9f2 com.example.dogglers/com.example.dogglers.GridListActivity
09-25 13:19:25.650  5639  5639 I ViewRootImpl@53866d0[GridListActivity]: MSG_WINDOW_FOCUS_CHANGED 1 0
09-25 13:19:25.650  5639  5639 I ViewRootImpl@53866d0[GridListActivity]: mThreadedRenderer.initializeIfNeeded()#2 mSurface={isValid=true 0xb40000772b45a800}
09-25 13:19:25.650  1914  1914 D SurfaceFlinger: Display 4630947093241269891 HWC layers:
09-25 13:19:25.650  1914  1914 D SurfaceFlinger:      CLIENT | 0xb400007af6c13480 | 0100 | RGBx_8888    |  592.0    0.0 1628.0 2220.0 |    0    0 1440 3088 | Wallpaper BBQ wrapper#90
09-25 13:19:25.650  1914  1914 D SurfaceFlinger:      CLIENT | 0xb400007af86f9100 | 0100 | RGBA_8888    |    0.0    0.0 1440.0 3088.0 |    0    0 1440 3088 | com.sec.android.app.launcher/com.sec[...]rActivity$_5369#162300 (blurRegions)
09-25 13:19:25.650  1914  1914 D SurfaceFlinger:      DEVICE | 0xb400007af86ec680 | 0102 | RGBA_8888    |    0.0    0.0 1440.0 3088.0 |   89  191 1351 2897 | com.example.dogglers/com.example.dogglers.GridListActivity$_5639#162319
09-25 13:19:25.650  1914  1914 D SurfaceFlinger:      DEVICE | 0xb400007af6c13c80 | 0100 | RGBA_8888    |    0.0    0.0 1440.0 3088.0 |   89  191 1351 2897 | Splash Screen com.example.dogglers$_4768#162312
09-25 13:19:25.650  1914  1914 D SurfaceFlinger:      DEVICE | 0xb400007af6c14880 | 0100 | RGBA_8888    |    0.0    0.0 1440.0  100.0 |    0    0 1440  100 | StatusBar$_4768#95
09-25 13:19:25.650  1914  1914 D SurfaceFlinger:      DEVICE | 0xb400007af8705400 | 0100 | RGBA_8888    |    0.0    0.0   67.0  589.0 |    0  562   67 1151 | com.samsung.android.app.cocktailbars[...]vice.CocktailBarService$_8423#156853
09-25 13:19:25.650  1914  1914 D SurfaceFlinger:      DEVI
09-25 13:19:25.650  1914  1914 D SurfaceFlinger: CE | 0xb400007af8705500 | 0100 | RGBA_8888    |    0.0    0.0  518.0   48.0 |  922 3040 1440 3088 | SGestureOverlayWindow$_5369#156268
09-25 13:19:25.650  1914  1914 D SurfaceFlinger:      DEVICE | 0xb400007af6c15880 | 0100 | RGBA_8888    |    0.0    0.0 1440.0  168.0 |    0 2920 1440 3088 | NavigationBar0$_4768#92
09-25 13:19:25.650  1914  1914 D SurfaceFlinger:
09-25 13:19:25.651  3108  4073 I SemDvfsHyPerManager: acquire hyper - AMS_RESUME_TAIL/3108@20, type = -999
09-25 13:19:25.651  3108  4073 I SemDvfsHyPerManager: acquire hyper - AMS_ACT_LAZY/3108@21, type = -999
09-25 13:19:25.651  5639  5639 D InputMethodManager: startInputInner - Id : 0
09-25 13:19:25.651  5639  5639 I InputMethodManager: startInputInner - mService.startInputOrWindowGainedFocus
09-25 13:19:25.651  1809  1855 I HYPER-HAL: [RequestManager.cpp]acquire(): Acquired ID : 4893776  [3108 / 20]    HINT : AMS_RESUME_TAIL    list :
09-25 13:19:25.654  1809  1855 I HYPER-HAL: [RequestManager.cpp]acquire(): Acquired ID : 4896906  [3108 / 21]    HINT : AMS_ACT_LAZY    list :
09-25 13:19:25.655  4768  4860 I ViewRootImpl@b0cf5e7[dogglers]: mWNT: t=0xb400007731efae00 mBlastBufferQueue=0xb400007705019c80 fn= 2 caller= android.view.SyncRtSurfaceTransactionApplier.applyTransaction:96 android.view.SyncRtSurfaceTransactionApplier.lambda$scheduleApply$0$android-view-SyncRtSurfaceTransactionApplier:69 android.view.SyncRtSurfaceTransactionApplier$$ExternalSyntheticLambda0.onFrameDraw:4
09-25 13:19:25.656  4768  4860 I ViewRootImpl@b0cf5e7[dogglers]: mWNT: t=0xb400007731eff800 mBlastBufferQueue=0xb400007705019c80 fn= 2 caller= android.view.SyncRtSurfaceTransactionApplier.applyTransaction:96 android.view.SyncRtSurfaceTransactionApplier.lambda$scheduleApply$0$android-view-SyncRtSurfaceTransactionApplier:69 android.view.SyncRtSurfaceTransactionApplier$$ExternalSyntheticLambda0.onFrameDraw:4
09-25 13:19:25.656  3108  6266 D InputMethodManagerService: DESKTOP MODE! : 2
09-25 13:19:25.656  3108  6266 D InputMethodManagerService: NOT IN KNOX DESKTOP MODE!
09-25 13:19:25.656  3108  6266 V InputMethodManagerService: getDisplayIdOfInputMethodWindowToBeAdded: displayId=0
09-25 13:19:25.656  3108  6266 D InputMethodManagerService: isImeSwitcherDisabledPackage : false
09-25 13:19:25.657  3108  6266 D InputMethodManagerService: checkDisplayOfStartInputAndUpdateKeyboard: displayId=0, mFocusedDisplayId=0
09-25 13:19:25.657  3108  6266 D InputTransport: Input channel constructed: 'ClientS', fd=1259
09-25 13:19:25.657  3108  6266 D InputTransport: Input channel destroyed: 'ClientS', fd=1259
09-25 13:19:25.657   586   586 I MSHandlerLifeCycle: check: return. pkg=com.google.android.inputmethod.latin isActivity=false callers=com.android.internal.policy.DecorView.setVisibility:4412 android.inputmethodservice.InkWindow.hide:100 android.inputmethodservice.InputMethodService$InputMethodImpl.unbindInput:875 android.inputmethodservice.IInputMethodWrapper.executeMessage:198 com.android.internal.os.HandlerCaller$MyHandler.handleMessage:44
09-25 13:19:25.657   586   586 I MSHandlerLifeCycle: removeMultiSplitHandler: no exist. decor=DecorView@722edec[]
09-25 13:19:25.658  5639  5639 I ViewInteraction: Performing 'scroll RecyclerView to position: 5' action on view view.getId() is <2131230933/com.example.dogglers:id/grid_recycler_view>
09-25 13:19:25.659   586   586 I GoogleInputMethodService: GoogleInputMethodService.onFinishInput():3267
09-25 13:19:25.659  1809  1855 I HYPER-HAL: [RequestManager.cpp]releaseLocked(): Released ID : 4903169
09-25 13:19:25.659  1914  2140 I SurfaceFlinger: id=162323 createSurf, flag=24004, Surface(name=6a358c3 InputMethod)/@0x1a6cc79 - animation-leash of insets_animation#162323
09-25 13:19:25.660   586   586 I GoogleInputMethodService: GoogleInputMethodService.updateDeviceLockedStatus():2097 repeatCheckTimes = 0, locked = false
09-25 13:19:25.660   586   586 D InputMethodService: checkFocusedDisplay() display Id 0last 0
