09-25 13:19:29.033  1914  1914 D SurfaceFlinger:      DEVICE | 0xb400007af6c15880 | 0100 | RGBA_8888    |    0.0    0.0 1440.0  168.0 |    0 2920 1440 3088 | NavigationBar0$_4768#92
09-25 13:19:29.033  1914  1914 D SurfaceFlinger:
09-25 13:19:29.033  3108  4073 D InputMethodManagerService: DESKTOP MODE! : 2
09-25 13:19:29.033  3108  4073 D InputMethodManagerService: NOT IN KNOX DESKTOP MODE!
09-25 13:19:29.033  3108  4073 V InputMethodManagerService: getDisplayIdOfInputMethodWindowToBeAdded: displayId=0
09-25 13:19:29.033  3108  4073 D InputMethodManagerService: isImeSwitcherDisabledPackage : false
09-25 13:19:29.034  3108  4073 D InputMethodManagerService: checkDisplayOfStartInputAndUpdateKeyboard: displayId=0, mFocusedDisplayId=0
09-25 13:19:29.034  3108  4073 D InputTransport: Input channel constructed: 'ClientS', fd=1309
09-25 13:19:29.034  3108  4073 D InputTransport: Input channel destroyed: 'ClientS', fd=1309
09-25 13:19:29.035  5639  5639 I ViewInteraction: Performing 'scroll RecyclerView to position: 5' action on view view.getId() is <2131230945/com.example.dogglers:id/horizontal_recycler_view>
09-25 13:19:29.036   586   586 I MSHandlerLifeCycle: check: return. pkg=com.google.android.inputmethod.latin isActivity=false callers=com.android.internal.policy.DecorView.setVisibility:4412 android.inputmethodservice.InkWindow.hide:100 android.inputmethodservice.InputMethodService$InputMethodImpl.unbindInput:875 android.inputmethodservice.IInputMethodWrapper.executeMessage:198 com.android.internal.os.HandlerCaller$MyHandler.handleMessage:44
09-25 13:19:29.036   586   586 I MSHandlerLifeCycle: removeMultiSplitHandler: no exist. decor=DecorView@722edec[]
09-25 13:19:29.036   586   586 I GoogleInputMethodService: GoogleInputMethodService.onFinishInput():3267
09-25 13:19:29.037  1914  2140 I SurfaceFlinger: id=162474 createSurf, flag=24004, Surface(name=6a358c3 InputMethod)/@0x1a6cc79 - animation-leash of insets_animation#162474
09-25 13:19:29.037   586   586 I GoogleInputMethodService: GoogleInputMethodService.updateDeviceLockedStatus():2097 repeatCheckTimes = 0, locked = false
09-25 13:19:29.037   586   586 D InputMethodService: checkFocusedDisplay() display Id 0last 0
09-25 13:19:29.038   586   586 I GoogleInputMethodService: GoogleInputMethodService.onStartInput():1889 onStartInput(EditorInfo{EditorInfo{packageName=com.example.dogglers, inputType=0, inputTypeString=NULL, enableLearning=false, autoCorrection=false, autoComplete=false, imeOptions=0, privateImeOptions=null, actionName=UNSPECIFIED, actionLabel=null, initialSelStart=-1, initialSelEnd=-1, initialCapsMode=0, label=null, fieldId=-1, fieldName=null, extras=Bundle[{displayId=0}], hintText=null, hintLocales=[]}}, false)
09-25 13:19:29.038   586   586 I GoogleInputMethodService: GoogleInputMethodService.updateDeviceLockedStatus():2097 repeatCheckTimes = 1, locked = false
09-25 13:19:29.040  4768  4861 I ViewRootImpl@73c0bb5[dogglers]: mWNT: t=0xb400007731efa700 mBlastBufferQueue=0xb400007705019c80 fn= 3 caller= android.view.SyncRtSurfaceTransactionApplier.applyTransaction:96 android.view.SyncRtSurfaceTransactionApplier.lambda$scheduleApply$0$android-view-SyncRtSurfaceTransactionApplier:69 android.view.SyncRtSurfaceTransactionApplier$$ExternalSyntheticLambda0.onFrameDraw:4
09-25 13:19:29.047  1914  1914 I Layer   : id=162458 removedFromDrawingState Surface(name=6a358c3 InputMethod)/@0x1a6cc79 - animation-leash of insets_animation#162458 (336)
09-25 13:19:29.047  1914  1914 I SurfaceFlinger: id=162458 Removed Surface(name=6a358c3 InputMethod)/@0x1a6cc79 - animation-leash of insets_animation#162458 (336)
09-25 13:19:29.047  1914  1914 I Layer   : id=162458 Destroyed Surface(name=6a358c3 InputMethod)/@0x1a6cc79 - animation-leash of insets_animation#162458
09-25 13:19:29.048  4768  4860 I ViewRootImpl@73c0bb5[dogglers]: mWNT: t=0xb400007731efa000 mBlastBufferQueue=0xb400007705019c80 fn= 4 caller= android.view.SyncRtSurfaceTransactionApplier.applyTransaction:96 android.view.SyncRtSurfaceTransactionApplier.lambda$scheduleApply$0$android-view-SyncRtSurfaceTransactionApplier:69 android.view.SyncRtSurfaceTransactionApplier$$ExternalSyntheticLambda0.onFrameDraw:4
09-25 13:19:29.049  3108  4073 D InputMethodManagerService: isImeSwitcherDisabledPackage : false
09-25 13:19:29.050  5639  5639 I ViewInteraction: Checking 'MatchesViewAssertion{viewMatcher=(view has effective visibility <VISIBLE> and view.getGlobalVisibleRect() to return non-empty rectangle)}' assertion on view an instance of android.widget.TextView and view.getText() with or without transformation to match: is "Bella"
09-25 13:19:29.050   586   586 I InputMethodService: removeImeSurface
09-25 13:19:29.051   586   586 I MSHandlerLifeCycle: check: return. pkg=com.google.android.inputmethod.latin isActivity=false callers=com.android.internal.policy.DecorView.setVisibility:4412 android.app.Dialog.hide:767 android.inputmethodservice.InputMethodService.removeImeSurface:1290 android.inputmethodservice.InputMethodService.scheduleImeSurfaceRemoval:1279 android.inputmethodservice.InputMethodService.-$$Nest$mscheduleImeSurfaceRemoval:0
09-25 13:19:29.051   586   586 I MSHandlerLifeCycle: removeMultiSplitHandler: no exist. decor=DecorView@3ddf8c7[InputMethod]
09-25 13:19:29.054  3108  3230 I ChimeraSystemEventListener: appLaunchIntent package name is: com.example.dogglers
09-25 13:19:29.056  3108  6266 I SemDvfsHyPerManager: acquire hyper - AMS_ACT_START/3108@18, type = -999
09-25 13:19:29.056  1809  1855 I HYPER-HAL: [RequestManager.cpp]acquire(): Acquired ID : 4887519  [3108 / 18]    HINT : AMS_ACT_START    list :
09-25 13:19:29.056  4768  4861 I ViewRootImpl@73c0bb5[dogglers]: mWNT: t=0xb4000077a0f77000 mBlastBufferQueue=0xb400007705019c80 fn= 5 caller= android.view.SyncRtSurfaceTransactionApplier.applyTransaction:96 android.view.SyncRtSurfaceTransactionApplier.lambda$scheduleApply$0$android-view-SyncRtSurfaceTransactionApplier:69 android.view.SyncRtSurfaceTransactionApplier$$ExternalSyntheticLambda0.onFrameDraw:4
09-25 13:19:29.057  1914  2140 I SurfaceFlinger: id=162475 createSurf, flag=80004, ActivityRecord{329d204 u0 com.example.dogglers/androidx.test.core.app.InstrumentationActivityInvoker$EmptyActivity} t7118}#162475
09-25 13:19:29.064  4768  4860 I ViewRootImpl@73c0bb5[dogglers]: mWNT: t=0xb400007731efad00 mBlastBufferQueue=0xb400007705019c80 fn= 6 caller= android.view.SyncRtSurfaceTransactionApplier.applyTransaction:96 android.view.SyncRtSurfaceTransactionApplier.lambda$scheduleApply$0$android-view-SyncRtSurfaceTransactionApplier:69 android.view.SyncRtSurfaceTransactionApplier$$ExternalSyntheticLambda0.onFrameDraw:4
09-25 13:19:29.065  1914  3193 I SurfaceFlinger: id=162476 createSurf, flag=80000, ca52e17 ActivityRecordInputSink com.example.dogglers/androidx.test.core.app.InstrumentationActivityInvoker$EmptyActivity#162476
09-25 13:19:29.068  5759  5759 E pageboostd: Received HALT command code 2
09-25 13:19:29.069  5639  5639 D LifecycleMonitor: Lifecycle status change: com.example.dogglers.HorizontalListActivity@8007da6 in: PAUSED
09-25 13:19:29.069  5639  5639 V ActivityScenario: Update currentActivityStage to PAUSED, currentActivity=com.example.dogglers.HorizontalListActivity@8007da6
09-25 13:19:29.071  3108  6266 D InputDispatcher: Focused application(0): ActivityRecord{329d204 u0 com.example.dogglers/androidx.test.core.app.InstrumentationActivityInvoker$EmptyActivity} t7118}
09-25 13:19:29.072  3108 29076 D RemoteAppTaskWatcher:  ****** RemoteAppTaskWatcher: Message Received 5 Task ID = 0
09-25 13:19:29.073  4768  4861 I ViewRootImpl@73c0bb5[dogglers]: mWNT: t=0xb4000077a0ef3300 mBlastBufferQueue=0xb400007705019c80 fn= 7 caller= android.view.SyncRtSurfaceTransactionApplier.applyTransaction:96 android.view.SyncRtSurfaceTransactionApplier.lambda$scheduleApply$0$android-view-SyncRtSurfaceTransactionApplier:69 android.view.SyncRtSurfaceTransactionApplier$$ExternalSyntheticLambda0.onFrameDraw:4
09-25 13:19:29.075  5639  5639 D LifecycleMonitor: Lifecycle status change: androidx.test.core.app.InstrumentationActivityInvoker$EmptyActivity@af5fb23 in: PRE_ON_CREATE
09-25 13:19:29.075  5639  5639 V ActivityScenario: Activity lifecycle changed event received but ignored because the intent does not match. startActivityIntent=Intent { act=android.intent.action.MAIN cat=[android.intent.category.LAUNCHER] cmp=com.example.dogglers/.HorizontalListActivity }, activity.getIntent()=Intent { act=android.intent.action.MAIN cat=[android.intent.category.LAUNCHER] flg=0x10000000 cmp=com.example.dogglers/androidx.test.core.app.InstrumentationActivityInvoker$EmptyActivity }, activity=androidx.test.core.app.InstrumentationActivityInvoker$EmptyActivity@af5fb23
09-25 13:19:29.075  3108  3230 I SemPersonaManager: SecureFolder personaId = 150
09-25 13:19:29.077 15715 15751 I WindowsLink: (TaskInfoManager) +++++++++++onRecentTaskStackUpdated
09-25 13:19:29.079  3108  3230 D EnterpriseDeviceManagerService: isMdmAdminPresentInternal() : MDM Admin Found - com.samsung.knox.securefolder
09-25 13:19:29.079  5639  5639 I DecorView: [INFO] isPopOver=false config=true
09-25 13:19:29.079  5639  5639 I DecorView: updateCaptionType: isFloating=false isApplication=true hasWindowDecorCaption=false this=DecorView@b736b9e[]
09-25 13:19:29.079  5639  5639 D DecorView: setCaptionType = 0, this = DecorView@b736b9e[]
09-25 13:19:29.080  5639  5639 I DecorView: getCurrentDensityDpi: from real metrics. densityDpi=560 msg=resources_loaded
09-25 13:19:29.080  5639  5639 I DecorView: setWindowBackground: isPopOver=false color=ff010101 d=android.graphics.drawable.StateListDrawable@523267f
09-25 13:19:29.080  5639  5639 D LifecycleMonitor: Lifecycle status change: androidx.test.core.app.InstrumentationActivityInvoker$EmptyActivity@af5fb23 in: CREATED
09-25 13:19:29.080  5639  5639 V ActivityScenario: Activity lifecycle changed event received but ignored because the intent does not match. startActivityIntent=Intent { act=android.intent.action.MAIN cat=[android.intent.category.LAUNCHER] cmp=com.example.dogglers/.HorizontalListActivity }, activity.getIntent()=Intent { act=android.intent.action.MAIN cat=[android.intent.category.LAUNCHER] flg=0x10000000 cmp=com.example.dogglers/androidx.test.core.app.InstrumentationActivityInvoker$EmptyActivity }, activity=androidx.test.core.app.InstrumentationActivityInvoker$EmptyActivity@af5fb23
09-25 13:19:29.080  8423  8423 I ActivityUtils: HomePackage : com.sec.android.app.launcher, resumePackageName : com.example.dogglers
09-25 13:19:29.080  1914  1914 I SurfaceFlinger: [ed04ec5 com.example.dogglers/com.example.dogglers.HorizontalListActivity#162469] FrameRatePriority: -1
09-25 13:19:29.080  5639  5639 D LifecycleMonitor: Lifecycle status change: androidx.test.core.app.InstrumentationActivityInvoker$EmptyActivity@af5fb23 in: STARTED
09-25 13:19:29.080  5639  5639 V ActivityScenario: Activity lifecycle changed event received but ignored because the intent does not match. startActivityIntent=Intent { act=android.intent.action.MAIN cat=[android.intent.category.LAUNCHER] cmp=com.example.dogglers/.HorizontalListActivity }, activity.getIntent()=Intent { act=android.intent.action.MAIN cat=[android.intent.category.LAUNCHER] flg=0x10000000 cmp=com.example.dogglers/androidx.test.core.app.InstrumentationActivityInvoker$EmptyActivity }, activity=androidx.test.core.app.InstrumentationActivityInvoker$EmptyActivity@af5fb23
09-25 13:19:29.081  3108  6142 I MediaSessionMonitor: Media session stopped : controllerList empty
09-25 13:19:29.081  5639  5639 D LifecycleMonitor: Lifecycle status change: androidx.test.core.app.InstrumentationActivityInvoker$EmptyActivity@af5fb23 in: RESUMED
09-25 13:19:29.081  5639  5639 V ActivityScenario: Activity lifecycle changed event received but ignored because the intent does not match. startActivityIntent=Intent { act=android.intent.action.MAIN cat=[android.intent.category.LAUNCHER] cmp=com.example.dogglers/.HorizontalListActivity }, activity.getIntent()=Intent { act=android.intent.action.MAIN cat=[android.intent.category.LAUNCHER] flg=0x10000000 cmp=com.example.dogglers/androidx.test.core.app.InstrumentationActivityInvoker$EmptyActivity }, activity=androidx.test.core.app.InstrumentationActivityInvoker$EmptyActivity@af5fb23
09-25 13:19:29.081  4768  4851 D OpenGLRenderer: setSurface called with nullptr
09-25 13:19:29.081  4768  4851 D OpenGLRenderer: setSurface() destroyed EGLSurface
09-25 13:19:29.081  5639  5639 I MSHandlerLifeCycle: check: return. pkg=com.example.dogglers parent=null callers=com.android.internal.policy.DecorView.setVisibility:4412 android.app.ActivityThread.handleResumeActivity:5476 android.app.servertransaction.ResumeActivityItem.execute:54 android.app.servertransaction.ActivityTransactionItem.execute:45 android.app.servertransaction.TransactionExecutor.executeLifecycleState:176
09-25 13:19:29.081  5639  5639 I MSHandlerLifeCycle: removeMultiSplitHandler: no exist. decor=DecorView@b736b9e[]
09-25 13:19:29.081  4768  4851 D OpenGLRenderer: destroyEglSurface
09-25 13:19:29.082  3108  4606 D InputDispatcher: Focus request (0): <null> but waiting because NOT_FOCUSABLE
09-25 13:19:29.082  3108  4606 D InputDispatcher: Focus left window (0): ed04ec5 com.example.dogglers/com.example.dogglers.HorizontalListActivity
09-25 13:19:29.083  4768  4843 I ViewRootImpl@73c0bb5[dogglers]: performTraversals params={(0,0)(fillxfill) sim={adjust=pan} ty=APPLICATION_STARTING fmt=TRANSLUCENT wanim=0x1030001 alpha=0.0
09-25 13:19:29.083  4768  4843 I ViewRootImpl@73c0bb5[dogglers]:   fl=81030118
09-25 13:19:29.083  4768  4843 I ViewRootImpl@73c0bb5[dogglers]:   pfl=16000010
09-25 13:19:29.083  4768  4843 I ViewRootImpl@73c0bb5[dogglers]:   bhv=DEFAULT
09-25 13:19:29.083  4768  4843 I ViewRootImpl@73c0bb5[dogglers]:   fitSides= naviIconColor=0}
09-25 13:19:29.083  5639  5729 D NativeCustomFrequencyManager: [NativeCFMS] BpCustomFrequencyManager::BpCustomFrequencyManager()
09-25 13:19:29.083  4768  4843 I ViewRootImpl@73c0bb5[dogglers]: performTraversals mFirst=false windowShouldResize=false viewVisibilityChanged=true mForceNextWindowRelayout=false params={(0,0)(fillxfill) sim={adjust=pan} ty=APPLICATION_STARTING fmt=TRANSLUCENT wanim=0x1030001 alpha=0.0
09-25 13:19:29.083  4768  4843 I ViewRootImpl@73c0bb5[dogglers]:   fl=81030118
09-25 13:19:29.083  4768  4843 I ViewRootImpl@73c0bb5[dogglers]:   pfl=16000010
09-25 13:19:29.083  4768  4843 I ViewRootImpl@73c0bb5[dogglers]:   bhv=DEFAULT
09-25 13:19:29.083  4768  4843 I ViewRootImpl@73c0bb5[dogglers]:   fitSides= naviIconColor=0}
09-25 13:19:29.085  2229  6809 I CameraService: onUidStateChanged: uid=10042, procState is changed. (1 -> 0)
09-25 13:19:29.085  3108  6266 D InputTransport: Input channel constructed: 'd9c10a3', fd=1315
09-25 13:19:29.085  3108  6266 D InputTransport: Input channel constructed: 'd9c10a3', fd=1322
09-25 13:19:29.085  3108  6266 D InputTransport: Input channel constructed: 'd9c10a3', fd=1332
09-25 13:19:29.086  1914  3193 I SurfaceFlinger: id=162477 createSurf, flag=80004, d9c10a3 com.example.dogglers/androidx.test.core.app.InstrumentationActivityInvoker$EmptyActivity#162477
09-25 13:19:29.087  3108  6266 D InputTransport: Input channel destroyed: 'd9c10a3', fd=1332
09-25 13:19:29.087  3108  4606 V WindowManager: Relayout Window{dec7fd6 u0 Splash Screen com.example.dogglers}: viewVisibility=8 req=1440x3088 d0
09-25 13:19:29.087  5639  5639 D InsetsController: onStateChanged: InsetsState: {mDisplayFrame=Rect(0, 0 - 1440, 3088), mDisplayCutout=DisplayCutout{insets=Rect(0, 100 - 0, 0) waterfall=Insets{left=0, top=0, right=0, bottom=0} boundingRect={Bounds=[Rect(0, 0 - 0, 0), Rect(685, 0 - 756, 100), Rect(0, 0 - 0, 0), Rect(0, 0 - 0, 0)]} cutoutPathParserInfo={CutoutPathParserInfo{displayWidth=1440 displayHeight=3088 physicalDisplayWidth=1440 physicalDisplayHeight=3088 density={3.75} cutoutSpec={M 0,0 H -9.466666666666667 V 26.66666666666667‬ H 9.466666666666667 V 0 H 0 Z @dp} rotation={0} scale={1.0} physicalPixelDisplaySizeRatio={1.0}}}}, mRoundedCorners=RoundedCorners{[RoundedCorner{position=TopLeft, radius=14, center=Point(14, 14)}, RoundedCorner{position=TopRight, radius=14, center=Point(1426, 14)}, RoundedCorner{position=BottomRight, radius=14, center=Point(1426, 3074)}, RoundedCorner{position=BottomLeft, radius=14, center=Point(14, 3074)}]}  mRoundedCornerFrame=Rect(0, 0 - 1440, 3088), mPrivacyIndicatorBounds=PrivacyIndicatorBounds {static bounds=Rect(1286, 0 - 1440, 100) rotation=0}, mSources= { InsetsSource: {mType=ITYPE_STATUS_BAR, mFrame=[0,0][1440,100], mVisible=true, mInsetsRoundedCornerFrame=false}, InsetsSource: {mType=ITYPE_NAVIGATION_BAR, mFrame=[0,3088][1440,3088], mVisible=true, mInsetsRoundedCornerFrame=false}, InsetsSource: {mType=ITYPE_LEFT_GESTURES, mFrame=[0,0][0,3088], mVisible=true, mInsetsRoundedCornerFrame=false}, InsetsSource: {mType=ITYPE_RIGHT_GESTURES, mFrame=[1440,0][1440,3088], mVisible=true, mInsetsRoundedCornerFrame=false}, InsetsSource: {mType=ITYPE_TOP_MANDATORY_GESTURES, mFrame=[0,0][1440,142], mVisible=true, mInsetsRoundedCornerFrame=false}, InsetsSource: {mType=ITYPE_BOTTOM_MANDATORY_GESTURES, mFrame=[0,3018][1440,3088], mVisible=true, mInsetsRoundedCornerFrame=false}, InsetsSource: {mType=ITYPE_LEFT_DISPLAY_CUTOUT, mFrame=[0,0][-100000,3088], mVisible=true, mInsetsRoundedCornerFrame=false}, InsetsSource: {mType=ITYPE_TOP_DISPLAY_CUTOUT, mFrame=[0,0][1440,100], mVisible=true, mInsetsRoundedCornerFrame=false}, InsetsSource: {mType=ITYPE_RIGHT_DISPLAY_CUTOUT, mFrame=[100000,0][1440,3088], mVisible=true, mInsetsRoundedCornerFrame=false}, InsetsSource: {mType=ITYPE_BOTTOM_DISPLAY_CUTOUT, mFrame=[0,100000][1440,3088], mVisible=true, mInsetsRoundedCornerFrame=false}, InsetsSource: {mType=ITYPE_TOP_TAPPABLE_ELEMENT, mFrame=[0,0][1440,100], mVisible=true, mInsetsRoundedCornerFrame=false}, InsetsSource: {mType=ITYPE_BOTTOM_TAPPABLE_ELEMENT, mFrame=[0,0][0,0], mVisible=true, mInsetsRoundedCornerFrame=false} } host=com.example.dogglers/androidx.test.core.app.InstrumentationActivityInvoker$EmptyActivity from=android.view.ViewRootImpl.setView:1732
09-25 13:19:29.089  3108  4606 V WindowManager: Relayout hash=dec7fd6, pid=4768, syncId=-1: mAttrs={(0,0)(fillxfill) sim={adjust=pan} ty=APPLICATION_STARTING fmt=TRANSLUCENT wanim=0x1030001 alpha=0.0
09-25 13:19:29.089  3108  4606 V WindowManager:   fl=81030118
09-25 13:19:29.089  3108  4606 V WindowManager:   pfl=16000010
09-25 13:19:29.089  3108  4606 V WindowManager:   bhv=DEFAULT
09-25 13:19:29.089  3108  4606 V WindowManager:   fitSides= naviIconColor=0}
09-25 13:19:29.090  5639  5639 I ViewRootImpl@ecd4695[InstrumentationActivityInvoker$EmptyActivity]: setView = com.android.internal.policy.DecorView@b736b9e TM=true
09-25 13:19:29.090  4768  4843 I ViewRootImpl@73c0bb5[dogglers]: Relayout returned: old=(0,0,1440,3088) new=(0,0,1440,3088) req=(1440,3088)8 dur=6 res=0x2 s={false 0x0} ch=true seqId=0
09-25 13:19:29.090  5639  5639 I MSHandlerLifeCycle: removeMultiSplitHandler: no exist. decor=DecorView@b736b9e[InstrumentationActivityInvoker$EmptyActivity]
09-25 13:19:29.090  3108  3338 D AnalyticsContainerHandler: handleMessage : { when=0 what=1 target=com.android.server.knox.KnoxAnalyticsContainer$AnalyticsHandler }
09-25 13:19:29.091  4768  4843 I ViewRootImpl@73c0bb5[dogglers]: dispatchDetachedFromWindow
09-25 13:19:29.091  3108  6266 D InputTransport: Input channel destroyed: 'dec7fd6', fd=1162
09-25 13:19:29.091  3108  6266 W InputManager-JNI: Input channel object 'dec7fd6 Splash Screen com.example.dogglers (client)' was disposed without first being removed with the input manager!
09-25 13:19:29.091  3108  6266 D InputTransport: Input channel destroyed: 'dec7fd6', fd=1257
09-25 13:19:29.092  1914  1914 D SurfaceFlinger: Display 4630947093241269891 HWC layers:
09-25 13:19:29.092  1914  1914 D SurfaceFlinger:      CLIENT | 0xb400007af6c13480 | 0100 | RGBx_8888    |  592.0    0.0 1628.0 2220.0 |    0    0 1440 3088 | Wallpaper BBQ wrapper#90
09-25 13:19:29.092  1914  1914 D SurfaceFlinger:      CLIENT | 0xb400007af6c13c80 | 0100 | RGBA_8888    |    0.0    0.0 1440.0 3088.0 |    0    0 1440 3088 | com.sec.android.app.launcher/com.sec[...]rActivity$_5369#162451 (blurRegions)
09-25 13:19:29.092  1914  1914 D SurfaceFlinger:      DEVICE | 0xb400007af6c14300 | 0102 | RGBA_8888    |    0.0    0.0 1440.0 3088.0 |   48  103 1392 2985 | com.example.dogglers/com.example.dogglers.HorizontalListActivity$_5639#162470
09-25 13:19:29.092  1914  1914 D SurfaceFlinger:      DEVICE | 0xb400007af6c14880 | 0100 | RGBA_8888    |    0.0    0.0 1440.0  100.0 |    0    0 1440  100 | StatusBar$_4768#95
09-25 13:19:29.092  1914  1914 D SurfaceFlinger:      DEVICE | 0xb400007af8705400 | 0100 | RGBA_8888    |    0.0    0.0   67.0  589.0 |    0  562   67 1151 | com.samsung.android.app.cocktailbars[...]vice.CocktailBarService$_8423#156853
09-25 13:19:29.092  1914  1914 D SurfaceFlinger:      DEVICE | 0xb400007af8705500 | 0100 | RGBA_8888    |    0.0    0.0  518.0   48.0 |  922 3040 1440 3088 | SGestureOverlayWindow$_5369#156268
09-25 13:19:29.092  1914  1914 D SurfaceFlinger:      DEVICE | 0x
09-25 13:19:29.092  1914  1914 D SurfaceFlinger: b400007af6c15880 | 0100 | RGBA_8888    |    0.0    0.0 1440.0  168.0 |    0 2920 1440 3088 | NavigationBar0$_4768#92
09-25 13:19:29.092  1914  1914 D SurfaceFlinger:
09-25 13:19:29.092  5639  5639 I ViewRootImpl@ecd4695[InstrumentationActivityInvoker$EmptyActivity]: performTraversals params={(0,0)(fillxfill) sim={adjust=pan forwardNavigation} ty=BASE_APPLICATION wanim=0x1030001
09-25 13:19:29.092  5639  5639 I ViewRootImpl@ecd4695[InstrumentationActivityInvoker$EmptyActivity]:   fl=1810100
09-25 13:19:29.092  5639  5639 I ViewRootImpl@ecd4695[InstrumentationActivityInvoker$EmptyActivity]:   pfl=12020040
09-25 13:19:29.092  5639  5639 I ViewRootImpl@ecd4695[InstrumentationActivityInvoker$EmptyActivity]:   bhv=DEFAULT
09-25 13:19:29.092  5639  5639 I ViewRootImpl@ecd4695[InstrumentationActivityInvoker$EmptyActivity]:   fitSides= naviIconColor=0}
09-25 13:19:29.092  5639  5639 I ViewRootImpl@ecd4695[InstrumentationActivityInvoker$EmptyActivity]: performTraversals mFirst=true windowShouldResize=true viewVisibilityChanged=false mForceNextWindowRelayout=false params={(0,0)(fillxfill) sim={adjust=pan forwardNavigation} ty=BASE_APPLICATION wanim=0x1030001
09-25 13:19:29.092  5639  5639 I ViewRootImpl@ecd4695[InstrumentationActivityInvoker$EmptyActivity]:   fl=1810100
09-25 13:19:29.092  5639  5639 I ViewRootImpl@ecd4695[InstrumentationActivityInvoker$EmptyActivity]:   pfl=12020040
09-25 13:19:29.092  5639  5639 I ViewRootImpl@ecd4695[InstrumentationActivityInvoker$EmptyActivity]:   bhv=DEFAULT
09-25 13:19:29.092  5639  5639 I ViewRootImpl@ecd4695[InstrumentationActivityInvoker$EmptyActivity]:   fitSides= naviIconColor=0}
09-25 13:19:29.092  4768  4843 D InputTransport: Input channel destroyed: 'dec7fd6', fd=212
09-25 13:19:29.093  3108  6266 V WindowManager: Relayout Window{d9c10a3 u0 com.example.dogglers/androidx.test.core.app.InstrumentationActivityInvoker$EmptyActivity}: viewVisibility=0 req=1440x3088 d0
09-25 13:19:29.093  1914  3193 I SurfaceFlinger: id=162478 createSurf, flag=40004, com.example.dogglers/androidx.test.core.app.InstrumentationActivityInvoker$EmptyActivity$_5639#162478
09-25 13:19:29.096  1914  3193 I SurfaceFlinger: id=162479 createSurf, flag=24000, Surface(name=4eb27f5 StatusBar)/@0x43fa543 - animation-leash of insets_animation#162479
09-25 13:19:29.097  1914  1914 I Layer   : id=162473 removedFromDrawingState Surface(name=ed04ec5 com.example.dogglers/com.example.dogglers.HorizontalListActivity)/@0xde369be - animation-leash of starting_reveal#162473 (340)
09-25 13:19:29.098  1914  3193 I SurfaceFlinger: id=162480 createSurf, flag=24000, Surface(name=d110b4c NavigationBar0)/@0x8bdb781 - animation-leash of insets_animation#162480
09-25 13:19:29.099  3108  6266 V WindowManager: Relayout hash=d9c10a3, pid=5639, syncId=-1: mAttrs={(0,0)(fillxfill) sim={adjust=pan forwardNavigation} ty=BASE_APPLICATION wanim=0x1030001
09-25 13:19:29.099  3108  6266 V WindowManager:   fl=1810100
09-25 13:19:29.099  3108  6266 V WindowManager:   pfl=12020040
09-25 13:19:29.099  3108  6266 V WindowManager:   bhv=DEFAULT
09-25 13:19:29.099  3108  6266 V WindowManager:   fitSides= naviIconColor=0}
09-25 13:19:29.099  5639  5639 D InsetsController: onStateChanged: InsetsState: {mDisplayFrame=Rect(0, 0 - 1440, 3088), mDisplayCutout=DisplayCutout{insets=Rect(0, 100 - 0, 0) waterfall=Insets{left=0, top=0, right=0, bottom=0} boundingRect={Bounds=[Rect(0, 0 - 0, 0), Rect(685, 0 - 756, 100), Rect(0, 0 - 0, 0), Rect(0, 0 - 0, 0)]} cutoutPathParserInfo={CutoutPathParserInfo{displayWidth=1440 displayHeight=3088 physicalDisplayWidth=1440 physicalDisplayHeight=3088 density={3.75} cutoutSpec={M 0,0 H -9.466666666666667 V 26.66666666666667‬ H 9.466666666666667 V 0 H 0 Z @dp} rotation={0} scale={1.0} physicalPixelDisplaySizeRatio={1.0}}}}, mRoundedCorners=RoundedCorners{[RoundedCorner{position=TopLeft, radius=14, center=Point(14, 14)}, RoundedCorner{position=TopRight, radius=14, center=Point(1426, 14)}, RoundedCorner{position=BottomRight, radius=14, center=Point(1426, 3074)}, RoundedCorner{position=BottomLeft, radius=14, center=Point(14, 3074)}]}  mRoundedCornerFrame=Rect(0, 0 - 1440, 3088), mPrivacyIndicatorBounds=PrivacyIndicatorBounds {static bounds=Rect(1286, 0 - 1440, 100) rotation=0}, mSources= { InsetsSource: {mType=ITYPE_STATUS_BAR, mFrame=[0,0][1440,100], mVisible=true, mInsetsRoundedCornerFrame=false}, InsetsSource: {mType=ITYPE_NAVIGATION_BAR, mFrame=[0,3088][1440,3088], mVisible=true, mInsetsRoundedCornerFrame=false}, InsetsSource: {mType=ITYPE_LEFT_GESTURES, mFrame=[0,0][0,3088], mVisible=true, mInsetsRoundedCornerFrame=false}, InsetsSource: {mType=ITYPE_RIGHT_GESTURES, mFrame=[1440,0][1440,3088], mVisible=true, mInsetsRoundedCornerFrame=false}, InsetsSource: {mType=ITYPE_TOP_MANDATORY_GESTURES, mFrame=[0,0][1440,142], mVisible=true, mInsetsRoundedCornerFrame=false}, InsetsSource: {mType=ITYPE_BOTTOM_MANDATORY_GESTURES, mFrame=[0,3018][1440,3088], mVisible=true, mInsetsRoundedCornerFrame=false}, InsetsSource: {mType=ITYPE_LEFT_DISPLAY_CUTOUT, mFrame=[0,0][-100000,3088], mVisible=true, mInsetsRoundedCornerFrame=false}, InsetsSource: {mType=ITYPE_TOP_DISPLAY_CUTOUT, mFrame=[0,0][1440,100], mVisible=true, mInsetsRoundedCornerFrame=false}, InsetsSource: {mType=ITYPE_RIGHT_DISPLAY_CUTOUT, mFrame=[100000,0][1440,3088], mVisible=true, mInsetsRoundedCornerFrame=false}, InsetsSource: {mType=ITYPE_BOTTOM_DISPLAY_CUTOUT, mFrame=[0,100000][1440,3088], mVisible=true, mInsetsRoundedCornerFrame=false}, InsetsSource: {mType=ITYPE_TOP_TAPPABLE_ELEMENT, mFrame=[0,0][1440,100], mVisible=true, mInsetsRoundedCornerFrame=false}, InsetsSource: {mType=ITYPE_BOTTOM_TAPPABLE_ELEMENT, mFrame=[0,0][0,0], mVisible=true, mInsetsRoundedCornerFrame=false}, InsetsSource: {mType=ITYPE_IME, mFrame=[0,0][0,0], mVisibleFrame=[0,3088][1440,3088], mVisible=false, mInsetsRoundedCornerFrame=false} } host=com.example.dogglers/androidx.test.core.app.InstrumentationActivityInvoker$EmptyActivity from=android.view.ViewRootImpl.relayoutWindow:9802
09-25 13:19:29.100  5639  5639 I ViewRootImpl@ecd4695[InstrumentationActivityInvoker$EmptyActivity]: updateBlastSurfaceIfNeeded mBlastBufferQueue=null isSameSurfaceControl=false
09-25 13:19:29.100  5639  5639 I BLASTBufferQueue: new BLASTBufferQueue, mName= ViewRootImpl@ecd4695[InstrumentationActivityInvoker$EmptyActivity] mNativeObject= 0xb4000077a1043100 sc.mNativeObject= 0xb4000077b1d44f00 caller= android.view.ViewRootImpl.updateBlastSurfaceIfNeeded:2909 android.view.ViewRootImpl.relayoutWindow:9847 android.view.ViewRootImpl.performTraversals:3884 android.view.ViewRootImpl.doTraversal:3116 android.view.ViewRootImpl$TraversalRunnable.run:10885 android.view.Choreographer$CallbackRecord.run:1301 android.view.Choreographer$CallbackRecord.run:1309 android.view.Choreographer.doCallbacks:923 android.view.Choreographer.doFrame:852 android.view.Choreographer$FrameDisplayEventReceiver.run:1283
09-25 13:19:29.100  5639  5639 I BLASTBufferQueue: update, w= 1440 h= 3088 mName = ViewRootImpl@ecd4695[InstrumentationActivityInvoker$EmptyActivity] mNativeObject= 0xb4000077a1043100 sc.mNativeObject= 0xb4000077b1d44f00 format= -1 caller= android.graphics.BLASTBufferQueue.<init>:84 android.view.ViewRootImpl.updateBlastSurfaceIfNeeded:2909 android.view.ViewRootImpl.relayoutWindow:9847 android.view.ViewRootImpl.performTraversals:3884 android.view.ViewRootImpl.doTraversal:3116 android.view.ViewRootImpl$TraversalRunnable.run:10885
09-25 13:19:29.100  5639  5639 I ViewRootImpl@ecd4695[InstrumentationActivityInvoker$EmptyActivity]: Relayout returned: old=(0,0,1440,3088) new=(0,0,1440,3088) req=(1440,3088)0 dur=8 res=0x3 s={true 0xb400007718cf7000} ch=true seqId=0
09-25 13:19:29.101  5639  5639 I ViewRootImpl@ecd4695[InstrumentationActivityInvoker$EmptyActivity]: performConfigurationChange setNightDimText nightDimLevel=0
09-25 13:19:29.101  5639  5639 I ViewRootImpl@ecd4695[InstrumentationActivityInvoker$EmptyActivity]: mThreadedRenderer.initialize() mSurface={isValid=true 0xb400007718cf7000} hwInitialized=true
09-25 13:19:29.101  5639  5729 D OpenGLRenderer: eglCreateWindowSurface
09-25 13:19:29.102  5639  5639 I ViewRootImpl@ecd4695[InstrumentationActivityInvoker$EmptyActivity]: reportNextDraw android.view.ViewRootImpl.performTraversals:4438 android.view.ViewRootImpl.doTraversal:3116 android.view.ViewRootImpl$TraversalRunnable.run:10885 android.view.Choreographer$CallbackRecord.run:1301 android.view.Choreographer$CallbackRecord.run:1309
09-25 13:19:29.102  5639  5639 I ViewRootImpl@ecd4695[InstrumentationActivityInvoker$EmptyActivity]: Setup new sync id=0
09-25 13:19:29.102  5639  5639 I ViewRootImpl@ecd4695[InstrumentationActivityInvoker$EmptyActivity]: Setting syncFrameCallback
09-25 13:19:29.102  5639  5639 I ViewRootImpl@ecd4695[InstrumentationActivityInvoker$EmptyActivity]: registerCallbacksForSync syncBuffer=false
09-25 13:19:29.102  5639  5771 I ViewRootImpl@ecd4695[InstrumentationActivityInvoker$EmptyActivity]: Received frameDrawingCallback syncResult=0 frameNum=1.
09-25 13:19:29.102  5639  5771 I ViewRootImpl@ecd4695[InstrumentationActivityInvoker$EmptyActivity]: Setting up sync and frameCommitCallback
09-25 13:19:29.103  5639  5729 I BLASTBufferQueue: [ViewRootImpl@ecd4695[InstrumentationActivityInvoker$EmptyActivity]#43](f:0,a:0) onFrameAvailable the first frame is available
09-25 13:19:29.103  5639  5729 I ViewRootImpl@ecd4695[InstrumentationActivityInvoker$EmptyActivity]: Received frameCommittedCallback lastAttemptedDrawFrameNum=1 didProduceBuffer=true
09-25 13:19:29.104  5639  5729 D OpenGLRenderer: CFMS:: SetUp Pid : 5639    Tid : 5729
09-25 13:19:29.105  1914  1914 I SurfaceFlinger: [d9c10a3 com.example.dogglers/androidx.test.core.app.InstrumentationActivityInvoker$EmptyActivity#162477] FrameRatePriority: 1
09-25 13:19:29.105  1914  1914 I Layer   : id=162471 removedFromDrawingState Surface(name=4eb27f5 StatusBar)/@0x43fa543 - animation-leash of insets_animation#162471 (341)
09-25 13:19:29.105  1914  1914 I Layer   : id=162472 removedFromDrawingState Surface(name=d110b4c NavigationBar0)/@0x8bdb781 - animation-leash of insets_animation#162472 (341)
09-25 13:19:29.107  3108  4074 D InputDispatcher: Focus request (0): d9c10a3 com.example.dogglers/androidx.test.core.app.InstrumentationActivityInvoker$EmptyActivity but waiting because NO_WINDOW
09-25 13:19:29.108  5639  5639 I ViewRootImpl@ecd4695[InstrumentationActivityInvoker$EmptyActivity]: onSyncComplete
09-25 13:19:29.108  5639  5639 I ViewRootImpl@ecd4695[InstrumentationActivityInvoker$EmptyActivity]: setupSync seqId=0 mSyncId=0 fn=1 caller=android.view.ViewRootImpl$$ExternalSyntheticLambda11.accept:6 android.window.SurfaceSyncer.lambda$setupSync$1$android-window-SurfaceSyncer:128 android.window.SurfaceSyncer$$ExternalSyntheticLambda1.accept:8 android.window.SurfaceSyncer$SyncSet.checkIfSyncIsComplete:382 android.window.SurfaceSyncer$SyncSet.markSyncReady:359 android.window.SurfaceSyncer.markSyncReady:151 android.view.ViewRootImpl.performTraversals:4503
09-25 13:19:29.108  5639  5639 I ViewRootImpl@ecd4695[InstrumentationActivityInvoker$EmptyActivity]: reportDrawFinished seqId=0 mSyncId=-1 fn=1 mSurfaceChangedTransaction=0xb40000772b184500
09-25 13:19:29.108  5639  5639 I ViewRootImpl@25d7065[HorizontalListActivity]: MSG_WINDOW_FOCUS_CHANGED 0 0
09-25 13:19:29.110  1914  3193 I SurfaceFlinger: id=162472 Removed Surface(name=d110b4c NavigationBar0)/@0x8bdb781 - animation-leash of insets_animation#162472 (341)
09-25 13:19:29.110  1914  2139 I SurfaceFlinger: id=162471 Removed Surface(name=4eb27f5 StatusBar)/@0x43fa543 - animation-leash of insets_animation#162471 (341)
09-25 13:19:29.110  3108  3227 I ActivityTaskManager: Displayed com.example.dogglers/androidx.test.core.app.InstrumentationActivityInvoker$EmptyActivity: +55ms
09-25 13:19:29.111  5759  5759 E pageboostd: Received HALT command code 2
09-25 13:19:29.112  3108  6472 I SemDvfsHyPerManager: acquire hyper - AMS_RESUME_TAIL/3108@20, type = -999
09-25 13:19:29.112  3108  6472 I SemDvfsHyPerManager: acquire hyper - AMS_ACT_LAZY/3108@21, type = -999
09-25 13:19:29.112  1809  1855 I HYPER-HAL: [RequestManager.cpp]acquire(): Acquired ID : 4893776  [3108 / 20]    HINT : AMS_RESUME_TAIL    list :
09-25 13:19:29.112  1809  1855 I HYPER-HAL: [RequestManager.cpp]acquire(): Acquired ID : 4896906  [3108 / 21]    HINT : AMS_ACT_LAZY    list :
09-25 13:19:29.114  1914  1914 I Layer   : Layer [com.example.dogglers/androidx.test.core.app.InstrumentationActivityInvoker$EmptyActivity$_5639#162478] hidden!! flag(0)
09-25 13:19:29.114  1914  1914 I Layer   : id=162472 Destroyed Surface(name=d110b4c NavigationBar0)/@0x8bdb781 - animation-leash of insets_animation#162472
09-25 13:19:29.114  1914  1914 I Layer   : id=162471 Destroyed Surface(name=4eb27f5 StatusBar)/@0x43fa543 - animation-leash of insets_animation#162471
09-25 13:19:29.115  1809  1855 I HYPER-HAL: [RequestManager.cpp]releaseLocked(): Released ID : 4887519
09-25 13:19:29.117  1914  1914 D SurfaceFlinger: Display 4630947093241269891 HWC layers:
09-25 13:19:29.117  1914  1914 D SurfaceFlinger:      CLIENT | 0xb400007af6c13480 | 0100 | RGBx_8888    |  592.0    0.0 1628.0 2220.0 |    0    0 1440 3088 | Wallpaper BBQ wrapper#90
09-25 13:19:29.117  1914  1914 D SurfaceFlinger:      CLIENT | 0xb400007af6c13c80 | 0100 | RGBA_8888    |    0.0    0.0 1440.0 3088.0 |    0    0 1440 3088 | com.sec.android.app.launcher/com.sec[...]rActivity$_5369#162451 (blurRegions)
09-25 13:19:29.117  1914  1914 D SurfaceFlinger:      DEVICE | 0xb400007af86f9600 | 0102 | RGBA_8888    |    0.0    0.0 1440.0 3088.0 |   36   77 1404 3011 | com.example.dogglers/androidx.test.c[...]tyInvoker$EmptyActivity$_5639#162478
09-25 13:19:29.117  1914  1914 D SurfaceFlinger:      DEVICE | 0xb400007af6c14880 | 0100 | RGBA_8888    |    0.0    0.0 1440.0  100.0 |    0    0 1440  100 | StatusBar$_4768#95
09-25 13:19:29.117  1914  1914 D SurfaceFlinger:      DEVICE | 0xb400007af8705400 | 0100 | RGBA_8888    |    0.0    0.0   67.0  589.0 |    0  562   67 1151 | com.samsung.android.app.cocktailbars[...]vice.CocktailBarService$_8423#156853
09-25 13:19:29.117  1914  1914 D SurfaceFlinger:      DEVICE | 0xb400007af8705500 | 0100 | RGBA_8888    |    0.0    0.0  518.0   48.0 |  922 3040 1440 3088 | SGestureOverlayWindow$_5369#156268
09-25 13:19:29.117  1914  1914 D SurfaceFlinger:      DEVICE | 0x
09-25 13:19:29.117  1914  1914 D SurfaceFlinger: b400007af6c15880 | 0100 | RGBA_8888    |    0.0    0.0 1440.0  168.0 |    0 2920 1440 3088 | NavigationBar0$_4768#92
09-25 13:19:29.117  1914  1914 D SurfaceFlinger:
09-25 13:19:29.117  3108  6266 D InputDispatcher: Focus entered window (0): d9c10a3 com.example.dogglers/androidx.test.core.app.InstrumentationActivityInvoker$EmptyActivity
09-25 13:19:29.119  5639  5639 I ViewRootImpl@ecd4695[InstrumentationActivityInvoker$EmptyActivity]: MSG_WINDOW_FOCUS_CHANGED 1 0
09-25 13:19:29.119  5639  5639 I ViewRootImpl@ecd4695[InstrumentationActivityInvoker$EmptyActivity]: mThreadedRenderer.initializeIfNeeded()#2 mSurface={isValid=true 0xb400007718cf7000}
09-25 13:19:29.119  3108  3230 I ChimeraSystemEventListener: appLaunchIntent package name is: com.example.dogglers
09-25 13:19:29.119  5639  5639 D InputMethodManager: startInputInner - Id : 0
09-25 13:19:29.119  5639  5639 I InputMethodManager: startInputInner - mService.startInputOrWindowGainedFocus
09-25 13:19:29.120  3108  6266 I SemDvfsHyPerManager: acquire hyper - AMS_ACT_START/3108@18, type = -999
09-25 13:19:29.120  1809  1855 I HYPER-HAL: [RequestManager.cpp]acquire(): Acquired ID : 4887519  [3108 / 18]    HINT : AMS_ACT_START    list :
09-25 13:19:29.121  1914  4196 I SurfaceFlinger: id=162481 createSurf, flag=80004, ActivityRecord{4a4d982 u0 com.example.dogglers/androidx.test.core.app.InstrumentationActivityInvoker$EmptyActivity} t7118}#162481
09-25 13:19:29.128  1914  4196 I SurfaceFlinger: id=162482 createSurf, flag=80000, 1dcccd ActivityRecordInputSink com.example.dogglers/androidx.test.core.app.InstrumentationActivityInvoker$EmptyActivity#162482
09-25 13:19:29.131  5759  5759 E pageboostd: Received HALT command code 2
09-25 13:19:29.131  3108  6472 D InputMethodManagerService: DESKTOP MODE! : 2
09-25 13:19:29.131  3108  6472 D InputMethodManagerService: NOT IN KNOX DESKTOP MODE!
09-25 13:19:29.131  3108  6472 V InputMethodManagerService: getDisplayIdOfInputMethodWindowToBeAdded: displayId=0
09-25 13:19:29.131  3108  6472 D InputMethodManagerService: isImeSwitcherDisabledPackage : false
09-25 13:19:29.131  3108  6472 D InputMethodManagerService: checkDisplayOfStartInputAndUpdateKeyboard: displayId=0, mFocusedDisplayId=0
09-25 13:19:29.132  3108  6472 D InputTransport: Input channel constructed: 'ClientS', fd=1162
09-25 13:19:29.132  3108  6472 D InputTransport: Input channel destroyed: 'ClientS', fd=1162
09-25 13:19:29.132   586   586 I GoogleInputMethodService: GoogleInputMethodService.onFinishInput():3267
09-25 13:19:29.133  5639  5639 D LifecycleMonitor: Lifecycle status change: androidx.test.core.app.InstrumentationActivityInvoker$EmptyActivity@af5fb23 in: PAUSED
09-25 13:19:29.133  5639  5639 V ActivityScenario: Activity lifecycle changed event received but ignored because the intent does not match. startActivityIntent=Intent { act=android.intent.action.MAIN cat=[android.intent.category.LAUNCHER] cmp=com.example.dogglers/.HorizontalListActivity }, activity.getIntent()=Intent { act=android.intent.action.MAIN cat=[android.intent.category.LAUNCHER] flg=0x10000000 cmp=com.example.dogglers/androidx.test.core.app.InstrumentationActivityInvoker$EmptyActivity }, activity=androidx.test.core.app.InstrumentationActivityInvoker$EmptyActivity@af5fb23
09-25 13:19:29.133   586   586 I GoogleInputMethodService: GoogleInputMethodService.updateDeviceLockedStatus():2097 repeatCheckTimes = 0, locked = false
09-25 13:19:29.133   586   586 D InputMethodService: checkFocusedDisplay() display Id 0last 0
09-25 13:19:29.133  1914  2139 I SurfaceFlinger: id=162483 createSurf, flag=24004, Surface(name=6a358c3 InputMethod)/@0x1a6cc79 - animation-leash of insets_animation#162483
09-25 13:19:29.133   586   586 I GoogleInputMethodService: GoogleInputMethodService.onStartInput():1889 onStartInput(EditorInfo{EditorInfo{packageName=com.example.dogglers, inputType=0, inputTypeString=NULL, enableLearning=false, autoCorrection=false, autoComplete=false, imeOptions=0, privateImeOptions=null, actionName=UNSPECIFIED, actionLabel=null, initialSelStart=-1, initialSelEnd=-1, initialCapsMode=0, label=null, fieldId=-1, fieldName=null, extras=Bundle[{displayId=0}], hintText=null, hintLocales=[]}}, false)
09-25 13:19:29.134   586   586 I GoogleInputMethodService: GoogleInputMethodService.updateDeviceLockedStatus():2097 repeatCheckTimes = 1, locked = false
09-25 13:19:29.136  3108  3230 D PersonaActivityHelper: Activity not in resumed state, do not run immediate lock
09-25 13:19:29.139  1914  1914 I Layer   : id=162474 removedFromDrawingState Surface(name=6a358c3 InputMethod)/@0x1a6cc79 - animation-leash of insets_animation#162474 (342)
09-25 13:19:29.139  3108  6472 D InputDispatcher: Focused application(0): ActivityRecord{4a4d982 u0 com.example.dogglers/androidx.test.core.app.InstrumentationActivityInvoker$EmptyActivity} t7118}
09-25 13:19:29.140  3108 29076 D RemoteAppTaskWatcher:  ****** RemoteAppTaskWatcher: Message Received 5 Task ID = 0
09-25 13:19:29.140  1914  2139 I SurfaceFlinger: id=162474 Removed Surface(name=6a358c3 InputMethod)/@0x1a6cc79 - animation-leash of insets_animation#162474 (342)
09-25 13:19:29.142  3108  4073 D InputMethodManagerService: isImeSwitcherDisabledPackage : false
09-25 13:19:29.142  5639  5639 D LifecycleMonitor: Lifecycle status change: androidx.test.core.app.InstrumentationActivityInvoker$EmptyActivity@533da7c in: PRE_ON_CREATE
09-25 13:19:29.143  5639  5639 V ActivityScenario: Activity lifecycle changed event received but ignored because the intent does not match. startActivityIntent=Intent { act=android.intent.action.MAIN cat=[android.intent.category.LAUNCHER] cmp=com.example.dogglers/.HorizontalListActivity }, activity.getIntent()=Intent { act=android.intent.action.MAIN cat=[android.intent.category.LAUNCHER] flg=0x10000000 cmp=com.example.dogglers/androidx.test.core.app.InstrumentationActivityInvoker$EmptyActivity }, activity=androidx.test.core.app.InstrumentationActivityInvoker$EmptyActivity@533da7c
09-25 13:19:29.143   586   586 I InputMethodService: removeImeSurface
09-25 13:19:29.143   586   586 I MSHandlerLifeCycle: check: return. pkg=com.google.android.inputmethod.latin isActivity=false callers=com.android.internal.policy.DecorView.setVisibility:4412 android.app.Dialog.hide:767 android.inputmethodservice.InputMethodService.removeImeSurface:1290 android.inputmethodservice.InputMethodService.scheduleImeSurfaceRemoval:1279 android.inputmethodservice.InputMethodService.-$$Nest$mscheduleImeSurfaceRemoval:0
09-25 13:19:29.143   586   586 I MSHandlerLifeCycle: removeMultiSplitHandler: no exist. decor=DecorView@3ddf8c7[InputMethod]
09-25 13:19:29.144 15715 15751 I WindowsLink: (TaskInfoManager) +++++++++++onRecentTaskStackUpdated
09-25 13:19:29.145  3108  3230 I SemPersonaManager: SecureFolder personaId = 150
09-25 13:19:29.146  5639  5639 I DecorView: [INFO] isPopOver=false config=true
09-25 13:19:29.146  5639  5639 I DecorView: updateCaptionType: isFloating=false isApplication=true hasWindowDecorCaption=false this=DecorView@7acb18b[]
09-25 13:19:29.146  5639  5639 D DecorView: setCaptionType = 0, this = DecorView@7acb18b[]
09-25 13:19:29.147  5639  5639 I DecorView: getCurrentDensityDpi: from real metrics. densityDpi=560 msg=resources_loaded
09-25 13:19:29.147  5639  5639 I DecorView: setWindowBackground: isPopOver=false color=ff010101 d=android.graphics.drawable.StateListDrawable@f222268
09-25 13:19:29.147  5639  5639 D LifecycleMonitor: Lifecycle status change: androidx.test.core.app.InstrumentationActivityInvoker$EmptyActivity@533da7c in: CREATED
09-25 13:19:29.147  1914  1914 I SurfaceFlinger: [d9c10a3 com.example.dogglers/androidx.test.core.app.InstrumentationActivityInvoker$EmptyActivity#162477] FrameRatePriority: -1
09-25 13:19:29.147  5639  5639 V ActivityScenario: Activity lifecycle changed event received but ignored because the intent does not match. startActivityIntent=Intent { act=android.intent.action.MAIN cat=[android.intent.category.LAUNCHER] cmp=com.example.dogglers/.HorizontalListActivity }, activity.getIntent()=Intent { act=android.intent.action.MAIN cat=[android.intent.category.LAUNCHER] flg=0x10000000 cmp=com.example.dogglers/androidx.test.core.app.InstrumentationActivityInvoker$EmptyActivity }, activity=androidx.test.core.app.InstrumentationActivityInvoker$EmptyActivity@533da7c
09-25 13:19:29.147  1914  1914 I Layer   : id=162474 Destroyed Surface(name=6a358c3 InputMethod)/@0x1a6cc79 - animation-leash of insets_animation#162474
09-25 13:19:29.147  5639  5639 D LifecycleMonitor: Lifecycle status change: androidx.test.core.app.InstrumentationActivityInvoker$EmptyActivity@533da7c in: STARTED
09-25 13:19:29.147  5639  5639 V ActivityScenario: Activity lifecycle changed event received but ignored because the intent does not match. startActivityIntent=Intent { act=android.intent.action.MAIN cat=[android.intent.category.LAUNCHER] cmp=com.example.dogglers/.HorizontalListActivity }, activity.getIntent()=Intent { act=android.intent.action.MAIN cat=[android.intent.category.LAUNCHER] flg=0x10000000 cmp=com.example.dogglers/androidx.test.core.app.InstrumentationActivityInvoker$EmptyActivity }, activity=androidx.test.core.app.InstrumentationActivityInvoker$EmptyActivity@533da7c
09-25 13:19:29.148  5639  5639 D LifecycleMonitor: Lifecycle status change: androidx.test.core.app.InstrumentationActivityInvoker$EmptyActivity@533da7c in: RESUMED
09-25 13:19:29.148  5639  5639 V ActivityScenario: Activity lifecycle changed event received but ignored because the intent does not match. startActivityIntent=Intent { act=android.intent.action.MAIN cat=[android.intent.category.LAUNCHER] cmp=com.example.dogglers/.HorizontalListActivity }, activity.getIntent()=Intent { act=android.intent.action.MAIN cat=[android.intent.category.LAUNCHER] flg=0x10000000 cmp=com.example.dogglers/androidx.test.core.app.InstrumentationActivityInvoker$EmptyActivity }, activity=androidx.test.core.app.InstrumentationActivityInvoker$EmptyActivity@533da7c
09-25 13:19:29.148  5639  5639 I MSHandlerLifeCycle: check: return. pkg=com.example.dogglers parent=null callers=com.android.internal.policy.DecorView.setVisibility:4412 android.app.ActivityThread.handleResumeActivity:5476 android.app.servertransaction.ResumeActivityItem.execute:54 android.app.servertransaction.ActivityTransactionItem.execute:45 android.app.servertransaction.TransactionExecutor.executeLifecycleState:176
09-25 13:19:29.148  5639  5639 I MSHandlerLifeCycle: removeMultiSplitHandler: no exist. decor=DecorView@7acb18b[]
09-25 13:19:29.149  3108  3230 D EnterpriseDeviceManagerService: isMdmAdminPresentInternal() : MDM Admin Found - com.samsung.knox.securefolder
09-25 13:19:29.149  3108  6266 D InputDispatcher: Focus left window (0): d9c10a3 com.example.dogglers/androidx.test.core.app.InstrumentationActivityInvoker$EmptyActivity
09-25 13:19:29.150  5639  5729 D NativeCustomFrequencyManager: [NativeCFMS] BpCustomFrequencyManager::BpCustomFrequencyManager()
09-25 13:19:29.150  3108  6142 I MediaSessionMonitor: Media session stopped : controllerList empty
09-25 13:19:29.151  8423  8423 I ActivityUtils: HomePackage : com.sec.android.app.launcher, resumePackageName : com.example.dogglers
09-25 13:19:29.152  3108  4073 D InputTransport: Input channel constructed: '485ba2c', fd=1332
09-25 13:19:29.152  3108  4073 D InputTransport: Input channel constructed: '485ba2c', fd=1333
09-25 13:19:29.152  3108  4073 D InputTransport: Input channel constructed: '485ba2c', fd=1336
09-25 13:19:29.153  1914  3193 I SurfaceFlinger: id=162484 createSurf, flag=80004, 485ba2c com.example.dogglers/androidx.test.core.app.InstrumentationActivityInvoker$EmptyActivity#162484
09-25 13:19:29.154  3108  4073 D InputTransport: Input channel destroyed: '485ba2c', fd=1336
