09-25 13:19:20.975  3108 29076 D RemoteAppTaskWatcher:  ****** RemoteAppTaskWatcher: Message Received 5 Task ID = 0
09-25 13:19:20.977  5639  5639 D LifecycleMonitor: Lifecycle status change: androidx.test.core.app.InstrumentationActivityInvoker$BootstrapActivity@ff53170 in: DESTROYED
09-25 13:19:20.978  5639  5639 V ActivityScenario: Activity lifecycle changed event received but ignored because the intent does not match. startActivityIntent=Intent { act=android.intent.action.MAIN cat=[android.intent.category.LAUNCHER] cmp=com.example.dogglers/.MainActivity }, activity.getIntent()=Intent { act=android.intent.action.MAIN cat=[android.intent.category.LAUNCHER] flg=0x10008000 cmp=com.example.dogglers/androidx.test.core.app.InstrumentationActivityInvoker$BootstrapActivity (has extras) }, activity=androidx.test.core.app.InstrumentationActivityInvoker$BootstrapActivity@ff53170
09-25 13:19:20.978  5639  5639 I ViewRootImpl@f7d045d[InstrumentationActivityInvoker$EmptyActivity]: MSG_WINDOW_FOCUS_CHANGED 1 0
09-25 13:19:20.978  5639  5639 I ViewRootImpl@f7d045d[InstrumentationActivityInvoker$EmptyActivity]: mThreadedRenderer.initializeIfNeeded()#2 mSurface={isValid=true 0xb40000773467b800}
09-25 13:19:20.978  1914  2139 I SurfaceFlinger: id=162069 Removed 621cc87 ActivityRecordInputSink com.example.dogglers/androidx.test.core.app.InstrumentationActivityInvoker$BootstrapActivity#162069 (349)
09-25 13:19:20.978  5639  5639 D InputMethodManager: startInputInner - Id : 0
09-25 13:19:20.978  5639  5639 I InputMethodManager: startInputInner - mService.startInputOrWindowGainedFocus
09-25 13:19:20.979  3108  6456 D InputMethodManagerService: DESKTOP MODE! : 2
09-25 13:19:20.979  3108  6456 D InputMethodManagerService: NOT IN KNOX DESKTOP MODE!
09-25 13:19:20.979  3108  6456 V InputMethodManagerService: getDisplayIdOfInputMethodWindowToBeAdded: displayId=0
09-25 13:19:20.979  3108  6456 D InputMethodManagerService: isImeSwitcherDisabledPackage : false
09-25 13:19:20.979  1914  1914 I SurfaceFlinger: [f9463da com.example.dogglers/androidx.test.core.app.InstrumentationActivityInvoker$EmptyActivity#162096] FrameRatePriority: -1
09-25 13:19:20.979  1914  1914 I Layer   : id=162063 removedFromDrawingState ActivityRecord{1f67b4 u0 com.example.dogglers/androidx.test.core.app.InstrumentationActivityInvoker$BootstrapActivity} t7108}#162063 (349)
09-25 13:19:20.980  1914  1914 I Layer   : id=162069 removedFromDrawingState 621cc87 ActivityRecordInputSink com.example.dogglers/androidx.test.core.app.InstrumentationActivityInvoker$BootstrapActivity#162069 (349)
09-25 13:19:20.980  1914  4196 I SurfaceFlinger: id=162063 Removed ActivityRecord{1f67b4 u0 com.example.dogglers/androidx.test.core.app.InstrumentationActivityInvoker$BootstrapActivity} t7108}#162063 (349)
09-25 13:19:20.980  3108  6456 D InputMethodManagerService: checkDisplayOfStartInputAndUpdateKeyboard: displayId=0, mFocusedDisplayId=0
09-25 13:19:20.980  3108  6456 D InputTransport: Input channel constructed: 'ClientS', fd=1309
09-25 13:19:20.980  3108  6456 D InputTransport: Input channel destroyed: 'ClientS', fd=1309
09-25 13:19:20.980 15715 18710 I WindowsLink: (TaskInfoManager) +++++++++++onRecentTaskStackUpdated
09-25 13:19:20.981   586   586 I GoogleInputMethodService: GoogleInputMethodService.onFinishInput():3267
09-25 13:19:20.981  3108  4606 D InputDispatcher: Focus request (0): <null> but waiting because NOT_FOCUSABLE
09-25 13:19:20.981  3108  4606 D InputDispatcher: Focus left window (0): f9463da com.example.dogglers/androidx.test.core.app.InstrumentationActivityInvoker$EmptyActivity
09-25 13:19:20.981  1914  4196 I SurfaceFlinger: id=162102 createSurf, flag=24004, Surface(name=6a358c3 InputMethod)/@0x1a6cc79 - animation-leash of insets_animation#162102
09-25 13:19:20.982   586   586 I GoogleInputMethodService: GoogleInputMethodService.updateDeviceLockedStatus():2097 repeatCheckTimes = 0, locked = false
09-25 13:19:20.982   586   586 D InputMethodService: checkFocusedDisplay() display Id 0last 0
09-25 13:19:20.982   586   586 I GoogleInputMethodService: GoogleInputMethodService.onStartInput():1889 onStartInput(EditorInfo{EditorInfo{packageName=com.example.dogglers, inputType=0, inputTypeString=NULL, enableLearning=false, autoCorrection=false, autoComplete=false, imeOptions=0, privateImeOptions=null, actionName=UNSPECIFIED, actionLabel=null, initialSelStart=-1, initialSelEnd=-1, initialCapsMode=0, label=null, fieldId=-1, fieldName=null, extras=Bundle[{displayId=0}], hintText=null, hintLocales=[]}}, false)
09-25 13:19:20.983   586   586 I GoogleInputMethodService: GoogleInputMethodService.updateDeviceLockedStatus():2097 repeatCheckTimes = 1, locked = false
09-25 13:19:20.984  5639  5639 D LifecycleMonitor: Lifecycle status change: androidx.test.core.app.InstrumentationActivityInvoker$EmptyActivity@db7aa93 in: PRE_ON_CREATE
09-25 13:19:20.984  5639  5639 V ActivityScenario: Activity lifecycle changed event received but ignored because the intent does not match. startActivityIntent=Intent { act=android.intent.action.MAIN cat=[android.intent.category.LAUNCHER] cmp=com.example.dogglers/.MainActivity }, activity.getIntent()=Intent { act=android.intent.action.MAIN cat=[android.intent.category.LAUNCHER] flg=0x10000000 cmp=com.example.dogglers/androidx.test.core.app.InstrumentationActivityInvoker$EmptyActivity }, activity=androidx.test.core.app.InstrumentationActivityInvoker$EmptyActivity@db7aa93
09-25 13:19:20.985  3108  3230 I SemPersonaManager: SecureFolder personaId = 150
09-25 13:19:20.988  5639  5639 I DecorView: [INFO] isPopOver=false config=true
09-25 13:19:20.988  5639  5639 I DecorView: updateCaptionType: isFloating=false isApplication=true hasWindowDecorCaption=false this=DecorView@4eab5ce[]
09-25 13:19:20.988  5639  5639 D DecorView: setCaptionType = 0, this = DecorView@4eab5ce[]
09-25 13:19:20.988  1914  1914 I Layer   : id=162094 removedFromDrawingState Surface(name=6a358c3 InputMethod)/@0x1a6cc79 - animation-leash of insets_animation#162094 (350)
09-25 13:19:20.988  1914  1914 I Layer   : id=162063 Destroyed ActivityRecord{1f67b4 u0 com.example.dogglers/androidx.test.core.app.InstrumentationActivityInvoker$BootstrapActivity} t7108}#162063
09-25 13:19:20.988  1914  1914 I Layer   : id=162069 Destroyed 621cc87 ActivityRecordInputSink com.example.dogglers/androidx.test.core.app.InstrumentationActivityInvoker$BootstrapActivity#162069
09-25 13:19:20.988  3108  3230 D EnterpriseDeviceManagerService: isMdmAdminPresentInternal() : MDM Admin Found - com.samsung.knox.securefolder
09-25 13:19:20.989  5639  5639 I DecorView: getCurrentDensityDpi: from real metrics. densityDpi=560 msg=resources_loaded
09-25 13:19:20.989  5639  5639 I DecorView: setWindowBackground: isPopOver=false color=ff010101 d=android.graphics.drawable.StateListDrawable@6a85cef
09-25 13:19:20.989  5639  5639 D LifecycleMonitor: Lifecycle status change: androidx.test.core.app.InstrumentationActivityInvoker$EmptyActivity@db7aa93 in: CREATED
09-25 13:19:20.989  5639  5639 V ActivityScenario: Activity lifecycle changed event received but ignored because the intent does not match. startActivityIntent=Intent { act=android.intent.action.MAIN cat=[android.intent.category.LAUNCHER] cmp=com.example.dogglers/.MainActivity }, activity.getIntent()=Intent { act=android.intent.action.MAIN cat=[android.intent.category.LAUNCHER] flg=0x10000000 cmp=com.example.dogglers/androidx.test.core.app.InstrumentationActivityInvoker$EmptyActivity }, activity=androidx.test.core.app.InstrumentationActivityInvoker$EmptyActivity@db7aa93
09-25 13:19:20.989  5639  5639 D LifecycleMonitor: Lifecycle status change: androidx.test.core.app.InstrumentationActivityInvoker$EmptyActivity@db7aa93 in: STARTED
09-25 13:19:20.989  5639  5639 V ActivityScenario: Activity lifecycle changed event received but ignored because the intent does not match. startActivityIntent=Intent { act=android.intent.action.MAIN cat=[android.intent.category.LAUNCHER] cmp=com.example.dogglers/.MainActivity }, activity.getIntent()=Intent { act=android.intent.action.MAIN cat=[android.intent.category.LAUNCHER] flg=0x10000000 cmp=com.example.dogglers/androidx.test.core.app.InstrumentationActivityInvoker$EmptyActivity }, activity=androidx.test.core.app.InstrumentationActivityInvoker$EmptyActivity@db7aa93
09-25 13:19:20.990  5639  5639 D LifecycleMonitor: Lifecycle status change: androidx.test.core.app.InstrumentationActivityInvoker$EmptyActivity@db7aa93 in: RESUMED
09-25 13:19:20.990  3108  6142 I MediaSessionMonitor: Media session stopped : controllerList empty
09-25 13:19:20.990  5639  5639 V ActivityScenario: Activity lifecycle changed event received but ignored because the intent does not match. startActivityIntent=Intent { act=android.intent.action.MAIN cat=[android.intent.category.LAUNCHER] cmp=com.example.dogglers/.MainActivity }, activity.getIntent()=Intent { act=android.intent.action.MAIN cat=[android.intent.category.LAUNCHER] flg=0x10000000 cmp=com.example.dogglers/androidx.test.core.app.InstrumentationActivityInvoker$EmptyActivity }, activity=androidx.test.core.app.InstrumentationActivityInvoker$EmptyActivity@db7aa93
09-25 13:19:20.990  5639  5639 I MSHandlerLifeCycle: check: return. pkg=com.example.dogglers parent=null callers=com.android.internal.policy.DecorView.setVisibility:4412 android.app.ActivityThread.handleResumeActivity:5476 android.app.servertransaction.ResumeActivityItem.execute:54 android.app.servertransaction.ActivityTransactionItem.execute:45 android.app.servertransaction.TransactionExecutor.executeLifecycleState:176
09-25 13:19:20.990  5639  5639 I MSHandlerLifeCycle: removeMultiSplitHandler: no exist. decor=DecorView@4eab5ce[]
09-25 13:19:20.991  8423  8423 I ActivityUtils: HomePackage : com.sec.android.app.launcher, resumePackageName : com.example.dogglers
09-25 13:19:20.991  5639  5729 D NativeCustomFrequencyManager: [NativeCFMS] BpCustomFrequencyManager::BpCustomFrequencyManager()
09-25 13:19:20.994  3108  8626 D InputTransport: Input channel constructed: '3f11392', fd=1339
09-25 13:19:20.994  3108  8626 D InputTransport: Input channel constructed: '3f11392', fd=1359
09-25 13:19:20.994  3108  8626 D InputTransport: Input channel constructed: '3f11392', fd=1360
09-25 13:19:20.994  1914  2139 I SurfaceFlinger: id=162103 createSurf, flag=80004, 3f11392 com.example.dogglers/androidx.test.core.app.InstrumentationActivityInvoker$EmptyActivity#162103
09-25 13:19:20.995  3108  8626 D InputTransport: Input channel destroyed: '3f11392', fd=1360
09-25 13:19:20.996  5639  5639 D InsetsController: onStateChanged: InsetsState: {mDisplayFrame=Rect(0, 0 - 1440, 3088), mDisplayCutout=DisplayCutout{insets=Rect(0, 100 - 0, 0) waterfall=Insets{left=0, top=0, right=0, bottom=0} boundingRect={Bounds=[Rect(0, 0 - 0, 0), Rect(685, 0 - 756, 100), Rect(0, 0 - 0, 0), Rect(0, 0 - 0, 0)]} cutoutPathParserInfo={CutoutPathParserInfo{displayWidth=1440 displayHeight=3088 physicalDisplayWidth=1440 physicalDisplayHeight=3088 density={3.75} cutoutSpec={M 0,0 H -9.466666666666667 V 26.66666666666667‬ H 9.466666666666667 V 0 H 0 Z @dp} rotation={0} scale={1.0} physicalPixelDisplaySizeRatio={1.0}}}}, mRoundedCorners=RoundedCorners{[RoundedCorner{position=TopLeft, radius=14, center=Point(14, 14)}, RoundedCorner{position=TopRight, radius=14, center=Point(1426, 14)}, RoundedCorner{position=BottomRight, radius=14, center=Point(1426, 3074)}, RoundedCorner{position=BottomLeft, radius=14, center=Point(14, 3074)}]}  mRoundedCornerFrame=Rect(0, 0 - 1440, 3088), mPrivacyIndicatorBounds=PrivacyIndicatorBounds {static bounds=Rect(1286, 0 - 1440, 100) rotation=0}, mSources= { InsetsSource: {mType=ITYPE_STATUS_BAR, mFrame=[0,0][1440,100], mVisible=true, mInsetsRoundedCornerFrame=false}, InsetsSource: {mType=ITYPE_NAVIGATION_BAR, mFrame=[0,3088][1440,3088], mVisible=true, mInsetsRoundedCornerFrame=false}, InsetsSource: {mType=ITYPE_LEFT_GESTURES, mFrame=[0,0][0,3088], mVisible=true, mInsetsRoundedCornerFrame=false}, InsetsSource: {mType=ITYPE_RIGHT_GESTURES, mFrame=[1440,0][1440,3088], mVisible=true, mInsetsRoundedCornerFrame=false}, InsetsSource: {mType=ITYPE_TOP_MANDATORY_GESTURES, mFrame=[0,0][1440,142], mVisible=true, mInsetsRoundedCornerFrame=false}, InsetsSource: {mType=ITYPE_BOTTOM_MANDATORY_GESTURES, mFrame=[0,3018][1440,3088], mVisible=true, mInsetsRoundedCornerFrame=false}, InsetsSource: {mType=ITYPE_LEFT_DISPLAY_CUTOUT, mFrame=[0,0][-100000,3088], mVisible=true, mInsetsRoundedCornerFrame=false}, InsetsSource: {mType=ITYPE_TOP_DISPLAY_CUTOUT, mFrame=[0,0][1440,100], mVisible=true, mInsetsRoundedCornerFrame=false}, InsetsSource: {mType=ITYPE_RIGHT_DISPLAY_CUTOUT, mFrame=[100000,0][1440,3088], mVisible=true, mInsetsRoundedCornerFrame=false}, InsetsSource: {mType=ITYPE_BOTTOM_DISPLAY_CUTOUT, mFrame=[0,100000][1440,3088], mVisible=true, mInsetsRoundedCornerFrame=false}, InsetsSource: {mType=ITYPE_TOP_TAPPABLE_ELEMENT, mFrame=[0,0][1440,100], mVisible=true, mInsetsRoundedCornerFrame=false}, InsetsSource: {mType=ITYPE_BOTTOM_TAPPABLE_ELEMENT, mFrame=[0,0][0,0], mVisible=true, mInsetsRoundedCornerFrame=false} } host=com.example.dogglers/androidx.test.core.app.InstrumentationActivityInvoker$EmptyActivity from=android.view.ViewRootImpl.setView:1732
09-25 13:19:20.998  5639  5639 I ViewRootImpl@40ffa85[InstrumentationActivityInvoker$EmptyActivity]: setView = com.android.internal.policy.DecorView@4eab5ce TM=true
09-25 13:19:20.998  5639  5639 I MSHandlerLifeCycle: removeMultiSplitHandler: no exist. decor=DecorView@4eab5ce[InstrumentationActivityInvoker$EmptyActivity]
09-25 13:19:20.998  3108  3338 D AnalyticsContainerHandler: handleMessage : { when=0 what=1 target=com.android.server.knox.KnoxAnalyticsContainer$AnalyticsHandler }
09-25 13:19:20.998  1914  4196 I SurfaceFlinger: id=162094 Removed Surface(name=6a358c3 InputMethod)/@0x1a6cc79 - animation-leash of insets_animation#162094 (349)
09-25 13:19:20.999  3108  8626 D InputMethodManagerService: isImeSwitcherDisabledPackage : false
09-25 13:19:20.999   586   586 I InputMethodService: removeImeSurface
09-25 13:19:20.999   586   586 I MSHandlerLifeCycle: check: return. pkg=com.google.android.inputmethod.latin isActivity=false callers=com.android.internal.policy.DecorView.setVisibility:4412 android.app.Dialog.hide:767 android.inputmethodservice.InputMethodService.removeImeSurface:1290 android.inputmethodservice.InputMethodService.scheduleImeSurfaceRemoval:1279 android.inputmethodservice.InputMethodService.-$$Nest$mscheduleImeSurfaceRemoval:0
09-25 13:19:20.999   586   586 I MSHandlerLifeCycle: removeMultiSplitHandler: no exist. decor=DecorView@3ddf8c7[InputMethod]
09-25 13:19:21.000  5639  5639 I ViewRootImpl@40ffa85[InstrumentationActivityInvoker$EmptyActivity]: performTraversals params={(0,0)(fillxfill) sim={adjust=pan forwardNavigation} ty=BASE_APPLICATION wanim=0x1030001
09-25 13:19:21.000  5639  5639 I ViewRootImpl@40ffa85[InstrumentationActivityInvoker$EmptyActivity]:   fl=1810100
09-25 13:19:21.000  5639  5639 I ViewRootImpl@40ffa85[InstrumentationActivityInvoker$EmptyActivity]:   pfl=12020040
09-25 13:19:21.000  5639  5639 I ViewRootImpl@40ffa85[InstrumentationActivityInvoker$EmptyActivity]:   bhv=DEFAULT
09-25 13:19:21.000  5639  5639 I ViewRootImpl@40ffa85[InstrumentationActivityInvoker$EmptyActivity]:   fitSides= naviIconColor=0}
09-25 13:19:21.001  5639  5639 I ViewRootImpl@40ffa85[InstrumentationActivityInvoker$EmptyActivity]: performTraversals mFirst=true windowShouldResize=true viewVisibilityChanged=false mForceNextWindowRelayout=false params={(0,0)(fillxfill) sim={adjust=pan forwardNavigation} ty=BASE_APPLICATION wanim=0x1030001
09-25 13:19:21.001  5639  5639 I ViewRootImpl@40ffa85[InstrumentationActivityInvoker$EmptyActivity]:   fl=1810100
09-25 13:19:21.001  5639  5639 I ViewRootImpl@40ffa85[InstrumentationActivityInvoker$EmptyActivity]:   pfl=12020040
09-25 13:19:21.001  5639  5639 I ViewRootImpl@40ffa85[InstrumentationActivityInvoker$EmptyActivity]:   bhv=DEFAULT
09-25 13:19:21.001  5639  5639 I ViewRootImpl@40ffa85[InstrumentationActivityInvoker$EmptyActivity]:   fitSides= naviIconColor=0}
09-25 13:19:21.001  3108  6456 V WindowManager: Relayout Window{3f11392 u0 com.example.dogglers/androidx.test.core.app.InstrumentationActivityInvoker$EmptyActivity}: viewVisibility=0 req=1440x3088 d0
09-25 13:19:21.001  1914  4196 I SurfaceFlinger: id=162104 createSurf, flag=40004, com.example.dogglers/androidx.test.core.app.InstrumentationActivityInvoker$EmptyActivity$_5639#162104
09-25 13:19:21.004  1914  4196 I SurfaceFlinger: id=162105 createSurf, flag=24000, Surface(name=4eb27f5 StatusBar)/@0x43fa543 - animation-leash of insets_animation#162105
09-25 13:19:21.004  1914  1914 I Layer   : id=162094 Destroyed Surface(name=6a358c3 InputMethod)/@0x1a6cc79 - animation-leash of insets_animation#162094
09-25 13:19:21.005  1914  2140 I SurfaceFlinger: id=162106 createSurf, flag=24000, Surface(name=d110b4c NavigationBar0)/@0x8bdb781 - animation-leash of insets_animation#162106
09-25 13:19:21.006  3108  6456 V WindowManager: Relayout hash=3f11392, pid=5639, syncId=-1: mAttrs={(0,0)(fillxfill) sim={adjust=pan forwardNavigation} ty=BASE_APPLICATION wanim=0x1030001
09-25 13:19:21.006  3108  6456 V WindowManager:   fl=1810100
09-25 13:19:21.006  3108  6456 V WindowManager:   pfl=12020040
09-25 13:19:21.006  3108  6456 V WindowManager:   bhv=DEFAULT
09-25 13:19:21.006  3108  6456 V WindowManager:   fitSides= naviIconColor=0}
09-25 13:19:21.007  5639  5639 D InsetsController: onStateChanged: InsetsState: {mDisplayFrame=Rect(0, 0 - 1440, 3088), mDisplayCutout=DisplayCutout{insets=Rect(0, 100 - 0, 0) waterfall=Insets{left=0, top=0, right=0, bottom=0} boundingRect={Bounds=[Rect(0, 0 - 0, 0), Rect(685, 0 - 756, 100), Rect(0, 0 - 0, 0), Rect(0, 0 - 0, 0)]} cutoutPathParserInfo={CutoutPathParserInfo{displayWidth=1440 displayHeight=3088 physicalDisplayWidth=1440 physicalDisplayHeight=3088 density={3.75} cutoutSpec={M 0,0 H -9.466666666666667 V 26.66666666666667‬ H 9.466666666666667 V 0 H 0 Z @dp} rotation={0} scale={1.0} physicalPixelDisplaySizeRatio={1.0}}}}, mRoundedCorners=RoundedCorners{[RoundedCorner{position=TopLeft, radius=14, center=Point(14, 14)}, RoundedCorner{position=TopRight, radius=14, center=Point(1426, 14)}, RoundedCorner{position=BottomRight, radius=14, center=Point(1426, 3074)}, RoundedCorner{position=BottomLeft, radius=14, center=Point(14, 3074)}]}  mRoundedCornerFrame=Rect(0, 0 - 1440, 3088), mPrivacyIndicatorBounds=PrivacyIndicatorBounds {static bounds=Rect(1286, 0 - 1440, 100) rotation=0}, mSources= { InsetsSource: {mType=ITYPE_STATUS_BAR, mFrame=[0,0][1440,100], mVisible=true, mInsetsRoundedCornerFrame=false}, InsetsSource: {mType=ITYPE_NAVIGATION_BAR, mFrame=[0,3088][1440,3088], mVisible=true, mInsetsRoundedCornerFrame=false}, InsetsSource: {mType=ITYPE_LEFT_GESTURES, mFrame=[0,0][0,3088], mVisible=true, mInsetsRoundedCornerFrame=false}, InsetsSource: {mType=ITYPE_RIGHT_GESTURES, mFrame=[1440,0][1440,3088], mVisible=true, mInsetsRoundedCornerFrame=false}, InsetsSource: {mType=ITYPE_TOP_MANDATORY_GESTURES, mFrame=[0,0][1440,142], mVisible=true, mInsetsRoundedCornerFrame=false}, InsetsSource: {mType=ITYPE_BOTTOM_MANDATORY_GESTURES, mFrame=[0,3018][1440,3088], mVisible=true, mInsetsRoundedCornerFrame=false}, InsetsSource: {mType=ITYPE_LEFT_DISPLAY_CUTOUT, mFrame=[0,0][-100000,3088], mVisible=true, mInsetsRoundedCornerFrame=false}, InsetsSource: {mType=ITYPE_TOP_DISPLAY_CUTOUT, mFrame=[0,0][1440,100], mVisible=true, mInsetsRoundedCornerFrame=false}, InsetsSource: {mType=ITYPE_RIGHT_DISPLAY_CUTOUT, mFrame=[100000,0][1440,3088], mVisible=true, mInsetsRoundedCornerFrame=false}, InsetsSource: {mType=ITYPE_BOTTOM_DISPLAY_CUTOUT, mFrame=[0,100000][1440,3088], mVisible=true, mInsetsRoundedCornerFrame=false}, InsetsSource: {mType=ITYPE_TOP_TAPPABLE_ELEMENT, mFrame=[0,0][1440,100], mVisible=true, mInsetsRoundedCornerFrame=false}, InsetsSource: {mType=ITYPE_BOTTOM_TAPPABLE_ELEMENT, mFrame=[0,0][0,0], mVisible=true, mInsetsRoundedCornerFrame=false}, InsetsSource: {mType=ITYPE_IME, mFrame=[0,0][0,0], mVisibleFrame=[0,3088][1440,3088], mVisible=false, mInsetsRoundedCornerFrame=false} } host=com.example.dogglers/androidx.test.core.app.InstrumentationActivityInvoker$EmptyActivity from=android.view.ViewRootImpl.relayoutWindow:9802
09-25 13:19:21.007  5639  5639 I ViewRootImpl@40ffa85[InstrumentationActivityInvoker$EmptyActivity]: updateBlastSurfaceIfNeeded mBlastBufferQueue=null isSameSurfaceControl=false
09-25 13:19:21.008  5639  5639 I BLASTBufferQueue: new BLASTBufferQueue, mName= ViewRootImpl@40ffa85[InstrumentationActivityInvoker$EmptyActivity] mNativeObject= 0xb4000077a1042300 sc.mNativeObject= 0xb4000077b1d46bc0 caller= android.view.ViewRootImpl.updateBlastSurfaceIfNeeded:2909 android.view.ViewRootImpl.relayoutWindow:9847 android.view.ViewRootImpl.performTraversals:3884 android.view.ViewRootImpl.doTraversal:3116 android.view.ViewRootImpl$TraversalRunnable.run:10885 android.view.Choreographer$CallbackRecord.run:1301 android.view.Choreographer$CallbackRecord.run:1309 android.view.Choreographer.doCallbacks:923 android.view.Choreographer.doFrame:852 android.view.Choreographer$FrameDisplayEventReceiver.run:1283
09-25 13:19:21.008  5639  5639 I BLASTBufferQueue: update, w= 1440 h= 3088 mName = ViewRootImpl@40ffa85[InstrumentationActivityInvoker$EmptyActivity] mNativeObject= 0xb4000077a1042300 sc.mNativeObject= 0xb4000077b1d46bc0 format= -1 caller= android.graphics.BLASTBufferQueue.<init>:84 android.view.ViewRootImpl.updateBlastSurfaceIfNeeded:2909 android.view.ViewRootImpl.relayoutWindow:9847 android.view.ViewRootImpl.performTraversals:3884 android.view.ViewRootImpl.doTraversal:3116 android.view.ViewRootImpl$TraversalRunnable.run:10885
09-25 13:19:21.008  5639  5639 I ViewRootImpl@40ffa85[InstrumentationActivityInvoker$EmptyActivity]: Relayout returned: old=(0,0,1440,3088) new=(0,0,1440,3088) req=(1440,3088)0 dur=6 res=0x3 s={true 0xb40000773468e800} ch=true seqId=0
09-25 13:19:21.008  5639  5639 I ViewRootImpl@40ffa85[InstrumentationActivityInvoker$EmptyActivity]: performConfigurationChange setNightDimText nightDimLevel=0
09-25 13:19:21.008  5639  5639 I ViewRootImpl@40ffa85[InstrumentationActivityInvoker$EmptyActivity]: mThreadedRenderer.initialize() mSurface={isValid=true 0xb40000773468e800} hwInitialized=true
09-25 13:19:21.008  5639  5729 D OpenGLRenderer: eglCreateWindowSurface
09-25 13:19:21.009  5639  5639 I ViewRootImpl@40ffa85[InstrumentationActivityInvoker$EmptyActivity]: reportNextDraw android.view.ViewRootImpl.performTraversals:4438 android.view.ViewRootImpl.doTraversal:3116 android.view.ViewRootImpl$TraversalRunnable.run:10885 android.view.Choreographer$CallbackRecord.run:1301 android.view.Choreographer$CallbackRecord.run:1309
09-25 13:19:21.009  5639  5639 I ViewRootImpl@40ffa85[InstrumentationActivityInvoker$EmptyActivity]: Setup new sync id=0
09-25 13:19:21.009  5639  5639 I ViewRootImpl@40ffa85[InstrumentationActivityInvoker$EmptyActivity]: Setting syncFrameCallback
09-25 13:19:21.009  5639  5639 I ViewRootImpl@40ffa85[InstrumentationActivityInvoker$EmptyActivity]: registerCallbacksForSync syncBuffer=false
09-25 13:19:21.010  5639  5772 I ViewRootImpl@40ffa85[InstrumentationActivityInvoker$EmptyActivity]: Received frameDrawingCallback syncResult=0 frameNum=1.
09-25 13:19:21.010  5639  5772 I ViewRootImpl@40ffa85[InstrumentationActivityInvoker$EmptyActivity]: Setting up sync and frameCommitCallback
09-25 13:19:21.011  5639  5729 I BLASTBufferQueue: [ViewRootImpl@40ffa85[InstrumentationActivityInvoker$EmptyActivity]#14](f:0,a:0) onFrameAvailable the first frame is available
09-25 13:19:21.011  5639  5729 I ViewRootImpl@40ffa85[InstrumentationActivityInvoker$EmptyActivity]: Received frameCommittedCallback lastAttemptedDrawFrameNum=1 didProduceBuffer=true
09-25 13:19:21.011  5639  5729 D OpenGLRenderer: CFMS:: SetUp Pid : 5639    Tid : 5729
09-25 13:19:21.013  1914  1914 I Layer   : id=162098 removedFromDrawingState Surface(name=4eb27f5 StatusBar)/@0x43fa543 - animation-leash of insets_animation#162098 (351)
09-25 13:19:21.013  1914  1914 I Layer   : id=162099 removedFromDrawingState Surface(name=d110b4c NavigationBar0)/@0x8bdb781 - animation-leash of insets_animation#162099 (351)
09-25 13:19:21.013  1914  1914 I SurfaceFlinger: [3f11392 com.example.dogglers/androidx.test.core.app.InstrumentationActivityInvoker$EmptyActivity#162103] FrameRatePriority: 1
09-25 13:19:21.015  3108  6472 D InputDispatcher: Focus request (0): 3f11392 com.example.dogglers/androidx.test.core.app.InstrumentationActivityInvoker$EmptyActivity but waiting because NO_WINDOW
09-25 13:19:21.015  5639  5639 I ViewRootImpl@40ffa85[InstrumentationActivityInvoker$EmptyActivity]: onSyncComplete
09-25 13:19:21.015  5639  5639 I ViewRootImpl@40ffa85[InstrumentationActivityInvoker$EmptyActivity]: setupSync seqId=0 mSyncId=0 fn=1 caller=android.view.ViewRootImpl$$ExternalSyntheticLambda11.accept:6 android.window.SurfaceSyncer.lambda$setupSync$1$android-window-SurfaceSyncer:128 android.window.SurfaceSyncer$$ExternalSyntheticLambda1.accept:8 android.window.SurfaceSyncer$SyncSet.checkIfSyncIsComplete:382 android.window.SurfaceSyncer$SyncSet.markSyncReady:359 android.window.SurfaceSyncer.markSyncReady:151 android.view.ViewRootImpl.performTraversals:4503
09-25 13:19:21.016  5639  5639 I ViewRootImpl@40ffa85[InstrumentationActivityInvoker$EmptyActivity]: reportDrawFinished seqId=0 mSyncId=-1 fn=1 mSurfaceChangedTransaction=0xb40000774d51a700
09-25 13:19:21.016  5639  5639 I ViewRootImpl@f7d045d[InstrumentationActivityInvoker$EmptyActivity]: MSG_WINDOW_FOCUS_CHANGED 0 0
09-25 13:19:21.018  3108  3227 I ActivityTaskManager: Displayed com.example.dogglers/androidx.test.core.app.InstrumentationActivityInvoker$EmptyActivity: +55ms
09-25 13:19:21.018  5759  5759 E pageboostd: Received HALT command code 2
09-25 13:19:21.019  1914  2140 I SurfaceFlinger: id=162107 createSurf, flag=80000, 16cf6df ActivityRecordInputSink com.example.dogglers/androidx.test.core.app.InstrumentationActivityInvoker$EmptyActivity#162107
09-25 13:19:21.022  1914  2140 I SurfaceFlinger: id=162099 Removed Surface(name=d110b4c NavigationBar0)/@0x8bdb781 - animation-leash of insets_animation#162099 (352)
09-25 13:19:21.022  1914  2140 I SurfaceFlinger: id=162098 Removed Surface(name=4eb27f5 StatusBar)/@0x43fa543 - animation-leash of insets_animation#162098 (352)
09-25 13:19:21.023  5639  5639 I ViewRootImpl@f7d045d[InstrumentationActivityInvoker$EmptyActivity]: handleAppVisibility mAppVisible = true visible = false
09-25 13:19:21.023  3108  3231 I SemDvfsHyPerManager: acquire hyper - AMS_RESUME_TAIL/3108@20, type = -999
09-25 13:19:21.023  3108  3231 I SemDvfsHyPerManager: acquire hyper - AMS_ACT_LAZY/3108@21, type = -999
09-25 13:19:21.023  1809  1855 I HYPER-HAL: [RequestManager.cpp]acquire(): Acquired ID : 4893776  [3108 / 20]    HINT : AMS_RESUME_TAIL    list :
09-25 13:19:21.024  1809  1855 I HYPER-HAL: [RequestManager.cpp]acquire(): Acquired ID : 4896906  [3108 / 21]    HINT : AMS_ACT_LAZY    list :
09-25 13:19:21.026  1809  1855 I HYPER-HAL: [RequestManager.cpp]releaseLocked(): Released ID : 4887519
09-25 13:19:21.029  5369  5752 I QuickstepModelDelegate: Widget predictions updated
09-25 13:19:21.029  1914  1914 I Layer   : Layer [com.example.dogglers/androidx.test.core.app.InstrumentationActivityInvoker$EmptyActivity$_5639#162104] hidden!! flag(0)
09-25 13:19:21.029  1914  1914 I Layer   : Layer [com.example.dogglers/androidx.test.core.app.InstrumentationActivityInvoker$EmptyActivity$_5639#162097] hidden!! flag(1)
09-25 13:19:21.030  1914  1914 I Layer   : id=162099 Destroyed Surface(name=d110b4c NavigationBar0)/@0x8bdb781 - animation-leash of insets_animation#162099
09-25 13:19:21.030  1914  1914 I Layer   : id=162098 Destroyed Surface(name=4eb27f5 StatusBar)/@0x43fa543 - animation-leash of insets_animation#162098
09-25 13:19:21.030  5639  5729 D OpenGLRenderer: setSurface called with nullptr
09-25 13:19:21.030  5639  5729 D OpenGLRenderer: setSurface() destroyed EGLSurface
09-25 13:19:21.030  5639  5729 D OpenGLRenderer: destroyEglSurface
09-25 13:19:21.030  5639  5639 I ViewRootImpl@f7d045d[InstrumentationActivityInvoker$EmptyActivity]: performTraversals mFirst=false windowShouldResize=false viewVisibilityChanged=true mForceNextWindowRelayout=false params=null
09-25 13:19:21.031  3108  6472 V WindowManager: Relayout Window{f9463da u0 com.example.dogglers/androidx.test.core.app.InstrumentationActivityInvoker$EmptyActivity}: viewVisibility=8 req=1440x3088 d0
09-25 13:19:21.031  3108  8626 D InputDispatcher: Focus entered window (0): 3f11392 com.example.dogglers/androidx.test.core.app.InstrumentationActivityInvoker$EmptyActivity
09-25 13:19:21.032  3108  6472 V WindowManager: Relayout hash=f9463da, pid=5639, syncId=-1: mAttrs={(0,0)(fillxfill) sim={adjust=pan forwardNavigation} ty=BASE_APPLICATION wanim=0x1030001
09-25 13:19:21.032  3108  6472 V WindowManager:   fl=1810100
09-25 13:19:21.032  3108  6472 V WindowManager:   pfl=12020040
09-25 13:19:21.032  3108  6472 V WindowManager:   bhv=DEFAULT
09-25 13:19:21.032  3108  6472 V WindowManager:   fitSides= naviIconColor=0}
09-25 13:19:21.032  1914  1914 D SurfaceFlinger: Display 4630947093241269891 HWC layers:
09-25 13:19:21.032  1914  1914 D SurfaceFlinger:      DEVICE | 0xb400007af6c14500 | 0102 | RGBA_8888    |    0.0    0.0 1440.0 3088.0 |    0    0 1440 3088 | com.example.dogglers/androidx.test.c[...]tyInvoker$EmptyActivity$_5639#162104
09-25 13:19:21.032  1914  1914 D SurfaceFlinger:      DEVICE | 0xb400007af6c14880 | 0100 | RGBA_8888    |    0.0    0.0 1440.0  100.0 |    0    0 1440  100 | StatusBar$_4768#95
09-25 13:19:21.032  1914  1914 D SurfaceFlinger:      DEVICE | 0xb400007af8705400 | 0100 | RGBA_8888    |    0.0    0.0   67.0  589.0 |    0  562   67 1151 | com.samsung.android.app.cocktailbars[...]vice.CocktailBarService$_8423#156853
09-25 13:19:21.032  1914  1914 D SurfaceFlinger:      DEVICE | 0xb400007af8705500 | 0100 | RGBA_8888    |    0.0    0.0  518.0   48.0 |  922 3040 1440 3088 | SGestureOverlayWindow$_5369#156268
09-25 13:19:21.032  1914  1914 D SurfaceFlinger:      DEVICE | 0xb400007af6c15880 | 0100 | RGBA_8888    |    0.0    0.0 1440.0  168.0 |    0 2920 1440 3088 | NavigationBar0$_4768#92
09-25 13:19:21.032  1914  1914 D SurfaceFlinger:
09-25 13:19:21.034  5639  5639 I ViewRootImpl@f7d045d[InstrumentationActivityInvoker$EmptyActivity]: Relayout returned: old=(0,0,1440,3088) new=(0,0,1440,3088) req=(1440,3088)8 dur=2 res=0x2 s={false 0x0} ch=true seqId=0
09-25 13:19:21.037  5639  5639 I ViewRootImpl@f7d045d[InstrumentationActivityInvoker$EmptyActivity]: stopped(true) old = false
09-25 13:19:21.037  5639  5639 I ViewRootImpl@f7d045d[InstrumentationActivityInvoker$EmptyActivity]: WindowStopped on com.example.dogglers/androidx.test.core.app.InstrumentationActivityInvoker$EmptyActivity set to true
09-25 13:19:21.037  5639  5639 D LifecycleMonitor: Lifecycle status change: androidx.test.core.app.InstrumentationActivityInvoker$EmptyActivity@ef6692b in: STOPPED
09-25 13:19:21.038  5639  5639 V ActivityScenario: Activity lifecycle changed event received but ignored because the intent does not match. startActivityIntent=Intent { act=android.intent.action.MAIN cat=[android.intent.category.LAUNCHER] cmp=com.example.dogglers/.MainActivity }, activity.getIntent()=Intent { act=android.intent.action.MAIN cat=[android.intent.category.LAUNCHER] flg=0x10000000 cmp=com.example.dogglers/androidx.test.core.app.InstrumentationActivityInvoker$EmptyActivity }, activity=androidx.test.core.app.InstrumentationActivityInvoker$EmptyActivity@ef6692b
09-25 13:19:21.038  5639  5639 I MSHandlerLifeCycle: removeMultiSplitHandler: no exist. decor=DecorView@a771746[InstrumentationActivityInvoker$EmptyActivity]
09-25 13:19:21.038  5639  5639 I ViewRootImpl@40ffa85[InstrumentationActivityInvoker$EmptyActivity]: MSG_WINDOW_FOCUS_CHANGED 1 0
09-25 13:19:21.038  5639  5639 I ViewRootImpl@40ffa85[InstrumentationActivityInvoker$EmptyActivity]: mThreadedRenderer.initializeIfNeeded()#2 mSurface={isValid=true 0xb40000773468e800}
09-25 13:19:21.039  5639  5639 D InputMethodManager: startInputInner - Id : 0
09-25 13:19:21.039  5639  5639 I InputMethodManager: startInputInner - mService.startInputOrWindowGainedFocus
09-25 13:19:21.039  3108  6472 D InputMethodManagerService: DESKTOP MODE! : 2
09-25 13:19:21.039  3108  6472 D InputMethodManagerService: NOT IN KNOX DESKTOP MODE!
09-25 13:19:21.039  3108  6472 V InputMethodManagerService: getDisplayIdOfInputMethodWindowToBeAdded: displayId=0
09-25 13:19:21.039  3108  6472 D InputMethodManagerService: isImeSwitcherDisabledPackage : false
09-25 13:19:21.039  3108  6472 D InputMethodManagerService: checkDisplayOfStartInputAndUpdateKeyboard: displayId=0, mFocusedDisplayId=0
09-25 13:19:21.039  3108  6472 D InputTransport: Input channel constructed: 'ClientS', fd=1360
09-25 13:19:21.039  3108  6472 D InputTransport: Input channel destroyed: 'ClientS', fd=1360
09-25 13:19:21.040  5639  5639 D LifecycleMonitor: Lifecycle status change: androidx.test.core.app.InstrumentationActivityInvoker$EmptyActivity@ef6692b in: DESTROYED
09-25 13:19:21.040  5639  5639 V ActivityScenario: Activity lifecycle changed event received but ignored because the intent does not match. startActivityIntent=Intent { act=android.intent.action.MAIN cat=[android.intent.category.LAUNCHER] cmp=com.example.dogglers/.MainActivity }, activity.getIntent()=Intent { act=android.intent.action.MAIN cat=[android.intent.category.LAUNCHER] flg=0x10000000 cmp=com.example.dogglers/androidx.test.core.app.InstrumentationActivityInvoker$EmptyActivity }, activity=androidx.test.core.app.InstrumentationActivityInvoker$EmptyActivity@ef6692b
09-25 13:19:21.040  5639  5639 I MSHandlerLifeCycle: removeMultiSplitHandler: no exist. decor=DecorView@a771746[InstrumentationActivityInvoker$EmptyActivity]
09-25 13:19:21.040   586   586 I GoogleInputMethodService: GoogleInputMethodService.onFinishInput():3267
09-25 13:19:21.041  1914  3199 I SurfaceFlinger: id=162108 createSurf, flag=24004, Surface(name=6a358c3 InputMethod)/@0x1a6cc79 - animation-leash of insets_animation#162108
09-25 13:19:21.041   586   586 I GoogleInputMethodService: GoogleInputMethodService.updateDeviceLockedStatus():2097 repeatCheckTimes = 0, locked = false
09-25 13:19:21.041   586   586 D InputMethodService: checkFocusedDisplay() display Id 0last 0
09-25 13:19:21.041   586   586 I GoogleInputMethodService: GoogleInputMethodService.onStartInput():1889 onStartInput(EditorInfo{EditorInfo{packageName=com.example.dogglers, inputType=0, inputTypeString=NULL, enableLearning=false, autoCorrection=false, autoComplete=false, imeOptions=0, privateImeOptions=null, actionName=UNSPECIFIED, actionLabel=null, initialSelStart=-1, initialSelEnd=-1, initialCapsMode=0, label=null, fieldId=-1, fieldName=null, extras=Bundle[{displayId=0}], hintText=null, hintLocales=[]}}, false)
09-25 13:19:21.041   586   586 I GoogleInputMethodService: GoogleInputMethodService.updateDeviceLockedStatus():2097 repeatCheckTimes = 1, locked = false
09-25 13:19:21.045  5639  5729 D OpenGLRenderer: setSurface called with nullptr
09-25 13:19:21.045  5639  5639 I ViewRootImpl@f7d045d[InstrumentationActivityInvoker$EmptyActivity]: dispatchDetachedFromWindow
09-25 13:19:21.045  3108  8626 D InputTransport: Input channel destroyed: 'f9463da', fd=1336
09-25 13:19:21.045  3108  8626 W InputManager-JNI: Input channel object 'f9463da com.example.dogglers/androidx.test.core.app.InstrumentationActivityInvoker$EmptyActivity (client)' was disposed without first being removed with the input manager!
09-25 13:19:21.045  3108  8626 D InputTransport: Input channel destroyed: 'f9463da', fd=1337
09-25 13:19:21.046  1914  1914 I Layer   : id=162102 removedFromDrawingState Surface(name=6a358c3 InputMethod)/@0x1a6cc79 - animation-leash of insets_animation#162102 (351)
09-25 13:19:21.046  1914  1914 I Layer   : id=162097 removedFromDrawingState com.example.dogglers/androidx.test.core.app.InstrumentationActivityInvoker$EmptyActivity$_5639#162097 (351)
09-25 13:19:21.046  1914  1914 I Layer   : id=162096 removedFromDrawingState f9463da com.example.dogglers/androidx.test.core.app.InstrumentationActivityInvoker$EmptyActivity#162096 (351)
09-25 13:19:21.046  1914  1914 I SurfaceFlinger: id=162097 Removed com.example.dogglers/androidx.test.core.app.InstrumentationActivityInvoker$EmptyActivity$_5639#162097 (351)
09-25 13:19:21.046  1914  1914 I SurfaceFlinger: id=162096 Removed f9463da com.example.dogglers/androidx.test.core.app.InstrumentationActivityInvoker$EmptyActivity#162096 (351)
09-25 13:19:21.046  5639  5639 D InputTransport: Input channel destroyed: 'f9463da', fd=112
09-25 13:19:21.046  1914  1914 I Layer   : id=162096 Destroyed f9463da com.example.dogglers/androidx.test.core.app.InstrumentationActivityInvoker$EmptyActivity#162096
09-25 13:19:21.046  1914  1914 I Layer   : id=162097 Destroyed com.example.dogglers/androidx.test.core.app.InstrumentationActivityInvoker$EmptyActivity$_5639#162097
09-25 13:19:21.047  1914  2140 I SurfaceFlinger: id=162102 Removed Surface(name=6a358c3 InputMethod)/@0x1a6cc79 - animation-leash of insets_animation#162102 (349)
09-25 13:19:21.047  1914  2139 I SurfaceFlinger: id=162100 Removed e2ba4a0 ActivityRecordInputSink com.example.dogglers/androidx.test.core.app.InstrumentationActivityInvoker$EmptyActivity#162100 (349)
09-25 13:19:21.048  3108  8626 D InputDispatcher: Focus left window (0): 3f11392 com.example.dogglers/androidx.test.core.app.InstrumentationActivityInvoker$EmptyActivity
09-25 13:19:21.049  5639  5639 D LifecycleMonitor: Lifecycle status change: androidx.test.core.app.InstrumentationActivityInvoker$EmptyActivity@db7aa93 in: PAUSED
09-25 13:19:21.049  5639  5639 V ActivityScenario: Activity lifecycle changed event received but ignored because the intent does not match. startActivityIntent=Intent { act=android.intent.action.MAIN cat=[android.intent.category.LAUNCHER] cmp=com.example.dogglers/.MainActivity }, activity.getIntent()=Intent { act=android.intent.action.MAIN cat=[android.intent.category.LAUNCHER] flg=0x10000000 cmp=com.example.dogglers/androidx.test.core.app.InstrumentationActivityInvoker$EmptyActivity }, activity=androidx.test.core.app.InstrumentationActivityInvoker$EmptyActivity@db7aa93
09-25 13:19:21.049  3108  8626 I SemDvfsHyPerManager: acquire hyper - AMS_ACT_RESUME/3108@42, type = -999
09-25 13:19:21.049  1809  1855 I HYPER-HAL: [RequestManager.cpp]acquire(): Acquired ID : 4962867  [3108 / 42]    HINT : AMS_ACT_RESUME    list :
09-25 13:19:21.050  3108  8626 D InputDispatcher: Focused application(0): ActivityRecord{1a27a5b u0 com.example.dogglers/.VerticalListActivity} t7108}
09-25 13:19:21.050  1914  2139 I SurfaceFlinger: id=162109 createSurf, flag=24000, Surface(name=4eb27f5 StatusBar)/@0x43fa543 - animation-leash of insets_animation#162109
09-25 13:19:21.051  1914  2139 I SurfaceFlinger: id=162110 createSurf, flag=24000, Surface(name=d110b4c NavigationBar0)/@0x8bdb781 - animation-leash of insets_animation#162110
09-25 13:19:21.054  1914  1914 I SurfaceFlinger: [3f11392 com.example.dogglers/androidx.test.core.app.InstrumentationActivityInvoker$EmptyActivity#162103] FrameRatePriority: -1
09-25 13:19:21.055  1914  1914 I Layer   : id=162102 Destroyed Surface(name=6a358c3 InputMethod)/@0x1a6cc79 - animation-leash of insets_animation#162102
09-25 13:19:21.055  3108 29076 D RemoteAppTaskWatcher:  ****** RemoteAppTaskWatcher: Message Received 5 Task ID = 0
09-25 13:19:21.058  5639  5639 I ViewRootImpl@40ffa85[InstrumentationActivityInvoker$EmptyActivity]: MSG_WINDOW_FOCUS_CHANGED 0 0
09-25 13:19:21.058  5639  5639 I ViewRootImpl@b92b98b[VerticalListActivity]: stopped(false) old = false
09-25 13:19:21.058  5639  5639 D LifecycleMonitor: Lifecycle status change: com.example.dogglers.VerticalListActivity@b7afcb4 in: RESUMED
09-25 13:19:21.058  5639  5639 V ActivityScenario: Activity lifecycle changed event received but ignored because the intent does not match. startActivityIntent=Intent { act=android.intent.action.MAIN cat=[android.intent.category.LAUNCHER] cmp=com.example.dogglers/.MainActivity }, activity.getIntent()=Intent { cmp=com.example.dogglers/.VerticalListActivity }, activity=com.example.dogglers.VerticalListActivity@b7afcb4
09-25 13:19:21.058  3108  8626 D InputMethodManagerService: isImeSwitcherDisabledPackage : false
09-25 13:19:21.058  5639  5639 I MSHandlerLifeCycle: removeMultiSplitHandler: no exist. decor=DecorView@e25cbaa[VerticalListActivity]
09-25 13:19:21.059  5639  5639 I ViewRootImpl@40ffa85[InstrumentationActivityInvoker$EmptyActivity]: handleAppVisibility mAppVisible = true visible = false
09-25 13:19:21.059   586   586 I InputMethodService: removeImeSurface
09-25 13:19:21.059  3108  3338 D AnalyticsContainerHandler: handleMessage : { when=0 what=1 target=com.android.server.knox.KnoxAnalyticsContainer$AnalyticsHandler }
09-25 13:19:21.059   586   586 I MSHandlerLifeCycle: check: return. pkg=com.google.android.inputmethod.latin isActivity=false callers=com.android.internal.policy.DecorView.setVisibility:4412 android.app.Dialog.hide:767 android.inputmethodservice.InputMethodService.removeImeSurface:1290 android.inputmethodservice.InputMethodService.scheduleImeSurfaceRemoval:1279 android.inputmethodservice.InputMethodService.-$$Nest$mscheduleImeSurfaceRemoval:0
09-25 13:19:21.059   586   586 I MSHandlerLifeCycle: removeMultiSplitHandler: no exist. decor=DecorView@3ddf8c7[InputMethod]
09-25 13:19:21.060  3108  3230 I SemPersonaManager: SecureFolder personaId = 150
09-25 13:19:21.060 15715 18710 I WindowsLink: (TaskInfoManager) +++++++++++onRecentTaskStackUpdated
09-25 13:19:21.063  1914  1914 I Layer   : id=162095 removedFromDrawingState ActivityRecord{87e0859 u0 com.example.dogglers/androidx.test.core.app.InstrumentationActivityInvoker$EmptyActivity} t7108}#162095 (350)
09-25 13:19:21.063  1914  1914 I Layer   : id=162100 removedFromDrawingState e2ba4a0 ActivityRecordInputSink com.example.dogglers/androidx.test.core.app.InstrumentationActivityInvoker$EmptyActivity#162100 (350)
09-25 13:19:21.063  1914  1914 I Layer   : id=162105 removedFromDrawingState Surface(name=4eb27f5 StatusBar)/@0x43fa543 - animation-leash of insets_animation#162105 (350)
09-25 13:19:21.063  1914  1914 I Layer   : id=162106 removedFromDrawingState Surface(name=d110b4c NavigationBar0)/@0x8bdb781 - animation-leash of insets_animation#162106 (350)
09-25 13:19:21.063  1914  1914 I SurfaceFlinger: [fa98341 com.example.dogglers/com.example.dogglers.VerticalListActivity#162079] FrameRatePriority: 1
09-25 13:19:21.063  1914  1914 I Layer   : Layer [com.example.dogglers/androidx.test.core.app.InstrumentationActivityInvoker$EmptyActivity$_5639#162104] hidden!! flag(1)
09-25 13:19:21.063  1914  1914 I SurfaceFlinger: id=162095 Removed ActivityRecord{87e0859 u0 com.example.dogglers/androidx.test.core.app.InstrumentationActivityInvoker$EmptyActivity} t7108}#162095 (350)
09-25 13:19:21.063  1914  1914 I SurfaceFlinger: id=162105 Removed Surface(name=4eb27f5 StatusBar)/@0x43fa543 - animation-leash of insets_animation#162105 (350)
09-25 13:19:21.063  1914  1914 I SurfaceFlinger: id=162106 Removed Surface(name=d110b4c NavigationBar0)/@0x8bdb781 - animation-leash of insets_animation#162106 (350)
09-25 13:19:21.063  5639  5729 D OpenGLRenderer: setSurface called with nullptr
09-25 13:19:21.063  5639  5729 D OpenGLRenderer: setSurface() destroyed EGLSurface
09-25 13:19:21.063  5639  5729 D OpenGLRenderer: destroyEglSurface
09-25 13:19:21.063  1914  1914 I Layer   : id=162095 Destroyed ActivityRecord{87e0859 u0 com.example.dogglers/androidx.test.core.app.InstrumentationActivityInvoker$EmptyActivity} t7108}#162095
09-25 13:19:21.063  1914  1914 I Layer   : id=162100 Destroyed e2ba4a0 ActivityRecordInputSink com.example.dogglers/androidx.test.core.app.InstrumentationActivityInvoker$EmptyActivity#162100
09-25 13:19:21.063  1914  1914 I Layer   : id=162105 Destroyed Surface(name=4eb27f5 StatusBar)/@0x43fa543 - animation-leash of insets_animation#162105
09-25 13:19:21.063  1914  1914 I Layer   : id=162106 Destroyed Surface(name=d110b4c NavigationBar0)/@0x8bdb781 - animation-leash of insets_animation#162106
09-25 13:19:21.063  3108  3230 D EnterpriseDeviceManagerService: isMdmAdminPresentInternal() : MDM Admin Found - com.samsung.knox.securefolder
09-25 13:19:21.064  5639  5639 I ViewRootImpl@40ffa85[InstrumentationActivityInvoker$EmptyActivity]: performTraversals mFirst=false windowShouldResize=false viewVisibilityChanged=true mForceNextWindowRelayout=false params=null
09-25 13:19:21.064  3108  3146 V WindowManager: Relayout Window{3f11392 u0 com.example.dogglers/androidx.test.core.app.InstrumentationActivityInvoker$EmptyActivity}: viewVisibility=8 req=1440x3088 d0
09-25 13:19:21.065  3108  6472 D InputDispatcher: Focus request (0): fa98341 com.example.dogglers/com.example.dogglers.VerticalListActivity but waiting because NO_WINDOW
09-25 13:19:21.065  3108  4923 D InputDispatcher: Focus entered window (0): fa98341 com.example.dogglers/com.example.dogglers.VerticalListActivity
09-25 13:19:21.066  3108  3146 V WindowManager: Relayout hash=3f11392, pid=5639, syncId=-1: mAttrs={(0,0)(fillxfill) sim={adjust=pan forwardNavigation} ty=BASE_APPLICATION wanim=0x1030001
09-25 13:19:21.066  3108  3146 V WindowManager:   fl=1810100
09-25 13:19:21.066  3108  3146 V WindowManager:   pfl=12020040
09-25 13:19:21.066  3108  3146 V WindowManager:   bhv=DEFAULT
09-25 13:19:21.066  3108  3146 V WindowManager:   fitSides= naviIconColor=0}
09-25 13:19:21.067  1914  1914 D SurfaceFlinger: Display 4630947093241269891 HWC layers:
09-25 13:19:21.067  1914  1914 D SurfaceFlinger:      CLIENT | 0xb400007af6c13c80 | 0102 | RGBA_8888    |    0.0    0.0    0.0    0.0 |    0    0 1440    2 | bbq-wrapper#162093
09-25 13:19:21.067  1914  1914 D SurfaceFlinger:      DEVICE | 0xb400007af86f9300 | 0102 | RGBA_8888    |    0.0    0.0 1440.0 3086.0 |    0    2 1440 3088 | com.example.dogglers/com.example.dogglers.VerticalListActivity$_5639#162080
09-25 13:19:21.067  1914  1914 D SurfaceFlinger:      DEVICE | 0xb400007af6c14880 | 0100 | RGBA_8888    |    0.0    0.0 1440.0  100.0 |    0    0 1440  100 | StatusBar$_4768#95
09-25 13:19:21.067  1914  1914 D SurfaceFlinger:      DEVICE | 0xb400007af8705400 | 0100 | RGBA_8888    |    0.0    0.0   67.0  589.0 |    0  562   67 1151 | com.samsung.android.app.cocktailbars[...]vice.CocktailBarService$_8423#156853
09-25 13:19:21.067  1914  1914 D SurfaceFlinger:      DEVICE | 0xb400007af8705500 | 0100 | RGBA_8888    |    0.0    0.0  518.0   48.0 |  922 3040 1440 3088 | SGestureOverlayWindow$_5369#156268
09-25 13:19:21.067  1914  1914 D SurfaceFlinger:      DEVICE | 0xb400007af6c15880 | 0100 | RGBA_8888    |    0.0    0.0 1440.0  168.0 |    0 2920 1440 3088 | NavigationBar0$_4768#92
09-25 13:19:21.067  1914  1914 D SurfaceFlinger:
09-25 13:19:21.068  5639  5639 I ViewRootImpl@40ffa85[InstrumentationActivityInvoker$EmptyActivity]: Relayout returned: old=(0,0,1440,3088) new=(0,0,1440,3088) req=(1440,3088)8 dur=4 res=0x2 s={false 0x0} ch=true seqId=0
09-25 13:19:21.069  5639  5639 I ViewRootImpl@b92b98b[VerticalListActivity]: MSG_WINDOW_FOCUS_CHANGED 1 0
09-25 13:19:21.069  5639  5639 I ViewRootImpl@b92b98b[VerticalListActivity]: mThreadedRenderer.initializeIfNeeded()#2 mSurface={isValid=true 0xb400007734636000}
09-25 13:19:21.069  5639  5639 D InputMethodManager: startInputInner - Id : 0
09-25 13:19:21.069  5639  5639 I InputMethodManager: startInputInner - mService.startInputOrWindowGainedFocus
09-25 13:19:21.070  3108  6142 I MediaSessionMonitor: Media session stopped : controllerList empty
09-25 13:19:21.070  3108  4923 D InputMethodManagerService: DESKTOP MODE! : 2
09-25 13:19:21.070  3108  4923 D InputMethodManagerService: NOT IN KNOX DESKTOP MODE!
09-25 13:19:21.070  3108  4923 V InputMethodManagerService: getDisplayIdOfInputMethodWindowToBeAdded: displayId=0
09-25 13:19:21.070  3108  4923 D InputMethodManagerService: isImeSwitcherDisabledPackage : false
09-25 13:19:21.070  8423  8423 I ActivityUtils: HomePackage : com.sec.android.app.launcher, resumePackageName : com.example.dogglers
09-25 13:19:21.070  3108  4923 D InputMethodManagerService: checkDisplayOfStartInputAndUpdateKeyboard: displayId=0, mFocusedDisplayId=0
09-25 13:19:21.070  3108  4923 D InputTransport: Input channel constructed: 'ClientS', fd=1360
09-25 13:19:21.070  3108  4923 D InputTransport: Input channel destroyed: 'ClientS', fd=1360
09-25 13:19:21.071  5639  5703 I TestRunner: finished: clicking_vertical_list_button_displays_vertical_list(com.example.dogglers.ButtonTests)
