09-25 13:19:28.917  5639  5703 I TestRunner: started: horizontal_scroll_content_at_last_position(com.example.dogglers.HorizontalListTests)
09-25 13:19:28.918  5369  5369 I RecentsView: onTaskRemoved() taskId : 7117
09-25 13:19:28.918  5369  5369 I TopTaskTracker: onTaskRemoved : taskId = 7117
09-25 13:19:28.918  5369  5369 I RecentsView: onTaskRemoved() taskId : 7117
09-25 13:19:28.918  5369  5369 I TopTaskTracker: onTaskRemoved : taskId = 7117
09-25 13:19:28.918  5759  6443 E pageboostd: prefetch start : app comquizletquizletandroid
09-25 13:19:28.920  5639  5703 W Settings: Setting always_finish_activities has moved from android.provider.Settings.System to android.provider.Settings.Global, returning read-only value.
09-25 13:19:28.921  5759  6443 E pageboostd: comquizletquizletandroid, amt 103333888 scnt 353 fcnt 42
09-25 13:19:28.921  5759  6443 E pageboostd: prefetch end : app comquizletquizletandroid data_amount 103333888
09-25 13:19:28.922  1914  1914 I Layer   : id=162442 removedFromDrawingState ActivityRecord{eb62478 u0 com.example.dogglers/androidx.test.core.app.InstrumentationActivityInvoker$EmptyActivity} t7117}#162442 (326)
09-25 13:19:28.922  1914  1914 I Layer   : id=162443 removedFromDrawingState 88631db ActivityRecordInputSink com.example.dogglers/androidx.test.core.app.InstrumentationActivityInvoker$EmptyActivity#162443 (326)
09-25 13:19:28.922  1914  1914 I Layer   : id=162421 removedFromDrawingState Task=7117#162421 (326)
09-25 13:19:28.922  1914  1914 I Layer   : id=162459 removedFromDrawingState Task=7117#162459 (326)
09-25 13:19:28.922  1914  1914 I SurfaceFlinger: id=162442 Removed ActivityRecord{eb62478 u0 com.example.dogglers/androidx.test.core.app.InstrumentationActivityInvoker$EmptyActivity} t7117}#162442 (326)
09-25 13:19:28.922  1914  1914 I SurfaceFlinger: id=162459 Removed Task=7117#162459 (326)
09-25 13:19:28.922  1914  1914 I Layer   : id=162442 Destroyed ActivityRecord{eb62478 u0 com.example.dogglers/androidx.test.core.app.InstrumentationActivityInvoker$EmptyActivity} t7117}#162442
09-25 13:19:28.922  1914  1914 I Layer   : id=162443 Destroyed 88631db ActivityRecordInputSink com.example.dogglers/androidx.test.core.app.InstrumentationActivityInvoker$EmptyActivity#162443
09-25 13:19:28.922  1914  1914 I Layer   : id=162459 Destroyed Task=7117#162459
09-25 13:19:28.924  3108  3230 I ChimeraSystemEventListener: appLaunchIntent package name is: com.example.dogglers
09-25 13:19:28.925  3108  5688 I SemDvfsHyPerManager: acquire hyper - AMS_APP_SWITCH/3108@23, type = -999
09-25 13:19:28.926  3108 29076 D RemoteAppTaskWatcher:  ****** RemoteAppTaskWatcher: Message Received 0 Task ID = 7118
09-25 13:19:28.926  1809  1855 I HYPER-HAL: [RequestManager.cpp]acquire(): Acquired ID : 4903169  [3108 / 23]    HINT : AMS_APP_SWITCH    list :
09-25 13:19:28.926  1914  3193 I SurfaceFlinger: id=162460 createSurf, flag=24004, Task=7118#162460
09-25 13:19:28.926  8328  8328 I SemDvfsHyPerManager: acquire hyper - APP_START_SHORT/8328@19, type = -999
09-25 13:19:28.928  1914  3193 I SurfaceFlinger: id=162461 createSurf, flag=80004, ActivityRecord{23d765f u0 com.example.dogglers/androidx.test.core.app.InstrumentationActivityInvoker$BootstrapActivity} t7118}#162461
09-25 13:19:28.929  1809  1855 I HYPER-HAL: [RequestManager.cpp]acquire(): Acquired ID : 34840397  [8328 / 19]    HINT : APP_START_LOW_HEAT    list : [TIMEOUT / 1500]
09-25 13:19:28.933  2229  9007 I CameraService: onUidStateChanged: uid=10042, procState is changed. (0 -> 1)
09-25 13:19:28.933  4768  4851 D NativeCustomFrequencyManager: [NativeCFMS] BpCustomFrequencyManager::BpCustomFrequencyManager()
09-25 13:19:28.934  3108  5411 I SemDvfsHyPerManager: acquire hyper - AMS_APP_LAUNCH/3108@19, type = -999
09-25 13:19:28.934  5759  5759 E pageboostd: Received HALT command code 2
09-25 13:19:28.935  1809  1855 I HYPER-HAL: [RequestManager.cpp]acquire(): Acquired ID : 4890647  [3108 / 19]    HINT : AMS_APP_LAUNCH    list :
09-25 13:19:28.935  8328  8328 I SemDvfsHyPerManager: acquire hyper - APP_START/8328@21, type = -999
09-25 13:19:28.936  1809  1855 I HYPER-HAL: [RequestManager.cpp]acquire(): Acquired ID : 34857096  [8328 / 21]    HINT : APP_START_LOW_HEAT    list :
09-25 13:19:28.936  3108 29076 D RemoteAppTaskWatcher:  ****** RemoteAppTaskWatcher: Message Received 4 Task ID = 7118
09-25 13:19:28.936  3108 29076 D RemoteAppTaskWatcher:  ****** RemoteAppTaskWatcher: Message Received 0 Task ID = 7118
09-25 13:19:28.938  5369  5369 I BaseActivity: removeActivityFlags, flags : 16
09-25 13:19:28.938  5369  5369 I BaseActivity: removeActivityFlags, flags : 6
09-25 13:19:28.938  3108  4606 D InputTransport: Input channel constructed: 'dec7fd6', fd=1162
09-25 13:19:28.938  5369  5369 I DragController: endDrag
09-25 13:19:28.938  3108  4606 D InputTransport: Input channel constructed: 'dec7fd6', fd=1257
09-25 13:19:28.938  5369  5369 W LauncherAppWidgetHost: setShouldListenFlag, mFlags:15 flag:resume on:false isFront:false
09-25 13:19:28.938  3108  4606 D InputTransport: Input channel constructed: 'dec7fd6', fd=1259
09-25 13:19:28.938  5369  5369 I SPayUpdater: updateSpayHandler launcher activity is paused false
09-25 13:19:28.938  5369 11129 I WidgetRotationImpl: unsubscribeWidgetFocus 80
09-25 13:19:28.938  1914  3193 I SurfaceFlinger: id=162462 createSurf, flag=80004, dec7fd6 Splash Screen com.example.dogglers#162462
09-25 13:19:28.939  1914  1914 D SurfaceFlinger: GPIS:: requestGPIS
09-25 13:19:28.939  5369 11129 I IntelligentPlatformManagerImpl: unsubscribeWidgetFocus() id : 80
09-25 13:19:28.940  3108  4606 D InputTransport: Input channel destroyed: 'dec7fd6', fd=1259
09-25 13:19:28.941  4768  4843 D InsetsController: onStateChanged: InsetsState: {mDisplayFrame=Rect(0, 0 - 1440, 3088), mDisplayCutout=DisplayCutout{insets=Rect(0, 100 - 0, 0) waterfall=Insets{left=0, top=0, right=0, bottom=0} boundingRect={Bounds=[Rect(0, 0 - 0, 0), Rect(685, 0 - 756, 100), Rect(0, 0 - 0, 0), Rect(0, 0 - 0, 0)]} cutoutPathParserInfo={CutoutPathParserInfo{displayWidth=1440 displayHeight=3088 physicalDisplayWidth=1440 physicalDisplayHeight=3088 density={3.75} cutoutSpec={M 0,0 H -9.466666666666667 V 26.66666666666667‬ H 9.466666666666667 V 0 H 0 Z @dp} rotation={0} scale={1.0} physicalPixelDisplaySizeRatio={1.0}}}}, mRoundedCorners=RoundedCorners{[RoundedCorner{position=TopLeft, radius=14, center=Point(14, 14)}, RoundedCorner{position=TopRight, radius=14, center=Point(1426, 14)}, RoundedCorner{position=BottomRight, radius=14, center=Point(1426, 3074)}, RoundedCorner{position=BottomLeft, radius=14, center=Point(14, 3074)}]}  mRoundedCornerFrame=Rect(0, 0 - 1440, 3088), mPrivacyIndicatorBounds=PrivacyIndicatorBounds {static bounds=Rect(1286, 0 - 1440, 100) rotation=0}, mSources= { InsetsSource: {mType=ITYPE_STATUS_BAR, mFrame=[0,0][1440,100], mVisible=true, mInsetsRoundedCornerFrame=false}, InsetsSource: {mType=ITYPE_NAVIGATION_BAR, mFrame=[0,3088][1440,3088], mVisible=true, mInsetsRoundedCornerFrame=false}, InsetsSource: {mType=ITYPE_LEFT_GESTURES, mFrame=[0,0][0,3088], mVisible=true, mInsetsRoundedCornerFrame=false}, InsetsSource: {mType=ITYPE_RIGHT_GESTURES, mFrame=[1440,0][1440,3088], mVisible=true, mInsetsRoundedCornerFrame=false}, InsetsSource: {mType=ITYPE_TOP_MANDATORY_GESTURES, mFrame=[0,0][1440,142], mVisible=true, mInsetsRoundedCornerFrame=false}, InsetsSource: {mType=ITYPE_BOTTOM_MANDATORY_GESTURES, mFrame=[0,3018][1440,3088], mVisible=true, mInsetsRoundedCornerFrame=false}, InsetsSource: {mType=ITYPE_LEFT_DISPLAY_CUTOUT, mFrame=[0,0][-100000,3088], mVisible=true, mInsetsRoundedCornerFrame=false}, InsetsSource: {mType=ITYPE_TOP_DISPLAY_CUTOUT, mFrame=[0,0][1440,100], mVisible=true, mInsetsRoundedCornerFrame=false}, InsetsSource: {mType=ITYPE_RIGHT_DISPLAY_CUTOUT, mFrame=[100000,0][1440,3088], mVisible=true, mInsetsRoundedCornerFrame=false}, InsetsSource: {mType=ITYPE_BOTTOM_DISPLAY_CUTOUT, mFrame=[0,100000][1440,3088], mVisible=true, mInsetsRoundedCornerFrame=false}, InsetsSource: {mType=ITYPE_TOP_TAPPABLE_ELEMENT, mFrame=[0,0][1440,100], mVisible=true, mInsetsRoundedCornerFrame=false}, InsetsSource: {mType=ITYPE_BOTTOM_TAPPABLE_ELEMENT, mFrame=[0,0][0,0], mVisible=true, mInsetsRoundedCornerFrame=false} } host=Splash Screen com.example.dogglers from=android.view.ViewRootImpl.setView:1732
09-25 13:19:28.944  3108  4073 D InputDispatcher: Focused application(0): ActivityRecord{23d765f u0 com.example.dogglers/androidx.test.core.app.InstrumentationActivityInvoker$BootstrapActivity} t7118}
09-25 13:19:28.946  3108 29076 D RemoteAppTaskWatcher:  ****** RemoteAppTaskWatcher: Message Received 5 Task ID = 0
09-25 13:19:28.948  5369  5369 I TopTaskTracker: onTaskMovedToFront : taskId = 7118
09-25 13:19:28.949  3108  4605 D AS.MultiSoundManager: mForegroundUid = 10577
09-25 13:19:28.950  4768  4843 I ViewRootImpl@73c0bb5[dogglers]: setView = android.widget.FrameLayout@76eae31 TM=true
09-25 13:19:28.951  5639  5639 D LifecycleMonitor: Lifecycle status change: androidx.test.core.app.InstrumentationActivityInvoker$BootstrapActivity@8176fcd in: PRE_ON_CREATE
09-25 13:19:28.951  4768  4843 I ViewRootImpl@73c0bb5[dogglers]: performTraversals params={(0,0)(fillxfill) sim={adjust=pan} ty=APPLICATION_STARTING fmt=TRANSLUCENT wanim=0x1030001
09-25 13:19:28.951  4768  4843 I ViewRootImpl@73c0bb5[dogglers]:   fl=81030118
09-25 13:19:28.951  4768  4843 I ViewRootImpl@73c0bb5[dogglers]:   pfl=16000010
09-25 13:19:28.951  4768  4843 I ViewRootImpl@73c0bb5[dogglers]:   bhv=DEFAULT
09-25 13:19:28.951  4768  4843 I ViewRootImpl@73c0bb5[dogglers]:   fitSides= naviIconColor=0}
09-25 13:19:28.951  5639  5639 V ActivityScenario: Activity lifecycle changed event received but ignored because the intent does not match. startActivityIntent=Intent { act=android.intent.action.MAIN cat=[android.intent.category.LAUNCHER] cmp=com.example.dogglers/.HorizontalListActivity }, activity.getIntent()=Intent { act=android.intent.action.MAIN cat=[android.intent.category.LAUNCHER] flg=0x10008000 cmp=com.example.dogglers/androidx.test.core.app.InstrumentationActivityInvoker$BootstrapActivity (has extras) }, activity=androidx.test.core.app.InstrumentationActivityInvoker$BootstrapActivity@8176fcd
09-25 13:19:28.951  4768  4843 I ViewRootImpl@73c0bb5[dogglers]: performTraversals mFirst=true windowShouldResize=true viewVisibilityChanged=false mForceNextWindowRelayout=false params={(0,0)(fillxfill) sim={adjust=pan} ty=APPLICATION_STARTING fmt=TRANSLUCENT wanim=0x1030001
09-25 13:19:28.951  4768  4843 I ViewRootImpl@73c0bb5[dogglers]:   fl=81030118
09-25 13:19:28.951  4768  4843 I ViewRootImpl@73c0bb5[dogglers]:   pfl=16000010
09-25 13:19:28.951  4768  4843 I ViewRootImpl@73c0bb5[dogglers]:   bhv=DEFAULT
09-25 13:19:28.951  4768  4843 I ViewRootImpl@73c0bb5[dogglers]:   fitSides= naviIconColor=0}
09-25 13:19:28.951  6586 17206 I SAMSUNGWALLET: [Hint_ProcessStatusChange] fg Change, pid : 5639 , isNotify : false , isForeground : true , fg list : []
09-25 13:19:28.951  6586 17206 I SAMSUNGWALLET: [ProcessStatusChange] fg Change, pid : 5639 , isNotify : false , isForeground : true , fg list : []
09-25 13:19:28.951  3108  4606 V WindowManager: Relayout Window{dec7fd6 u0 Splash Screen com.example.dogglers}: viewVisibility=0 req=1440x3088 d0
09-25 13:19:28.953  1914  2140 I SurfaceFlinger: id=162463 createSurf, flag=40004, Splash Screen com.example.dogglers$_4768#162463
09-25 13:19:28.953 15715 15751 I WindowsLink: (TaskInfoManager) +++++++++++onRecentTaskStackUpdated
09-25 13:19:28.954  6586 17206 I SAMSUNGWALLET: [Hint_ProcessStatusChange] fg Change, pid : 5639 , isNotify : false , isForeground : true , fg list : []
09-25 13:19:28.954  6586 17206 I SAMSUNGWALLET: [ProcessStatusChange] fg Change, pid : 5639 , isNotify : false , isForeground : true , fg list : []
09-25 13:19:28.955  6586 17206 I SAMSUNGWALLET: [Hint_ProcessStatusChange] fg Change, pid : 5639 , isNotify : false , isForeground : true , fg list : []
09-25 13:19:28.955  6586 17206 I SAMSUNGWALLET: [ProcessStatusChange] fg Change, pid : 5639 , isNotify : false , isForeground : true , fg list : []
09-25 13:19:28.955  1914  1914 I SurfaceFlinger: [c7375dc com.sec.android.app.launcher/com.sec.android.app.launcher.activities.LauncherActivity#176] FrameRatePriority: -1
09-25 13:19:28.956  3108  4606 V WindowManager: Relayout hash=dec7fd6, pid=4768, syncId=-1: mAttrs={(0,0)(fillxfill) sim={adjust=pan} ty=APPLICATION_STARTING fmt=TRANSLUCENT wanim=0x1030001
09-25 13:19:28.956  3108  4606 V WindowManager:   fl=81030118
09-25 13:19:28.956  3108  4606 V WindowManager:   pfl=16000010
09-25 13:19:28.956  3108  4606 V WindowManager:   bhv=DEFAULT
09-25 13:19:28.956  3108  4606 V WindowManager:   fitSides= naviIconColor=0}
09-25 13:19:28.956  4768  4843 D InsetsController: onStateChanged: InsetsState: {mDisplayFrame=Rect(0, 0 - 1440, 3088), mDisplayCutout=DisplayCutout{insets=Rect(0, 100 - 0, 0) waterfall=Insets{left=0, top=0, right=0, bottom=0} boundingRect={Bounds=[Rect(0, 0 - 0, 0), Rect(685, 0 - 756, 100), Rect(0, 0 - 0, 0), Rect(0, 0 - 0, 0)]} cutoutPathParserInfo={CutoutPathParserInfo{displayWidth=1440 displayHeight=3088 physicalDisplayWidth=1440 physicalDisplayHeight=3088 density={3.75} cutoutSpec={M 0,0 H -9.466666666666667 V 26.66666666666667‬ H 9.466666666666667 V 0 H 0 Z @dp} rotation={0} scale={1.0} physicalPixelDisplaySizeRatio={1.0}}}}, mRoundedCorners=RoundedCorners{[RoundedCorner{position=TopLeft, radius=14, center=Point(14, 14)}, RoundedCorner{position=TopRight, radius=14, center=Point(1426, 14)}, RoundedCorner{position=BottomRight, radius=14, center=Point(1426, 3074)}, RoundedCorner{position=BottomLeft, radius=14, center=Point(14, 3074)}]}  mRoundedCornerFrame=Rect(0, 0 - 1440, 3088), mPrivacyIndicatorBounds=PrivacyIndicatorBounds {static bounds=Rect(1286, 0 - 1440, 100) rotation=0}, mSources= { InsetsSource: {mType=ITYPE_STATUS_BAR, mFrame=[0,0][1440,100], mVisible=true, mInsetsRoundedCornerFrame=false}, InsetsSource: {mType=ITYPE_NAVIGATION_BAR, mFrame=[0,3088][1440,3088], mVisible=true, mInsetsRoundedCornerFrame=false}, InsetsSource: {mType=ITYPE_LEFT_GESTURES, mFrame=[0,0][0,3088], mVisible=true, mInsetsRoundedCornerFrame=false}, InsetsSource: {mType=ITYPE_RIGHT_GESTURES, mFrame=[1440,0][1440,3088], mVisible=true, mInsetsRoundedCornerFrame=false}, InsetsSource: {mType=ITYPE_TOP_MANDATORY_GESTURES, mFrame=[0,0][1440,142], mVisible=true, mInsetsRoundedCornerFrame=false}, InsetsSource: {mType=ITYPE_BOTTOM_MANDATORY_GESTURES, mFrame=[0,3018][1440,3088], mVisible=true, mInsetsRoundedCornerFrame=false}, InsetsSource: {mType=ITYPE_LEFT_DISPLAY_CUTOUT, mFrame=[0,0][-100000,3088], mVisible=true, mInsetsRoundedCornerFrame=false}, InsetsSource: {mType=ITYPE_TOP_DISPLAY_CUTOUT, mFrame=[0,0][1440,100], mVisible=true, mInsetsRoundedCornerFrame=false}, InsetsSource: {mType=ITYPE_RIGHT_DISPLAY_CUTOUT, mFrame=[100000,0][1440,3088], mVisible=true, mInsetsRoundedCornerFrame=false}, InsetsSource: {mType=ITYPE_BOTTOM_DISPLAY_CUTOUT, mFrame=[0,100000][1440,3088], mVisible=true, mInsetsRoundedCornerFrame=false}, InsetsSource: {mType=ITYPE_TOP_TAPPABLE_ELEMENT, mFrame=[0,0][1440,100], mVisible=true, mInsetsRoundedCornerFrame=false}, InsetsSource: {mType=ITYPE_BOTTOM_TAPPABLE_ELEMENT, mFrame=[0,0][0,0], mVisible=true, mInsetsRoundedCornerFrame=false}, InsetsSource: {mType=ITYPE_IME, mFrame=[0,0][0,0], mVisibleFrame=[0,3088][1440,3088], mVisible=false, mInsetsRoundedCornerFrame=false} } host=Splash Screen com.example.dogglers from=android.view.ViewRootImpl.relayoutWindow:9802
09-25 13:19:28.957  3108  4074 D InputDispatcher: Focus request (0): <null> but waiting because NOT_FOCUSABLE
09-25 13:19:28.957  3108  4074 D InputDispatcher: Focus left window (0): c7375dc com.sec.android.app.launcher/com.sec.android.app.launcher.activities.LauncherActivity
09-25 13:19:28.957  5369  5369 I ViewRootImpl@7533534[LauncherActivity]: MSG_WINDOW_FOCUS_CHANGED 0 0
09-25 13:19:28.957  4768  4843 I ViewRootImpl@73c0bb5[dogglers]: updateBlastSurfaceIfNeeded mBlastBufferQueue=null isSameSurfaceControl=false
09-25 13:19:28.957  5639  5639 I DecorView: [INFO] isPopOver=false config=true
09-25 13:19:28.957  5639  5639 I DecorView: updateCaptionType: isFloating=false isApplication=true hasWindowDecorCaption=false this=DecorView@cc9bfd0[]
09-25 13:19:28.957  5639  5639 D DecorView: setCaptionType = 0, this = DecorView@cc9bfd0[]
09-25 13:19:28.957  4768  4843 I BLASTBufferQueue: new BLASTBufferQueue, mName= ViewRootImpl@73c0bb5[dogglers] mNativeObject= 0xb400007705019c80 sc.mNativeObject= 0xb400007721bd02c0 caller= android.view.ViewRootImpl.updateBlastSurfaceIfNeeded:2909 android.view.ViewRootImpl.relayoutWindow:9847 android.view.ViewRootImpl.performTraversals:3884 android.view.ViewRootImpl.doTraversal:3116 android.view.ViewRootImpl$TraversalRunnable.run:10885 android.view.Choreographer$CallbackRecord.run:1301 android.view.Choreographer$CallbackRecord.run:1309 android.view.Choreographer.doCallbacks:923 android.view.Choreographer.doFrame:852 android.view.Choreographer$FrameDisplayEventReceiver.run:1283
09-25 13:19:28.957  4768  4843 I BLASTBufferQueue: update, w= 1440 h= 3088 mName = ViewRootImpl@73c0bb5[dogglers] mNativeObject= 0xb400007705019c80 sc.mNativeObject= 0xb400007721bd02c0 format= -3 caller= android.graphics.BLASTBufferQueue.<init>:84 android.view.ViewRootImpl.updateBlastSurfaceIfNeeded:2909 android.view.ViewRootImpl.relayoutWindow:9847 android.view.ViewRootImpl.performTraversals:3884 android.view.ViewRootImpl.doTraversal:3116 android.view.ViewRootImpl$TraversalRunnable.run:10885
09-25 13:19:28.958  4768  4843 I ViewRootImpl@73c0bb5[dogglers]: Relayout returned: old=(0,0,1440,3088) new=(0,0,1440,3088) req=(1440,3088)0 dur=6 res=0x3 s={true 0xb4000076f4a6b000} ch=true seqId=0
09-25 13:19:28.958  5369  5369 I BaseActivity: removeActivityFlags, flags : 8
09-25 13:19:28.958  4768  4843 I ViewRootImpl@73c0bb5[dogglers]: performConfigurationChange setNightDimText nightDimLevel=0
09-25 13:19:28.958  4768  4843 I ViewRootImpl@73c0bb5[dogglers]: mThreadedRenderer.initialize() mSurface={isValid=true 0xb4000076f4a6b000} hwInitialized=true
09-25 13:19:28.958  5639  5639 I DecorView: getCurrentDensityDpi: from real metrics. densityDpi=560 msg=resources_loaded
09-25 13:19:28.958  4768  4851 D OpenGLRenderer: eglCreateWindowSurface
09-25 13:19:28.958  5639  5639 I DecorView: setWindowBackground: isPopOver=false color=ff010101 d=android.graphics.drawable.StateListDrawable@5383bc9
09-25 13:19:28.958  5639  5639 D LifecycleMonitor: Lifecycle status change: androidx.test.core.app.InstrumentationActivityInvoker$BootstrapActivity@8176fcd in: CREATED
09-25 13:19:28.958  5639  5639 V ActivityScenario: Activity lifecycle changed event received but ignored because the intent does not match. startActivityIntent=Intent { act=android.intent.action.MAIN cat=[android.intent.category.LAUNCHER] cmp=com.example.dogglers/.HorizontalListActivity }, activity.getIntent()=Intent { act=android.intent.action.MAIN cat=[android.intent.category.LAUNCHER] flg=0x10008000 cmp=com.example.dogglers/androidx.test.core.app.InstrumentationActivityInvoker$BootstrapActivity (has extras) }, activity=androidx.test.core.app.InstrumentationActivityInvoker$BootstrapActivity@8176fcd
09-25 13:19:28.959  4768  4843 I ViewRootImpl@73c0bb5[dogglers]: reportNextDraw android.view.ViewRootImpl.performTraversals:4438 android.view.ViewRootImpl.doTraversal:3116 android.view.ViewRootImpl$TraversalRunnable.run:10885 android.view.Choreographer$CallbackRecord.run:1301 android.view.Choreographer$CallbackRecord.run:1309
09-25 13:19:28.959  4768  4843 I ViewRootImpl@73c0bb5[dogglers]: Setup new sync id=0
09-25 13:19:28.959  4768  4843 I ViewRootImpl@73c0bb5[dogglers]: Setting syncFrameCallback
09-25 13:19:28.959  4768  4843 I ViewRootImpl@73c0bb5[dogglers]: registerCallbacksForSync syncBuffer=false
09-25 13:19:28.959  5639  5639 D LifecycleMonitor: Lifecycle status change: androidx.test.core.app.InstrumentationActivityInvoker$BootstrapActivity@8176fcd in: STARTED
09-25 13:19:28.959  5639  5639 V ActivityScenario: Activity lifecycle changed event received but ignored because the intent does not match. startActivityIntent=Intent { act=android.intent.action.MAIN cat=[android.intent.category.LAUNCHER] cmp=com.example.dogglers/.HorizontalListActivity }, activity.getIntent()=Intent { act=android.intent.action.MAIN cat=[android.intent.category.LAUNCHER] flg=0x10008000 cmp=com.example.dogglers/androidx.test.core.app.InstrumentationActivityInvoker$BootstrapActivity (has extras) }, activity=androidx.test.core.app.InstrumentationActivityInvoker$BootstrapActivity@8176fcd
09-25 13:19:28.959  4768  4861 I ViewRootImpl@73c0bb5[dogglers]: Received frameDrawingCallback syncResult=0 frameNum=1.
09-25 13:19:28.959  4768  4861 I ViewRootImpl@73c0bb5[dogglers]: Setting up sync and frameCommitCallback
09-25 13:19:28.960 15286 15346 I Rubin   : [27752] t9.a.c(SourceFile:1) : Notify com.samsung.android.rubin.inferenceengine.contextanalytics.engine.loggers.d's database is updated.
09-25 13:19:28.961  4768  4851 I BLASTBufferQueue: [ViewRootImpl@73c0bb5[dogglers]#3978](f:0,a:0) onFrameAvailable the first frame is available
09-25 13:19:28.961  6586  6586 I SAMSUNGWALLET-USBP: [AlertController] Boarding pass alert is not enabled
09-25 13:19:28.961  4768  4851 I ViewRootImpl@73c0bb5[dogglers]: Received frameCommittedCallback lastAttemptedDrawFrameNum=1 didProduceBuffer=true
09-25 13:19:28.961  6586  6586 I SAMSUNGWALLET-USBP: [AlertController] dismiss alert: NO_ALERT
09-25 13:19:28.962  4768  4851 D OpenGLRenderer: CFMS:: SetUp Pid : 4768    Tid : 4851
09-25 13:19:28.966  4768  4843 I ViewRootImpl@73c0bb5[dogglers]: onSyncComplete
09-25 13:19:28.966  5369  5369 I BadgeRenderer: Invalid count : 0
09-25 13:19:28.966  4768  4843 I ViewRootImpl@73c0bb5[dogglers]: setupSync seqId=0 mSyncId=0 fn=1 caller=android.view.ViewRootImpl$$ExternalSyntheticLambda11.accept:6 android.window.SurfaceSyncer.lambda$setupSync$1$android-window-SurfaceSyncer:128 android.window.SurfaceSyncer$$ExternalSyntheticLambda1.accept:8 android.window.SurfaceSyncer$SyncSet.checkIfSyncIsComplete:382 android.window.SurfaceSyncer$SyncSet.markSyncReady:359 android.window.SurfaceSyncer.markSyncReady:151 android.view.ViewRootImpl.performTraversals:4503
09-25 13:19:28.966  4768  4843 I ViewRootImpl@73c0bb5[dogglers]: reportDrawFinished seqId=0 mSyncId=-1 fn=1 mSurfaceChangedTransaction=0xb4000076e571f500
09-25 13:19:28.966  1914  2139 I SurfaceFlinger: id=162464 createSurf, flag=80004, ActivityRecord{38b5cba u0 com.example.dogglers/.HorizontalListActivity} t7118}#162464
09-25 13:19:28.971  5759  5759 E pageboostd: Received HALT command code 2
09-25 13:19:28.971  5639  5639 D LifecycleMonitor: Lifecycle status change: androidx.test.core.app.InstrumentationActivityInvoker$BootstrapActivity@8176fcd in: RESUMED
09-25 13:19:28.971  5639  5639 V ActivityScenario: Activity lifecycle changed event received but ignored because the intent does not match. startActivityIntent=Intent { act=android.intent.action.MAIN cat=[android.intent.category.LAUNCHER] cmp=com.example.dogglers/.HorizontalListActivity }, activity.getIntent()=Intent { act=android.intent.action.MAIN cat=[android.intent.category.LAUNCHER] flg=0x10008000 cmp=com.example.dogglers/androidx.test.core.app.InstrumentationActivityInvoker$BootstrapActivity (has extras) }, activity=androidx.test.core.app.InstrumentationActivityInvoker$BootstrapActivity@8176fcd
09-25 13:19:28.972  8130 22447 I [AirCmd]_ActivitySwitchDetector: onTaskFocusChanged : taskId 7118
09-25 13:19:28.974 15286 15346 I Rubin   : [27752] ha.e.m(SourceFile:6) : isSatisfiedByCmh is false
09-25 13:19:28.974  5639  5639 D LifecycleMonitor: Lifecycle status change: androidx.test.core.app.InstrumentationActivityInvoker$BootstrapActivity@8176fcd in: PAUSED
09-25 13:19:28.974  5639  5639 V ActivityScenario: Activity lifecycle changed event received but ignored because the intent does not match. startActivityIntent=Intent { act=android.intent.action.MAIN cat=[android.intent.category.LAUNCHER] cmp=com.example.dogglers/.HorizontalListActivity }, activity.getIntent()=Intent { act=android.intent.action.MAIN cat=[android.intent.category.LAUNCHER] flg=0x10008000 cmp=com.example.dogglers/androidx.test.core.app.InstrumentationActivityInvoker$BootstrapActivity (has extras) }, activity=androidx.test.core.app.InstrumentationActivityInvoker$BootstrapActivity@8176fcd
09-25 13:19:28.975  8130 22447 I [AirCmd]_ActivitySwitchDetector: onTaskFocusChanged : componentName - ComponentInfo{com.example.dogglers/androidx.test.core.app.InstrumentationActivityInvoker$BootstrapActivity}
09-25 13:19:28.975  8130 22447 I [AirCmd]_ActivitySwitchDetector: onTaskFocusChanged : mTopMostActivity - ComponentInfo{com.sec.android.app.launcher/com.android.launcher3.uioverrides.QuickstepLauncher}
09-25 13:19:28.976  8130 22447 I [AirCmd]_CallbackRepeater: stopRepeat : isWorking=false
09-25 13:19:28.976  8130 22447 I [AirCmd]_MediaControlStateMonitor: isForegroundAppSupportsMediaButton : mediaSession is empty
09-25 13:19:28.976  3108  6266 D InputDispatcher: Focused application(0): ActivityRecord{38b5cba u0 com.example.dogglers/.HorizontalListActivity} t7118}
09-25 13:19:28.976  8130 22447 I [AirCmd]_MediaControlStateMonitor: active Notification List is null
09-25 13:19:28.976  8130 22447 I [AirCmd]_RemoteSpenMainController: hasGeneralAction : packageName is com.example.dogglers, activityName is androidx.test.core.app.InstrumentationActivityInvoker$BootstrapActivity, hasActions is false
09-25 13:19:28.976  8130 22447 I [AirCmd]_CameraAvailabilityMonitor: isCameraPreviewOn : mIsCameraPreviewOn is false
09-25 13:19:28.976  3108 29076 D RemoteAppTaskWatcher:  ****** RemoteAppTaskWatcher: Message Received 5 Task ID = 0
09-25 13:19:28.977  1914  2140 I SurfaceFlinger: id=162465 createSurf, flag=24000, Surface(name=Task=1)/@0xeddbc98 - animation-leash of app_transition#162465
09-25 13:19:28.980  1914  2140 I SurfaceFlinger: id=162466 createSurf, flag=24004, Surface(name=Task=7118)/@0xa6cc912 - animation-leash of app_transition#162466
09-25 13:19:28.981  1914  2140 I SurfaceFlinger: id=162467 createSurf, flag=80000, 7078efe ActivityRecordInputSink com.example.dogglers/androidx.test.core.app.InstrumentationActivityInvoker$BootstrapActivity#162467
09-25 13:19:28.982  1914  2140 I SurfaceFlinger: id=162468 createSurf, flag=80000, efbf9e5 ActivityRecordInputSink com.example.dogglers/.HorizontalListActivity#162468
09-25 13:19:28.983  4768  5807 I ViewRootImpl@73c0bb5[dogglers]: Resizing android.view.ViewRootImpl@e194916: frame = [0,0][1440,3088] reportDraw = false forceLayout = false syncSeqId = 0
09-25 13:19:28.983  4768  4838 D Bubbles : onLocusVisibilityChanged: LocusId[17_chars] visible=false
09-25 13:19:28.983  4768  4843 I ViewRootImpl@73c0bb5[dogglers]: handleResized, msg = 4 frames=ClientWindowFrames{frame=[0,0][1440,3088] display=[0,0][1440,3088] parentFrame=[0,0][0,0] parentClippedByDisplayCutout=false} forceNextWindowRelayout=false displayId=0 resizeMode=-1 frameChanged=false displayFrameChanged=false configChanged=false displayChanged=false
09-25 13:19:28.984  8130 22447 I [AirCmd]_CameraAvailabilityMonitor: isCameraPreviewOn : mIsCameraPreviewOn is false
09-25 13:19:28.985  8130 22447 I [AirCmd]_MediaControlStateMonitor: isForegroundAppSupportsMediaButton : mediaSession is empty
09-25 13:19:28.985  8130 22447 I [AirCmd]_MediaControlStateMonitor: active Notification List is null
09-25 13:19:28.985  8130 22447 I [AirCmd]_PenActionRule: getAction : get default action data from remote action because pen action data is null.
09-25 13:19:28.986  8130 22447 I [AirCmd]_ButtonActionDetector: enableDoubleClickDetection: enabled=true, doubleClickWaitInterval=300
09-25 13:19:28.986  8130 22447 I [AirCmd]_RemoteSpenMainController: onSwitch : package is com.example.dogglers   and activity is androidx.test.core.app.InstrumentationActivityInvoker$BootstrapActivity and isBleConnected is false and hasActions is false
09-25 13:19:28.986  5639  5639 D LifecycleMonitor: Lifecycle status change: com.example.dogglers.HorizontalListActivity@8007da6 in: PRE_ON_CREATE
09-25 13:19:28.986  5639  5639 V ActivityScenario: Activity lifecycle changed event received but ignored because the reported transition was not ON_CREATE while the last known transition was PRE_ON_CREATE
09-25 13:19:28.987 15715 15751 I WindowsLink: (TaskInfoManager) +++++++++++onRecentTaskStackUpdated
09-25 13:19:28.987  3108  3230 D EnterpriseDeviceManagerService: isMdmAdminPresentInternal() : MDM Admin Found - com.samsung.knox.securefolder
09-25 13:19:28.989  5639  5639 I DecorView: [INFO] isPopOver=false config=true
09-25 13:19:28.989  5639  5639 I DecorView: updateCaptionType: isFloating=false isApplication=true hasWindowDecorCaption=false this=DecorView@f68a92c[]
09-25 13:19:28.989  5639  5639 D DecorView: setCaptionType = 0, this = DecorView@f68a92c[]
09-25 13:19:28.989  1914  1914 I Layer   : Layer [Splash Screen com.example.dogglers$_4768#162463] hidden!! flag(0)
09-25 13:19:28.989  5639  5639 I DecorView: getCurrentDensityDpi: from real metrics. densityDpi=560 msg=resources_loaded
09-25 13:19:28.989  5639  5639 I DecorView: setWindowBackground: isPopOver=false color=ff121212 d=android.graphics.drawable.ColorDrawable@165f18a
09-25 13:19:28.990  8423  8423 I ActivityUtils: HomePackage : com.sec.android.app.launcher, resumePackageName : com.example.dogglers
09-25 13:19:28.990  3108  6142 I MediaSessionMonitor: Media session stopped : controllerList empty
09-25 13:19:28.992  5639  5639 D LifecycleMonitor: Lifecycle status change: com.example.dogglers.HorizontalListActivity@8007da6 in: CREATED
09-25 13:19:28.992  5639  5639 V ActivityScenario: Update currentActivityStage to CREATED, currentActivity=com.example.dogglers.HorizontalListActivity@8007da6
09-25 13:19:28.993  5639  5639 D LifecycleMonitor: Lifecycle status change: com.example.dogglers.HorizontalListActivity@8007da6 in: STARTED
09-25 13:19:28.993  5639  5639 V ActivityScenario: Update currentActivityStage to STARTED, currentActivity=com.example.dogglers.HorizontalListActivity@8007da6
09-25 13:19:28.993  5639  5639 D LifecycleMonitor: Lifecycle status change: com.example.dogglers.HorizontalListActivity@8007da6 in: RESUMED
09-25 13:19:28.993  5639  5639 V ActivityScenario: Update currentActivityStage to RESUMED, currentActivity=com.example.dogglers.HorizontalListActivity@8007da6
09-25 13:19:28.993  5639  5639 I MSHandlerLifeCycle: check: return. pkg=com.example.dogglers parent=null callers=com.android.internal.policy.DecorView.setVisibility:4412 android.app.ActivityThread.handleResumeActivity:5476 android.app.servertransaction.ResumeActivityItem.execute:54 android.app.servertransaction.ActivityTransactionItem.execute:45 android.app.servertransaction.TransactionExecutor.executeLifecycleState:176
09-25 13:19:28.993  5639  5639 I MSHandlerLifeCycle: removeMultiSplitHandler: no exist. decor=DecorView@f68a92c[]
09-25 13:19:28.993  3108  3230 I SemPersonaManager: SecureFolder personaId = 150
09-25 13:19:28.994  5639  5729 D NativeCustomFrequencyManager: [NativeCFMS] BpCustomFrequencyManager::BpCustomFrequencyManager()
09-25 13:19:28.997  3108  3230 D EnterpriseDeviceManagerService: isMdmAdminPresentInternal() : MDM Admin Found - com.samsung.knox.securefolder
09-25 13:19:28.997  3108  4073 D InputTransport: Input channel constructed: 'ed04ec5', fd=1289
09-25 13:19:28.997  3108  4073 D InputTransport: Input channel constructed: 'ed04ec5', fd=1308
09-25 13:19:28.997  3108  4073 D InputTransport: Input channel constructed: 'ed04ec5', fd=1309
09-25 13:19:28.997  1914  2140 I SurfaceFlinger: id=162469 createSurf, flag=80004, ed04ec5 com.example.dogglers/com.example.dogglers.HorizontalListActivity#162469
09-25 13:19:28.998  3108  4073 D InputTransport: Input channel destroyed: 'ed04ec5', fd=1309
09-25 13:19:28.999  5639  5639 D InsetsController: onStateChanged: InsetsState: {mDisplayFrame=Rect(0, 0 - 1440, 3088), mDisplayCutout=DisplayCutout{insets=Rect(0, 100 - 0, 0) waterfall=Insets{left=0, top=0, right=0, bottom=0} boundingRect={Bounds=[Rect(0, 0 - 0, 0), Rect(685, 0 - 756, 100), Rect(0, 0 - 0, 0), Rect(0, 0 - 0, 0)]} cutoutPathParserInfo={CutoutPathParserInfo{displayWidth=1440 displayHeight=3088 physicalDisplayWidth=1440 physicalDisplayHeight=3088 density={3.75} cutoutSpec={M 0,0 H -9.466666666666667 V 26.66666666666667‬ H 9.466666666666667 V 0 H 0 Z @dp} rotation={0} scale={1.0} physicalPixelDisplaySizeRatio={1.0}}}}, mRoundedCorners=RoundedCorners{[RoundedCorner{position=TopLeft, radius=14, center=Point(14, 14)}, RoundedCorner{position=TopRight, radius=14, center=Point(1426, 14)}, RoundedCorner{position=BottomRight, radius=14, center=Point(1426, 3074)}, RoundedCorner{position=BottomLeft, radius=14, center=Point(14, 3074)}]}  mRoundedCornerFrame=Rect(0, 0 - 1440, 3088), mPrivacyIndicatorBounds=PrivacyIndicatorBounds {static bounds=Rect(1286, 0 - 1440, 100) rotation=0}, mSources= { InsetsSource: {mType=ITYPE_STATUS_BAR, mFrame=[0,0][1440,100], mVisible=true, mInsetsRoundedCornerFrame=false}, InsetsSource: {mType=ITYPE_NAVIGATION_BAR, mFrame=[0,3088][1440,3088], mVisible=true, mInsetsRoundedCornerFrame=false}, InsetsSource: {mType=ITYPE_LEFT_GESTURES, mFrame=[0,0][0,3088], mVisible=true, mInsetsRoundedCornerFrame=false}, InsetsSource: {mType=ITYPE_RIGHT_GESTURES, mFrame=[1440,0][1440,3088], mVisible=true, mInsetsRoundedCornerFrame=false}, InsetsSource: {mType=ITYPE_TOP_MANDATORY_GESTURES, mFrame=[0,0][1440,142], mVisible=true, mInsetsRoundedCornerFrame=false}, InsetsSource: {mType=ITYPE_BOTTOM_MANDATORY_GESTURES, mFrame=[0,3018][1440,3088], mVisible=true, mInsetsRoundedCornerFrame=false}, InsetsSource: {mType=ITYPE_LEFT_DISPLAY_CUTOUT, mFrame=[0,0][-100000,3088], mVisible=true, mInsetsRoundedCornerFrame=false}, InsetsSource: {mType=ITYPE_TOP_DISPLAY_CUTOUT, mFrame=[0,0][1440,100], mVisible=true, mInsetsRoundedCornerFrame=false}, InsetsSource: {mType=ITYPE_RIGHT_DISPLAY_CUTOUT, mFrame=[100000,0][1440,3088], mVisible=true, mInsetsRoundedCornerFrame=false}, InsetsSource: {mType=ITYPE_BOTTOM_DISPLAY_CUTOUT, mFrame=[0,100000][1440,3088], mVisible=true, mInsetsRoundedCornerFrame=false}, InsetsSource: {mType=ITYPE_TOP_TAPPABLE_ELEMENT, mFrame=[0,0][1440,100], mVisible=true, mInsetsRoundedCornerFrame=false}, InsetsSource: {mType=ITYPE_BOTTOM_TAPPABLE_ELEMENT, mFrame=[0,0][0,0], mVisible=true, mInsetsRoundedCornerFrame=false}, InsetsSource: {mType=ITYPE_IME, mFrame=[0,0][0,0], mVisibleFrame=[0,3088][1440,3088], mVisible=false, mInsetsRoundedCornerFrame=false} } host=com.example.dogglers/com.example.dogglers.HorizontalListActivity from=android.view.ViewRootImpl.setView:1732
09-25 13:19:29.000  8423  8423 I ActivityUtils: HomePackage : com.sec.android.app.launcher, resumePackageName : com.example.dogglers
09-25 13:19:29.000  3108  6142 I MediaSessionMonitor: Media session stopped : controllerList empty
09-25 13:19:29.001  5639  5639 I ViewRootImpl@25d7065[HorizontalListActivity]: setView = com.android.internal.policy.DecorView@f68a92c TM=true
09-25 13:19:29.001  5639  5639 I MSHandlerLifeCycle: removeMultiSplitHandler: no exist. decor=DecorView@f68a92c[HorizontalListActivity]
09-25 13:19:29.001  3108  3338 D AnalyticsContainerHandler: handleMessage : { when=0 what=1 target=com.android.server.knox.KnoxAnalyticsContainer$AnalyticsHandler }
09-25 13:19:29.007  5639  5639 I ViewRootImpl@25d7065[HorizontalListActivity]: performTraversals params={(0,0)(fillxfill) sim={adjust=resize forwardNavigation} ty=BASE_APPLICATION wanim=0x1030309
09-25 13:19:29.007  5639  5639 I ViewRootImpl@25d7065[HorizontalListActivity]:   fl=81810100
09-25 13:19:29.007  5639  5639 I ViewRootImpl@25d7065[HorizontalListActivity]:   pfl=12020040
09-25 13:19:29.007  5639  5639 I ViewRootImpl@25d7065[HorizontalListActivity]:   bhv=DEFAULT
09-25 13:19:29.007  5639  5639 I ViewRootImpl@25d7065[HorizontalListActivity]:   fitSides= naviIconColor=0}
09-25 13:19:29.007  5639  5639 I ViewRootImpl@25d7065[HorizontalListActivity]: performTraversals mFirst=true windowShouldResize=true viewVisibilityChanged=false mForceNextWindowRelayout=false params={(0,0)(fillxfill) sim={adjust=resize forwardNavigation} ty=BASE_APPLICATION wanim=0x1030309
09-25 13:19:29.007  5639  5639 I ViewRootImpl@25d7065[HorizontalListActivity]:   fl=81810100
09-25 13:19:29.007  5639  5639 I ViewRootImpl@25d7065[HorizontalListActivity]:   pfl=12020040
09-25 13:19:29.007  5639  5639 I ViewRootImpl@25d7065[HorizontalListActivity]:   bhv=DEFAULT
09-25 13:19:29.007  5639  5639 I ViewRootImpl@25d7065[HorizontalListActivity]:   fitSides= naviIconColor=0}
09-25 13:19:29.007  3108  6266 V WindowManager: Relayout Window{ed04ec5 u0 com.example.dogglers/com.example.dogglers.HorizontalListActivity}: viewVisibility=0 req=1440x3088 d0
09-25 13:19:29.008  1914  2140 I SurfaceFlinger: id=162470 createSurf, flag=40004, com.example.dogglers/com.example.dogglers.HorizontalListActivity$_5639#162470
09-25 13:19:29.008  1914  1914 D SurfaceFlinger: Display 4630947093241269891 HWC layers:
09-25 13:19:29.008  1914  1914 D SurfaceFlinger:      CLIENT | 0xb400007af6c13480 | 0100 | RGBx_8888    |  592.0    0.0 1628.0 2220.0 |    0    0 1440 3088 | Wallpaper BBQ wrapper#90
09-25 13:19:29.008  1914  1914 D SurfaceFlinger:      CLIENT | 0xb400007af6c13c80 | 0100 | RGBA_8888    |    0.0    0.0 1440.0 3088.0 |    0    0 1440 3088 | com.sec.android.app.launcher/com.sec[...]rActivity$_5369#162451 (blurRegions)
09-25 13:19:29.008  1914  1914 D SurfaceFlinger:      DEVICE | 0xb400007af6c14000 | 0100 | RGBA_8888    |    0.0    0.0 1440.0 3088.0 |  105  225 1335 2863 | Splash Screen com.example.dogglers$_4768#162463
09-25 13:19:29.008  1914  1914 D SurfaceFlinger:      DEVICE | 0xb400007af6c14880 | 0100 | RGBA_8888    |    0.0    0.0 1440.0  100.0 |    0    0 1440  100 | StatusBar$_4768#95
09-25 13:19:29.008  1914  1914 D SurfaceFlinger:      DEVICE | 0xb400007af8705400 | 0100 | RGBA_8888    |    0.0    0.0   67.0  589.0 |    0  562   67 1151 | com.samsung.android.app.cocktailbars[...]vice.CocktailBarService$_8423#156853
09-25 13:19:29.008  1914  1914 D SurfaceFlinger:      DEVICE | 0xb400007af8705500 | 0100 | RGBA_8888    |    0.0    0.0  518.0   48.0 |  922 3040 1440 3088 | SGestureOverlayWindow$_5369#156268
09-25 13:19:29.008  1914  1914 D SurfaceFlinger:      DEVICE | 0xb400007af6c15880 | 0100 | RGBA
09-25 13:19:29.008  1914  1914 D SurfaceFlinger: _8888    |    0.0    0.0 1440.0  168.0 |    0 2920 1440 3088 | NavigationBar0$_4768#92
09-25 13:19:29.008  1914  1914 D SurfaceFlinger:
09-25 13:19:29.011  1914  2140 I SurfaceFlinger: id=162471 createSurf, flag=24000, Surface(name=4eb27f5 StatusBar)/@0x43fa543 - animation-leash of insets_animation#162471
09-25 13:19:29.012  1914  2140 I SurfaceFlinger: id=162472 createSurf, flag=24000, Surface(name=d110b4c NavigationBar0)/@0x8bdb781 - animation-leash of insets_animation#162472
09-25 13:19:29.013  5369 18817 I TouchInteractionService: onSystemUiStateChanged, stateFlags : 131120 |a11y_click|a11y_long_click|allow_gesture|
09-25 13:19:29.013  3108  6266 V WindowManager: Relayout hash=ed04ec5, pid=5639, syncId=-1: mAttrs={(0,0)(fillxfill) sim={adjust=resize forwardNavigation} ty=BASE_APPLICATION wanim=0x1030309
09-25 13:19:29.013  3108  6266 V WindowManager:   fl=81810100
09-25 13:19:29.013  3108  6266 V WindowManager:   pfl=12020040
09-25 13:19:29.013  3108  6266 V WindowManager:   bhv=DEFAULT
09-25 13:19:29.013  3108  6266 V WindowManager:   fitSides= naviIconColor=0}
09-25 13:19:29.013  5369  5369 I RecentsAnimationDeviceState: setSystemUiFlags, stateFlags : 131120
09-25 13:19:29.013  5369  5369 W SGestureOverlayWindow: setVisibilityGestureOverlayWindow, visibility = 0
09-25 13:19:29.013  5369  5369 I TouchInteractionService: onSystemUiFlagsChanged, lastSysUIFlags : 48
09-25 13:19:29.014  5639  5639 I ViewRootImpl@25d7065[HorizontalListActivity]: updateBlastSurfaceIfNeeded mBlastBufferQueue=null isSameSurfaceControl=false
09-25 13:19:29.014  5639  5639 I BLASTBufferQueue: new BLASTBufferQueue, mName= ViewRootImpl@25d7065[HorizontalListActivity] mNativeObject= 0xb4000077a1042a00 sc.mNativeObject= 0xb4000077b1d39ea0 caller= android.view.ViewRootImpl.updateBlastSurfaceIfNeeded:2909 android.view.ViewRootImpl.relayoutWindow:9847 android.view.ViewRootImpl.performTraversals:3884 android.view.ViewRootImpl.doTraversal:3116 android.view.ViewRootImpl$TraversalRunnable.run:10885 android.view.Choreographer$CallbackRecord.run:1301 android.view.Choreographer$CallbackRecord.run:1309 android.view.Choreographer.doCallbacks:923 android.view.Choreographer.doFrame:852 android.view.Choreographer$FrameDisplayEventReceiver.run:1283
09-25 13:19:29.014  5639  5639 I BLASTBufferQueue: update, w= 1440 h= 3088 mName = ViewRootImpl@25d7065[HorizontalListActivity] mNativeObject= 0xb4000077a1042a00 sc.mNativeObject= 0xb4000077b1d39ea0 format= -1 caller= android.graphics.BLASTBufferQueue.<init>:84 android.view.ViewRootImpl.updateBlastSurfaceIfNeeded:2909 android.view.ViewRootImpl.relayoutWindow:9847 android.view.ViewRootImpl.performTraversals:3884 android.view.ViewRootImpl.doTraversal:3116 android.view.ViewRootImpl$TraversalRunnable.run:10885
09-25 13:19:29.015  5639  5639 I ViewRootImpl@25d7065[HorizontalListActivity]: Relayout returned: old=(0,0,1440,3088) new=(0,0,1440,3088) req=(1440,3088)0 dur=7 res=0x3 s={true 0xb400007734776000} ch=true seqId=0
09-25 13:19:29.015  5639  5639 I ViewRootImpl@25d7065[HorizontalListActivity]: performConfigurationChange setNightDimText nightDimLevel=0
09-25 13:19:29.015  5639  5639 I ViewRootImpl@25d7065[HorizontalListActivity]: mThreadedRenderer.initialize() mSurface={isValid=true 0xb400007734776000} hwInitialized=true
09-25 13:19:29.015  5639  5729 D OpenGLRenderer: eglCreateWindowSurface
09-25 13:19:29.016  5639  5639 I ViewRootImpl@25d7065[HorizontalListActivity]: reportNextDraw android.view.ViewRootImpl.performTraversals:4438 android.view.ViewRootImpl.doTraversal:3116 android.view.ViewRootImpl$TraversalRunnable.run:10885 android.view.Choreographer$CallbackRecord.run:1301 android.view.Choreographer$CallbackRecord.run:1309
09-25 13:19:29.017  5639  5639 I ViewRootImpl@25d7065[HorizontalListActivity]: Setup new sync id=0
09-25 13:19:29.017  5639  5639 I ViewRootImpl@25d7065[HorizontalListActivity]: Setting syncFrameCallback
09-25 13:19:29.017  5639  5639 I ViewRootImpl@25d7065[HorizontalListActivity]: registerCallbacksForSync syncBuffer=false
09-25 13:19:29.018  5639  5772 I ViewRootImpl@25d7065[HorizontalListActivity]: Received frameDrawingCallback syncResult=0 frameNum=1.
09-25 13:19:29.018  5639  5772 I ViewRootImpl@25d7065[HorizontalListActivity]: Setting up sync and frameCommitCallback
09-25 13:19:29.019  5639  5729 I BLASTBufferQueue: [ViewRootImpl@25d7065[HorizontalListActivity]#42](f:0,a:0) onFrameAvailable the first frame is available
09-25 13:19:29.020  5639  5729 I ViewRootImpl@25d7065[HorizontalListActivity]: Received frameCommittedCallback lastAttemptedDrawFrameNum=1 didProduceBuffer=true
09-25 13:19:29.020  5639  5729 D OpenGLRenderer: CFMS:: SetUp Pid : 5639    Tid : 5729
09-25 13:19:29.022  5639  5639 I ViewRootImpl@25d7065[HorizontalListActivity]: onSyncComplete
09-25 13:19:29.022  5639  5639 I ViewRootImpl@25d7065[HorizontalListActivity]: setupSync seqId=0 mSyncId=0 fn=1 caller=android.view.ViewRootImpl$$ExternalSyntheticLambda11.accept:6 android.window.SurfaceSyncer.lambda$setupSync$1$android-window-SurfaceSyncer:128 android.window.SurfaceSyncer$$ExternalSyntheticLambda1.accept:8 android.window.SurfaceSyncer$SyncSet.checkIfSyncIsComplete:382 android.window.SurfaceSyncer$SyncSet.markSyncReady:359 android.window.SurfaceSyncer.markSyncReady:151 android.view.ViewRootImpl.performTraversals:4503
09-25 13:19:29.022  1914  1914 I Layer   : id=162452 removedFromDrawingState Surface(name=4eb27f5 StatusBar)/@0x43fa543 - animation-leash of insets_animation#162452 (336)
09-25 13:19:29.022  5639  5639 I ViewRootImpl@25d7065[HorizontalListActivity]: reportDrawFinished seqId=0 mSyncId=-1 fn=1 mSurfaceChangedTransaction=0xb40000772b184000
09-25 13:19:29.022  1914  1914 I Layer   : id=162453 removedFromDrawingState Surface(name=d110b4c NavigationBar0)/@0x8bdb781 - animation-leash of insets_animation#162453 (336)
09-25 13:19:29.022  1914  1914 I SurfaceFlinger: [ed04ec5 com.example.dogglers/com.example.dogglers.HorizontalListActivity#162469] FrameRatePriority: 1
09-25 13:19:29.022  1914  1914 I SurfaceFlinger: id=162452 Removed Surface(name=4eb27f5 StatusBar)/@0x43fa543 - animation-leash of insets_animation#162452 (336)
09-25 13:19:29.022  1914  1914 I SurfaceFlinger: id=162453 Removed Surface(name=d110b4c NavigationBar0)/@0x8bdb781 - animation-leash of insets_animation#162453 (336)
09-25 13:19:29.022  1914  1914 I Layer   : id=162452 Destroyed Surface(name=4eb27f5 StatusBar)/@0x43fa543 - animation-leash of insets_animation#162452
09-25 13:19:29.022  1914  1914 I Layer   : id=162453 Destroyed Surface(name=d110b4c NavigationBar0)/@0x8bdb781 - animation-leash of insets_animation#162453
09-25 13:19:29.023  3108  4606 D InputDispatcher: Focus request (0): ed04ec5 com.example.dogglers/com.example.dogglers.HorizontalListActivity but waiting because NO_WINDOW
09-25 13:19:29.025  5639  5639 D RootViewPicker: Root not ready - waiting: 10ms for one to appear.
09-25 13:19:29.025  3108  3227 W ziparchive: Unable to open '/data/app/~~ATcZRD0F-LmHTuxfrkuUPg==/com.example.dogglers-ejGvQ7nyEoA-Sr0nwgcZYw==/base.dm': No such file or directory
09-25 13:19:29.025  3108  3227 I PkgPredictorService-SecIpmManagerServiceImpl: reportToNAP uid:10577 com.example.dogglers/com.example.dogglers.HorizontalListActivity thisTime:100
09-25 13:19:29.025  3108  4073 I SemDvfsHyPerManager: acquire hyper - AMS_RESUME_TAIL/3108@20, type = -999
09-25 13:19:29.026  3108  4073 I SemDvfsHyPerManager: acquire hyper - AMS_ACT_LAZY/3108@21, type = -999
09-25 13:19:29.026  3108  3227 I ActivityTaskManager: Displayed com.example.dogglers/.HorizontalListActivity: +100ms
09-25 13:19:29.026  1809  1855 I HYPER-HAL: [RequestManager.cpp]acquire(): Acquired ID : 4893776  [3108 / 20]    HINT : AMS_RESUME_TAIL    list :
09-25 13:19:29.027  5759  5759 E pageboostd: Received HALT command code 2
09-25 13:19:29.027  1914  3193 I SurfaceFlinger: id=162473 createSurf, flag=24000, Surface(name=ed04ec5 com.example.dogglers/com.example.dogglers.HorizontalListActivity)/@0xde369be - animation-leash of starting_reveal#162473
09-25 13:19:29.028  1809  1855 I HYPER-HAL: [RequestManager.cpp]acquire(): Acquired ID : 4896906  [3108 / 21]    HINT : AMS_ACT_LAZY    list :
09-25 13:19:29.030  1914  1914 I Layer   : Layer [com.example.dogglers/com.example.dogglers.HorizontalListActivity$_5639#162470] hidden!! flag(0)
09-25 13:19:29.031  1809  1855 I HYPER-HAL: [RequestManager.cpp]releaseLocked(): Released ID : 4903169
09-25 13:19:29.032  4768  4860 I ViewRootImpl@73c0bb5[dogglers]: mWNT: t=0xb4000077a1099800 mBlastBufferQueue=0xb400007705019c80 fn= 2 caller= android.view.SyncRtSurfaceTransactionApplier.applyTransaction:96 android.view.SyncRtSurfaceTransactionApplier.lambda$scheduleApply$0$android-view-SyncRtSurfaceTransactionApplier:69 android.view.SyncRtSurfaceTransactionApplier$$ExternalSyntheticLambda0.onFrameDraw:4
09-25 13:19:29.032  4768  4860 I ViewRootImpl@73c0bb5[dogglers]: mWNT: t=0xb4000077a10d7100 mBlastBufferQueue=0xb400007705019c80 fn= 2 caller= android.view.SyncRtSurfaceTransactionApplier.applyTransaction:96 android.view.SyncRtSurfaceTransactionApplier.lambda$scheduleApply$0$android-view-SyncRtSurfaceTransactionApplier:69 android.view.SyncRtSurfaceTransactionApplier$$ExternalSyntheticLambda0.onFrameDraw:4
09-25 13:19:29.032  3108  4073 D InputDispatcher: Focus entered window (0): ed04ec5 com.example.dogglers/com.example.dogglers.HorizontalListActivity
09-25 13:19:29.032  5639  5639 I ViewRootImpl@25d7065[HorizontalListActivity]: MSG_WINDOW_FOCUS_CHANGED 1 0
09-25 13:19:29.032  5639  5639 I ViewRootImpl@25d7065[HorizontalListActivity]: mThreadedRenderer.initializeIfNeeded()#2 mSurface={isValid=true 0xb400007734776000}
09-25 13:19:29.032  5639  5639 D InputMethodManager: startInputInner - Id : 0
09-25 13:19:29.033  5639  5639 I InputMethodManager: startInputInner - mService.startInputOrWindowGainedFocus
09-25 13:19:29.033  1914  1914 D SurfaceFlinger: Display 4630947093241269891 HWC layers:
09-25 13:19:29.033  1914  1914 D SurfaceFlinger:      CLIENT | 0xb400007af6c13480 | 0100 | RGBx_8888    |  592.0    0.0 1628.0 2220.0 |    0    0 1440 3088 | Wallpaper BBQ wrapper#90
09-25 13:19:29.033  1914  1914 D SurfaceFlinger:      CLIENT | 0xb400007af6c13c80 | 0100 | RGBA_8888    |    0.0    0.0 1440.0 3088.0 |    0    0 1440 3088 | com.sec.android.app.launcher/com.sec[...]rActivity$_5369#162451 (blurRegions)
09-25 13:19:29.033  1914  1914 D SurfaceFlinger:      DEVICE | 0xb400007af6c11500 | 0102 | RGBA_8888    |    0.0    0.0 1440.0 3088.0 |   89  191 1351 2897 | com.example.dogglers/com.example.dogglers.HorizontalListActivity$_5639#162470
09-25 13:19:29.033  1914  1914 D SurfaceFlinger:      DEVICE | 0xb400007af6c14000 | 0100 | RGBA_8888    |    0.0    0.0 1440.0 3088.0 |   89  191 1351 2897 | Splash Screen com.example.dogglers$_4768#162463
09-25 13:19:29.033  1914  1914 D SurfaceFlinger:      DEVICE | 0xb400007af6c14880 | 0100 | RGBA_8888    |    0.0    0.0 1440.0  100.0 |    0    0 1440  100 | StatusBar$_4768#95
09-25 13:19:29.033  1914  1914 D SurfaceFlinger:      DEVICE | 0xb400007af8705400 | 0100 | RGBA_8888    |    0.0    0.0   67.0  589.0 |    0  562   67 1151 | com.samsung.android.app.cocktailbars[...]vice.CocktailBarService$_8423#156853
09-25 13:19:29.033  1914  1914 D SurfaceFlinger:
09-25 13:19:29.033  1914  1914 D SurfaceFlinger:   DEVICE | 0xb400007af8705500 | 0100 | RGBA_8888    |    0.0    0.0  518.0   48.0 |  922 3040 1440 3088 | SGestureOverlayWindow$_5369#156268
