09-25 13:19:17.386  3108 29076 D RemoteAppTaskWatcher:  ****** RemoteAppTaskWatcher: Message Received 4 Task ID = 6756
09-25 13:19:17.386  2749  2946 W MessageQueue: Handler (android.hardware.display.DisplayManagerGlobal$DisplayListenerDelegate) {e7d9d7} sending message to a Handler on a dead thread
09-25 13:19:17.386  2749  2946 W MessageQueue: java.lang.IllegalStateException: Handler (android.hardware.display.DisplayManagerGlobal$DisplayListenerDelegate) {e7d9d7} sending message to a Handler on a dead thread
09-25 13:19:17.386  2749  2946 W MessageQueue: 	at android.os.MessageQueue.enqueueMessage(MessageQueue.java:560)
09-25 13:19:17.386  2749  2946 W MessageQueue: 	at android.os.Handler.enqueueMessage(Handler.java:778)
09-25 13:19:17.386  2749  2946 W MessageQueue: 	at android.os.Handler.sendMessageAtTime(Handler.java:727)
09-25 13:19:17.386  2749  2946 W MessageQueue: 	at android.os.Handler.sendMessageDelayed(Handler.java:697)
09-25 13:19:17.386  2749  2946 W MessageQueue: 	at android.os.Handler.sendMessage(Handler.java:635)
09-25 13:19:17.386  2749  2946 W MessageQueue: 	at android.hardware.display.DisplayManagerGlobal$DisplayListenerDelegate.sendDisplayEvent(DisplayManagerGlobal.java:1628)
09-25 13:19:17.386  2749  2946 W MessageQueue: 	at android.hardware.display.DisplayManagerGlobal.handleDisplayEvent(DisplayManagerGlobal.java:489)
09-25 13:19:17.386  2749  2946 W MessageQueue: 	at android.hardware.display.DisplayManagerGlobal.-$$Nest$mhandleDisplayEvent(Unknown Source:0)
09-25 13:19:17.386  2749  2946 W MessageQueue: 	at android.hardware.display.DisplayManagerGlobal$DisplayManagerCallback.onDisplayEvent(DisplayManagerGlobal.java:1575)
09-25 13:19:17.386  2749  2946 W MessageQueue: 	at android.hardware.display.IDisplayManagerCallback$Stub.onTransact(IDisplayManagerCallback.java:120)
09-25 13:19:17.386  2749  2946 W MessageQueue: 	at android.os.Binder.execTransactInternal(Binder.java:1321)
09-25 13:19:17.386  2749  2946 W MessageQueue: 	at android.os.Binder.execTransact(Binder.java:1280)
09-25 13:19:17.386  3108 29076 D RemoteAppTaskWatcher:  ****** RemoteAppTaskWatcher: Message Received 4 Task ID = 6596
09-25 13:19:17.386  3108 29076 D RemoteAppTaskWatcher:  ****** RemoteAppTaskWatcher: Message Received 4 Task ID = 6605
09-25 13:19:17.386  3108 29076 D RemoteAppTaskWatcher:  ****** RemoteAppTaskWatcher: Message Received 4 Task ID = 6891
09-25 13:19:17.386  2749  2946 W MessageQueue: Handler (android.hardware.display.DisplayManagerGlobal$DisplayListenerDelegate) {c1de816} sending message to a Handler on a dead thread
09-25 13:19:17.386  2749  2946 W MessageQueue: java.lang.IllegalStateException: Handler (android.hardware.display.DisplayManagerGlobal$DisplayListenerDelegate) {c1de816} sending message to a Handler on a dead thread
09-25 13:19:17.386  2749  2946 W MessageQueue: 	at android.os.MessageQueue.enqueueMessage(MessageQueue.java:560)
09-25 13:19:17.386  2749  2946 W MessageQueue: 	at android.os.Handler.enqueueMessage(Handler.java:778)
09-25 13:19:17.386  2749  2946 W MessageQueue: 	at android.os.Handler.sendMessageAtTime(Handler.java:727)
09-25 13:19:17.386  2749  2946 W MessageQueue: 	at android.os.Handler.sendMessageDelayed(Handler.java:697)
09-25 13:19:17.386  2749  2946 W MessageQueue: 	at android.os.Handler.sendMessage(Handler.java:635)
09-25 13:19:17.386  2749  2946 W MessageQueue: 	at android.hardware.display.DisplayManagerGlobal$DisplayListenerDelegate.sendDisplayEvent(DisplayManagerGlobal.java:1628)
09-25 13:19:17.386  2749  2946 W MessageQueue: 	at android.hardware.display.DisplayManagerGlobal.handleDisplayEvent(DisplayManagerGlobal.java:489)
09-25 13:19:17.386  2749  2946 W MessageQueue: 	at android.hardware.display.DisplayManagerGlobal.-$$Nest$mhandleDisplayEvent(Unknown Source:0)
09-25 13:19:17.386  2749  2946 W MessageQueue: 	at android.hardware.display.DisplayManagerGlobal$DisplayManagerCallback.onDisplayEvent(DisplayManagerGlobal.java:1575)
09-25 13:19:17.386  2749  2946 W MessageQueue: 	at android.hardware.display.IDisplayManagerCallback$Stub.onTransact(IDisplayManagerCallback.java:120)
09-25 13:19:17.386  2749  2946 W MessageQueue: 	at android.os.Binder.execTransactInternal(Binder.java:1321)
09-25 13:19:17.386  2749  2946 W MessageQueue: 	at android.os.Binder.execTransact(Binder.java:1280)
09-25 13:19:17.386  2749  2946 W MessageQueue: Handler (android.hardware.display.DisplayManagerGlobal$DisplayListenerDelegate) {3b6dc26} sending message to a Handler on a dead thread
09-25 13:19:17.386  2749  2946 W MessageQueue: java.lang.IllegalStateException: Handler (android.hardware.display.DisplayManagerGlobal$DisplayListenerDelegate) {3b6dc26} sending message to a Handler on a dead thread
09-25 13:19:17.386  2749  2946 W MessageQueue: 	at android.os.MessageQueue.enqueueMessage(MessageQueue.java:560)
09-25 13:19:17.386  2749  2946 W MessageQueue: 	at android.os.Handler.enqueueMessage(Handler.java:778)
09-25 13:19:17.386  2749  2946 W MessageQueue: 	at android.os.Handler.sendMessageAtTime(Handler.java:727)
09-25 13:19:17.386  2749  2946 W MessageQueue: 	at android.os.Handler.sendMessageDelayed(Handler.java:697)
09-25 13:19:17.386  2749  2946 W MessageQueue: 	at android.os.Handler.sendMessage(Handler.java:635)
09-25 13:19:17.386  2749  2946 W MessageQueue: 	at android.hardware.display.DisplayManagerGlobal$DisplayListenerDelegate.sendDisplayEvent(DisplayManagerGlobal.java:1628)
09-25 13:19:17.386  2749  2946 W MessageQueue: 	at android.hardware.display.DisplayManagerGlobal.handleDisplayEvent(DisplayManagerGlobal.java:489)
09-25 13:19:17.386  2749  2946 W MessageQueue: 	at android.hardware.display.DisplayManagerGlobal.-$$Nest$mhandleDisplayEvent(Unknown Source:0)
09-25 13:19:17.386  2749  2946 W MessageQueue: 	at android.hardware.display.DisplayManagerGlobal$DisplayManagerCallback.onDisplayEvent(DisplayManagerGlobal.java:1575)
09-25 13:19:17.386  2749  2946 W MessageQueue: 	at android.hardware.display.IDisplayManagerCallback$Stub.onTransact(IDisplayManagerCallback.java:120)
09-25 13:19:17.386  2749  2946 W MessageQueue: 	at android.os.Binder.execTransactInternal(Binder.java:1321)
09-25 13:19:17.386  2749  2946 W MessageQueue: 	at android.os.Binder.execTransact(Binder.java:1280)
09-25 13:19:17.386  3108 29076 D RemoteAppTaskWatcher:  ****** RemoteAppTaskWatcher: Message Received 4 Task ID = 6767
09-25 13:19:17.386  3108 29076 D RemoteAppTaskWatcher:  ****** RemoteAppTaskWatcher: Message Received 4 Task ID = 6892
09-25 13:19:17.386  3108 29076 D RemoteAppTaskWatcher:  ****** RemoteAppTaskWatcher: Message Received 4 Task ID = 6888
09-25 13:19:17.386  3108 29076 D RemoteAppTaskWatcher:  ****** RemoteAppTaskWatcher: Message Received 4 Task ID = 6885
09-25 13:19:17.386  3108 29076 D RemoteAppTaskWatcher:  ****** RemoteAppTaskWatcher: Message Received 4 Task ID = 6886
09-25 13:19:17.386  3108 29076 D RemoteAppTaskWatcher:  ****** RemoteAppTaskWatcher: Message Received 4 Task ID = 6852
09-25 13:19:17.386  3108 29076 D RemoteAppTaskWatcher:  ****** RemoteAppTaskWatcher: Message Received 4 Task ID = 6817
09-25 13:19:17.386  3108 29076 D RemoteAppTaskWatcher:  ****** RemoteAppTaskWatcher: Message Received 4 Task ID = 6816
09-25 13:19:17.386   948   964 I servicemanager: Could not find android.hardware.graphics.allocator.IAllocator/default in the VINTF manifest.
09-25 13:19:17.386  3108 29076 D RemoteAppTaskWatcher:  ****** RemoteAppTaskWatcher: Message Received 4 Task ID = 6755
09-25 13:19:17.386  3108 29076 D RemoteAppTaskWatcher:  ****** RemoteAppTaskWatcher: Message Received 4 Task ID = 6787
09-25 13:19:17.386  3108 29076 D RemoteAppTaskWatcher:  ****** RemoteAppTaskWatcher: Message Received 4 Task ID = 6773
09-25 13:19:17.386  3108 29076 D RemoteAppTaskWatcher:  ****** RemoteAppTaskWatcher: Message Received 4 Task ID = 6753
09-25 13:19:17.386  3108 29076 D RemoteAppTaskWatcher:  ****** RemoteAppTaskWatcher: Message Received 4 Task ID = 6740
09-25 13:19:17.386  3108 29076 D RemoteAppTaskWatcher:  ****** RemoteAppTaskWatcher: Message Received 4 Task ID = 2
09-25 13:19:17.386  3108 29076 D RemoteAppTaskWatcher:  ****** RemoteAppTaskWatcher: Message Received 4 Task ID = 5
09-25 13:19:17.386  3108 29076 D RemoteAppTaskWatcher:  ****** RemoteAppTaskWatcher: Message Received 4 Task ID = 4
09-25 13:19:17.386  3108 29076 D RemoteAppTaskWatcher:  ****** RemoteAppTaskWatcher: Message Received 4 Task ID = 6631
09-25 13:19:17.386  3108 29076 D RemoteAppTaskWatcher:  ****** RemoteAppTaskWatcher: Message Received 4 Task ID = 6835
09-25 13:19:17.386  3108 29076 D RemoteAppTaskWatcher:  ****** RemoteAppTaskWatcher: Message Received 4 Task ID = 6967
09-25 13:19:17.387  5369  5369 I RecentsAnimationDeviceState: setSystemUiFlags, stateFlags : 131120
09-25 13:19:17.387  5369  5369 W SGestureOverlayWindow: setVisibilityGestureOverlayWindow, visibility = 0
09-25 13:19:17.387  5369  5369 I TouchInteractionService: onSystemUiFlagsChanged, lastSysUIFlags : 48
09-25 13:19:17.392  4768  4768 D DisplayLifecycle: updateDisplay id = 0
09-25 13:19:17.392 32244 32244 I CAMERA_CONTROLLER: [2]ProviderServiceImpl$2.onDisplayChanged():222 - display changed
09-25 13:19:17.392 32244 32244 I CAMERA_CONTROLLER: [2]ProviderServiceImpl.checkDisplayModePortrait():403
09-25 13:19:17.392 32244 32244 I CAMERA_CONTROLLER: [2]ProviderServiceImpl.checkDisplayModePortrait():410 - presentationDisplaynull
09-25 13:19:17.392 32244 32244 W CAMERA_CONTROLLER: [2]ProviderServiceImpl.checkDisplayModePortrait():418 - presentationDisplay is null, return
09-25 13:19:17.392 32244 32244 W CAMERA_CONTROLLER: [2]ProviderServiceImpl$2.onDisplayChanged():224 - display is not portrait mode
09-25 13:19:17.395  5369  8226 I RecentModel: onTaskStackChangedBackground
09-25 13:19:17.396  1914  2024 I VSyncReactor: Current= 120, TransitioningTo= 120, Distance= 15
09-25 13:19:17.397 17559 17559 I BWU@ApWakeupService: Ph_onDisplayChanged() - display id : 0, state : 2, prevDisplayState state : 2 [main]
09-25 13:19:17.402  8130 18473 I [AirCmd]_ActivitySwitchDetector: onTaskStackChanged : componentName - ComponentInfo{com.example.dogglers/com.example.dogglers.MainActivity}
09-25 13:19:17.402  8130 18473 I [AirCmd]_ActivitySwitchDetector: onTaskStackChanged : mTopMostActivity - ComponentInfo{com.example.dogglers/androidx.test.core.app.InstrumentationActivityInvoker$BootstrapActivity}
09-25 13:19:17.403  5369  5741 I RecentTasksList: loadTasksInBackground : groupTask = GroupTask{task1=[id=6869 windowingMode=1 user=0 lastActiveTime=1366856278] null, task2=null, task3=null, mStagedSplitBounds=null}
09-25 13:19:17.403  5369  5741 I RecentTasksList: loadTasksInBackground : groupTask = GroupTask{task1=[id=6898 windowingMode=1 user=0 lastActiveTime=1367009547] null, task2=null, task3=null, mStagedSplitBounds=null}
09-25 13:19:17.403  5369  5741 I RecentTasksList: loadTasksInBackground : groupTask = GroupTask{task1=[id=7105 windowingMode=1 user=0 lastActiveTime=1370083555] null, task2=null, task3=null, mStagedSplitBounds=null}
09-25 13:19:17.403  8130 18473 I [AirCmd]_CallbackRepeater: stopRepeat : isWorking=false
09-25 13:19:17.403  8130 18473 I [AirCmd]_MediaControlStateMonitor: isForegroundAppSupportsMediaButton : mediaSession is empty
09-25 13:19:17.403  8130 18473 I [AirCmd]_MediaControlStateMonitor: active Notification List is null
09-25 13:19:17.404  8130 18473 I [AirCmd]_RemoteSpenMainController: hasGeneralAction : packageName is com.example.dogglers, activityName is com.example.dogglers.MainActivity, hasActions is false
09-25 13:19:17.404  8130 18473 I [AirCmd]_CameraAvailabilityMonitor: isCameraPreviewOn : mIsCameraPreviewOn is false
09-25 13:19:17.404  1914  2024 I VSyncReactor: Current= 120, TransitioningTo= 120, Distance= 121
09-25 13:19:17.404  8130 18473 I [AirCmd]_CameraAvailabilityMonitor: isCameraPreviewOn : mIsCameraPreviewOn is false
09-25 13:19:17.405  8130 18473 I [AirCmd]_MediaControlStateMonitor: isForegroundAppSupportsMediaButton : mediaSession is empty
09-25 13:19:17.405  8130 18473 I [AirCmd]_MediaControlStateMonitor: active Notification List is null
09-25 13:19:17.405  8130 18473 I [AirCmd]_PenActionRule: getAction : get default action data from remote action because pen action data is null.
09-25 13:19:17.405  8130 18473 I [AirCmd]_ButtonActionDetector: enableDoubleClickDetection: enabled=true, doubleClickWaitInterval=300
09-25 13:19:17.405  8130 18473 I [AirCmd]_RemoteSpenMainController: onSwitch : package is com.example.dogglers   and activity is com.example.dogglers.MainActivity and isBleConnected is false and hasActions is false
09-25 13:19:17.405  1914  1914 I Layer   : id=161899 removedFromDrawingState Surface(name=4eb27f5 StatusBar)/@0x43fa543 - animation-leash of insets_animation#161899 (327)
09-25 13:19:17.405  1914  1914 I Layer   : id=161900 removedFromDrawingState Surface(name=d110b4c NavigationBar0)/@0x8bdb781 - animation-leash of insets_animation#161900 (327)
09-25 13:19:17.405  1914  1914 I SurfaceFlinger: [f68b827 com.example.dogglers/com.example.dogglers.MainActivity#161913] FrameRatePriority: 1
09-25 13:19:17.406  1914  1914 I SurfaceFlinger: id=161899 Removed Surface(name=4eb27f5 StatusBar)/@0x43fa543 - animation-leash of insets_animation#161899 (327)
09-25 13:19:17.406  1914  1914 I SurfaceFlinger: id=161900 Removed Surface(name=d110b4c NavigationBar0)/@0x8bdb781 - animation-leash of insets_animation#161900 (327)
09-25 13:19:17.406  1914  1914 I Layer   : id=161899 Destroyed Surface(name=4eb27f5 StatusBar)/@0x43fa543 - animation-leash of insets_animation#161899
09-25 13:19:17.406  1914  1914 I Layer   : id=161900 Destroyed Surface(name=d110b4c NavigationBar0)/@0x8bdb781 - animation-leash of insets_animation#161900
09-25 13:19:17.407  3108  6456 D InputDispatcher: Focus request (0): f68b827 com.example.dogglers/com.example.dogglers.MainActivity but waiting because NO_WINDOW
09-25 13:19:17.413  5639  5729 I BLASTBufferQueue: [ViewRootImpl@12ac615[MainActivity]#0](f:0,a:0) onFrameAvailable the first frame is available
09-25 13:19:17.413  5639  5729 I ViewRootImpl@12ac615[MainActivity]: Received frameCommittedCallback lastAttemptedDrawFrameNum=1 didProduceBuffer=true
09-25 13:19:17.413  5639  5729 D OpenGLRenderer: CFMS:: SetUp Pid : 5639    Tid : 5729
09-25 13:19:17.414  1914  1914 D SurfaceFlinger: Display 4630947093241269891 HWC layers:
09-25 13:19:17.414  1914  1914 D SurfaceFlinger:      CLIENT | 0xb400007af6c13480 | 0100 | RGBx_8888    |  592.0    0.0 1628.0 2220.0 |    0    0 1440 3088 | Wallpaper BBQ wrapper#90
09-25 13:19:17.414  1914  1914 D SurfaceFlinger:      CLIENT | 0xb400007af6c14780 | 0100 | RGBA_8888    |    0.0    0.0 1440.0 3088.0 |    0    0 1440 3088 | com.sec.android.app.launcher/com.sec[...]rActivity$_5369#161898 (blurRegions)
09-25 13:19:17.414  1914  1914 D SurfaceFlinger:      DEVICE | 0xb400007af6c11b00 | 0100 | RGBA_8888    |    0.0    0.0 1440.0 3088.0 |   59  126 1381 2962 | Splash Screen com.example.dogglers$_4768#161907
09-25 13:19:17.414  1914  1914 D SurfaceFlinger:      DEVICE | 0xb400007af6c14880 | 0100 | RGBA_8888    |    0.0    0.0 1440.0  100.0 |    0    0 1440  100 | StatusBar$_4768#95
09-25 13:19:17.414  1914  1914 D SurfaceFlinger:      DEVICE | 0xb400007af8705400 | 0100 | RGBA_8888    |    0.0    0.0   67.0  589.0 |    0  562   67 1151 | com.samsung.android.app.cocktailbars[...]vice.CocktailBarService$_8423#156853
09-25 13:19:17.414  1914  1914 D SurfaceFlinger:      DEVICE | 0xb400007af8705500 | 0100 | RGBA_8888    |    0.0    0.0  518.0   48.0 |  922 3040 1440 3088 | SGestureOverlayWindow$_5369#156268
09-25 13:19:17.414  1914  1914 D SurfaceFlinger:      DEVICE | 0xb400007af6c15880 | 0100 | RGBA
09-25 13:19:17.414  1914  1914 D SurfaceFlinger: _8888    |    0.0    0.0 1440.0  168.0 |    0 2920 1440 3088 | NavigationBar0$_4768#92
09-25 13:19:17.414  1914  1914 D SurfaceFlinger:
09-25 13:19:17.416  5639  5639 I ViewRootImpl@12ac615[MainActivity]: onSyncComplete
09-25 13:19:17.416  5639  5639 I ViewRootImpl@12ac615[MainActivity]: setupSync seqId=0 mSyncId=0 fn=1 caller=android.view.ViewRootImpl$$ExternalSyntheticLambda11.accept:6 android.window.SurfaceSyncer.lambda$setupSync$1$android-window-SurfaceSyncer:128 android.window.SurfaceSyncer$$ExternalSyntheticLambda1.accept:8 android.window.SurfaceSyncer$SyncSet.checkIfSyncIsComplete:382 android.window.SurfaceSyncer$SyncSet.markSyncReady:359 android.window.SurfaceSyncer.markSyncReady:151 android.view.ViewRootImpl.performTraversals:4503
09-25 13:19:17.417  5639  5639 I ViewRootImpl@12ac615[MainActivity]: reportDrawFinished seqId=0 mSyncId=-1 fn=1 mSurfaceChangedTransaction=0xb4000077b1afdf00
09-25 13:19:17.419  3108  3227 W ziparchive: Unable to open '/data/app/~~ATcZRD0F-LmHTuxfrkuUPg==/com.example.dogglers-ejGvQ7nyEoA-Sr0nwgcZYw==/base.dm': No such file or directory
09-25 13:19:17.419  3108  3227 I PkgPredictorService-SecIpmManagerServiceImpl: reportToNAP uid:10577 com.example.dogglers/com.example.dogglers.MainActivity thisTime:203
09-25 13:19:17.419  1914  2140 I SurfaceFlinger: id=161917 createSurf, flag=24000, Surface(name=f68b827 com.example.dogglers/com.example.dogglers.MainActivity)/@0xbbe0996 - animation-leash of starting_reveal#161917
09-25 13:19:17.420  3108  3227 I ActivityTaskManager: Displayed com.example.dogglers/.MainActivity: +203ms
09-25 13:19:17.420  5759  5759 E pageboostd: Received HALT command code 2
09-25 13:19:17.422  1914  1914 I Layer   : Layer [com.example.dogglers/com.example.dogglers.MainActivity$_5639#161914] hidden!! flag(0)
09-25 13:19:17.423  3108  6476 D InputDispatcher: Focus entered window (0): f68b827 com.example.dogglers/com.example.dogglers.MainActivity
09-25 13:19:17.425  5639  5639 W xample.dogglers: Accessing hidden method Landroid/os/MessageQueue;->next()Landroid/os/Message; (unsupported, reflection, allowed)
09-25 13:19:17.425  5639  5639 W xample.dogglers: Accessing hidden field Landroid/os/MessageQueue;->mMessages:Landroid/os/Message; (unsupported, reflection, allowed)
09-25 13:19:17.425  5639  5639 W xample.dogglers: Accessing hidden method Landroid/os/Message;->recycleUnchecked()V (unsupported, reflection, allowed)
09-25 13:19:17.425  5639  5639 I ViewRootImpl@12ac615[MainActivity]: MSG_WINDOW_FOCUS_CHANGED 1 0
09-25 13:19:17.425  5639  5639 I ViewRootImpl@12ac615[MainActivity]: mThreadedRenderer.initializeIfNeeded()#2 mSurface={isValid=true 0xb40000774d4ac000}
09-25 13:19:17.426  5639  5639 D InputMethodManager: startInputInner - Id : 0
09-25 13:19:17.426  5639  5639 I InputMethodManager: startInputInner - mService.startInputOrWindowGainedFocus
09-25 13:19:17.428  3108  6493 D InputMethodManagerService: DESKTOP MODE! : 2
09-25 13:19:17.428  3108  6493 D InputMethodManagerService: NOT IN KNOX DESKTOP MODE!
09-25 13:19:17.428  3108  6493 V InputMethodManagerService: getDisplayIdOfInputMethodWindowToBeAdded: displayId=0
09-25 13:19:17.428  3108  6493 D InputTransport: Input channel constructed: 'ClientS', fd=1611
09-25 13:19:17.428  3108  6493 D InputTransport: Input channel constructed: 'ClientS', fd=1612
09-25 13:19:17.428  3108  6493 D InputTransport: Input channel destroyed: 'ClientS', fd=1612
09-25 13:19:17.429   586   586 I MSHandlerLifeCycle: check: return. pkg=com.google.android.inputmethod.latin isActivity=false callers=com.android.internal.policy.DecorView.setVisibility:4412 android.inputmethodservice.InkWindow.hide:100 android.inputmethodservice.InputMethodService$InputMethodImpl.unbindInput:875 android.inputmethodservice.IInputMethodWrapper.executeMessage:198 com.android.internal.os.HandlerCaller$MyHandler.handleMessage:44
09-25 13:19:17.429   586   586 I MSHandlerLifeCycle: removeMultiSplitHandler: no exist. decor=DecorView@722edec[]
09-25 13:19:17.430  4768  4861 I ViewRootImpl@8392ea1[dogglers]: mWNT: t=0xb4000077a0f77000 mBlastBufferQueue=0xb400007705019c80 fn= 2 caller= android.view.SyncRtSurfaceTransactionApplier.applyTransaction:96 android.view.SyncRtSurfaceTransactionApplier.lambda$scheduleApply$0$android-view-SyncRtSurfaceTransactionApplier:69 android.view.SyncRtSurfaceTransactionApplier$$ExternalSyntheticLambda0.onFrameDraw:4
09-25 13:19:17.430  4768  4861 I ViewRootImpl@8392ea1[dogglers]: mWNT: t=0xb4000077a0f77200 mBlastBufferQueue=0xb400007705019c80 fn= 2 caller= android.view.SyncRtSurfaceTransactionApplier.applyTransaction:96 android.view.SyncRtSurfaceTransactionApplier.lambda$scheduleApply$0$android-view-SyncRtSurfaceTransactionApplier:69 android.view.SyncRtSurfaceTransactionApplier$$ExternalSyntheticLambda0.onFrameDraw:4
09-25 13:19:17.431  5639  5639 W xample.dogglers: Accessing hidden method Landroid/view/WindowManagerGlobal;->getInstance()Landroid/view/WindowManagerGlobal; (unsupported, reflection, allowed)
09-25 13:19:17.431  5639  5639 W xample.dogglers: Accessing hidden field Landroid/view/WindowManagerGlobal;->mViews:Ljava/util/ArrayList; (unsupported, reflection, allowed)
09-25 13:19:17.431  5639  5639 W xample.dogglers: Accessing hidden field Landroid/view/WindowManagerGlobal;->mParams:Ljava/util/ArrayList; (unsupported, reflection, allowed)
09-25 13:19:17.432  1914  1914 D SurfaceFlinger: Display 4630947093241269891 HWC layers:
09-25 13:19:17.432  1914  1914 D SurfaceFlinger:      CLIENT | 0xb400007af6c13480 | 0100 | RGBx_8888    |  592.0    0.0 1628.0 2220.0 |    0    0 1440 3088 | Wallpaper BBQ wrapper#90
09-25 13:19:17.432  1914  1914 D SurfaceFlinger:      CLIENT | 0xb400007af6c14780 | 0100 | RGBA_8888    |    0.0    0.0 1440.0 3088.0 |    0    0 1440 3088 | com.sec.android.app.launcher/com.sec[...]rActivity$_5369#161898 (blurRegions)
09-25 13:19:17.432  1914  1914 D SurfaceFlinger:      DEVICE | 0xb400007af86f4f00 | 0102 | RGBA_8888    |    0.0    0.0 1440.0 3088.0 |   33   70 1407 3018 | com.example.dogglers/com.example.dogglers.MainActivity$_5639#161914
09-25 13:19:17.432  1914  1914 D SurfaceFlinger:      DEVICE | 0xb400007af6c11b00 | 0100 | RGBA_8888    |    0.0    0.0 1440.0 3088.0 |   33   70 1407 3018 | Splash Screen com.example.dogglers$_4768#161907
09-25 13:19:17.432  1914  1914 D SurfaceFlinger:      DEVICE | 0xb400007af6c14880 | 0100 | RGBA_8888    |    0.0    0.0 1440.0  100.0 |    0    0 1440  100 | StatusBar$_4768#95
09-25 13:19:17.432  1914  1914 D SurfaceFlinger:      DEVICE | 0xb400007af8705400 | 0100 | RGBA_8888    |    0.0    0.0   67.0  589.0 |    0  562   67 1151 | com.samsung.android.app.cocktailbars[...]vice.CocktailBarService$_8423#156853
09-25 13:19:17.432  1914  1914 D SurfaceFlinger:      DEVICE |
09-25 13:19:17.432  5639  5639 I ViewInteraction: Checking 'MatchesViewAssertion{viewMatcher=(view has effective visibility <VISIBLE> and view.getGlobalVisibleRect() to return non-empty rectangle)}' assertion on view view.getId() is <2131230932/com.example.dogglers:id/grid_btn>
09-25 13:19:17.432  1914  1914 D SurfaceFlinger:  0xb400007af8705500 | 0100 | RGBA_8888    |    0.0    0.0  518.0   48.0 |  922 3040 1440 3088 | SGestureOverlayWindow$_5369#156268
09-25 13:19:17.432  1914  1914 D SurfaceFlinger:      DEVICE | 0xb400007af6c15880 | 0100 | RGBA_8888    |    0.0    0.0 1440.0  168.0 |    0 2920 1440 3088 | NavigationBar0$_4768#92
09-25 13:19:17.432  1914  1914 D SurfaceFlinger:
09-25 13:19:17.433  3108  6476 I SemDvfsHyPerManager: acquire hyper - AMS_RESUME_TAIL/3108@20, type = -999
09-25 13:19:17.433  3108  6493 D InputMethodManagerService: isImeSwitcherDisabledPackage : false
09-25 13:19:17.433  3108  6476 I SemDvfsHyPerManager: acquire hyper - AMS_ACT_LAZY/3108@21, type = -999
09-25 13:19:17.433  1809  1855 I HYPER-HAL: [RequestManager.cpp]acquire(): Acquired ID : 4893776  [3108 / 20]    HINT : AMS_RESUME_TAIL    list :
09-25 13:19:17.435  1809  1855 I HYPER-HAL: [RequestManager.cpp]acquire(): Acquired ID : 4896906  [3108 / 21]    HINT : AMS_ACT_LAZY    list :
09-25 13:19:17.436  3108  6493 D InputMethodManagerService: checkDisplayOfStartInputAndUpdateKeyboard: displayId=0, mFocusedDisplayId=0
09-25 13:19:17.436  3108  6493 D InputTransport: Input channel constructed: 'ClientS', fd=1612
09-25 13:19:17.436  3108  6493 D InputTransport: Input channel destroyed: 'ClientS', fd=1612
09-25 13:19:17.436  5639  5639 D InputMethodManager: startInputInner - Id : 0
09-25 13:19:17.437   586   586 I GoogleInputMethodService: GoogleInputMethodService.onFinishInput():3267
09-25 13:19:17.438  3108  6492 I SemDvfsHyPerManager: acquire hyper - AMS_ACT_START/3108@18, type = -999
09-25 13:19:17.439   586   586 I GoogleInputMethodService: GoogleInputMethodService.updateDeviceLockedStatus():2097 repeatCheckTimes = 0, locked = false
09-25 13:19:17.439  4768  4860 I ViewRootImpl@8392ea1[dogglers]: mWNT: t=0xb4000077a0f90600 mBlastBufferQueue=0xb400007705019c80 fn= 3 caller= android.view.SyncRtSurfaceTransactionApplier.applyTransaction:96 android.view.SyncRtSurfaceTransactionApplier.lambda$scheduleApply$0$android-view-SyncRtSurfaceTransactionApplier:69 android.view.SyncRtSurfaceTransactionApplier$$ExternalSyntheticLambda0.onFrameDraw:4
09-25 13:19:17.439   586   586 D InputMethodService: checkFocusedDisplay() display Id 0last 0
09-25 13:19:17.439   586   586 I GoogleInputMethodService: GoogleInputMethodService.onStartInput():1889 onStartInput(EditorInfo{EditorInfo{packageName=com.example.dogglers, inputType=0, inputTypeString=NULL, enableLearning=false, autoCorrection=false, autoComplete=false, imeOptions=0, privateImeOptions=null, actionName=UNSPECIFIED, actionLabel=null, initialSelStart=-1, initialSelEnd=-1, initialCapsMode=0, label=null, fieldId=-1, fieldName=null, extras=Bundle[{displayId=0}], hintText=null, hintLocales=[]}}, false)
09-25 13:19:17.439  1809  1855 I HYPER-HAL: [RequestManager.cpp]releaseLocked(): Released ID : 4903169
09-25 13:19:17.439  1809  1855 I HYPER-HAL: [RequestManager.cpp]acquire(): Acquired ID : 4887519  [3108 / 18]    HINT : AMS_ACT_START    list :
09-25 13:19:17.439  1914  4196 I SurfaceFlinger: id=161918 createSurf, flag=80004, ActivityRecord{77aac9c u0 com.example.dogglers/androidx.test.core.app.InstrumentationActivityInvoker$EmptyActivity} t7105}#161918
09-25 13:19:17.441   586   586 I GoogleInputMethodService: GoogleInputMethodService.updateDeviceLockedStatus():2097 repeatCheckTimes = 1, locked = false
09-25 13:19:17.447  4768  4861 I ViewRootImpl@8392ea1[dogglers]: mWNT: t=0xb4000077a0f77300 mBlastBufferQueue=0xb400007705019c80 fn= 4 caller= android.view.SyncRtSurfaceTransactionApplier.applyTransaction:96 android.view.SyncRtSurfaceTransactionApplier.lambda$scheduleApply$0$android-view-SyncRtSurfaceTransactionApplier:69 android.view.SyncRtSurfaceTransactionApplier$$ExternalSyntheticLambda0.onFrameDraw:4
09-25 13:19:17.447  1914  2140 I SurfaceFlinger: id=161919 createSurf, flag=80000, 10cf40f ActivityRecordInputSink com.example.dogglers/androidx.test.core.app.InstrumentationActivityInvoker$EmptyActivity#161919
09-25 13:19:17.449  5759  5759 E pageboostd: Received HALT command code 2
09-25 13:19:17.450  1914  2140 I SurfaceFlinger: id=161920 createSurf, flag=24004, Surface(name=6a358c3 InputMethod)/@0x1a6cc79 - animation-leash of insets_animation#161920
09-25 13:19:17.452  3108  3230 I ChimeraSystemEventListener: appLaunchIntent package name is: com.example.dogglers
09-25 13:19:17.453  5639  5639 D LifecycleMonitor: Lifecycle status change: com.example.dogglers.MainActivity@1c55faa in: PAUSED
09-25 13:19:17.453  5639  5639 V ActivityScenario: Update currentActivityStage to PAUSED, currentActivity=com.example.dogglers.MainActivity@1c55faa
09-25 13:19:17.454  1914  1914 I Layer   : id=161903 removedFromDrawingState Surface(name=6a358c3 InputMethod)/@0x1a6cc79 - animation-leash of insets_animation#161903 (329)
09-25 13:19:17.454  1914  1914 I SurfaceFlinger: id=161903 Removed Surface(name=6a358c3 InputMethod)/@0x1a6cc79 - animation-leash of insets_animation#161903 (329)
09-25 13:19:17.454  1914  1914 I Layer   : id=161903 Destroyed Surface(name=6a358c3 InputMethod)/@0x1a6cc79 - animation-leash of insets_animation#161903
09-25 13:19:17.455  4768  4860 I ViewRootImpl@8392ea1[dogglers]: mWNT: t=0xb4000077a1011400 mBlastBufferQueue=0xb400007705019c80 fn= 5 caller= android.view.SyncRtSurfaceTransactionApplier.applyTransaction:96 android.view.SyncRtSurfaceTransactionApplier.lambda$scheduleApply$0$android-view-SyncRtSurfaceTransactionApplier:69 android.view.SyncRtSurfaceTransactionApplier$$ExternalSyntheticLambda0.onFrameDraw:4
09-25 13:19:17.456  3108  6456 D InputDispatcher: Focused application(0): ActivityRecord{77aac9c u0 com.example.dogglers/androidx.test.core.app.InstrumentationActivityInvoker$EmptyActivity} t7105}
09-25 13:19:17.457  3108 29076 D RemoteAppTaskWatcher:  ****** RemoteAppTaskWatcher: Message Received 5 Task ID = 0
09-25 13:19:17.459  3108  6456 D InputMethodManagerService: isImeSwitcherDisabledPackage : false
09-25 13:19:17.459   586   586 I InputMethodService: removeImeSurface
09-25 13:19:17.460   586   586 I MSHandlerLifeCycle: check: return. pkg=com.google.android.inputmethod.latin isActivity=false callers=com.android.internal.policy.DecorView.setVisibility:4412 android.app.Dialog.hide:767 android.inputmethodservice.InputMethodService.removeImeSurface:1290 android.inputmethodservice.InputMethodService.scheduleImeSurfaceRemoval:1279 android.inputmethodservice.InputMethodService.-$$Nest$mscheduleImeSurfaceRemoval:0
09-25 13:19:17.460   586   586 I MSHandlerLifeCycle: removeMultiSplitHandler: no exist. decor=DecorView@3ddf8c7[InputMethod]
09-25 13:19:17.461 15715 18710 I WindowsLink: (TaskInfoManager) +++++++++++onRecentTaskStackUpdated
09-25 13:19:17.461  5639  5639 D LifecycleMonitor: Lifecycle status change: androidx.test.core.app.InstrumentationActivityInvoker$EmptyActivity@321ba1d in: PRE_ON_CREATE
09-25 13:19:17.461  5639  5639 V ActivityScenario: Activity lifecycle changed event received but ignored because the intent does not match. startActivityIntent=Intent { act=android.intent.action.MAIN cat=[android.intent.category.LAUNCHER] cmp=com.example.dogglers/.MainActivity }, activity.getIntent()=Intent { act=android.intent.action.MAIN cat=[android.intent.category.LAUNCHER] flg=0x10000000 cmp=com.example.dogglers/androidx.test.core.app.InstrumentationActivityInvoker$EmptyActivity }, activity=androidx.test.core.app.InstrumentationActivityInvoker$EmptyActivity@321ba1d
09-25 13:19:17.461  2749  2946 W MessageQueue: Handler (android.hardware.display.DisplayManagerGlobal$DisplayListenerDelegate) {8be4a52} sending message to a Handler on a dead thread
09-25 13:19:17.461  2749  2946 W MessageQueue: java.lang.IllegalStateException: Handler (android.hardware.display.DisplayManagerGlobal$DisplayListenerDelegate) {8be4a52} sending message to a Handler on a dead thread
09-25 13:19:17.461  2749  2946 W MessageQueue: 	at android.os.MessageQueue.enqueueMessage(MessageQueue.java:560)
09-25 13:19:17.461  2749  2946 W MessageQueue: 	at android.os.Handler.enqueueMessage(Handler.java:778)
09-25 13:19:17.461  2749  2946 W MessageQueue: 	at android.os.Handler.sendMessageAtTime(Handler.java:727)
09-25 13:19:17.461  2749  2946 W MessageQueue: 	at android.os.Handler.sendMessageDelayed(Handler.java:697)
09-25 13:19:17.461  2749  2946 W MessageQueue: 	at android.os.Handler.sendMessage(Handler.java:635)
09-25 13:19:17.461  2749  2946 W MessageQueue: 	at android.hardware.display.DisplayManagerGlobal$DisplayListenerDelegate.sendDisplayEvent(DisplayManagerGlobal.java:1628)
09-25 13:19:17.461  2749  2946 W MessageQueue: 	at android.hardware.display.DisplayManagerGlobal.handleDisplayEvent(DisplayManagerGlobal.java:489)
09-25 13:19:17.461  2749  2946 W MessageQueue: 	at android.hardware.display.DisplayManagerGlobal.-$$Nest$mhandleDisplayEvent(Unknown Source:0)
09-25 13:19:17.461  2749  2946 W MessageQueue: 	at android.hardware.display.DisplayManagerGlobal$DisplayManagerCallback.onDisplayEvent(DisplayManagerGlobal.java:1575)
09-25 13:19:17.461  2749  2946 W MessageQueue: 	at android.hardware.display.IDisplayManagerCallback$Stub.onTransact(IDisplayManagerCallback.java:120)
09-25 13:19:17.461  2749  2946 W MessageQueue: 	at android.os.Binder.execTransactInternal(Binder.java:1321)
09-25 13:19:17.461  2749  2946 W MessageQueue: 	at android.os.Binder.execTransact(Binder.java:1280)
09-25 13:19:17.461  2749  2946 W MessageQueue: Handler (android.hardware.display.DisplayManagerGlobal$DisplayListenerDelegate) {2795126} sending message to a Handler on a dead thread
09-25 13:19:17.461  2749  2946 W MessageQueue: java.lang.IllegalStateException: Handler (android.hardware.display.DisplayManagerGlobal$DisplayListenerDelegate) {2795126} sending message to a Handler on a dead thread
09-25 13:19:17.461  2749  2946 W MessageQueue: 	at android.os.MessageQueue.enqueueMessage(MessageQueue.java:560)
09-25 13:19:17.461  2749  2946 W MessageQueue: 	at android.os.Handler.enqueueMessage(Handler.java:778)
09-25 13:19:17.461  2749  2946 W MessageQueue: 	at android.os.Handler.sendMessageAtTime(Handler.java:727)
09-25 13:19:17.461  2749  2946 W MessageQueue: 	at android.os.Handler.sendMessageDelayed(Handler.java:697)
09-25 13:19:17.461  2749  2946 W MessageQueue: 	at android.os.Handler.sendMessage(Handler.java:635)
09-25 13:19:17.461  2749  2946 W MessageQueue: 	at android.hardware.display.DisplayManagerGlobal$DisplayListenerDelegate.sendDisplayEvent(DisplayManagerGlobal.java:1628)
09-25 13:19:17.461  2749  2946 W MessageQueue: 	at android.hardware.display.DisplayManagerGlobal.handleDisplayEvent(DisplayManagerGlobal.java:489)
09-25 13:19:17.461  2749  2946 W MessageQueue: 	at android.hardware.display.DisplayManagerGlobal.-$$Nest$mhandleDisplayEvent(Unknown Source:0)
09-25 13:19:17.461  2749  2946 W MessageQueue: 	at android.hardware.display.DisplayManagerGlobal$DisplayManagerCallback.onDisplayEvent(DisplayManagerGlobal.java:1575)
09-25 13:19:17.461  2749  2946 W MessageQueue: 	at android.hardware.display.IDisplayManagerCallback$Stub.onTransact(IDisplayManagerCallback.java:120)
09-25 13:19:17.461  2749  2946 W MessageQueue: 	at android.os.Binder.execTransactInternal(Binder.java:1321)
09-25 13:19:17.461  2749  2946 W MessageQueue: 	at android.os.Binder.execTransact(Binder.java:1280)
09-25 13:19:17.461  2749  2946 W MessageQueue: Handler (android.hardware.display.DisplayManagerGlobal$DisplayListenerDelegate) {b51d858} sending message to a Handler on a dead thread
09-25 13:19:17.461  2749  2946 W MessageQueue: java.lang.IllegalStateException: Handler (android.hardware.display.DisplayManagerGlobal$DisplayListenerDelegate) {b51d858} sending message to a Handler on a dead thread
09-25 13:19:17.461  2749  2946 W MessageQueue: 	at android.os.MessageQueue.enqueueMessage(MessageQueue.java:560)
09-25 13:19:17.461  2749  2946 W MessageQueue: 	at android.os.Handler.enqueueMessage(Handler.java:778)
09-25 13:19:17.461  2749  2946 W MessageQueue: 	at android.os.Handler.sendMessageAtTime(Handler.java:727)
09-25 13:19:17.461  2749  2946 W MessageQueue: 	at android.os.Handler.sendMessageDelayed(Handler.java:697)
09-25 13:19:17.461  2749  2946 W MessageQueue: 	at android.os.Handler.sendMessage(Handler.java:635)
09-25 13:19:17.461  2749  2946 W MessageQueue: 	at android.hardware.display.DisplayManagerGlobal$DisplayListenerDelegate.sendDisplayEvent(DisplayManagerGlobal.java:1628)
09-25 13:19:17.461  2749  2946 W MessageQueue: 	at android.hardware.display.DisplayManagerGlobal.handleDisplayEvent(DisplayManagerGlobal.java:489)
09-25 13:19:17.461  2749  2946 W MessageQueue: 	at android.hardware.display.DisplayManagerGlobal.-$$Nest$mhandleDisplayEvent(Unknown Source:0)
09-25 13:19:17.461  2749  2946 W MessageQueue: 	at android.hardware.display.DisplayManagerGlobal$DisplayManagerCallback.onDisplayEvent(DisplayManagerGlobal.java:1575)
09-25 13:19:17.461  2749  2946 W MessageQueue: 	at android.hardware.display.IDisplayManagerCallback$Stub.onTransact(IDisplayManagerCallback.java:120)
09-25 13:19:17.461  2749  2946 W MessageQueue: 	at android.os.Binder.execTransactInternal(Binder.java:1321)
09-25 13:19:17.461  2749  2946 W MessageQueue: 	at android.os.Binder.execTransact(Binder.java:1280)
09-25 13:19:17.461  2749  2946 W MessageQueue: Handler (android.hardware.display.DisplayManagerGlobal$DisplayListenerDelegate) {e7d9d7} sending message to a Handler on a dead thread
09-25 13:19:17.461  2749  2946 W MessageQueue: java.lang.IllegalStateException: Handler (android.hardware.display.DisplayManagerGlobal$DisplayListenerDelegate) {e7d9d7} sending message to a Handler on a dead thread
09-25 13:19:17.461  2749  2946 W MessageQueue: 	at android.os.MessageQueue.enqueueMessage(MessageQueue.java:560)
09-25 13:19:17.461  2749  2946 W MessageQueue: 	at android.os.Handler.enqueueMessage(Handler.java:778)
09-25 13:19:17.461  2749  2946 W MessageQueue: 	at android.os.Handler.sendMessageAtTime(Handler.java:727)
09-25 13:19:17.461  2749  2946 W MessageQueue: 	at android.os.Handler.sendMessageDelayed(Handler.java:697)
09-25 13:19:17.461  2749  2946 W MessageQueue: 	at android.os.Handler.sendMessage(Handler.java:635)
09-25 13:19:17.461  2749  2946 W MessageQueue: 	at android.hardware.display.DisplayManagerGlobal$DisplayListenerDelegate.sendDisplayEvent(DisplayManagerGlobal.java:1628)
09-25 13:19:17.461  2749  2946 W MessageQueue: 	at android.hardware.display.DisplayManagerGlobal.handleDisplayEvent(DisplayManagerGlobal.java:489)
09-25 13:19:17.461  2749  2946 W MessageQueue: 	at android.hardware.display.DisplayManagerGlobal.-$$Nest$mhandleDisplayEvent(Unknown Source:0)
09-25 13:19:17.461  2749  2946 W MessageQueue: 	at android.hardware.display.DisplayManagerGlobal$DisplayManagerCallback.onDisplayEvent(DisplayManagerGlobal.java:1575)
09-25 13:19:17.461  2749  2946 W MessageQueue: 	at android.hardware.display.IDisplayManagerCallback$Stub.onTransact(IDisplayManagerCallback.java:120)
09-25 13:19:17.461  2749  2946 W MessageQueue: 	at android.os.Binder.execTransactInternal(Binder.java:1321)
09-25 13:19:17.461  2749  2946 W MessageQueue: 	at android.os.Binder.execTransact(Binder.java:1280)
09-25 13:19:17.462  2749  2946 W MessageQueue: Handler (android.hardware.display.DisplayManagerGlobal$DisplayListenerDelegate) {c1de816} sending message to a Handler on a dead thread
09-25 13:19:17.462  2749  2946 W MessageQueue: java.lang.IllegalStateException: Handler (android.hardware.display.DisplayManagerGlobal$DisplayListenerDelegate) {c1de816} sending message to a Handler on a dead thread
09-25 13:19:17.462  2749  2946 W MessageQueue: 	at android.os.MessageQueue.enqueueMessage(MessageQueue.java:560)
09-25 13:19:17.462  2749  2946 W MessageQueue: 	at android.os.Handler.enqueueMessage(Handler.java:778)
09-25 13:19:17.462  2749  2946 W MessageQueue: 	at android.os.Handler.sendMessageAtTime(Handler.java:727)
09-25 13:19:17.462  2749  2946 W MessageQueue: 	at android.os.Handler.sendMessageDelayed(Handler.java:697)
09-25 13:19:17.462  2749  2946 W MessageQueue: 	at android.os.Handler.sendMessage(Handler.java:635)
09-25 13:19:17.462  2749  2946 W MessageQueue: 	at android.hardware.display.DisplayManagerGlobal$DisplayListenerDelegate.sendDisplayEvent(DisplayManagerGlobal.java:1628)
09-25 13:19:17.462  2749  2946 W MessageQueue: 	at android.hardware.display.DisplayManagerGlobal.handleDisplayEvent(DisplayManagerGlobal.java:489)
09-25 13:19:17.462  2749  2946 W MessageQueue: 	at android.hardware.display.DisplayManagerGlobal.-$$Nest$mhandleDisplayEvent(Unknown Source:0)
09-25 13:19:17.462  2749  2946 W MessageQueue: 	at android.hardware.display.DisplayManagerGlobal$DisplayManagerCallback.onDisplayEvent(DisplayManagerGlobal.java:1575)
09-25 13:19:17.462  2749  2946 W MessageQueue: 	at android.hardware.display.IDisplayManagerCallback$Stub.onTransact(IDisplayManagerCallback.java:120)
09-25 13:19:17.462  2749  2946 W MessageQueue: 	at android.os.Binder.execTransactInternal(Binder.java:1321)
09-25 13:19:17.462  2749  2946 W MessageQueue: 	at android.os.Binder.execTransact(Binder.java:1280)
09-25 13:19:17.462  2749  2946 W MessageQueue: Handler (android.hardware.display.DisplayManagerGlobal$DisplayListenerDelegate) {3b6dc26} sending message to a Handler on a dead thread
09-25 13:19:17.462  2749  2946 W MessageQueue: java.lang.IllegalStateException: Handler (android.hardware.display.DisplayManagerGlobal$DisplayListenerDelegate) {3b6dc26} sending message to a Handler on a dead thread
09-25 13:19:17.462  2749  2946 W MessageQueue: 	at android.os.MessageQueue.enqueueMessage(MessageQueue.java:560)
09-25 13:19:17.462  2749  2946 W MessageQueue: 	at android.os.Handler.enqueueMessage(Handler.java:778)
09-25 13:19:17.462  2749  2946 W MessageQueue: 	at android.os.Handler.sendMessageAtTime(Handler.java:727)
09-25 13:19:17.462  2749  2946 W MessageQueue: 	at android.os.Handler.sendMessageDelayed(Handler.java:697)
09-25 13:19:17.462  2749  2946 W MessageQueue: 	at android.os.Handler.sendMessage(Handler.java:635)
09-25 13:19:17.462  2749  2946 W MessageQueue: 	at android.hardware.display.DisplayManagerGlobal$DisplayListenerDelegate.sendDisplayEvent(DisplayManagerGlobal.java:1628)
09-25 13:19:17.462  2749  2946 W MessageQueue: 	at android.hardware.display.DisplayManagerGlobal.handleDisplayEvent(DisplayManagerGlobal.java:489)
09-25 13:19:17.462  2749  2946 W MessageQueue: 	at android.hardware.display.DisplayManagerGlobal.-$$Nest$mhandleDisplayEvent(Unknown Source:0)
09-25 13:19:17.462  2749  2946 W MessageQueue: 	at android.hardware.display.DisplayManagerGlobal$DisplayManagerCallback.onDisplayEvent(DisplayManagerGlobal.java:1575)
09-25 13:19:17.462  2749  2946 W MessageQueue: 	at android.hardware.display.IDisplayManagerCallback$Stub.onTransact(IDisplayManagerCallback.java:120)
09-25 13:19:17.462  2749  2946 W MessageQueue: 	at android.os.Binder.execTransactInternal(Binder.java:1321)
09-25 13:19:17.462  2749  2946 W MessageQueue: 	at android.os.Binder.execTransact(Binder.java:1280)
09-25 13:19:17.463  1914  1914 I SurfaceFlinger: [f68b827 com.example.dogglers/com.example.dogglers.MainActivity#161913] FrameRatePriority: -1
09-25 13:19:17.466  5639  5639 I DecorView: [INFO] isPopOver=false config=true
09-25 13:19:17.466  5639  5639 I DecorView: updateCaptionType: isFloating=false isApplication=true hasWindowDecorCaption=false this=DecorView@2b30a60[]
09-25 13:19:17.466  5639  5639 D DecorView: setCaptionType = 0, this = DecorView@2b30a60[]
09-25 13:19:17.467  3108  3230 I SemPersonaManager: SecureFolder personaId = 150
09-25 13:19:17.467  4768  4861 I ViewRootImpl@8392ea1[dogglers]: mWNT: t=0xb4000077a1099800 mBlastBufferQueue=0xb400007705019c80 fn= 6 caller= android.view.SyncRtSurfaceTransactionApplier.applyTransaction:96 android.view.SyncRtSurfaceTransactionApplier.lambda$scheduleApply$0$android-view-SyncRtSurfaceTransactionApplier:69 android.view.SyncRtSurfaceTransactionApplier$$ExternalSyntheticLambda0.onFrameDraw:4
09-25 13:19:17.467  5639  5639 I DecorView: getCurrentDensityDpi: from real metrics. densityDpi=560 msg=resources_loaded
09-25 13:19:17.467  5639  5639 I DecorView: setWindowBackground: isPopOver=false color=ff010101 d=android.graphics.drawable.StateListDrawable@9a4db19
09-25 13:19:17.467  5639  5639 D LifecycleMonitor: Lifecycle status change: androidx.test.core.app.InstrumentationActivityInvoker$EmptyActivity@321ba1d in: CREATED
09-25 13:19:17.468  5639  5639 V ActivityScenario: Activity lifecycle changed event received but ignored because the intent does not match. startActivityIntent=Intent { act=android.intent.action.MAIN cat=[android.intent.category.LAUNCHER] cmp=com.example.dogglers/.MainActivity }, activity.getIntent()=Intent { act=android.intent.action.MAIN cat=[android.intent.category.LAUNCHER] flg=0x10000000 cmp=com.example.dogglers/androidx.test.core.app.InstrumentationActivityInvoker$EmptyActivity }, activity=androidx.test.core.app.InstrumentationActivityInvoker$EmptyActivity@321ba1d
09-25 13:19:17.468  5639  5639 D LifecycleMonitor: Lifecycle status change: androidx.test.core.app.InstrumentationActivityInvoker$EmptyActivity@321ba1d in: STARTED
09-25 13:19:17.468  5639  5639 V ActivityScenario: Activity lifecycle changed event received but ignored because the intent does not match. startActivityIntent=Intent { act=android.intent.action.MAIN cat=[android.intent.category.LAUNCHER] cmp=com.example.dogglers/.MainActivity }, activity.getIntent()=Intent { act=android.intent.action.MAIN cat=[android.intent.category.LAUNCHER] flg=0x10000000 cmp=com.example.dogglers/androidx.test.core.app.InstrumentationActivityInvoker$EmptyActivity }, activity=androidx.test.core.app.InstrumentationActivityInvoker$EmptyActivity@321ba1d
09-25 13:19:17.469  5639  5639 D LifecycleMonitor: Lifecycle status change: androidx.test.core.app.InstrumentationActivityInvoker$EmptyActivity@321ba1d in: RESUMED
09-25 13:19:17.469  5639  5639 V ActivityScenario: Activity lifecycle changed event received but ignored because the intent does not match. startActivityIntent=Intent { act=android.intent.action.MAIN cat=[android.intent.category.LAUNCHER] cmp=com.example.dogglers/.MainActivity }, activity.getIntent()=Intent { act=android.intent.action.MAIN cat=[android.intent.category.LAUNCHER] flg=0x10000000 cmp=com.example.dogglers/androidx.test.core.app.InstrumentationActivityInvoker$EmptyActivity }, activity=androidx.test.core.app.InstrumentationActivityInvoker$EmptyActivity@321ba1d
09-25 13:19:17.469  5639  5639 I MSHandlerLifeCycle: check: return. pkg=com.example.dogglers parent=null callers=com.android.internal.policy.DecorView.setVisibility:4412 android.app.ActivityThread.handleResumeActivity:5476 android.app.servertransaction.ResumeActivityItem.execute:54 android.app.servertransaction.ActivityTransactionItem.execute:45 android.app.servertransaction.TransactionExecutor.executeLifecycleState:176
09-25 13:19:17.469  5639  5639 I MSHandlerLifeCycle: removeMultiSplitHandler: no exist. decor=DecorView@2b30a60[]
09-25 13:19:17.471  5639  5729 D NativeCustomFrequencyManager: [NativeCFMS] BpCustomFrequencyManager::BpCustomFrequencyManager()
09-25 13:19:17.471  4768  4860 I ViewRootImpl@8392ea1[dogglers]: mWNT: t=0xb4000077a0f77a00 mBlastBufferQueue=0xb400007705019c80 fn= 7 caller= android.view.SyncRtSurfaceTransactionApplier.applyTransaction:96 android.view.SyncRtSurfaceTransactionApplier.lambda$scheduleApply$0$android-view-SyncRtSurfaceTransactionApplier:69 android.view.SyncRtSurfaceTransactionApplier$$ExternalSyntheticLambda0.onFrameDraw:4
09-25 13:19:17.473  3108  6493 D InputDispatcher: Focus request (0): <null> but waiting because NOT_FOCUSABLE
09-25 13:19:17.473  3108  6493 D InputDispatcher: Focus left window (0): f68b827 com.example.dogglers/com.example.dogglers.MainActivity
09-25 13:19:17.473  3108  3230 D EnterpriseDeviceManagerService: isMdmAdminPresentInternal() : MDM Admin Found - com.samsung.knox.securefolder
09-25 13:19:17.474  3108  6456 D InputTransport: Input channel constructed: '2a20af6', fd=1614
09-25 13:19:17.474  3108  6456 D InputTransport: Input channel constructed: '2a20af6', fd=1615
09-25 13:19:17.474  3108  6456 D InputTransport: Input channel constructed: '2a20af6', fd=1616
09-25 13:19:17.474  1914  2140 I SurfaceFlinger: id=161921 createSurf, flag=80004, 2a20af6 com.example.dogglers/androidx.test.core.app.InstrumentationActivityInvoker$EmptyActivity#161921
09-25 13:19:17.475   668  2704 D TrafficStats: tagSocket(138) with statsTag=0xffffffff, statsUid=-1
09-25 13:19:17.476  3108  6456 D InputTransport: Input channel destroyed: '2a20af6', fd=1616
09-25 13:19:17.477  5639  5639 D InsetsController: onStateChanged: InsetsState: {mDisplayFrame=Rect(0, 0 - 1440, 3088), mDisplayCutout=DisplayCutout{insets=Rect(0, 100 - 0, 0) waterfall=Insets{left=0, top=0, right=0, bottom=0} boundingRect={Bounds=[Rect(0, 0 - 0, 0), Rect(685, 0 - 756, 100), Rect(0, 0 - 0, 0), Rect(0, 0 - 0, 0)]} cutoutPathParserInfo={CutoutPathParserInfo{displayWidth=1440 displayHeight=3088 physicalDisplayWidth=1440 physicalDisplayHeight=3088 density={3.75} cutoutSpec={M 0,0 H -9.466666666666667 V 26.66666666666667‬ H 9.466666666666667 V 0 H 0 Z @dp} rotation={0} scale={1.0} physicalPixelDisplaySizeRatio={1.0}}}}, mRoundedCorners=RoundedCorners{[RoundedCorner{position=TopLeft, radius=14, center=Point(14, 14)}, RoundedCorner{position=TopRight, radius=14, center=Point(1426, 14)}, RoundedCorner{position=BottomRight, radius=14, center=Point(1426, 3074)}, RoundedCorner{position=BottomLeft, radius=14, center=Point(14, 3074)}]}  mRoundedCornerFrame=Rect(0, 0 - 1440, 3088), mPrivacyIndicatorBounds=PrivacyIndicatorBounds {static bounds=Rect(1286, 0 - 1440, 100) rotation=0}, mSources= { InsetsSource: {mType=ITYPE_STATUS_BAR, mFrame=[0,0][1440,100], mVisible=true, mInsetsRoundedCornerFrame=false}, InsetsSource: {mType=ITYPE_NAVIGATION_BAR, mFrame=[0,3088][1440,3088], mVisible=true, mInsetsRoundedCornerFrame=false}, InsetsSource: {mType=ITYPE_LEFT_GESTURES, mFrame=[0,0][0,3088], mVisible=true, mInsetsRoundedCornerFrame=false}, InsetsSource: {mType=ITYPE_RIGHT_GESTURES, mFrame=[1440,0][1440,3088], mVisible=true, mInsetsRoundedCornerFrame=false}, InsetsSource: {mType=ITYPE_TOP_MANDATORY_GESTURES, mFrame=[0,0][1440,142], mVisible=true, mInsetsRoundedCornerFrame=false}, InsetsSource: {mType=ITYPE_BOTTOM_MANDATORY_GESTURES, mFrame=[0,3018][1440,3088], mVisible=true, mInsetsRoundedCornerFrame=false}, InsetsSource: {mType=ITYPE_LEFT_DISPLAY_CUTOUT, mFrame=[0,0][-100000,3088], mVisible=true, mInsetsRoundedCornerFrame=false}, InsetsSource: {mType=ITYPE_TOP_DISPLAY_CUTOUT, mFrame=[0,0][1440,100], mVisible=true, mInsetsRoundedCornerFrame=false}, InsetsSource: {mType=ITYPE_RIGHT_DISPLAY_CUTOUT, mFrame=[100000,0][1440,3088], mVisible=true, mInsetsRoundedCornerFrame=false}, InsetsSource: {mType=ITYPE_BOTTOM_DISPLAY_CUTOUT, mFrame=[0,100000][1440,3088], mVisible=true, mInsetsRoundedCornerFrame=false}, InsetsSource: {mType=ITYPE_TOP_TAPPABLE_ELEMENT, mFrame=[0,0][1440,100], mVisible=true, mInsetsRoundedCornerFrame=false}, InsetsSource: {mType=ITYPE_BOTTOM_TAPPABLE_ELEMENT, mFrame=[0,0][0,0], mVisible=true, mInsetsRoundedCornerFrame=false} } host=com.example.dogglers/androidx.test.core.app.InstrumentationActivityInvoker$EmptyActivity from=android.view.ViewRootImpl.setView:1732
