09-25 13:19:30.569  5639  5703 I TestRunner: started: recycler_view_item_count(com.example.dogglers.VerticalListTests)
09-25 13:19:30.569  6586  6586 I SAMSUNGWALLET: [Hint_PayHintService] Hint Status - already invisible, skip hide : [4000000] - 4000000
09-25 13:19:30.571  3108 29076 D RemoteAppTaskWatcher:  ****** RemoteAppTaskWatcher: Message Received 3 Task ID = 7119
09-25 13:19:30.571  5639  5703 W Settings: Setting always_finish_activities has moved from android.provider.Settings.System to android.provider.Settings.Global, returning read-only value.
09-25 13:19:30.571  3108 29076 D RemoteAppTaskWatcher:  ****** RemoteAppTaskWatcher: Message Received 3 Task ID = 7119
09-25 13:19:30.572  5369  5369 I RecentsView: onTaskRemoved() taskId : 7119
09-25 13:19:30.572  1914  1914 I Layer   : id=162523 removedFromDrawingState com.example.dogglers/androidx.test.core.app.InstrumentationActivityInvoker$EmptyActivity$_5639#162523 (333)
09-25 13:19:30.572  1914  1914 I Layer   : id=162522 removedFromDrawingState 4905f34 com.example.dogglers/androidx.test.core.app.InstrumentationActivityInvoker$EmptyActivity#162522 (333)
09-25 13:19:30.572  5369  5369 I TopTaskTracker: onTaskRemoved : taskId = 7119
09-25 13:19:30.572  1914  1914 I SurfaceFlinger: id=162523 Removed com.example.dogglers/androidx.test.core.app.InstrumentationActivityInvoker$EmptyActivity$_5639#162523 (333)
09-25 13:19:30.572  1914  1914 I SurfaceFlinger: id=162522 Removed 4905f34 com.example.dogglers/androidx.test.core.app.InstrumentationActivityInvoker$EmptyActivity#162522 (333)
09-25 13:19:30.572  1914  1914 I Layer   : id=162526 Destroyed Surface(name=6a358c3 InputMethod)/@0x1a6cc79 - animation-leash of insets_animation#162526
09-25 13:19:30.572  5369  5369 I RecentsView: onTaskRemoved() taskId : 7119
09-25 13:19:30.572  1914  1914 I Layer   : id=162522 Destroyed 4905f34 com.example.dogglers/androidx.test.core.app.InstrumentationActivityInvoker$EmptyActivity#162522
09-25 13:19:30.573  5369  5369 I TopTaskTracker: onTaskRemoved : taskId = 7119
09-25 13:19:30.573  1914  1914 I Layer   : id=162523 Destroyed com.example.dogglers/androidx.test.core.app.InstrumentationActivityInvoker$EmptyActivity$_5639#162523
09-25 13:19:30.574  5759  6502 E pageboostd: prefetch start : app comquizletquizletandroid
09-25 13:19:30.577  3108  3230 I ChimeraSystemEventListener: appLaunchIntent package name is: com.example.dogglers
09-25 13:19:30.578  3108  5688 I SemDvfsHyPerManager: acquire hyper - AMS_APP_SWITCH/3108@23, type = -999
09-25 13:19:30.579  3108 29076 D RemoteAppTaskWatcher:  ****** RemoteAppTaskWatcher: Message Received 0 Task ID = 7120
09-25 13:19:30.579  1809  1855 I HYPER-HAL: [RequestManager.cpp]acquire(): Acquired ID : 4903169  [3108 / 23]    HINT : AMS_APP_SWITCH    list :
09-25 13:19:30.579  1914  3199 I SurfaceFlinger: id=162537 createSurf, flag=24004, Task=7120#162537
09-25 13:19:30.579  8328  8328 I SemDvfsHyPerManager: acquire hyper - APP_START_SHORT/8328@19, type = -999
09-25 13:19:30.581  1914  1914 I Layer   : id=162519 removedFromDrawingState ActivityRecord{184d235 u0 com.example.dogglers/androidx.test.core.app.InstrumentationActivityInvoker$EmptyActivity} t7119}#162519 (331)
09-25 13:19:30.581  1914  1914 I Layer   : id=162520 removedFromDrawingState 1223c6c ActivityRecordInputSink com.example.dogglers/androidx.test.core.app.InstrumentationActivityInvoker$EmptyActivity#162520 (331)
09-25 13:19:30.581  1914  1914 I Layer   : id=162498 removedFromDrawingState Task=7119#162498 (331)
09-25 13:19:30.581  1914  1914 I Layer   : id=162536 removedFromDrawingState Task=7119#162536 (331)
09-25 13:19:30.581  1914  1914 I SurfaceFlinger: id=162519 Removed ActivityRecord{184d235 u0 com.example.dogglers/androidx.test.core.app.InstrumentationActivityInvoker$EmptyActivity} t7119}#162519 (331)
09-25 13:19:30.581  1914  1914 I SurfaceFlinger: id=162536 Removed Task=7119#162536 (331)
09-25 13:19:30.581  1914  1914 I Layer   : id=162519 Destroyed ActivityRecord{184d235 u0 com.example.dogglers/androidx.test.core.app.InstrumentationActivityInvoker$EmptyActivity} t7119}#162519
09-25 13:19:30.581  1914  1914 I Layer   : id=162520 Destroyed 1223c6c ActivityRecordInputSink com.example.dogglers/androidx.test.core.app.InstrumentationActivityInvoker$EmptyActivity#162520
09-25 13:19:30.581  1914  1914 I Layer   : id=162536 Destroyed Task=7119#162536
09-25 13:19:30.582  1914  3199 I SurfaceFlinger: id=162538 createSurf, flag=80004, ActivityRecord{987631d u0 com.example.dogglers/androidx.test.core.app.InstrumentationActivityInvoker$BootstrapActivity} t7120}#162538
09-25 13:19:30.582  1809  1855 I HYPER-HAL: [RequestManager.cpp]acquire(): Acquired ID : 34840397  [8328 / 19]    HINT : APP_START_LOW_HEAT    list : [TIMEOUT / 1500]
09-25 13:19:30.586  2229  5196 I CameraService: onUidStateChanged: uid=10042, procState is changed. (0 -> 1)
09-25 13:19:30.587  3108  9815 I SemDvfsHyPerManager: acquire hyper - AMS_APP_LAUNCH/3108@19, type = -999
09-25 13:19:30.587  1809  1855 I HYPER-HAL: [RequestManager.cpp]acquire(): Acquired ID : 4890647  [3108 / 19]    HINT : AMS_APP_LAUNCH    list :
09-25 13:19:30.587  5759  5759 E pageboostd: Received HALT command code 2
09-25 13:19:30.587  4768  4851 D NativeCustomFrequencyManager: [NativeCFMS] BpCustomFrequencyManager::BpCustomFrequencyManager()
09-25 13:19:30.587  5759  6502 E pageboostd: comquizletquizletandroid, amt 86208512 scnt 331 fcnt 64
09-25 13:19:30.587  5759  6502 E pageboostd: prefetch end : app comquizletquizletandroid data_amount 86208512
09-25 13:19:30.587  5759  6502 E pageboostd: prefetch halted comquizletquizletandroid
09-25 13:19:30.587  8328  8328 I SemDvfsHyPerManager: acquire hyper - APP_START/8328@21, type = -999
09-25 13:19:30.588  1809  1855 I HYPER-HAL: [RequestManager.cpp]acquire(): Acquired ID : 34857096  [8328 / 21]    HINT : APP_START_LOW_HEAT    list :
09-25 13:19:30.590  3108 29076 D RemoteAppTaskWatcher:  ****** RemoteAppTaskWatcher: Message Received 4 Task ID = 7120
09-25 13:19:30.590  3108 29076 D RemoteAppTaskWatcher:  ****** RemoteAppTaskWatcher: Message Received 0 Task ID = 7120
09-25 13:19:30.591  5369  5369 I BaseActivity: removeActivityFlags, flags : 16
09-25 13:19:30.591  5369  5369 I BaseActivity: removeActivityFlags, flags : 6
09-25 13:19:30.591  5369  5369 I DragController: endDrag
09-25 13:19:30.591  5369  5369 W LauncherAppWidgetHost: setShouldListenFlag, mFlags:15 flag:resume on:false isFront:false
09-25 13:19:30.591  5369  5369 I SPayUpdater: updateSpayHandler launcher activity is paused false
09-25 13:19:30.591  5369 11129 I WidgetRotationImpl: unsubscribeWidgetFocus 80
09-25 13:19:30.592  3108  9815 D InputTransport: Input channel constructed: '775b98c', fd=1144
09-25 13:19:30.592  3108  9815 D InputTransport: Input channel constructed: '775b98c', fd=1162
09-25 13:19:30.592  3108  9815 D InputTransport: Input channel constructed: '775b98c', fd=1254
09-25 13:19:30.592  1914  2140 I SurfaceFlinger: id=162539 createSurf, flag=80004, 775b98c Splash Screen com.example.dogglers#162539
09-25 13:19:30.592  5369 11129 I IntelligentPlatformManagerImpl: unsubscribeWidgetFocus() id : 80
09-25 13:19:30.594  3108  9815 D InputTransport: Input channel destroyed: '775b98c', fd=1254
09-25 13:19:30.595  4768  4843 D InsetsController: onStateChanged: InsetsState: {mDisplayFrame=Rect(0, 0 - 1440, 3088), mDisplayCutout=DisplayCutout{insets=Rect(0, 100 - 0, 0) waterfall=Insets{left=0, top=0, right=0, bottom=0} boundingRect={Bounds=[Rect(0, 0 - 0, 0), Rect(685, 0 - 756, 100), Rect(0, 0 - 0, 0), Rect(0, 0 - 0, 0)]} cutoutPathParserInfo={CutoutPathParserInfo{displayWidth=1440 displayHeight=3088 physicalDisplayWidth=1440 physicalDisplayHeight=3088 density={3.75} cutoutSpec={M 0,0 H -9.466666666666667 V 26.66666666666667‬ H 9.466666666666667 V 0 H 0 Z @dp} rotation={0} scale={1.0} physicalPixelDisplaySizeRatio={1.0}}}}, mRoundedCorners=RoundedCorners{[RoundedCorner{position=TopLeft, radius=14, center=Point(14, 14)}, RoundedCorner{position=TopRight, radius=14, center=Point(1426, 14)}, RoundedCorner{position=BottomRight, radius=14, center=Point(1426, 3074)}, RoundedCorner{position=BottomLeft, radius=14, center=Point(14, 3074)}]}  mRoundedCornerFrame=Rect(0, 0 - 1440, 3088), mPrivacyIndicatorBounds=PrivacyIndicatorBounds {static bounds=Rect(1286, 0 - 1440, 100) rotation=0}, mSources= { InsetsSource: {mType=ITYPE_STATUS_BAR, mFrame=[0,0][1440,100], mVisible=true, mInsetsRoundedCornerFrame=false}, InsetsSource: {mType=ITYPE_NAVIGATION_BAR, mFrame=[0,3088][1440,3088], mVisible=true, mInsetsRoundedCornerFrame=false}, InsetsSource: {mType=ITYPE_LEFT_GESTURES, mFrame=[0,0][0,3088], mVisible=true, mInsetsRoundedCornerFrame=false}, InsetsSource: {mType=ITYPE_RIGHT_GESTURES, mFrame=[1440,0][1440,3088], mVisible=true, mInsetsRoundedCornerFrame=false}, InsetsSource: {mType=ITYPE_TOP_MANDATORY_GESTURES, mFrame=[0,0][1440,142], mVisible=true, mInsetsRoundedCornerFrame=false}, InsetsSource: {mType=ITYPE_BOTTOM_MANDATORY_GESTURES, mFrame=[0,3018][1440,3088], mVisible=true, mInsetsRoundedCornerFrame=false}, InsetsSource: {mType=ITYPE_LEFT_DISPLAY_CUTOUT, mFrame=[0,0][-100000,3088], mVisible=true, mInsetsRoundedCornerFrame=false}, InsetsSource: {mType=ITYPE_TOP_DISPLAY_CUTOUT, mFrame=[0,0][1440,100], mVisible=true, mInsetsRoundedCornerFrame=false}, InsetsSource: {mType=ITYPE_RIGHT_DISPLAY_CUTOUT, mFrame=[100000,0][1440,3088], mVisible=true, mInsetsRoundedCornerFrame=false}, InsetsSource: {mType=ITYPE_BOTTOM_DISPLAY_CUTOUT, mFrame=[0,100000][1440,3088], mVisible=true, mInsetsRoundedCornerFrame=false}, InsetsSource: {mType=ITYPE_TOP_TAPPABLE_ELEMENT, mFrame=[0,0][1440,100], mVisible=true, mInsetsRoundedCornerFrame=false}, InsetsSource: {mType=ITYPE_BOTTOM_TAPPABLE_ELEMENT, mFrame=[0,0][0,0], mVisible=true, mInsetsRoundedCornerFrame=false} } host=Splash Screen com.example.dogglers from=android.view.ViewRootImpl.setView:1732
09-25 13:19:30.597  3108  6472 D InputDispatcher: Focused application(0): ActivityRecord{987631d u0 com.example.dogglers/androidx.test.core.app.InstrumentationActivityInvoker$BootstrapActivity} t7120}
09-25 13:19:30.599  3108 29076 D RemoteAppTaskWatcher:  ****** RemoteAppTaskWatcher: Message Received 5 Task ID = 0
09-25 13:19:30.601  5369  5369 I TopTaskTracker: onTaskMovedToFront : taskId = 7120
09-25 13:19:30.603  3108  4605 D AS.MultiSoundManager: mForegroundUid = 10577
09-25 13:19:30.603  6586 10126 I SAMSUNGWALLET: [Hint_ProcessStatusChange] fg Change, pid : 5639 , isNotify : false , isForeground : true , fg list : []
09-25 13:19:30.603  6586 10126 I SAMSUNGWALLET: [ProcessStatusChange] fg Change, pid : 5639 , isNotify : false , isForeground : true , fg list : []
09-25 13:19:30.603  6586 17206 I SAMSUNGWALLET: [Hint_ProcessStatusChange] fg Change, pid : 5639 , isNotify : false , isForeground : true , fg list : []
09-25 13:19:30.603  5639  5639 D LifecycleMonitor: Lifecycle status change: androidx.test.core.app.InstrumentationActivityInvoker$BootstrapActivity@72d76cf in: PRE_ON_CREATE
09-25 13:19:30.603  6586 17206 I SAMSUNGWALLET: [ProcessStatusChange] fg Change, pid : 5639 , isNotify : false , isForeground : true , fg list : []
09-25 13:19:30.603  5639  5639 V ActivityScenario: Activity lifecycle changed event received but ignored because the intent does not match. startActivityIntent=Intent { act=android.intent.action.MAIN cat=[android.intent.category.LAUNCHER] cmp=com.example.dogglers/.VerticalListActivity }, activity.getIntent()=Intent { act=android.intent.action.MAIN cat=[android.intent.category.LAUNCHER] flg=0x10008000 cmp=com.example.dogglers/androidx.test.core.app.InstrumentationActivityInvoker$BootstrapActivity (has extras) }, activity=androidx.test.core.app.InstrumentationActivityInvoker$BootstrapActivity@72d76cf
09-25 13:19:30.603  6586 25742 I SAMSUNGWALLET: [Hint_ProcessStatusChange] fg Change, pid : 5639 , isNotify : false , isForeground : true , fg list : []
09-25 13:19:30.604  6586 25742 I SAMSUNGWALLET: [ProcessStatusChange] fg Change, pid : 5639 , isNotify : false , isForeground : true , fg list : []
09-25 13:19:30.605 15286 15346 I Rubin   : [27752] t9.a.c(SourceFile:1) : Notify com.samsung.android.rubin.inferenceengine.contextanalytics.engine.loggers.d's database is updated.
09-25 13:19:30.606  1914  1914 I SurfaceFlinger: [c7375dc com.sec.android.app.launcher/com.sec.android.app.launcher.activities.LauncherActivity#176] FrameRatePriority: -1
09-25 13:19:30.606  4768  4843 I ViewRootImpl@e2cbd9b[dogglers]: setView = android.widget.FrameLayout@50f9877 TM=true
09-25 13:19:30.607  4768  4843 I ViewRootImpl@e2cbd9b[dogglers]: performTraversals params={(0,0)(fillxfill) sim={adjust=pan} ty=APPLICATION_STARTING fmt=TRANSLUCENT wanim=0x1030001
09-25 13:19:30.607  4768  4843 I ViewRootImpl@e2cbd9b[dogglers]:   fl=81030118
09-25 13:19:30.607  4768  4843 I ViewRootImpl@e2cbd9b[dogglers]:   pfl=16000010
09-25 13:19:30.607  4768  4843 I ViewRootImpl@e2cbd9b[dogglers]:   bhv=DEFAULT
09-25 13:19:30.607  4768  4843 I ViewRootImpl@e2cbd9b[dogglers]:   fitSides= naviIconColor=0}
09-25 13:19:30.607  4768  4843 I ViewRootImpl@e2cbd9b[dogglers]: performTraversals mFirst=true windowShouldResize=true viewVisibilityChanged=false mForceNextWindowRelayout=false params={(0,0)(fillxfill) sim={adjust=pan} ty=APPLICATION_STARTING fmt=TRANSLUCENT wanim=0x1030001
09-25 13:19:30.607  4768  4843 I ViewRootImpl@e2cbd9b[dogglers]:   fl=81030118
09-25 13:19:30.607  4768  4843 I ViewRootImpl@e2cbd9b[dogglers]:   pfl=16000010
09-25 13:19:30.607  4768  4843 I ViewRootImpl@e2cbd9b[dogglers]:   bhv=DEFAULT
09-25 13:19:30.607  4768  4843 I ViewRootImpl@e2cbd9b[dogglers]:   fitSides= naviIconColor=0}
09-25 13:19:30.607  3108  9815 D InputDispatcher: Focus request (0): <null> but waiting because NOT_FOCUSABLE
09-25 13:19:30.607  3108  9815 D InputDispatcher: Focus left window (0): c7375dc com.sec.android.app.launcher/com.sec.android.app.launcher.activities.LauncherActivity
09-25 13:19:30.607  5369  5369 I ViewRootImpl@7533534[LauncherActivity]: MSG_WINDOW_FOCUS_CHANGED 0 0
09-25 13:19:30.607  5369  5369 I BaseActivity: removeActivityFlags, flags : 8
09-25 13:19:30.610  5639  5639 I DecorView: [INFO] isPopOver=false config=true
09-25 13:19:30.611  5639  5639 I DecorView: updateCaptionType: isFloating=false isApplication=true hasWindowDecorCaption=false this=DecorView@7c2c3a[]
09-25 13:19:30.611  5639  5639 D DecorView: setCaptionType = 0, this = DecorView@7c2c3a[]
09-25 13:19:30.611  3108  6472 V WindowManager: Relayout Window{775b98c u0 Splash Screen com.example.dogglers}: viewVisibility=0 req=1440x3088 d0
09-25 13:19:30.611  1914  2140 I SurfaceFlinger: id=162540 createSurf, flag=40004, Splash Screen com.example.dogglers$_4768#162540
09-25 13:19:30.611  5639  5639 I DecorView: getCurrentDensityDpi: from real metrics. densityDpi=560 msg=resources_loaded
09-25 13:19:30.611  5639  5639 I DecorView: setWindowBackground: isPopOver=false color=ff010101 d=android.graphics.drawable.StateListDrawable@934b0eb
09-25 13:19:30.611 15715 18710 I WindowsLink: (TaskInfoManager) +++++++++++onRecentTaskStackUpdated
09-25 13:19:30.611  5639  5639 D LifecycleMonitor: Lifecycle status change: androidx.test.core.app.InstrumentationActivityInvoker$BootstrapActivity@72d76cf in: CREATED
09-25 13:19:30.612  5639  5639 V ActivityScenario: Activity lifecycle changed event received but ignored because the intent does not match. startActivityIntent=Intent { act=android.intent.action.MAIN cat=[android.intent.category.LAUNCHER] cmp=com.example.dogglers/.VerticalListActivity }, activity.getIntent()=Intent { act=android.intent.action.MAIN cat=[android.intent.category.LAUNCHER] flg=0x10008000 cmp=com.example.dogglers/androidx.test.core.app.InstrumentationActivityInvoker$BootstrapActivity (has extras) }, activity=androidx.test.core.app.InstrumentationActivityInvoker$BootstrapActivity@72d76cf
09-25 13:19:30.612  5639  5639 D LifecycleMonitor: Lifecycle status change: androidx.test.core.app.InstrumentationActivityInvoker$BootstrapActivity@72d76cf in: STARTED
09-25 13:19:30.612  5639  5639 V ActivityScenario: Activity lifecycle changed event received but ignored because the intent does not match. startActivityIntent=Intent { act=android.intent.action.MAIN cat=[android.intent.category.LAUNCHER] cmp=com.example.dogglers/.VerticalListActivity }, activity.getIntent()=Intent { act=android.intent.action.MAIN cat=[android.intent.category.LAUNCHER] flg=0x10008000 cmp=com.example.dogglers/androidx.test.core.app.InstrumentationActivityInvoker$BootstrapActivity (has extras) }, activity=androidx.test.core.app.InstrumentationActivityInvoker$BootstrapActivity@72d76cf
09-25 13:19:30.613 15286 15346 I Rubin   : [27752] ha.e.m(SourceFile:6) : isSatisfiedByCmh is false
09-25 13:19:30.614  5369  5369 I BadgeRenderer: Invalid count : 0
09-25 13:19:30.616  3108  6472 V WindowManager: Relayout hash=775b98c, pid=4768, syncId=-1: mAttrs={(0,0)(fillxfill) sim={adjust=pan} ty=APPLICATION_STARTING fmt=TRANSLUCENT wanim=0x1030001
09-25 13:19:30.616  3108  6472 V WindowManager:   fl=81030118
09-25 13:19:30.616  3108  6472 V WindowManager:   pfl=16000010
09-25 13:19:30.616  3108  6472 V WindowManager:   bhv=DEFAULT
09-25 13:19:30.616  3108  6472 V WindowManager:   fitSides= naviIconColor=0}
09-25 13:19:30.617  4768  4843 D InsetsController: onStateChanged: InsetsState: {mDisplayFrame=Rect(0, 0 - 1440, 3088), mDisplayCutout=DisplayCutout{insets=Rect(0, 100 - 0, 0) waterfall=Insets{left=0, top=0, right=0, bottom=0} boundingRect={Bounds=[Rect(0, 0 - 0, 0), Rect(685, 0 - 756, 100), Rect(0, 0 - 0, 0), Rect(0, 0 - 0, 0)]} cutoutPathParserInfo={CutoutPathParserInfo{displayWidth=1440 displayHeight=3088 physicalDisplayWidth=1440 physicalDisplayHeight=3088 density={3.75} cutoutSpec={M 0,0 H -9.466666666666667 V 26.66666666666667‬ H 9.466666666666667 V 0 H 0 Z @dp} rotation={0} scale={1.0} physicalPixelDisplaySizeRatio={1.0}}}}, mRoundedCorners=RoundedCorners{[RoundedCorner{position=TopLeft, radius=14, center=Point(14, 14)}, RoundedCorner{position=TopRight, radius=14, center=Point(1426, 14)}, RoundedCorner{position=BottomRight, radius=14, center=Point(1426, 3074)}, RoundedCorner{position=BottomLeft, radius=14, center=Point(14, 3074)}]}  mRoundedCornerFrame=Rect(0, 0 - 1440, 3088), mPrivacyIndicatorBounds=PrivacyIndicatorBounds {static bounds=Rect(1286, 0 - 1440, 100) rotation=0}, mSources= { InsetsSource: {mType=ITYPE_STATUS_BAR, mFrame=[0,0][1440,100], mVisible=true, mInsetsRoundedCornerFrame=false}, InsetsSource: {mType=ITYPE_NAVIGATION_BAR, mFrame=[0,3088][1440,3088], mVisible=true, mInsetsRoundedCornerFrame=false}, InsetsSource: {mType=ITYPE_LEFT_GESTURES, mFrame=[0,0][0,3088], mVisible=true, mInsetsRoundedCornerFrame=false}, InsetsSource: {mType=ITYPE_RIGHT_GESTURES, mFrame=[1440,0][1440,3088], mVisible=true, mInsetsRoundedCornerFrame=false}, InsetsSource: {mType=ITYPE_TOP_MANDATORY_GESTURES, mFrame=[0,0][1440,142], mVisible=true, mInsetsRoundedCornerFrame=false}, InsetsSource: {mType=ITYPE_BOTTOM_MANDATORY_GESTURES, mFrame=[0,3018][1440,3088], mVisible=true, mInsetsRoundedCornerFrame=false}, InsetsSource: {mType=ITYPE_LEFT_DISPLAY_CUTOUT, mFrame=[0,0][-100000,3088], mVisible=true, mInsetsRoundedCornerFrame=false}, InsetsSource: {mType=ITYPE_TOP_DISPLAY_CUTOUT, mFrame=[0,0][1440,100], mVisible=true, mInsetsRoundedCornerFrame=false}, InsetsSource: {mType=ITYPE_RIGHT_DISPLAY_CUTOUT, mFrame=[100000,0][1440,3088], mVisible=true, mInsetsRoundedCornerFrame=false}, InsetsSource: {mType=ITYPE_BOTTOM_DISPLAY_CUTOUT, mFrame=[0,100000][1440,3088], mVisible=true, mInsetsRoundedCornerFrame=false}, InsetsSource: {mType=ITYPE_TOP_TAPPABLE_ELEMENT, mFrame=[0,0][1440,100], mVisible=true, mInsetsRoundedCornerFrame=false}, InsetsSource: {mType=ITYPE_BOTTOM_TAPPABLE_ELEMENT, mFrame=[0,0][0,0], mVisible=true, mInsetsRoundedCornerFrame=false}, InsetsSource: {mType=ITYPE_IME, mFrame=[0,0][0,0], mVisibleFrame=[0,3088][1440,3088], mVisible=false, mInsetsRoundedCornerFrame=false} } host=Splash Screen com.example.dogglers from=android.view.ViewRootImpl.relayoutWindow:9802
09-25 13:19:30.617  8130  9478 I [AirCmd]_ActivitySwitchDetector: onTaskFocusChanged : taskId 7120
09-25 13:19:30.617  4768  4843 I ViewRootImpl@e2cbd9b[dogglers]: updateBlastSurfaceIfNeeded mBlastBufferQueue=null isSameSurfaceControl=false
09-25 13:19:30.618  4768  4843 I BLASTBufferQueue: new BLASTBufferQueue, mName= ViewRootImpl@e2cbd9b[dogglers] mNativeObject= 0xb400007705019c80 sc.mNativeObject= 0xb4000077a1048560 caller= android.view.ViewRootImpl.updateBlastSurfaceIfNeeded:2909 android.view.ViewRootImpl.relayoutWindow:9847 android.view.ViewRootImpl.performTraversals:3884 android.view.ViewRootImpl.doTraversal:3116 android.view.ViewRootImpl$TraversalRunnable.run:10885 android.view.Choreographer$CallbackRecord.run:1301 android.view.Choreographer$CallbackRecord.run:1309 android.view.Choreographer.doCallbacks:923 android.view.Choreographer.doFrame:852 android.view.Choreographer$FrameDisplayEventReceiver.run:1283
09-25 13:19:30.618  4768  4843 I BLASTBufferQueue: update, w= 1440 h= 3088 mName = ViewRootImpl@e2cbd9b[dogglers] mNativeObject= 0xb400007705019c80 sc.mNativeObject= 0xb4000077a1048560 format= -3 caller= android.graphics.BLASTBufferQueue.<init>:84 android.view.ViewRootImpl.updateBlastSurfaceIfNeeded:2909 android.view.ViewRootImpl.relayoutWindow:9847 android.view.ViewRootImpl.performTraversals:3884 android.view.ViewRootImpl.doTraversal:3116 android.view.ViewRootImpl$TraversalRunnable.run:10885
09-25 13:19:30.618  4768  4843 I ViewRootImpl@e2cbd9b[dogglers]: Relayout returned: old=(0,0,1440,3088) new=(0,0,1440,3088) req=(1440,3088)0 dur=10 res=0x3 s={true 0xb4000076f5062800} ch=true seqId=0
09-25 13:19:30.618  4768  4843 I ViewRootImpl@e2cbd9b[dogglers]: performConfigurationChange setNightDimText nightDimLevel=0
09-25 13:19:30.618  1914  2139 I SurfaceFlinger: id=162541 createSurf, flag=80004, ActivityRecord{4a8b753 u0 com.example.dogglers/.VerticalListActivity} t7120}#162541
09-25 13:19:30.618  4768  4843 I ViewRootImpl@e2cbd9b[dogglers]: mThreadedRenderer.initialize() mSurface={isValid=true 0xb4000076f5062800} hwInitialized=true
09-25 13:19:30.618  4768  4851 D OpenGLRenderer: eglCreateWindowSurface
09-25 13:19:30.626  5759  5759 E pageboostd: Received HALT command code 2
09-25 13:19:30.626  5639  5639 D LifecycleMonitor: Lifecycle status change: androidx.test.core.app.InstrumentationActivityInvoker$BootstrapActivity@72d76cf in: RESUMED
09-25 13:19:30.626  5639  5639 V ActivityScenario: Activity lifecycle changed event received but ignored because the intent does not match. startActivityIntent=Intent { act=android.intent.action.MAIN cat=[android.intent.category.LAUNCHER] cmp=com.example.dogglers/.VerticalListActivity }, activity.getIntent()=Intent { act=android.intent.action.MAIN cat=[android.intent.category.LAUNCHER] flg=0x10008000 cmp=com.example.dogglers/androidx.test.core.app.InstrumentationActivityInvoker$BootstrapActivity (has extras) }, activity=androidx.test.core.app.InstrumentationActivityInvoker$BootstrapActivity@72d76cf
09-25 13:19:30.627  4768  4843 I ViewRootImpl@e2cbd9b[dogglers]: reportNextDraw android.view.ViewRootImpl.performTraversals:4438 android.view.ViewRootImpl.doTraversal:3116 android.view.ViewRootImpl$TraversalRunnable.run:10885 android.view.Choreographer$CallbackRecord.run:1301 android.view.Choreographer$CallbackRecord.run:1309
09-25 13:19:30.627  4768  4843 I ViewRootImpl@e2cbd9b[dogglers]: Setup new sync id=0
09-25 13:19:30.627  4768  4843 I ViewRootImpl@e2cbd9b[dogglers]: Setting syncFrameCallback
09-25 13:19:30.627  4768  4843 I ViewRootImpl@e2cbd9b[dogglers]: registerCallbacksForSync syncBuffer=false
09-25 13:19:30.627  5639  5639 D LifecycleMonitor: Lifecycle status change: androidx.test.core.app.InstrumentationActivityInvoker$BootstrapActivity@72d76cf in: PAUSED
09-25 13:19:30.627  5639  5639 V ActivityScenario: Activity lifecycle changed event received but ignored because the intent does not match. startActivityIntent=Intent { act=android.intent.action.MAIN cat=[android.intent.category.LAUNCHER] cmp=com.example.dogglers/.VerticalListActivity }, activity.getIntent()=Intent { act=android.intent.action.MAIN cat=[android.intent.category.LAUNCHER] flg=0x10008000 cmp=com.example.dogglers/androidx.test.core.app.InstrumentationActivityInvoker$BootstrapActivity (has extras) }, activity=androidx.test.core.app.InstrumentationActivityInvoker$BootstrapActivity@72d76cf
09-25 13:19:30.628  8130  9478 I [AirCmd]_ActivitySwitchDetector: onTaskFocusChanged : componentName - ComponentInfo{com.example.dogglers/androidx.test.core.app.InstrumentationActivityInvoker$BootstrapActivity}
09-25 13:19:30.628  8130  9478 I [AirCmd]_ActivitySwitchDetector: onTaskFocusChanged : mTopMostActivity - ComponentInfo{com.sec.android.app.launcher/com.android.launcher3.uioverrides.QuickstepLauncher}
09-25 13:19:30.629  8130  9478 I [AirCmd]_CallbackRepeater: stopRepeat : isWorking=false
09-25 13:19:30.629  8130  9478 I [AirCmd]_MediaControlStateMonitor: isForegroundAppSupportsMediaButton : mediaSession is empty
09-25 13:19:30.629  8130  9478 I [AirCmd]_MediaControlStateMonitor: active Notification List is null
09-25 13:19:30.629  8130  9478 I [AirCmd]_RemoteSpenMainController: hasGeneralAction : packageName is com.example.dogglers, activityName is androidx.test.core.app.InstrumentationActivityInvoker$BootstrapActivity, hasActions is false
09-25 13:19:30.629  8130  9478 I [AirCmd]_CameraAvailabilityMonitor: isCameraPreviewOn : mIsCameraPreviewOn is false
09-25 13:19:30.629  4768  4861 I ViewRootImpl@e2cbd9b[dogglers]: Received frameDrawingCallback syncResult=0 frameNum=1.
09-25 13:19:30.629  4768  4861 I ViewRootImpl@e2cbd9b[dogglers]: Setting up sync and frameCommitCallback
09-25 13:19:30.630  4768  4851 I BLASTBufferQueue: [ViewRootImpl@e2cbd9b[dogglers]#3980](f:0,a:0) onFrameAvailable the first frame is available
09-25 13:19:30.630  4768  4851 I ViewRootImpl@e2cbd9b[dogglers]: Received frameCommittedCallback lastAttemptedDrawFrameNum=1 didProduceBuffer=true
09-25 13:19:30.630  3108  3230 D EnterpriseDeviceManagerService: isMdmAdminPresentInternal() : MDM Admin Found - com.samsung.knox.securefolder
09-25 13:19:30.630  8130  9478 I [AirCmd]_CameraAvailabilityMonitor: isCameraPreviewOn : mIsCameraPreviewOn is false
09-25 13:19:30.630  4768  4851 D OpenGLRenderer: CFMS:: SetUp Pid : 4768    Tid : 4851
09-25 13:19:30.631  3108  6493 D InputDispatcher: Focused application(0): ActivityRecord{4a8b753 u0 com.example.dogglers/.VerticalListActivity} t7120}
09-25 13:19:30.634  3108 29076 D RemoteAppTaskWatcher:  ****** RemoteAppTaskWatcher: Message Received 5 Task ID = 0
09-25 13:19:30.635  4768  4843 I ViewRootImpl@e2cbd9b[dogglers]: onSyncComplete
09-25 13:19:30.635  4768  4843 I ViewRootImpl@e2cbd9b[dogglers]: setupSync seqId=0 mSyncId=0 fn=1 caller=android.view.ViewRootImpl$$ExternalSyntheticLambda11.accept:6 android.window.SurfaceSyncer.lambda$setupSync$1$android-window-SurfaceSyncer:128 android.window.SurfaceSyncer$$ExternalSyntheticLambda1.accept:8 android.window.SurfaceSyncer$SyncSet.checkIfSyncIsComplete:382 android.window.SurfaceSyncer$SyncSet.markSyncReady:359 android.window.SurfaceSyncer.markSyncReady:151 android.view.ViewRootImpl.performTraversals:4503
09-25 13:19:30.635  4768  4843 I ViewRootImpl@e2cbd9b[dogglers]: reportDrawFinished seqId=0 mSyncId=-1 fn=1 mSurfaceChangedTransaction=0xb4000076f190ba00
09-25 13:19:30.636  8130  9478 I [AirCmd]_MediaControlStateMonitor: isForegroundAppSupportsMediaButton : mediaSession is empty
09-25 13:19:30.637  8130  9478 I [AirCmd]_MediaControlStateMonitor: active Notification List is null
09-25 13:19:30.637  8130  9478 I [AirCmd]_PenActionRule: getAction : get default action data from remote action because pen action data is null.
09-25 13:19:30.637  8130  9478 I [AirCmd]_ButtonActionDetector: enableDoubleClickDetection: enabled=true, doubleClickWaitInterval=300
09-25 13:19:30.637  8130  9478 I [AirCmd]_RemoteSpenMainController: onSwitch : package is com.example.dogglers   and activity is androidx.test.core.app.InstrumentationActivityInvoker$BootstrapActivity and isBleConnected is false and hasActions is false
09-25 13:19:30.639  1914  3199 I SurfaceFlinger: id=162542 createSurf, flag=24000, Surface(name=Task=1)/@0xeddbc98 - animation-leash of app_transition#162542
09-25 13:19:30.642  6586  6586 I SAMSUNGWALLET-USBP: [AlertController] Boarding pass alert is not enabled
09-25 13:19:30.642  6586  6586 I SAMSUNGWALLET-USBP: [AlertController] dismiss alert: NO_ALERT
09-25 13:19:30.643 15715 18710 I WindowsLink: (TaskInfoManager) +++++++++++onRecentTaskStackUpdated
09-25 13:19:30.644  1914  3199 I SurfaceFlinger: id=162543 createSurf, flag=24004, Surface(name=Task=7120)/@0xcfd289f - animation-leash of app_transition#162543
09-25 13:19:30.647  4768  5806 I ViewRootImpl@e2cbd9b[dogglers]: Resizing android.view.ViewRootImpl@b225ce4: frame = [0,0][1440,3088] reportDraw = false forceLayout = false syncSeqId = 0
09-25 13:19:30.647  4768  4843 I ViewRootImpl@e2cbd9b[dogglers]: handleResized, msg = 4 frames=ClientWindowFrames{frame=[0,0][1440,3088] display=[0,0][1440,3088] parentFrame=[0,0][0,0] parentClippedByDisplayCutout=false} forceNextWindowRelayout=false displayId=0 resizeMode=-1 frameChanged=false displayFrameChanged=false configChanged=false displayChanged=false
09-25 13:19:30.648  1914  2140 I SurfaceFlinger: id=162544 createSurf, flag=80000, cd25ff4 ActivityRecordInputSink com.example.dogglers/androidx.test.core.app.InstrumentationActivityInvoker$BootstrapActivity#162544
09-25 13:19:30.650  1914  2140 I SurfaceFlinger: id=162545 createSurf, flag=80000, 84c2b42 ActivityRecordInputSink com.example.dogglers/.VerticalListActivity#162545
09-25 13:19:30.652  4768  4838 D Bubbles : onLocusVisibilityChanged: LocusId[17_chars] visible=false
09-25 13:19:30.652  5639  5639 D LifecycleMonitor: Lifecycle status change: com.example.dogglers.VerticalListActivity@7e36e60 in: PRE_ON_CREATE
09-25 13:19:30.653  5639  5639 V ActivityScenario: Activity lifecycle changed event received but ignored because the reported transition was not ON_CREATE while the last known transition was PRE_ON_CREATE
09-25 13:19:30.655  8423  8423 I ActivityUtils: HomePackage : com.sec.android.app.launcher, resumePackageName : com.example.dogglers
09-25 13:19:30.655  3108  6142 I MediaSessionMonitor: Media session stopped : controllerList empty
09-25 13:19:30.656  1914  1914 I Layer   : Layer [Splash Screen com.example.dogglers$_4768#162540] hidden!! flag(0)
09-25 13:19:30.656  5639  5639 I DecorView: [INFO] isPopOver=false config=true
09-25 13:19:30.656  5639  5639 I DecorView: updateCaptionType: isFloating=false isApplication=true hasWindowDecorCaption=false this=DecorView@e97c8b6[]
09-25 13:19:30.656  5639  5639 D DecorView: setCaptionType = 0, this = DecorView@e97c8b6[]
09-25 13:19:30.656  5639  5639 I DecorView: getCurrentDensityDpi: from real metrics. densityDpi=560 msg=resources_loaded
09-25 13:19:30.656  5639  5639 I DecorView: setWindowBackground: isPopOver=false color=ff121212 d=android.graphics.drawable.ColorDrawable@e06e524
09-25 13:19:30.660  5639  5639 D LifecycleMonitor: Lifecycle status change: com.example.dogglers.VerticalListActivity@7e36e60 in: CREATED
09-25 13:19:30.660  5639  5639 V ActivityScenario: Update currentActivityStage to CREATED, currentActivity=com.example.dogglers.VerticalListActivity@7e36e60
09-25 13:19:30.660  5639  5639 D LifecycleMonitor: Lifecycle status change: com.example.dogglers.VerticalListActivity@7e36e60 in: STARTED
09-25 13:19:30.660  5639  5639 V ActivityScenario: Update currentActivityStage to STARTED, currentActivity=com.example.dogglers.VerticalListActivity@7e36e60
09-25 13:19:30.661  5639  5639 D LifecycleMonitor: Lifecycle status change: com.example.dogglers.VerticalListActivity@7e36e60 in: RESUMED
09-25 13:19:30.661  5639  5639 V ActivityScenario: Update currentActivityStage to RESUMED, currentActivity=com.example.dogglers.VerticalListActivity@7e36e60
09-25 13:19:30.661  5639  5639 I MSHandlerLifeCycle: check: return. pkg=com.example.dogglers parent=null callers=com.android.internal.policy.DecorView.setVisibility:4412 android.app.ActivityThread.handleResumeActivity:5476 android.app.servertransaction.ResumeActivityItem.execute:54 android.app.servertransaction.ActivityTransactionItem.execute:45 android.app.servertransaction.TransactionExecutor.executeLifecycleState:176
09-25 13:19:30.661  5639  5639 I MSHandlerLifeCycle: removeMultiSplitHandler: no exist. decor=DecorView@e97c8b6[]
09-25 13:19:30.662  3108  3230 I SemPersonaManager: SecureFolder personaId = 150
09-25 13:19:30.662  5639  5729 D NativeCustomFrequencyManager: [NativeCFMS] BpCustomFrequencyManager::BpCustomFrequencyManager()
09-25 13:19:30.665  3108  4074 D InputTransport: Input channel constructed: 'd6c5b33', fd=1289
09-25 13:19:30.665  3108  4074 D InputTransport: Input channel constructed: 'd6c5b33', fd=1311
09-25 13:19:30.665  3108  4074 D InputTransport: Input channel constructed: 'd6c5b33', fd=1315
09-25 13:19:30.666  1914  3199 I SurfaceFlinger: id=162546 createSurf, flag=80004, d6c5b33 com.example.dogglers/com.example.dogglers.VerticalListActivity#162546
09-25 13:19:30.666  3108  3230 D EnterpriseDeviceManagerService: isMdmAdminPresentInternal() : MDM Admin Found - com.samsung.knox.securefolder
09-25 13:19:30.666  1914  1914 D SurfaceFlinger: Display 4630947093241269891 HWC layers:
09-25 13:19:30.666  1914  1914 D SurfaceFlinger:      CLIENT | 0xb400007af6c13480 | 0100 | RGBx_8888    |  592.0    0.0 1628.0 2220.0 |    0    0 1440 3088 | Wallpaper BBQ wrapper#90
09-25 13:19:30.666  1914  1914 D SurfaceFlinger:      CLIENT | 0xb400007af6c11d80 | 0100 | RGBA_8888    |    0.0    0.0 1440.0 3088.0 |    0    0 1440 3088 | com.sec.android.app.launcher/com.sec[...]rActivity$_5369#162528 (blurRegions)
09-25 13:19:30.666  1914  1914 D SurfaceFlinger:      DEVICE | 0xb400007af86f9100 | 0100 | RGBA_8888    |    0.0    0.0 1440.0 3088.0 |  104  224 1336 2864 | Splash Screen com.example.dogglers$_4768#162540
09-25 13:19:30.666  1914  1914 D SurfaceFlinger:      DEVICE | 0xb400007af6c14880 | 0100 | RGBA_8888    |    0.0    0.0 1440.0  100.0 |    0    0 1440  100 | StatusBar$_4768#95
09-25 13:19:30.666  1914  1914 D SurfaceFlinger:      DEVICE | 0xb400007af8705400 | 0100 | RGBA_8888    |    0.0    0.0   67.0  589.0 |    0  562   67 1151 | com.samsung.android.app.cocktailbars[...]vice.CocktailBarService$_8423#156853
09-25 13:19:30.666  1914  1914 D SurfaceFlinger:      DEVICE | 0xb400007af8705500 | 0100 | RGBA_8888    |    0.0    0.0  518.0   48.0 |  922 3040 1440 3088 | SGestureOverlayWindow$_5369#156268
09-25 13:19:30.666  1914  1914 D SurfaceFlinger:      DEVICE | 0xb400007af6c15880 | 0100 | RGBA
09-25 13:19:30.666  1914  1914 D SurfaceFlinger: _8888    |    0.0    0.0 1440.0  168.0 |    0 2920 1440 3088 | NavigationBar0$_4768#92
09-25 13:19:30.666  1914  1914 D SurfaceFlinger:
09-25 13:19:30.669  3108  4074 D InputTransport: Input channel destroyed: 'd6c5b33', fd=1315
09-25 13:19:30.669  5639  5639 D InsetsController: onStateChanged: InsetsState: {mDisplayFrame=Rect(0, 0 - 1440, 3088), mDisplayCutout=DisplayCutout{insets=Rect(0, 100 - 0, 0) waterfall=Insets{left=0, top=0, right=0, bottom=0} boundingRect={Bounds=[Rect(0, 0 - 0, 0), Rect(685, 0 - 756, 100), Rect(0, 0 - 0, 0), Rect(0, 0 - 0, 0)]} cutoutPathParserInfo={CutoutPathParserInfo{displayWidth=1440 displayHeight=3088 physicalDisplayWidth=1440 physicalDisplayHeight=3088 density={3.75} cutoutSpec={M 0,0 H -9.466666666666667 V 26.66666666666667‬ H 9.466666666666667 V 0 H 0 Z @dp} rotation={0} scale={1.0} physicalPixelDisplaySizeRatio={1.0}}}}, mRoundedCorners=RoundedCorners{[RoundedCorner{position=TopLeft, radius=14, center=Point(14, 14)}, RoundedCorner{position=TopRight, radius=14, center=Point(1426, 14)}, RoundedCorner{position=BottomRight, radius=14, center=Point(1426, 3074)}, RoundedCorner{position=BottomLeft, radius=14, center=Point(14, 3074)}]}  mRoundedCornerFrame=Rect(0, 0 - 1440, 3088), mPrivacyIndicatorBounds=PrivacyIndicatorBounds {static bounds=Rect(1286, 0 - 1440, 100) rotation=0}, mSources= { InsetsSource: {mType=ITYPE_STATUS_BAR, mFrame=[0,0][1440,100], mVisible=true, mInsetsRoundedCornerFrame=false}, InsetsSource: {mType=ITYPE_NAVIGATION_BAR, mFrame=[0,3088][1440,3088], mVisible=true, mInsetsRoundedCornerFrame=false}, InsetsSource: {mType=ITYPE_LEFT_GESTURES, mFrame=[0,0][0,3088], mVisible=true, mInsetsRoundedCornerFrame=false}, InsetsSource: {mType=ITYPE_RIGHT_GESTURES, mFrame=[1440,0][1440,3088], mVisible=true, mInsetsRoundedCornerFrame=false}, InsetsSource: {mType=ITYPE_TOP_MANDATORY_GESTURES, mFrame=[0,0][1440,142], mVisible=true, mInsetsRoundedCornerFrame=false}, InsetsSource: {mType=ITYPE_BOTTOM_MANDATORY_GESTURES, mFrame=[0,3018][1440,3088], mVisible=true, mInsetsRoundedCornerFrame=false}, InsetsSource: {mType=ITYPE_LEFT_DISPLAY_CUTOUT, mFrame=[0,0][-100000,3088], mVisible=true, mInsetsRoundedCornerFrame=false}, InsetsSource: {mType=ITYPE_TOP_DISPLAY_CUTOUT, mFrame=[0,0][1440,100], mVisible=true, mInsetsRoundedCornerFrame=false}, InsetsSource: {mType=ITYPE_RIGHT_DISPLAY_CUTOUT, mFrame=[100000,0][1440,3088], mVisible=true, mInsetsRoundedCornerFrame=false}, InsetsSource: {mType=ITYPE_BOTTOM_DISPLAY_CUTOUT, mFrame=[0,100000][1440,3088], mVisible=true, mInsetsRoundedCornerFrame=false}, InsetsSource: {mType=ITYPE_TOP_TAPPABLE_ELEMENT, mFrame=[0,0][1440,100], mVisible=true, mInsetsRoundedCornerFrame=false}, InsetsSource: {mType=ITYPE_BOTTOM_TAPPABLE_ELEMENT, mFrame=[0,0][0,0], mVisible=true, mInsetsRoundedCornerFrame=false}, InsetsSource: {mType=ITYPE_IME, mFrame=[0,0][0,0], mVisibleFrame=[0,3088][1440,3088], mVisible=false, mInsetsRoundedCornerFrame=false} } host=com.example.dogglers/com.example.dogglers.VerticalListActivity from=android.view.ViewRootImpl.setView:1732
09-25 13:19:30.671  3108  6142 I MediaSessionMonitor: Media session stopped : controllerList empty
09-25 13:19:30.672  5639  5639 I ViewRootImpl@5a0dea7[VerticalListActivity]: setView = com.android.internal.policy.DecorView@e97c8b6 TM=true
09-25 13:19:30.673  5639  5639 I MSHandlerLifeCycle: removeMultiSplitHandler: no exist. decor=DecorView@e97c8b6[VerticalListActivity]
09-25 13:19:30.674  3108  3338 D AnalyticsContainerHandler: handleMessage : { when=0 what=1 target=com.android.server.knox.KnoxAnalyticsContainer$AnalyticsHandler }
09-25 13:19:30.675  8423  8423 I ActivityUtils: HomePackage : com.sec.android.app.launcher, resumePackageName : com.example.dogglers
09-25 13:19:30.675  5639  5639 I ViewRootImpl@5a0dea7[VerticalListActivity]: performTraversals params={(0,0)(fillxfill) sim={adjust=resize forwardNavigation} ty=BASE_APPLICATION wanim=0x1030309
09-25 13:19:30.675  5639  5639 I ViewRootImpl@5a0dea7[VerticalListActivity]:   fl=81810100
09-25 13:19:30.675  5639  5639 I ViewRootImpl@5a0dea7[VerticalListActivity]:   pfl=12020040
09-25 13:19:30.675  5639  5639 I ViewRootImpl@5a0dea7[VerticalListActivity]:   bhv=DEFAULT
09-25 13:19:30.675  5639  5639 I ViewRootImpl@5a0dea7[VerticalListActivity]:   fitSides= naviIconColor=0}
09-25 13:19:30.676  5639  5639 I ViewRootImpl@5a0dea7[VerticalListActivity]: performTraversals mFirst=true windowShouldResize=true viewVisibilityChanged=false mForceNextWindowRelayout=false params={(0,0)(fillxfill) sim={adjust=resize forwardNavigation} ty=BASE_APPLICATION wanim=0x1030309
09-25 13:19:30.676  5639  5639 I ViewRootImpl@5a0dea7[VerticalListActivity]:   fl=81810100
09-25 13:19:30.676  5639  5639 I ViewRootImpl@5a0dea7[VerticalListActivity]:   pfl=12020040
09-25 13:19:30.676  5639  5639 I ViewRootImpl@5a0dea7[VerticalListActivity]:   bhv=DEFAULT
09-25 13:19:30.676  5639  5639 I ViewRootImpl@5a0dea7[VerticalListActivity]:   fitSides= naviIconColor=0}
09-25 13:19:30.676  3108  9815 V WindowManager: Relayout Window{d6c5b33 u0 com.example.dogglers/com.example.dogglers.VerticalListActivity}: viewVisibility=0 req=1440x3088 d0
09-25 13:19:30.676  1914  3199 I SurfaceFlinger: id=162547 createSurf, flag=40004, com.example.dogglers/com.example.dogglers.VerticalListActivity$_5639#162547
09-25 13:19:30.681  1914  2140 I SurfaceFlinger: id=162548 createSurf, flag=24000, Surface(name=4eb27f5 StatusBar)/@0x43fa543 - animation-leash of insets_animation#162548
09-25 13:19:30.685  1914  2140 I SurfaceFlinger: id=162549 createSurf, flag=24000, Surface(name=d110b4c NavigationBar0)/@0x8bdb781 - animation-leash of insets_animation#162549
09-25 13:19:30.688  3108  9815 V WindowManager: Relayout hash=d6c5b33, pid=5639, syncId=-1: mAttrs={(0,0)(fillxfill) sim={adjust=resize forwardNavigation} ty=BASE_APPLICATION wanim=0x1030309
09-25 13:19:30.688  3108  9815 V WindowManager:   fl=81810100
09-25 13:19:30.688  3108  9815 V WindowManager:   pfl=12020040
09-25 13:19:30.688  3108  9815 V WindowManager:   bhv=DEFAULT
09-25 13:19:30.688  3108  9815 V WindowManager:   fitSides= naviIconColor=0}
09-25 13:19:30.688  5369 18503 I TouchInteractionService: onSystemUiStateChanged, stateFlags : 131120 |a11y_click|a11y_long_click|allow_gesture|
09-25 13:19:30.688  5369  5369 I RecentsAnimationDeviceState: setSystemUiFlags, stateFlags : 131120
09-25 13:19:30.688  5369  5369 W SGestureOverlayWindow: setVisibilityGestureOverlayWindow, visibility = 0
09-25 13:19:30.688  5369  5369 I TouchInteractionService: onSystemUiFlagsChanged, lastSysUIFlags : 48
09-25 13:19:30.689  5639  5639 I ViewRootImpl@5a0dea7[VerticalListActivity]: updateBlastSurfaceIfNeeded mBlastBufferQueue=null isSameSurfaceControl=false
09-25 13:19:30.689  5639  5639 I BLASTBufferQueue: new BLASTBufferQueue, mName= ViewRootImpl@5a0dea7[VerticalListActivity] mNativeObject= 0xb4000077a1043f00 sc.mNativeObject= 0xb4000077b1d47020 caller= android.view.ViewRootImpl.updateBlastSurfaceIfNeeded:2909 android.view.ViewRootImpl.relayoutWindow:9847 android.view.ViewRootImpl.performTraversals:3884 android.view.ViewRootImpl.doTraversal:3116 android.view.ViewRootImpl$TraversalRunnable.run:10885 android.view.Choreographer$CallbackRecord.run:1301 android.view.Choreographer$CallbackRecord.run:1309 android.view.Choreographer.doCallbacks:923 android.view.Choreographer.doFrame:852 android.view.Choreographer$FrameDisplayEventReceiver.run:1283
09-25 13:19:30.689  5639  5639 I BLASTBufferQueue: update, w= 1440 h= 3088 mName = ViewRootImpl@5a0dea7[VerticalListActivity] mNativeObject= 0xb4000077a1043f00 sc.mNativeObject= 0xb4000077b1d47020 format= -1 caller= android.graphics.BLASTBufferQueue.<init>:84 android.view.ViewRootImpl.updateBlastSurfaceIfNeeded:2909 android.view.ViewRootImpl.relayoutWindow:9847 android.view.ViewRootImpl.performTraversals:3884 android.view.ViewRootImpl.doTraversal:3116 android.view.ViewRootImpl$TraversalRunnable.run:10885
09-25 13:19:30.689  5639  5639 I ViewRootImpl@5a0dea7[VerticalListActivity]: Relayout returned: old=(0,0,1440,3088) new=(0,0,1440,3088) req=(1440,3088)0 dur=13 res=0x3 s={true 0xb40000772b21f000} ch=true seqId=0
09-25 13:19:30.689  5639  5639 I ViewRootImpl@5a0dea7[VerticalListActivity]: performConfigurationChange setNightDimText nightDimLevel=0
09-25 13:19:30.690  5639  5639 I ViewRootImpl@5a0dea7[VerticalListActivity]: mThreadedRenderer.initialize() mSurface={isValid=true 0xb40000772b21f000} hwInitialized=true
09-25 13:19:30.690  5639  5729 D OpenGLRenderer: eglCreateWindowSurface
09-25 13:19:30.691  5639  5729 D OpenGLRenderer: setSurface called with nullptr
09-25 13:19:30.692  5639  5662 D InputTransport: Input channel destroyed: 'ClientS', fd=92
09-25 13:19:30.692  5639  5729 D OpenGLRenderer: setSurface called with nullptr
09-25 13:19:30.693  5639  5662 D InputTransport: Input channel destroyed: 'ClientS', fd=141
09-25 13:19:30.693  5639  5729 D OpenGLRenderer: setSurface called with nullptr
09-25 13:19:30.696  5639  5729 D OpenGLRenderer: setSurface called with nullptr
09-25 13:19:30.696  5639  5662 D InputTransport: Input channel destroyed: 'ClientS', fd=154
09-25 13:19:30.696  5639  5729 D OpenGLRenderer: setSurface called with nullptr
09-25 13:19:30.696  5639  5662 D InputTransport: Input channel destroyed: 'ClientS', fd=146
09-25 13:19:30.696  5639  5729 D OpenGLRenderer: setSurface called with nullptr
09-25 13:19:30.696  5639  5729 D OpenGLRenderer: setSurface called with nullptr
09-25 13:19:30.697  5639  5662 D InputTransport: Input channel destroyed: 'ClientS', fd=118
09-25 13:19:30.697  5639  5729 D OpenGLRenderer: setSurface called with nullptr
09-25 13:19:30.697  5639  5662 D InputTransport: Input channel destroyed: 'ClientS', fd=138
09-25 13:19:30.697  5639  5729 D OpenGLRenderer: setSurface called with nullptr
09-25 13:19:30.697  1914  1914 I Layer   : id=162529 removedFromDrawingState Surface(name=4eb27f5 StatusBar)/@0x43fa543 - animation-leash of insets_animation#162529 (340)
09-25 13:19:30.697  1914  1914 I Layer   : id=84 removedFromDrawingState 4eb27f5 StatusBar#84 (340)
09-25 13:19:30.697  1914  1914 I Layer   : id=95 removedFromDrawingState StatusBar$_4768#95 (340)
09-25 13:19:30.697  1914  1914 I Layer   : id=84 addToCurrentState 4eb27f5 StatusBar#84 (340)
09-25 13:19:30.697  1914  1914 I Layer   : id=95 addToCurrentState StatusBar$_4768#95 (340)
09-25 13:19:30.697  1914  1914 I Layer   : id=162530 removedFromDrawingState Surface(name=d110b4c NavigationBar0)/@0x8bdb781 - animation-leash of insets_animation#162530 (340)
09-25 13:19:30.697  1914  1914 I SurfaceFlinger: [d6c5b33 com.example.dogglers/com.example.dogglers.VerticalListActivity#162546] FrameRatePriority: 1
09-25 13:19:30.697  1914  1914 I SurfaceFlinger: id=162529 Removed Surface(name=4eb27f5 StatusBar)/@0x43fa543 - animation-leash of insets_animation#162529 (340)
09-25 13:19:30.697  1914  1914 I SurfaceFlinger: id=162530 Removed Surface(name=d110b4c NavigationBar0)/@0x8bdb781 - animation-leash of insets_animation#162530 (340)
09-25 13:19:30.698  1914  1914 I Layer   : id=162529 Destroyed Surface(name=4eb27f5 StatusBar)/@0x43fa543 - animation-leash of insets_animation#162529
09-25 13:19:30.698  1914  1914 I Layer   : id=162530 Destroyed Surface(name=d110b4c NavigationBar0)/@0x8bdb781 - animation-leash of insets_animation#162530
09-25 13:19:30.698  5639  5729 D OpenGLRenderer: setSurface called with nullptr
09-25 13:19:30.698  5639  5729 D OpenGLRenderer: setSurface called with nullptr
09-25 13:19:30.698  5639  5662 D InputTransport: Input channel destroyed: 'ClientS', fd=130
09-25 13:19:30.699  3108  6476 D InputDispatcher: Focus request (0): d6c5b33 com.example.dogglers/com.example.dogglers.VerticalListActivity but waiting because NO_WINDOW
09-25 13:19:30.699  5639  5729 D OpenGLRenderer: setSurface called with nullptr
09-25 13:19:30.700  5639  5729 D OpenGLRenderer: setSurface called with nullptr
09-25 13:19:30.700  5639  5662 D InputTransport: Input channel destroyed: 'ClientS', fd=106
09-25 13:19:30.700  5639  5729 D OpenGLRenderer: setSurface called with nullptr
09-25 13:19:30.700  5639  5662 D InputTransport: Input channel destroyed: 'ClientS', fd=112
09-25 13:19:30.700  5639  5729 D OpenGLRenderer: setSurface called with nullptr
09-25 13:19:30.712  5639  5639 I ViewRootImpl@5a0dea7[VerticalListActivity]: reportNextDraw android.view.ViewRootImpl.performTraversals:4438 android.view.ViewRootImpl.doTraversal:3116 android.view.ViewRootImpl$TraversalRunnable.run:10885 android.view.Choreographer$CallbackRecord.run:1301 android.view.Choreographer$CallbackRecord.run:1309
09-25 13:19:30.712  5639  5639 I ViewRootImpl@5a0dea7[VerticalListActivity]: Setup new sync id=0
09-25 13:19:30.712  5639  5639 I ViewRootImpl@5a0dea7[VerticalListActivity]: Setting syncFrameCallback
09-25 13:19:30.712  5639  5639 I ViewRootImpl@5a0dea7[VerticalListActivity]: registerCallbacksForSync syncBuffer=false
09-25 13:19:30.715  5639  5772 I ViewRootImpl@5a0dea7[VerticalListActivity]: Received frameDrawingCallback syncResult=0 frameNum=1.
09-25 13:19:30.715  5639  5772 I ViewRootImpl@5a0dea7[VerticalListActivity]: Setting up sync and frameCommitCallback
09-25 13:19:30.722  5639  5729 I BLASTBufferQueue: [ViewRootImpl@5a0dea7[VerticalListActivity]#48](f:0,a:0) onFrameAvailable the first frame is available
09-25 13:19:30.722  5639  5729 I ViewRootImpl@5a0dea7[VerticalListActivity]: Received frameCommittedCallback lastAttemptedDrawFrameNum=1 didProduceBuffer=true
09-25 13:19:30.723  5639  5729 D OpenGLRenderer: CFMS:: SetUp Pid : 5639    Tid : 5729
09-25 13:19:30.724  5639  5639 I ViewRootImpl@5a0dea7[VerticalListActivity]: onSyncComplete
09-25 13:19:30.724  5639  5639 I ViewRootImpl@5a0dea7[VerticalListActivity]: setupSync seqId=0 mSyncId=0 fn=1 caller=android.view.ViewRootImpl$$ExternalSyntheticLambda11.accept:6 android.window.SurfaceSyncer.lambda$setupSync$1$android-window-SurfaceSyncer:128 android.window.SurfaceSyncer$$ExternalSyntheticLambda1.accept:8 android.window.SurfaceSyncer$SyncSet.checkIfSyncIsComplete:382 android.window.SurfaceSyncer$SyncSet.markSyncReady:359 android.window.SurfaceSyncer.markSyncReady:151 android.view.ViewRootImpl.performTraversals:4503
09-25 13:19:30.725  5639  5639 I ViewRootImpl@5a0dea7[VerticalListActivity]: reportDrawFinished seqId=0 mSyncId=-1 fn=1 mSurfaceChangedTransaction=0xb4000077185b2a00
09-25 13:19:30.727  3108  3227 W ziparchive: Unable to open '/data/app/~~ATcZRD0F-LmHTuxfrkuUPg==/com.example.dogglers-ejGvQ7nyEoA-Sr0nwgcZYw==/base.dm': No such file or directory
09-25 13:19:30.727  5639  5639 D RootViewPicker: Root not ready - waiting: 10ms for one to appear.
09-25 13:19:30.728  3108  3227 I PkgPredictorService-SecIpmManagerServiceImpl: reportToNAP uid:10577 com.example.dogglers/com.example.dogglers.VerticalListActivity thisTime:150
09-25 13:19:30.728  1914  2139 I SurfaceFlinger: id=162550 createSurf, flag=24000, Surface(name=d6c5b33 com.example.dogglers/com.example.dogglers.VerticalListActivity)/@0x76320b4 - animation-leash of starting_reveal#162550
09-25 13:19:30.729  3108  3227 I ActivityTaskManager: Displayed com.example.dogglers/.VerticalListActivity: +150ms
09-25 13:19:30.729  5759  5759 E pageboostd: Received HALT command code 2
