09-25 13:19:28.504 21756 22180 I gmpa    : (REDACTED) Hotword isNonVoiceMatchHotwordEnabled: %b, isHotwordAvailable : %b, isHotwordEnabled : %b, isVoiceMatchSupported: %b, isHotwordEnrolled: %b.
09-25 13:19:28.504 21756 22180 I gmsg    : (REDACTED) Ignore the legacy hotword request. voice match enabled %b, isHotwordSupported %b, isIncompleteEnrollmentState %b, nonVoiceMatchHotwordEnabled %b
09-25 13:19:28.504  3108  6472 I SemDvfsHyPerManager: acquire hyper - AMS_APP_HOME/3108@24, type = -999
09-25 13:19:28.504  8130  9478 I [AirCmd]_CallbackRepeater: stopRepeat : isWorking=false
09-25 13:19:28.504  8130  9478 I [AirCmd]_MediaControlStateMonitor: isForegroundAppSupportsMediaButton : mediaSession is empty
09-25 13:19:28.504  1809  1855 I HYPER-HAL: [RequestManager.cpp]acquire(): Acquired ID : 4906302  [3108 / 24]    HINT : AMS_APP_HOME    list :
09-25 13:19:28.505  8130  9478 I [AirCmd]_MediaControlStateMonitor: active Notification List is null
09-25 13:19:28.505  8130  9478 I [AirCmd]_RemoteSpenMainController: hasGeneralAction : packageName is com.sec.android.app.launcher, activityName is com.android.launcher3.uioverrides.QuickstepLauncher, hasActions is false
09-25 13:19:28.505  8130  9478 I [AirCmd]_CameraAvailabilityMonitor: isCameraPreviewOn : mIsCameraPreviewOn is false
09-25 13:19:28.505  8328  8328 I SemDvfsHyPerManager: acquire hyper - APP_START_HOME/8328@20, type = -999
09-25 13:19:28.505  1914  1914 I SurfaceFlinger: [45c6cf9 com.example.dogglers/androidx.test.core.app.InstrumentationActivityInvoker$EmptyActivity#162445] FrameRatePriority: -1
09-25 13:19:28.505 21794 21794 I ViewRootImpl@888ef3d[LauncherActivity]: handleAppVisibility mAppVisible = false visible = true
09-25 13:19:28.505  1914  1914 I Layer   : id=162438 removedFromDrawingState 3cfa7c7 com.example.dogglers/androidx.test.core.app.InstrumentationActivityInvoker$EmptyActivity#162438 (325)
09-25 13:19:28.505  1914  1914 I SurfaceFlinger: id=162438 Removed 3cfa7c7 com.example.dogglers/androidx.test.core.app.InstrumentationActivityInvoker$EmptyActivity#162438 (325)
09-25 13:19:28.505  5369  5369 I ViewRootImpl@7533534[LauncherActivity]: handleAppVisibility mAppVisible = false visible = true
09-25 13:19:28.506  1914  1914 I Layer   : id=162438 Destroyed 3cfa7c7 com.example.dogglers/androidx.test.core.app.InstrumentationActivityInvoker$EmptyActivity#162438
09-25 13:19:28.506  6586 10126 I SAMSUNGWALLET: [Hint_ProcessStatusChange] fg Change, pid : 5369 , isNotify : false , isForeground : true , fg list : []
09-25 13:19:28.506  1809  1855 I HYPER-HAL: [RequestManager.cpp]acquire(): Acquired ID : 34848746  [8328 / 20]    HINT : APP_START    list : [KERNEL_APP_START_NOTIFY / 0] [TIMEOUT / 1500]
09-25 13:19:28.506  6586 10126 I SAMSUNGWALLET: [ProcessStatusChange] fg Change, pid : 5369 , isNotify : false , isForeground : true , fg list : []
09-25 13:19:28.507  6586 10126 I SAMSUNGWALLET: [Hint_ProcessStatusChange] fg Change, pid : 5369 , isNotify : false , isForeground : true , fg list : []
09-25 13:19:28.507  6586 10126 I SAMSUNGWALLET: [ProcessStatusChange] fg Change, pid : 5369 , isNotify : false , isForeground : true , fg list : []
09-25 13:19:28.507  3108  4606 D InputDispatcher: Focus request (0): <null> but waiting because NOT_FOCUSABLE
09-25 13:19:28.507  3108  4606 D InputDispatcher: Focus left window (0): 45c6cf9 com.example.dogglers/androidx.test.core.app.InstrumentationActivityInvoker$EmptyActivity
09-25 13:19:28.507  3108 29076 D RemoteAppTaskWatcher:  ****** RemoteAppTaskWatcher: Message Received 5 Task ID = 0
09-25 13:19:28.507  5369  5369 I ViewRootImpl@7533534[LauncherActivity]: stopped(false) old = true
09-25 13:19:28.507  5369  5369 I ViewRootImpl@7533534[LauncherActivity]: WindowStopped on com.sec.android.app.launcher/com.sec.android.app.launcher.activities.LauncherActivity set to false
09-25 13:19:28.508  5369  5369 I Launcher: !@Boot_DEBUG: Launcher.onStart()
09-25 13:19:28.508  5369  5369 I Launcher: !@Boot_EBS_D: Launcher.onStart()
09-25 13:19:28.508  5369  5369 I BaseActivity: addActivityFlags, flags : 1
09-25 13:19:28.508  5369  5369 I WallpaperBlurController: dispatchTransactionSurface: mCurrentBlur = 150
09-25 13:19:28.508  5639  5639 I ViewRootImpl@4b96446[InstrumentationActivityInvoker$EmptyActivity]: MSG_WINDOW_FOCUS_CHANGED 0 0
09-25 13:19:28.508  5369  5369 W LauncherAppWidgetHost: setShouldListenFlag, mFlags:2 flag:start on:true isFront:false
09-25 13:19:28.508  5369  5369 W Launcher: onStart isListening : false isLoading false
09-25 13:19:28.508  5639  5703 E TestRunner: failed: horizontal_scrolling(com.example.dogglers.HorizontalListTests)
09-25 13:19:28.508  5639  5703 E TestRunner: ----- begin exception -----
09-25 13:19:28.509  5369  5752 I LiveIconUpdateEventHandler: cancelDateChangeAlarm
09-25 13:19:28.509  5639  5703 E TestRunner: androidx.test.espresso.NoMatchingViewException: No views in hierarchy found matching: an instance of android.widget.TextView and view.getText() with or without transformation to match: is "Frankie"
09-25 13:19:28.509  5639  5703 E TestRunner:
09-25 13:19:28.509  5639  5703 E TestRunner: View Hierarchy:
09-25 13:19:28.509  5639  5703 E TestRunner: +>DecorView{id=-1, visibility=VISIBLE, width=1440, height=3088, has-focus=false, has-focusable=true, has-window-focus=true, is-clickable=false, is-enabled=true, is-focused=false, is-focusable=false, is-layout-requested=false, is-selected=false, layout-params={(0,0)(fillxfill) ty=BASE_APPLICATION wanim=0x1030309
09-25 13:19:28.509  5639  5703 E TestRunner:   fl=81810100
09-25 13:19:28.509  5639  5703 E TestRunner:   pfl=10020040
09-25 13:19:28.509  5639  5703 E TestRunner:   bhv=DEFAULT
09-25 13:19:28.509  5639  5703 E TestRunner:   fitSides= naviIconColor=0}, tag=null, root-is-layout-requested=false, has-input-connection=false, x=0.0, y=0.0, child-count=2}
09-25 13:19:28.509  5639  5703 E TestRunner: |
09-25 13:19:28.509  5639  5703 E TestRunner: +->LinearLayout{id=-1, visibility=VISIBLE, width=1440, height=3088, has-focus=false, has-focusable=true, has-window-focus=true, is-clickable=false, is-enabled=true, is-focused=false, is-focusable=false, is-layout-requested=false, is-selected=false, layout-params=android.widget.FrameLayout$LayoutParams@a516955, tag=null, root-is-layout-requested=false, has-input-connection=false, x=0.0, y=0.0, child-count=2}
09-25 13:19:28.509  5639  5703 E TestRunner: |
09-25 13:19:28.509  5639  5703 E TestRunner: +-->ViewStub{id=16908743, res-name=action_mode_bar_stub, visibility=GONE, width=0, height=0, has-focus=false, has-focusable=false, has-window-focus=true, is-clickable=false, is-enabled=true, is-focused=false, is-focusable=false, is-layout-requested=true, is-selected=false, layout-params=android.widget.LinearLayout$LayoutParams@f7fef6a, tag=null, root-is-layout-requested=false, has-input-connection=false, x=0.0, y=0.0}
09-25 13:19:28.509  5639  5703 E TestRunner: |
09-25 13:19:28.509  5639  5703 E TestRunner: +-->FrameLayout{id=-1, visibility=VISIBLE, width=1440, height=2988, has-focus=false, has-focusable=true, has-window-focus=true, is-clickable=false, is-enabled=true, is-focused=false, is-focusable=false, is-layout-requested=false, is-selected=false, layout-params=android.widget.LinearLayout$LayoutParams@a676c5b, tag=null, root-is-layout-requested=false, has-input-connection=false, x=0.0, y=100.0, child-count=1}
09-25 13:19:28.509  5639  5703 E TestRunner: |
09-25 13:19:28.509  5639  5703 E TestRunner: +--->ActionBarOverlayLayout{id=2131230866, res-name=decor_content_parent, visibility=VISIBLE, width=1440, height=2988, has-focus=false, has-focusable=true, has-window-focus=true, is-clickable=false, is-enabled=true, is-focused=false, is-focusable=false, is-layout-requested=false, is-selected=false, layout-params=android.widget.FrameLayout$LayoutParams@a6f0cf8, tag=null, root-is-layout-requested=false, has-input-connection=false, x=0.0, y=0.0, child-count=2}
09-25 13:19:28.509  5639  5703 E TestRunner: |
09-25 13:19:28.509  5639  5703 E TestRunner: +---->ContentFrameLayout{id=16908290, res-name=content, visibility=VISIBLE, width=1440, height=2792, has-focus=false, has-focusable=true, has-window-focus=true, is-clickable=false, is-enabled=true, is-focused=false, is-focusable=false, is-layout-requested=false, is-selected=false, layout-params=androidx.appcompat.widget.ActionBarOverlayLayout$LayoutParams@70c45d1, tag=null, root-is-layout-requested=false, has-input-connection=false, x=0.0, y=196.0, child-count=1}
09-25 13:19:28.509  5639  5703 E TestRunner: |
09-25 13:19:28.509  5639  5703 E TestRunner: +----->FrameLayout{id=-1, visibility=VISIBLE, width=1440, height=2792, has-focus=false, has-focusable=true, has-window-focus=true, is-clickable=false, is-enabled=true, is-focused=false, is-focusable=false, is-layout-requested=false, is-selected=false, layout-params=android.widget.FrameLayout$LayoutParams@e259836, tag=null, root-is-layout-requested=false, has-input-connection=false, x=0.0, y=0.0, child-count=1}
09-25 13:19:28.509  5639  5703 E TestRunner: |
09-25 13:19:28.509  5639  5703 E TestRunner: +------>RecyclerView{id=2131230945, res-name=horizontal_recycler_view, visibility=VISIBLE, width=1440, height=1340, has-focus=false, has-focusable=true, has-window-focus=true, is-clickable=false, is-enabled=true, is-focused=false, is-focusable=true, is-layout-requested=false, is-selected=false, layout-params=android.widget.FrameLayout$LayoutParams@a267337, tag=null, root-is-layout-requested=false, has-input-connection=false, x=0.0, y=726.0, child-count=1}
09-25 13:19:28.509  5639  5703 E TestRunner: |
09-25 13:19:28.509  5639  5703 E TestRunner: +------->MaterialCardView{id=-1, visibility=VISIBLE, width=1384, height=1284, has-focus=false, has-focusable=false, has-window-focus=true, is-clickable=false, is-enabled=true, is-focused=false, is-focusable=false, is-layout-requested=false, is-selected=false, layout-params=androidx.recyclerview.widget.RecyclerView$LayoutParams@d0400a4, tag=null, root-is-layout-requested=false, has-input-connection=false, x=28.0, y=28.0, is-checked=false, child-count=1}
09-25 13:19:28.509  5639  5703 E TestRunner: |
09-25 13:19:28.509  5639  5703 E TestRunner: +-------->ConstraintLayout{id=-1, visibility=VISIBLE, width=1384, height=1284, has-focus=false, has-focusable=false, has-window-focus=true, is-clickable=false, is-enabled=true, is-focused=false, is-focusable=false, is-layout-requested=false, is-selected=false, layout-params=android.widget.FrameLayout$LayoutParams@5be6e0d, tag=null, root-is-layout-requested=false, has-input-connection=false, x=0.0, y=0.0, child-count=4}
09-25 13:19:28.509  5639  5703 E TestRunner: |
09-25 13:19:28.509  5639  5703 E TestRunner: +--------->AppCompatImageView{id=2131230964, res-name=item_image, visibility=VISIBLE, width=1384, height=679, has-focus=false, has-focusable=false, has-window-focus=true, is-clickable=false, is-enabled=true, is-focused=false, is-focusable=false, is-layout-requested=false, is-selected=false, layout-params=androidx.constraintlayout.widget.ConstraintLayout$LayoutParams@2ab01c2, tag=null, root-is-layout-requested=false, has-input-connection=false, x=0.0, y=0.0}
09-25 13:19:28.509  5639  5703 E TestRunner: |
09-25 13:19:28.509  5639  5703 E TestRunner: +--------->MaterialTextView{id=2131230965, res-name=item_title, visibility=VISIBLE, width=350, height=215, has-focus=false, has-focusable=false, has-window-focus=true, is-clickable=false, is-enabled=true, is-focused=false, is-focusable=false, is-layout-requested=false, is-selected=false, layout-params=androidx.constraintlayout.widget.ConstraintLayout$LayoutParams@b650bd3, tag=null, root-is-layout-requested=false, has-input-connection=false, x=0.0, y=679.0, text=Tzeitel, input-type=0, ime-target=false, has-links=false}
09-25 13:19:28.509  5639  5703 E TestRunner: |
09-25 13:19:28.509  5639  5703 E TestRunner: +--------->MaterialTextView{id=2131230962, res-name=item_age, visibility=VISIBLE, width=297, height=195, has-focus=false, has-focusable=false, has-window-focus=true, is-clickable=false, is-enabled=true, is-focused=false, is-focusable=false, is-layout-requested=false, is-selected=false, layout-params=androidx.constraintlayout.widget.ConstraintLayout$LayoutParams@bd28310, tag=null, root-is-layout-requested=false, has-input-connection=false, x=0.0, y=894.0, text=Age: 7, input-type=0, ime-target=false, has-links=false}
09-25 13:19:28.509  5639  5703 E TestRunner: |
09-25 13:19:28.509  5639  5703 E TestRunner: +--------->MaterialTextView{id=2131230963, res-name=item_hobbies, visibility=VISIBLE, width=715, height=195, has-focus=false, has-focusable=false, has-window-focus=true, is-clickable=false, is-enabled=true, is-focused=false, is-focusable=false, is-layout-requested=false, is-selected=false, layout-params=androidx.constraintlayout.widget.ConstraintLayout$LayoutParams@af0de09, tag=null, root-is-layout-requested=false, has-input-connection=false, x=0.0, y=1089.0, text=Hobbies: sunbathing, input-type=0, ime-target=false, has-links=false}
09-25 13:19:28.509  5639  5703 E TestRunner: |
09-25 13:19:28.509  5639  5703 E TestRunner: +---->ActionBarContainer{id=2131230774, res-name=action_bar_container, visibility=VISIBLE, width=1440, height=196, has-focus=false, has-focusable=false, has-window-focus=true, is-clickable=false, is-enabled=true, is-focused=false, is-focusable=false, is-layout-requested=false, is-selected=false, layout-params=androidx.appcompat.widget.ActionBarOverlayLayout$LayoutParams@9ea922f, tag=null, root-is-layout-requested=false, has-input-connection=false, x=0.0, y=0.0, child-count=2}
09-25 13:19:28.509  5639  5703 E TestRunner: |
09-25 13:19:28.509  5639  5703 E TestRunner: +----->Toolbar{id=2131230772, res-name=action_bar, visibility=VISIBLE, width=1440, height=196, has-focus=false, has-focusable=false, has-window-focus=true, is-clickable=false, is-enabled=true, is-focused=false, is-focusable=false, is-layout-requested=false, is-selected=false, layout-params=android.widget.FrameLayout$LayoutParams@c4c03c, tag=null, root-is-layout-requested=false, has-input-connection=false, x=0.0, y=0.0, child-count=3}
09-25 13:19:28.509  5639  5703 E TestRunner: |
09-25 13:19:28.509  5639  5703 E TestRunner: +------>AppCompatTextView{id=-1, visibility=VISIBLE, width=283, height=93, has-focus=false, has-focusable=false, has-window-focus=true, is-clickable=false, is-enabled=true, is-focused=false, is-focusable=false, is-layout-requested=false, is-selected=false, layout-params=androidx.appcompat.widget.Toolbar$LayoutParams@c051c5, tag=null, root-is-layout-requested=false, has-input-connection=false, x=252.0, y=51.0, text=Dogglers, input-type=0, ime-target=false, has-links=false}
09-25 13:19:28.509  5639  5703 E TestRunner: |
09-25 13:19:28.509  5639  5703 E TestRunner: +------>AppCompatImageButton{id=-1, desc=Navigate up, visibility=VISIBLE, width=196, height=196, has-focus=false, has-focusable=false, has-window-focus=true, is-clickable=true, is-enabled=true, is-focused=false, is-focusable=true, is-layout-requested=false, is-selected=false, layout-params=androidx.appcompat.widget.Toolbar$LayoutParams@e2b071a, tag=null, root-is-layout-requested=false, has-input-connection=false, x=0.0, y=0.0}
09-25 13:19:28.509  5639  5703 E TestRunner: |
09-25 13:19:28.509  5639  5703 E TestRunner: +------>ActionMenuView{id=-1, visibility=VISIBLE, width=0, height=196, has-focus=false, has-focusable=false, has-window-focus=true, is-clickable=false, is-enabled=true, is-focused=false, is-focusable=false, is-layout-requested=false, is-selected=false, layout-params=androidx.appcompat.widget.Toolbar$LayoutParams@c98224b, tag=null, root-is-layout-requested=false, has-input-connection=false, x=1440.0, y=0.0, child-count=0}
09-25 13:19:28.509  5639  5703 E TestRunner: |
09-25 13:19:28.509  5639  5703 E TestRunner: +----->ActionBarContextView{id=2131230780, res-name=action_context_bar, visibility=GONE, width=0, height=0, has-focus=false, has-focusable=false, has-window-focus=true, is-clickable=false, is-enabled=true, is-focused=false, is-focusable=false, is-layout-requested=true, is-selected=false, layout-params=android.widget.FrameLayout$LayoutParams@83ba428, tag=null, root-is-layout-requested=false, has-input-connection=false, x=0.0, y=0.0, child-count=0}
09-25 13:19:28.509  5639  5703 E TestRunner: |
09-25 13:19:28.509  5639  5703 E TestRunner: +->View{id=16908335, res-name=statusBarBackground, visibility=VISIBLE, width=1440, height=100, has-focus=false, has-focusable=false, has-window-focus=true, is-clickable=false, is-enabled=true, is-focused=false, is-focusable=false, is-layout-requested=false, is-selected=false, layout-params=android.widget.FrameLayout$LayoutParams@c594541, tag=null, root-is-layout-requested=false, has-input-connection=false, x=0.0, y=0.0}
09-25 13:19:28.509  5639  5703 E TestRunner: 	at dalvik.system.VMStack.getThreadStackTrace(Native Method)
09-25 13:19:28.509  5639  5703 E TestRunner: 	at java.lang.Thread.getStackTrace(Thread.java:1841)
09-25 13:19:28.509  5639  5703 E TestRunner: 	at androidx.test.espresso.base.DefaultFailureHandler.getUserFriendlyError(DefaultFailureHandler.java:12)
09-25 13:19:28.509  5639  5703 E TestRunner: 	at androidx.test.espresso.base.DefaultFailureHandler.handle(DefaultFailureHandler.java:7)
09-25 13:19:28.509  5639  5703 E TestRunner: 	at androidx.test.espresso.ViewInteraction.waitForAndHandleInteractionResults(ViewInteraction.java:8)
09-25 13:19:28.509  5639  5703 E TestRunner: 	at androidx.test.espresso.ViewInteraction.check(ViewInteraction.java:12)
09-25 13:19:28.509  5639  5703 E TestRunner: 	at com.example.dogglers.HorizontalListTests.horizontal_scrolling(HorizontalListTests.kt:56)
09-25 13:19:28.509  5639  5703 E TestRunner: 	at java.lang.reflect.Method.invoke(Native Method)
09-25 13:19:28.509  5639  5703 E TestRunner: 	at org.junit.runners.model.FrameworkMethod$1.runReflectiveCall(FrameworkMethod.java:50)
09-25 13:19:28.509  5639  5703 E TestRunner: 	at org.junit.internal.runners.model.ReflectiveCallable.run(ReflectiveCallable.java:12)
09-25 13:19:28.509  5639  5703 E TestRunner: 	at org.junit.runners.model.FrameworkMethod.invokeExplosively(FrameworkMethod.java:47)
09-25 13:19:28.509  5639  5703 E TestRunner: 	at org.junit.internal.runners.statements.InvokeMethod.evaluate(InvokeMethod.java:17)
09-25 13:19:28.509  5639  5703 E TestRunner: 	at org.junit.rules.ExternalResource$1.evaluate(ExternalResource.java:48)
09-25 13:19:28.509  5639  5703 E TestRunner: 	at org.junit.rules.RunRules.evaluate(RunRules.java:20)
09-25 13:19:28.509  5639  5703 E TestRunner: 	at org.junit.runners.ParentRunner.runLeaf(ParentRunner.java:325)
09-25 13:19:28.509  5639  5703 E TestRunner: 	at org.junit.runners.BlockJUnit4ClassRunner.runChild(BlockJUnit4ClassRunner.java:78)
09-25 13:19:28.509  5639  5703 E TestRunner: 	at org.junit.runners.BlockJUnit4ClassRunner.runChild(BlockJUnit4ClassRunner.java:57)
09-25 13:19:28.509  5639  5703 E TestRunner: 	at org.junit.runners.ParentRunner$3.run(ParentRunner.java:290)
09-25 13:19:28.509  5639  5703 E TestRunner: 	at org.junit.runners.ParentRunner$1.schedule(ParentRunner.java:71)
09-25 13:19:28.509  5639  5703 E TestRunner: 	at org.junit.runners.ParentRunner.runChildren(ParentRunner.java:288)
09-25 13:19:28.509  5639  5703 E TestRunner: 	at org.junit.runners.ParentRunner.access$000(ParentRunner.java:58)
09-25 13:19:28.509  5639  5703 E TestRunner: 	at org.junit.runners.ParentRunner$2.evaluate(ParentRunner.java:268)
09-25 13:19:28.509  5639  5703 E TestRunner: 	at org.junit.runners.ParentRunner.run(ParentRunner.java:363)
09-25 13:19:28.509  5639  5703 E TestRunner: 	at androidx.test.ext.junit.runners.AndroidJUnit4.run(AndroidJUnit4.java:162)
09-25 13:19:28.509  5639  5703 E TestRunner: 	at org.junit.runners.Suite.runChild(Suite.java:128)
09-25 13:19:28.509  5639  5703 E TestRunner: 	at org.junit.runners.Suite.runChild(Suite.java:27)
09-25 13:19:28.509  5639  5703 E TestRunner: 	at org.junit.runners.ParentRunner$3.run(ParentRunner.java:290)
09-25 13:19:28.509  5639  5703 E TestRunner: 	at org.junit.runners.ParentRunner$1.schedule(ParentRunner.java:71)
09-25 13:19:28.509  5639  5703 E TestRunner: 	at org.junit.runners.ParentRunner.runChildren(ParentRunner.java:288)
09-25 13:19:28.509  5639  5703 E TestRunner: 	at org.junit.runners.ParentRunner.access$000(ParentRunner.java:58)
09-25 13:19:28.509  5639  5703 E TestRunner: 	at org.junit.runners.ParentRunner$2.evaluate(ParentRunner.java:268)
09-25 13:19:28.509  5639  5703 E TestRunner: 	at org.junit.runners.ParentRunner.run(ParentRunner.java:363)
09-25 13:19:28.509  5639  5703 E TestRunner: 	at org.junit.runner.JUnitCore.run(JUnitCore.java:137)
09-25 13:19:28.509  5639  5703 E TestRunner: 	at org.junit.runner.JUnitCore.run(JUnitCore.java:115)
09-25 13:19:28.509  5639  5703 E TestRunner: 	at androidx.test.internal.runner.TestExecutor.execute(TestExecutor.java:56)
09-25 13:19:28.509  5639  5703 E TestRunner: 	at androidx.test.runner.AndroidJUnitRunner.onStart(AndroidJUnitRunner.java:444)
09-25 13:19:28.509  5639  5703 E TestRunner: 	at android.app.Instrumentation$InstrumentationThread.run(Instrumentation.java:2335)
09-25 13:19:28.509  5639  5703 E TestRunner: ----- end exception -----
09-25 13:19:28.509  5369  5752 I LiveIconUpdateEventHandler: setDateChangeAlarm Tue Sep 26 00:00:00 MDT 2023
09-25 13:19:28.509  8130  9478 I [AirCmd]_CameraAvailabilityMonitor: isCameraPreviewOn : mIsCameraPreviewOn is false
09-25 13:19:28.509  5369  5752 I LiveIconViewUpdater: onUpdateLiveIcon - id : 40, itemType : 0
09-25 13:19:28.509  5369  5752 I LiveIconUpdateEventHandler: cancelMinuteChangeAlarm
09-25 13:19:28.510 15286 15346 I Rubin   : [27752] t9.a.c(SourceFile:1) : Notify com.samsung.android.rubin.inferenceengine.contextanalytics.engine.loggers.d's database is updated.
09-25 13:19:28.510  3108  3230 I SemPersonaManager: SecureFolder personaId = 150
09-25 13:19:28.510  5639  5703 I TestRunner: finished: horizontal_scrolling(com.example.dogglers.HorizontalListTests)
