09-25 13:19:19.201  5639  5703 I TestRunner: started: clicking_grid_list_button_displays_grid_list(com.example.dogglers.ButtonTests)
09-25 13:19:19.204  5639  5703 W Settings: Setting always_finish_activities has moved from android.provider.Settings.System to android.provider.Settings.Global, returning read-only value.
09-25 13:19:19.208  3108  3230 I ChimeraSystemEventListener: appLaunchIntent package name is: com.example.dogglers
09-25 13:19:19.210  3108  5688 I SemDvfsHyPerManager: acquire hyper - AMS_APP_SWITCH/3108@23, type = -999
09-25 13:19:19.210  3108 29076 D RemoteAppTaskWatcher:  ****** RemoteAppTaskWatcher: Message Received 0 Task ID = 7107
09-25 13:19:19.211  1809  1855 I HYPER-HAL: [RequestManager.cpp]acquire(): Acquired ID : 4903169  [3108 / 23]    HINT : AMS_APP_SWITCH    list :
09-25 13:19:19.211  8328  8328 I SemDvfsHyPerManager: acquire hyper - APP_START_SHORT/8328@19, type = -999
09-25 13:19:19.211  1914  2139 I SurfaceFlinger: id=162001 createSurf, flag=24004, Task=7107#162001
09-25 13:19:19.213  1914  4196 I SurfaceFlinger: id=162002 createSurf, flag=80004, ActivityRecord{3838d00 u0 com.example.dogglers/androidx.test.core.app.InstrumentationActivityInvoker$BootstrapActivity} t7107}#162002
09-25 13:19:19.216  2229  4076 I CameraService: onUidStateChanged: uid=10042, procState is changed. (0 -> 1)
09-25 13:19:19.217  4768  4851 D NativeCustomFrequencyManager: [NativeCFMS] BpCustomFrequencyManager::BpCustomFrequencyManager()
09-25 13:19:19.218  3108  4073 I SemDvfsHyPerManager: acquire hyper - AMS_APP_LAUNCH/3108@19, type = -999
09-25 13:19:19.218  5759  5759 E pageboostd: Received HALT command code 2
09-25 13:19:19.219  8328  8328 I SemDvfsHyPerManager: acquire hyper - APP_START/8328@21, type = -999
09-25 13:19:19.219  1809  1855 I HYPER-HAL: [RequestManager.cpp]acquire(): Acquired ID : 34840397  [8328 / 19]    HINT : APP_START_LOW_HEAT    list : [TIMEOUT / 1500]
09-25 13:19:19.219  3108 29076 D RemoteAppTaskWatcher:  ****** RemoteAppTaskWatcher: Message Received 4 Task ID = 7107
09-25 13:19:19.219  3108 29076 D RemoteAppTaskWatcher:  ****** RemoteAppTaskWatcher: Message Received 0 Task ID = 7107
09-25 13:19:19.219  1809  1855 I HYPER-HAL: [RequestManager.cpp]acquire(): Acquired ID : 4890647  [3108 / 19]    HINT : AMS_APP_LAUNCH    list :
09-25 13:19:19.220  5369  5369 I BaseActivity: removeActivityFlags, flags : 16
09-25 13:19:19.220  3108  6472 D InputTransport: Input channel constructed: '7f623fb', fd=1058
09-25 13:19:19.220  5369  5369 I BaseActivity: removeActivityFlags, flags : 6
09-25 13:19:19.220  3108  6472 D InputTransport: Input channel constructed: '7f623fb', fd=1065
09-25 13:19:19.220  5369  5369 I DragController: endDrag
09-25 13:19:19.220  5369  5369 W LauncherAppWidgetHost: setShouldListenFlag, mFlags:15 flag:resume on:false isFront:false
09-25 13:19:19.220  3108  6472 D InputTransport: Input channel constructed: '7f623fb', fd=1144
09-25 13:19:19.220  5369  5369 I SPayUpdater: updateSpayHandler launcher activity is paused false
09-25 13:19:19.220  1914  2139 I SurfaceFlinger: id=162003 createSurf, flag=80004, 7f623fb Splash Screen com.example.dogglers#162003
09-25 13:19:19.221  5369 11129 I WidgetRotationImpl: unsubscribeWidgetFocus 80
09-25 13:19:19.222  5369 11129 I IntelligentPlatformManagerImpl: unsubscribeWidgetFocus() id : 80
09-25 13:19:19.222  3108  6472 D InputTransport: Input channel destroyed: '7f623fb', fd=1144
09-25 13:19:19.222  4768  4843 D InsetsController: onStateChanged: InsetsState: {mDisplayFrame=Rect(0, 0 - 1440, 3088), mDisplayCutout=DisplayCutout{insets=Rect(0, 100 - 0, 0) waterfall=Insets{left=0, top=0, right=0, bottom=0} boundingRect={Bounds=[Rect(0, 0 - 0, 0), Rect(685, 0 - 756, 100), Rect(0, 0 - 0, 0), Rect(0, 0 - 0, 0)]} cutoutPathParserInfo={CutoutPathParserInfo{displayWidth=1440 displayHeight=3088 physicalDisplayWidth=1440 physicalDisplayHeight=3088 density={3.75} cutoutSpec={M 0,0 H -9.466666666666667 V 26.66666666666667‬ H 9.466666666666667 V 0 H 0 Z @dp} rotation={0} scale={1.0} physicalPixelDisplaySizeRatio={1.0}}}}, mRoundedCorners=RoundedCorners{[RoundedCorner{position=TopLeft, radius=14, center=Point(14, 14)}, RoundedCorner{position=TopRight, radius=14, center=Point(1426, 14)}, RoundedCorner{position=BottomRight, radius=14, center=Point(1426, 3074)}, RoundedCorner{position=BottomLeft, radius=14, center=Point(14, 3074)}]}  mRoundedCornerFrame=Rect(0, 0 - 1440, 3088), mPrivacyIndicatorBounds=PrivacyIndicatorBounds {static bounds=Rect(1286, 0 - 1440, 100) rotation=0}, mSources= { InsetsSource: {mType=ITYPE_STATUS_BAR, mFrame=[0,0][1440,100], mVisible=true, mInsetsRoundedCornerFrame=false}, InsetsSource: {mType=ITYPE_NAVIGATION_BAR, mFrame=[0,3088][1440,3088], mVisible=true, mInsetsRoundedCornerFrame=false}, InsetsSource: {mType=ITYPE_LEFT_GESTURES, mFrame=[0,0][0,3088], mVisible=true, mInsetsRoundedCornerFrame=false}, InsetsSource: {mType=ITYPE_RIGHT_GESTURES, mFrame=[1440,0][1440,3088], mVisible=true, mInsetsRoundedCornerFrame=false}, InsetsSource: {mType=ITYPE_TOP_MANDATORY_GESTURES, mFrame=[0,0][1440,142], mVisible=true, mInsetsRoundedCornerFrame=false}, InsetsSource: {mType=ITYPE_BOTTOM_MANDATORY_GESTURES, mFrame=[0,3018][1440,3088], mVisible=true, mInsetsRoundedCornerFrame=false}, InsetsSource: {mType=ITYPE_LEFT_DISPLAY_CUTOUT, mFrame=[0,0][-100000,3088], mVisible=true, mInsetsRoundedCornerFrame=false}, InsetsSource: {mType=ITYPE_TOP_DISPLAY_CUTOUT, mFrame=[0,0][1440,100], mVisible=true, mInsetsRoundedCornerFrame=false}, InsetsSource: {mType=ITYPE_RIGHT_DISPLAY_CUTOUT, mFrame=[100000,0][1440,3088], mVisible=true, mInsetsRoundedCornerFrame=false}, InsetsSource: {mType=ITYPE_BOTTOM_DISPLAY_CUTOUT, mFrame=[0,100000][1440,3088], mVisible=true, mInsetsRoundedCornerFrame=false}, InsetsSource: {mType=ITYPE_TOP_TAPPABLE_ELEMENT, mFrame=[0,0][1440,100], mVisible=true, mInsetsRoundedCornerFrame=false}, InsetsSource: {mType=ITYPE_BOTTOM_TAPPABLE_ELEMENT, mFrame=[0,0][0,0], mVisible=true, mInsetsRoundedCornerFrame=false} } host=Splash Screen com.example.dogglers from=android.view.ViewRootImpl.setView:1732
09-25 13:19:19.222  1809  1855 I HYPER-HAL: [RequestManager.cpp]acquire(): Acquired ID : 34857096  [8328 / 21]    HINT : APP_START_LOW_HEAT    list :
09-25 13:19:19.226  3108  9815 D InputDispatcher: Focused application(0): ActivityRecord{3838d00 u0 com.example.dogglers/androidx.test.core.app.InstrumentationActivityInvoker$BootstrapActivity} t7107}
09-25 13:19:19.228  3108 29076 D RemoteAppTaskWatcher:  ****** RemoteAppTaskWatcher: Message Received 5 Task ID = 0
09-25 13:19:19.229  5369  5369 I TopTaskTracker: onTaskMovedToFront : taskId = 7107
09-25 13:19:19.231  3108  4605 D AS.MultiSoundManager: mForegroundUid = 10577
09-25 13:19:19.231  6586 17206 I SAMSUNGWALLET: [Hint_ProcessStatusChange] fg Change, pid : 5639 , isNotify : false , isForeground : true , fg list : []
09-25 13:19:19.231  6586 17206 I SAMSUNGWALLET: [ProcessStatusChange] fg Change, pid : 5639 , isNotify : false , isForeground : true , fg list : []
09-25 13:19:19.232  6586 10126 I SAMSUNGWALLET: [Hint_ProcessStatusChange] fg Change, pid : 5639 , isNotify : false , isForeground : true , fg list : []
09-25 13:19:19.232  6586 10126 I SAMSUNGWALLET: [ProcessStatusChange] fg Change, pid : 5639 , isNotify : false , isForeground : true , fg list : []
09-25 13:19:19.232  6586 10126 I SAMSUNGWALLET: [Hint_ProcessStatusChange] fg Change, pid : 5639 , isNotify : false , isForeground : true , fg list : []
09-25 13:19:19.232  6586 10126 I SAMSUNGWALLET: [ProcessStatusChange] fg Change, pid : 5639 , isNotify : false , isForeground : true , fg list : []
09-25 13:19:19.233  5639  5639 D LifecycleMonitor: Lifecycle status change: androidx.test.core.app.InstrumentationActivityInvoker$BootstrapActivity@e243b8b in: PRE_ON_CREATE
09-25 13:19:19.233  5639  5639 V ActivityScenario: Activity lifecycle changed event received but ignored because the intent does not match. startActivityIntent=Intent { act=android.intent.action.MAIN cat=[android.intent.category.LAUNCHER] cmp=com.example.dogglers/.MainActivity }, activity.getIntent()=Intent { act=android.intent.action.MAIN cat=[android.intent.category.LAUNCHER] flg=0x10008000 cmp=com.example.dogglers/androidx.test.core.app.InstrumentationActivityInvoker$BootstrapActivity (has extras) }, activity=androidx.test.core.app.InstrumentationActivityInvoker$BootstrapActivity@e243b8b
09-25 13:19:19.234 15286 15346 I Rubin   : [27752] t9.a.c(SourceFile:1) : Notify com.samsung.android.rubin.inferenceengine.contextanalytics.engine.loggers.d's database is updated.
09-25 13:19:19.235 15715 18710 I WindowsLink: (TaskInfoManager) +++++++++++onRecentTaskStackUpdated
09-25 13:19:19.235  4768  4843 I ViewRootImpl@c8e9181[dogglers]: setView = android.widget.FrameLayout@d11c4bd TM=true
09-25 13:19:19.235  4768  4843 I ViewRootImpl@c8e9181[dogglers]: performTraversals params={(0,0)(fillxfill) sim={adjust=pan} ty=APPLICATION_STARTING fmt=TRANSLUCENT wanim=0x1030001
09-25 13:19:19.235  4768  4843 I ViewRootImpl@c8e9181[dogglers]:   fl=81030118
09-25 13:19:19.235  4768  4843 I ViewRootImpl@c8e9181[dogglers]:   pfl=16000010
09-25 13:19:19.235  4768  4843 I ViewRootImpl@c8e9181[dogglers]:   bhv=DEFAULT
09-25 13:19:19.235  4768  4843 I ViewRootImpl@c8e9181[dogglers]:   fitSides= naviIconColor=0}
09-25 13:19:19.235  4768  4843 I ViewRootImpl@c8e9181[dogglers]: performTraversals mFirst=true windowShouldResize=true viewVisibilityChanged=false mForceNextWindowRelayout=false params={(0,0)(fillxfill) sim={adjust=pan} ty=APPLICATION_STARTING fmt=TRANSLUCENT wanim=0x1030001
09-25 13:19:19.235  4768  4843 I ViewRootImpl@c8e9181[dogglers]:   fl=81030118
09-25 13:19:19.235  4768  4843 I ViewRootImpl@c8e9181[dogglers]:   pfl=16000010
09-25 13:19:19.235  4768  4843 I ViewRootImpl@c8e9181[dogglers]:   bhv=DEFAULT
09-25 13:19:19.235  4768  4843 I ViewRootImpl@c8e9181[dogglers]:   fitSides= naviIconColor=0}
09-25 13:19:19.236  3108  4659 D TrafficStats: tagSocket(1257) with statsTag=0xffffffff, statsUid=-1
09-25 13:19:19.236  8130  8237 I [AirCmd]_ActivitySwitchDetector: onTaskFocusChanged : taskId 7107
09-25 13:19:19.237  5639  5639 I DecorView: [INFO] isPopOver=false config=true
09-25 13:19:19.236  3108  6472 V WindowManager: Relayout Window{7f623fb u0 Splash Screen com.example.dogglers}: viewVisibility=0 req=1440x3088 d0
09-25 13:19:19.237  5639  5639 I DecorView: updateCaptionType: isFloating=false isApplication=true hasWindowDecorCaption=false this=DecorView@53b5526[]
09-25 13:19:19.237  5639  5639 D DecorView: setCaptionType = 0, this = DecorView@53b5526[]
09-25 13:19:19.237  1914  4196 I SurfaceFlinger: id=162004 createSurf, flag=40004, Splash Screen com.example.dogglers$_4768#162004
09-25 13:19:19.238  1914  1914 I SurfaceFlinger: [c7375dc com.sec.android.app.launcher/com.sec.android.app.launcher.activities.LauncherActivity#176] FrameRatePriority: -1
09-25 13:19:19.238  5639  5639 I DecorView: getCurrentDensityDpi: from real metrics. densityDpi=560 msg=resources_loaded
09-25 13:19:19.238  5639  5639 I DecorView: setWindowBackground: isPopOver=false color=ff010101 d=android.graphics.drawable.StateListDrawable@f990567
09-25 13:19:19.238  5639  5639 D LifecycleMonitor: Lifecycle status change: androidx.test.core.app.InstrumentationActivityInvoker$BootstrapActivity@e243b8b in: CREATED
09-25 13:19:19.238  5639  5639 V ActivityScenario: Activity lifecycle changed event received but ignored because the intent does not match. startActivityIntent=Intent { act=android.intent.action.MAIN cat=[android.intent.category.LAUNCHER] cmp=com.example.dogglers/.MainActivity }, activity.getIntent()=Intent { act=android.intent.action.MAIN cat=[android.intent.category.LAUNCHER] flg=0x10008000 cmp=com.example.dogglers/androidx.test.core.app.InstrumentationActivityInvoker$BootstrapActivity (has extras) }, activity=androidx.test.core.app.InstrumentationActivityInvoker$BootstrapActivity@e243b8b
09-25 13:19:19.239  5639  5639 D LifecycleMonitor: Lifecycle status change: androidx.test.core.app.InstrumentationActivityInvoker$BootstrapActivity@e243b8b in: STARTED
09-25 13:19:19.239  5639  5639 V ActivityScenario: Activity lifecycle changed event received but ignored because the intent does not match. startActivityIntent=Intent { act=android.intent.action.MAIN cat=[android.intent.category.LAUNCHER] cmp=com.example.dogglers/.MainActivity }, activity.getIntent()=Intent { act=android.intent.action.MAIN cat=[android.intent.category.LAUNCHER] flg=0x10008000 cmp=com.example.dogglers/androidx.test.core.app.InstrumentationActivityInvoker$BootstrapActivity (has extras) }, activity=androidx.test.core.app.InstrumentationActivityInvoker$BootstrapActivity@e243b8b
09-25 13:19:19.239  3108  9815 D InputDispatcher: Focus request (0): <null> but waiting because NOT_FOCUSABLE
09-25 13:19:19.239  3108  9815 D InputDispatcher: Focus left window (0): c7375dc com.sec.android.app.launcher/com.sec.android.app.launcher.activities.LauncherActivity
09-25 13:19:19.239  5369  5369 I ViewRootImpl@7533534[LauncherActivity]: MSG_WINDOW_FOCUS_CHANGED 0 0
09-25 13:19:19.239  5369  5369 I BaseActivity: removeActivityFlags, flags : 8
09-25 13:19:19.240  3108  3230 I SemPersonaManager: SecureFolder personaId = 150
09-25 13:19:19.241  3108  6472 V WindowManager: Relayout hash=7f623fb, pid=4768, syncId=-1: mAttrs={(0,0)(fillxfill) sim={adjust=pan} ty=APPLICATION_STARTING fmt=TRANSLUCENT wanim=0x1030001
09-25 13:19:19.241  3108  6472 V WindowManager:   fl=81030118
09-25 13:19:19.241  3108  6472 V WindowManager:   pfl=16000010
09-25 13:19:19.241  3108  6472 V WindowManager:   bhv=DEFAULT
09-25 13:19:19.241  3108  6472 V WindowManager:   fitSides= naviIconColor=0}
09-25 13:19:19.241  4768  4843 D InsetsController: onStateChanged: InsetsState: {mDisplayFrame=Rect(0, 0 - 1440, 3088), mDisplayCutout=DisplayCutout{insets=Rect(0, 100 - 0, 0) waterfall=Insets{left=0, top=0, right=0, bottom=0} boundingRect={Bounds=[Rect(0, 0 - 0, 0), Rect(685, 0 - 756, 100), Rect(0, 0 - 0, 0), Rect(0, 0 - 0, 0)]} cutoutPathParserInfo={CutoutPathParserInfo{displayWidth=1440 displayHeight=3088 physicalDisplayWidth=1440 physicalDisplayHeight=3088 density={3.75} cutoutSpec={M 0,0 H -9.466666666666667 V 26.66666666666667‬ H 9.466666666666667 V 0 H 0 Z @dp} rotation={0} scale={1.0} physicalPixelDisplaySizeRatio={1.0}}}}, mRoundedCorners=RoundedCorners{[RoundedCorner{position=TopLeft, radius=14, center=Point(14, 14)}, RoundedCorner{position=TopRight, radius=14, center=Point(1426, 14)}, RoundedCorner{position=BottomRight, radius=14, center=Point(1426, 3074)}, RoundedCorner{position=BottomLeft, radius=14, center=Point(14, 3074)}]}  mRoundedCornerFrame=Rect(0, 0 - 1440, 3088), mPrivacyIndicatorBounds=PrivacyIndicatorBounds {static bounds=Rect(1286, 0 - 1440, 100) rotation=0}, mSources= { InsetsSource: {mType=ITYPE_STATUS_BAR, mFrame=[0,0][1440,100], mVisible=true, mInsetsRoundedCornerFrame=false}, InsetsSource: {mType=ITYPE_NAVIGATION_BAR, mFrame=[0,3088][1440,3088], mVisible=true, mInsetsRoundedCornerFrame=false}, InsetsSource: {mType=ITYPE_LEFT_GESTURES, mFrame=[0,0][0,3088], mVisible=true, mInsetsRoundedCornerFrame=false}, InsetsSource: {mType=ITYPE_RIGHT_GESTURES, mFrame=[1440,0][1440,3088], mVisible=true, mInsetsRoundedCornerFrame=false}, InsetsSource: {mType=ITYPE_TOP_MANDATORY_GESTURES, mFrame=[0,0][1440,142], mVisible=true, mInsetsRoundedCornerFrame=false}, InsetsSource: {mType=ITYPE_BOTTOM_MANDATORY_GESTURES, mFrame=[0,3018][1440,3088], mVisible=true, mInsetsRoundedCornerFrame=false}, InsetsSource: {mType=ITYPE_LEFT_DISPLAY_CUTOUT, mFrame=[0,0][-100000,3088], mVisible=true, mInsetsRoundedCornerFrame=false}, InsetsSource: {mType=ITYPE_TOP_DISPLAY_CUTOUT, mFrame=[0,0][1440,100], mVisible=true, mInsetsRoundedCornerFrame=false}, InsetsSource: {mType=ITYPE_RIGHT_DISPLAY_CUTOUT, mFrame=[100000,0][1440,3088], mVisible=true, mInsetsRoundedCornerFrame=false}, InsetsSource: {mType=ITYPE_BOTTOM_DISPLAY_CUTOUT, mFrame=[0,100000][1440,3088], mVisible=true, mInsetsRoundedCornerFrame=false}, InsetsSource: {mType=ITYPE_TOP_TAPPABLE_ELEMENT, mFrame=[0,0][1440,100], mVisible=true, mInsetsRoundedCornerFrame=false}, InsetsSource: {mType=ITYPE_BOTTOM_TAPPABLE_ELEMENT, mFrame=[0,0][0,0], mVisible=true, mInsetsRoundedCornerFrame=false}, InsetsSource: {mType=ITYPE_IME, mFrame=[0,0][0,0], mVisibleFrame=[0,3088][1440,3088], mVisible=false, mInsetsRoundedCornerFrame=false} } host=Splash Screen com.example.dogglers from=android.view.ViewRootImpl.relayoutWindow:9802
09-25 13:19:19.242  4768  4843 I ViewRootImpl@c8e9181[dogglers]: updateBlastSurfaceIfNeeded mBlastBufferQueue=null isSameSurfaceControl=false
09-25 13:19:19.242  4768  4843 I BLASTBufferQueue: new BLASTBufferQueue, mName= ViewRootImpl@c8e9181[dogglers] mNativeObject= 0xb400007705019c80 sc.mNativeObject= 0xb400007721bd02c0 caller= android.view.ViewRootImpl.updateBlastSurfaceIfNeeded:2909 android.view.ViewRootImpl.relayoutWindow:9847 android.view.ViewRootImpl.performTraversals:3884 android.view.ViewRootImpl.doTraversal:3116 android.view.ViewRootImpl$TraversalRunnable.run:10885 android.view.Choreographer$CallbackRecord.run:1301 android.view.Choreographer$CallbackRecord.run:1309 android.view.Choreographer.doCallbacks:923 android.view.Choreographer.doFrame:852 android.view.Choreographer$FrameDisplayEventReceiver.run:1283
09-25 13:19:19.242  4768  4843 I BLASTBufferQueue: update, w= 1440 h= 3088 mName = ViewRootImpl@c8e9181[dogglers] mNativeObject= 0xb400007705019c80 sc.mNativeObject= 0xb400007721bd02c0 format= -3 caller= android.graphics.BLASTBufferQueue.<init>:84 android.view.ViewRootImpl.updateBlastSurfaceIfNeeded:2909 android.view.ViewRootImpl.relayoutWindow:9847 android.view.ViewRootImpl.performTraversals:3884 android.view.ViewRootImpl.doTraversal:3116 android.view.ViewRootImpl$TraversalRunnable.run:10885
09-25 13:19:19.242  4768  4843 I ViewRootImpl@c8e9181[dogglers]: Relayout returned: old=(0,0,1440,3088) new=(0,0,1440,3088) req=(1440,3088)0 dur=7 res=0x3 s={true 0xb40000770497f000} ch=true seqId=0
09-25 13:19:19.242  4768  4843 I ViewRootImpl@c8e9181[dogglers]: performConfigurationChange setNightDimText nightDimLevel=0
09-25 13:19:19.242  1914  2139 I SurfaceFlinger: id=162005 createSurf, flag=80004, ActivityRecord{7cb27fd u0 com.example.dogglers/.MainActivity} t7107}#162005
09-25 13:19:19.242  4768  4843 I ViewRootImpl@c8e9181[dogglers]: mThreadedRenderer.initialize() mSurface={isValid=true 0xb40000770497f000} hwInitialized=true
09-25 13:19:19.242  4768  4851 D OpenGLRenderer: eglCreateWindowSurface
09-25 13:19:19.243  8130  8237 I [AirCmd]_ActivitySwitchDetector: onTaskFocusChanged : componentName - ComponentInfo{com.example.dogglers/androidx.test.core.app.InstrumentationActivityInvoker$BootstrapActivity}
09-25 13:19:19.243  8130  8237 I [AirCmd]_ActivitySwitchDetector: onTaskFocusChanged : mTopMostActivity - ComponentInfo{com.sec.android.app.launcher/com.android.launcher3.uioverrides.QuickstepLauncher}
09-25 13:19:19.243 15286 15346 I Rubin   : [27752] ha.e.m(SourceFile:6) : isSatisfiedByCmh is false
09-25 13:19:19.243  8130  8237 I [AirCmd]_CallbackRepeater: stopRepeat : isWorking=false
09-25 13:19:19.243  8130  8237 I [AirCmd]_MediaControlStateMonitor: isForegroundAppSupportsMediaButton : mediaSession is empty
09-25 13:19:19.244  8130  8237 I [AirCmd]_MediaControlStateMonitor: active Notification List is null
09-25 13:19:19.244  8130  8237 I [AirCmd]_RemoteSpenMainController: hasGeneralAction : packageName is com.example.dogglers, activityName is androidx.test.core.app.InstrumentationActivityInvoker$BootstrapActivity, hasActions is false
09-25 13:19:19.244  8130  8237 I [AirCmd]_CameraAvailabilityMonitor: isCameraPreviewOn : mIsCameraPreviewOn is false
09-25 13:19:19.246  5639  5639 D LifecycleMonitor: Lifecycle status change: androidx.test.core.app.InstrumentationActivityInvoker$BootstrapActivity@e243b8b in: RESUMED
09-25 13:19:19.246  5369  5369 I BadgeRenderer: Invalid count : 0
09-25 13:19:19.246  5639  5639 V ActivityScenario: Activity lifecycle changed event received but ignored because the intent does not match. startActivityIntent=Intent { act=android.intent.action.MAIN cat=[android.intent.category.LAUNCHER] cmp=com.example.dogglers/.MainActivity }, activity.getIntent()=Intent { act=android.intent.action.MAIN cat=[android.intent.category.LAUNCHER] flg=0x10008000 cmp=com.example.dogglers/androidx.test.core.app.InstrumentationActivityInvoker$BootstrapActivity (has extras) }, activity=androidx.test.core.app.InstrumentationActivityInvoker$BootstrapActivity@e243b8b
09-25 13:19:19.248  5639  5639 D LifecycleMonitor: Lifecycle status change: androidx.test.core.app.InstrumentationActivityInvoker$BootstrapActivity@e243b8b in: PAUSED
09-25 13:19:19.248  5639  5639 V ActivityScenario: Activity lifecycle changed event received but ignored because the intent does not match. startActivityIntent=Intent { act=android.intent.action.MAIN cat=[android.intent.category.LAUNCHER] cmp=com.example.dogglers/.MainActivity }, activity.getIntent()=Intent { act=android.intent.action.MAIN cat=[android.intent.category.LAUNCHER] flg=0x10008000 cmp=com.example.dogglers/androidx.test.core.app.InstrumentationActivityInvoker$BootstrapActivity (has extras) }, activity=androidx.test.core.app.InstrumentationActivityInvoker$BootstrapActivity@e243b8b
09-25 13:19:19.248  4768  4843 I ViewRootImpl@c8e9181[dogglers]: reportNextDraw android.view.ViewRootImpl.performTraversals:4438 android.view.ViewRootImpl.doTraversal:3116 android.view.ViewRootImpl$TraversalRunnable.run:10885 android.view.Choreographer$CallbackRecord.run:1301 android.view.Choreographer$CallbackRecord.run:1309
09-25 13:19:19.248  4768  4843 I ViewRootImpl@c8e9181[dogglers]: Setup new sync id=0
09-25 13:19:19.248  4768  4843 I ViewRootImpl@c8e9181[dogglers]: Setting syncFrameCallback
09-25 13:19:19.248  4768  4843 I ViewRootImpl@c8e9181[dogglers]: registerCallbacksForSync syncBuffer=false
09-25 13:19:19.248  8130  8237 I [AirCmd]_CameraAvailabilityMonitor: isCameraPreviewOn : mIsCameraPreviewOn is false
09-25 13:19:19.248  4768  4860 I ViewRootImpl@c8e9181[dogglers]: Received frameDrawingCallback syncResult=0 frameNum=1.
09-25 13:19:19.248  4768  4860 I ViewRootImpl@c8e9181[dogglers]: Setting up sync and frameCommitCallback
09-25 13:19:19.249  5759  5759 E pageboostd: Received HALT command code 2
09-25 13:19:19.250  3108  4073 D InputDispatcher: Focused application(0): ActivityRecord{7cb27fd u0 com.example.dogglers/.MainActivity} t7107}
09-25 13:19:19.250  4768  4851 I BLASTBufferQueue: [ViewRootImpl@c8e9181[dogglers]#3967](f:0,a:0) onFrameAvailable the first frame is available
09-25 13:19:19.250  4768  4851 I ViewRootImpl@c8e9181[dogglers]: Received frameCommittedCallback lastAttemptedDrawFrameNum=1 didProduceBuffer=true
09-25 13:19:19.250  4768  4851 D OpenGLRenderer: CFMS:: SetUp Pid : 4768    Tid : 4851
09-25 13:19:19.250  3108 29076 D RemoteAppTaskWatcher:  ****** RemoteAppTaskWatcher: Message Received 5 Task ID = 0
09-25 13:19:19.253  3108  3230 D EnterpriseDeviceManagerService: isMdmAdminPresentInternal() : MDM Admin Found - com.samsung.knox.securefolder
09-25 13:19:19.253  4768  4843 I ViewRootImpl@c8e9181[dogglers]: onSyncComplete
09-25 13:19:19.253  4768  4843 I ViewRootImpl@c8e9181[dogglers]: setupSync seqId=0 mSyncId=0 fn=1 caller=android.view.ViewRootImpl$$ExternalSyntheticLambda11.accept:6 android.window.SurfaceSyncer.lambda$setupSync$1$android-window-SurfaceSyncer:128 android.window.SurfaceSyncer$$ExternalSyntheticLambda1.accept:8 android.window.SurfaceSyncer$SyncSet.checkIfSyncIsComplete:382 android.window.SurfaceSyncer$SyncSet.markSyncReady:359 android.window.SurfaceSyncer.markSyncReady:151 android.view.ViewRootImpl.performTraversals:4503
09-25 13:19:19.253  4768  4843 I ViewRootImpl@c8e9181[dogglers]: reportDrawFinished seqId=0 mSyncId=-1 fn=1 mSurfaceChangedTransaction=0xb4000076d676b900
09-25 13:19:19.254  8130  8237 I [AirCmd]_MediaControlStateMonitor: isForegroundAppSupportsMediaButton : mediaSession is empty
09-25 13:19:19.254  8130  8237 I [AirCmd]_MediaControlStateMonitor: active Notification List is null
09-25 13:19:19.254  8130  8237 I [AirCmd]_PenActionRule: getAction : get default action data from remote action because pen action data is null.
09-25 13:19:19.254  8130  8237 I [AirCmd]_ButtonActionDetector: enableDoubleClickDetection: enabled=true, doubleClickWaitInterval=300
09-25 13:19:19.254  8130  8237 I [AirCmd]_RemoteSpenMainController: onSwitch : package is com.example.dogglers   and activity is androidx.test.core.app.InstrumentationActivityInvoker$BootstrapActivity and isBleConnected is false and hasActions is false
09-25 13:19:19.256 15715 18710 I WindowsLink: (TaskInfoManager) +++++++++++onRecentTaskStackUpdated
09-25 13:19:19.257  1914  4196 I SurfaceFlinger: id=162006 createSurf, flag=24000, Surface(name=Task=1)/@0xeddbc98 - animation-leash of app_transition#162006
09-25 13:19:19.259  1914  4196 I SurfaceFlinger: id=162007 createSurf, flag=24004, Surface(name=Task=7107)/@0xd481a25 - animation-leash of app_transition#162007
09-25 13:19:19.261  4768  4808 I ViewRootImpl@c8e9181[dogglers]: Resizing android.view.ViewRootImpl@1b08ab2: frame = [0,0][1440,3088] reportDraw = false forceLayout = false syncSeqId = 0
09-25 13:19:19.261  4768  4843 I ViewRootImpl@c8e9181[dogglers]: handleResized, msg = 4 frames=ClientWindowFrames{frame=[0,0][1440,3088] display=[0,0][1440,3088] parentFrame=[0,0][0,0] parentClippedByDisplayCutout=false} forceNextWindowRelayout=false displayId=0 resizeMode=-1 frameChanged=false displayFrameChanged=false configChanged=false displayChanged=false
09-25 13:19:19.261  1914  4196 I SurfaceFlinger: id=162008 createSurf, flag=80000, 6cd4783 ActivityRecordInputSink com.example.dogglers/androidx.test.core.app.InstrumentationActivityInvoker$BootstrapActivity#162008
09-25 13:19:19.262  1914  4196 I SurfaceFlinger: id=162009 createSurf, flag=80000, 928ac54 ActivityRecordInputSink com.example.dogglers/.MainActivity#162009
09-25 13:19:19.264  4768  4838 D Bubbles : onLocusVisibilityChanged: LocusId[17_chars] visible=false
09-25 13:19:19.264  5639  5639 D LifecycleMonitor: Lifecycle status change: com.example.dogglers.MainActivity@106fcac in: PRE_ON_CREATE
09-25 13:19:19.264  5639  5639 V ActivityScenario: Activity lifecycle changed event received but ignored because the reported transition was not ON_CREATE while the last known transition was PRE_ON_CREATE
09-25 13:19:19.266  3108  6142 I MediaSessionMonitor: Media session stopped : controllerList empty
09-25 13:19:19.267  8423  8423 I ActivityUtils: HomePackage : com.sec.android.app.launcher, resumePackageName : com.example.dogglers
09-25 13:19:19.269  3108  3230 I SemPersonaManager: SecureFolder personaId = 150
09-25 13:19:19.271  1914  1914 I Layer   : Layer [Splash Screen com.example.dogglers$_4768#162004] hidden!! flag(0)
09-25 13:19:19.272  5639  5639 I DecorView: [INFO] isPopOver=false config=true
09-25 13:19:19.272  5639  5639 I DecorView: updateCaptionType: isFloating=false isApplication=true hasWindowDecorCaption=false this=DecorView@55eec79[]
09-25 13:19:19.272  5639  5639 D DecorView: setCaptionType = 0, this = DecorView@55eec79[]
09-25 13:19:19.273  5639  5639 I DecorView: getCurrentDensityDpi: from real metrics. densityDpi=560 msg=resources_loaded
09-25 13:19:19.273  5639  5639 I DecorView: setWindowBackground: isPopOver=false color=ff121212 d=android.graphics.drawable.ColorDrawable@89dde1f
09-25 13:19:19.273  3108  3230 D EnterpriseDeviceManagerService: isMdmAdminPresentInternal() : MDM Admin Found - com.samsung.knox.securefolder
09-25 13:19:19.275  8423  8423 I ActivityUtils: HomePackage : com.sec.android.app.launcher, resumePackageName : com.example.dogglers
09-25 13:19:19.275  3108  6142 I MediaSessionMonitor: Media session stopped : controllerList empty
09-25 13:19:19.276  5639  5639 D LifecycleMonitor: Lifecycle status change: com.example.dogglers.MainActivity@106fcac in: CREATED
09-25 13:19:19.276  5639  5639 V ActivityScenario: Update currentActivityStage to CREATED, currentActivity=com.example.dogglers.MainActivity@106fcac
09-25 13:19:19.277  5639  5639 D LifecycleMonitor: Lifecycle status change: com.example.dogglers.MainActivity@106fcac in: STARTED
09-25 13:19:19.277  5639  5639 V ActivityScenario: Update currentActivityStage to STARTED, currentActivity=com.example.dogglers.MainActivity@106fcac
09-25 13:19:19.277  5639  5639 D LifecycleMonitor: Lifecycle status change: com.example.dogglers.MainActivity@106fcac in: RESUMED
09-25 13:19:19.277  5639  5639 V ActivityScenario: Update currentActivityStage to RESUMED, currentActivity=com.example.dogglers.MainActivity@106fcac
09-25 13:19:19.278  5639  5639 I MSHandlerLifeCycle: check: return. pkg=com.example.dogglers parent=null callers=com.android.internal.policy.DecorView.setVisibility:4412 android.app.ActivityThread.handleResumeActivity:5476 android.app.servertransaction.ResumeActivityItem.execute:54 android.app.servertransaction.ActivityTransactionItem.execute:45 android.app.servertransaction.TransactionExecutor.executeLifecycleState:176
09-25 13:19:19.278  5639  5639 I MSHandlerLifeCycle: removeMultiSplitHandler: no exist. decor=DecorView@55eec79[]
09-25 13:19:19.279  5639  5729 D NativeCustomFrequencyManager: [NativeCFMS] BpCustomFrequencyManager::BpCustomFrequencyManager()
09-25 13:19:19.280  1914  1914 D SurfaceFlinger: GPIS:: requestGPIS
09-25 13:19:19.281  1914  1914 D SurfaceFlinger: Display 4630947093241269891 HWC layers:
09-25 13:19:19.281  1914  1914 D SurfaceFlinger:      CLIENT | 0xb400007af6c13480 | 0100 | RGBx_8888    |  592.0    0.0 1628.0 2220.0 |    0    0 1440 3088 | Wallpaper BBQ wrapper#90
09-25 13:19:19.281  1914  1914 D SurfaceFlinger:      CLIENT | 0xb400007af86b8680 | 0100 | RGBA_8888    |    0.0    0.0 1440.0 3088.0 |    0    0 1440 3088 | com.sec.android.app.launcher/com.sec[...]rActivity$_5369#161993 (blurRegions)
09-25 13:19:19.281  1914  1914 D SurfaceFlinger:      DEVICE | 0xb400007af86f9100 | 0100 | RGBA_8888    |    0.0    0.0 1440.0 3088.0 |  105  225 1335 2863 | Splash Screen com.example.dogglers$_4768#162004
09-25 13:19:19.281  1914  1914 D SurfaceFlinger:      DEVICE | 0xb400007af6c14880 | 0100 | RGBA_8888    |    0.0    0.0 1440.0  100.0 |    0    0 1440  100 | StatusBar$_4768#95
09-25 13:19:19.281  1914  1914 D SurfaceFlinger:      DEVICE | 0xb400007af8705400 | 0100 | RGBA_8888    |    0.0    0.0   67.0  589.0 |    0  562   67 1151 | com.samsung.android.app.cocktailbars[...]vice.CocktailBarService$_8423#156853
09-25 13:19:19.281  1914  1914 D SurfaceFlinger:      DEVICE | 0xb400007af8705500 | 0100 | RGBA_8888    |    0.0    0.0  518.0   48.0 |  922 3040 1440 3088 | SGestureOverlayWindow$_5369#156268
09-25 13:19:19.281  1914  1914 D SurfaceFlinger:      DEVICE | 0xb400007af6c15880 | 0100 | RGBA
09-25 13:19:19.281  1914  1914 D SurfaceFlinger: _8888    |    0.0    0.0 1440.0  168.0 |    0 2920 1440 3088 | NavigationBar0$_4768#92
09-25 13:19:19.281  1914  1914 D SurfaceFlinger:
09-25 13:19:19.281  3108  6456 D InputTransport: Input channel constructed: '110164c', fd=1308
09-25 13:19:19.281  3108  6456 D InputTransport: Input channel constructed: '110164c', fd=1309
09-25 13:19:19.282  3108  6456 D InputTransport: Input channel constructed: '110164c', fd=1323
09-25 13:19:19.282  1914  3193 I SurfaceFlinger: id=162010 createSurf, flag=80004, 110164c com.example.dogglers/com.example.dogglers.MainActivity#162010
09-25 13:19:19.283  3108  6456 D InputTransport: Input channel destroyed: '110164c', fd=1323
09-25 13:19:19.283  5639  5639 D InsetsController: onStateChanged: InsetsState: {mDisplayFrame=Rect(0, 0 - 1440, 3088), mDisplayCutout=DisplayCutout{insets=Rect(0, 100 - 0, 0) waterfall=Insets{left=0, top=0, right=0, bottom=0} boundingRect={Bounds=[Rect(0, 0 - 0, 0), Rect(685, 0 - 756, 100), Rect(0, 0 - 0, 0), Rect(0, 0 - 0, 0)]} cutoutPathParserInfo={CutoutPathParserInfo{displayWidth=1440 displayHeight=3088 physicalDisplayWidth=1440 physicalDisplayHeight=3088 density={3.75} cutoutSpec={M 0,0 H -9.466666666666667 V 26.66666666666667‬ H 9.466666666666667 V 0 H 0 Z @dp} rotation={0} scale={1.0} physicalPixelDisplaySizeRatio={1.0}}}}, mRoundedCorners=RoundedCorners{[RoundedCorner{position=TopLeft, radius=14, center=Point(14, 14)}, RoundedCorner{position=TopRight, radius=14, center=Point(1426, 14)}, RoundedCorner{position=BottomRight, radius=14, center=Point(1426, 3074)}, RoundedCorner{position=BottomLeft, radius=14, center=Point(14, 3074)}]}  mRoundedCornerFrame=Rect(0, 0 - 1440, 3088), mPrivacyIndicatorBounds=PrivacyIndicatorBounds {static bounds=Rect(1286, 0 - 1440, 100) rotation=0}, mSources= { InsetsSource: {mType=ITYPE_STATUS_BAR, mFrame=[0,0][1440,100], mVisible=true, mInsetsRoundedCornerFrame=false}, InsetsSource: {mType=ITYPE_NAVIGATION_BAR, mFrame=[0,3088][1440,3088], mVisible=true, mInsetsRoundedCornerFrame=false}, InsetsSource: {mType=ITYPE_LEFT_GESTURES, mFrame=[0,0][0,3088], mVisible=true, mInsetsRoundedCornerFrame=false}, InsetsSource: {mType=ITYPE_RIGHT_GESTURES, mFrame=[1440,0][1440,3088], mVisible=true, mInsetsRoundedCornerFrame=false}, InsetsSource: {mType=ITYPE_TOP_MANDATORY_GESTURES, mFrame=[0,0][1440,142], mVisible=true, mInsetsRoundedCornerFrame=false}, InsetsSource: {mType=ITYPE_BOTTOM_MANDATORY_GESTURES, mFrame=[0,3018][1440,3088], mVisible=true, mInsetsRoundedCornerFrame=false}, InsetsSource: {mType=ITYPE_LEFT_DISPLAY_CUTOUT, mFrame=[0,0][-100000,3088], mVisible=true, mInsetsRoundedCornerFrame=false}, InsetsSource: {mType=ITYPE_TOP_DISPLAY_CUTOUT, mFrame=[0,0][1440,100], mVisible=true, mInsetsRoundedCornerFrame=false}, InsetsSource: {mType=ITYPE_RIGHT_DISPLAY_CUTOUT, mFrame=[100000,0][1440,3088], mVisible=true, mInsetsRoundedCornerFrame=false}, InsetsSource: {mType=ITYPE_BOTTOM_DISPLAY_CUTOUT, mFrame=[0,100000][1440,3088], mVisible=true, mInsetsRoundedCornerFrame=false}, InsetsSource: {mType=ITYPE_TOP_TAPPABLE_ELEMENT, mFrame=[0,0][1440,100], mVisible=true, mInsetsRoundedCornerFrame=false}, InsetsSource: {mType=ITYPE_BOTTOM_TAPPABLE_ELEMENT, mFrame=[0,0][0,0], mVisible=true, mInsetsRoundedCornerFrame=false}, InsetsSource: {mType=ITYPE_IME, mFrame=[0,0][0,0], mVisibleFrame=[0,3088][1440,3088], mVisible=false, mInsetsRoundedCornerFrame=false} } host=com.example.dogglers/com.example.dogglers.MainActivity from=android.view.ViewRootImpl.setView:1732
09-25 13:19:19.285  5639  5639 I ViewRootImpl@303126e[MainActivity]: setView = com.android.internal.policy.DecorView@55eec79 TM=true
09-25 13:19:19.286  5639  5639 I MSHandlerLifeCycle: removeMultiSplitHandler: no exist. decor=DecorView@55eec79[MainActivity]
09-25 13:19:19.286  3108  3338 D AnalyticsContainerHandler: handleMessage : { when=0 what=1 target=com.android.server.knox.KnoxAnalyticsContainer$AnalyticsHandler }
09-25 13:19:19.291  5639  5639 I ViewRootImpl@303126e[MainActivity]: performTraversals params={(0,0)(fillxfill) sim={adjust=pan forwardNavigation} ty=BASE_APPLICATION wanim=0x1030309
09-25 13:19:19.291  5639  5639 I ViewRootImpl@303126e[MainActivity]:   fl=81810100
09-25 13:19:19.291  5639  5639 I ViewRootImpl@303126e[MainActivity]:   pfl=12020040
09-25 13:19:19.291  5639  5639 I ViewRootImpl@303126e[MainActivity]:   bhv=DEFAULT
09-25 13:19:19.291  5639  5639 I ViewRootImpl@303126e[MainActivity]:   fitSides= naviIconColor=0}
09-25 13:19:19.291  5639  5639 I ViewRootImpl@303126e[MainActivity]: performTraversals mFirst=true windowShouldResize=true viewVisibilityChanged=false mForceNextWindowRelayout=false params={(0,0)(fillxfill) sim={adjust=pan forwardNavigation} ty=BASE_APPLICATION wanim=0x1030309
09-25 13:19:19.291  5639  5639 I ViewRootImpl@303126e[MainActivity]:   fl=81810100
09-25 13:19:19.291  5639  5639 I ViewRootImpl@303126e[MainActivity]:   pfl=12020040
09-25 13:19:19.291  5639  5639 I ViewRootImpl@303126e[MainActivity]:   bhv=DEFAULT
09-25 13:19:19.291  5639  5639 I ViewRootImpl@303126e[MainActivity]:   fitSides= naviIconColor=0}
09-25 13:19:19.291  3108  6456 V WindowManager: Relayout Window{110164c u0 com.example.dogglers/com.example.dogglers.MainActivity}: viewVisibility=0 req=1440x3088 d0
09-25 13:19:19.291  1914  3193 I SurfaceFlinger: id=162011 createSurf, flag=40004, com.example.dogglers/com.example.dogglers.MainActivity$_5639#162011
09-25 13:19:19.295  1914  3193 I SurfaceFlinger: id=162012 createSurf, flag=24000, Surface(name=4eb27f5 StatusBar)/@0x43fa543 - animation-leash of insets_animation#162012
09-25 13:19:19.296  1914  4196 I SurfaceFlinger: id=162013 createSurf, flag=24000, Surface(name=d110b4c NavigationBar0)/@0x8bdb781 - animation-leash of insets_animation#162013
09-25 13:19:19.297  3108  6456 V WindowManager: Relayout hash=110164c, pid=5639, syncId=-1: mAttrs={(0,0)(fillxfill) sim={adjust=pan forwardNavigation} ty=BASE_APPLICATION wanim=0x1030309
09-25 13:19:19.297  3108  6456 V WindowManager:   fl=81810100
09-25 13:19:19.297  3108  6456 V WindowManager:   pfl=12020040
09-25 13:19:19.297  3108  6456 V WindowManager:   bhv=DEFAULT
09-25 13:19:19.297  3108  6456 V WindowManager:   fitSides= naviIconColor=0}
09-25 13:19:19.298  5369  8863 I TouchInteractionService: onSystemUiStateChanged, stateFlags : 131120 |a11y_click|a11y_long_click|allow_gesture|
09-25 13:19:19.298  5369  5369 I RecentsAnimationDeviceState: setSystemUiFlags, stateFlags : 131120
09-25 13:19:19.298  5369  5369 W SGestureOverlayWindow: setVisibilityGestureOverlayWindow, visibility = 0
09-25 13:19:19.298  5369  5369 I TouchInteractionService: onSystemUiFlagsChanged, lastSysUIFlags : 48
09-25 13:19:19.298  5639  5639 I ViewRootImpl@303126e[MainActivity]: updateBlastSurfaceIfNeeded mBlastBufferQueue=null isSameSurfaceControl=false
09-25 13:19:19.299  5639  5639 I BLASTBufferQueue: new BLASTBufferQueue, mName= ViewRootImpl@303126e[MainActivity] mNativeObject= 0xb4000077a1041880 sc.mNativeObject= 0xb4000077a103cb80 caller= android.view.ViewRootImpl.updateBlastSurfaceIfNeeded:2909 android.view.ViewRootImpl.relayoutWindow:9847 android.view.ViewRootImpl.performTraversals:3884 android.view.ViewRootImpl.doTraversal:3116 android.view.ViewRootImpl$TraversalRunnable.run:10885 android.view.Choreographer$CallbackRecord.run:1301 android.view.Choreographer$CallbackRecord.run:1309 android.view.Choreographer.doCallbacks:923 android.view.Choreographer.doFrame:852 android.view.Choreographer$FrameDisplayEventReceiver.run:1283
09-25 13:19:19.299  5639  5639 I BLASTBufferQueue: update, w= 1440 h= 3088 mName = ViewRootImpl@303126e[MainActivity] mNativeObject= 0xb4000077a1041880 sc.mNativeObject= 0xb4000077a103cb80 format= -1 caller= android.graphics.BLASTBufferQueue.<init>:84 android.view.ViewRootImpl.updateBlastSurfaceIfNeeded:2909 android.view.ViewRootImpl.relayoutWindow:9847 android.view.ViewRootImpl.performTraversals:3884 android.view.ViewRootImpl.doTraversal:3116 android.view.ViewRootImpl$TraversalRunnable.run:10885
09-25 13:19:19.299  5639  5639 I ViewRootImpl@303126e[MainActivity]: Relayout returned: old=(0,0,1440,3088) new=(0,0,1440,3088) req=(1440,3088)0 dur=7 res=0x3 s={true 0xb40000774d6e7000} ch=true seqId=0
09-25 13:19:19.299  5639  5639 I ViewRootImpl@303126e[MainActivity]: performConfigurationChange setNightDimText nightDimLevel=0
09-25 13:19:19.299  5639  5639 I ViewRootImpl@303126e[MainActivity]: mThreadedRenderer.initialize() mSurface={isValid=true 0xb40000774d6e7000} hwInitialized=true
09-25 13:19:19.300  5639  5729 D OpenGLRenderer: eglCreateWindowSurface
09-25 13:19:19.301  5639  5639 I ViewRootImpl@303126e[MainActivity]: reportNextDraw android.view.ViewRootImpl.performTraversals:4438 android.view.ViewRootImpl.doTraversal:3116 android.view.ViewRootImpl$TraversalRunnable.run:10885 android.view.Choreographer$CallbackRecord.run:1301 android.view.Choreographer$CallbackRecord.run:1309
09-25 13:19:19.301  5639  5639 I ViewRootImpl@303126e[MainActivity]: Setup new sync id=0
09-25 13:19:19.301  5639  5639 I ViewRootImpl@303126e[MainActivity]: Setting syncFrameCallback
09-25 13:19:19.301  5639  5639 I ViewRootImpl@303126e[MainActivity]: registerCallbacksForSync syncBuffer=false
09-25 13:19:19.304  1914  1914 I Layer   : id=161994 removedFromDrawingState Surface(name=4eb27f5 StatusBar)/@0x43fa543 - animation-leash of insets_animation#161994 (334)
09-25 13:19:19.304  5639  5771 I ViewRootImpl@303126e[MainActivity]: Received frameDrawingCallback syncResult=0 frameNum=1.
09-25 13:19:19.304  1914  1914 I Layer   : id=161995 removedFromDrawingState Surface(name=d110b4c NavigationBar0)/@0x8bdb781 - animation-leash of insets_animation#161995 (334)
09-25 13:19:19.304  1914  1914 I SurfaceFlinger: [110164c com.example.dogglers/com.example.dogglers.MainActivity#162010] FrameRatePriority: 1
09-25 13:19:19.304  5639  5771 I ViewRootImpl@303126e[MainActivity]: Setting up sync and frameCommitCallback
09-25 13:19:19.304  1914  1914 I SurfaceFlinger: id=161994 Removed Surface(name=4eb27f5 StatusBar)/@0x43fa543 - animation-leash of insets_animation#161994 (334)
09-25 13:19:19.304  1914  1914 I SurfaceFlinger: id=161995 Removed Surface(name=d110b4c NavigationBar0)/@0x8bdb781 - animation-leash of insets_animation#161995 (334)
09-25 13:19:19.304  1914  1914 I Layer   : id=161994 Destroyed Surface(name=4eb27f5 StatusBar)/@0x43fa543 - animation-leash of insets_animation#161994
09-25 13:19:19.304  1914  1914 I Layer   : id=161995 Destroyed Surface(name=d110b4c NavigationBar0)/@0x8bdb781 - animation-leash of insets_animation#161995
09-25 13:19:19.305  5639  5729 I BLASTBufferQueue: [ViewRootImpl@303126e[MainActivity]#7](f:0,a:0) onFrameAvailable the first frame is available
09-25 13:19:19.305  5639  5729 I ViewRootImpl@303126e[MainActivity]: Received frameCommittedCallback lastAttemptedDrawFrameNum=1 didProduceBuffer=true
09-25 13:19:19.305  3108  6456 D InputDispatcher: Focus request (0): 110164c com.example.dogglers/com.example.dogglers.MainActivity but waiting because NO_WINDOW
09-25 13:19:19.306  5639  5729 D OpenGLRenderer: CFMS:: SetUp Pid : 5639    Tid : 5729
09-25 13:19:19.307  1914  4194 D NativeSemDvfsManager: acquire:: timeout = 2000 mIsAcquired = 1  mTagName : SurfaceFlinger
09-25 13:19:19.308  1914  4194 E NativeCustomFrequencyManager: [NativeCFMS] BpCustomFrequencyManager::acquire()
09-25 13:19:19.308  1809  1855 I HYPER-HAL: [RequestManager.cpp]acquire(): Acquired ID : 4248155  [1914 / 1000]    HINT : SF_GPU_MINLOCK    list : [TIMEOUT / 2000]
09-25 13:19:19.308  5639  5639 I ViewRootImpl@303126e[MainActivity]: onSyncComplete
09-25 13:19:19.309  5639  5639 I ViewRootImpl@303126e[MainActivity]: setupSync seqId=0 mSyncId=0 fn=1 caller=android.view.ViewRootImpl$$ExternalSyntheticLambda11.accept:6 android.window.SurfaceSyncer.lambda$setupSync$1$android-window-SurfaceSyncer:128 android.window.SurfaceSyncer$$ExternalSyntheticLambda1.accept:8 android.window.SurfaceSyncer$SyncSet.checkIfSyncIsComplete:382 android.window.SurfaceSyncer$SyncSet.markSyncReady:359 android.window.SurfaceSyncer.markSyncReady:151 android.view.ViewRootImpl.performTraversals:4503
09-25 13:19:19.309  5639  5639 I ViewRootImpl@303126e[MainActivity]: reportDrawFinished seqId=0 mSyncId=-1 fn=1 mSurfaceChangedTransaction=0xb4000077b10ae100
09-25 13:19:19.312  5639  5639 D RootViewPicker: Root not ready - waiting: 10ms for one to appear.
09-25 13:19:19.312  3108  3227 W ziparchive: Unable to open '/data/app/~~ATcZRD0F-LmHTuxfrkuUPg==/com.example.dogglers-ejGvQ7nyEoA-Sr0nwgcZYw==/base.dm': No such file or directory
09-25 13:19:19.312  3108  3227 I PkgPredictorService-SecIpmManagerServiceImpl: reportToNAP uid:10577 com.example.dogglers/com.example.dogglers.MainActivity thisTime:103
09-25 13:19:19.312  3108  6493 I SemDvfsHyPerManager: acquire hyper - AMS_RESUME_TAIL/3108@20, type = -999
09-25 13:19:19.312  3108  6493 I SemDvfsHyPerManager: acquire hyper - AMS_ACT_LAZY/3108@21, type = -999
09-25 13:19:19.313  1809  1855 I HYPER-HAL: [RequestManager.cpp]acquire(): Acquired ID : 4893776  [3108 / 20]    HINT : AMS_RESUME_TAIL    list :
09-25 13:19:19.313  3108  3227 I ActivityTaskManager: Displayed com.example.dogglers/.MainActivity: +103ms
09-25 13:19:19.314  3108  4606 D InputDispatcher: Focus entered window (0): 110164c com.example.dogglers/com.example.dogglers.MainActivity
09-25 13:19:19.314  1914  4196 I SurfaceFlinger: id=162014 createSurf, flag=24000, Surface(name=110164c com.example.dogglers/com.example.dogglers.MainActivity)/@0x2300313 - animation-leash of starting_reveal#162014
09-25 13:19:19.314  5759  5759 E pageboostd: Received HALT command code 2
09-25 13:19:19.314  5639  5639 I ViewRootImpl@303126e[MainActivity]: MSG_WINDOW_FOCUS_CHANGED 1 0
09-25 13:19:19.315  5639  5639 I ViewRootImpl@303126e[MainActivity]: mThreadedRenderer.initializeIfNeeded()#2 mSurface={isValid=true 0xb40000774d6e7000}
09-25 13:19:19.315  1809  1855 I HYPER-HAL: [RequestManager.cpp]acquire(): Acquired ID : 4896906  [3108 / 21]    HINT : AMS_ACT_LAZY    list :
09-25 13:19:19.315  5639  5639 D InputMethodManager: startInputInner - Id : 0
09-25 13:19:19.315  5639  5639 I InputMethodManager: startInputInner - mService.startInputOrWindowGainedFocus
09-25 13:19:19.315  1914  1914 D SurfaceFlinger: Display 4630947093241269891 HWC layers:
09-25 13:19:19.315  1914  1914 D SurfaceFlinger:      CLIENT | 0xb400007af6c13480 | 0100 | RGBx_8888    |  592.0    0.0 1628.0 2220.0 |    0    0 1440 3088 | Wallpaper BBQ wrapper#90
09-25 13:19:19.315  1914  1914 D SurfaceFlinger:      CLIENT | 0xb400007af86b8680 | 0100 | RGBA_8888    |    0.0    0.0 1440.0 3088.0 |    0    0 1440 3088 | com.sec.android.app.launcher/com.sec[...]rActivity$_5369#161993 (blurRegions)
09-25 13:19:19.315  1914  1914 D SurfaceFlinger:      DEVICE | 0xb400007af86f9900 | 0102 | RGBA_8888    |    0.0    0.0 1440.0 3088.0 |   83  178 1357 2910 | com.example.dogglers/com.example.dogglers.MainActivity$_5639#162011
09-25 13:19:19.315  1914  1914 D SurfaceFlinger:      DEVICE | 0xb400007af86f9100 | 0100 | RGBA_8888    |    0.0    0.0 1440.0 3088.0 |   83  178 1357 2910 | Splash Screen com.example.dogglers$_4768#162004
09-25 13:19:19.315  1914  1914 D SurfaceFlinger:      DEVICE | 0xb400007af6c14880 | 0100 | RGBA_8888    |    0.0    0.0 1440.0  100.0 |    0    0 1440  100 | StatusBar$_4768#95
09-25 13:19:19.315  1914  1914 D SurfaceFlinger:      DEVICE | 0xb400007af8705400 | 0100 | RGBA_8888    |    0.0    0.0   67.0  589.0 |    0  562   67 1151 | com.samsung.android.app.cocktailbars[...]vice.CocktailBarService$_8423#156853
09-25 13:19:19.315  1914  1914 D SurfaceFlinger:      DEVICE |
09-25 13:19:19.315  1914  1914 D SurfaceFlinger:  0xb400007af8705500 | 0100 | RGBA_8888    |    0.0    0.0  518.0   48.0 |  922 3040 1440 3088 | SGestureOverlayWindow$_5369#156268
09-25 13:19:19.315  1914  1914 D SurfaceFlinger:      DEVICE | 0xb400007af6c15880 | 0100 | RGBA_8888    |    0.0    0.0 1440.0  168.0 |    0 2920 1440 3088 | NavigationBar0$_4768#92
09-25 13:19:19.315  1914  1914 D SurfaceFlinger:
09-25 13:19:19.318  3108  4606 D InputMethodManagerService: DESKTOP MODE! : 2
09-25 13:19:19.318  3108  4606 D InputMethodManagerService: NOT IN KNOX DESKTOP MODE!
09-25 13:19:19.318  3108  4606 V InputMethodManagerService: getDisplayIdOfInputMethodWindowToBeAdded: displayId=0
09-25 13:19:19.318  3108  4606 D InputMethodManagerService: isImeSwitcherDisabledPackage : false
09-25 13:19:19.318  3108  4606 D InputMethodManagerService: checkDisplayOfStartInputAndUpdateKeyboard: displayId=0, mFocusedDisplayId=0
09-25 13:19:19.318  3108  4606 D InputTransport: Input channel constructed: 'ClientS', fd=1323
09-25 13:19:19.318  3108  4606 D InputTransport: Input channel destroyed: 'ClientS', fd=1323
09-25 13:19:19.319  1809  1855 I HYPER-HAL: [RequestManager.cpp]releaseLocked(): Released ID : 4903169
09-25 13:19:19.320   586   586 I MSHandlerLifeCycle: check: return. pkg=com.google.android.inputmethod.latin isActivity=false callers=com.android.internal.policy.DecorView.setVisibility:4412 android.inputmethodservice.InkWindow.hide:100 android.inputmethodservice.InputMethodService$InputMethodImpl.unbindInput:875 android.inputmethodservice.IInputMethodWrapper.executeMessage:198 com.android.internal.os.HandlerCaller$MyHandler.handleMessage:44
09-25 13:19:19.320   586   586 I MSHandlerLifeCycle: removeMultiSplitHandler: no exist. decor=DecorView@722edec[]
09-25 13:19:19.321   586   586 I GoogleInputMethodService: GoogleInputMethodService.onFinishInput():3267
09-25 13:19:19.321  1914  4196 I SurfaceFlinger: id=162015 createSurf, flag=24004, Surface(name=6a358c3 InputMethod)/@0x1a6cc79 - animation-leash of insets_animation#162015
09-25 13:19:19.322   586   586 I GoogleInputMethodService: GoogleInputMethodService.updateDeviceLockedStatus():2097 repeatCheckTimes = 0, locked = false
09-25 13:19:19.322   586   586 D InputMethodService: checkFocusedDisplay() display Id 0last 0
09-25 13:19:19.322   586   586 I GoogleInputMethodService: GoogleInputMethodService.onStartInput():1889 onStartInput(EditorInfo{EditorInfo{packageName=com.example.dogglers, inputType=0, inputTypeString=NULL, enableLearning=false, autoCorrection=false, autoComplete=false, imeOptions=0, privateImeOptions=null, actionName=UNSPECIFIED, actionLabel=null, initialSelStart=-1, initialSelEnd=-1, initialCapsMode=0, label=null, fieldId=-1, fieldName=null, extras=Bundle[{displayId=0}], hintText=null, hintLocales=[]}}, false)
09-25 13:19:19.322  4768  4861 I ViewRootImpl@c8e9181[dogglers]: mWNT: t=0xb400007731efa200 mBlastBufferQueue=0xb400007705019c80 fn= 2 caller= android.view.SyncRtSurfaceTransactionApplier.applyTransaction:96 android.view.SyncRtSurfaceTransactionApplier.lambda$scheduleApply$0$android-view-SyncRtSurfaceTransactionApplier:69 android.view.SyncRtSurfaceTransactionApplier$$ExternalSyntheticLambda0.onFrameDraw:4
09-25 13:19:19.323  5639  5639 I ViewInteraction: Performing 'single click' action on view view.getId() is <2131230932/com.example.dogglers:id/grid_btn>
