09-25 13:19:28.414   586   586 I GoogleInputMethodService: GoogleInputMethodService.onStartInput():1889 onStartInput(EditorInfo{EditorInfo{packageName=com.example.dogglers, inputType=0, inputTypeString=NULL, enableLearning=false, autoCorrection=false, autoComplete=false, imeOptions=0, privateImeOptions=null, actionName=UNSPECIFIED, actionLabel=null, initialSelStart=-1, initialSelEnd=-1, initialCapsMode=0, label=null, fieldId=-1, fieldName=null, extras=Bundle[{displayId=0}], hintText=null, hintLocales=[]}}, false)
09-25 13:19:28.415   586   586 I GoogleInputMethodService: GoogleInputMethodService.updateDeviceLockedStatus():2097 repeatCheckTimes = 1, locked = false
09-25 13:19:28.415  3108 29076 D RemoteAppTaskWatcher:  ****** RemoteAppTaskWatcher: Message Received 5 Task ID = 0
09-25 13:19:28.417 21794 13251 D OpenGLRenderer: setSurface called with nullptr
09-25 13:19:28.417 21794 13251 D OpenGLRenderer: setSurface() destroyed EGLSurface
09-25 13:19:28.417 21794 13251 D OpenGLRenderer: destroyEglSurface
09-25 13:19:28.418 21794 21794 I ViewRootImpl@888ef3d[LauncherActivity]: performTraversals mFirst=false windowShouldResize=false viewVisibilityChanged=true mForceNextWindowRelayout=false params=null
09-25 13:19:28.419  5639  5639 I ViewRootImpl@367728b[HorizontalListActivity]: handleAppVisibility mAppVisible = true visible = false
09-25 13:19:28.419  5369  5369 I ViewRootImpl@7533534[LauncherActivity]: performTraversals mFirst=false windowShouldResize=false viewVisibilityChanged=true mForceNextWindowRelayout=false params=null
09-25 13:19:28.419  3108  4606 V WindowManager: Relayout Window{c7375dc u0 com.sec.android.app.launcher/com.sec.android.app.launcher.activities.LauncherActivity}: viewVisibility=8 req=1440x3088 d0
09-25 13:19:28.421  3108  4606 V WindowManager: Relayout hash=c7375dc, pid=5369, syncId=-1: mAttrs={(0,0)(fillxfill) sim={adjust=nothing forwardNavigation} layoutInDisplayCutoutMode=shortEdges ty=BASE_APPLICATION fmt=TRANSPARENT wanim=0x10302f4
09-25 13:19:28.421  3108  4606 V WindowManager:   fl=81910100
09-25 13:19:28.421  3108  4606 V WindowManager:   pfl=1e020040
09-25 13:19:28.421  3108  4606 V WindowManager:   vsysui=1700
09-25 13:19:28.421  3108  4606 V WindowManager:   bhv=SHOW_TRANSIENT_BARS_BY_SWIPE
09-25 13:19:28.421  3108  4606 V WindowManager:   fitSides= naviIconColor=0}
09-25 13:19:28.422  1914  1914 I SurfaceFlinger: [3cfa7c7 com.example.dogglers/androidx.test.core.app.InstrumentationActivityInvoker$EmptyActivity#162438] FrameRatePriority: -1
09-25 13:19:28.424  5369  5369 I ViewRootImpl@7533534[LauncherActivity]: Relayout returned: old=(0,0,1440,3088) new=(0,0,1440,3088) req=(1440,3088)8 dur=2 res=0x2 s={false 0x0} ch=true seqId=0
09-25 13:19:28.425  3108  6493 V WindowManager: Relayout Window{294099b u0 com.sec.android.app.launcher/com.sec.android.app.launcher.activities.LauncherActivity}: viewVisibility=8 req=1440x3088 d0
09-25 13:19:28.427  3108  6493 V WindowManager: Relayout hash=294099b, pid=21794, syncId=-1: mAttrs={(0,0)(fillxfill) gr=LEFT CENTER_HORIZONTAL sim={adjust=resize} layoutInDisplayCutoutMode=shortEdges ty=DRAWN_APPLICATION fmt=TRANSPARENT wanim=0x10302f4 alpha=0.0
09-25 13:19:28.427  3108  6493 V WindowManager:   fl=81850118
09-25 13:19:28.427  3108  6493 V WindowManager:   pfl=16020040
09-25 13:19:28.427  3108  6493 V WindowManager:   bhv=DEFAULT
09-25 13:19:28.427  3108  6493 V WindowManager:   fitSides=
09-25 13:19:28.427  3108  6493 V WindowManager:  dimAmount=0.0 naviIconColor=0}
09-25 13:19:28.429  5639  5639 D LifecycleMonitor: Lifecycle status change: androidx.test.core.app.InstrumentationActivityInvoker$EmptyActivity@51d0c9c in: PRE_ON_CREATE
09-25 13:19:28.429 21794 21794 I ViewRootImpl@888ef3d[LauncherActivity]: Relayout returned: old=(0,0,1440,3088) new=(0,0,1440,3088) req=(1440,3088)8 dur=10 res=0x2 s={false 0x0} ch=true seqId=0
09-25 13:19:28.429  5639  5639 V ActivityScenario: Activity lifecycle changed event received but ignored because the intent does not match. startActivityIntent=Intent { act=android.intent.action.MAIN cat=[android.intent.category.LAUNCHER] cmp=com.example.dogglers/.HorizontalListActivity }, activity.getIntent()=Intent { act=android.intent.action.MAIN cat=[android.intent.category.LAUNCHER] flg=0x10000000 cmp=com.example.dogglers/androidx.test.core.app.InstrumentationActivityInvoker$EmptyActivity }, activity=androidx.test.core.app.InstrumentationActivityInvoker$EmptyActivity@51d0c9c
09-25 13:19:28.430 15715 15751 I WindowsLink: (TaskInfoManager) +++++++++++onRecentTaskStackUpdated
09-25 13:19:28.431  1914  1914 D SurfaceFlinger: GPIS:: requestGPIS
09-25 13:19:28.431  1914  3199 I SurfaceFlinger: id=162444 createSurf, flag=24004, Surface(name=6a358c3 InputMethod)/@0x1a6cc79 - animation-leash of insets_animation#162444
09-25 13:19:28.431  3108  4074 D InputDispatcher: Focus request (0): <null> but waiting because NOT_FOCUSABLE
09-25 13:19:28.431  3108  4074 D InputDispatcher: Focus left window (0): 3cfa7c7 com.example.dogglers/androidx.test.core.app.InstrumentationActivityInvoker$EmptyActivity
09-25 13:19:28.433  5369  5369 I ViewRootImpl@7533534[LauncherActivity]: stopped(true) old = false
09-25 13:19:28.433  5369  5369 I ViewRootImpl@7533534[LauncherActivity]: WindowStopped on com.sec.android.app.launcher/com.sec.android.app.launcher.activities.LauncherActivity set to true
09-25 13:19:28.433  5369  5369 I Launcher: !@Boot_DEBUG: Launcher.onStop()
09-25 13:19:28.433  5369  5369 I Launcher: !@Boot_EBS_D: Launcher.onStop()
09-25 13:19:28.433  5369  5369 I BaseActivity: removeActivityFlags, flags : 17
09-25 13:19:28.433  5369  5369 I WallpaperBlurController: dispatchTransactionSurface: mCurrentBlur = 150
09-25 13:19:28.434  5369  5369 W LauncherAppWidgetHost: setShouldListenFlag, mFlags:7 flag:start on:false isFront:false
09-25 13:19:28.434  5369  5741 I IMM_LC  : hsifw() - flag : 0
09-25 13:19:28.434  5369  5741 I IMM_LC  : hsifw() - mService.hideSoftInput
09-25 13:19:28.434  3108  6266 I AppWidgetServiceImpl: stopListening callbacks : null
09-25 13:19:28.434  5639  5639 I DecorView: [INFO] isPopOver=false config=true
09-25 13:19:28.434  5639  5639 I DecorView: updateCaptionType: isFloating=false isApplication=true hasWindowDecorCaption=false this=DecorView@1fca22b[]
09-25 13:19:28.434  5639  5639 D DecorView: setCaptionType = 0, this = DecorView@1fca22b[]
09-25 13:19:28.434  5369  5369 W LauncherAppWidgetHost: stopListening, mFlags:2 isFront:false
09-25 13:19:28.434  5369  5369 W Launcher.NotificationListener: removeNotificationsChangedListener
09-25 13:19:28.434  5369  5369 I Launcher.NotificationListener: unregisterObserver, this is not notificationService!!
09-25 13:19:28.435  5369  5369 I BadgeCountUpdaterImpl: onNotificationsChangedDisConnected
09-25 13:19:28.435  5639  5639 I DecorView: getCurrentDensityDpi: from real metrics. densityDpi=560 msg=resources_loaded
09-25 13:19:28.435  5639  5639 I DecorView: setWindowBackground: isPopOver=false color=ff010101 d=android.graphics.drawable.StateListDrawable@a3c5688
09-25 13:19:28.435  5639  5639 D LifecycleMonitor: Lifecycle status change: androidx.test.core.app.InstrumentationActivityInvoker$EmptyActivity@51d0c9c in: CREATED
09-25 13:19:28.436  5639  5639 V ActivityScenario: Activity lifecycle changed event received but ignored because the intent does not match. startActivityIntent=Intent { act=android.intent.action.MAIN cat=[android.intent.category.LAUNCHER] cmp=com.example.dogglers/.HorizontalListActivity }, activity.getIntent()=Intent { act=android.intent.action.MAIN cat=[android.intent.category.LAUNCHER] flg=0x10000000 cmp=com.example.dogglers/androidx.test.core.app.InstrumentationActivityInvoker$EmptyActivity }, activity=androidx.test.core.app.InstrumentationActivityInvoker$EmptyActivity@51d0c9c
09-25 13:19:28.436  5369  5752 I LiveIconUpdateEventHandler: cancelDateChangeAlarm
09-25 13:19:28.436  5639  5639 D LifecycleMonitor: Lifecycle status change: androidx.test.core.app.InstrumentationActivityInvoker$EmptyActivity@51d0c9c in: STARTED
09-25 13:19:28.436  5639  5639 V ActivityScenario: Activity lifecycle changed event received but ignored because the intent does not match. startActivityIntent=Intent { act=android.intent.action.MAIN cat=[android.intent.category.LAUNCHER] cmp=com.example.dogglers/.HorizontalListActivity }, activity.getIntent()=Intent { act=android.intent.action.MAIN cat=[android.intent.category.LAUNCHER] flg=0x10000000 cmp=com.example.dogglers/androidx.test.core.app.InstrumentationActivityInvoker$EmptyActivity }, activity=androidx.test.core.app.InstrumentationActivityInvoker$EmptyActivity@51d0c9c
09-25 13:19:28.436  3108  3230 I SemPersonaManager: SecureFolder personaId = 150
09-25 13:19:28.436  5369  5369 I MSHandlerLifeCycle: removeMultiSplitHandler: no exist. decor=DecorView@ac62e93[LauncherActivity]
09-25 13:19:28.437  5639  5639 D LifecycleMonitor: Lifecycle status change: androidx.test.core.app.InstrumentationActivityInvoker$EmptyActivity@51d0c9c in: RESUMED
09-25 13:19:28.437  5639  5639 V ActivityScenario: Activity lifecycle changed event received but ignored because the intent does not match. startActivityIntent=Intent { act=android.intent.action.MAIN cat=[android.intent.category.LAUNCHER] cmp=com.example.dogglers/.HorizontalListActivity }, activity.getIntent()=Intent { act=android.intent.action.MAIN cat=[android.intent.category.LAUNCHER] flg=0x10000000 cmp=com.example.dogglers/androidx.test.core.app.InstrumentationActivityInvoker$EmptyActivity }, activity=androidx.test.core.app.InstrumentationActivityInvoker$EmptyActivity@51d0c9c
09-25 13:19:28.437  5639  5639 I MSHandlerLifeCycle: check: return. pkg=com.example.dogglers parent=null callers=com.android.internal.policy.DecorView.setVisibility:4412 android.app.ActivityThread.handleResumeActivity:5476 android.app.servertransaction.ResumeActivityItem.execute:54 android.app.servertransaction.ActivityTransactionItem.execute:45 android.app.servertransaction.TransactionExecutor.executeLifecycleState:176
09-25 13:19:28.437  5639  5639 I MSHandlerLifeCycle: removeMultiSplitHandler: no exist. decor=DecorView@1fca22b[]
09-25 13:19:28.437  5369  5752 I LiveIconUpdateEventHandler: cancelMinuteChangeAlarm
09-25 13:19:28.438  5639  5729 D NativeCustomFrequencyManager: [NativeCFMS] BpCustomFrequencyManager::BpCustomFrequencyManager()
09-25 13:19:28.439  1914  1914 I Layer   : id=162435 removedFromDrawingState Surface(name=6a358c3 InputMethod)/@0x1a6cc79 - animation-leash of insets_animation#162435 (331)
09-25 13:19:28.441  3108  6266 D InputTransport: Input channel constructed: '45c6cf9', fd=1257
09-25 13:19:28.441  3108  6266 D InputTransport: Input channel constructed: '45c6cf9', fd=1259
09-25 13:19:28.441  3108  6266 D InputTransport: Input channel constructed: '45c6cf9', fd=1273
09-25 13:19:28.441  1914  3199 I SurfaceFlinger: id=162445 createSurf, flag=80004, 45c6cf9 com.example.dogglers/androidx.test.core.app.InstrumentationActivityInvoker$EmptyActivity#162445
09-25 13:19:28.441  3108  3230 D EnterpriseDeviceManagerService: isMdmAdminPresentInternal() : MDM Admin Found - com.samsung.knox.securefolder
09-25 13:19:28.442  3108  6266 D InputTransport: Input channel destroyed: '45c6cf9', fd=1273
09-25 13:19:28.443  5639  5639 D InsetsController: onStateChanged: InsetsState: {mDisplayFrame=Rect(0, 0 - 1440, 3088), mDisplayCutout=DisplayCutout{insets=Rect(0, 100 - 0, 0) waterfall=Insets{left=0, top=0, right=0, bottom=0} boundingRect={Bounds=[Rect(0, 0 - 0, 0), Rect(685, 0 - 756, 100), Rect(0, 0 - 0, 0), Rect(0, 0 - 0, 0)]} cutoutPathParserInfo={CutoutPathParserInfo{displayWidth=1440 displayHeight=3088 physicalDisplayWidth=1440 physicalDisplayHeight=3088 density={3.75} cutoutSpec={M 0,0 H -9.466666666666667 V 26.66666666666667‬ H 9.466666666666667 V 0 H 0 Z @dp} rotation={0} scale={1.0} physicalPixelDisplaySizeRatio={1.0}}}}, mRoundedCorners=RoundedCorners{[RoundedCorner{position=TopLeft, radius=14, center=Point(14, 14)}, RoundedCorner{position=TopRight, radius=14, center=Point(1426, 14)}, RoundedCorner{position=BottomRight, radius=14, center=Point(1426, 3074)}, RoundedCorner{position=BottomLeft, radius=14, center=Point(14, 3074)}]}  mRoundedCornerFrame=Rect(0, 0 - 1440, 3088), mPrivacyIndicatorBounds=PrivacyIndicatorBounds {static bounds=Rect(1286, 0 - 1440, 100) rotation=0}, mSources= { InsetsSource: {mType=ITYPE_STATUS_BAR, mFrame=[0,0][1440,100], mVisible=true, mInsetsRoundedCornerFrame=false}, InsetsSource: {mType=ITYPE_NAVIGATION_BAR, mFrame=[0,3088][1440,3088], mVisible=true, mInsetsRoundedCornerFrame=false}, InsetsSource: {mType=ITYPE_LEFT_GESTURES, mFrame=[0,0][0,3088], mVisible=true, mInsetsRoundedCornerFrame=false}, InsetsSource: {mType=ITYPE_RIGHT_GESTURES, mFrame=[1440,0][1440,3088], mVisible=true, mInsetsRoundedCornerFrame=false}, InsetsSource: {mType=ITYPE_TOP_MANDATORY_GESTURES, mFrame=[0,0][1440,142], mVisible=true, mInsetsRoundedCornerFrame=false}, InsetsSource: {mType=ITYPE_BOTTOM_MANDATORY_GESTURES, mFrame=[0,3018][1440,3088], mVisible=true, mInsetsRoundedCornerFrame=false}, InsetsSource: {mType=ITYPE_LEFT_DISPLAY_CUTOUT, mFrame=[0,0][-100000,3088], mVisible=true, mInsetsRoundedCornerFrame=false}, InsetsSource: {mType=ITYPE_TOP_DISPLAY_CUTOUT, mFrame=[0,0][1440,100], mVisible=true, mInsetsRoundedCornerFrame=false}, InsetsSource: {mType=ITYPE_RIGHT_DISPLAY_CUTOUT, mFrame=[100000,0][1440,3088], mVisible=true, mInsetsRoundedCornerFrame=false}, InsetsSource: {mType=ITYPE_BOTTOM_DISPLAY_CUTOUT, mFrame=[0,100000][1440,3088], mVisible=true, mInsetsRoundedCornerFrame=false}, InsetsSource: {mType=ITYPE_TOP_TAPPABLE_ELEMENT, mFrame=[0,0][1440,100], mVisible=true, mInsetsRoundedCornerFrame=false}, InsetsSource: {mType=ITYPE_BOTTOM_TAPPABLE_ELEMENT, mFrame=[0,0][0,0], mVisible=true, mInsetsRoundedCornerFrame=false} } host=com.example.dogglers/androidx.test.core.app.InstrumentationActivityInvoker$EmptyActivity from=android.view.ViewRootImpl.setView:1732
09-25 13:19:28.445  6586 10126 I SAMSUNGWALLET: [Hint_ProcessStatusChange] fg Change, pid : 5369 , isNotify : true , isForeground : false , fg list : []
09-25 13:19:28.445  6586 25742 I SAMSUNGWALLET: [Hint_ProcessStatusChange] fg Change, pid : 5369 , isNotify : true , isForeground : false , fg list : []
09-25 13:19:28.445  6586 10126 I SAMSUNGWALLET: [ProcessStatusChange] fg Change, pid : 5369 , isNotify : true , isForeground : false , fg list : []
09-25 13:19:28.445  6586 17206 I SAMSUNGWALLET: [Hint_ProcessStatusChange] fg Change, pid : 5369 , isNotify : true , isForeground : false , fg list : []
09-25 13:19:28.445  6586 25742 I SAMSUNGWALLET: [ProcessStatusChange] fg Change, pid : 5369 , isNotify : true , isForeground : false , fg list : []
09-25 13:19:28.445  6586 17206 I SAMSUNGWALLET: [ProcessStatusChange] fg Change, pid : 5369 , isNotify : true , isForeground : false , fg list : []
09-25 13:19:28.446  8423  8423 I ActivityUtils: HomePackage : com.sec.android.app.launcher, resumePackageName : com.example.dogglers
09-25 13:19:28.446  3108  6142 I MediaSessionMonitor: Media session stopped : controllerList empty
09-25 13:19:28.446  6586  7522 I SAMSUNGWALLET: [ResetData] getSAResetDialogFlag : false
09-25 13:19:28.447  5639  5639 I ViewRootImpl@4b96446[InstrumentationActivityInvoker$EmptyActivity]: setView = com.android.internal.policy.DecorView@1fca22b TM=true
09-25 13:19:28.447  5639  5639 I MSHandlerLifeCycle: removeMultiSplitHandler: no exist. decor=DecorView@1fca22b[InstrumentationActivityInvoker$EmptyActivity]
09-25 13:19:28.447  1914  1914 I Layer   : id=162375 removedFromDrawingState com.sec.android.app.launcher/com.sec.android.app.launcher.activities.LauncherActivity$_21794#162375 (332)
09-25 13:19:28.447  1914  1914 I Layer   : id=162376 removedFromDrawingState com.sec.android.app.launcher/com.sec.android.app.launcher.activities.LauncherActivity$_5369#162376 (332)
09-25 13:19:28.447  1914  1914 I SurfaceFlinger: id=162376 Removed com.sec.android.app.launcher/com.sec.android.app.launcher.activities.LauncherActivity$_5369#162376 (332)
09-25 13:19:28.447  1914  1914 I SurfaceFlinger: id=162375 Removed com.sec.android.app.launcher/com.sec.android.app.launcher.activities.LauncherActivity$_21794#162375 (332)
09-25 13:19:28.447  1914  1914 I Layer   : id=162376 Destroyed com.sec.android.app.launcher/com.sec.android.app.launcher.activities.LauncherActivity$_5369#162376
09-25 13:19:28.448  1914  1914 I Layer   : id=162375 Destroyed com.sec.android.app.launcher/com.sec.android.app.launcher.activities.LauncherActivity$_21794#162375
09-25 13:19:28.448  5639  5729 D OpenGLRenderer: setSurface called with nullptr
09-25 13:19:28.448  5639  5729 D OpenGLRenderer: setSurface() destroyed EGLSurface
09-25 13:19:28.448  5639  5729 D OpenGLRenderer: destroyEglSurface
09-25 13:19:28.449  5639  5639 I ViewRootImpl@367728b[HorizontalListActivity]: performTraversals mFirst=false windowShouldResize=false viewVisibilityChanged=true mForceNextWindowRelayout=false params=null
09-25 13:19:28.451  3108  4606 V WindowManager: Relayout Window{e919e40 u0 com.example.dogglers/com.example.dogglers.HorizontalListActivity}: viewVisibility=8 req=1440x3088 d0
09-25 13:19:28.451  6586  7522 I SAMSUNGWALLET: [Hint_e] isHomePackageRunning topPkgName = com.example.dogglers, topClsName = androidx.test.core.app.InstrumentationActivityInvoker$EmptyActivity, return false , se : false
09-25 13:19:28.452  6586  6586 I SAMSUNGWALLET: [Hint_PayHintService] Hint Status - already invisible, skip hide : [4000000] - Home Package Not Running
09-25 13:19:28.452  6586  7522 I SAMSUNGWALLET: [ResetData] getSAResetDialogFlag : false
09-25 13:19:28.453  3108  4606 V WindowManager: Relayout hash=e919e40, pid=5639, syncId=-1: mAttrs={(0,0)(fillxfill) sim={adjust=resize forwardNavigation} ty=BASE_APPLICATION wanim=0x1030309
09-25 13:19:28.453  3108  4606 V WindowManager:   fl=81810100
09-25 13:19:28.453  3108  4606 V WindowManager:   pfl=12020040
09-25 13:19:28.453  3108  4606 V WindowManager:   bhv=DEFAULT
09-25 13:19:28.453  3108  4606 V WindowManager:   fitSides= naviIconColor=0}
09-25 13:19:28.454  1914  3199 I SurfaceFlinger: id=162435 Removed Surface(name=6a358c3 InputMethod)/@0x1a6cc79 - animation-leash of insets_animation#162435 (330)
09-25 13:19:28.454  5639  5639 I ViewRootImpl@367728b[HorizontalListActivity]: Relayout returned: old=(0,0,1440,3088) new=(0,0,1440,3088) req=(1440,3088)8 dur=5 res=0x2 s={false 0x0} ch=true seqId=0
09-25 13:19:28.455  6586  6586 I SAMSUNGWALLET-USBP: [AlertController] Boarding pass alert is not enabled
09-25 13:19:28.455  6586  7669 I SAMSUNGWALLET: [ProcessMonitor] App went to background.
09-25 13:19:28.455  6586  6586 I SAMSUNGWALLET-USBP: [AlertController] dismiss alert: NO_ALERT
09-25 13:19:28.456  1914  1914 I Layer   : id=162435 Destroyed Surface(name=6a358c3 InputMethod)/@0x1a6cc79 - animation-leash of insets_animation#162435
09-25 13:19:28.456  5639  5639 I ViewRootImpl@4b96446[InstrumentationActivityInvoker$EmptyActivity]: performTraversals params={(0,0)(fillxfill) sim={adjust=pan forwardNavigation} ty=BASE_APPLICATION wanim=0x1030001
09-25 13:19:28.456  5639  5639 I ViewRootImpl@4b96446[InstrumentationActivityInvoker$EmptyActivity]:   fl=1810100
09-25 13:19:28.456  5639  5639 I ViewRootImpl@4b96446[InstrumentationActivityInvoker$EmptyActivity]:   pfl=12020040
09-25 13:19:28.456  5639  5639 I ViewRootImpl@4b96446[InstrumentationActivityInvoker$EmptyActivity]:   bhv=DEFAULT
09-25 13:19:28.456  5639  5639 I ViewRootImpl@4b96446[InstrumentationActivityInvoker$EmptyActivity]:   fitSides= naviIconColor=0}
09-25 13:19:28.456  5639  5639 I ViewRootImpl@4b96446[InstrumentationActivityInvoker$EmptyActivity]: performTraversals mFirst=true windowShouldResize=true viewVisibilityChanged=false mForceNextWindowRelayout=false params={(0,0)(fillxfill) sim={adjust=pan forwardNavigation} ty=BASE_APPLICATION wanim=0x1030001
09-25 13:19:28.456  5639  5639 I ViewRootImpl@4b96446[InstrumentationActivityInvoker$EmptyActivity]:   fl=1810100
09-25 13:19:28.456  5639  5639 I ViewRootImpl@4b96446[InstrumentationActivityInvoker$EmptyActivity]:   pfl=12020040
09-25 13:19:28.456  5639  5639 I ViewRootImpl@4b96446[InstrumentationActivityInvoker$EmptyActivity]:   bhv=DEFAULT
09-25 13:19:28.456  5639  5639 I ViewRootImpl@4b96446[InstrumentationActivityInvoker$EmptyActivity]:   fitSides= naviIconColor=0}
09-25 13:19:28.456  3108  4606 V WindowManager: Relayout Window{45c6cf9 u0 com.example.dogglers/androidx.test.core.app.InstrumentationActivityInvoker$EmptyActivity}: viewVisibility=0 req=1440x3088 d0
09-25 13:19:28.457  1914  2139 I SurfaceFlinger: id=162446 createSurf, flag=40004, com.example.dogglers/androidx.test.core.app.InstrumentationActivityInvoker$EmptyActivity$_5639#162446
09-25 13:19:28.462  1914  2139 I SurfaceFlinger: id=162447 createSurf, flag=24000, Surface(name=4eb27f5 StatusBar)/@0x43fa543 - animation-leash of insets_animation#162447
09-25 13:19:28.462  6586  7669 I SAMSUNGWALLET: [ProcessMonitor] App went to background.
09-25 13:19:28.464  1914  2139 I SurfaceFlinger: id=162448 createSurf, flag=24000, Surface(name=d110b4c NavigationBar0)/@0x8bdb781 - animation-leash of insets_animation#162448
09-25 13:19:28.465  3108  4606 V WindowManager: Relayout hash=45c6cf9, pid=5639, syncId=-1: mAttrs={(0,0)(fillxfill) sim={adjust=pan forwardNavigation} ty=BASE_APPLICATION wanim=0x1030001
09-25 13:19:28.465  3108  4606 V WindowManager:   fl=1810100
09-25 13:19:28.465  3108  4606 V WindowManager:   pfl=12020040
09-25 13:19:28.465  3108  4606 V WindowManager:   bhv=DEFAULT
09-25 13:19:28.465  3108  4606 V WindowManager:   fitSides= naviIconColor=0}
09-25 13:19:28.466  3108  3338 D AnalyticsContainerHandler: handleMessage : { when=0 what=1 target=com.android.server.knox.KnoxAnalyticsContainer$AnalyticsHandler }
09-25 13:19:28.466  5639  5639 D InsetsController: onStateChanged: InsetsState: {mDisplayFrame=Rect(0, 0 - 1440, 3088), mDisplayCutout=DisplayCutout{insets=Rect(0, 100 - 0, 0) waterfall=Insets{left=0, top=0, right=0, bottom=0} boundingRect={Bounds=[Rect(0, 0 - 0, 0), Rect(685, 0 - 756, 100), Rect(0, 0 - 0, 0), Rect(0, 0 - 0, 0)]} cutoutPathParserInfo={CutoutPathParserInfo{displayWidth=1440 displayHeight=3088 physicalDisplayWidth=1440 physicalDisplayHeight=3088 density={3.75} cutoutSpec={M 0,0 H -9.466666666666667 V 26.66666666666667‬ H 9.466666666666667 V 0 H 0 Z @dp} rotation={0} scale={1.0} physicalPixelDisplaySizeRatio={1.0}}}}, mRoundedCorners=RoundedCorners{[RoundedCorner{position=TopLeft, radius=14, center=Point(14, 14)}, RoundedCorner{position=TopRight, radius=14, center=Point(1426, 14)}, RoundedCorner{position=BottomRight, radius=14, center=Point(1426, 3074)}, RoundedCorner{position=BottomLeft, radius=14, center=Point(14, 3074)}]}  mRoundedCornerFrame=Rect(0, 0 - 1440, 3088), mPrivacyIndicatorBounds=PrivacyIndicatorBounds {static bounds=Rect(1286, 0 - 1440, 100) rotation=0}, mSources= { InsetsSource: {mType=ITYPE_STATUS_BAR, mFrame=[0,0][1440,100], mVisible=true, mInsetsRoundedCornerFrame=false}, InsetsSource: {mType=ITYPE_NAVIGATION_BAR, mFrame=[0,3088][1440,3088], mVisible=true, mInsetsRoundedCornerFrame=false}, InsetsSource: {mType=ITYPE_LEFT_GESTURES, mFrame=[0,0][0,3088], mVisible=true, mInsetsRoundedCornerFrame=false}, InsetsSource: {mType=ITYPE_RIGHT_GESTURES, mFrame=[1440,0][1440,3088], mVisible=true, mInsetsRoundedCornerFrame=false}, InsetsSource: {mType=ITYPE_TOP_MANDATORY_GESTURES, mFrame=[0,0][1440,142], mVisible=true, mInsetsRoundedCornerFrame=false}, InsetsSource: {mType=ITYPE_BOTTOM_MANDATORY_GESTURES, mFrame=[0,3018][1440,3088], mVisible=true, mInsetsRoundedCornerFrame=false}, InsetsSource: {mType=ITYPE_LEFT_DISPLAY_CUTOUT, mFrame=[0,0][-100000,3088], mVisible=true, mInsetsRoundedCornerFrame=false}, InsetsSource: {mType=ITYPE_TOP_DISPLAY_CUTOUT, mFrame=[0,0][1440,100], mVisible=true, mInsetsRoundedCornerFrame=false}, InsetsSource: {mType=ITYPE_RIGHT_DISPLAY_CUTOUT, mFrame=[100000,0][1440,3088], mVisible=true, mInsetsRoundedCornerFrame=false}, InsetsSource: {mType=ITYPE_BOTTOM_DISPLAY_CUTOUT, mFrame=[0,100000][1440,3088], mVisible=true, mInsetsRoundedCornerFrame=false}, InsetsSource: {mType=ITYPE_TOP_TAPPABLE_ELEMENT, mFrame=[0,0][1440,100], mVisible=true, mInsetsRoundedCornerFrame=false}, InsetsSource: {mType=ITYPE_BOTTOM_TAPPABLE_ELEMENT, mFrame=[0,0][0,0], mVisible=true, mInsetsRoundedCornerFrame=false}, InsetsSource: {mType=ITYPE_IME, mFrame=[0,0][0,0], mVisibleFrame=[0,3088][1440,3088], mVisible=false, mInsetsRoundedCornerFrame=false} } host=com.example.dogglers/androidx.test.core.app.InstrumentationActivityInvoker$EmptyActivity from=android.view.ViewRootImpl.relayoutWindow:9802
09-25 13:19:28.466  5639  5639 I ViewRootImpl@4b96446[InstrumentationActivityInvoker$EmptyActivity]: updateBlastSurfaceIfNeeded mBlastBufferQueue=null isSameSurfaceControl=false
09-25 13:19:28.466  5639  5639 I BLASTBufferQueue: new BLASTBufferQueue, mName= ViewRootImpl@4b96446[InstrumentationActivityInvoker$EmptyActivity] mNativeObject= 0xb4000077a1041880 sc.mNativeObject= 0xb4000077a103ee80 caller= android.view.ViewRootImpl.updateBlastSurfaceIfNeeded:2909 android.view.ViewRootImpl.relayoutWindow:9847 android.view.ViewRootImpl.performTraversals:3884 android.view.ViewRootImpl.doTraversal:3116 android.view.ViewRootImpl$TraversalRunnable.run:10885 android.view.Choreographer$CallbackRecord.run:1301 android.view.Choreographer$CallbackRecord.run:1309 android.view.Choreographer.doCallbacks:923 android.view.Choreographer.doFrame:852 android.view.Choreographer$FrameDisplayEventReceiver.run:1283
09-25 13:19:28.466  5639  5639 I BLASTBufferQueue: update, w= 1440 h= 3088 mName = ViewRootImpl@4b96446[InstrumentationActivityInvoker$EmptyActivity] mNativeObject= 0xb4000077a1041880 sc.mNativeObject= 0xb4000077a103ee80 format= -1 caller= android.graphics.BLASTBufferQueue.<init>:84 android.view.ViewRootImpl.updateBlastSurfaceIfNeeded:2909 android.view.ViewRootImpl.relayoutWindow:9847 android.view.ViewRootImpl.performTraversals:3884 android.view.ViewRootImpl.doTraversal:3116 android.view.ViewRootImpl$TraversalRunnable.run:10885
09-25 13:19:28.467  6586  7522 I SAMSUNGWALLET: [Hint_e] isHomePackageRunning topPkgName = com.example.dogglers, topClsName = androidx.test.core.app.InstrumentationActivityInvoker$EmptyActivity, return false , se : false
09-25 13:19:28.467  5639  5639 I ViewRootImpl@4b96446[InstrumentationActivityInvoker$EmptyActivity]: Relayout returned: old=(0,0,1440,3088) new=(0,0,1440,3088) req=(1440,3088)0 dur=10 res=0x3 s={true 0xb400007718a5b800} ch=true seqId=0
09-25 13:19:28.467  5639  5639 I ViewRootImpl@4b96446[InstrumentationActivityInvoker$EmptyActivity]: performConfigurationChange setNightDimText nightDimLevel=0
09-25 13:19:28.467  6586  6586 I SAMSUNGWALLET: [Hint_PayHintService] Hint Status - already invisible, skip hide : [4000000] - Home Package Not Running
09-25 13:19:28.467  6586  7522 I SAMSUNGWALLET: [ResetData] getSAResetDialogFlag : false
09-25 13:19:28.467  5639  5639 I ViewRootImpl@4b96446[InstrumentationActivityInvoker$EmptyActivity]: mThreadedRenderer.initialize() mSurface={isValid=true 0xb400007718a5b800} hwInitialized=true
09-25 13:19:28.467  5639  5729 D OpenGLRenderer: eglCreateWindowSurface
09-25 13:19:28.469  6586  7522 I SAMSUNGWALLET: [Hint_e] isHomePackageRunning topPkgName = com.example.dogglers, topClsName = androidx.test.core.app.InstrumentationActivityInvoker$EmptyActivity, return false , se : false
09-25 13:19:28.469  6586  7669 I SAMSUNGWALLET: [ProcessMonitor] App went to background.
09-25 13:19:28.469  6586  6586 I SAMSUNGWALLET: [Hint_PayHintService] Hint Status - already invisible, skip hide : [4000000] - Home Package Not Running
09-25 13:19:28.470  5639  5639 I ViewRootImpl@4b96446[InstrumentationActivityInvoker$EmptyActivity]: reportNextDraw android.view.ViewRootImpl.performTraversals:4438 android.view.ViewRootImpl.doTraversal:3116 android.view.ViewRootImpl$TraversalRunnable.run:10885 android.view.Choreographer$CallbackRecord.run:1301 android.view.Choreographer$CallbackRecord.run:1309
09-25 13:19:28.470  5639  5639 I ViewRootImpl@4b96446[InstrumentationActivityInvoker$EmptyActivity]: Setup new sync id=0
09-25 13:19:28.470  5639  5639 I ViewRootImpl@4b96446[InstrumentationActivityInvoker$EmptyActivity]: Setting syncFrameCallback
09-25 13:19:28.470  5639  5639 I ViewRootImpl@4b96446[InstrumentationActivityInvoker$EmptyActivity]: registerCallbacksForSync syncBuffer=false
09-25 13:19:28.471  5639  5771 I ViewRootImpl@4b96446[InstrumentationActivityInvoker$EmptyActivity]: Received frameDrawingCallback syncResult=0 frameNum=1.
09-25 13:19:28.471  5639  5771 I ViewRootImpl@4b96446[InstrumentationActivityInvoker$EmptyActivity]: Setting up sync and frameCommitCallback
09-25 13:19:28.472  5639  5729 I BLASTBufferQueue: [ViewRootImpl@4b96446[InstrumentationActivityInvoker$EmptyActivity]#41](f:0,a:0) onFrameAvailable the first frame is available
09-25 13:19:28.472  5639  5729 I ViewRootImpl@4b96446[InstrumentationActivityInvoker$EmptyActivity]: Received frameCommittedCallback lastAttemptedDrawFrameNum=1 didProduceBuffer=true
09-25 13:19:28.472  1914  1914 I Layer   : id=162440 removedFromDrawingState Surface(name=4eb27f5 StatusBar)/@0x43fa543 - animation-leash of insets_animation#162440 (332)
09-25 13:19:28.472  1914  1914 I Layer   : id=162441 removedFromDrawingState Surface(name=d110b4c NavigationBar0)/@0x8bdb781 - animation-leash of insets_animation#162441 (332)
09-25 13:19:28.472  1914  1914 I SurfaceFlinger: [45c6cf9 com.example.dogglers/androidx.test.core.app.InstrumentationActivityInvoker$EmptyActivity#162445] FrameRatePriority: 1
09-25 13:19:28.473  5639  5729 D OpenGLRenderer: CFMS:: SetUp Pid : 5639    Tid : 5729
09-25 13:19:28.473  3108  4074 D InputDispatcher: Focus request (0): 45c6cf9 com.example.dogglers/androidx.test.core.app.InstrumentationActivityInvoker$EmptyActivity but waiting because NO_WINDOW
09-25 13:19:28.475  5639  5639 I ViewRootImpl@4b96446[InstrumentationActivityInvoker$EmptyActivity]: onSyncComplete
09-25 13:19:28.475  5639  5639 I ViewRootImpl@4b96446[InstrumentationActivityInvoker$EmptyActivity]: setupSync seqId=0 mSyncId=0 fn=1 caller=android.view.ViewRootImpl$$ExternalSyntheticLambda11.accept:6 android.window.SurfaceSyncer.lambda$setupSync$1$android-window-SurfaceSyncer:128 android.window.SurfaceSyncer$$ExternalSyntheticLambda1.accept:8 android.window.SurfaceSyncer$SyncSet.checkIfSyncIsComplete:382 android.window.SurfaceSyncer$SyncSet.markSyncReady:359 android.window.SurfaceSyncer.markSyncReady:151 android.view.ViewRootImpl.performTraversals:4503
09-25 13:19:28.475  5639  5639 I ViewRootImpl@4b96446[InstrumentationActivityInvoker$EmptyActivity]: reportDrawFinished seqId=0 mSyncId=-1 fn=1 mSurfaceChangedTransaction=0xb4000077345cf700
09-25 13:19:28.475  5639  5639 I ViewRootImpl@367728b[HorizontalListActivity]: stopped(true) old = false
09-25 13:19:28.476  5639  5639 I ViewRootImpl@367728b[HorizontalListActivity]: WindowStopped on com.example.dogglers/com.example.dogglers.HorizontalListActivity set to true
09-25 13:19:28.476  5639  5639 D LifecycleMonitor: Lifecycle status change: com.example.dogglers.HorizontalListActivity@bc491b4 in: STOPPED
09-25 13:19:28.476  5639  5639 V ActivityScenario: Update currentActivityStage to STOPPED, currentActivity=com.example.dogglers.HorizontalListActivity@bc491b4
09-25 13:19:28.478  3108  3227 I ActivityTaskManager: Displayed com.example.dogglers/androidx.test.core.app.InstrumentationActivityInvoker$EmptyActivity: +82ms
09-25 13:19:28.478  5759  5759 E pageboostd: Received HALT command code 2
09-25 13:19:28.479  5639  5639 I MSHandlerLifeCycle: removeMultiSplitHandler: no exist. decor=DecorView@63c88aa[HorizontalListActivity]
09-25 13:19:28.480  5639  5639 D LifecycleMonitor: Lifecycle status change: com.example.dogglers.HorizontalListActivity@bc491b4 in: DESTROYED
09-25 13:19:28.480  5639  5639 V ActivityScenario: Update currentActivityStage to DESTROYED, currentActivity=null
09-25 13:19:28.480  1809  1855 I HYPER-HAL: [RequestManager.cpp]releaseLocked(): Released ID : 4962867
09-25 13:19:28.480  1914  1914 I Layer   : Layer [com.example.dogglers/androidx.test.core.app.InstrumentationActivityInvoker$EmptyActivity$_5639#162446] hidden!! flag(0)
09-25 13:19:28.480  1914  1914 I Layer   : Layer [com.example.dogglers/androidx.test.core.app.InstrumentationActivityInvoker$EmptyActivity$_5639#162439] hidden!! flag(1)
09-25 13:19:28.480  5639  5639 I MSHandlerLifeCycle: removeMultiSplitHandler: no exist. decor=DecorView@63c88aa[HorizontalListActivity]
09-25 13:19:28.481  3108  6493 D InputDispatcher: Focus entered window (0): 45c6cf9 com.example.dogglers/androidx.test.core.app.InstrumentationActivityInvoker$EmptyActivity
09-25 13:19:28.482  1914  1914 D SurfaceFlinger: Display 4630947093241269891 HWC layers:
09-25 13:19:28.482  1914  1914 D SurfaceFlinger:      DEVICE | 0xb400007af86e5c00 | 0102 | RGBA_8888    |    0.0    0.0 1440.0 3088.0 |    0    0 1440 3088 | com.example.dogglers/androidx.test.c[...]tyInvoker$EmptyActivity$_5639#162446
09-25 13:19:28.482  1914  1914 D SurfaceFlinger:      DEVICE | 0xb400007af6c14880 | 0100 | RGBA_8888    |    0.0    0.0 1440.0  100.0 |    0    0 1440  100 | StatusBar$_4768#95
09-25 13:19:28.482  1914  1914 D SurfaceFlinger:      DEVICE | 0xb400007af8705400 | 0100 | RGBA_8888    |    0.0    0.0   67.0  589.0 |    0  562   67 1151 | com.samsung.android.app.cocktailbars[...]vice.CocktailBarService$_8423#156853
09-25 13:19:28.482  1914  1914 D SurfaceFlinger:      DEVICE | 0xb400007af8705500 | 0100 | RGBA_8888    |    0.0    0.0  518.0   48.0 |  922 3040 1440 3088 | SGestureOverlayWindow$_5369#156268
09-25 13:19:28.482  1914  1914 D SurfaceFlinger:      DEVICE | 0xb400007af6c15880 | 0100 | RGBA_8888    |    0.0    0.0 1440.0  168.0 |    0 2920 1440 3088 | NavigationBar0$_4768#92
09-25 13:19:28.482  1914  1914 D SurfaceFlinger:
09-25 13:19:28.482  5639  5729 D OpenGLRenderer: setSurface called with nullptr
09-25 13:19:28.482  5639  5639 I ViewRootImpl@367728b[HorizontalListActivity]: dispatchDetachedFromWindow
09-25 13:19:28.482  3108  4074 D InputTransport: Input channel destroyed: 'e919e40', fd=1293
09-25 13:19:28.483  3108  4074 W InputManager-JNI: Input channel object 'e919e40 com.example.dogglers/com.example.dogglers.HorizontalListActivity (client)' was disposed without first being removed with the input manager!
09-25 13:19:28.483  3108  4074 D InputTransport: Input channel destroyed: 'e919e40', fd=1322
09-25 13:19:28.484  5639  5639 D InputTransport: Input channel destroyed: 'e919e40', fd=92
09-25 13:19:28.484  1914  3193 I SurfaceFlinger: id=162429 Removed 5f15299 ActivityRecordInputSink com.example.dogglers/.HorizontalListActivity#162429 (332)
09-25 13:19:28.485  5639  5639 I ViewRootImpl@7b23635[InstrumentationActivityInvoker$EmptyActivity]: MSG_WINDOW_FOCUS_CHANGED 0 0
09-25 13:19:28.485  3108  4074 D InputMethodManagerService: isImeSwitcherDisabledPackage : false
09-25 13:19:28.485  1914  3193 I SurfaceFlinger: id=162441 Removed Surface(name=d110b4c NavigationBar0)/@0x8bdb781 - animation-leash of insets_animation#162441 (332)
09-25 13:19:28.485  5639  5639 I ViewRootImpl@7b23635[InstrumentationActivityInvoker$EmptyActivity]: handleAppVisibility mAppVisible = true visible = false
09-25 13:19:28.485  1914  3193 I SurfaceFlinger: id=162440 Removed Surface(name=4eb27f5 StatusBar)/@0x43fa543 - animation-leash of insets_animation#162440 (332)
09-25 13:19:28.486  5639  5639 I ViewRootImpl@7b23635[InstrumentationActivityInvoker$EmptyActivity]: stopped(true) old = false
09-25 13:19:28.486  5639  5639 I ViewRootImpl@7b23635[InstrumentationActivityInvoker$EmptyActivity]: WindowStopped on com.example.dogglers/androidx.test.core.app.InstrumentationActivityInvoker$EmptyActivity set to true
09-25 13:19:28.486  5639  5639 D LifecycleMonitor: Lifecycle status change: androidx.test.core.app.InstrumentationActivityInvoker$EmptyActivity@2588fc3 in: STOPPED
09-25 13:19:28.486  5639  5639 V ActivityScenario: Activity lifecycle changed event received but ignored because the intent does not match. startActivityIntent=Intent { act=android.intent.action.MAIN cat=[android.intent.category.LAUNCHER] cmp=com.example.dogglers/.HorizontalListActivity }, activity.getIntent()=Intent { act=android.intent.action.MAIN cat=[android.intent.category.LAUNCHER] flg=0x10000000 cmp=com.example.dogglers/androidx.test.core.app.InstrumentationActivityInvoker$EmptyActivity }, activity=androidx.test.core.app.InstrumentationActivityInvoker$EmptyActivity@2588fc3
09-25 13:19:28.486   586   586 I InputMethodService: removeImeSurface
09-25 13:19:28.486  5639  5639 I MSHandlerLifeCycle: removeMultiSplitHandler: no exist. decor=DecorView@b6c00be[InstrumentationActivityInvoker$EmptyActivity]
09-25 13:19:28.486  5639  5639 I ViewRootImpl@4b96446[InstrumentationActivityInvoker$EmptyActivity]: MSG_WINDOW_FOCUS_CHANGED 1 0
09-25 13:19:28.486  5639  5639 I ViewRootImpl@4b96446[InstrumentationActivityInvoker$EmptyActivity]: mThreadedRenderer.initializeIfNeeded()#2 mSurface={isValid=true 0xb400007718a5b800}
09-25 13:19:28.486   586   586 I MSHandlerLifeCycle: check: return. pkg=com.google.android.inputmethod.latin isActivity=false callers=com.android.internal.policy.DecorView.setVisibility:4412 android.app.Dialog.hide:767 android.inputmethodservice.InputMethodService.removeImeSurface:1290 android.inputmethodservice.InputMethodService.scheduleImeSurfaceRemoval:1279 android.inputmethodservice.InputMethodService.-$$Nest$mscheduleImeSurfaceRemoval:0
09-25 13:19:28.486   586   586 I MSHandlerLifeCycle: removeMultiSplitHandler: no exist. decor=DecorView@3ddf8c7[InputMethod]
09-25 13:19:28.487  5639  5639 D InputMethodManager: startInputInner - Id : 0
09-25 13:19:28.487  5639  5639 I InputMethodManager: startInputInner - mService.startInputOrWindowGainedFocus
09-25 13:19:28.487  3108  4073 D InputMethodManagerService: DESKTOP MODE! : 2
09-25 13:19:28.487  3108  4073 D InputMethodManagerService: NOT IN KNOX DESKTOP MODE!
09-25 13:19:28.487  3108  4073 V InputMethodManagerService: getDisplayIdOfInputMethodWindowToBeAdded: displayId=0
09-25 13:19:28.487  3108  4073 D InputMethodManagerService: isImeSwitcherDisabledPackage : false
09-25 13:19:28.487  3108  4073 D InputMethodManagerService: checkDisplayOfStartInputAndUpdateKeyboard: displayId=0, mFocusedDisplayId=0
09-25 13:19:28.487  3108  4073 D InputTransport: Input channel constructed: 'ClientS', fd=1239
09-25 13:19:28.487  3108  4073 D InputTransport: Input channel destroyed: 'ClientS', fd=1239
09-25 13:19:28.488   586   586 I GoogleInputMethodService: GoogleInputMethodService.onFinishInput():3267
09-25 13:19:28.488  1914  3193 I SurfaceFlinger: id=162449 createSurf, flag=24004, Surface(name=6a358c3 InputMethod)/@0x1a6cc79 - animation-leash of insets_animation#162449
09-25 13:19:28.488   586   586 I GoogleInputMethodService: GoogleInputMethodService.updateDeviceLockedStatus():2097 repeatCheckTimes = 0, locked = false
09-25 13:19:28.488   586   586 D InputMethodService: checkFocusedDisplay() display Id 0last 0
09-25 13:19:28.489   586   586 I GoogleInputMethodService: GoogleInputMethodService.onStartInput():1889 onStartInput(EditorInfo{EditorInfo{packageName=com.example.dogglers, inputType=0, inputTypeString=NULL, enableLearning=false, autoCorrection=false, autoComplete=false, imeOptions=0, privateImeOptions=null, actionName=UNSPECIFIED, actionLabel=null, initialSelStart=-1, initialSelEnd=-1, initialCapsMode=0, label=null, fieldId=-1, fieldName=null, extras=Bundle[{displayId=0}], hintText=null, hintLocales=[]}}, false)
09-25 13:19:28.489   586   586 I GoogleInputMethodService: GoogleInputMethodService.updateDeviceLockedStatus():2097 repeatCheckTimes = 1, locked = false
09-25 13:19:28.490  1914  1914 I Layer   : id=162431 removedFromDrawingState com.example.dogglers/com.example.dogglers.HorizontalListActivity$_5639#162431 (333)
09-25 13:19:28.490  1914  1914 I Layer   : id=162430 removedFromDrawingState e919e40 com.example.dogglers/com.example.dogglers.HorizontalListActivity#162430 (333)
09-25 13:19:28.490  1914  1914 I SurfaceFlinger: id=162431 Removed com.example.dogglers/com.example.dogglers.HorizontalListActivity$_5639#162431 (333)
09-25 13:19:28.490  1914  1914 I SurfaceFlinger: id=162430 Removed e919e40 com.example.dogglers/com.example.dogglers.HorizontalListActivity#162430 (333)
09-25 13:19:28.490  5639  5729 D OpenGLRenderer: setSurface called with nullptr
09-25 13:19:28.490  5639  5729 D OpenGLRenderer: setSurface() destroyed EGLSurface
09-25 13:19:28.490  5639  5729 D OpenGLRenderer: destroyEglSurface
09-25 13:19:28.490  1914  1914 I Layer   : id=162441 Destroyed Surface(name=d110b4c NavigationBar0)/@0x8bdb781 - animation-leash of insets_animation#162441
09-25 13:19:28.490  1914  1914 I Layer   : id=162440 Destroyed Surface(name=4eb27f5 StatusBar)/@0x43fa543 - animation-leash of insets_animation#162440
09-25 13:19:28.490  1914  1914 I Layer   : id=162430 Destroyed e919e40 com.example.dogglers/com.example.dogglers.HorizontalListActivity#162430
09-25 13:19:28.490  1914  1914 I Layer   : id=162431 Destroyed com.example.dogglers/com.example.dogglers.HorizontalListActivity$_5639#162431
09-25 13:19:28.491  5639  5639 I ViewRootImpl@7b23635[InstrumentationActivityInvoker$EmptyActivity]: performTraversals mFirst=false windowShouldResize=false viewVisibilityChanged=true mForceNextWindowRelayout=false params=null
09-25 13:19:28.492  3108  5411 V WindowManager: Relayout Window{3cfa7c7 u0 com.example.dogglers/androidx.test.core.app.InstrumentationActivityInvoker$EmptyActivity}: viewVisibility=8 req=1440x3088 d0
09-25 13:19:28.493  3108  5411 V WindowManager: Relayout hash=3cfa7c7, pid=5639, syncId=-1: mAttrs={(0,0)(fillxfill) sim={adjust=pan forwardNavigation} ty=BASE_APPLICATION wanim=0x1030001
09-25 13:19:28.493  3108  5411 V WindowManager:   fl=1810100
09-25 13:19:28.493  3108  5411 V WindowManager:   pfl=12020040
09-25 13:19:28.493  3108  5411 V WindowManager:   bhv=DEFAULT
09-25 13:19:28.493  3108  5411 V WindowManager:   fitSides= naviIconColor=0}
09-25 13:19:28.494  5639  5639 I ViewRootImpl@7b23635[InstrumentationActivityInvoker$EmptyActivity]: Relayout returned: old=(0,0,1440,3088) new=(0,0,1440,3088) req=(1440,3088)8 dur=3 res=0x2 s={false 0x0} ch=false seqId=0
09-25 13:19:28.496  3108  6266 D InputDispatcher: Focused application(0): ActivityRecord{d98ff22 u0 com.sec.android.app.launcher/.activities.LauncherActivity} t6591}
09-25 13:19:28.497  1914  1914 I Layer   : id=162425 removedFromDrawingState ActivityRecord{a40f95e u0 com.example.dogglers/.HorizontalListActivity} t7117}#162425 (329)
09-25 13:19:28.497  1914  1914 I Layer   : id=162429 removedFromDrawingState 5f15299 ActivityRecordInputSink com.example.dogglers/.HorizontalListActivity#162429 (329)
09-25 13:19:28.497  1914  1914 I Layer   : id=162444 removedFromDrawingState Surface(name=6a358c3 InputMethod)/@0x1a6cc79 - animation-leash of insets_animation#162444 (329)
09-25 13:19:28.497  1914  1914 I Layer   : id=162439 removedFromDrawingState com.example.dogglers/androidx.test.core.app.InstrumentationActivityInvoker$EmptyActivity$_5639#162439 (329)
09-25 13:19:28.497  1914  1914 I SurfaceFlinger: id=162425 Removed ActivityRecord{a40f95e u0 com.example.dogglers/.HorizontalListActivity} t7117}#162425 (329)
09-25 13:19:28.497  3108  4605 D AS.MultiSoundManager: mForegroundUid = 10141
09-25 13:19:28.497  1914  1914 I SurfaceFlinger: id=162444 Removed Surface(name=6a358c3 InputMethod)/@0x1a6cc79 - animation-leash of insets_animation#162444 (329)
09-25 13:19:28.497  1914  1914 I SurfaceFlinger: id=162439 Removed com.example.dogglers/androidx.test.core.app.InstrumentationActivityInvoker$EmptyActivity$_5639#162439 (329)
09-25 13:19:28.497  1914  1914 I Layer   : id=162439 Destroyed com.example.dogglers/androidx.test.core.app.InstrumentationActivityInvoker$EmptyActivity$_5639#162439
09-25 13:19:28.497  1914  1914 I Layer   : id=162444 Destroyed Surface(name=6a358c3 InputMethod)/@0x1a6cc79 - animation-leash of insets_animation#162444
09-25 13:19:28.497  1914  1914 I Layer   : id=162425 Destroyed ActivityRecord{a40f95e u0 com.example.dogglers/.HorizontalListActivity} t7117}#162425
09-25 13:19:28.497  1914  1914 I Layer   : id=162429 Destroyed 5f15299 ActivityRecordInputSink com.example.dogglers/.HorizontalListActivity#162429
09-25 13:19:28.500  3108  5411 D InputMethodManagerService: isImeSwitcherDisabledPackage : false
09-25 13:19:28.500  5369  5369 I TopTaskTracker: onTaskMovedToFront : taskId = 6591
09-25 13:19:28.500  5639  5639 D LifecycleMonitor: Lifecycle status change: androidx.test.core.app.InstrumentationActivityInvoker$EmptyActivity@2588fc3 in: DESTROYED
09-25 13:19:28.500  5639  5639 V ActivityScenario: Activity lifecycle changed event received but ignored because the intent does not match. startActivityIntent=Intent { act=android.intent.action.MAIN cat=[android.intent.category.LAUNCHER] cmp=com.example.dogglers/.HorizontalListActivity }, activity.getIntent()=Intent { act=android.intent.action.MAIN cat=[android.intent.category.LAUNCHER] flg=0x10000000 cmp=com.example.dogglers/androidx.test.core.app.InstrumentationActivityInvoker$EmptyActivity }, activity=androidx.test.core.app.InstrumentationActivityInvoker$EmptyActivity@2588fc3
09-25 13:19:28.501  3108  3230 D PersonaActivityHelper: Activity not in resumed state, do not run immediate lock
09-25 13:19:28.501  8130  9478 I [AirCmd]_ActivitySwitchDetector: onTaskFocusChanged : taskId 6591
09-25 13:19:28.501   586   586 I InputMethodService: removeImeSurface
09-25 13:19:28.501  5639  5639 I MSHandlerLifeCycle: removeMultiSplitHandler: no exist. decor=DecorView@b6c00be[InstrumentationActivityInvoker$EmptyActivity]
09-25 13:19:28.501   586   586 I MSHandlerLifeCycle: check: return. pkg=com.google.android.inputmethod.latin isActivity=false callers=com.android.internal.policy.DecorView.setVisibility:4412 android.app.Dialog.hide:767 android.inputmethodservice.InputMethodService.removeImeSurface:1290 android.inputmethodservice.InputMethodService.scheduleImeSurfaceRemoval:1279 android.inputmethodservice.InputMethodService.-$$Nest$mscheduleImeSurfaceRemoval:0
09-25 13:19:28.501   586   586 I MSHandlerLifeCycle: removeMultiSplitHandler: no exist. decor=DecorView@3ddf8c7[InputMethod]
09-25 13:19:28.501 21794 21794 I dnan    : onPause
09-25 13:19:28.501  5639  5729 D OpenGLRenderer: setSurface called with nullptr
09-25 13:19:28.501  5639  5639 I ViewRootImpl@7b23635[InstrumentationActivityInvoker$EmptyActivity]: dispatchDetachedFromWindow
09-25 13:19:28.501  3108  4073 D InputTransport: Input channel destroyed: '3cfa7c7', fd=1144
09-25 13:19:28.501  3108  4073 W InputManager-JNI: Input channel object '3cfa7c7 com.example.dogglers/androidx.test.core.app.InstrumentationActivityInvoker$EmptyActivity (client)' was disposed without first being removed with the input manager!
09-25 13:19:28.501  3108  4073 D InputTransport: Input channel destroyed: '3cfa7c7', fd=1162
09-25 13:19:28.502  8130  9478 I [AirCmd]_ActivitySwitchDetector: onTaskFocusChanged : componentName - ComponentInfo{com.sec.android.app.launcher/com.android.launcher3.uioverrides.QuickstepLauncher}
09-25 13:19:28.502  8130  9478 I [AirCmd]_ActivitySwitchDetector: onTaskFocusChanged : mTopMostActivity - ComponentInfo{com.example.dogglers/com.example.dogglers.HorizontalListActivity}
09-25 13:19:28.502  5639  5639 D InputTransport: Input channel destroyed: '3cfa7c7', fd=122
09-25 13:19:28.503  6586 10126 I SAMSUNGWALLET: [Hint_ProcessStatusChange] fg Change, pid : 5369 , isNotify : false , isForeground : true , fg list : []
09-25 13:19:28.503  6586 10126 I SAMSUNGWALLET: [ProcessStatusChange] fg Change, pid : 5369 , isNotify : false , isForeground : true , fg list : []
09-25 13:19:28.503  5639  5639 D LifecycleMonitor: Lifecycle status change: androidx.test.core.app.InstrumentationActivityInvoker$EmptyActivity@51d0c9c in: PAUSED
09-25 13:19:28.503  1914  3199 I SurfaceFlinger: id=162437 Removed c7f4134 ActivityRecordInputSink com.example.dogglers/androidx.test.core.app.InstrumentationActivityInvoker$EmptyActivity#162437 (325)
09-25 13:19:28.503  5639  5639 V ActivityScenario: Activity lifecycle changed event received but ignored because the intent does not match. startActivityIntent=Intent { act=android.intent.action.MAIN cat=[android.intent.category.LAUNCHER] cmp=com.example.dogglers/.HorizontalListActivity }, activity.getIntent()=Intent { act=android.intent.action.MAIN cat=[android.intent.category.LAUNCHER] flg=0x10000000 cmp=com.example.dogglers/androidx.test.core.app.InstrumentationActivityInvoker$EmptyActivity }, activity=androidx.test.core.app.InstrumentationActivityInvoker$EmptyActivity@51d0c9c
09-25 13:19:28.503 21756 21756 I gmxl    : (REDACTED) received broadcast: %s
09-25 13:19:28.503 21756 22180 I gmxo    : (REDACTED) received broadcast: %s
09-25 13:19:28.503 21756 22180 I gmsg    : (REDACTED) #onConfigUpdate. requester: %s
09-25 13:19:28.504 21756 22180 I gmsg    : #onConfigUpdate inside sequencer
09-25 13:19:28.504 21756 22180 I gmpa    : (REDACTED) Voice Match (Speaker-id) supported : %b
09-25 13:19:28.504 21756 22180 I gmpa    : (REDACTED) hotword enrollment state is enrolled:  %b, speakerId model exist: %b. Voice Match supported : %b
09-25 13:19:28.504 21756 22180 I gmpa    : (REDACTED) isHotwordAvailable():  %b, isHotwordEnabled() %b
09-25 13:19:28.504 21756 22180 I gmpa    : (REDACTED) isHotwordAvailable():  %b, isHotwordEnabled() %b
09-25 13:19:28.504 21756 22180 I gmpa    : (REDACTED) Hotword enrollment state : %s.
09-25 13:19:28.504 21756 22180 I gmpa    : (REDACTED) Voice Match (Speaker-id) supported : %b
09-25 13:19:28.504 21756 22180 I gmpa    : (REDACTED) Voice Match (Speaker-id) supported : %b
09-25 13:19:28.504 21756 22180 I gmpa    : (REDACTED) hotword enrollment state is enrolled:  %b, speakerId model exist: %b, voice match supported : %b
