09-25 13:19:31.484  1914  1914 D SurfaceFlinger:      DEVICE | 0xb400007af6c11480 | 0102 | RGBA_8888    |    0.0    0.0 1440.0 3088.0 |   83  178 1357 2910 | com.example.dogglers/com.example.dogglers.VerticalListActivity$_5639#162585
09-25 13:19:31.484  1914  1914 D SurfaceFlinger:      DEVICE | 0xb400007af6c13c80 | 0100 | RGBA_8888    |    0.0    0.0 1440.0 3088.0 |   83  178 1357 2910 | Splash Screen com.example.dogglers$_4768#162578
09-25 13:19:31.484  1914  1914 D SurfaceFlinger:      DEVICE | 0xb400007af6c14880 | 0100 | RGBA_8888    |    0.0    0.0 1440.0  100.0 |    0    0 1440  100 | StatusBar$_4768#95
09-25 13:19:31.484  1914  1914 D SurfaceFlinger:      DEVICE | 0xb400007af8705400 | 0100 | RGBA_8888    |    0.0    0.0   67.0  589.0 |    0  562   67 1151 | com.samsung.android.app.cocktailbars[...]vice.CocktailBarService$_8423#156853
09-25 13:19:31.484  1914  1914 D SurfaceFlinger:
09-25 13:19:31.484  1914  1914 D SurfaceFlinger: DEVICE | 0xb400007af8705500 | 0100 | RGBA_8888    |    0.0    0.0  518.0   48.0 |  922 3040 1440 3088 | SGestureOverlayWindow$_5369#156268
09-25 13:19:31.484  1914  1914 D SurfaceFlinger:      DEVICE | 0xb400007af6c15880 | 0100 | RGBA_8888    |    0.0    0.0 1440.0  168.0 |    0 2920 1440 3088 | NavigationBar0$_4768#92
09-25 13:19:31.484  1914  1914 D SurfaceFlinger:
09-25 13:19:31.484  5639  5639 D InputMethodManager: startInputInner - Id : 0
09-25 13:19:31.484  5639  5639 I InputMethodManager: startInputInner - mService.startInputOrWindowGainedFocus
09-25 13:19:31.484  1809  1855 I HYPER-HAL: [RequestManager.cpp]acquire(): Acquired ID : 4896906  [3108 / 21]    HINT : AMS_ACT_LAZY    list :
09-25 13:19:31.485  3108  4074 D InputMethodManagerService: DESKTOP MODE! : 2
09-25 13:19:31.485  3108  4074 D InputMethodManagerService: NOT IN KNOX DESKTOP MODE!
09-25 13:19:31.485  3108  4074 V InputMethodManagerService: getDisplayIdOfInputMethodWindowToBeAdded: displayId=0
09-25 13:19:31.485  3108  4074 D InputMethodManagerService: isImeSwitcherDisabledPackage : false
09-25 13:19:31.485   586   586 I MSHandlerLifeCycle: check: return. pkg=com.google.android.inputmethod.latin isActivity=false callers=com.android.internal.policy.DecorView.setVisibility:4412 android.inputmethodservice.InkWindow.hide:100 android.inputmethodservice.InputMethodService$InputMethodImpl.unbindInput:875 android.inputmethodservice.IInputMethodWrapper.executeMessage:198 com.android.internal.os.HandlerCaller$MyHandler.handleMessage:44
09-25 13:19:31.486   586   586 I MSHandlerLifeCycle: removeMultiSplitHandler: no exist. decor=DecorView@722edec[]
09-25 13:19:31.486  3108  4074 D InputMethodManagerService: checkDisplayOfStartInputAndUpdateKeyboard: displayId=0, mFocusedDisplayId=0
09-25 13:19:31.486  3108  4074 D InputTransport: Input channel constructed: 'ClientS', fd=1332
09-25 13:19:31.486  3108  4074 D InputTransport: Input channel destroyed: 'ClientS', fd=1332
09-25 13:19:31.487  1809  1855 I HYPER-HAL: [RequestManager.cpp]releaseLocked(): Released ID : 4903169
09-25 13:19:31.487  1914  4196 I SurfaceFlinger: id=162589 createSurf, flag=24004, Surface(name=6a358c3 InputMethod)/@0x1a6cc79 - animation-leash of insets_animation#162589
09-25 13:19:31.487   586   586 I GoogleInputMethodService: GoogleInputMethodService.onFinishInput():3267
09-25 13:19:31.488   586   586 I GoogleInputMethodService: GoogleInputMethodService.updateDeviceLockedStatus():2097 repeatCheckTimes = 0, locked = false
09-25 13:19:31.489   586   586 D InputMethodService: checkFocusedDisplay() display Id 0last 0
09-25 13:19:31.489   586   586 I GoogleInputMethodService: GoogleInputMethodService.onStartInput():1889 onStartInput(EditorInfo{EditorInfo{packageName=com.example.dogglers, inputType=0, inputTypeString=NULL, enableLearning=false, autoCorrection=false, autoComplete=false, imeOptions=0, privateImeOptions=null, actionName=UNSPECIFIED, actionLabel=null, initialSelStart=-1, initialSelEnd=-1, initialCapsMode=0, label=null, fieldId=-1, fieldName=null, extras=Bundle[{displayId=0}], hintText=null, hintLocales=[]}}, false)
09-25 13:19:31.489   586   586 I GoogleInputMethodService: GoogleInputMethodService.updateDeviceLockedStatus():2097 repeatCheckTimes = 1, locked = false
09-25 13:19:31.490  5639  5639 I ViewInteraction: Performing 'scroll RecyclerView to position: 5' action on view view.getId() is <2131231206/com.example.dogglers:id/vertical_recycler_view>
09-25 13:19:31.491  4768  4861 I ViewRootImpl@e174c68[dogglers]: mWNT: t=0xb400007732113d00 mBlastBufferQueue=0xb400007705019c80 fn= 2 caller= android.view.SyncRtSurfaceTransactionApplier.applyTransaction:96 android.view.SyncRtSurfaceTransactionApplier.lambda$scheduleApply$0$android-view-SyncRtSurfaceTransactionApplier:69 android.view.SyncRtSurfaceTransactionApplier$$ExternalSyntheticLambda0.onFrameDraw:4
09-25 13:19:31.491  4768  4861 I ViewRootImpl@e174c68[dogglers]: mWNT: t=0xb400007732113f00 mBlastBufferQueue=0xb400007705019c80 fn= 2 caller= android.view.SyncRtSurfaceTransactionApplier.applyTransaction:96 android.view.SyncRtSurfaceTransactionApplier.lambda$scheduleApply$0$android-view-SyncRtSurfaceTransactionApplier:69 android.view.SyncRtSurfaceTransactionApplier$$ExternalSyntheticLambda0.onFrameDraw:4
09-25 13:19:31.497  1914  1914 I Layer   : id=162573 removedFromDrawingState Surface(name=6a358c3 InputMethod)/@0x1a6cc79 - animation-leash of insets_animation#162573 (339)
09-25 13:19:31.497  1914  1914 I SurfaceFlinger: id=162573 Removed Surface(name=6a358c3 InputMethod)/@0x1a6cc79 - animation-leash of insets_animation#162573 (339)
09-25 13:19:31.498  1914  1914 I Layer   : id=162573 Destroyed Surface(name=6a358c3 InputMethod)/@0x1a6cc79 - animation-leash of insets_animation#162573
09-25 13:19:31.498  4768  4860 I ViewRootImpl@e174c68[dogglers]: mWNT: t=0xb40000773212b900 mBlastBufferQueue=0xb400007705019c80 fn= 3 caller= android.view.SyncRtSurfaceTransactionApplier.applyTransaction:96 android.view.SyncRtSurfaceTransactionApplier.lambda$scheduleApply$0$android-view-SyncRtSurfaceTransactionApplier:69 android.view.SyncRtSurfaceTransactionApplier$$ExternalSyntheticLambda0.onFrameDraw:4
09-25 13:19:31.506  4768  4861 I ViewRootImpl@e174c68[dogglers]: mWNT: t=0xb40000773212b000 mBlastBufferQueue=0xb400007705019c80 fn= 4 caller= android.view.SyncRtSurfaceTransactionApplier.applyTransaction:96 android.view.SyncRtSurfaceTransactionApplier.lambda$scheduleApply$0$android-view-SyncRtSurfaceTransactionApplier:69 android.view.SyncRtSurfaceTransactionApplier$$ExternalSyntheticLambda0.onFrameDraw:4
09-25 13:19:31.515  4768  4860 I ViewRootImpl@e174c68[dogglers]: mWNT: t=0xb400007732075c00 mBlastBufferQueue=0xb400007705019c80 fn= 5 caller= android.view.SyncRtSurfaceTransactionApplier.applyTransaction:96 android.view.SyncRtSurfaceTransactionApplier.lambda$scheduleApply$0$android-view-SyncRtSurfaceTransactionApplier:69 android.view.SyncRtSurfaceTransactionApplier$$ExternalSyntheticLambda0.onFrameDraw:4
09-25 13:19:31.518  3108  4074 D InputMethodManagerService: isImeSwitcherDisabledPackage : false
09-25 13:19:31.518   586   586 I InputMethodService: removeImeSurface
09-25 13:19:31.518   586   586 I MSHandlerLifeCycle: check: return. pkg=com.google.android.inputmethod.latin isActivity=false callers=com.android.internal.policy.DecorView.setVisibility:4412 android.app.Dialog.hide:767 android.inputmethodservice.InputMethodService.removeImeSurface:1290 android.inputmethodservice.InputMethodService.scheduleImeSurfaceRemoval:1279 android.inputmethodservice.InputMethodService.-$$Nest$mscheduleImeSurfaceRemoval:0
09-25 13:19:31.519   586   586 I MSHandlerLifeCycle: removeMultiSplitHandler: no exist. decor=DecorView@3ddf8c7[InputMethod]
09-25 13:19:31.519  5639  5639 I ViewInteraction: Checking 'MatchesViewAssertion{viewMatcher=(view has effective visibility <VISIBLE> and view.getGlobalVisibleRect() to return non-empty rectangle)}' assertion on view an instance of android.widget.TextView and view.getText() with or without transformation to match: is "Bella"
09-25 13:19:31.521  3108  3230 I ChimeraSystemEventListener: appLaunchIntent package name is: com.example.dogglers
09-25 13:19:31.522  3108  9815 I SemDvfsHyPerManager: acquire hyper - AMS_ACT_START/3108@18, type = -999
09-25 13:19:31.522  1809  1855 I HYPER-HAL: [RequestManager.cpp]acquire(): Acquired ID : 4887519  [3108 / 18]    HINT : AMS_ACT_START    list :
09-25 13:19:31.523  4768  4861 I ViewRootImpl@e174c68[dogglers]: mWNT: t=0xb4000077a0f90600 mBlastBufferQueue=0xb400007705019c80 fn= 6 caller= android.view.SyncRtSurfaceTransactionApplier.applyTransaction:96 android.view.SyncRtSurfaceTransactionApplier.lambda$scheduleApply$0$android-view-SyncRtSurfaceTransactionApplier:69 android.view.SyncRtSurfaceTransactionApplier$$ExternalSyntheticLambda0.onFrameDraw:4
09-25 13:19:31.523  1914  3193 I SurfaceFlinger: id=162590 createSurf, flag=80004, ActivityRecord{d5f6da2 u0 com.example.dogglers/androidx.test.core.app.InstrumentationActivityInvoker$EmptyActivity} t7121}#162590
09-25 13:19:31.526  5369  8863 I RecentModel: onTaskStackChangedBackground
09-25 13:19:31.526  8328  8651 I SemDvfsHyPerManager: acquire hyper - TABaseBoost/8328@24, type = 1090523139
09-25 13:19:31.527  1809  1855 I HYPER-HAL: [RequestManager.cpp]acquire(): Acquired ID : 34882152  [8328 / 24]    HINT :      list : [TABoost / 1]
09-25 13:19:31.528  1914  3193 I SurfaceFlinger: id=162591 createSurf, flag=80000, 2d39d6d ActivityRecordInputSink com.example.dogglers/androidx.test.core.app.InstrumentationActivityInvoker$EmptyActivity#162591
09-25 13:19:31.531  5759  5759 E pageboostd: Received HALT command code 2
09-25 13:19:31.532  5639  5639 D LifecycleMonitor: Lifecycle status change: com.example.dogglers.VerticalListActivity@963682 in: PAUSED
09-25 13:19:31.532  5639  5639 V ActivityScenario: Update currentActivityStage to PAUSED, currentActivity=com.example.dogglers.VerticalListActivity@963682
09-25 13:19:31.532  4768  4860 I ViewRootImpl@e174c68[dogglers]: mWNT: t=0xb4000077a10d7100 mBlastBufferQueue=0xb400007705019c80 fn= 7 caller= android.view.SyncRtSurfaceTransactionApplier.applyTransaction:96 android.view.SyncRtSurfaceTransactionApplier.lambda$scheduleApply$0$android-view-SyncRtSurfaceTransactionApplier:69 android.view.SyncRtSurfaceTransactionApplier$$ExternalSyntheticLambda0.onFrameDraw:4
09-25 13:19:31.533  8130  9478 I [AirCmd]_ActivitySwitchDetector: onTaskStackChanged : componentName - ComponentInfo{com.example.dogglers/com.example.dogglers.VerticalListActivity}
09-25 13:19:31.533  8130  9478 I [AirCmd]_ActivitySwitchDetector: onTaskStackChanged : mTopMostActivity - ComponentInfo{com.example.dogglers/androidx.test.core.app.InstrumentationActivityInvoker$BootstrapActivity}
09-25 13:19:31.534  8130  9478 I [AirCmd]_CallbackRepeater: stopRepeat : isWorking=false
09-25 13:19:31.534  8130  9478 I [AirCmd]_MediaControlStateMonitor: isForegroundAppSupportsMediaButton : mediaSession is empty
09-25 13:19:31.534  8130  9478 I [AirCmd]_MediaControlStateMonitor: active Notification List is null
09-25 13:19:31.534  3108  3145 D InputDispatcher: Focused application(0): ActivityRecord{d5f6da2 u0 com.example.dogglers/androidx.test.core.app.InstrumentationActivityInvoker$EmptyActivity} t7121}
09-25 13:19:31.534  8130  9478 I [AirCmd]_RemoteSpenMainController: hasGeneralAction : packageName is com.example.dogglers, activityName is com.example.dogglers.VerticalListActivity, hasActions is false
09-25 13:19:31.534  8130  9478 I [AirCmd]_CameraAvailabilityMonitor: isCameraPreviewOn : mIsCameraPreviewOn is false
09-25 13:19:31.535  3108 29076 D RemoteAppTaskWatcher:  ****** RemoteAppTaskWatcher: Message Received 5 Task ID = 0
09-25 13:19:31.537  5369  5741 I RecentTasksList: loadTasksInBackground : groupTask = GroupTask{task1=[id=6869 windowingMode=1 user=0 lastActiveTime=1366856278] null, task2=null, task3=null, mStagedSplitBounds=null}
09-25 13:19:31.537  5369  5741 I RecentTasksList: loadTasksInBackground : groupTask = GroupTask{task1=[id=6898 windowingMode=1 user=0 lastActiveTime=1367009547] null, task2=null, task3=null, mStagedSplitBounds=null}
09-25 13:19:31.537  5369  5741 I RecentTasksList: loadTasksInBackground : groupTask = GroupTask{task1=[id=7121 windowingMode=1 user=0 lastActiveTime=1370097690] null, task2=null, task3=null, mStagedSplitBounds=null}
09-25 13:19:31.537  8130  9478 I [AirCmd]_CameraAvailabilityMonitor: isCameraPreviewOn : mIsCameraPreviewOn is false
09-25 13:19:31.537  5639  5639 D LifecycleMonitor: Lifecycle status change: androidx.test.core.app.InstrumentationActivityInvoker$EmptyActivity@3cda93c in: PRE_ON_CREATE
09-25 13:19:31.537  8130  9478 I [AirCmd]_MediaControlStateMonitor: isForegroundAppSupportsMediaButton : mediaSession is empty
09-25 13:19:31.537  5639  5639 V ActivityScenario: Activity lifecycle changed event received but ignored because the intent does not match. startActivityIntent=Intent { act=android.intent.action.MAIN cat=[android.intent.category.LAUNCHER] cmp=com.example.dogglers/.VerticalListActivity }, activity.getIntent()=Intent { act=android.intent.action.MAIN cat=[android.intent.category.LAUNCHER] flg=0x10000000 cmp=com.example.dogglers/androidx.test.core.app.InstrumentationActivityInvoker$EmptyActivity }, activity=androidx.test.core.app.InstrumentationActivityInvoker$EmptyActivity@3cda93c
09-25 13:19:31.538  8130  9478 I [AirCmd]_MediaControlStateMonitor: active Notification List is null
09-25 13:19:31.538  8130  9478 I [AirCmd]_PenActionRule: getAction : get default action data from remote action because pen action data is null.
09-25 13:19:31.538  8130  9478 I [AirCmd]_ButtonActionDetector: enableDoubleClickDetection: enabled=true, doubleClickWaitInterval=300
09-25 13:19:31.538  8130  9478 I [AirCmd]_RemoteSpenMainController: onSwitch : package is com.example.dogglers   and activity is com.example.dogglers.VerticalListActivity and isBleConnected is false and hasActions is false
09-25 13:19:31.539  1914  1914 I SurfaceFlinger: [752e3c1 com.example.dogglers/com.example.dogglers.VerticalListActivity#162584] FrameRatePriority: -1
09-25 13:19:31.539 15715 18710 I WindowsLink: (TaskInfoManager) +++++++++++onRecentTaskStackUpdated
09-25 13:19:31.539  4768  4851 D OpenGLRenderer: setSurface called with nullptr
09-25 13:19:31.540  4768  4851 D OpenGLRenderer: setSurface() destroyed EGLSurface
09-25 13:19:31.540  4768  4851 D OpenGLRenderer: destroyEglSurface
09-25 13:19:31.541  2229  4076 I CameraService: onUidStateChanged: uid=10042, procState is changed. (1 -> 0)
09-25 13:19:31.542  4768  4843 I ViewRootImpl@e174c68[dogglers]: performTraversals params={(0,0)(fillxfill) sim={adjust=pan} ty=APPLICATION_STARTING fmt=TRANSLUCENT wanim=0x1030001 alpha=0.0
09-25 13:19:31.542  4768  4843 I ViewRootImpl@e174c68[dogglers]:   fl=81030118
09-25 13:19:31.542  4768  4843 I ViewRootImpl@e174c68[dogglers]:   pfl=16000010
09-25 13:19:31.542  4768  4843 I ViewRootImpl@e174c68[dogglers]:   bhv=DEFAULT
09-25 13:19:31.542  4768  4843 I ViewRootImpl@e174c68[dogglers]:   fitSides= naviIconColor=0}
09-25 13:19:31.542  4768  4843 I ViewRootImpl@e174c68[dogglers]: performTraversals mFirst=false windowShouldResize=false viewVisibilityChanged=true mForceNextWindowRelayout=false params={(0,0)(fillxfill) sim={adjust=pan} ty=APPLICATION_STARTING fmt=TRANSLUCENT wanim=0x1030001 alpha=0.0
09-25 13:19:31.542  4768  4843 I ViewRootImpl@e174c68[dogglers]:   fl=81030118
09-25 13:19:31.542  4768  4843 I ViewRootImpl@e174c68[dogglers]:   pfl=16000010
09-25 13:19:31.542  4768  4843 I ViewRootImpl@e174c68[dogglers]:   bhv=DEFAULT
09-25 13:19:31.542  4768  4843 I ViewRootImpl@e174c68[dogglers]:   fitSides= naviIconColor=0}
09-25 13:19:31.542  3108  3146 V WindowManager: Relayout Window{ef6c0c4 u0 Splash Screen com.example.dogglers}: viewVisibility=8 req=1440x3088 d0
09-25 13:19:31.543  5639  5639 I DecorView: [INFO] isPopOver=false config=true
09-25 13:19:31.543  5639  5639 I DecorView: updateCaptionType: isFloating=false isApplication=true hasWindowDecorCaption=false this=DecorView@200df4b[]
09-25 13:19:31.543  5639  5639 D DecorView: setCaptionType = 0, this = DecorView@200df4b[]
09-25 13:19:31.544  3108  3230 I SemPersonaManager: SecureFolder personaId = 150
09-25 13:19:31.544  3108  3146 V WindowManager: Relayout hash=ef6c0c4, pid=4768, syncId=-1: mAttrs={(0,0)(fillxfill) sim={adjust=pan} ty=APPLICATION_STARTING fmt=TRANSLUCENT wanim=0x1030001 alpha=0.0
09-25 13:19:31.544  3108  3146 V WindowManager:   fl=81030118
09-25 13:19:31.544  3108  3146 V WindowManager:   pfl=16000010
09-25 13:19:31.544  3108  3146 V WindowManager:   bhv=DEFAULT
09-25 13:19:31.544  3108  3146 V WindowManager:   fitSides= naviIconColor=0}
09-25 13:19:31.544  5639  5639 I DecorView: getCurrentDensityDpi: from real metrics. densityDpi=560 msg=resources_loaded
09-25 13:19:31.544  5639  5639 I DecorView: setWindowBackground: isPopOver=false color=ff010101 d=android.graphics.drawable.StateListDrawable@d6a1d28
09-25 13:19:31.544  5639  5639 D LifecycleMonitor: Lifecycle status change: androidx.test.core.app.InstrumentationActivityInvoker$EmptyActivity@3cda93c in: CREATED
09-25 13:19:31.544  5639  5639 V ActivityScenario: Activity lifecycle changed event received but ignored because the intent does not match. startActivityIntent=Intent { act=android.intent.action.MAIN cat=[android.intent.category.LAUNCHER] cmp=com.example.dogglers/.VerticalListActivity }, activity.getIntent()=Intent { act=android.intent.action.MAIN cat=[android.intent.category.LAUNCHER] flg=0x10000000 cmp=com.example.dogglers/androidx.test.core.app.InstrumentationActivityInvoker$EmptyActivity }, activity=androidx.test.core.app.InstrumentationActivityInvoker$EmptyActivity@3cda93c
09-25 13:19:31.544  4768  4843 I ViewRootImpl@e174c68[dogglers]: Relayout returned: old=(0,0,1440,3088) new=(0,0,1440,3088) req=(1440,3088)8 dur=2 res=0x2 s={false 0x0} ch=true seqId=0
09-25 13:19:31.545  5639  5639 D LifecycleMonitor: Lifecycle status change: androidx.test.core.app.InstrumentationActivityInvoker$EmptyActivity@3cda93c in: STARTED
09-25 13:19:31.545  5639  5639 V ActivityScenario: Activity lifecycle changed event received but ignored because the intent does not match. startActivityIntent=Intent { act=android.intent.action.MAIN cat=[android.intent.category.LAUNCHER] cmp=com.example.dogglers/.VerticalListActivity }, activity.getIntent()=Intent { act=android.intent.action.MAIN cat=[android.intent.category.LAUNCHER] flg=0x10000000 cmp=com.example.dogglers/androidx.test.core.app.InstrumentationActivityInvoker$EmptyActivity }, activity=androidx.test.core.app.InstrumentationActivityInvoker$EmptyActivity@3cda93c
09-25 13:19:31.545  4768  4843 I ViewRootImpl@e174c68[dogglers]: dispatchDetachedFromWindow
09-25 13:19:31.545  5639  5639 D LifecycleMonitor: Lifecycle status change: androidx.test.core.app.InstrumentationActivityInvoker$EmptyActivity@3cda93c in: RESUMED
09-25 13:19:31.545  5639  5639 V ActivityScenario: Activity lifecycle changed event received but ignored because the intent does not match. startActivityIntent=Intent { act=android.intent.action.MAIN cat=[android.intent.category.LAUNCHER] cmp=com.example.dogglers/.VerticalListActivity }, activity.getIntent()=Intent { act=android.intent.action.MAIN cat=[android.intent.category.LAUNCHER] flg=0x10000000 cmp=com.example.dogglers/androidx.test.core.app.InstrumentationActivityInvoker$EmptyActivity }, activity=androidx.test.core.app.InstrumentationActivityInvoker$EmptyActivity@3cda93c
09-25 13:19:31.545  3108  3146 D InputTransport: Input channel destroyed: 'ef6c0c4', fd=1239
09-25 13:19:31.545  3108  3146 W InputManager-JNI: Input channel object 'ef6c0c4 Splash Screen com.example.dogglers (client)' was disposed without first being removed with the input manager!
09-25 13:19:31.545  3108  3146 D InputTransport: Input channel destroyed: 'ef6c0c4', fd=1249
09-25 13:19:31.545  5639  5639 I MSHandlerLifeCycle: check: return. pkg=com.example.dogglers parent=null callers=com.android.internal.policy.DecorView.setVisibility:4412 android.app.ActivityThread.handleResumeActivity:5476 android.app.servertransaction.ResumeActivityItem.execute:54 android.app.servertransaction.ActivityTransactionItem.execute:45 android.app.servertransaction.TransactionExecutor.executeLifecycleState:176
09-25 13:19:31.545  5639  5639 I MSHandlerLifeCycle: removeMultiSplitHandler: no exist. decor=DecorView@200df4b[]
09-25 13:19:31.547  5639  5729 D NativeCustomFrequencyManager: [NativeCFMS] BpCustomFrequencyManager::BpCustomFrequencyManager()
09-25 13:19:31.547  4768  4843 D InputTransport: Input channel destroyed: 'ef6c0c4', fd=212
09-25 13:19:31.547  3108  3230 D EnterpriseDeviceManagerService: isMdmAdminPresentInternal() : MDM Admin Found - com.samsung.knox.securefolder
09-25 13:19:31.547  1914  1914 I Layer   : id=162588 removedFromDrawingState Surface(name=752e3c1 com.example.dogglers/com.example.dogglers.VerticalListActivity)/@0xd7b50ec - animation-leash of starting_reveal#162588 (340)
09-25 13:19:31.548  3108  3146 D InputTransport: Input channel constructed: '5a4f17f', fd=1249
09-25 13:19:31.548  3108  3146 D InputTransport: Input channel constructed: '5a4f17f', fd=1333
09-25 13:19:31.548  3108  3146 D InputTransport: Input channel constructed: '5a4f17f', fd=1336
09-25 13:19:31.549  3108  6492 D InputDispatcher: Focus request (0): <null> but waiting because NOT_FOCUSABLE
09-25 13:19:31.549  3108  6492 D InputDispatcher: Focus left window (0): 752e3c1 com.example.dogglers/com.example.dogglers.VerticalListActivity
09-25 13:19:31.549  1914  3199 I SurfaceFlinger: id=162592 createSurf, flag=80004, 5a4f17f com.example.dogglers/androidx.test.core.app.InstrumentationActivityInvoker$EmptyActivity#162592
09-25 13:19:31.551  1914  1914 D SurfaceFlinger: Display 4630947093241269891 HWC layers:
09-25 13:19:31.551  1914  1914 D SurfaceFlinger:      CLIENT | 0xb400007af6c13480 | 0100 | RGBx_8888    |  592.0    0.0 1628.0 2220.0 |    0    0 1440 3088 | Wallpaper BBQ wrapper#90
09-25 13:19:31.551  1914  1914 D SurfaceFlinger:      CLIENT | 0xb400007af86f9000 | 0100 | RGBA_8888    |    0.0    0.0 1440.0 3088.0 |    0    0 1440 3088 | com.sec.android.app.launcher/com.sec[...]rActivity$_5369#162528 (blurRegions)
09-25 13:19:31.551  1914  1914 D SurfaceFlinger:      DEVICE | 0xb400007af86ec680 | 0102 | RGBA_8888    |    0.0    0.0 1440.0 3088.0 |   39   84 1401 3004 | com.example.dogglers/com.example.dogglers.VerticalListActivity$_5639#162585
09-25 13:19:31.551  1914  1914 D SurfaceFlinger:      DEVICE | 0xb400007af6c14880 | 0100 | RGBA_8888    |    0.0    0.0 1440.0  100.0 |    0    0 1440  100 | StatusBar$_4768#95
09-25 13:19:31.551  1914  1914 D SurfaceFlinger:      DEVICE | 0xb400007af8705400 | 0100 | RGBA_8888    |    0.0    0.0   67.0  589.0 |    0  562   67 1151 | com.samsung.android.app.cocktailbars[...]vice.CocktailBarService$_8423#156853
09-25 13:19:31.551  1914  1914 D SurfaceFlinger:      DEVICE | 0xb400007af8705500 | 0100 | RGBA_8888    |    0.0    0.0  518.0   48.0 |  922 3040 1440 3088 | SGestureOverlayWindow$_5369#156268
09-25 13:19:31.551  1914  1914 D SurfaceFlinger:      DEVICE | 0xb4
09-25 13:19:31.551  1914  1914 D SurfaceFlinger: 00007af6c15880 | 0100 | RGBA_8888    |    0.0    0.0 1440.0  168.0 |    0 2920 1440 3088 | NavigationBar0$_4768#92
09-25 13:19:31.551  1914  1914 D SurfaceFlinger:
09-25 13:19:31.552  3108  3146 D InputTransport: Input channel destroyed: '5a4f17f', fd=1336
09-25 13:19:31.552  5639  5639 D InsetsController: onStateChanged: InsetsState: {mDisplayFrame=Rect(0, 0 - 1440, 3088), mDisplayCutout=DisplayCutout{insets=Rect(0, 100 - 0, 0) waterfall=Insets{left=0, top=0, right=0, bottom=0} boundingRect={Bounds=[Rect(0, 0 - 0, 0), Rect(685, 0 - 756, 100), Rect(0, 0 - 0, 0), Rect(0, 0 - 0, 0)]} cutoutPathParserInfo={CutoutPathParserInfo{displayWidth=1440 displayHeight=3088 physicalDisplayWidth=1440 physicalDisplayHeight=3088 density={3.75} cutoutSpec={M 0,0 H -9.466666666666667 V 26.66666666666667‬ H 9.466666666666667 V 0 H 0 Z @dp} rotation={0} scale={1.0} physicalPixelDisplaySizeRatio={1.0}}}}, mRoundedCorners=RoundedCorners{[RoundedCorner{position=TopLeft, radius=14, center=Point(14, 14)}, RoundedCorner{position=TopRight, radius=14, center=Point(1426, 14)}, RoundedCorner{position=BottomRight, radius=14, center=Point(1426, 3074)}, RoundedCorner{position=BottomLeft, radius=14, center=Point(14, 3074)}]}  mRoundedCornerFrame=Rect(0, 0 - 1440, 3088), mPrivacyIndicatorBounds=PrivacyIndicatorBounds {static bounds=Rect(1286, 0 - 1440, 100) rotation=0}, mSources= { InsetsSource: {mType=ITYPE_STATUS_BAR, mFrame=[0,0][1440,100], mVisible=true, mInsetsRoundedCornerFrame=false}, InsetsSource: {mType=ITYPE_NAVIGATION_BAR, mFrame=[0,3088][1440,3088], mVisible=true, mInsetsRoundedCornerFrame=false}, InsetsSource: {mType=ITYPE_LEFT_GESTURES, mFrame=[0,0][0,3088], mVisible=true, mInsetsRoundedCornerFrame=false}, InsetsSource: {mType=ITYPE_RIGHT_GESTURES, mFrame=[1440,0][1440,3088], mVisible=true, mInsetsRoundedCornerFrame=false}, InsetsSource: {mType=ITYPE_TOP_MANDATORY_GESTURES, mFrame=[0,0][1440,142], mVisible=true, mInsetsRoundedCornerFrame=false}, InsetsSource: {mType=ITYPE_BOTTOM_MANDATORY_GESTURES, mFrame=[0,3018][1440,3088], mVisible=true, mInsetsRoundedCornerFrame=false}, InsetsSource: {mType=ITYPE_LEFT_DISPLAY_CUTOUT, mFrame=[0,0][-100000,3088], mVisible=true, mInsetsRoundedCornerFrame=false}, InsetsSource: {mType=ITYPE_TOP_DISPLAY_CUTOUT, mFrame=[0,0][1440,100], mVisible=true, mInsetsRoundedCornerFrame=false}, InsetsSource: {mType=ITYPE_RIGHT_DISPLAY_CUTOUT, mFrame=[100000,0][1440,3088], mVisible=true, mInsetsRoundedCornerFrame=false}, InsetsSource: {mType=ITYPE_BOTTOM_DISPLAY_CUTOUT, mFrame=[0,100000][1440,3088], mVisible=true, mInsetsRoundedCornerFrame=false}, InsetsSource: {mType=ITYPE_TOP_TAPPABLE_ELEMENT, mFrame=[0,0][1440,100], mVisible=true, mInsetsRoundedCornerFrame=false}, InsetsSource: {mType=ITYPE_BOTTOM_TAPPABLE_ELEMENT, mFrame=[0,0][0,0], mVisible=true, mInsetsRoundedCornerFrame=false} } host=com.example.dogglers/androidx.test.core.app.InstrumentationActivityInvoker$EmptyActivity from=android.view.ViewRootImpl.setView:1732
09-25 13:19:31.555  8423  8423 I ActivityUtils: HomePackage : com.sec.android.app.launcher, resumePackageName : com.example.dogglers
09-25 13:19:31.555  3108  6142 I MediaSessionMonitor: Media session stopped : controllerList empty
09-25 13:19:31.556  5639  5639 I ViewRootImpl@d3c1be6[InstrumentationActivityInvoker$EmptyActivity]: setView = com.android.internal.policy.DecorView@200df4b TM=true
09-25 13:19:31.556  5639  5639 I MSHandlerLifeCycle: removeMultiSplitHandler: no exist. decor=DecorView@200df4b[InstrumentationActivityInvoker$EmptyActivity]
09-25 13:19:31.558  5639  5639 I ViewRootImpl@d3c1be6[InstrumentationActivityInvoker$EmptyActivity]: performTraversals params={(0,0)(fillxfill) sim={adjust=pan forwardNavigation} ty=BASE_APPLICATION wanim=0x1030001
09-25 13:19:31.558  5639  5639 I ViewRootImpl@d3c1be6[InstrumentationActivityInvoker$EmptyActivity]:   fl=1810100
09-25 13:19:31.558  5639  5639 I ViewRootImpl@d3c1be6[InstrumentationActivityInvoker$EmptyActivity]:   pfl=12020040
09-25 13:19:31.558  5639  5639 I ViewRootImpl@d3c1be6[InstrumentationActivityInvoker$EmptyActivity]:   bhv=DEFAULT
09-25 13:19:31.558  5639  5639 I ViewRootImpl@d3c1be6[InstrumentationActivityInvoker$EmptyActivity]:   fitSides= naviIconColor=0}
09-25 13:19:31.558  3108  3338 D AnalyticsContainerHandler: handleMessage : { when=0 what=1 target=com.android.server.knox.KnoxAnalyticsContainer$AnalyticsHandler }
09-25 13:19:31.559  5639  5639 I ViewRootImpl@d3c1be6[InstrumentationActivityInvoker$EmptyActivity]: performTraversals mFirst=true windowShouldResize=true viewVisibilityChanged=false mForceNextWindowRelayout=false params={(0,0)(fillxfill) sim={adjust=pan forwardNavigation} ty=BASE_APPLICATION wanim=0x1030001
09-25 13:19:31.559  5639  5639 I ViewRootImpl@d3c1be6[InstrumentationActivityInvoker$EmptyActivity]:   fl=1810100
09-25 13:19:31.559  5639  5639 I ViewRootImpl@d3c1be6[InstrumentationActivityInvoker$EmptyActivity]:   pfl=12020040
09-25 13:19:31.559  5639  5639 I ViewRootImpl@d3c1be6[InstrumentationActivityInvoker$EmptyActivity]:   bhv=DEFAULT
09-25 13:19:31.559  5639  5639 I ViewRootImpl@d3c1be6[InstrumentationActivityInvoker$EmptyActivity]:   fitSides= naviIconColor=0}
09-25 13:19:31.559  3108  6472 V WindowManager: Relayout Window{5a4f17f u0 com.example.dogglers/androidx.test.core.app.InstrumentationActivityInvoker$EmptyActivity}: viewVisibility=0 req=1440x3088 d0
09-25 13:19:31.559  1914  3199 I SurfaceFlinger: id=162593 createSurf, flag=40004, com.example.dogglers/androidx.test.core.app.InstrumentationActivityInvoker$EmptyActivity$_5639#162593
09-25 13:19:31.561  1914  3199 I SurfaceFlinger: id=162594 createSurf, flag=24000, Surface(name=4eb27f5 StatusBar)/@0x43fa543 - animation-leash of insets_animation#162594
09-25 13:19:31.562  1914  3199 I SurfaceFlinger: id=162595 createSurf, flag=24000, Surface(name=d110b4c NavigationBar0)/@0x8bdb781 - animation-leash of insets_animation#162595
09-25 13:19:31.563  3108  6472 V WindowManager: Relayout hash=5a4f17f, pid=5639, syncId=-1: mAttrs={(0,0)(fillxfill) sim={adjust=pan forwardNavigation} ty=BASE_APPLICATION wanim=0x1030001
09-25 13:19:31.563  3108  6472 V WindowManager:   fl=1810100
09-25 13:19:31.563  3108  6472 V WindowManager:   pfl=12020040
09-25 13:19:31.563  3108  6472 V WindowManager:   bhv=DEFAULT
09-25 13:19:31.563  3108  6472 V WindowManager:   fitSides= naviIconColor=0}
09-25 13:19:31.564  5639  5639 D InsetsController: onStateChanged: InsetsState: {mDisplayFrame=Rect(0, 0 - 1440, 3088), mDisplayCutout=DisplayCutout{insets=Rect(0, 100 - 0, 0) waterfall=Insets{left=0, top=0, right=0, bottom=0} boundingRect={Bounds=[Rect(0, 0 - 0, 0), Rect(685, 0 - 756, 100), Rect(0, 0 - 0, 0), Rect(0, 0 - 0, 0)]} cutoutPathParserInfo={CutoutPathParserInfo{displayWidth=1440 displayHeight=3088 physicalDisplayWidth=1440 physicalDisplayHeight=3088 density={3.75} cutoutSpec={M 0,0 H -9.466666666666667 V 26.66666666666667‬ H 9.466666666666667 V 0 H 0 Z @dp} rotation={0} scale={1.0} physicalPixelDisplaySizeRatio={1.0}}}}, mRoundedCorners=RoundedCorners{[RoundedCorner{position=TopLeft, radius=14, center=Point(14, 14)}, RoundedCorner{position=TopRight, radius=14, center=Point(1426, 14)}, RoundedCorner{position=BottomRight, radius=14, center=Point(1426, 3074)}, RoundedCorner{position=BottomLeft, radius=14, center=Point(14, 3074)}]}  mRoundedCornerFrame=Rect(0, 0 - 1440, 3088), mPrivacyIndicatorBounds=PrivacyIndicatorBounds {static bounds=Rect(1286, 0 - 1440, 100) rotation=0}, mSources= { InsetsSource: {mType=ITYPE_STATUS_BAR, mFrame=[0,0][1440,100], mVisible=true, mInsetsRoundedCornerFrame=false}, InsetsSource: {mType=ITYPE_NAVIGATION_BAR, mFrame=[0,3088][1440,3088], mVisible=true, mInsetsRoundedCornerFrame=false}, InsetsSource: {mType=ITYPE_LEFT_GESTURES, mFrame=[0,0][0,3088], mVisible=true, mInsetsRoundedCornerFrame=false}, InsetsSource: {mType=ITYPE_RIGHT_GESTURES, mFrame=[1440,0][1440,3088], mVisible=true, mInsetsRoundedCornerFrame=false}, InsetsSource: {mType=ITYPE_TOP_MANDATORY_GESTURES, mFrame=[0,0][1440,142], mVisible=true, mInsetsRoundedCornerFrame=false}, InsetsSource: {mType=ITYPE_BOTTOM_MANDATORY_GESTURES, mFrame=[0,3018][1440,3088], mVisible=true, mInsetsRoundedCornerFrame=false}, InsetsSource: {mType=ITYPE_LEFT_DISPLAY_CUTOUT, mFrame=[0,0][-100000,3088], mVisible=true, mInsetsRoundedCornerFrame=false}, InsetsSource: {mType=ITYPE_TOP_DISPLAY_CUTOUT, mFrame=[0,0][1440,100], mVisible=true, mInsetsRoundedCornerFrame=false}, InsetsSource: {mType=ITYPE_RIGHT_DISPLAY_CUTOUT, mFrame=[100000,0][1440,3088], mVisible=true, mInsetsRoundedCornerFrame=false}, InsetsSource: {mType=ITYPE_BOTTOM_DISPLAY_CUTOUT, mFrame=[0,100000][1440,3088], mVisible=true, mInsetsRoundedCornerFrame=false}, InsetsSource: {mType=ITYPE_TOP_TAPPABLE_ELEMENT, mFrame=[0,0][1440,100], mVisible=true, mInsetsRoundedCornerFrame=false}, InsetsSource: {mType=ITYPE_BOTTOM_TAPPABLE_ELEMENT, mFrame=[0,0][0,0], mVisible=true, mInsetsRoundedCornerFrame=false}, InsetsSource: {mType=ITYPE_IME, mFrame=[0,0][0,0], mVisibleFrame=[0,3088][1440,3088], mVisible=false, mInsetsRoundedCornerFrame=false} } host=com.example.dogglers/androidx.test.core.app.InstrumentationActivityInvoker$EmptyActivity from=android.view.ViewRootImpl.relayoutWindow:9802
09-25 13:19:31.566  5639  5639 I ViewRootImpl@d3c1be6[InstrumentationActivityInvoker$EmptyActivity]: updateBlastSurfaceIfNeeded mBlastBufferQueue=null isSameSurfaceControl=false
09-25 13:19:31.566  5639  5639 I BLASTBufferQueue: new BLASTBufferQueue, mName= ViewRootImpl@d3c1be6[InstrumentationActivityInvoker$EmptyActivity] mNativeObject= 0xb4000077a1042a00 sc.mNativeObject= 0xb4000077a103f240 caller= android.view.ViewRootImpl.updateBlastSurfaceIfNeeded:2909 android.view.ViewRootImpl.relayoutWindow:9847 android.view.ViewRootImpl.performTraversals:3884 android.view.ViewRootImpl.doTraversal:3116 android.view.ViewRootImpl$TraversalRunnable.run:10885 android.view.Choreographer$CallbackRecord.run:1301 android.view.Choreographer$CallbackRecord.run:1309 android.view.Choreographer.doCallbacks:923 android.view.Choreographer.doFrame:852 android.view.Choreographer$FrameDisplayEventReceiver.run:1283
09-25 13:19:31.566  5639  5639 I BLASTBufferQueue: update, w= 1440 h= 3088 mName = ViewRootImpl@d3c1be6[InstrumentationActivityInvoker$EmptyActivity] mNativeObject= 0xb4000077a1042a00 sc.mNativeObject= 0xb4000077a103f240 format= -1 caller= android.graphics.BLASTBufferQueue.<init>:84 android.view.ViewRootImpl.updateBlastSurfaceIfNeeded:2909 android.view.ViewRootImpl.relayoutWindow:9847 android.view.ViewRootImpl.performTraversals:3884 android.view.ViewRootImpl.doTraversal:3116 android.view.ViewRootImpl$TraversalRunnable.run:10885
09-25 13:19:31.566  5639  5639 I ViewRootImpl@d3c1be6[InstrumentationActivityInvoker$EmptyActivity]: Relayout returned: old=(0,0,1440,3088) new=(0,0,1440,3088) req=(1440,3088)0 dur=7 res=0x3 s={true 0xb40000772b458000} ch=true seqId=0
09-25 13:19:31.567  5639  5639 I ViewRootImpl@d3c1be6[InstrumentationActivityInvoker$EmptyActivity]: performConfigurationChange setNightDimText nightDimLevel=0
09-25 13:19:31.567  5639  5639 I ViewRootImpl@d3c1be6[InstrumentationActivityInvoker$EmptyActivity]: mThreadedRenderer.initialize() mSurface={isValid=true 0xb40000772b458000} hwInitialized=true
09-25 13:19:31.567  5639  5729 D OpenGLRenderer: eglCreateWindowSurface
09-25 13:19:31.568  5639  5639 I ViewRootImpl@d3c1be6[InstrumentationActivityInvoker$EmptyActivity]: reportNextDraw android.view.ViewRootImpl.performTraversals:4438 android.view.ViewRootImpl.doTraversal:3116 android.view.ViewRootImpl$TraversalRunnable.run:10885 android.view.Choreographer$CallbackRecord.run:1301 android.view.Choreographer$CallbackRecord.run:1309
09-25 13:19:31.568  5639  5639 I ViewRootImpl@d3c1be6[InstrumentationActivityInvoker$EmptyActivity]: Setup new sync id=0
09-25 13:19:31.568  5639  5639 I ViewRootImpl@d3c1be6[InstrumentationActivityInvoker$EmptyActivity]: Setting syncFrameCallback
09-25 13:19:31.568  5639  5639 I ViewRootImpl@d3c1be6[InstrumentationActivityInvoker$EmptyActivity]: registerCallbacksForSync syncBuffer=false
09-25 13:19:31.569  5639  5772 I ViewRootImpl@d3c1be6[InstrumentationActivityInvoker$EmptyActivity]: Received frameDrawingCallback syncResult=0 frameNum=1.
09-25 13:19:31.569  5639  5772 I ViewRootImpl@d3c1be6[InstrumentationActivityInvoker$EmptyActivity]: Setting up sync and frameCommitCallback
09-25 13:19:31.569  5639  5729 I BLASTBufferQueue: [ViewRootImpl@d3c1be6[InstrumentationActivityInvoker$EmptyActivity]#52](f:0,a:0) onFrameAvailable the first frame is available
09-25 13:19:31.570  5639  5729 I ViewRootImpl@d3c1be6[InstrumentationActivityInvoker$EmptyActivity]: Received frameCommittedCallback lastAttemptedDrawFrameNum=1 didProduceBuffer=true
09-25 13:19:31.570  5639  5729 D OpenGLRenderer: CFMS:: SetUp Pid : 5639    Tid : 5729
09-25 13:19:31.572  1914  1914 I Layer   : id=162586 removedFromDrawingState Surface(name=4eb27f5 StatusBar)/@0x43fa543 - animation-leash of insets_animation#162586 (344)
09-25 13:19:31.573  1914  1914 I Layer   : id=162587 removedFromDrawingState Surface(name=d110b4c NavigationBar0)/@0x8bdb781 - animation-leash of insets_animation#162587 (344)
09-25 13:19:31.573  1914  1914 I SurfaceFlinger: [5a4f17f com.example.dogglers/androidx.test.core.app.InstrumentationActivityInvoker$EmptyActivity#162592] FrameRatePriority: 1
09-25 13:19:31.573  5639  5639 I ViewRootImpl@d3c1be6[InstrumentationActivityInvoker$EmptyActivity]: onSyncComplete
09-25 13:19:31.573  5639  5639 I ViewRootImpl@d3c1be6[InstrumentationActivityInvoker$EmptyActivity]: setupSync seqId=0 mSyncId=0 fn=1 caller=android.view.ViewRootImpl$$ExternalSyntheticLambda11.accept:6 android.window.SurfaceSyncer.lambda$setupSync$1$android-window-SurfaceSyncer:128 android.window.SurfaceSyncer$$ExternalSyntheticLambda1.accept:8 android.window.SurfaceSyncer$SyncSet.checkIfSyncIsComplete:382 android.window.SurfaceSyncer$SyncSet.markSyncReady:359 android.window.SurfaceSyncer.markSyncReady:151 android.view.ViewRootImpl.performTraversals:4503
09-25 13:19:31.574  5639  5639 I ViewRootImpl@d3c1be6[InstrumentationActivityInvoker$EmptyActivity]: reportDrawFinished seqId=0 mSyncId=-1 fn=1 mSurfaceChangedTransaction=0xb4000077b1dbbd00
09-25 13:19:31.573   760   774 W tpass.lpandroid: Reducing the number of considered missed Gc histogram windows from 181 to 100
09-25 13:19:31.574  3108  3145 D InputDispatcher: Focus request (0): 5a4f17f com.example.dogglers/androidx.test.core.app.InstrumentationActivityInvoker$EmptyActivity but waiting because NO_WINDOW
09-25 13:19:31.574  5639  5639 I ViewRootImpl@54a77c4[VerticalListActivity]: MSG_WINDOW_FOCUS_CHANGED 0 0
09-25 13:19:31.575  1914  2140 I SurfaceFlinger: id=162587 Removed Surface(name=d110b4c NavigationBar0)/@0x8bdb781 - animation-leash of insets_animation#162587 (344)
09-25 13:19:31.575  1914  3199 I SurfaceFlinger: id=162586 Removed Surface(name=4eb27f5 StatusBar)/@0x43fa543 - animation-leash of insets_animation#162586 (344)
09-25 13:19:31.576  3108  3227 I ActivityTaskManager: Displayed com.example.dogglers/androidx.test.core.app.InstrumentationActivityInvoker$EmptyActivity: +55ms
09-25 13:19:31.576  5759  5759 E pageboostd: Received HALT command code 2
09-25 13:19:31.578  3108  3146 I SemDvfsHyPerManager: acquire hyper - AMS_RESUME_TAIL/3108@20, type = -999
09-25 13:19:31.578  3108  3146 I SemDvfsHyPerManager: acquire hyper - AMS_ACT_LAZY/3108@21, type = -999
09-25 13:19:31.579  1809  1855 I HYPER-HAL: [RequestManager.cpp]acquire(): Acquired ID : 4893776  [3108 / 20]    HINT : AMS_RESUME_TAIL    list :
09-25 13:19:31.579  1809  1855 I HYPER-HAL: [RequestManager.cpp]acquire(): Acquired ID : 4896906  [3108 / 21]    HINT : AMS_ACT_LAZY    list :
09-25 13:19:31.581  1914  1914 I Layer   : Layer [com.example.dogglers/androidx.test.core.app.InstrumentationActivityInvoker$EmptyActivity$_5639#162593] hidden!! flag(0)
09-25 13:19:31.581  1914  1914 I Layer   : id=162587 Destroyed Surface(name=d110b4c NavigationBar0)/@0x8bdb781 - animation-leash of insets_animation#162587
09-25 13:19:31.581  1914  1914 I Layer   : id=162586 Destroyed Surface(name=4eb27f5 StatusBar)/@0x43fa543 - animation-leash of insets_animation#162586
09-25 13:19:31.581  1809  1855 I HYPER-HAL: [RequestManager.cpp]releaseLocked(): Released ID : 4887519
09-25 13:19:31.581  1797 29568 I sensors-hal: handle_sns_client_event:542, [0][85854] accel_sample [-0.051,  0.805,  9.890] 1370097628655446
09-25 13:19:31.582  3108  3146 D InputDispatcher: Focus entered window (0): 5a4f17f com.example.dogglers/androidx.test.core.app.InstrumentationActivityInvoker$EmptyActivity
09-25 13:19:31.583  5639  5639 I ViewRootImpl@d3c1be6[InstrumentationActivityInvoker$EmptyActivity]: MSG_WINDOW_FOCUS_CHANGED 1 0
09-25 13:19:31.583  5639  5639 I ViewRootImpl@d3c1be6[InstrumentationActivityInvoker$EmptyActivity]: mThreadedRenderer.initializeIfNeeded()#2 mSurface={isValid=true 0xb40000772b458000}
09-25 13:19:31.583  5639  5639 D InputMethodManager: startInputInner - Id : 0
09-25 13:19:31.583  5639  5639 I InputMethodManager: startInputInner - mService.startInputOrWindowGainedFocus
09-25 13:19:31.583  3108  3230 I ChimeraSystemEventListener: appLaunchIntent package name is: com.example.dogglers
09-25 13:19:31.584  1914  1914 D SurfaceFlinger: Display 4630947093241269891 HWC layers:
09-25 13:19:31.584  1914  1914 D SurfaceFlinger:      CLIENT | 0xb400007af6c13480 | 0100 | RGBx_8888    |  592.0    0.0 1628.0 2220.0 |    0    0 1440 3088 | Wallpaper BBQ wrapper#90
09-25 13:19:31.584  1914  1914 D SurfaceFlinger:      CLIENT | 0xb400007af86f9000 | 0100 | RGBA_8888    |    0.0    0.0 1440.0 3088.0 |    0    0 1440 3088 | com.sec.android.app.launcher/com.sec[...]rActivity$_5369#162528 (blurRegions)
09-25 13:19:31.584  1914  1914 D SurfaceFlinger:      DEVICE | 0xb400007af6c14780 | 0102 | RGBA_8888    |    0.0    0.0 1440.0 3088.0 |   26   57 1414 3031 | com.example.dogglers/androidx.test.c[...]tyInvoker$EmptyActivity$_5639#162593
09-25 13:19:31.584  1914  1914 D SurfaceFlinger:      DEVICE | 0xb400007af6c14880 | 0100 | RGBA_8888    |    0.0    0.0 1440.0  100.0 |    0    0 1440  100 | StatusBar$_4768#95
09-25 13:19:31.584  1914  1914 D SurfaceFlinger:      DEVICE | 0xb400007af8705400 | 0100 | RGBA_8888    |    0.0    0.0   67.0  589.0 |    0  562   67 1151 | com.samsung.android.app.cocktailbars[...]vice.CocktailBarService$_8423#156853
09-25 13:19:31.584  1914  1914 D SurfaceFlinger:      DEVICE | 0xb400007af8705500 | 0100 | RGBA_8888    |    0.0    0.0  518.0   48.0 |  922 3040 1440 3088 | SGestureOverlayWindow$_5369#156268
09-25 13:19:31.584  1914  1914 D SurfaceFlinger:      DEVICE | 0x
09-25 13:19:31.584  1914  1914 D SurfaceFlinger: b400007af6c15880 | 0100 | RGBA_8888    |    0.0    0.0 1440.0  168.0 |    0 2920 1440 3088 | NavigationBar0$_4768#92
09-25 13:19:31.584  1914  1914 D SurfaceFlinger:
09-25 13:19:31.585  3108  6472 I SemDvfsHyPerManager: acquire hyper - AMS_ACT_START/3108@18, type = -999
09-25 13:19:31.585  1809  1855 I HYPER-HAL: [RequestManager.cpp]acquire(): Acquired ID : 4887519  [3108 / 18]    HINT : AMS_ACT_START    list :
09-25 13:19:31.585  1914  2139 I SurfaceFlinger: id=162596 createSurf, flag=80004, ActivityRecord{baab850 u0 com.example.dogglers/androidx.test.core.app.InstrumentationActivityInvoker$EmptyActivity} t7121}#162596
09-25 13:19:31.590  1914  2140 I SurfaceFlinger: id=162597 createSurf, flag=80000, fd3ce13 ActivityRecordInputSink com.example.dogglers/androidx.test.core.app.InstrumentationActivityInvoker$EmptyActivity#162597
09-25 13:19:31.593  5759  5759 E pageboostd: Received HALT command code 2
09-25 13:19:31.593  3108  3146 D InputMethodManagerService: DESKTOP MODE! : 2
09-25 13:19:31.593  3108  3146 D InputMethodManagerService: NOT IN KNOX DESKTOP MODE!
09-25 13:19:31.593  3108  3146 V InputMethodManagerService: getDisplayIdOfInputMethodWindowToBeAdded: displayId=0
09-25 13:19:31.593  3108  3230 D PersonaActivityHelper: Activity not in resumed state, do not run immediate lock
09-25 13:19:31.593  3108  3146 D InputMethodManagerService: isImeSwitcherDisabledPackage : false
09-25 13:19:31.594  3108  3146 D InputMethodManagerService: checkDisplayOfStartInputAndUpdateKeyboard: displayId=0, mFocusedDisplayId=0
09-25 13:19:31.594  3108  3146 D InputTransport: Input channel constructed: 'ClientS', fd=1336
09-25 13:19:31.594  3108  3146 D InputTransport: Input channel destroyed: 'ClientS', fd=1336
09-25 13:19:31.594   586   586 I GoogleInputMethodService: GoogleInputMethodService.onFinishInput():3267
09-25 13:19:31.595  1914  2140 I SurfaceFlinger: id=162598 createSurf, flag=24004, Surface(name=6a358c3 InputMethod)/@0x1a6cc79 - animation-leash of insets_animation#162598
09-25 13:19:31.595   586   586 I GoogleInputMethodService: GoogleInputMethodService.updateDeviceLockedStatus():2097 repeatCheckTimes = 0, locked = false
09-25 13:19:31.595   586   586 D InputMethodService: checkFocusedDisplay() display Id 0last 0
09-25 13:19:31.596   586   586 I GoogleInputMethodService: GoogleInputMethodService.onStartInput():1889 onStartInput(EditorInfo{EditorInfo{packageName=com.example.dogglers, inputType=0, inputTypeString=NULL, enableLearning=false, autoCorrection=false, autoComplete=false, imeOptions=0, privateImeOptions=null, actionName=UNSPECIFIED, actionLabel=null, initialSelStart=-1, initialSelEnd=-1, initialCapsMode=0, label=null, fieldId=-1, fieldName=null, extras=Bundle[{displayId=0}], hintText=null, hintLocales=[]}}, false)
09-25 13:19:31.596   586   586 I GoogleInputMethodService: GoogleInputMethodService.updateDeviceLockedStatus():2097 repeatCheckTimes = 1, locked = false
09-25 13:19:31.597  5639  5639 D LifecycleMonitor: Lifecycle status change: androidx.test.core.app.InstrumentationActivityInvoker$EmptyActivity@3cda93c in: PAUSED
09-25 13:19:31.597  5639  5639 V ActivityScenario: Activity lifecycle changed event received but ignored because the intent does not match. startActivityIntent=Intent { act=android.intent.action.MAIN cat=[android.intent.category.LAUNCHER] cmp=com.example.dogglers/.VerticalListActivity }, activity.getIntent()=Intent { act=android.intent.action.MAIN cat=[android.intent.category.LAUNCHER] flg=0x10000000 cmp=com.example.dogglers/androidx.test.core.app.InstrumentationActivityInvoker$EmptyActivity }, activity=androidx.test.core.app.InstrumentationActivityInvoker$EmptyActivity@3cda93c
09-25 13:19:31.600  3108  9815 D InputDispatcher: Focused application(0): ActivityRecord{baab850 u0 com.example.dogglers/androidx.test.core.app.InstrumentationActivityInvoker$EmptyActivity} t7121}
09-25 13:19:31.601  3108 29076 D RemoteAppTaskWatcher:  ****** RemoteAppTaskWatcher: Message Received 5 Task ID = 0
09-25 13:19:31.603  3108  9815 D InputMethodManagerService: isImeSwitcherDisabledPackage : false
09-25 13:19:31.603   586   586 I InputMethodService: removeImeSurface
09-25 13:19:31.604  3108  3230 I SemPersonaManager: SecureFolder personaId = 150
09-25 13:19:31.604   586   586 I MSHandlerLifeCycle: check: return. pkg=com.google.android.inputmethod.latin isActivity=false callers=com.android.internal.policy.DecorView.setVisibility:4412 android.app.Dialog.hide:767 android.inputmethodservice.InputMethodService.removeImeSurface:1290 android.inputmethodservice.InputMethodService.scheduleImeSurfaceRemoval:1279 android.inputmethodservice.InputMethodService.-$$Nest$mscheduleImeSurfaceRemoval:0
09-25 13:19:31.604   586   586 I MSHandlerLifeCycle: removeMultiSplitHandler: no exist. decor=DecorView@3ddf8c7[InputMethod]
09-25 13:19:31.604  5639  5639 D LifecycleMonitor: Lifecycle status change: androidx.test.core.app.InstrumentationActivityInvoker$EmptyActivity@6fc5b1 in: PRE_ON_CREATE
09-25 13:19:31.604  5639  5639 V ActivityScenario: Activity lifecycle changed event received but ignored because the intent does not match. startActivityIntent=Intent { act=android.intent.action.MAIN cat=[android.intent.category.LAUNCHER] cmp=com.example.dogglers/.VerticalListActivity }, activity.getIntent()=Intent { act=android.intent.action.MAIN cat=[android.intent.category.LAUNCHER] flg=0x10000000 cmp=com.example.dogglers/androidx.test.core.app.InstrumentationActivityInvoker$EmptyActivity }, activity=androidx.test.core.app.InstrumentationActivityInvoker$EmptyActivity@6fc5b1
09-25 13:19:31.605 15715 18710 I WindowsLink: (TaskInfoManager) +++++++++++onRecentTaskStackUpdated
09-25 13:19:31.606  1914  1914 I Layer   : id=162589 removedFromDrawingState Surface(name=6a358c3 InputMethod)/@0x1a6cc79 - animation-leash of insets_animation#162589 (345)
09-25 13:19:31.606  1914  1914 I SurfaceFlinger: [5a4f17f com.example.dogglers/androidx.test.core.app.InstrumentationActivityInvoker$EmptyActivity#162592] FrameRatePriority: -1
09-25 13:19:31.606  1914  1914 I SurfaceFlinger: id=162589 Removed Surface(name=6a358c3 InputMethod)/@0x1a6cc79 - animation-leash of insets_animation#162589 (345)
09-25 13:19:31.606  1914  1914 I Layer   : id=162589 Destroyed Surface(name=6a358c3 InputMethod)/@0x1a6cc79 - animation-leash of insets_animation#162589
09-25 13:19:31.608  3108  3230 D EnterpriseDeviceManagerService: isMdmAdminPresentInternal() : MDM Admin Found - com.samsung.knox.securefolder
09-25 13:19:31.608  5639  5639 I DecorView: [INFO] isPopOver=false config=true
09-25 13:19:31.608  5639  5639 I DecorView: updateCaptionType: isFloating=false isApplication=true hasWindowDecorCaption=false this=DecorView@2a5ea04[]
09-25 13:19:31.608  5639  5639 D DecorView: setCaptionType = 0, this = DecorView@2a5ea04[]
09-25 13:19:31.609  5639  5639 I DecorView: getCurrentDensityDpi: from real metrics. densityDpi=560 msg=resources_loaded
09-25 13:19:31.609  5639  5639 I DecorView: setWindowBackground: isPopOver=false color=ff010101 d=android.graphics.drawable.StateListDrawable@10a0bed
09-25 13:19:31.609  5639  5639 D LifecycleMonitor: Lifecycle status change: androidx.test.core.app.InstrumentationActivityInvoker$EmptyActivity@6fc5b1 in: CREATED
09-25 13:19:31.609  5639  5639 V ActivityScenario: Activity lifecycle changed event received but ignored because the intent does not match. startActivityIntent=Intent { act=android.intent.action.MAIN cat=[android.intent.category.LAUNCHER] cmp=com.example.dogglers/.VerticalListActivity }, activity.getIntent()=Intent { act=android.intent.action.MAIN cat=[android.intent.category.LAUNCHER] flg=0x10000000 cmp=com.example.dogglers/androidx.test.core.app.InstrumentationActivityInvoker$EmptyActivity }, activity=androidx.test.core.app.InstrumentationActivityInvoker$EmptyActivity@6fc5b1
09-25 13:19:31.609  8423  8423 I ActivityUtils: HomePackage : com.sec.android.app.launcher, resumePackageName : com.example.dogglers
09-25 13:19:31.609  5639  5639 D LifecycleMonitor: Lifecycle status change: androidx.test.core.app.InstrumentationActivityInvoker$EmptyActivity@6fc5b1 in: STARTED
