09-25 13:19:23.757  5639  5703 I TestRunner: started: grid_list_content_on_first_page(com.example.dogglers.GridListTests)
09-25 13:19:23.759  3108 29076 D RemoteAppTaskWatcher:  ****** RemoteAppTaskWatcher: Message Received 3 Task ID = 7111
09-25 13:19:23.759  3108 29076 D RemoteAppTaskWatcher:  ****** RemoteAppTaskWatcher: Message Received 3 Task ID = 7111
09-25 13:19:23.761  5639  5703 W Settings: Setting always_finish_activities has moved from android.provider.Settings.System to android.provider.Settings.Global, returning read-only value.
09-25 13:19:23.761  5369  5369 I RecentsView: onTaskRemoved() taskId : 7111
09-25 13:19:23.761  5369  5369 I TopTaskTracker: onTaskRemoved : taskId = 7111
09-25 13:19:23.762  5369  5369 I RecentsView: onTaskRemoved() taskId : 7111
09-25 13:19:23.762  5369  5369 I TopTaskTracker: onTaskRemoved : taskId = 7111
09-25 13:19:23.763  1914  1914 I Layer   : id=162199 removedFromDrawingState ActivityRecord{7405303 u0 com.example.dogglers/.GridListActivity} t7111}#162199 (326)
09-25 13:19:23.763  1914  1914 I Layer   : id=162203 removedFromDrawingState c3727b2 ActivityRecordInputSink com.example.dogglers/.GridListActivity#162203 (326)
09-25 13:19:23.763  1914  1914 I Layer   : id=162196 removedFromDrawingState ActivityRecord{6f5eee4 u0 com.example.dogglers/androidx.test.core.app.InstrumentationActivityInvoker$BootstrapActivity} t7111}#162196 (326)
09-25 13:19:23.763  1914  1914 I Layer   : id=162202 removedFromDrawingState 88e3277 ActivityRecordInputSink com.example.dogglers/androidx.test.core.app.InstrumentationActivityInvoker$BootstrapActivity#162202 (326)
09-25 13:19:23.763  1914  1914 I Layer   : id=162195 removedFromDrawingState Task=7111#162195 (326)
09-25 13:19:23.763  1914  1914 I Layer   : id=162230 removedFromDrawingState Task=7111#162230 (326)
09-25 13:19:23.763  1914  1914 I SurfaceFlinger: id=162196 Removed ActivityRecord{6f5eee4 u0 com.example.dogglers/androidx.test.core.app.InstrumentationActivityInvoker$BootstrapActivity} t7111}#162196 (326)
09-25 13:19:23.763  1914  1914 I SurfaceFlinger: id=162230 Removed Task=7111#162230 (326)
09-25 13:19:23.763  1914  1914 I SurfaceFlinger: id=162199 Removed ActivityRecord{7405303 u0 com.example.dogglers/.GridListActivity} t7111}#162199 (326)
09-25 13:19:23.763  1914  1914 I Layer   : id=162230 Destroyed Task=7111#162230
09-25 13:19:23.763  1914  1914 I Layer   : id=162196 Destroyed ActivityRecord{6f5eee4 u0 com.example.dogglers/androidx.test.core.app.InstrumentationActivityInvoker$BootstrapActivity} t7111}#162196
09-25 13:19:23.763  1914  1914 I Layer   : id=162202 Destroyed 88e3277 ActivityRecordInputSink com.example.dogglers/androidx.test.core.app.InstrumentationActivityInvoker$BootstrapActivity#162202
09-25 13:19:23.763  1914  1914 I Layer   : id=162199 Destroyed ActivityRecord{7405303 u0 com.example.dogglers/.GridListActivity} t7111}#162199
09-25 13:19:23.763  1914  1914 I Layer   : id=162203 Destroyed c3727b2 ActivityRecordInputSink com.example.dogglers/.GridListActivity#162203
09-25 13:19:23.765  3108  3230 I ChimeraSystemEventListener: appLaunchIntent package name is: com.example.dogglers
09-25 13:19:23.766  3108  5688 I SemDvfsHyPerManager: acquire hyper - AMS_APP_SWITCH/3108@23, type = -999
09-25 13:19:23.767  3108 29076 D RemoteAppTaskWatcher:  ****** RemoteAppTaskWatcher: Message Received 0 Task ID = 7112
09-25 13:19:23.767  1809  1855 I HYPER-HAL: [RequestManager.cpp]acquire(): Acquired ID : 4903169  [3108 / 23]    HINT : AMS_APP_SWITCH    list :
09-25 13:19:23.767  1914  3193 I SurfaceFlinger: id=162231 createSurf, flag=24004, Task=7112#162231
09-25 13:19:23.767  8328  8328 I SemDvfsHyPerManager: acquire hyper - APP_START_SHORT/8328@19, type = -999
09-25 13:19:23.770  1914  4196 I SurfaceFlinger: id=162232 createSurf, flag=80004, ActivityRecord{c790fd5 u0 com.example.dogglers/androidx.test.core.app.InstrumentationActivityInvoker$BootstrapActivity} t7112}#162232
09-25 13:19:23.770  1809  1855 I HYPER-HAL: [RequestManager.cpp]acquire(): Acquired ID : 34840397  [8328 / 19]    HINT : APP_START_LOW_HEAT    list : [TIMEOUT / 1500]
09-25 13:19:23.775  2229  2229 I CameraService: onUidStateChanged: uid=10042, procState is changed. (0 -> 1)
09-25 13:19:23.775  4768  4851 D NativeCustomFrequencyManager: [NativeCFMS] BpCustomFrequencyManager::BpCustomFrequencyManager()
09-25 13:19:23.776  3108  4606 I SemDvfsHyPerManager: acquire hyper - AMS_APP_LAUNCH/3108@19, type = -999
09-25 13:19:23.776  5759  5759 E pageboostd: Received HALT command code 2
09-25 13:19:23.778  1809  1855 I HYPER-HAL: [RequestManager.cpp]acquire(): Acquired ID : 4890647  [3108 / 19]    HINT : AMS_APP_LAUNCH    list :
09-25 13:19:23.778  8328  8328 I SemDvfsHyPerManager: acquire hyper - APP_START/8328@21, type = -999
09-25 13:19:23.778  1809  1855 I HYPER-HAL: [RequestManager.cpp]acquire(): Acquired ID : 34857096  [8328 / 21]    HINT : APP_START_LOW_HEAT    list :
09-25 13:19:23.778  3108 29076 D RemoteAppTaskWatcher:  ****** RemoteAppTaskWatcher: Message Received 4 Task ID = 7112
09-25 13:19:23.778  3108 29076 D RemoteAppTaskWatcher:  ****** RemoteAppTaskWatcher: Message Received 0 Task ID = 7112
09-25 13:19:23.779  3108  4073 D InputTransport: Input channel constructed: 'b45c124', fd=1249
09-25 13:19:23.779  3108  4073 D InputTransport: Input channel constructed: 'b45c124', fd=1273
09-25 13:19:23.779  3108  4073 D InputTransport: Input channel constructed: 'b45c124', fd=1311
09-25 13:19:23.779  1914  3193 I SurfaceFlinger: id=162233 createSurf, flag=80004, b45c124 Splash Screen com.example.dogglers#162233
09-25 13:19:23.781  3108  4073 D InputTransport: Input channel destroyed: 'b45c124', fd=1311
09-25 13:19:23.781  4768  4843 D InsetsController: onStateChanged: InsetsState: {mDisplayFrame=Rect(0, 0 - 1440, 3088), mDisplayCutout=DisplayCutout{insets=Rect(0, 100 - 0, 0) waterfall=Insets{left=0, top=0, right=0, bottom=0} boundingRect={Bounds=[Rect(0, 0 - 0, 0), Rect(685, 0 - 756, 100), Rect(0, 0 - 0, 0), Rect(0, 0 - 0, 0)]} cutoutPathParserInfo={CutoutPathParserInfo{displayWidth=1440 displayHeight=3088 physicalDisplayWidth=1440 physicalDisplayHeight=3088 density={3.75} cutoutSpec={M 0,0 H -9.466666666666667 V 26.66666666666667‬ H 9.466666666666667 V 0 H 0 Z @dp} rotation={0} scale={1.0} physicalPixelDisplaySizeRatio={1.0}}}}, mRoundedCorners=RoundedCorners{[RoundedCorner{position=TopLeft, radius=14, center=Point(14, 14)}, RoundedCorner{position=TopRight, radius=14, center=Point(1426, 14)}, RoundedCorner{position=BottomRight, radius=14, center=Point(1426, 3074)}, RoundedCorner{position=BottomLeft, radius=14, center=Point(14, 3074)}]}  mRoundedCornerFrame=Rect(0, 0 - 1440, 3088), mPrivacyIndicatorBounds=PrivacyIndicatorBounds {static bounds=Rect(1286, 0 - 1440, 100) rotation=0}, mSources= { InsetsSource: {mType=ITYPE_STATUS_BAR, mFrame=[0,0][1440,100], mVisible=true, mInsetsRoundedCornerFrame=false}, InsetsSource: {mType=ITYPE_NAVIGATION_BAR, mFrame=[0,3088][1440,3088], mVisible=true, mInsetsRoundedCornerFrame=false}, InsetsSource: {mType=ITYPE_LEFT_GESTURES, mFrame=[0,0][0,3088], mVisible=true, mInsetsRoundedCornerFrame=false}, InsetsSource: {mType=ITYPE_RIGHT_GESTURES, mFrame=[1440,0][1440,3088], mVisible=true, mInsetsRoundedCornerFrame=false}, InsetsSource: {mType=ITYPE_TOP_MANDATORY_GESTURES, mFrame=[0,0][1440,142], mVisible=true, mInsetsRoundedCornerFrame=false}, InsetsSource: {mType=ITYPE_BOTTOM_MANDATORY_GESTURES, mFrame=[0,3018][1440,3088], mVisible=true, mInsetsRoundedCornerFrame=false}, InsetsSource: {mType=ITYPE_LEFT_DISPLAY_CUTOUT, mFrame=[0,0][-100000,3088], mVisible=true, mInsetsRoundedCornerFrame=false}, InsetsSource: {mType=ITYPE_TOP_DISPLAY_CUTOUT, mFrame=[0,0][1440,100], mVisible=true, mInsetsRoundedCornerFrame=false}, InsetsSource: {mType=ITYPE_RIGHT_DISPLAY_CUTOUT, mFrame=[100000,0][1440,3088], mVisible=true, mInsetsRoundedCornerFrame=false}, InsetsSource: {mType=ITYPE_BOTTOM_DISPLAY_CUTOUT, mFrame=[0,100000][1440,3088], mVisible=true, mInsetsRoundedCornerFrame=false}, InsetsSource: {mType=ITYPE_TOP_TAPPABLE_ELEMENT, mFrame=[0,0][1440,100], mVisible=true, mInsetsRoundedCornerFrame=false}, InsetsSource: {mType=ITYPE_BOTTOM_TAPPABLE_ELEMENT, mFrame=[0,0][0,0], mVisible=true, mInsetsRoundedCornerFrame=false} } host=Splash Screen com.example.dogglers from=android.view.ViewRootImpl.setView:1732
09-25 13:19:23.783  5369  5369 I BaseActivity: removeActivityFlags, flags : 16
09-25 13:19:23.783  5369  5369 I BaseActivity: removeActivityFlags, flags : 6
09-25 13:19:23.783  5369  5369 I DragController: endDrag
09-25 13:19:23.783  5369  5369 W LauncherAppWidgetHost: setShouldListenFlag, mFlags:15 flag:resume on:false isFront:false
09-25 13:19:23.783  5369  5369 I SPayUpdater: updateSpayHandler launcher activity is paused false
09-25 13:19:23.784  5369 11129 I WidgetRotationImpl: unsubscribeWidgetFocus 80
09-25 13:19:23.784  4768  4843 I ViewRootImpl@6705a21[dogglers]: setView = android.widget.FrameLayout@b57775d TM=true
09-25 13:19:23.784  4768  4843 I ViewRootImpl@6705a21[dogglers]: performTraversals params={(0,0)(fillxfill) sim={adjust=pan} ty=APPLICATION_STARTING fmt=TRANSLUCENT wanim=0x1030001
09-25 13:19:23.784  4768  4843 I ViewRootImpl@6705a21[dogglers]:   fl=81030118
09-25 13:19:23.784  4768  4843 I ViewRootImpl@6705a21[dogglers]:   pfl=16000010
09-25 13:19:23.784  4768  4843 I ViewRootImpl@6705a21[dogglers]:   bhv=DEFAULT
09-25 13:19:23.784  4768  4843 I ViewRootImpl@6705a21[dogglers]:   fitSides= naviIconColor=0}
09-25 13:19:23.785  4768  4843 I ViewRootImpl@6705a21[dogglers]: performTraversals mFirst=true windowShouldResize=true viewVisibilityChanged=false mForceNextWindowRelayout=false params={(0,0)(fillxfill) sim={adjust=pan} ty=APPLICATION_STARTING fmt=TRANSLUCENT wanim=0x1030001
09-25 13:19:23.785  4768  4843 I ViewRootImpl@6705a21[dogglers]:   fl=81030118
09-25 13:19:23.785  4768  4843 I ViewRootImpl@6705a21[dogglers]:   pfl=16000010
09-25 13:19:23.785  4768  4843 I ViewRootImpl@6705a21[dogglers]:   bhv=DEFAULT
09-25 13:19:23.785  4768  4843 I ViewRootImpl@6705a21[dogglers]:   fitSides= naviIconColor=0}
09-25 13:19:23.785  5369 11129 I IntelligentPlatformManagerImpl: unsubscribeWidgetFocus() id : 80
09-25 13:19:23.786  3108  9815 D InputDispatcher: Focused application(0): ActivityRecord{c790fd5 u0 com.example.dogglers/androidx.test.core.app.InstrumentationActivityInvoker$BootstrapActivity} t7112}
09-25 13:19:23.789  3108 29076 D RemoteAppTaskWatcher:  ****** RemoteAppTaskWatcher: Message Received 5 Task ID = 0
09-25 13:19:23.790  3108  4074 V WindowManager: Relayout Window{b45c124 u0 Splash Screen com.example.dogglers}: viewVisibility=0 req=1440x3088 d0
09-25 13:19:23.790  5369  5369 I TopTaskTracker: onTaskMovedToFront : taskId = 7112
09-25 13:19:23.790  1914  4196 I SurfaceFlinger: id=162234 createSurf, flag=40004, Splash Screen com.example.dogglers$_4768#162234
09-25 13:19:23.794  6586 10126 I SAMSUNGWALLET: [Hint_ProcessStatusChange] fg Change, pid : 5639 , isNotify : false , isForeground : true , fg list : []
09-25 13:19:23.794  6586 10126 I SAMSUNGWALLET: [ProcessStatusChange] fg Change, pid : 5639 , isNotify : false , isForeground : true , fg list : []
09-25 13:19:23.794  6586 25742 I SAMSUNGWALLET: [Hint_ProcessStatusChange] fg Change, pid : 5639 , isNotify : false , isForeground : true , fg list : []
09-25 13:19:23.794  6586 25742 I SAMSUNGWALLET: [ProcessStatusChange] fg Change, pid : 5639 , isNotify : false , isForeground : true , fg list : []
09-25 13:19:23.794  6586 25742 I SAMSUNGWALLET: [Hint_ProcessStatusChange] fg Change, pid : 5639 , isNotify : false , isForeground : true , fg list : []
09-25 13:19:23.794  6586 25742 I SAMSUNGWALLET: [ProcessStatusChange] fg Change, pid : 5639 , isNotify : false , isForeground : true , fg list : []
09-25 13:19:23.795  3108  4074 V WindowManager: Relayout hash=b45c124, pid=4768, syncId=-1: mAttrs={(0,0)(fillxfill) sim={adjust=pan} ty=APPLICATION_STARTING fmt=TRANSLUCENT wanim=0x1030001
09-25 13:19:23.795  3108  4074 V WindowManager:   fl=81030118
09-25 13:19:23.795  3108  4074 V WindowManager:   pfl=16000010
09-25 13:19:23.795  3108  4074 V WindowManager:   bhv=DEFAULT
09-25 13:19:23.795  3108  4074 V WindowManager:   fitSides= naviIconColor=0}
09-25 13:19:23.795  3108  4605 D AS.MultiSoundManager: mForegroundUid = 10577
09-25 13:19:23.796  4768  4843 D InsetsController: onStateChanged: InsetsState: {mDisplayFrame=Rect(0, 0 - 1440, 3088), mDisplayCutout=DisplayCutout{insets=Rect(0, 100 - 0, 0) waterfall=Insets{left=0, top=0, right=0, bottom=0} boundingRect={Bounds=[Rect(0, 0 - 0, 0), Rect(685, 0 - 756, 100), Rect(0, 0 - 0, 0), Rect(0, 0 - 0, 0)]} cutoutPathParserInfo={CutoutPathParserInfo{displayWidth=1440 displayHeight=3088 physicalDisplayWidth=1440 physicalDisplayHeight=3088 density={3.75} cutoutSpec={M 0,0 H -9.466666666666667 V 26.66666666666667‬ H 9.466666666666667 V 0 H 0 Z @dp} rotation={0} scale={1.0} physicalPixelDisplaySizeRatio={1.0}}}}, mRoundedCorners=RoundedCorners{[RoundedCorner{position=TopLeft, radius=14, center=Point(14, 14)}, RoundedCorner{position=TopRight, radius=14, center=Point(1426, 14)}, RoundedCorner{position=BottomRight, radius=14, center=Point(1426, 3074)}, RoundedCorner{position=BottomLeft, radius=14, center=Point(14, 3074)}]}  mRoundedCornerFrame=Rect(0, 0 - 1440, 3088), mPrivacyIndicatorBounds=PrivacyIndicatorBounds {static bounds=Rect(1286, 0 - 1440, 100) rotation=0}, mSources= { InsetsSource: {mType=ITYPE_STATUS_BAR, mFrame=[0,0][1440,100], mVisible=true, mInsetsRoundedCornerFrame=false}, InsetsSource: {mType=ITYPE_NAVIGATION_BAR, mFrame=[0,3088][1440,3088], mVisible=true, mInsetsRoundedCornerFrame=false}, InsetsSource: {mType=ITYPE_LEFT_GESTURES, mFrame=[0,0][0,3088], mVisible=true, mInsetsRoundedCornerFrame=false}, InsetsSource: {mType=ITYPE_RIGHT_GESTURES, mFrame=[1440,0][1440,3088], mVisible=true, mInsetsRoundedCornerFrame=false}, InsetsSource: {mType=ITYPE_TOP_MANDATORY_GESTURES, mFrame=[0,0][1440,142], mVisible=true, mInsetsRoundedCornerFrame=false}, InsetsSource: {mType=ITYPE_BOTTOM_MANDATORY_GESTURES, mFrame=[0,3018][1440,3088], mVisible=true, mInsetsRoundedCornerFrame=false}, InsetsSource: {mType=ITYPE_LEFT_DISPLAY_CUTOUT, mFrame=[0,0][-100000,3088], mVisible=true, mInsetsRoundedCornerFrame=false}, InsetsSource: {mType=ITYPE_TOP_DISPLAY_CUTOUT, mFrame=[0,0][1440,100], mVisible=true, mInsetsRoundedCornerFrame=false}, InsetsSource: {mType=ITYPE_RIGHT_DISPLAY_CUTOUT, mFrame=[100000,0][1440,3088], mVisible=true, mInsetsRoundedCornerFrame=false}, InsetsSource: {mType=ITYPE_BOTTOM_DISPLAY_CUTOUT, mFrame=[0,100000][1440,3088], mVisible=true, mInsetsRoundedCornerFrame=false}, InsetsSource: {mType=ITYPE_TOP_TAPPABLE_ELEMENT, mFrame=[0,0][1440,100], mVisible=true, mInsetsRoundedCornerFrame=false}, InsetsSource: {mType=ITYPE_BOTTOM_TAPPABLE_ELEMENT, mFrame=[0,0][0,0], mVisible=true, mInsetsRoundedCornerFrame=false}, InsetsSource: {mType=ITYPE_IME, mFrame=[0,0][0,0], mVisibleFrame=[0,3088][1440,3088], mVisible=false, mInsetsRoundedCornerFrame=false} } host=Splash Screen com.example.dogglers from=android.view.ViewRootImpl.relayoutWindow:9802
09-25 13:19:23.796  4768  4843 I ViewRootImpl@6705a21[dogglers]: updateBlastSurfaceIfNeeded mBlastBufferQueue=null isSameSurfaceControl=false
09-25 13:19:23.796  1914  1914 I SurfaceFlinger: [c7375dc com.sec.android.app.launcher/com.sec.android.app.launcher.activities.LauncherActivity#176] FrameRatePriority: -1
09-25 13:19:23.796  4768  4843 I BLASTBufferQueue: new BLASTBufferQueue, mName= ViewRootImpl@6705a21[dogglers] mNativeObject= 0xb400007705019c80 sc.mNativeObject= 0xb40000773222de20 caller= android.view.ViewRootImpl.updateBlastSurfaceIfNeeded:2909 android.view.ViewRootImpl.relayoutWindow:9847 android.view.ViewRootImpl.performTraversals:3884 android.view.ViewRootImpl.doTraversal:3116 android.view.ViewRootImpl$TraversalRunnable.run:10885 android.view.Choreographer$CallbackRecord.run:1301 android.view.Choreographer$CallbackRecord.run:1309 android.view.Choreographer.doCallbacks:923 android.view.Choreographer.doFrame:852 android.view.Choreographer$FrameDisplayEventReceiver.run:1283
09-25 13:19:23.796  4768  4843 I BLASTBufferQueue: update, w= 1440 h= 3088 mName = ViewRootImpl@6705a21[dogglers] mNativeObject= 0xb400007705019c80 sc.mNativeObject= 0xb40000773222de20 format= -3 caller= android.graphics.BLASTBufferQueue.<init>:84 android.view.ViewRootImpl.updateBlastSurfaceIfNeeded:2909 android.view.ViewRootImpl.relayoutWindow:9847 android.view.ViewRootImpl.performTraversals:3884 android.view.ViewRootImpl.doTraversal:3116 android.view.ViewRootImpl$TraversalRunnable.run:10885
09-25 13:19:23.797  4768  4843 I ViewRootImpl@6705a21[dogglers]: Relayout returned: old=(0,0,1440,3088) new=(0,0,1440,3088) req=(1440,3088)0 dur=11 res=0x3 s={true 0xb40000770047b800} ch=true seqId=0
09-25 13:19:23.797  4768  4843 I ViewRootImpl@6705a21[dogglers]: performConfigurationChange setNightDimText nightDimLevel=0
09-25 13:19:23.797  4768  4843 I ViewRootImpl@6705a21[dogglers]: mThreadedRenderer.initialize() mSurface={isValid=true 0xb40000770047b800} hwInitialized=true
09-25 13:19:23.797  5639  5639 D LifecycleMonitor: Lifecycle status change: androidx.test.core.app.InstrumentationActivityInvoker$BootstrapActivity@d3e7d90 in: PRE_ON_CREATE
09-25 13:19:23.797  4768  4851 D OpenGLRenderer: eglCreateWindowSurface
09-25 13:19:23.798  5639  5639 V ActivityScenario: Activity lifecycle changed event received but ignored because the intent does not match. startActivityIntent=Intent { act=android.intent.action.MAIN cat=[android.intent.category.LAUNCHER] cmp=com.example.dogglers/.GridListActivity }, activity.getIntent()=Intent { act=android.intent.action.MAIN cat=[android.intent.category.LAUNCHER] flg=0x10008000 cmp=com.example.dogglers/androidx.test.core.app.InstrumentationActivityInvoker$BootstrapActivity (has extras) }, activity=androidx.test.core.app.InstrumentationActivityInvoker$BootstrapActivity@d3e7d90
09-25 13:19:23.801  3108  3230 I SemPersonaManager: SecureFolder personaId = 150
09-25 13:19:23.801  4768  4843 I ViewRootImpl@6705a21[dogglers]: reportNextDraw android.view.ViewRootImpl.performTraversals:4438 android.view.ViewRootImpl.doTraversal:3116 android.view.ViewRootImpl$TraversalRunnable.run:10885 android.view.Choreographer$CallbackRecord.run:1301 android.view.Choreographer$CallbackRecord.run:1309
09-25 13:19:23.801  4768  4843 I ViewRootImpl@6705a21[dogglers]: Setup new sync id=0
09-25 13:19:23.801  4768  4843 I ViewRootImpl@6705a21[dogglers]: Setting syncFrameCallback
09-25 13:19:23.801  4768  4843 I ViewRootImpl@6705a21[dogglers]: registerCallbacksForSync syncBuffer=false
09-25 13:19:23.802  4768  4861 I ViewRootImpl@6705a21[dogglers]: Received frameDrawingCallback syncResult=0 frameNum=1.
09-25 13:19:23.802  4768  4861 I ViewRootImpl@6705a21[dogglers]: Setting up sync and frameCommitCallback
09-25 13:19:23.802  8130  9478 I [AirCmd]_ActivitySwitchDetector: onTaskFocusChanged : taskId 7112
09-25 13:19:23.803  4768  4851 I BLASTBufferQueue: [ViewRootImpl@6705a21[dogglers]#3972](f:0,a:0) onFrameAvailable the first frame is available
09-25 13:19:23.803 15715 15751 I WindowsLink: (TaskInfoManager) +++++++++++onRecentTaskStackUpdated
09-25 13:19:23.803  4768  4851 I ViewRootImpl@6705a21[dogglers]: Received frameCommittedCallback lastAttemptedDrawFrameNum=1 didProduceBuffer=true
09-25 13:19:23.804  4768  4851 D OpenGLRenderer: CFMS:: SetUp Pid : 4768    Tid : 4851
09-25 13:19:23.805  3108  3230 D EnterpriseDeviceManagerService: isMdmAdminPresentInternal() : MDM Admin Found - com.samsung.knox.securefolder
09-25 13:19:23.805  5639  5639 I DecorView: [INFO] isPopOver=false config=true
09-25 13:19:23.805  5639  5639 I DecorView: updateCaptionType: isFloating=false isApplication=true hasWindowDecorCaption=false this=DecorView@7b8aeaf[]
09-25 13:19:23.805  5639  5639 D DecorView: setCaptionType = 0, this = DecorView@7b8aeaf[]
09-25 13:19:23.806  5639  5639 I DecorView: getCurrentDensityDpi: from real metrics. densityDpi=560 msg=resources_loaded
09-25 13:19:23.806  5639  5639 I DecorView: setWindowBackground: isPopOver=false color=ff010101 d=android.graphics.drawable.StateListDrawable@935e2bc
09-25 13:19:23.806  5639  5639 D LifecycleMonitor: Lifecycle status change: androidx.test.core.app.InstrumentationActivityInvoker$BootstrapActivity@d3e7d90 in: CREATED
09-25 13:19:23.806  5639  5639 V ActivityScenario: Activity lifecycle changed event received but ignored because the intent does not match. startActivityIntent=Intent { act=android.intent.action.MAIN cat=[android.intent.category.LAUNCHER] cmp=com.example.dogglers/.GridListActivity }, activity.getIntent()=Intent { act=android.intent.action.MAIN cat=[android.intent.category.LAUNCHER] flg=0x10008000 cmp=com.example.dogglers/androidx.test.core.app.InstrumentationActivityInvoker$BootstrapActivity (has extras) }, activity=androidx.test.core.app.InstrumentationActivityInvoker$BootstrapActivity@d3e7d90
09-25 13:19:23.807  5639  5639 D LifecycleMonitor: Lifecycle status change: androidx.test.core.app.InstrumentationActivityInvoker$BootstrapActivity@d3e7d90 in: STARTED
09-25 13:19:23.807  5639  5639 V ActivityScenario: Activity lifecycle changed event received but ignored because the intent does not match. startActivityIntent=Intent { act=android.intent.action.MAIN cat=[android.intent.category.LAUNCHER] cmp=com.example.dogglers/.GridListActivity }, activity.getIntent()=Intent { act=android.intent.action.MAIN cat=[android.intent.category.LAUNCHER] flg=0x10008000 cmp=com.example.dogglers/androidx.test.core.app.InstrumentationActivityInvoker$BootstrapActivity (has extras) }, activity=androidx.test.core.app.InstrumentationActivityInvoker$BootstrapActivity@d3e7d90
09-25 13:19:23.807  4768  4843 I ViewRootImpl@6705a21[dogglers]: onSyncComplete
09-25 13:19:23.807  4768  4843 I ViewRootImpl@6705a21[dogglers]: setupSync seqId=0 mSyncId=0 fn=1 caller=android.view.ViewRootImpl$$ExternalSyntheticLambda11.accept:6 android.window.SurfaceSyncer.lambda$setupSync$1$android-window-SurfaceSyncer:128 android.window.SurfaceSyncer$$ExternalSyntheticLambda1.accept:8 android.window.SurfaceSyncer$SyncSet.checkIfSyncIsComplete:382 android.window.SurfaceSyncer$SyncSet.markSyncReady:359 android.window.SurfaceSyncer.markSyncReady:151 android.view.ViewRootImpl.performTraversals:4503
09-25 13:19:23.807  4768  4843 I ViewRootImpl@6705a21[dogglers]: reportDrawFinished seqId=0 mSyncId=-1 fn=1 mSurfaceChangedTransaction=0xb400007731f17b00
09-25 13:19:23.808  3108  4074 D InputDispatcher: Focus request (0): <null> but waiting because NOT_FOCUSABLE
09-25 13:19:23.808  3108  4074 D InputDispatcher: Focus left window (0): c7375dc com.sec.android.app.launcher/com.sec.android.app.launcher.activities.LauncherActivity
09-25 13:19:23.808  5369  5369 I ViewRootImpl@7533534[LauncherActivity]: MSG_WINDOW_FOCUS_CHANGED 0 0
09-25 13:19:23.808  5369  5369 I BaseActivity: removeActivityFlags, flags : 8
09-25 13:19:23.809  8130  9478 I [AirCmd]_ActivitySwitchDetector: onTaskFocusChanged : componentName - ComponentInfo{com.example.dogglers/androidx.test.core.app.InstrumentationActivityInvoker$BootstrapActivity}
09-25 13:19:23.809  8130  9478 I [AirCmd]_ActivitySwitchDetector: onTaskFocusChanged : mTopMostActivity - ComponentInfo{com.sec.android.app.launcher/com.android.launcher3.uioverrides.QuickstepLauncher}
09-25 13:19:23.810  8130  9478 I [AirCmd]_CallbackRepeater: stopRepeat : isWorking=false
09-25 13:19:23.810  8130  9478 I [AirCmd]_MediaControlStateMonitor: isForegroundAppSupportsMediaButton : mediaSession is empty
09-25 13:19:23.810  8130  9478 I [AirCmd]_MediaControlStateMonitor: active Notification List is null
09-25 13:19:23.810  8130  9478 I [AirCmd]_RemoteSpenMainController: hasGeneralAction : packageName is com.example.dogglers, activityName is androidx.test.core.app.InstrumentationActivityInvoker$BootstrapActivity, hasActions is false
09-25 13:19:23.810  8130  9478 I [AirCmd]_CameraAvailabilityMonitor: isCameraPreviewOn : mIsCameraPreviewOn is false
09-25 13:19:23.812  8423  8423 I ActivityUtils: HomePackage : com.sec.android.app.launcher, resumePackageName : com.example.dogglers
09-25 13:19:23.812  1914  4196 I SurfaceFlinger: id=162235 createSurf, flag=24000, Surface(name=Task=1)/@0xeddbc98 - animation-leash of app_transition#162235
09-25 13:19:23.814  5369  5369 I BadgeRenderer: Invalid count : 0
09-25 13:19:23.816  1914  3199 I SurfaceFlinger: id=162236 createSurf, flag=24004, Surface(name=Task=7112)/@0xdb2479f - animation-leash of app_transition#162236
09-25 13:19:23.819  1914  3199 I SurfaceFlinger: id=162237 createSurf, flag=80000, b06c8c ActivityRecordInputSink com.example.dogglers/androidx.test.core.app.InstrumentationActivityInvoker$BootstrapActivity#162237
09-25 13:19:23.821  4768  4838 D Bubbles : onLocusVisibilityChanged: LocusId[17_chars] visible=false
09-25 13:19:23.821  8130  9478 I [AirCmd]_CameraAvailabilityMonitor: isCameraPreviewOn : mIsCameraPreviewOn is false
09-25 13:19:23.821  1914  1914 I Layer   : Layer [Splash Screen com.example.dogglers$_4768#162234] hidden!! flag(0)
09-25 13:19:23.822  8130  9478 I [AirCmd]_MediaControlStateMonitor: isForegroundAppSupportsMediaButton : mediaSession is empty
09-25 13:19:23.822  8130  9478 I [AirCmd]_MediaControlStateMonitor: active Notification List is null
09-25 13:19:23.822  8130  9478 I [AirCmd]_PenActionRule: getAction : get default action data from remote action because pen action data is null.
09-25 13:19:23.822  8130  9478 I [AirCmd]_ButtonActionDetector: enableDoubleClickDetection: enabled=true, doubleClickWaitInterval=300
09-25 13:19:23.822  8130  9478 I [AirCmd]_RemoteSpenMainController: onSwitch : package is com.example.dogglers   and activity is androidx.test.core.app.InstrumentationActivityInvoker$BootstrapActivity and isBleConnected is false and hasActions is false
09-25 13:19:23.823  1914  3193 I SurfaceFlinger: id=162238 createSurf, flag=80004, ActivityRecord{b4c8f4a u0 com.example.dogglers/.GridListActivity} t7112}#162238
09-25 13:19:23.827  1914  4194 D NativeSemDvfsManager: acquire:: timeout = 2000 mIsAcquired = 1  mTagName : SurfaceFlinger
09-25 13:19:23.827  1914  4194 E NativeCustomFrequencyManager: [NativeCFMS] BpCustomFrequencyManager::acquire()
09-25 13:19:23.827  1809  1855 I HYPER-HAL: [RequestManager.cpp]acquire(): Acquired ID : 4248155  [1914 / 1000]    HINT : SF_GPU_MINLOCK    list : [TIMEOUT / 2000]
09-25 13:19:23.828  1914  3193 I SurfaceFlinger: id=162239 createSurf, flag=80000, 1af1cb5 ActivityRecordInputSink com.example.dogglers/.GridListActivity#162239
09-25 13:19:23.831  4768  4808 I ViewRootImpl@6705a21[dogglers]: Resizing android.view.ViewRootImpl@98a58d2: frame = [0,0][1440,3088] reportDraw = false forceLayout = false syncSeqId = 0
09-25 13:19:23.831  5639  5639 D LifecycleMonitor: Lifecycle status change: androidx.test.core.app.InstrumentationActivityInvoker$BootstrapActivity@d3e7d90 in: RESUMED
09-25 13:19:23.831  5759  5759 E pageboostd: Received HALT command code 2
09-25 13:19:23.831  4768  4843 I ViewRootImpl@6705a21[dogglers]: handleResized, msg = 4 frames=ClientWindowFrames{frame=[0,0][1440,3088] display=[0,0][1440,3088] parentFrame=[0,0][0,0] parentClippedByDisplayCutout=false} forceNextWindowRelayout=false displayId=0 resizeMode=-1 frameChanged=false displayFrameChanged=false configChanged=false displayChanged=false
09-25 13:19:23.831  5639  5639 V ActivityScenario: Activity lifecycle changed event received but ignored because the intent does not match. startActivityIntent=Intent { act=android.intent.action.MAIN cat=[android.intent.category.LAUNCHER] cmp=com.example.dogglers/.GridListActivity }, activity.getIntent()=Intent { act=android.intent.action.MAIN cat=[android.intent.category.LAUNCHER] flg=0x10008000 cmp=com.example.dogglers/androidx.test.core.app.InstrumentationActivityInvoker$BootstrapActivity (has extras) }, activity=androidx.test.core.app.InstrumentationActivityInvoker$BootstrapActivity@d3e7d90
09-25 13:19:23.832  3108  6142 I MediaSessionMonitor: Media session stopped : controllerList empty
09-25 13:19:23.832  5639  5639 D LifecycleMonitor: Lifecycle status change: androidx.test.core.app.InstrumentationActivityInvoker$BootstrapActivity@d3e7d90 in: PAUSED
09-25 13:19:23.832  5639  5639 V ActivityScenario: Activity lifecycle changed event received but ignored because the intent does not match. startActivityIntent=Intent { act=android.intent.action.MAIN cat=[android.intent.category.LAUNCHER] cmp=com.example.dogglers/.GridListActivity }, activity.getIntent()=Intent { act=android.intent.action.MAIN cat=[android.intent.category.LAUNCHER] flg=0x10008000 cmp=com.example.dogglers/androidx.test.core.app.InstrumentationActivityInvoker$BootstrapActivity (has extras) }, activity=androidx.test.core.app.InstrumentationActivityInvoker$BootstrapActivity@d3e7d90
09-25 13:19:23.834  3108  4073 D InputDispatcher: Focused application(0): ActivityRecord{b4c8f4a u0 com.example.dogglers/.GridListActivity} t7112}
09-25 13:19:23.835  3108 29076 D RemoteAppTaskWatcher:  ****** RemoteAppTaskWatcher: Message Received 5 Task ID = 0
09-25 13:19:23.838  5639  5639 D LifecycleMonitor: Lifecycle status change: com.example.dogglers.GridListActivity@ef834fd in: PRE_ON_CREATE
09-25 13:19:23.838  5639  5639 V ActivityScenario: Activity lifecycle changed event received but ignored because the reported transition was not ON_CREATE while the last known transition was PRE_ON_CREATE
09-25 13:19:23.839  3108  3230 I SemPersonaManager: SecureFolder personaId = 150
09-25 13:19:23.841  1914  1914 D SurfaceFlinger: Display 4630947093241269891 HWC layers:
09-25 13:19:23.841  1914  1914 D SurfaceFlinger:      CLIENT | 0xb400007af6c13480 | 0100 | RGBx_8888    |  592.0    0.0 1628.0 2220.0 |    0    0 1440 3088 | Wallpaper BBQ wrapper#90
09-25 13:19:23.841  1914  1914 D SurfaceFlinger:      CLIENT | 0xb400007af6c11c80 | 0100 | RGBA_8888    |    0.0    0.0 1440.0 3088.0 |    0    0 1440 3088 | com.sec.android.app.launcher/com.sec[...]rActivity$_5369#162113 (blurRegions)
09-25 13:19:23.841  1914  1914 D SurfaceFlinger:      DEVICE | 0xb400007af6c11b00 | 0100 | RGBA_8888    |    0.0    0.0 1440.0 3088.0 |  104  224 1336 2864 | Splash Screen com.example.dogglers$_4768#162234
09-25 13:19:23.841  1914  1914 D SurfaceFlinger:      DEVICE | 0xb400007af6c14880 | 0100 | RGBA_8888    |    0.0    0.0 1440.0  100.0 |    0    0 1440  100 | StatusBar$_4768#95
09-25 13:19:23.841  1914  1914 D SurfaceFlinger:      DEVICE | 0xb400007af8705400 | 0100 | RGBA_8888    |    0.0    0.0   67.0  589.0 |    0  562   67 1151 | com.samsung.android.app.cocktailbars[...]vice.CocktailBarService$_8423#156853
09-25 13:19:23.841  1914  1914 D SurfaceFlinger:      DEVICE | 0xb400007af8705500 | 0100 | RGBA_8888    |    0.0    0.0  518.0   48.0 |  922 3040 1440 3088 | SGestureOverlayWindow$_5369#156268
09-25 13:19:23.841  1914  1914 D SurfaceFlinger:      DEVICE | 0xb400007af6c15880 | 0100 | RGBA
09-25 13:19:23.841 15715 15751 I WindowsLink: (TaskInfoManager) +++++++++++onRecentTaskStackUpdated
09-25 13:19:23.841  1914  1914 D SurfaceFlinger: _8888    |    0.0    0.0 1440.0  168.0 |    0 2920 1440 3088 | NavigationBar0$_4768#92
09-25 13:19:23.841  1914  1914 D SurfaceFlinger:
09-25 13:19:23.841  5639  5639 I DecorView: [INFO] isPopOver=false config=true
09-25 13:19:23.841  5639  5639 I DecorView: updateCaptionType: isFloating=false isApplication=true hasWindowDecorCaption=false this=DecorView@5cfb8bb[]
09-25 13:19:23.841  5639  5639 D DecorView: setCaptionType = 0, this = DecorView@5cfb8bb[]
09-25 13:19:23.842  5639  5639 I DecorView: getCurrentDensityDpi: from real metrics. densityDpi=560 msg=resources_loaded
09-25 13:19:23.842  5639  5639 I DecorView: setWindowBackground: isPopOver=false color=ff121212 d=android.graphics.drawable.ColorDrawable@7855931
09-25 13:19:23.842  3108  3230 D EnterpriseDeviceManagerService: isMdmAdminPresentInternal() : MDM Admin Found - com.samsung.knox.securefolder
09-25 13:19:23.844  3108  6142 I MediaSessionMonitor: Media session stopped : controllerList empty
09-25 13:19:23.844  8423  8423 I ActivityUtils: HomePackage : com.sec.android.app.launcher, resumePackageName : com.example.dogglers
09-25 13:19:23.845  5639  5639 D LifecycleMonitor: Lifecycle status change: com.example.dogglers.GridListActivity@ef834fd in: CREATED
09-25 13:19:23.845  5639  5639 V ActivityScenario: Update currentActivityStage to CREATED, currentActivity=com.example.dogglers.GridListActivity@ef834fd
09-25 13:19:23.845  5639  5639 D LifecycleMonitor: Lifecycle status change: com.example.dogglers.GridListActivity@ef834fd in: STARTED
09-25 13:19:23.846  5639  5639 V ActivityScenario: Update currentActivityStage to STARTED, currentActivity=com.example.dogglers.GridListActivity@ef834fd
09-25 13:19:23.846  5639  5639 D LifecycleMonitor: Lifecycle status change: com.example.dogglers.GridListActivity@ef834fd in: RESUMED
09-25 13:19:23.846  5639  5639 V ActivityScenario: Update currentActivityStage to RESUMED, currentActivity=com.example.dogglers.GridListActivity@ef834fd
09-25 13:19:23.846  5639  5639 I MSHandlerLifeCycle: check: return. pkg=com.example.dogglers parent=null callers=com.android.internal.policy.DecorView.setVisibility:4412 android.app.ActivityThread.handleResumeActivity:5476 android.app.servertransaction.ResumeActivityItem.execute:54 android.app.servertransaction.ActivityTransactionItem.execute:45 android.app.servertransaction.TransactionExecutor.executeLifecycleState:176
09-25 13:19:23.846  5639  5639 I MSHandlerLifeCycle: removeMultiSplitHandler: no exist. decor=DecorView@5cfb8bb[]
09-25 13:19:23.847  5639  5729 D NativeCustomFrequencyManager: [NativeCFMS] BpCustomFrequencyManager::BpCustomFrequencyManager()
09-25 13:19:23.850  3108  4074 D InputTransport: Input channel constructed: '673e6a1', fd=1337
09-25 13:19:23.850  3108  4074 D InputTransport: Input channel constructed: '673e6a1', fd=1354
09-25 13:19:23.850  3108  4074 D InputTransport: Input channel constructed: '673e6a1', fd=1355
09-25 13:19:23.850  1914  3199 I SurfaceFlinger: id=162240 createSurf, flag=80004, 673e6a1 com.example.dogglers/com.example.dogglers.GridListActivity#162240
09-25 13:19:23.852  3108  4074 D InputTransport: Input channel destroyed: '673e6a1', fd=1355
09-25 13:19:23.853  5639  5639 D InsetsController: onStateChanged: InsetsState: {mDisplayFrame=Rect(0, 0 - 1440, 3088), mDisplayCutout=DisplayCutout{insets=Rect(0, 100 - 0, 0) waterfall=Insets{left=0, top=0, right=0, bottom=0} boundingRect={Bounds=[Rect(0, 0 - 0, 0), Rect(685, 0 - 756, 100), Rect(0, 0 - 0, 0), Rect(0, 0 - 0, 0)]} cutoutPathParserInfo={CutoutPathParserInfo{displayWidth=1440 displayHeight=3088 physicalDisplayWidth=1440 physicalDisplayHeight=3088 density={3.75} cutoutSpec={M 0,0 H -9.466666666666667 V 26.66666666666667‬ H 9.466666666666667 V 0 H 0 Z @dp} rotation={0} scale={1.0} physicalPixelDisplaySizeRatio={1.0}}}}, mRoundedCorners=RoundedCorners{[RoundedCorner{position=TopLeft, radius=14, center=Point(14, 14)}, RoundedCorner{position=TopRight, radius=14, center=Point(1426, 14)}, RoundedCorner{position=BottomRight, radius=14, center=Point(1426, 3074)}, RoundedCorner{position=BottomLeft, radius=14, center=Point(14, 3074)}]}  mRoundedCornerFrame=Rect(0, 0 - 1440, 3088), mPrivacyIndicatorBounds=PrivacyIndicatorBounds {static bounds=Rect(1286, 0 - 1440, 100) rotation=0}, mSources= { InsetsSource: {mType=ITYPE_STATUS_BAR, mFrame=[0,0][1440,100], mVisible=true, mInsetsRoundedCornerFrame=false}, InsetsSource: {mType=ITYPE_NAVIGATION_BAR, mFrame=[0,3088][1440,3088], mVisible=true, mInsetsRoundedCornerFrame=false}, InsetsSource: {mType=ITYPE_LEFT_GESTURES, mFrame=[0,0][0,3088], mVisible=true, mInsetsRoundedCornerFrame=false}, InsetsSource: {mType=ITYPE_RIGHT_GESTURES, mFrame=[1440,0][1440,3088], mVisible=true, mInsetsRoundedCornerFrame=false}, InsetsSource: {mType=ITYPE_TOP_MANDATORY_GESTURES, mFrame=[0,0][1440,142], mVisible=true, mInsetsRoundedCornerFrame=false}, InsetsSource: {mType=ITYPE_BOTTOM_MANDATORY_GESTURES, mFrame=[0,3018][1440,3088], mVisible=true, mInsetsRoundedCornerFrame=false}, InsetsSource: {mType=ITYPE_LEFT_DISPLAY_CUTOUT, mFrame=[0,0][-100000,3088], mVisible=true, mInsetsRoundedCornerFrame=false}, InsetsSource: {mType=ITYPE_TOP_DISPLAY_CUTOUT, mFrame=[0,0][1440,100], mVisible=true, mInsetsRoundedCornerFrame=false}, InsetsSource: {mType=ITYPE_RIGHT_DISPLAY_CUTOUT, mFrame=[100000,0][1440,3088], mVisible=true, mInsetsRoundedCornerFrame=false}, InsetsSource: {mType=ITYPE_BOTTOM_DISPLAY_CUTOUT, mFrame=[0,100000][1440,3088], mVisible=true, mInsetsRoundedCornerFrame=false}, InsetsSource: {mType=ITYPE_TOP_TAPPABLE_ELEMENT, mFrame=[0,0][1440,100], mVisible=true, mInsetsRoundedCornerFrame=false}, InsetsSource: {mType=ITYPE_BOTTOM_TAPPABLE_ELEMENT, mFrame=[0,0][0,0], mVisible=true, mInsetsRoundedCornerFrame=false}, InsetsSource: {mType=ITYPE_IME, mFrame=[0,0][0,0], mVisibleFrame=[0,3088][1440,3088], mVisible=false, mInsetsRoundedCornerFrame=false} } host=com.example.dogglers/com.example.dogglers.GridListActivity from=android.view.ViewRootImpl.setView:1732
09-25 13:19:23.855  5639  5639 I ViewRootImpl@c146108[GridListActivity]: setView = com.android.internal.policy.DecorView@5cfb8bb TM=true
09-25 13:19:23.855  1914  1914 D SurfaceFlinger: GPIS:: requestGPIS
09-25 13:19:23.855  5639  5639 I MSHandlerLifeCycle: removeMultiSplitHandler: no exist. decor=DecorView@5cfb8bb[GridListActivity]
09-25 13:19:23.856  3108  3338 D AnalyticsContainerHandler: handleMessage : { when=0 what=1 target=com.android.server.knox.KnoxAnalyticsContainer$AnalyticsHandler }
09-25 13:19:23.858  5639  5639 I ViewRootImpl@c146108[GridListActivity]: performTraversals params={(0,0)(fillxfill) sim={adjust=resize forwardNavigation} ty=BASE_APPLICATION wanim=0x1030309
09-25 13:19:23.858  5639  5639 I ViewRootImpl@c146108[GridListActivity]:   fl=81810100
09-25 13:19:23.858  5639  5639 I ViewRootImpl@c146108[GridListActivity]:   pfl=12020040
09-25 13:19:23.858  5639  5639 I ViewRootImpl@c146108[GridListActivity]:   bhv=DEFAULT
09-25 13:19:23.858  5639  5639 I ViewRootImpl@c146108[GridListActivity]:   fitSides= naviIconColor=0}
09-25 13:19:23.858  5639  5639 I ViewRootImpl@c146108[GridListActivity]: performTraversals mFirst=true windowShouldResize=true viewVisibilityChanged=false mForceNextWindowRelayout=false params={(0,0)(fillxfill) sim={adjust=resize forwardNavigation} ty=BASE_APPLICATION wanim=0x1030309
09-25 13:19:23.858  5639  5639 I ViewRootImpl@c146108[GridListActivity]:   fl=81810100
09-25 13:19:23.858  5639  5639 I ViewRootImpl@c146108[GridListActivity]:   pfl=12020040
09-25 13:19:23.858  5639  5639 I ViewRootImpl@c146108[GridListActivity]:   bhv=DEFAULT
09-25 13:19:23.858  5639  5639 I ViewRootImpl@c146108[GridListActivity]:   fitSides= naviIconColor=0}
09-25 13:19:23.858  3108  4074 V WindowManager: Relayout Window{673e6a1 u0 com.example.dogglers/com.example.dogglers.GridListActivity}: viewVisibility=0 req=1440x3088 d0
09-25 13:19:23.858  1914  3193 I SurfaceFlinger: id=162241 createSurf, flag=40004, com.example.dogglers/com.example.dogglers.GridListActivity$_5639#162241
09-25 13:19:23.862  1914  3193 I SurfaceFlinger: id=162242 createSurf, flag=24000, Surface(name=4eb27f5 StatusBar)/@0x43fa543 - animation-leash of insets_animation#162242
09-25 13:19:23.864  1914  4196 I SurfaceFlinger: id=162243 createSurf, flag=24000, Surface(name=d110b4c NavigationBar0)/@0x8bdb781 - animation-leash of insets_animation#162243
09-25 13:19:23.866  5369 18503 I TouchInteractionService: onSystemUiStateChanged, stateFlags : 131120 |a11y_click|a11y_long_click|allow_gesture|
09-25 13:19:23.866  3108  4074 V WindowManager: Relayout hash=673e6a1, pid=5639, syncId=-1: mAttrs={(0,0)(fillxfill) sim={adjust=resize forwardNavigation} ty=BASE_APPLICATION wanim=0x1030309
09-25 13:19:23.866  3108  4074 V WindowManager:   fl=81810100
09-25 13:19:23.866  3108  4074 V WindowManager:   pfl=12020040
09-25 13:19:23.866  3108  4074 V WindowManager:   bhv=DEFAULT
09-25 13:19:23.866  3108  4074 V WindowManager:   fitSides= naviIconColor=0}
09-25 13:19:23.866  5369  5369 I RecentsAnimationDeviceState: setSystemUiFlags, stateFlags : 131120
09-25 13:19:23.866  5369  5369 W SGestureOverlayWindow: setVisibilityGestureOverlayWindow, visibility = 0
09-25 13:19:23.866  5369  5369 I TouchInteractionService: onSystemUiFlagsChanged, lastSysUIFlags : 48
09-25 13:19:23.867  5639  5639 I ViewRootImpl@c146108[GridListActivity]: updateBlastSurfaceIfNeeded mBlastBufferQueue=null isSameSurfaceControl=false
09-25 13:19:23.867  5639  5639 I BLASTBufferQueue: new BLASTBufferQueue, mName= ViewRootImpl@c146108[GridListActivity] mNativeObject= 0xb4000077a1044280 sc.mNativeObject= 0xb4000077b1d484c0 caller= android.view.ViewRootImpl.updateBlastSurfaceIfNeeded:2909 android.view.ViewRootImpl.relayoutWindow:9847 android.view.ViewRootImpl.performTraversals:3884 android.view.ViewRootImpl.doTraversal:3116 android.view.ViewRootImpl$TraversalRunnable.run:10885 android.view.Choreographer$CallbackRecord.run:1301 android.view.Choreographer$CallbackRecord.run:1309 android.view.Choreographer.doCallbacks:923 android.view.Choreographer.doFrame:852 android.view.Choreographer$FrameDisplayEventReceiver.run:1283
09-25 13:19:23.867  5639  5639 I BLASTBufferQueue: update, w= 1440 h= 3088 mName = ViewRootImpl@c146108[GridListActivity] mNativeObject= 0xb4000077a1044280 sc.mNativeObject= 0xb4000077b1d484c0 format= -1 caller= android.graphics.BLASTBufferQueue.<init>:84 android.view.ViewRootImpl.updateBlastSurfaceIfNeeded:2909 android.view.ViewRootImpl.relayoutWindow:9847 android.view.ViewRootImpl.performTraversals:3884 android.view.ViewRootImpl.doTraversal:3116 android.view.ViewRootImpl$TraversalRunnable.run:10885
09-25 13:19:23.868  5639  5639 I ViewRootImpl@c146108[GridListActivity]: Relayout returned: old=(0,0,1440,3088) new=(0,0,1440,3088) req=(1440,3088)0 dur=9 res=0x3 s={true 0xb40000772b215000} ch=true seqId=0
09-25 13:19:23.868  5639  5639 I ViewRootImpl@c146108[GridListActivity]: performConfigurationChange setNightDimText nightDimLevel=0
09-25 13:19:23.868  5639  5639 I ViewRootImpl@c146108[GridListActivity]: mThreadedRenderer.initialize() mSurface={isValid=true 0xb40000772b215000} hwInitialized=true
09-25 13:19:23.868  5639  5729 D OpenGLRenderer: eglCreateWindowSurface
09-25 13:19:23.871  1914  1914 I Layer   : id=162228 removedFromDrawingState Surface(name=d110b4c NavigationBar0)/@0x8bdb781 - animation-leash of insets_animation#162228 (334)
09-25 13:19:23.871  1914  1914 I Layer   : id=77 removedFromDrawingState d110b4c NavigationBar0#77 (334)
09-25 13:19:23.871  1914  1914 I Layer   : id=92 removedFromDrawingState NavigationBar0$_4768#92 (334)
09-25 13:19:23.871  1914  1914 I Layer   : id=162227 removedFromDrawingState Surface(name=4eb27f5 StatusBar)/@0x43fa543 - animation-leash of insets_animation#162227 (334)
09-25 13:19:23.871  1914  1914 I Layer   : id=77 addToCurrentState d110b4c NavigationBar0#77 (334)
09-25 13:19:23.871  1914  1914 I Layer   : id=92 addToCurrentState NavigationBar0$_4768#92 (334)
09-25 13:19:23.871  1914  1914 I SurfaceFlinger: [673e6a1 com.example.dogglers/com.example.dogglers.GridListActivity#162240] FrameRatePriority: 1
09-25 13:19:23.871  1914  1914 I SurfaceFlinger: id=162228 Removed Surface(name=d110b4c NavigationBar0)/@0x8bdb781 - animation-leash of insets_animation#162228 (334)
09-25 13:19:23.872  1914  1914 I SurfaceFlinger: id=162227 Removed Surface(name=4eb27f5 StatusBar)/@0x43fa543 - animation-leash of insets_animation#162227 (334)
09-25 13:19:23.872  1914  1914 I Layer   : id=162227 Destroyed Surface(name=4eb27f5 StatusBar)/@0x43fa543 - animation-leash of insets_animation#162227
09-25 13:19:23.872  1914  1914 I Layer   : id=162228 Destroyed Surface(name=d110b4c NavigationBar0)/@0x8bdb781 - animation-leash of insets_animation#162228
09-25 13:19:23.873  3108  4606 D InputDispatcher: Focus request (0): 673e6a1 com.example.dogglers/com.example.dogglers.GridListActivity but waiting because NO_WINDOW
09-25 13:19:23.881  5639  5639 I ViewRootImpl@c146108[GridListActivity]: reportNextDraw android.view.ViewRootImpl.performTraversals:4438 android.view.ViewRootImpl.doTraversal:3116 android.view.ViewRootImpl$TraversalRunnable.run:10885 android.view.Choreographer$CallbackRecord.run:1301 android.view.Choreographer$CallbackRecord.run:1309
09-25 13:19:23.881  5639  5639 I ViewRootImpl@c146108[GridListActivity]: Setup new sync id=0
09-25 13:19:23.882  5639  5639 I ViewRootImpl@c146108[GridListActivity]: Setting syncFrameCallback
09-25 13:19:23.882  5639  5639 I ViewRootImpl@c146108[GridListActivity]: registerCallbacksForSync syncBuffer=false
09-25 13:19:23.885  5639  5772 I ViewRootImpl@c146108[GridListActivity]: Received frameDrawingCallback syncResult=0 frameNum=1.
09-25 13:19:23.885  5639  5772 I ViewRootImpl@c146108[GridListActivity]: Setting up sync and frameCommitCallback
09-25 13:19:23.886  5639  5729 I BLASTBufferQueue: [ViewRootImpl@c146108[GridListActivity]#24](f:0,a:0) onFrameAvailable the first frame is available
09-25 13:19:23.886  5639  5729 I ViewRootImpl@c146108[GridListActivity]: Received frameCommittedCallback lastAttemptedDrawFrameNum=1 didProduceBuffer=true
09-25 13:19:23.887  5639  5729 D OpenGLRenderer: CFMS:: SetUp Pid : 5639    Tid : 5729
09-25 13:19:23.891  5639  5639 I ViewRootImpl@c146108[GridListActivity]: onSyncComplete
09-25 13:19:23.891  5639  5639 I ViewRootImpl@c146108[GridListActivity]: setupSync seqId=0 mSyncId=0 fn=1 caller=android.view.ViewRootImpl$$ExternalSyntheticLambda11.accept:6 android.window.SurfaceSyncer.lambda$setupSync$1$android-window-SurfaceSyncer:128 android.window.SurfaceSyncer$$ExternalSyntheticLambda1.accept:8 android.window.SurfaceSyncer$SyncSet.checkIfSyncIsComplete:382 android.window.SurfaceSyncer$SyncSet.markSyncReady:359 android.window.SurfaceSyncer.markSyncReady:151 android.view.ViewRootImpl.performTraversals:4503
09-25 13:19:23.891  5639  5639 I ViewRootImpl@c146108[GridListActivity]: reportDrawFinished seqId=0 mSyncId=-1 fn=1 mSurfaceChangedTransaction=0xb40000772b1cb700
09-25 13:19:23.894  3108  3227 W ziparchive: Unable to open '/data/app/~~ATcZRD0F-LmHTuxfrkuUPg==/com.example.dogglers-ejGvQ7nyEoA-Sr0nwgcZYw==/base.dm': No such file or directory
09-25 13:19:23.894  3108  3227 I PkgPredictorService-SecIpmManagerServiceImpl: reportToNAP uid:10577 com.example.dogglers/com.example.dogglers.GridListActivity thisTime:128
09-25 13:19:23.894  5639  5639 D RootViewPicker: Root not ready - waiting: 10ms for one to appear.
09-25 13:19:23.895  1914  3193 I SurfaceFlinger: id=162244 createSurf, flag=24000, Surface(name=673e6a1 com.example.dogglers/com.example.dogglers.GridListActivity)/@0xc2c017f - animation-leash of starting_reveal#162244
09-25 13:19:23.895  3108  3227 I ActivityTaskManager: Displayed com.example.dogglers/.GridListActivity: +128ms
09-25 13:19:23.895  5759  5759 E pageboostd: Received HALT command code 2
09-25 13:19:23.896  1914  1914 I Layer   : Layer [com.example.dogglers/com.example.dogglers.GridListActivity$_5639#162241] hidden!! flag(0)
09-25 13:19:23.900  1914  1914 D SurfaceFlinger: Display 4630947093241269891 HWC layers:
09-25 13:19:23.900  1914  1914 D SurfaceFlinger:      CLIENT | 0xb400007af6c13480 | 0100 | RGBx_8888    |  592.0    0.0 1628.0 2220.0 |    0    0 1440 3088 | Wallpaper BBQ wrapper#90
09-25 13:19:23.900  1914  1914 D SurfaceFlinger:      CLIENT | 0xb400007af6c11c80 | 0100 | RGBA_8888    |    0.0    0.0 1440.0 3088.0 |    0    0 1440 3088 | com.sec.android.app.launcher/com.sec[...]rActivity$_5369#162113 (blurRegions)
09-25 13:19:23.900  1914  1914 D SurfaceFlinger:      DEVICE | 0xb400007af6c11d80 | 0102 | RGBA_8888    |    0.0    0.0 1440.0 3088.0 |   63  135 1377 2953 | com.example.dogglers/com.example.dogglers.GridListActivity$_5639#162241
09-25 13:19:23.900  1914  1914 D SurfaceFlinger:      DEVICE | 0xb400007af6c11b00 | 0100 | RGBA_8888    |    0.0    0.0 1440.0 3088.0 |   63  135 1377 2953 | Splash Screen com.example.dogglers$_4768#162234
09-25 13:19:23.900  1914  1914 D SurfaceFlinger:      DEVICE | 0xb400007af6c14880 | 0100 | RGBA_8888    |    0.0    0.0 1440.0  100.0 |    0    0 1440  100 | StatusBar$_4768#95
09-25 13:19:23.900  1914  1914 D SurfaceFlinger:      DEVICE | 0xb400007af8705400 | 0100 | RGBA_8888    |    0.0    0.0   67.0  589.0 |    0  562   67 1151 | com.samsung.android.app.cocktailbars[...]vice.CocktailBarService$_8423#156853
09-25 13:19:23.900  1914  1914 D SurfaceFlinger:      DEVI
09-25 13:19:23.900  1914  1914 D SurfaceFlinger: CE | 0xb400007af8705500 | 0100 | RGBA_8888    |    0.0    0.0  518.0   48.0 |  922 3040 1440 3088 | SGestureOverlayWindow$_5369#156268
09-25 13:19:23.900  1914  1914 D SurfaceFlinger:      DEVICE | 0xb400007af6c15880 | 0100 | RGBA_8888    |    0.0    0.0 1440.0  168.0 |    0 2920 1440 3088 | NavigationBar0$_4768#92
09-25 13:19:23.900  1914  1914 D SurfaceFlinger:
09-25 13:19:23.900  3108  4606 D InputDispatcher: Focus entered window (0): 673e6a1 com.example.dogglers/com.example.dogglers.GridListActivity
09-25 13:19:23.901  3108  6456 I SemDvfsHyPerManager: acquire hyper - AMS_RESUME_TAIL/3108@20, type = -999
09-25 13:19:23.901  3108  6456 I SemDvfsHyPerManager: acquire hyper - AMS_ACT_LAZY/3108@21, type = -999
09-25 13:19:23.901  5639  5639 I ViewRootImpl@c146108[GridListActivity]: MSG_WINDOW_FOCUS_CHANGED 1 0
09-25 13:19:23.901  5639  5639 I ViewRootImpl@c146108[GridListActivity]: mThreadedRenderer.initializeIfNeeded()#2 mSurface={isValid=true 0xb40000772b215000}
09-25 13:19:23.901  1809  1855 I HYPER-HAL: [RequestManager.cpp]acquire(): Acquired ID : 4893776  [3108 / 20]    HINT : AMS_RESUME_TAIL    list :
09-25 13:19:23.902  5639  5639 D InputMethodManager: startInputInner - Id : 0
09-25 13:19:23.902  5639  5639 I InputMethodManager: startInputInner - mService.startInputOrWindowGainedFocus
09-25 13:19:23.903  3108  4606 D InputMethodManagerService: DESKTOP MODE! : 2
09-25 13:19:23.903  3108  4606 D InputMethodManagerService: NOT IN KNOX DESKTOP MODE!
