09-25 13:19:18.036  5639  5703 I TestRunner: started: clicking_horizontal_list_button_displays_horizontal_list(com.example.dogglers.ButtonTests)
09-25 13:19:18.037  1914  1914 I Layer   : id=161911 removedFromDrawingState ActivityRecord{1c18c5b u0 com.example.dogglers/.MainActivity} t7105}#161911 (324)
09-25 13:19:18.037  1914  1914 I Layer   : id=161912 removedFromDrawingState 16e8f6a ActivityRecordInputSink com.example.dogglers/.MainActivity#161912 (324)
09-25 13:19:18.037  1914  1914 I SurfaceFlinger: id=161911 Removed ActivityRecord{1c18c5b u0 com.example.dogglers/.MainActivity} t7105}#161911 (324)
09-25 13:19:18.038  1914  1914 I Layer   : id=161911 Destroyed ActivityRecord{1c18c5b u0 com.example.dogglers/.MainActivity} t7105}#161911
09-25 13:19:18.038  1914  1914 I Layer   : id=161912 Destroyed 16e8f6a ActivityRecordInputSink com.example.dogglers/.MainActivity#161912
09-25 13:19:18.040  5369  5369 I RecentsView: onTaskRemoved() taskId : 7105
09-25 13:19:18.040  5369  5369 I TopTaskTracker: onTaskRemoved : taskId = 7105
09-25 13:19:18.040  5369  5369 I RecentsView: onTaskRemoved() taskId : 7105
09-25 13:19:18.040  5369  5369 I TopTaskTracker: onTaskRemoved : taskId = 7105
09-25 13:19:18.045  3108 29076 D RemoteAppTaskWatcher:  ****** RemoteAppTaskWatcher: Message Received 3 Task ID = 7105
09-25 13:19:18.045  3108 29076 D RemoteAppTaskWatcher:  ****** RemoteAppTaskWatcher: Message Received 3 Task ID = 7105
09-25 13:19:18.045  5639  5703 W Settings: Setting always_finish_activities has moved from android.provider.Settings.System to android.provider.Settings.Global, returning read-only value.
09-25 13:19:18.046  1914  1914 I Layer   : id=161905 removedFromDrawingState ActivityRecord{d9585e8 u0 com.example.dogglers/androidx.test.core.app.InstrumentationActivityInvoker$BootstrapActivity} t7105}#161905 (322)
09-25 13:19:18.046  1914  1914 I Layer   : id=161910 removedFromDrawingState 4c022da ActivityRecordInputSink com.example.dogglers/androidx.test.core.app.InstrumentationActivityInvoker$BootstrapActivity#161910 (322)
09-25 13:19:18.046  1914  1914 I Layer   : id=161904 removedFromDrawingState Task=7105#161904 (322)
09-25 13:19:18.046  1914  1914 I Layer   : id=161939 removedFromDrawingState Task=7105#161939 (322)
09-25 13:19:18.046  1914  1914 I SurfaceFlinger: id=161905 Removed ActivityRecord{d9585e8 u0 com.example.dogglers/androidx.test.core.app.InstrumentationActivityInvoker$BootstrapActivity} t7105}#161905 (322)
09-25 13:19:18.046  1914  1914 I SurfaceFlinger: id=161939 Removed Task=7105#161939 (322)
09-25 13:19:18.046  1914  1914 I Layer   : id=161905 Destroyed ActivityRecord{d9585e8 u0 com.example.dogglers/androidx.test.core.app.InstrumentationActivityInvoker$BootstrapActivity} t7105}#161905
09-25 13:19:18.046  1914  1914 I Layer   : id=161910 Destroyed 4c022da ActivityRecordInputSink com.example.dogglers/androidx.test.core.app.InstrumentationActivityInvoker$BootstrapActivity#161910
09-25 13:19:18.046  1914  1914 I Layer   : id=161939 Destroyed Task=7105#161939
09-25 13:19:18.050  3108  3230 I ChimeraSystemEventListener: appLaunchIntent package name is: com.example.dogglers
09-25 13:19:18.051  3108  5688 I SemDvfsHyPerManager: acquire hyper - AMS_APP_SWITCH/3108@23, type = -999
09-25 13:19:18.051  1809  1855 I HYPER-HAL: [RequestManager.cpp]acquire(): Acquired ID : 4903169  [3108 / 23]    HINT : AMS_APP_SWITCH    list :
09-25 13:19:18.052  1914  2139 I SurfaceFlinger: id=161940 createSurf, flag=24004, Task=7106#161940
09-25 13:19:18.052  3108 29076 D RemoteAppTaskWatcher:  ****** RemoteAppTaskWatcher: Message Received 0 Task ID = 7106
09-25 13:19:18.052  8328  8328 I SemDvfsHyPerManager: acquire hyper - APP_START_SHORT/8328@19, type = -999
09-25 13:19:18.053  1914  2139 I SurfaceFlinger: id=161941 createSurf, flag=80004, ActivityRecord{d7a9a6d u0 com.example.dogglers/androidx.test.core.app.InstrumentationActivityInvoker$BootstrapActivity} t7106}#161941
09-25 13:19:18.053  3108  3143 W System  : A resource failed to call end.
09-25 13:19:18.055  1809  1855 I HYPER-HAL: [RequestManager.cpp]acquire(): Acquired ID : 34840397  [8328 / 19]    HINT : APP_START_LOW_HEAT    list : [TIMEOUT / 1500]
09-25 13:19:18.058  3108  3143 W System  : A resource failed to call release.
09-25 13:19:18.058  3108  8629 I SemDvfsHyPerManager: acquire hyper - AMS_APP_LAUNCH/3108@19, type = -999
09-25 13:19:18.058  1809  1855 I HYPER-HAL: [RequestManager.cpp]acquire(): Acquired ID : 4890647  [3108 / 19]    HINT : AMS_APP_LAUNCH    list :
09-25 13:19:18.059  3108 29076 D RemoteAppTaskWatcher:  ****** RemoteAppTaskWatcher: Message Received 4 Task ID = 7106
09-25 13:19:18.059  3108 29076 D RemoteAppTaskWatcher:  ****** RemoteAppTaskWatcher: Message Received 0 Task ID = 7106
09-25 13:19:18.059  8328  8328 I SemDvfsHyPerManager: acquire hyper - APP_START/8328@21, type = -999
09-25 13:19:18.059  1809  1855 I HYPER-HAL: [RequestManager.cpp]acquire(): Acquired ID : 34857096  [8328 / 21]    HINT : APP_START_LOW_HEAT    list :
09-25 13:19:18.059  5759  5759 E pageboostd: Received HALT command code 2
09-25 13:19:18.059  5369  5369 I BaseActivity: removeActivityFlags, flags : 16
09-25 13:19:18.060  5369  5369 I BaseActivity: removeActivityFlags, flags : 6
09-25 13:19:18.060  5369  5369 I DragController: endDrag
09-25 13:19:18.060  5369  5369 W LauncherAppWidgetHost: setShouldListenFlag, mFlags:15 flag:resume on:false isFront:false
09-25 13:19:18.060  5369  5369 I SPayUpdater: updateSpayHandler launcher activity is paused false
09-25 13:19:18.060  5369 11129 I WidgetRotationImpl: unsubscribeWidgetFocus 80
09-25 13:19:18.061  5369 11129 I IntelligentPlatformManagerImpl: unsubscribeWidgetFocus() id : 80
09-25 13:19:18.062  2229  8738 I CameraService: onUidStateChanged: uid=10042, procState is changed. (0 -> 1)
09-25 13:19:18.063  4768  4851 D NativeCustomFrequencyManager: [NativeCFMS] BpCustomFrequencyManager::BpCustomFrequencyManager()
09-25 13:19:18.065  3108  8629 D InputDispatcher: Focused application(0): ActivityRecord{d7a9a6d u0 com.example.dogglers/androidx.test.core.app.InstrumentationActivityInvoker$BootstrapActivity} t7106}
09-25 13:19:18.066  3108 29076 D RemoteAppTaskWatcher:  ****** RemoteAppTaskWatcher: Message Received 5 Task ID = 0
09-25 13:19:18.067  5369  5369 I TopTaskTracker: onTaskMovedToFront : taskId = 7106
09-25 13:19:18.068  6586 17206 I SAMSUNGWALLET: [Hint_ProcessStatusChange] fg Change, pid : 5639 , isNotify : false , isForeground : true , fg list : []
09-25 13:19:18.068  6586 17206 I SAMSUNGWALLET: [ProcessStatusChange] fg Change, pid : 5639 , isNotify : false , isForeground : true , fg list : []
09-25 13:19:18.070  6586 17206 I SAMSUNGWALLET: [Hint_ProcessStatusChange] fg Change, pid : 5639 , isNotify : false , isForeground : true , fg list : []
09-25 13:19:18.070  6586 17206 I SAMSUNGWALLET: [ProcessStatusChange] fg Change, pid : 5639 , isNotify : false , isForeground : true , fg list : []
09-25 13:19:18.070  6586 10126 I SAMSUNGWALLET: [Hint_ProcessStatusChange] fg Change, pid : 5639 , isNotify : false , isForeground : true , fg list : []
09-25 13:19:18.070  6586 10126 I SAMSUNGWALLET: [ProcessStatusChange] fg Change, pid : 5639 , isNotify : false , isForeground : true , fg list : []
09-25 13:19:18.071  1914  1914 I SurfaceFlinger: [c7375dc com.sec.android.app.launcher/com.sec.android.app.launcher.activities.LauncherActivity#176] FrameRatePriority: -1
09-25 13:19:18.071  3108  4659 D TrafficStats: tagSocket(1257) with statsTag=0xffffffff, statsUid=-1
09-25 13:19:18.071  3108  4074 D InputTransport: Input channel constructed: '2ec43ef', fd=1292
09-25 13:19:18.071  3108  4074 D InputTransport: Input channel constructed: '2ec43ef', fd=1293
09-25 13:19:18.072  3108  4074 D InputTransport: Input channel constructed: '2ec43ef', fd=1313
09-25 13:19:18.072  1914  4196 I SurfaceFlinger: id=161942 createSurf, flag=80004, 2ec43ef Splash Screen com.example.dogglers#161942
09-25 13:19:18.073  3108  4074 D InputTransport: Input channel destroyed: '2ec43ef', fd=1313
09-25 13:19:18.074  4768  4843 D InsetsController: onStateChanged: InsetsState: {mDisplayFrame=Rect(0, 0 - 1440, 3088), mDisplayCutout=DisplayCutout{insets=Rect(0, 100 - 0, 0) waterfall=Insets{left=0, top=0, right=0, bottom=0} boundingRect={Bounds=[Rect(0, 0 - 0, 0), Rect(685, 0 - 756, 100), Rect(0, 0 - 0, 0), Rect(0, 0 - 0, 0)]} cutoutPathParserInfo={CutoutPathParserInfo{displayWidth=1440 displayHeight=3088 physicalDisplayWidth=1440 physicalDisplayHeight=3088 density={3.75} cutoutSpec={M 0,0 H -9.466666666666667 V 26.66666666666667‬ H 9.466666666666667 V 0 H 0 Z @dp} rotation={0} scale={1.0} physicalPixelDisplaySizeRatio={1.0}}}}, mRoundedCorners=RoundedCorners{[RoundedCorner{position=TopLeft, radius=14, center=Point(14, 14)}, RoundedCorner{position=TopRight, radius=14, center=Point(1426, 14)}, RoundedCorner{position=BottomRight, radius=14, center=Point(1426, 3074)}, RoundedCorner{position=BottomLeft, radius=14, center=Point(14, 3074)}]}  mRoundedCornerFrame=Rect(0, 0 - 1440, 3088), mPrivacyIndicatorBounds=PrivacyIndicatorBounds {static bounds=Rect(1286, 0 - 1440, 100) rotation=0}, mSources= { InsetsSource: {mType=ITYPE_STATUS_BAR, mFrame=[0,0][1440,100], mVisible=true, mInsetsRoundedCornerFrame=false}, InsetsSource: {mType=ITYPE_NAVIGATION_BAR, mFrame=[0,3088][1440,3088], mVisible=true, mInsetsRoundedCornerFrame=false}, InsetsSource: {mType=ITYPE_LEFT_GESTURES, mFrame=[0,0][0,3088], mVisible=true, mInsetsRoundedCornerFrame=false}, InsetsSource: {mType=ITYPE_RIGHT_GESTURES, mFrame=[1440,0][1440,3088], mVisible=true, mInsetsRoundedCornerFrame=false}, InsetsSource: {mType=ITYPE_TOP_MANDATORY_GESTURES, mFrame=[0,0][1440,142], mVisible=true, mInsetsRoundedCornerFrame=false}, InsetsSource: {mType=ITYPE_BOTTOM_MANDATORY_GESTURES, mFrame=[0,3018][1440,3088], mVisible=true, mInsetsRoundedCornerFrame=false}, InsetsSource: {mType=ITYPE_LEFT_DISPLAY_CUTOUT, mFrame=[0,0][-100000,3088], mVisible=true, mInsetsRoundedCornerFrame=false}, InsetsSource: {mType=ITYPE_TOP_DISPLAY_CUTOUT, mFrame=[0,0][1440,100], mVisible=true, mInsetsRoundedCornerFrame=false}, InsetsSource: {mType=ITYPE_RIGHT_DISPLAY_CUTOUT, mFrame=[100000,0][1440,3088], mVisible=true, mInsetsRoundedCornerFrame=false}, InsetsSource: {mType=ITYPE_BOTTOM_DISPLAY_CUTOUT, mFrame=[0,100000][1440,3088], mVisible=true, mInsetsRoundedCornerFrame=false}, InsetsSource: {mType=ITYPE_TOP_TAPPABLE_ELEMENT, mFrame=[0,0][1440,100], mVisible=true, mInsetsRoundedCornerFrame=false}, InsetsSource: {mType=ITYPE_BOTTOM_TAPPABLE_ELEMENT, mFrame=[0,0][0,0], mVisible=true, mInsetsRoundedCornerFrame=false}, InsetsSource: {mType=ITYPE_IME, mFrame=[0,0][0,0], mVisibleFrame=[0,3088][1440,3088], mVisible=false, mInsetsRoundedCornerFrame=false} } host=Splash Screen com.example.dogglers from=android.view.ViewRootImpl.setView:1732
09-25 13:19:18.074  3108  4605 D AS.MultiSoundManager: mForegroundUid = 10577
09-25 13:19:18.074 15715 18710 I WindowsLink: (TaskInfoManager) +++++++++++onRecentTaskStackUpdated
09-25 13:19:18.075  5639  5639 D LifecycleMonitor: Lifecycle status change: androidx.test.core.app.InstrumentationActivityInvoker$BootstrapActivity@d369d1c in: PRE_ON_CREATE
09-25 13:19:18.075  5639  5639 V ActivityScenario: Activity lifecycle changed event received but ignored because the intent does not match. startActivityIntent=Intent { act=android.intent.action.MAIN cat=[android.intent.category.LAUNCHER] cmp=com.example.dogglers/.MainActivity }, activity.getIntent()=Intent { act=android.intent.action.MAIN cat=[android.intent.category.LAUNCHER] flg=0x10008000 cmp=com.example.dogglers/androidx.test.core.app.InstrumentationActivityInvoker$BootstrapActivity (has extras) }, activity=androidx.test.core.app.InstrumentationActivityInvoker$BootstrapActivity@d369d1c
09-25 13:19:18.077  4768  4843 I ViewRootImpl@8891238[dogglers]: setView = android.widget.FrameLayout@4d919e4 TM=true
09-25 13:19:18.077  8130  9478 I [AirCmd]_ActivitySwitchDetector: onTaskFocusChanged : taskId 7106
09-25 13:19:18.077  3108  3230 I SemPersonaManager: SecureFolder personaId = 150
09-25 13:19:18.077  4768  4843 I ViewRootImpl@8891238[dogglers]: performTraversals params={(0,0)(fillxfill) sim={adjust=pan} ty=APPLICATION_STARTING fmt=TRANSLUCENT wanim=0x1030001
09-25 13:19:18.077  4768  4843 I ViewRootImpl@8891238[dogglers]:   fl=81030118
09-25 13:19:18.077  4768  4843 I ViewRootImpl@8891238[dogglers]:   pfl=16000010
09-25 13:19:18.077  4768  4843 I ViewRootImpl@8891238[dogglers]:   bhv=DEFAULT
09-25 13:19:18.077  4768  4843 I ViewRootImpl@8891238[dogglers]:   fitSides= naviIconColor=0}
09-25 13:19:18.077  4768  4843 I ViewRootImpl@8891238[dogglers]: performTraversals mFirst=true windowShouldResize=true viewVisibilityChanged=false mForceNextWindowRelayout=false params={(0,0)(fillxfill) sim={adjust=pan} ty=APPLICATION_STARTING fmt=TRANSLUCENT wanim=0x1030001
09-25 13:19:18.077  4768  4843 I ViewRootImpl@8891238[dogglers]:   fl=81030118
09-25 13:19:18.077  4768  4843 I ViewRootImpl@8891238[dogglers]:   pfl=16000010
09-25 13:19:18.077  4768  4843 I ViewRootImpl@8891238[dogglers]:   bhv=DEFAULT
09-25 13:19:18.077  4768  4843 I ViewRootImpl@8891238[dogglers]:   fitSides= naviIconColor=0}
09-25 13:19:18.078  3108  4074 V WindowManager: Relayout Window{2ec43ef u0 Splash Screen com.example.dogglers}: viewVisibility=0 req=1440x3088 d0
09-25 13:19:18.078  5639  5639 I DecorView: [INFO] isPopOver=false config=true
09-25 13:19:18.078  1914  4196 I SurfaceFlinger: id=161943 createSurf, flag=40004, Splash Screen com.example.dogglers$_4768#161943
09-25 13:19:18.078  5639  5639 I DecorView: updateCaptionType: isFloating=false isApplication=true hasWindowDecorCaption=false this=DecorView@adccab[]
09-25 13:19:18.078  5639  5639 D DecorView: setCaptionType = 0, this = DecorView@adccab[]
09-25 13:19:18.079  5639  5639 I DecorView: getCurrentDensityDpi: from real metrics. densityDpi=560 msg=resources_loaded
09-25 13:19:18.079  5639  5639 I DecorView: setWindowBackground: isPopOver=false color=ff010101 d=android.graphics.drawable.StateListDrawable@59e6f08
09-25 13:19:18.079  5639  5639 D LifecycleMonitor: Lifecycle status change: androidx.test.core.app.InstrumentationActivityInvoker$BootstrapActivity@d369d1c in: CREATED
09-25 13:19:18.079  5639  5639 V ActivityScenario: Activity lifecycle changed event received but ignored because the intent does not match. startActivityIntent=Intent { act=android.intent.action.MAIN cat=[android.intent.category.LAUNCHER] cmp=com.example.dogglers/.MainActivity }, activity.getIntent()=Intent { act=android.intent.action.MAIN cat=[android.intent.category.LAUNCHER] flg=0x10008000 cmp=com.example.dogglers/androidx.test.core.app.InstrumentationActivityInvoker$BootstrapActivity (has extras) }, activity=androidx.test.core.app.InstrumentationActivityInvoker$BootstrapActivity@d369d1c
09-25 13:19:18.080  5639  5639 D LifecycleMonitor: Lifecycle status change: androidx.test.core.app.InstrumentationActivityInvoker$BootstrapActivity@d369d1c in: STARTED
09-25 13:19:18.080  5639  5639 V ActivityScenario: Activity lifecycle changed event received but ignored because the intent does not match. startActivityIntent=Intent { act=android.intent.action.MAIN cat=[android.intent.category.LAUNCHER] cmp=com.example.dogglers/.MainActivity }, activity.getIntent()=Intent { act=android.intent.action.MAIN cat=[android.intent.category.LAUNCHER] flg=0x10008000 cmp=com.example.dogglers/androidx.test.core.app.InstrumentationActivityInvoker$BootstrapActivity (has extras) }, activity=androidx.test.core.app.InstrumentationActivityInvoker$BootstrapActivity@d369d1c
09-25 13:19:18.080  3108  3146 D InputDispatcher: Focus request (0): <null> but waiting because NOT_FOCUSABLE
09-25 13:19:18.080  3108  3146 D InputDispatcher: Focus left window (0): c7375dc com.sec.android.app.launcher/com.sec.android.app.launcher.activities.LauncherActivity
09-25 13:19:18.080  5369  5369 I ViewRootImpl@7533534[LauncherActivity]: MSG_WINDOW_FOCUS_CHANGED 0 0
09-25 13:19:18.080  3108  4074 V WindowManager: Relayout hash=2ec43ef, pid=4768, syncId=-1: mAttrs={(0,0)(fillxfill) sim={adjust=pan} ty=APPLICATION_STARTING fmt=TRANSLUCENT wanim=0x1030001
09-25 13:19:18.080  3108  4074 V WindowManager:   fl=81030118
09-25 13:19:18.080  3108  4074 V WindowManager:   pfl=16000010
09-25 13:19:18.080  3108  4074 V WindowManager:   bhv=DEFAULT
09-25 13:19:18.080  3108  4074 V WindowManager:   fitSides= naviIconColor=0}
09-25 13:19:18.080  5369  5369 I BaseActivity: removeActivityFlags, flags : 8
09-25 13:19:18.081  4768  4843 I ViewRootImpl@8891238[dogglers]: updateBlastSurfaceIfNeeded mBlastBufferQueue=null isSameSurfaceControl=false
09-25 13:19:18.081  4768  4843 I BLASTBufferQueue: new BLASTBufferQueue, mName= ViewRootImpl@8891238[dogglers] mNativeObject= 0xb400007705019c80 sc.mNativeObject= 0xb400007721bcffa0 caller= android.view.ViewRootImpl.updateBlastSurfaceIfNeeded:2909 android.view.ViewRootImpl.relayoutWindow:9847 android.view.ViewRootImpl.performTraversals:3884 android.view.ViewRootImpl.doTraversal:3116 android.view.ViewRootImpl$TraversalRunnable.run:10885 android.view.Choreographer$CallbackRecord.run:1301 android.view.Choreographer$CallbackRecord.run:1309 android.view.Choreographer.doCallbacks:923 android.view.Choreographer.doFrame:852 android.view.Choreographer$FrameDisplayEventReceiver.run:1283
09-25 13:19:18.081  4768  4843 I BLASTBufferQueue: update, w= 1440 h= 3088 mName = ViewRootImpl@8891238[dogglers] mNativeObject= 0xb400007705019c80 sc.mNativeObject= 0xb400007721bcffa0 format= -3 caller= android.graphics.BLASTBufferQueue.<init>:84 android.view.ViewRootImpl.updateBlastSurfaceIfNeeded:2909 android.view.ViewRootImpl.relayoutWindow:9847 android.view.ViewRootImpl.performTraversals:3884 android.view.ViewRootImpl.doTraversal:3116 android.view.ViewRootImpl$TraversalRunnable.run:10885
09-25 13:19:18.082  4768  4843 I ViewRootImpl@8891238[dogglers]: Relayout returned: old=(0,0,1440,3088) new=(0,0,1440,3088) req=(1440,3088)0 dur=4 res=0x3 s={true 0xb4000076f69b5800} ch=true seqId=0
09-25 13:19:18.082  1914  3199 I SurfaceFlinger: id=161944 createSurf, flag=80004, ActivityRecord{4bc117e u0 com.example.dogglers/.MainActivity} t7106}#161944
09-25 13:19:18.082  4768  4843 I ViewRootImpl@8891238[dogglers]: performConfigurationChange setNightDimText nightDimLevel=0
09-25 13:19:18.082  4768  4843 I ViewRootImpl@8891238[dogglers]: mThreadedRenderer.initialize() mSurface={isValid=true 0xb4000076f69b5800} hwInitialized=true
09-25 13:19:18.082  4768  4851 D OpenGLRenderer: eglCreateWindowSurface
09-25 13:19:18.083  3108  3230 D EnterpriseDeviceManagerService: isMdmAdminPresentInternal() : MDM Admin Found - com.samsung.knox.securefolder
09-25 13:19:18.083  8130  9478 I [AirCmd]_ActivitySwitchDetector: onTaskFocusChanged : componentName - ComponentInfo{com.example.dogglers/androidx.test.core.app.InstrumentationActivityInvoker$BootstrapActivity}
09-25 13:19:18.083  8130  9478 I [AirCmd]_ActivitySwitchDetector: onTaskFocusChanged : mTopMostActivity - ComponentInfo{com.sec.android.app.launcher/com.android.launcher3.uioverrides.QuickstepLauncher}
09-25 13:19:18.084  8130  9478 I [AirCmd]_CallbackRepeater: stopRepeat : isWorking=false
09-25 13:19:18.084  8130  9478 I [AirCmd]_MediaControlStateMonitor: isForegroundAppSupportsMediaButton : mediaSession is empty
09-25 13:19:18.085  8130  9478 I [AirCmd]_MediaControlStateMonitor: active Notification List is null
09-25 13:19:18.085  8130  9478 I [AirCmd]_RemoteSpenMainController: hasGeneralAction : packageName is com.example.dogglers, activityName is androidx.test.core.app.InstrumentationActivityInvoker$BootstrapActivity, hasActions is false
09-25 13:19:18.085  8130  9478 I [AirCmd]_CameraAvailabilityMonitor: isCameraPreviewOn : mIsCameraPreviewOn is false
09-25 13:19:18.085  5759  5759 E pageboostd: Received HALT command code 2
09-25 13:19:18.085  5639  5639 D LifecycleMonitor: Lifecycle status change: androidx.test.core.app.InstrumentationActivityInvoker$BootstrapActivity@d369d1c in: RESUMED
09-25 13:19:18.085  5639  5639 V ActivityScenario: Activity lifecycle changed event received but ignored because the intent does not match. startActivityIntent=Intent { act=android.intent.action.MAIN cat=[android.intent.category.LAUNCHER] cmp=com.example.dogglers/.MainActivity }, activity.getIntent()=Intent { act=android.intent.action.MAIN cat=[android.intent.category.LAUNCHER] flg=0x10008000 cmp=com.example.dogglers/androidx.test.core.app.InstrumentationActivityInvoker$BootstrapActivity (has extras) }, activity=androidx.test.core.app.InstrumentationActivityInvoker$BootstrapActivity@d369d1c
09-25 13:19:18.086  5639  5639 D LifecycleMonitor: Lifecycle status change: androidx.test.core.app.InstrumentationActivityInvoker$BootstrapActivity@d369d1c in: PAUSED
09-25 13:19:18.086  5639  5639 V ActivityScenario: Activity lifecycle changed event received but ignored because the intent does not match. startActivityIntent=Intent { act=android.intent.action.MAIN cat=[android.intent.category.LAUNCHER] cmp=com.example.dogglers/.MainActivity }, activity.getIntent()=Intent { act=android.intent.action.MAIN cat=[android.intent.category.LAUNCHER] flg=0x10008000 cmp=com.example.dogglers/androidx.test.core.app.InstrumentationActivityInvoker$BootstrapActivity (has extras) }, activity=androidx.test.core.app.InstrumentationActivityInvoker$BootstrapActivity@d369d1c
09-25 13:19:18.086  4768  4843 I ViewRootImpl@8891238[dogglers]: reportNextDraw android.view.ViewRootImpl.performTraversals:4438 android.view.ViewRootImpl.doTraversal:3116 android.view.ViewRootImpl$TraversalRunnable.run:10885 android.view.Choreographer$CallbackRecord.run:1301 android.view.Choreographer$CallbackRecord.run:1309
09-25 13:19:18.086  4768  4843 I ViewRootImpl@8891238[dogglers]: Setup new sync id=0
09-25 13:19:18.086  4768  4843 I ViewRootImpl@8891238[dogglers]: Setting syncFrameCallback
09-25 13:19:18.086  4768  4843 I ViewRootImpl@8891238[dogglers]: registerCallbacksForSync syncBuffer=false
09-25 13:19:18.086  8130  9478 I [AirCmd]_CameraAvailabilityMonitor: isCameraPreviewOn : mIsCameraPreviewOn is false
09-25 13:19:18.087  4768  4861 I ViewRootImpl@8891238[dogglers]: Received frameDrawingCallback syncResult=0 frameNum=1.
09-25 13:19:18.087  4768  4861 I ViewRootImpl@8891238[dogglers]: Setting up sync and frameCommitCallback
09-25 13:19:18.087  3108  8629 D InputDispatcher: Focused application(0): ActivityRecord{4bc117e u0 com.example.dogglers/.MainActivity} t7106}
09-25 13:19:18.088  3108 29076 D RemoteAppTaskWatcher:  ****** RemoteAppTaskWatcher: Message Received 5 Task ID = 0
09-25 13:19:18.088  5369  5369 I BadgeRenderer: Invalid count : 0
09-25 13:19:18.088  4768  4851 I BLASTBufferQueue: [ViewRootImpl@8891238[dogglers]#3966](f:0,a:0) onFrameAvailable the first frame is available
09-25 13:19:18.089  4768  4851 I ViewRootImpl@8891238[dogglers]: Received frameCommittedCallback lastAttemptedDrawFrameNum=1 didProduceBuffer=true
09-25 13:19:18.090  4768  4851 D OpenGLRenderer: CFMS:: SetUp Pid : 4768    Tid : 4851
09-25 13:19:18.090  8130  9478 I [AirCmd]_MediaControlStateMonitor: isForegroundAppSupportsMediaButton : mediaSession is empty
09-25 13:19:18.090  8130  9478 I [AirCmd]_MediaControlStateMonitor: active Notification List is null
09-25 13:19:18.090  8130  9478 I [AirCmd]_PenActionRule: getAction : get default action data from remote action because pen action data is null.
09-25 13:19:18.090  8130  9478 I [AirCmd]_ButtonActionDetector: enableDoubleClickDetection: enabled=true, doubleClickWaitInterval=300
09-25 13:19:18.090  8130  9478 I [AirCmd]_RemoteSpenMainController: onSwitch : package is com.example.dogglers   and activity is androidx.test.core.app.InstrumentationActivityInvoker$BootstrapActivity and isBleConnected is false and hasActions is false
09-25 13:19:18.091  8423  8423 I ActivityUtils: HomePackage : com.sec.android.app.launcher, resumePackageName : com.example.dogglers
09-25 13:19:18.092  4768  4843 I ViewRootImpl@8891238[dogglers]: onSyncComplete
09-25 13:19:18.092  3108  6142 I MediaSessionMonitor: Media session stopped : controllerList empty
09-25 13:19:18.094 15715 18710 I WindowsLink: (TaskInfoManager) +++++++++++onRecentTaskStackUpdated
09-25 13:19:18.094  4768  4843 I ViewRootImpl@8891238[dogglers]: setupSync seqId=0 mSyncId=0 fn=1 caller=android.view.ViewRootImpl$$ExternalSyntheticLambda11.accept:6 android.window.SurfaceSyncer.lambda$setupSync$1$android-window-SurfaceSyncer:128 android.window.SurfaceSyncer$$ExternalSyntheticLambda1.accept:8 android.window.SurfaceSyncer$SyncSet.checkIfSyncIsComplete:382 android.window.SurfaceSyncer$SyncSet.markSyncReady:359 android.window.SurfaceSyncer.markSyncReady:151 android.view.ViewRootImpl.performTraversals:4503
09-25 13:19:18.094  4768  4843 I ViewRootImpl@8891238[dogglers]: reportDrawFinished seqId=0 mSyncId=-1 fn=1 mSurfaceChangedTransaction=0xb4000076e571f500
09-25 13:19:18.094  5639  5639 D LifecycleMonitor: Lifecycle status change: com.example.dogglers.MainActivity@6b7c8d9 in: PRE_ON_CREATE
09-25 13:19:18.094  5639  5639 V ActivityScenario: Activity lifecycle changed event received but ignored because the reported transition was not ON_CREATE while the last known transition was PRE_ON_CREATE
09-25 13:19:18.096  1914  4196 I SurfaceFlinger: id=161945 createSurf, flag=24000, Surface(name=Task=1)/@0xeddbc98 - animation-leash of app_transition#161945
09-25 13:19:18.098  1914  4196 I SurfaceFlinger: id=161946 createSurf, flag=24004, Surface(name=Task=7106)/@0x10dbde2 - animation-leash of app_transition#161946
09-25 13:19:18.100  4768  8227 I ViewRootImpl@8891238[dogglers]: Resizing android.view.ViewRootImpl@abae4d: frame = [0,0][1440,3088] reportDraw = false forceLayout = false syncSeqId = 0
09-25 13:19:18.100  4768  4843 I ViewRootImpl@8891238[dogglers]: handleResized, msg = 4 frames=ClientWindowFrames{frame=[0,0][1440,3088] display=[0,0][1440,3088] parentFrame=[0,0][0,0] parentClippedByDisplayCutout=false} forceNextWindowRelayout=false displayId=0 resizeMode=-1 frameChanged=false displayFrameChanged=false configChanged=false displayChanged=false
09-25 13:19:18.101  1914  4196 I SurfaceFlinger: id=161947 createSurf, flag=80000, 85da284 ActivityRecordInputSink com.example.dogglers/androidx.test.core.app.InstrumentationActivityInvoker$BootstrapActivity#161947
09-25 13:19:18.101  1914  4196 I SurfaceFlinger: id=161948 createSurf, flag=80000, 6c73739 ActivityRecordInputSink com.example.dogglers/.MainActivity#161948
09-25 13:19:18.102  5639  5639 I DecorView: [INFO] isPopOver=false config=true
09-25 13:19:18.102  5639  5639 I DecorView: updateCaptionType: isFloating=false isApplication=true hasWindowDecorCaption=false this=DecorView@d472de3[]
09-25 13:19:18.102  5639  5639 D DecorView: setCaptionType = 0, this = DecorView@d472de3[]
09-25 13:19:18.102  5639  5639 I DecorView: getCurrentDensityDpi: from real metrics. densityDpi=560 msg=resources_loaded
09-25 13:19:18.102  5639  5639 I DecorView: setWindowBackground: isPopOver=false color=ff121212 d=android.graphics.drawable.ColorDrawable@74e7699
09-25 13:19:18.102  4768  4838 D Bubbles : onLocusVisibilityChanged: LocusId[17_chars] visible=false
09-25 13:19:18.104  1914  1914 I Layer   : Layer [Splash Screen com.example.dogglers$_4768#161943] hidden!! flag(0)
09-25 13:19:18.105  3108  3230 I SemPersonaManager: SecureFolder personaId = 150
09-25 13:19:18.105  5639  5639 D LifecycleMonitor: Lifecycle status change: com.example.dogglers.MainActivity@6b7c8d9 in: CREATED
09-25 13:19:18.105  5639  5639 V ActivityScenario: Update currentActivityStage to CREATED, currentActivity=com.example.dogglers.MainActivity@6b7c8d9
09-25 13:19:18.106  5639  5639 D LifecycleMonitor: Lifecycle status change: com.example.dogglers.MainActivity@6b7c8d9 in: STARTED
09-25 13:19:18.106  5639  5639 V ActivityScenario: Update currentActivityStage to STARTED, currentActivity=com.example.dogglers.MainActivity@6b7c8d9
09-25 13:19:18.106  5639  5639 D LifecycleMonitor: Lifecycle status change: com.example.dogglers.MainActivity@6b7c8d9 in: RESUMED
09-25 13:19:18.106  5639  5639 V ActivityScenario: Update currentActivityStage to RESUMED, currentActivity=com.example.dogglers.MainActivity@6b7c8d9
09-25 13:19:18.106  5639  5639 I MSHandlerLifeCycle: check: return. pkg=com.example.dogglers parent=null callers=com.android.internal.policy.DecorView.setVisibility:4412 android.app.ActivityThread.handleResumeActivity:5476 android.app.servertransaction.ResumeActivityItem.execute:54 android.app.servertransaction.ActivityTransactionItem.execute:45 android.app.servertransaction.TransactionExecutor.executeLifecycleState:176
09-25 13:19:18.106  5639  5639 I MSHandlerLifeCycle: removeMultiSplitHandler: no exist. decor=DecorView@d472de3[]
09-25 13:19:18.107  5639  5703 W xample.dogglers: Accessing hidden method Landroid/view/ViewConfiguration;->getDoubleTapMinTime()I (unsupported, reflection, allowed)
09-25 13:19:18.108  5639  5729 D NativeCustomFrequencyManager: [NativeCFMS] BpCustomFrequencyManager::BpCustomFrequencyManager()
09-25 13:19:18.108  3108  3230 D EnterpriseDeviceManagerService: isMdmAdminPresentInternal() : MDM Admin Found - com.samsung.knox.securefolder
09-25 13:19:18.110  8423  8423 I ActivityUtils: HomePackage : com.sec.android.app.launcher, resumePackageName : com.example.dogglers
09-25 13:19:18.110  3108  6142 I MediaSessionMonitor: Media session stopped : controllerList empty
09-25 13:19:18.110  3108  6456 D InputTransport: Input channel constructed: 'c473fc7', fd=1308
09-25 13:19:18.110  3108  6456 D InputTransport: Input channel constructed: 'c473fc7', fd=1309
09-25 13:19:18.110  3108  6456 D InputTransport: Input channel constructed: 'c473fc7', fd=1313
09-25 13:19:18.111  1914  3199 I SurfaceFlinger: id=161949 createSurf, flag=80004, c473fc7 com.example.dogglers/com.example.dogglers.MainActivity#161949
09-25 13:19:18.111  4754  4754 I wpa_supplicant: nl80211: Drv Event 34 (NL80211_CMD_NEW_SCAN_RESULTS) received for wlan0
09-25 13:19:18.111  4754  4754 I wpa_supplicant: wlan0: nl80211: New scan results available
09-25 13:19:18.111  4754  4754 I wpa_supplicant: nl80211: Scan included frequencies: 2412
09-25 13:19:18.111  3108  4073 D WifiNl80211Manager: Scan result ready event
09-25 13:19:18.111  3108  4073 D WifiNative: Scan result ready event
09-25 13:19:18.111  3108  6456 D InputTransport: Input channel destroyed: 'c473fc7', fd=1313
09-25 13:19:18.111  3371  4750 I LOWI-9.0.1.29: [LOWI-Scan] lowi_close_record:Scan done in 1369999989ms, 3 APs in scan results
09-25 13:19:18.112  3371  3382 I LOWI-9.0.1.29: [LOWIUtils] responseToOutPostcard - TO: FreeWifiScanObserver, FROM:   LOWI-SERVER, RESP:  LOWI_ASYNC_DISCOVERY_SCAN_RESULTS
09-25 13:19:18.112  5639  5639 D InsetsController: onStateChanged: InsetsState: {mDisplayFrame=Rect(0, 0 - 1440, 3088), mDisplayCutout=DisplayCutout{insets=Rect(0, 100 - 0, 0) waterfall=Insets{left=0, top=0, right=0, bottom=0} boundingRect={Bounds=[Rect(0, 0 - 0, 0), Rect(685, 0 - 756, 100), Rect(0, 0 - 0, 0), Rect(0, 0 - 0, 0)]} cutoutPathParserInfo={CutoutPathParserInfo{displayWidth=1440 displayHeight=3088 physicalDisplayWidth=1440 physicalDisplayHeight=3088 density={3.75} cutoutSpec={M 0,0 H -9.466666666666667 V 26.66666666666667‬ H 9.466666666666667 V 0 H 0 Z @dp} rotation={0} scale={1.0} physicalPixelDisplaySizeRatio={1.0}}}}, mRoundedCorners=RoundedCorners{[RoundedCorner{position=TopLeft, radius=14, center=Point(14, 14)}, RoundedCorner{position=TopRight, radius=14, center=Point(1426, 14)}, RoundedCorner{position=BottomRight, radius=14, center=Point(1426, 3074)}, RoundedCorner{position=BottomLeft, radius=14, center=Point(14, 3074)}]}  mRoundedCornerFrame=Rect(0, 0 - 1440, 3088), mPrivacyIndicatorBounds=PrivacyIndicatorBounds {static bounds=Rect(1286, 0 - 1440, 100) rotation=0}, mSources= { InsetsSource: {mType=ITYPE_STATUS_BAR, mFrame=[0,0][1440,100], mVisible=true, mInsetsRoundedCornerFrame=false}, InsetsSource: {mType=ITYPE_NAVIGATION_BAR, mFrame=[0,3088][1440,3088], mVisible=true, mInsetsRoundedCornerFrame=false}, InsetsSource: {mType=ITYPE_LEFT_GESTURES, mFrame=[0,0][0,3088], mVisible=true, mInsetsRoundedCornerFrame=false}, InsetsSource: {mType=ITYPE_RIGHT_GESTURES, mFrame=[1440,0][1440,3088], mVisible=true, mInsetsRoundedCornerFrame=false}, InsetsSource: {mType=ITYPE_TOP_MANDATORY_GESTURES, mFrame=[0,0][1440,142], mVisible=true, mInsetsRoundedCornerFrame=false}, InsetsSource: {mType=ITYPE_BOTTOM_MANDATORY_GESTURES, mFrame=[0,3018][1440,3088], mVisible=true, mInsetsRoundedCornerFrame=false}, InsetsSource: {mType=ITYPE_LEFT_DISPLAY_CUTOUT, mFrame=[0,0][-100000,3088], mVisible=true, mInsetsRoundedCornerFrame=false}, InsetsSource: {mType=ITYPE_TOP_DISPLAY_CUTOUT, mFrame=[0,0][1440,100], mVisible=true, mInsetsRoundedCornerFrame=false}, InsetsSource: {mType=ITYPE_RIGHT_DISPLAY_CUTOUT, mFrame=[100000,0][1440,3088], mVisible=true, mInsetsRoundedCornerFrame=false}, InsetsSource: {mType=ITYPE_BOTTOM_DISPLAY_CUTOUT, mFrame=[0,100000][1440,3088], mVisible=true, mInsetsRoundedCornerFrame=false}, InsetsSource: {mType=ITYPE_TOP_TAPPABLE_ELEMENT, mFrame=[0,0][1440,100], mVisible=true, mInsetsRoundedCornerFrame=false}, InsetsSource: {mType=ITYPE_BOTTOM_TAPPABLE_ELEMENT, mFrame=[0,0][0,0], mVisible=true, mInsetsRoundedCornerFrame=false}, InsetsSource: {mType=ITYPE_IME, mFrame=[0,0][0,0], mVisibleFrame=[0,3088][1440,3088], mVisible=false, mInsetsRoundedCornerFrame=false} } host=com.example.dogglers/com.example.dogglers.MainActivity from=android.view.ViewRootImpl.setView:1732
09-25 13:19:18.112  3108  4566 W IE_Capabilities: Unknown RSN cipher suite: 6ac0f00
09-25 13:19:18.112  3108  4566 W IE_Capabilities: Unknown RSN cipher suite: 6ac0f00
09-25 13:19:18.112  3108  4566 D WificondScannerImpl: Filtering out 1 scan results.
09-25 13:19:18.114  3108  4637 V SemWifiScanPool: updateScanResult, partial scan:2 configKeys: 6 pool_bssid:20 pool_configKeys:10
09-25 13:19:18.114  5639  5639 I ViewRootImpl@f200510[MainActivity]: setView = com.android.internal.policy.DecorView@d472de3 TM=true
09-25 13:19:18.114  1795  1811 W IzatSvc_Wiper: wifiScanNotificationMsg:497] Associated AP not in LOWI scan.
09-25 13:19:18.115  5639  5639 I MSHandlerLifeCycle: removeMultiSplitHandler: no exist. decor=DecorView@d472de3[MainActivity]
09-25 13:19:18.115  3108  3338 D AnalyticsContainerHandler: handleMessage : { when=0 what=1 target=com.android.server.knox.KnoxAnalyticsContainer$AnalyticsHandler }
09-25 13:19:18.115  1795  1842 I LocSvc_api_v02: ---> locClientSendReq line 2442 QMI_LOC_INJECT_WIFI_AP_DATA_REQ_V02
09-25 13:19:18.117  1795  3830 I LocSvc_ApiV02: <--- globalRespCb line 350 QMI_LOC_INJECT_WIFI_AP_DATA_REQ_V02
09-25 13:19:18.119  5639  5639 I ViewRootImpl@f200510[MainActivity]: performTraversals params={(0,0)(fillxfill) sim={adjust=pan forwardNavigation} ty=BASE_APPLICATION wanim=0x1030309
09-25 13:19:18.119  5639  5639 I ViewRootImpl@f200510[MainActivity]:   fl=81810100
09-25 13:19:18.119  5639  5639 I ViewRootImpl@f200510[MainActivity]:   pfl=12020040
09-25 13:19:18.119  5639  5639 I ViewRootImpl@f200510[MainActivity]:   bhv=DEFAULT
09-25 13:19:18.119  5639  5639 I ViewRootImpl@f200510[MainActivity]:   fitSides= naviIconColor=0}
09-25 13:19:18.119  5639  5639 I ViewRootImpl@f200510[MainActivity]: performTraversals mFirst=true windowShouldResize=true viewVisibilityChanged=false mForceNextWindowRelayout=false params={(0,0)(fillxfill) sim={adjust=pan forwardNavigation} ty=BASE_APPLICATION wanim=0x1030309
09-25 13:19:18.119  5639  5639 I ViewRootImpl@f200510[MainActivity]:   fl=81810100
09-25 13:19:18.119  5639  5639 I ViewRootImpl@f200510[MainActivity]:   pfl=12020040
09-25 13:19:18.119  5639  5639 I ViewRootImpl@f200510[MainActivity]:   bhv=DEFAULT
09-25 13:19:18.119  5639  5639 I ViewRootImpl@f200510[MainActivity]:   fitSides= naviIconColor=0}
09-25 13:19:18.119  3108  8629 V WindowManager: Relayout Window{c473fc7 u0 com.example.dogglers/com.example.dogglers.MainActivity}: viewVisibility=0 req=1440x3088 d0
09-25 13:19:18.120  1914  3199 I SurfaceFlinger: id=161950 createSurf, flag=40004, com.example.dogglers/com.example.dogglers.MainActivity$_5639#161950
09-25 13:19:18.122  1914  3199 I SurfaceFlinger: id=161951 createSurf, flag=24000, Surface(name=4eb27f5 StatusBar)/@0x43fa543 - animation-leash of insets_animation#161951
09-25 13:19:18.123  4768  4864 D MobileStatusTracker(0/1): onSignalStrengthsChanged level=2, vendorLevel=2
09-25 13:19:18.123  4768  4864 D MobileSignalController(0/1): notifyListener: enabled=true, connected=true, dataConnected=false, networkType=IWLAN (LTE_ATT), emergencyOnly=false, roaming=false, isDefault=false, dataActivity=, level=2, ca=false, mmWave=false, disabledDataIcon=false, simCard=ETC
09-25 13:19:18.123  7272  7345 I EPDG -- SIM0 [SMARTCELLULAR]: onSignalStrengthsChanged: SignalStrength:{mCdma=Invalid,mGsm=Invalid,mWcdma=Invalid,mTdscdma=Invalid,mLte=CellSignalStrengthLte: rssi=-85 rsrp=-116 rsrq=-13 rssnr=-1 cqiTableIndex=2147483647 cqi=2147483647 ta=2147483647 level=2 parametersUseForLevel=0,mNr=Invalid,SignalBarInfo{ lteLevel=2 },rat=14,primary=CellSignalStrengthLte}
09-25 13:19:18.123  7272  7505 I EPDG -- SIM0 [SMARTCELLULAR]: lastLteRSRP is -116 currentLteRSRP is -116 lastLteRSRQ is -12 currentLteRSRQ is -13 lastLteSNR is -1 currentLteSNR is -1
09-25 13:19:18.124  1914  2140 I SurfaceFlinger: id=161952 createSurf, flag=24000, Surface(name=d110b4c NavigationBar0)/@0x8bdb781 - animation-leash of insets_animation#161952
09-25 13:19:18.124  4768  4864 D NetworkController: SignalStrength from intent slotId=0
09-25 13:19:18.124  1914  1914 D SurfaceFlinger: Display 4630947093241269891 HWC layers:
09-25 13:19:18.124  1914  1914 D SurfaceFlinger:      CLIENT | 0xb400007af6c13480 | 0100 | RGBx_8888    |  592.0    0.0 1628.0 2220.0 |    0    0 1440 3088 | Wallpaper BBQ wrapper#90
09-25 13:19:18.124  1914  1914 D SurfaceFlinger:      CLIENT | 0xb400007af6c11c80 | 0100 | RGBA_8888    |    0.0    0.0 1440.0 3088.0 |    0    0 1440 3088 | com.sec.android.app.launcher/com.sec[...]rActivity$_5369#161898 (blurRegions)
09-25 13:19:18.124  1914  1914 D SurfaceFlinger:      DEVICE | 0xb400007af86f4f00 | 0100 | RGBA_8888    |    0.0    0.0 1440.0 3088.0 |  105  225 1335 2863 | Splash Screen com.example.dogglers$_4768#161943
09-25 13:19:18.124  1914  1914 D SurfaceFlinger:      DEVICE | 0xb400007af6c14880 | 0100 | RGBA_8888    |    0.0    0.0 1440.0  100.0 |    0    0 1440  100 | StatusBar$_4768#95
09-25 13:19:18.124  1914  1914 D SurfaceFlinger:      DEVICE | 0xb400007af8705400 | 0100 | RGBA_8888    |    0.0    0.0   67.0  589.0 |    0  562   67 1151 | com.samsung.android.app.cocktailbars[...]vice.CocktailBarService$_8423#156853
09-25 13:19:18.124  1914  1914 D SurfaceFlinger:      DEVICE | 0xb400007af8705500 | 0100 | RGBA_8888    |    0.0    0.0  518.0   48.0 |  922 3040 1440 3088 | SGestureOverlayWindow$_5369#156268
09-25 13:19:18.124  1914  1914 D SurfaceFlinger:      DEVICE | 0xb400007af6c15880 | 0100 | RGBA
09-25 13:19:18.124  1914  1914 D SurfaceFlinger: _8888    |    0.0    0.0 1440.0  168.0 |    0 2920 1440 3088 | NavigationBar0$_4768#92
09-25 13:19:18.124  1914  1914 D SurfaceFlinger:
09-25 13:19:18.125  5369  8863 I TouchInteractionService: onSystemUiStateChanged, stateFlags : 131120 |a11y_click|a11y_long_click|allow_gesture|
09-25 13:19:18.125  5369  5369 I RecentsAnimationDeviceState: setSystemUiFlags, stateFlags : 131120
09-25 13:19:18.125  3108  8629 V WindowManager: Relayout hash=c473fc7, pid=5639, syncId=-1: mAttrs={(0,0)(fillxfill) sim={adjust=pan forwardNavigation} ty=BASE_APPLICATION wanim=0x1030309
09-25 13:19:18.125  3108  8629 V WindowManager:   fl=81810100
09-25 13:19:18.125  3108  8629 V WindowManager:   pfl=12020040
09-25 13:19:18.125  3108  8629 V WindowManager:   bhv=DEFAULT
09-25 13:19:18.125  3108  8629 V WindowManager:   fitSides= naviIconColor=0}
09-25 13:19:18.125  5369  5369 W SGestureOverlayWindow: setVisibilityGestureOverlayWindow, visibility = 0
09-25 13:19:18.125  5369  5369 I TouchInteractionService: onSystemUiFlagsChanged, lastSysUIFlags : 48
09-25 13:19:18.126  5639  5639 I ViewRootImpl@f200510[MainActivity]: updateBlastSurfaceIfNeeded mBlastBufferQueue=null isSameSurfaceControl=false
09-25 13:19:18.127  5639  5639 I BLASTBufferQueue: new BLASTBufferQueue, mName= ViewRootImpl@f200510[MainActivity] mNativeObject= 0xb4000077a1040a80 sc.mNativeObject= 0xb4000077a103ce00 caller= android.view.ViewRootImpl.updateBlastSurfaceIfNeeded:2909 android.view.ViewRootImpl.relayoutWindow:9847 android.view.ViewRootImpl.performTraversals:3884 android.view.ViewRootImpl.doTraversal:3116 android.view.ViewRootImpl$TraversalRunnable.run:10885 android.view.Choreographer$CallbackRecord.run:1301 android.view.Choreographer$CallbackRecord.run:1309 android.view.Choreographer.doCallbacks:923 android.view.Choreographer.doFrame:852 android.view.Choreographer$FrameDisplayEventReceiver.run:1283
09-25 13:19:18.127  5639  5639 I BLASTBufferQueue: update, w= 1440 h= 3088 mName = ViewRootImpl@f200510[MainActivity] mNativeObject= 0xb4000077a1040a80 sc.mNativeObject= 0xb4000077a103ce00 format= -1 caller= android.graphics.BLASTBufferQueue.<init>:84 android.view.ViewRootImpl.updateBlastSurfaceIfNeeded:2909 android.view.ViewRootImpl.relayoutWindow:9847 android.view.ViewRootImpl.performTraversals:3884 android.view.ViewRootImpl.doTraversal:3116 android.view.ViewRootImpl$TraversalRunnable.run:10885
09-25 13:19:18.127  5639  5639 I ViewRootImpl@f200510[MainActivity]: Relayout returned: old=(0,0,1440,3088) new=(0,0,1440,3088) req=(1440,3088)0 dur=7 res=0x3 s={true 0xb40000774e100800} ch=true seqId=0
09-25 13:19:18.127  5639  5639 I ViewRootImpl@f200510[MainActivity]: performConfigurationChange setNightDimText nightDimLevel=0
09-25 13:19:18.127  5639  5639 I ViewRootImpl@f200510[MainActivity]: mThreadedRenderer.initialize() mSurface={isValid=true 0xb40000774e100800} hwInitialized=true
09-25 13:19:18.127  5639  5729 D OpenGLRenderer: eglCreateWindowSurface
09-25 13:19:18.129  5639  5639 I ViewRootImpl@f200510[MainActivity]: reportNextDraw android.view.ViewRootImpl.performTraversals:4438 android.view.ViewRootImpl.doTraversal:3116 android.view.ViewRootImpl$TraversalRunnable.run:10885 android.view.Choreographer$CallbackRecord.run:1301 android.view.Choreographer$CallbackRecord.run:1309
09-25 13:19:18.129  5639  5639 I ViewRootImpl@f200510[MainActivity]: Setup new sync id=0
09-25 13:19:18.129  5639  5639 I ViewRootImpl@f200510[MainActivity]: Setting syncFrameCallback
09-25 13:19:18.129  5639  5639 I ViewRootImpl@f200510[MainActivity]: registerCallbacksForSync syncBuffer=false
09-25 13:19:18.132  5639  5771 I ViewRootImpl@f200510[MainActivity]: Received frameDrawingCallback syncResult=0 frameNum=1.
09-25 13:19:18.132  5639  5771 I ViewRootImpl@f200510[MainActivity]: Setting up sync and frameCommitCallback
09-25 13:19:18.133  5639  5729 I BLASTBufferQueue: [ViewRootImpl@f200510[MainActivity]#3](f:0,a:0) onFrameAvailable the first frame is available
09-25 13:19:18.133  5639  5729 I ViewRootImpl@f200510[MainActivity]: Received frameCommittedCallback lastAttemptedDrawFrameNum=1 didProduceBuffer=true
09-25 13:19:18.134  5639  5729 D OpenGLRenderer: CFMS:: SetUp Pid : 5639    Tid : 5729
09-25 13:19:18.136  5639  5639 I ViewRootImpl@f200510[MainActivity]: onSyncComplete
09-25 13:19:18.136  5639  5639 I ViewRootImpl@f200510[MainActivity]: setupSync seqId=0 mSyncId=0 fn=1 caller=android.view.ViewRootImpl$$ExternalSyntheticLambda11.accept:6 android.window.SurfaceSyncer.lambda$setupSync$1$android-window-SurfaceSyncer:128 android.window.SurfaceSyncer$$ExternalSyntheticLambda1.accept:8 android.window.SurfaceSyncer$SyncSet.checkIfSyncIsComplete:382 android.window.SurfaceSyncer$SyncSet.markSyncReady:359 android.window.SurfaceSyncer.markSyncReady:151 android.view.ViewRootImpl.performTraversals:4503
09-25 13:19:18.136  5639  5639 I ViewRootImpl@f200510[MainActivity]: reportDrawFinished seqId=0 mSyncId=-1 fn=1 mSurfaceChangedTransaction=0xb4000077a1087100
09-25 13:19:18.137  1914  1914 I Layer   : id=161936 removedFromDrawingState Surface(name=4eb27f5 StatusBar)/@0x43fa543 - animation-leash of insets_animation#161936 (332)
09-25 13:19:18.137  1914  1914 I Layer   : id=161937 removedFromDrawingState Surface(name=d110b4c NavigationBar0)/@0x8bdb781 - animation-leash of insets_animation#161937 (332)
09-25 13:19:18.137  1914  1914 I SurfaceFlinger: [c473fc7 com.example.dogglers/com.example.dogglers.MainActivity#161949] FrameRatePriority: 1
09-25 13:19:18.137  1914  1914 I SurfaceFlinger: id=161936 Removed Surface(name=4eb27f5 StatusBar)/@0x43fa543 - animation-leash of insets_animation#161936 (332)
09-25 13:19:18.137  1914  1914 I SurfaceFlinger: id=161937 Removed Surface(name=d110b4c NavigationBar0)/@0x8bdb781 - animation-leash of insets_animation#161937 (332)
09-25 13:19:18.138  1914  1914 I Layer   : id=161936 Destroyed Surface(name=4eb27f5 StatusBar)/@0x43fa543 - animation-leash of insets_animation#161936
09-25 13:19:18.138  1914  1914 I Layer   : id=161937 Destroyed Surface(name=d110b4c NavigationBar0)/@0x8bdb781 - animation-leash of insets_animation#161937
09-25 13:19:18.139  5639  5639 D RootViewPicker: Root not ready - waiting: 10ms for one to appear.
09-25 13:19:18.139  3108  3227 W ziparchive: Unable to open '/data/app/~~ATcZRD0F-LmHTuxfrkuUPg==/com.example.dogglers-ejGvQ7nyEoA-Sr0nwgcZYw==/base.dm': No such file or directory
09-25 13:19:18.139  3108  8629 D InputDispatcher: Focus request (0): c473fc7 com.example.dogglers/com.example.dogglers.MainActivity but waiting because NOT_VISIBLE
09-25 13:19:18.140  3108  3227 I PkgPredictorService-SecIpmManagerServiceImpl: reportToNAP uid:10577 com.example.dogglers/com.example.dogglers.MainActivity thisTime:88
09-25 13:19:18.141  3108  3227 I ActivityTaskManager: Displayed com.example.dogglers/.MainActivity: +88ms
09-25 13:19:18.141  5759  5759 E pageboostd: Received HALT command code 2
09-25 13:19:18.141  3108  3146 I SemDvfsHyPerManager: acquire hyper - AMS_RESUME_TAIL/3108@20, type = -999
09-25 13:19:18.141  3108  3146 I SemDvfsHyPerManager: acquire hyper - AMS_ACT_LAZY/3108@21, type = -999
09-25 13:19:18.141  1809  1855 I HYPER-HAL: [RequestManager.cpp]acquire(): Acquired ID : 4893776  [3108 / 20]    HINT : AMS_RESUME_TAIL    list :
09-25 13:19:18.142  1914  3199 I SurfaceFlinger: id=161953 createSurf, flag=24000, Surface(name=c473fc7 com.example.dogglers/com.example.dogglers.MainActivity)/@0xfa45c78 - animation-leash of starting_reveal#161953
09-25 13:19:18.143  1809  1855 I HYPER-HAL: [RequestManager.cpp]acquire(): Acquired ID : 4896906  [3108 / 21]    HINT : AMS_ACT_LAZY    list :
09-25 13:19:18.146  1914  1914 I Layer   : Layer [com.example.dogglers/com.example.dogglers.MainActivity$_5639#161950] hidden!! flag(0)
09-25 13:19:18.146  1809  1855 I HYPER-HAL: [RequestManager.cpp]releaseLocked(): Released ID : 4903169
09-25 13:19:18.146  4768  4860 I ViewRootImpl@8891238[dogglers]: mWNT: t=0xb4000077a1011600 mBlastBufferQueue=0xb400007705019c80 fn= 2 caller= android.view.SyncRtSurfaceTransactionApplier.applyTransaction:96 android.view.SyncRtSurfaceTransactionApplier.lambda$scheduleApply$0$android-view-SyncRtSurfaceTransactionApplier:69 android.view.SyncRtSurfaceTransactionApplier$$ExternalSyntheticLambda0.onFrameDraw:4
09-25 13:19:18.147  4768  4860 I ViewRootImpl@8891238[dogglers]: mWNT: t=0xb4000077a1099700 mBlastBufferQueue=0xb400007705019c80 fn= 2 caller= android.view.SyncRtSurfaceTransactionApplier.applyTransaction:96 android.view.SyncRtSurfaceTransactionApplier.lambda$scheduleApply$0$android-view-SyncRtSurfaceTransactionApplier:69 android.view.SyncRtSurfaceTransactionApplier$$ExternalSyntheticLambda0.onFrameDraw:4
09-25 13:19:18.147  3108  3146 D InputDispatcher: Focus entered window (0): c473fc7 com.example.dogglers/com.example.dogglers.MainActivity
09-25 13:19:18.147  5639  5639 I ViewRootImpl@f200510[MainActivity]: MSG_WINDOW_FOCUS_CHANGED 1 0
09-25 13:19:18.147  5639  5639 I ViewRootImpl@f200510[MainActivity]: mThreadedRenderer.initializeIfNeeded()#2 mSurface={isValid=true 0xb40000774e100800}
09-25 13:19:18.148  5639  5639 D InputMethodManager: startInputInner - Id : 0
09-25 13:19:18.148  5639  5639 I InputMethodManager: startInputInner - mService.startInputOrWindowGainedFocus
09-25 13:19:18.148  1914  1914 D SurfaceFlinger: Display 4630947093241269891 HWC layers:
09-25 13:19:18.148  1914  1914 D SurfaceFlinger:      CLIENT | 0xb400007af6c13480 | 0100 | RGBx_8888    |  592.0    0.0 1628.0 2220.0 |    0    0 1440 3088 | Wallpaper BBQ wrapper#90
09-25 13:19:18.148  1914  1914 D SurfaceFlinger:      CLIENT | 0xb400007af6c11c80 | 0100 | RGBA_8888    |    0.0    0.0 1440.0 3088.0 |    0    0 1440 3088 | com.sec.android.app.launcher/com.sec[...]rActivity$_5369#161898 (blurRegions)
09-25 13:19:18.148  1914  1914 D SurfaceFlinger:      DEVICE | 0xb400007af6c13180 | 0102 | RGBA_8888    |    0.0    0.0 1440.0 3088.0 |   89  191 1351 2897 | com.example.dogglers/com.example.dogglers.MainActivity$_5639#161950
09-25 13:19:18.148  1914  1914 D SurfaceFlinger:      DEVICE | 0xb400007af86f4f00 | 0100 | RGBA_8888    |    0.0    0.0 1440.0 3088.0 |   89  191 1351 2897 | Splash Screen com.example.dogglers$_4768#161943
09-25 13:19:18.148  1914  1914 D SurfaceFlinger:      DEVICE | 0xb400007af6c14880 | 0100 | RGBA_8888    |    0.0    0.0 1440.0  100.0 |    0    0 1440  100 | StatusBar$_4768#95
09-25 13:19:18.148  1914  1914 D SurfaceFlinger:      DEVICE | 0xb400007af8705400 | 0100 | RGBA_8888    |    0.0    0.0   67.0  589.0 |    0  562   67 1151 | com.samsung.android.app.cocktailbars[...]vice.CocktailBarService$_8423#156853
09-25 13:19:18.148  1914  1914 D SurfaceFlinger:      DEVICE |
09-25 13:19:18.148  1914  1914 D SurfaceFlinger:  0xb400007af8705500 | 0100 | RGBA_8888    |    0.0    0.0  518.0   48.0 |  922 3040 1440 3088 | SGestureOverlayWindow$_5369#156268
09-25 13:19:18.148  1914  1914 D SurfaceFlinger:      DEVICE | 0xb400007af6c15880 | 0100 | RGBA_8888    |    0.0    0.0 1440.0  168.0 |    0 2920 1440 3088 | NavigationBar0$_4768#92
