09-25 13:19:20.562   586   586 I GoogleInputMethodService: GoogleInputMethodService.onStartInput():1889 onStartInput(EditorInfo{EditorInfo{packageName=com.example.dogglers, inputType=0, inputTypeString=NULL, enableLearning=false, autoCorrection=false, autoComplete=false, imeOptions=0, privateImeOptions=null, actionName=UNSPECIFIED, actionLabel=null, initialSelStart=-1, initialSelEnd=-1, initialCapsMode=0, label=null, fieldId=-1, fieldName=null, extras=Bundle[{displayId=0}], hintText=null, hintLocales=[]}}, false)
09-25 13:19:20.562   586   586 I GoogleInputMethodService: GoogleInputMethodService.updateDeviceLockedStatus():2097 repeatCheckTimes = 1, locked = false
09-25 13:19:20.563  4768  4861 I ViewRootImpl@e8f5a44[dogglers]: mWNT: t=0xb400007731efa000 mBlastBufferQueue=0xb400007705019c80 fn= 3 caller= android.view.SyncRtSurfaceTransactionApplier.applyTransaction:96 android.view.SyncRtSurfaceTransactionApplier.lambda$scheduleApply$0$android-view-SyncRtSurfaceTransactionApplier:69 android.view.SyncRtSurfaceTransactionApplier$$ExternalSyntheticLambda0.onFrameDraw:4
09-25 13:19:20.564  5639  5639 I ViewInteraction: Performing 'single click' action on view view.getId() is <2131231204/com.example.dogglers:id/vertical_btn>
09-25 13:19:20.566  3108  8626 D InputDispatcher: Inject motion (5639/10577): action=0x0, time=811538528000000, f=0x0, d=0 dsdx=1.000000 dtdx=0.000000
09-25 13:19:20.566  3108  4144 W InputDispatcher: obscured by 22dc57f Splash
09-25 13:19:20.566  3108  4144 I InputDispatcher: Delivering touch to (4768): action: 0x4, f=0x0, d=0, 'd110b4c', t=0
09-25 13:19:20.566  3108  4144 I InputDispatcher: Delivering touch to (5639): action: 0x0, f=0x1, d=0, 'da639dc', t=0 +(-84,-181)*(1.12)
09-25 13:19:20.566  5369  5369 I TouchInteractionService: onInputEvent, inputConsumer = com.android.quickstep.l2@2290d17
09-25 13:19:20.567  5639  5639 I ViewRootImpl@6db32b7[MainActivity]: ViewPostIme pointer 0
09-25 13:19:20.567  3108  3228 I GestureDetector: obtain mCurrentDownEvent. id: -875015103 caller: com.android.server.wm.SystemGesturesPointerEventListener.onPointerEvent:203 com.android.server.wm.PointerEventDispatcher.onInputEvent:53 android.view.InputEventReceiver.dispatchInputEvent:285
09-25 13:19:20.567  3108  3228 I GestureDetector: obtain mCurrentDownEvent. id: -875015103 caller: com.android.server.wm.SystemPerformancePointerEventListener.onPointerEvent:89 com.android.server.wm.PointerEventDispatcher.onInputEvent:53 android.view.InputEventReceiver.dispatchInputEvent:285
09-25 13:19:20.567  3108  4157 D SemInputMonitorMotionEvent: [sec_input] CASE3 : tool type change pre(1) : cur(0) : TOOL_TYPE_UNKNOWN com.example.dogglers.MainActivity
09-25 13:19:20.567  3108  4157 D SemInputDeviceHqmData: increaseCount mCase3Count:203tempStr2:203 2023/0925/13:19:20 C com.example.dogglers.MainActivity com.example.dogglers
09-25 13:19:20.567  3108  4157 D SemInputDeviceHqmHelper: sendLoggingDataToHQM() Server update !!! basic_custom "CASA":"0","CASB":"0"
09-25 13:19:20.567  8328  8328 I SemDvfsHyPerManager: acquire hyper - TATouchBoost/8328@25, type = 1090523139
09-25 13:19:20.567  1809  1855 I HYPER-HAL: [RequestManager.cpp]acquire(): Acquired ID : 34890506  [8328 / 25]    HINT :      list : [TABoost / 1] [TIMEOUT / 1500]
09-25 13:19:20.568  3108  8626 D InputMethodManagerService: isImeSwitcherDisabledPackage : false
09-25 13:19:20.569   586   586 I InputMethodService: removeImeSurface
09-25 13:19:20.570   586   586 I MSHandlerLifeCycle: check: return. pkg=com.google.android.inputmethod.latin isActivity=false callers=com.android.internal.policy.DecorView.setVisibility:4412 android.app.Dialog.hide:767 android.inputmethodservice.InputMethodService.removeImeSurface:1290 android.inputmethodservice.InputMethodService.scheduleImeSurfaceRemoval:1279 android.inputmethodservice.InputMethodService.-$$Nest$mscheduleImeSurfaceRemoval:0
09-25 13:19:20.570   586   586 I MSHandlerLifeCycle: removeMultiSplitHandler: no exist. decor=DecorView@3ddf8c7[InputMethod]
09-25 13:19:20.571  1914  1914 I Layer   : id=162060 removedFromDrawingState Surface(name=6a358c3 InputMethod)/@0x1a6cc79 - animation-leash of insets_animation#162060 (339)
09-25 13:19:20.571  1914  1914 I SurfaceFlinger: id=162060 Removed Surface(name=6a358c3 InputMethod)/@0x1a6cc79 - animation-leash of insets_animation#162060 (339)
09-25 13:19:20.571  1914  1914 I Layer   : id=162060 Destroyed Surface(name=6a358c3 InputMethod)/@0x1a6cc79 - animation-leash of insets_animation#162060
09-25 13:19:20.572  4768  4860 I ViewRootImpl@e8f5a44[dogglers]: mWNT: t=0xb4000077a1099800 mBlastBufferQueue=0xb400007705019c80 fn= 4 caller= android.view.SyncRtSurfaceTransactionApplier.applyTransaction:96 android.view.SyncRtSurfaceTransactionApplier.lambda$scheduleApply$0$android-view-SyncRtSurfaceTransactionApplier:69 android.view.SyncRtSurfaceTransactionApplier$$ExternalSyntheticLambda0.onFrameDraw:4
09-25 13:19:20.580  4768  4861 I ViewRootImpl@e8f5a44[dogglers]: mWNT: t=0xb400007732003400 mBlastBufferQueue=0xb400007705019c80 fn= 5 caller= android.view.SyncRtSurfaceTransactionApplier.applyTransaction:96 android.view.SyncRtSurfaceTransactionApplier.lambda$scheduleApply$0$android-view-SyncRtSurfaceTransactionApplier:69 android.view.SyncRtSurfaceTransactionApplier$$ExternalSyntheticLambda0.onFrameDraw:4
09-25 13:19:20.589  4768  4860 I ViewRootImpl@e8f5a44[dogglers]: mWNT: t=0xb40000773209e300 mBlastBufferQueue=0xb400007705019c80 fn= 6 caller= android.view.SyncRtSurfaceTransactionApplier.applyTransaction:96 android.view.SyncRtSurfaceTransactionApplier.lambda$scheduleApply$0$android-view-SyncRtSurfaceTransactionApplier:69 android.view.SyncRtSurfaceTransactionApplier$$ExternalSyntheticLambda0.onFrameDraw:4
09-25 13:19:20.597  4768  4861 I ViewRootImpl@e8f5a44[dogglers]: mWNT: t=0xb4000077320bf900 mBlastBufferQueue=0xb400007705019c80 fn= 7 caller= android.view.SyncRtSurfaceTransactionApplier.applyTransaction:96 android.view.SyncRtSurfaceTransactionApplier.lambda$scheduleApply$0$android-view-SyncRtSurfaceTransactionApplier:69 android.view.SyncRtSurfaceTransactionApplier$$ExternalSyntheticLambda0.onFrameDraw:4
09-25 13:19:20.597  5369  5421 I RecentModel: onTaskStackChangedBackground
09-25 13:19:20.598  8328  8651 I SemDvfsHyPerManager: acquire hyper - TABaseBoost/8328@24, type = 1090523139
09-25 13:19:20.598  1809  1855 I HYPER-HAL: [RequestManager.cpp]acquire(): Acquired ID : 34882152  [8328 / 24]    HINT :      list : [TABoost / 1]
09-25 13:19:20.600  5369  5741 I RecentTasksList: loadTasksInBackground : groupTask = GroupTask{task1=[id=6869 windowingMode=1 user=0 lastActiveTime=1366856278] null, task2=null, task3=null, mStagedSplitBounds=null}
09-25 13:19:20.600  5369  5741 I RecentTasksList: loadTasksInBackground : groupTask = GroupTask{task1=[id=6898 windowingMode=1 user=0 lastActiveTime=1367009547] null, task2=null, task3=null, mStagedSplitBounds=null}
09-25 13:19:20.600  5369  5741 I RecentTasksList: loadTasksInBackground : groupTask = GroupTask{task1=[id=7108 windowingMode=1 user=0 lastActiveTime=1370086754] null, task2=null, task3=null, mStagedSplitBounds=null}
09-25 13:19:20.601  8130  8237 I [AirCmd]_ActivitySwitchDetector: onTaskStackChanged : componentName - ComponentInfo{com.example.dogglers/com.example.dogglers.MainActivity}
09-25 13:19:20.601  8130  8237 I [AirCmd]_ActivitySwitchDetector: onTaskStackChanged : mTopMostActivity - ComponentInfo{com.example.dogglers/androidx.test.core.app.InstrumentationActivityInvoker$BootstrapActivity}
09-25 13:19:20.601  8130  8237 I [AirCmd]_CallbackRepeater: stopRepeat : isWorking=false
09-25 13:19:20.601  8130  8237 I [AirCmd]_MediaControlStateMonitor: isForegroundAppSupportsMediaButton : mediaSession is empty
09-25 13:19:20.602  8130  8237 I [AirCmd]_MediaControlStateMonitor: active Notification List is null
09-25 13:19:20.602  8130  8237 I [AirCmd]_RemoteSpenMainController: hasGeneralAction : packageName is com.example.dogglers, activityName is com.example.dogglers.MainActivity, hasActions is false
09-25 13:19:20.602  8130  8237 I [AirCmd]_CameraAvailabilityMonitor: isCameraPreviewOn : mIsCameraPreviewOn is false
09-25 13:19:20.602  8130  8237 I [AirCmd]_CameraAvailabilityMonitor: isCameraPreviewOn : mIsCameraPreviewOn is false
09-25 13:19:20.603  8130  8237 I [AirCmd]_MediaControlStateMonitor: isForegroundAppSupportsMediaButton : mediaSession is empty
09-25 13:19:20.603  8130  8237 I [AirCmd]_MediaControlStateMonitor: active Notification List is null
09-25 13:19:20.603  8130  8237 I [AirCmd]_PenActionRule: getAction : get default action data from remote action because pen action data is null.
09-25 13:19:20.603  8130  8237 I [AirCmd]_ButtonActionDetector: enableDoubleClickDetection: enabled=true, doubleClickWaitInterval=300
09-25 13:19:20.603  8130  8237 I [AirCmd]_RemoteSpenMainController: onSwitch : package is com.example.dogglers   and activity is com.example.dogglers.MainActivity and isBleConnected is false and hasActions is false
09-25 13:19:20.606  4768  4851 D OpenGLRenderer: setSurface called with nullptr
09-25 13:19:20.606  4768  4851 D OpenGLRenderer: setSurface() destroyed EGLSurface
09-25 13:19:20.606  2229  6809 I CameraService: onUidStateChanged: uid=10042, procState is changed. (1 -> 0)
09-25 13:19:20.607  4768  4851 D OpenGLRenderer: destroyEglSurface
09-25 13:19:20.607  3108  6456 D InputDispatcher: Inject motion (5639/10577): action=0x1, time=811538569000000, f=0x0, d=0 dsdx=1.000000 dtdx=0.000000
09-25 13:19:20.607  3108  4144 I InputDispatcher: Delivering touch to (5639): action: 0x1, f=0x1, d=0, 'da639dc', t=1 +(-50,-108)*(1.07)
09-25 13:19:20.607  5639  5639 I ViewRootImpl@6db32b7[MainActivity]: ViewPostIme pointer 1
09-25 13:19:20.607  3108  3228 I GestureDetector: obtain mCurrentMotionEventRaw. action: 1 id: -1025206029
09-25 13:19:20.607  5369  5369 I TouchInteractionService: reset
09-25 13:19:20.607  3108  3228 I GestureDetector: obtain mCurrentMotionEventRaw. action: 1 id: -1025206029
09-25 13:19:20.608  4768  4846 V Navbar.Store: --handleEvent(0) ResetBottomGestureHintVI(noArguments=true) [Module]
09-25 13:19:20.608  4768  4846 V Navbar.Store: ----[Band]GESTURE_PACK_RESET_HINT_VI
09-25 13:19:20.608  3108  4157 D SemInputMonitorMotionEvent: [sec_input] CASE3 : tool type change pre(0) : cur(1) : TOOL_TYPE_FINGER com.example.dogglers.MainActivity
09-25 13:19:20.608  3108  4157 D SemInputDeviceHqmData: increaseCount mCase3Count:204tempStr2:204 2023/0925/13:19:20 C com.example.dogglers.MainActivity com.example.dogglers
09-25 13:19:20.608  3108  3230 I ChimeraSystemEventListener: appLaunchIntent package name is: com.example.dogglers
09-25 13:19:20.608  3108  4157 D SemInputDeviceHqmHelper: sendLoggingDataToHQM() Server update !!! basic_custom "CASA":"0","CASB":"0"
09-25 13:19:20.609  4768  4843 I ViewRootImpl@e8f5a44[dogglers]: performTraversals params={(0,0)(fillxfill) sim={adjust=pan} ty=APPLICATION_STARTING fmt=TRANSLUCENT wanim=0x1030001 alpha=0.0
09-25 13:19:20.609  4768  4843 I ViewRootImpl@e8f5a44[dogglers]:   fl=81030118
09-25 13:19:20.609  4768  4843 I ViewRootImpl@e8f5a44[dogglers]:   pfl=16000010
09-25 13:19:20.609  4768  4843 I ViewRootImpl@e8f5a44[dogglers]:   bhv=DEFAULT
09-25 13:19:20.609  4768  4843 I ViewRootImpl@e8f5a44[dogglers]:   fitSides= naviIconColor=0}
09-25 13:19:20.609  3108  8626 I SemDvfsHyPerManager: acquire hyper - AMS_ACT_START/3108@18, type = -999
09-25 13:19:20.609  4768  4843 I ViewRootImpl@e8f5a44[dogglers]: performTraversals mFirst=false windowShouldResize=false viewVisibilityChanged=true mForceNextWindowRelayout=false params={(0,0)(fillxfill) sim={adjust=pan} ty=APPLICATION_STARTING fmt=TRANSLUCENT wanim=0x1030001 alpha=0.0
09-25 13:19:20.609  4768  4843 I ViewRootImpl@e8f5a44[dogglers]:   fl=81030118
09-25 13:19:20.609  4768  4843 I ViewRootImpl@e8f5a44[dogglers]:   pfl=16000010
09-25 13:19:20.609  4768  4843 I ViewRootImpl@e8f5a44[dogglers]:   bhv=DEFAULT
09-25 13:19:20.609  4768  4843 I ViewRootImpl@e8f5a44[dogglers]:   fitSides= naviIconColor=0}
09-25 13:19:20.609  1809  1855 I HYPER-HAL: [RequestManager.cpp]acquire(): Acquired ID : 4887519  [3108 / 18]    HINT : AMS_ACT_START    list :
09-25 13:19:20.610  1914  2139 I SurfaceFlinger: id=162077 createSurf, flag=80004, ActivityRecord{1a27a5b u0 com.example.dogglers/.VerticalListActivity} t7108}#162077
09-25 13:19:20.615  1914  3193 I SurfaceFlinger: id=162078 createSurf, flag=80000, da6756a ActivityRecordInputSink com.example.dogglers/.VerticalListActivity#162078
09-25 13:19:20.617  3108  6456 V WindowManager: Relayout Window{22dc57f u0 Splash Screen com.example.dogglers}: viewVisibility=8 req=1440x3088 d0
09-25 13:19:20.617  5759  5759 E pageboostd: Received HALT command code 2
09-25 13:19:20.618  3108  6456 V WindowManager: Relayout hash=22dc57f, pid=4768, syncId=-1: mAttrs={(0,0)(fillxfill) sim={adjust=pan} ty=APPLICATION_STARTING fmt=TRANSLUCENT wanim=0x1030001 alpha=0.0
09-25 13:19:20.618  3108  6456 V WindowManager:   fl=81030118
09-25 13:19:20.618  3108  6456 V WindowManager:   pfl=16000010
09-25 13:19:20.618  3108  6456 V WindowManager:   bhv=DEFAULT
09-25 13:19:20.618  3108  6456 V WindowManager:   fitSides= naviIconColor=0}
09-25 13:19:20.618  3108  3230 D PersonaActivityHelper: Activity not in resumed state, do not run immediate lock
09-25 13:19:20.619  4768  4843 I ViewRootImpl@e8f5a44[dogglers]: Relayout returned: old=(0,0,1440,3088) new=(0,0,1440,3088) req=(1440,3088)8 dur=10 res=0x2 s={false 0x0} ch=true seqId=0
09-25 13:19:20.620  5639  5639 D LifecycleMonitor: Lifecycle status change: com.example.dogglers.MainActivity@6cb3d5d in: PAUSED
09-25 13:19:20.620  5639  5639 V ActivityScenario: Update currentActivityStage to PAUSED, currentActivity=com.example.dogglers.MainActivity@6cb3d5d
09-25 13:19:20.620  4768  4843 I ViewRootImpl@e8f5a44[dogglers]: dispatchDetachedFromWindow
09-25 13:19:20.622  3108  3145 D InputDispatcher: Focused application(0): ActivityRecord{1a27a5b u0 com.example.dogglers/.VerticalListActivity} t7108}
09-25 13:19:20.623  3108 29076 D RemoteAppTaskWatcher:  ****** RemoteAppTaskWatcher: Message Received 5 Task ID = 0
09-25 13:19:20.624  1914  1914 D SurfaceFlinger: Display 4630947093241269891 HWC layers:
09-25 13:19:20.624  1914  1914 D SurfaceFlinger:      CLIENT | 0xb400007af6c13480 | 0100 | RGBx_8888    |  592.0    0.0 1628.0 2220.0 |    0    0 1440 3088 | Wallpaper BBQ wrapper#90
09-25 13:19:20.624  1914  1914 D SurfaceFlinger:      CLIENT | 0xb400007af86f9580 | 0100 | RGBA_8888    |    0.0    0.0 1440.0 3088.0 |    0    0 1440 3088 | com.sec.android.app.launcher/com.sec[...]rActivity$_5369#162054 (blurRegions)
09-25 13:19:20.624  1914  1914 D SurfaceFlinger:      DEVICE | 0xb400007af86ec180 | 0102 | RGBA_8888    |    0.0    0.0 1440.0 3088.0 |   39   83 1401 3005 | com.example.dogglers/com.example.dogglers.MainActivity$_5639#162072
09-25 13:19:20.624  1914  1914 D SurfaceFlinger:      DEVICE | 0xb400007af6c14880 | 0100 | RGBA_8888    |    0.0    0.0 1440.0  100.0 |    0    0 1440  100 | StatusBar$_4768#95
09-25 13:19:20.624  1914  1914 D SurfaceFlinger:      DEVICE | 0xb400007af8705400 | 0100 | RGBA_8888    |    0.0    0.0   67.0  589.0 |    0  562   67 1151 | com.samsung.android.app.cocktailbars[...]vice.CocktailBarService$_8423#156853
09-25 13:19:20.624  1914  1914 D SurfaceFlinger:      DEVICE | 0xb400007af8705500 | 0100 | RGBA_8888    |    0.0    0.0  518.0   48.0 |  922 3040 1440 3088 | SGestureOverlayWindow$_5369#156268
09-25 13:19:20.624  1914  1914 D SurfaceFlinger:      DEVICE | 0xb400007af6
09-25 13:19:20.624  1914  1914 D SurfaceFlinger: c15880 | 0100 | RGBA_8888    |    0.0    0.0 1440.0  168.0 |    0 2920 1440 3088 | NavigationBar0$_4768#92
09-25 13:19:20.624  1914  1914 D SurfaceFlinger:
09-25 13:19:20.625  3108  6456 D InputTransport: Input channel destroyed: '22dc57f', fd=1254
09-25 13:19:20.625  3108  6456 W InputManager-JNI: Input channel object '22dc57f Splash Screen com.example.dogglers (client)' was disposed without first being removed with the input manager!
09-25 13:19:20.625  3108  6456 D InputTransport: Input channel destroyed: '22dc57f', fd=1273
09-25 13:19:20.626  4768  4843 D InputTransport: Input channel destroyed: '22dc57f', fd=212
09-25 13:19:20.627 15715 18710 I WindowsLink: (TaskInfoManager) +++++++++++onRecentTaskStackUpdated
09-25 13:19:20.627  5639  5639 D LifecycleMonitor: Lifecycle status change: com.example.dogglers.VerticalListActivity@b7afcb4 in: PRE_ON_CREATE
09-25 13:19:20.627  5639  5639 V ActivityScenario: Activity lifecycle changed event received but ignored because the intent does not match. startActivityIntent=Intent { act=android.intent.action.MAIN cat=[android.intent.category.LAUNCHER] cmp=com.example.dogglers/.MainActivity }, activity.getIntent()=Intent { cmp=com.example.dogglers/.VerticalListActivity }, activity=com.example.dogglers.VerticalListActivity@b7afcb4
09-25 13:19:20.628  3108  3230 I SemPersonaManager: SecureFolder personaId = 150
09-25 13:19:20.629  1914  1914 I SurfaceFlinger: [da639dc com.example.dogglers/com.example.dogglers.MainActivity#162071] FrameRatePriority: -1
09-25 13:19:20.630  1914  1914 I Layer   : id=162075 removedFromDrawingState Surface(name=da639dc com.example.dogglers/com.example.dogglers.MainActivity)/@0x1e3612 - animation-leash of starting_reveal#162075 (340)
09-25 13:19:20.630  5639  5639 I DecorView: [INFO] isPopOver=false config=true
09-25 13:19:20.630  5639  5639 I DecorView: updateCaptionType: isFloating=false isApplication=true hasWindowDecorCaption=false this=DecorView@e25cbaa[]
09-25 13:19:20.630  5639  5639 D DecorView: setCaptionType = 0, this = DecorView@e25cbaa[]
09-25 13:19:20.631  3108  6456 D InputDispatcher: Focus left window (0): da639dc com.example.dogglers/com.example.dogglers.MainActivity
09-25 13:19:20.631  5639  5639 I DecorView: getCurrentDensityDpi: from real metrics. densityDpi=560 msg=resources_loaded
09-25 13:19:20.631  5639  5639 I DecorView: setWindowBackground: isPopOver=false color=ff121212 d=android.graphics.drawable.ColorDrawable@374e338
09-25 13:19:20.631  3108  3230 D EnterpriseDeviceManagerService: isMdmAdminPresentInternal() : MDM Admin Found - com.samsung.knox.securefolder
09-25 13:19:20.633  8423  8423 I ActivityUtils: HomePackage : com.sec.android.app.launcher, resumePackageName : com.example.dogglers
09-25 13:19:20.634  3108  6142 I MediaSessionMonitor: Media session stopped : controllerList empty
09-25 13:19:20.634  5639  5639 D LifecycleMonitor: Lifecycle status change: com.example.dogglers.VerticalListActivity@b7afcb4 in: CREATED
09-25 13:19:20.634  5639  5639 V ActivityScenario: Activity lifecycle changed event received but ignored because the intent does not match. startActivityIntent=Intent { act=android.intent.action.MAIN cat=[android.intent.category.LAUNCHER] cmp=com.example.dogglers/.MainActivity }, activity.getIntent()=Intent { cmp=com.example.dogglers/.VerticalListActivity }, activity=com.example.dogglers.VerticalListActivity@b7afcb4
09-25 13:19:20.635  6586  6586 I SAMSUNGWALLET-USBP: [AlertController] Boarding pass alert is not enabled
09-25 13:19:20.635  6586  6586 I SAMSUNGWALLET-USBP: [AlertController] dismiss alert: NO_ALERT
09-25 13:19:20.635  5639  5639 D LifecycleMonitor: Lifecycle status change: com.example.dogglers.VerticalListActivity@b7afcb4 in: STARTED
09-25 13:19:20.635  5639  5639 V ActivityScenario: Activity lifecycle changed event received but ignored because the intent does not match. startActivityIntent=Intent { act=android.intent.action.MAIN cat=[android.intent.category.LAUNCHER] cmp=com.example.dogglers/.MainActivity }, activity.getIntent()=Intent { cmp=com.example.dogglers/.VerticalListActivity }, activity=com.example.dogglers.VerticalListActivity@b7afcb4
09-25 13:19:20.635  5639  5639 D LifecycleMonitor: Lifecycle status change: com.example.dogglers.VerticalListActivity@b7afcb4 in: RESUMED
09-25 13:19:20.635  5639  5639 V ActivityScenario: Activity lifecycle changed event received but ignored because the intent does not match. startActivityIntent=Intent { act=android.intent.action.MAIN cat=[android.intent.category.LAUNCHER] cmp=com.example.dogglers/.MainActivity }, activity.getIntent()=Intent { cmp=com.example.dogglers/.VerticalListActivity }, activity=com.example.dogglers.VerticalListActivity@b7afcb4
09-25 13:19:20.635  5639  5639 I MSHandlerLifeCycle: check: return. pkg=com.example.dogglers parent=null callers=com.android.internal.policy.DecorView.setVisibility:4412 android.app.ActivityThread.handleResumeActivity:5476 android.app.servertransaction.ResumeActivityItem.execute:54 android.app.servertransaction.ActivityTransactionItem.execute:45 android.app.servertransaction.TransactionExecutor.executeLifecycleState:176
09-25 13:19:20.635  5639  5639 I MSHandlerLifeCycle: removeMultiSplitHandler: no exist. decor=DecorView@e25cbaa[]
09-25 13:19:20.637  5639  5729 D NativeCustomFrequencyManager: [NativeCFMS] BpCustomFrequencyManager::BpCustomFrequencyManager()
09-25 13:19:20.638  3108  8626 D InputTransport: Input channel constructed: 'fa98341', fd=1315
09-25 13:19:20.638  3108  8626 D InputTransport: Input channel constructed: 'fa98341', fd=1322
09-25 13:19:20.638  3108  8626 D InputTransport: Input channel constructed: 'fa98341', fd=1332
09-25 13:19:20.638  1914  2139 I SurfaceFlinger: id=162079 createSurf, flag=80004, fa98341 com.example.dogglers/com.example.dogglers.VerticalListActivity#162079
09-25 13:19:20.640  3108  8626 D InputTransport: Input channel destroyed: 'fa98341', fd=1332
09-25 13:19:20.641  5639  5639 D InsetsController: onStateChanged: InsetsState: {mDisplayFrame=Rect(0, 0 - 1440, 3088), mDisplayCutout=DisplayCutout{insets=Rect(0, 100 - 0, 0) waterfall=Insets{left=0, top=0, right=0, bottom=0} boundingRect={Bounds=[Rect(0, 0 - 0, 0), Rect(685, 0 - 756, 100), Rect(0, 0 - 0, 0), Rect(0, 0 - 0, 0)]} cutoutPathParserInfo={CutoutPathParserInfo{displayWidth=1440 displayHeight=3088 physicalDisplayWidth=1440 physicalDisplayHeight=3088 density={3.75} cutoutSpec={M 0,0 H -9.466666666666667 V 26.66666666666667‬ H 9.466666666666667 V 0 H 0 Z @dp} rotation={0} scale={1.0} physicalPixelDisplaySizeRatio={1.0}}}}, mRoundedCorners=RoundedCorners{[RoundedCorner{position=TopLeft, radius=14, center=Point(14, 14)}, RoundedCorner{position=TopRight, radius=14, center=Point(1426, 14)}, RoundedCorner{position=BottomRight, radius=14, center=Point(1426, 3074)}, RoundedCorner{position=BottomLeft, radius=14, center=Point(14, 3074)}]}  mRoundedCornerFrame=Rect(0, 0 - 1440, 3088), mPrivacyIndicatorBounds=PrivacyIndicatorBounds {static bounds=Rect(1286, 0 - 1440, 100) rotation=0}, mSources= { InsetsSource: {mType=ITYPE_STATUS_BAR, mFrame=[0,0][1440,100], mVisible=true, mInsetsRoundedCornerFrame=false}, InsetsSource: {mType=ITYPE_NAVIGATION_BAR, mFrame=[0,3088][1440,3088], mVisible=true, mInsetsRoundedCornerFrame=false}, InsetsSource: {mType=ITYPE_LEFT_GESTURES, mFrame=[0,0][0,3088], mVisible=true, mInsetsRoundedCornerFrame=false}, InsetsSource: {mType=ITYPE_RIGHT_GESTURES, mFrame=[1440,0][1440,3088], mVisible=true, mInsetsRoundedCornerFrame=false}, InsetsSource: {mType=ITYPE_TOP_MANDATORY_GESTURES, mFrame=[0,0][1440,142], mVisible=true, mInsetsRoundedCornerFrame=false}, InsetsSource: {mType=ITYPE_BOTTOM_MANDATORY_GESTURES, mFrame=[0,3018][1440,3088], mVisible=true, mInsetsRoundedCornerFrame=false}, InsetsSource: {mType=ITYPE_LEFT_DISPLAY_CUTOUT, mFrame=[0,0][-100000,3088], mVisible=true, mInsetsRoundedCornerFrame=false}, InsetsSource: {mType=ITYPE_TOP_DISPLAY_CUTOUT, mFrame=[0,0][1440,100], mVisible=true, mInsetsRoundedCornerFrame=false}, InsetsSource: {mType=ITYPE_RIGHT_DISPLAY_CUTOUT, mFrame=[100000,0][1440,3088], mVisible=true, mInsetsRoundedCornerFrame=false}, InsetsSource: {mType=ITYPE_BOTTOM_DISPLAY_CUTOUT, mFrame=[0,100000][1440,3088], mVisible=true, mInsetsRoundedCornerFrame=false}, InsetsSource: {mType=ITYPE_TOP_TAPPABLE_ELEMENT, mFrame=[0,0][1440,100], mVisible=true, mInsetsRoundedCornerFrame=false}, InsetsSource: {mType=ITYPE_BOTTOM_TAPPABLE_ELEMENT, mFrame=[0,0][0,0], mVisible=true, mInsetsRoundedCornerFrame=false} } host=com.example.dogglers/com.example.dogglers.VerticalListActivity from=android.view.ViewRootImpl.setView:1732
09-25 13:19:20.643  5639  5639 I ViewRootImpl@b92b98b[VerticalListActivity]: setView = com.android.internal.policy.DecorView@e25cbaa TM=true
09-25 13:19:20.643  5639  5639 I MSHandlerLifeCycle: removeMultiSplitHandler: no exist. decor=DecorView@e25cbaa[VerticalListActivity]
09-25 13:19:20.643  3108  3338 D AnalyticsContainerHandler: handleMessage : { when=0 what=1 target=com.android.server.knox.KnoxAnalyticsContainer$AnalyticsHandler }
09-25 13:19:20.645  5639  5639 I ViewRootImpl@b92b98b[VerticalListActivity]: performTraversals params={(0,0)(fillxfill) sim={adjust=resize forwardNavigation} ty=BASE_APPLICATION wanim=0x1030309
09-25 13:19:20.645  5639  5639 I ViewRootImpl@b92b98b[VerticalListActivity]:   fl=81810100
09-25 13:19:20.645  5639  5639 I ViewRootImpl@b92b98b[VerticalListActivity]:   pfl=12020040
09-25 13:19:20.645  5639  5639 I ViewRootImpl@b92b98b[VerticalListActivity]:   bhv=DEFAULT
09-25 13:19:20.645  5639  5639 I ViewRootImpl@b92b98b[VerticalListActivity]:   fitSides= naviIconColor=0}
09-25 13:19:20.646  5639  5639 I ViewRootImpl@b92b98b[VerticalListActivity]: performTraversals mFirst=true windowShouldResize=true viewVisibilityChanged=false mForceNextWindowRelayout=false params={(0,0)(fillxfill) sim={adjust=resize forwardNavigation} ty=BASE_APPLICATION wanim=0x1030309
09-25 13:19:20.646  5639  5639 I ViewRootImpl@b92b98b[VerticalListActivity]:   fl=81810100
09-25 13:19:20.646  5639  5639 I ViewRootImpl@b92b98b[VerticalListActivity]:   pfl=12020040
09-25 13:19:20.646  5639  5639 I ViewRootImpl@b92b98b[VerticalListActivity]:   bhv=DEFAULT
09-25 13:19:20.646  5639  5639 I ViewRootImpl@b92b98b[VerticalListActivity]:   fitSides= naviIconColor=0}
09-25 13:19:20.646  3108  8626 V WindowManager: Relayout Window{fa98341 u0 com.example.dogglers/com.example.dogglers.VerticalListActivity}: viewVisibility=0 req=1440x3088 d0
09-25 13:19:20.646  1914  3193 I SurfaceFlinger: id=162080 createSurf, flag=40004, com.example.dogglers/com.example.dogglers.VerticalListActivity$_5639#162080
09-25 13:19:20.649  1914  3193 I SurfaceFlinger: id=162081 createSurf, flag=24000, Surface(name=4eb27f5 StatusBar)/@0x43fa543 - animation-leash of insets_animation#162081
09-25 13:19:20.651  1914  3193 I SurfaceFlinger: id=162082 createSurf, flag=24000, Surface(name=d110b4c NavigationBar0)/@0x8bdb781 - animation-leash of insets_animation#162082
09-25 13:19:20.651  3108  8626 V WindowManager: Relayout hash=fa98341, pid=5639, syncId=-1: mAttrs={(0,0)(fillxfill) sim={adjust=resize forwardNavigation} ty=BASE_APPLICATION wanim=0x1030309
09-25 13:19:20.651  3108  8626 V WindowManager:   fl=81810100
09-25 13:19:20.651  3108  8626 V WindowManager:   pfl=12020040
09-25 13:19:20.651  3108  8626 V WindowManager:   bhv=DEFAULT
09-25 13:19:20.651  3108  8626 V WindowManager:   fitSides= naviIconColor=0}
09-25 13:19:20.652  5639  5639 D InsetsController: onStateChanged: InsetsState: {mDisplayFrame=Rect(0, 0 - 1440, 3088), mDisplayCutout=DisplayCutout{insets=Rect(0, 100 - 0, 0) waterfall=Insets{left=0, top=0, right=0, bottom=0} boundingRect={Bounds=[Rect(0, 0 - 0, 0), Rect(685, 0 - 756, 100), Rect(0, 0 - 0, 0), Rect(0, 0 - 0, 0)]} cutoutPathParserInfo={CutoutPathParserInfo{displayWidth=1440 displayHeight=3088 physicalDisplayWidth=1440 physicalDisplayHeight=3088 density={3.75} cutoutSpec={M 0,0 H -9.466666666666667 V 26.66666666666667‬ H 9.466666666666667 V 0 H 0 Z @dp} rotation={0} scale={1.0} physicalPixelDisplaySizeRatio={1.0}}}}, mRoundedCorners=RoundedCorners{[RoundedCorner{position=TopLeft, radius=14, center=Point(14, 14)}, RoundedCorner{position=TopRight, radius=14, center=Point(1426, 14)}, RoundedCorner{position=BottomRight, radius=14, center=Point(1426, 3074)}, RoundedCorner{position=BottomLeft, radius=14, center=Point(14, 3074)}]}  mRoundedCornerFrame=Rect(0, 0 - 1440, 3088), mPrivacyIndicatorBounds=PrivacyIndicatorBounds {static bounds=Rect(1286, 0 - 1440, 100) rotation=0}, mSources= { InsetsSource: {mType=ITYPE_STATUS_BAR, mFrame=[0,0][1440,100], mVisible=true, mInsetsRoundedCornerFrame=false}, InsetsSource: {mType=ITYPE_NAVIGATION_BAR, mFrame=[0,3088][1440,3088], mVisible=true, mInsetsRoundedCornerFrame=false}, InsetsSource: {mType=ITYPE_LEFT_GESTURES, mFrame=[0,0][0,3088], mVisible=true, mInsetsRoundedCornerFrame=false}, InsetsSource: {mType=ITYPE_RIGHT_GESTURES, mFrame=[1440,0][1440,3088], mVisible=true, mInsetsRoundedCornerFrame=false}, InsetsSource: {mType=ITYPE_TOP_MANDATORY_GESTURES, mFrame=[0,0][1440,142], mVisible=true, mInsetsRoundedCornerFrame=false}, InsetsSource: {mType=ITYPE_BOTTOM_MANDATORY_GESTURES, mFrame=[0,3018][1440,3088], mVisible=true, mInsetsRoundedCornerFrame=false}, InsetsSource: {mType=ITYPE_LEFT_DISPLAY_CUTOUT, mFrame=[0,0][-100000,3088], mVisible=true, mInsetsRoundedCornerFrame=false}, InsetsSource: {mType=ITYPE_TOP_DISPLAY_CUTOUT, mFrame=[0,0][1440,100], mVisible=true, mInsetsRoundedCornerFrame=false}, InsetsSource: {mType=ITYPE_RIGHT_DISPLAY_CUTOUT, mFrame=[100000,0][1440,3088], mVisible=true, mInsetsRoundedCornerFrame=false}, InsetsSource: {mType=ITYPE_BOTTOM_DISPLAY_CUTOUT, mFrame=[0,100000][1440,3088], mVisible=true, mInsetsRoundedCornerFrame=false}, InsetsSource: {mType=ITYPE_TOP_TAPPABLE_ELEMENT, mFrame=[0,0][1440,100], mVisible=true, mInsetsRoundedCornerFrame=false}, InsetsSource: {mType=ITYPE_BOTTOM_TAPPABLE_ELEMENT, mFrame=[0,0][0,0], mVisible=true, mInsetsRoundedCornerFrame=false}, InsetsSource: {mType=ITYPE_IME, mFrame=[0,0][0,0], mVisibleFrame=[0,3088][1440,3088], mVisible=false, mInsetsRoundedCornerFrame=false} } host=com.example.dogglers/com.example.dogglers.VerticalListActivity from=android.view.ViewRootImpl.relayoutWindow:9802
09-25 13:19:20.652  5639  5639 I ViewRootImpl@b92b98b[VerticalListActivity]: updateBlastSurfaceIfNeeded mBlastBufferQueue=null isSameSurfaceControl=false
09-25 13:19:20.653  5639  5639 I BLASTBufferQueue: new BLASTBufferQueue, mName= ViewRootImpl@b92b98b[VerticalListActivity] mNativeObject= 0xb4000077a1043480 sc.mNativeObject= 0xb4000077b1d44aa0 caller= android.view.ViewRootImpl.updateBlastSurfaceIfNeeded:2909 android.view.ViewRootImpl.relayoutWindow:9847 android.view.ViewRootImpl.performTraversals:3884 android.view.ViewRootImpl.doTraversal:3116 android.view.ViewRootImpl$TraversalRunnable.run:10885 android.view.Choreographer$CallbackRecord.run:1301 android.view.Choreographer$CallbackRecord.run:1309 android.view.Choreographer.doCallbacks:923 android.view.Choreographer.doFrame:852 android.view.Choreographer$FrameDisplayEventReceiver.run:1283
09-25 13:19:20.653  5639  5639 I BLASTBufferQueue: update, w= 1440 h= 3088 mName = ViewRootImpl@b92b98b[VerticalListActivity] mNativeObject= 0xb4000077a1043480 sc.mNativeObject= 0xb4000077b1d44aa0 format= -1 caller= android.graphics.BLASTBufferQueue.<init>:84 android.view.ViewRootImpl.updateBlastSurfaceIfNeeded:2909 android.view.ViewRootImpl.relayoutWindow:9847 android.view.ViewRootImpl.performTraversals:3884 android.view.ViewRootImpl.doTraversal:3116 android.view.ViewRootImpl$TraversalRunnable.run:10885
09-25 13:19:20.653  5639  5639 I ViewRootImpl@b92b98b[VerticalListActivity]: Relayout returned: old=(0,0,1440,3088) new=(0,0,1440,3088) req=(1440,3088)0 dur=6 res=0x3 s={true 0xb400007734636000} ch=true seqId=0
09-25 13:19:20.653  5639  5639 I ViewRootImpl@b92b98b[VerticalListActivity]: performConfigurationChange setNightDimText nightDimLevel=0
09-25 13:19:20.654  5639  5639 I ViewRootImpl@b92b98b[VerticalListActivity]: mThreadedRenderer.initialize() mSurface={isValid=true 0xb400007734636000} hwInitialized=true
09-25 13:19:20.654  5639  5729 D OpenGLRenderer: eglCreateWindowSurface
09-25 13:19:20.654  1914  1914 I Layer   : id=162073 removedFromDrawingState Surface(name=4eb27f5 StatusBar)/@0x43fa543 - animation-leash of insets_animation#162073 (344)
09-25 13:19:20.654  1914  1914 I Layer   : id=162074 removedFromDrawingState Surface(name=d110b4c NavigationBar0)/@0x8bdb781 - animation-leash of insets_animation#162074 (344)
09-25 13:19:20.654  1914  1914 I SurfaceFlinger: [fa98341 com.example.dogglers/com.example.dogglers.VerticalListActivity#162079] FrameRatePriority: 1
09-25 13:19:20.663  3108  6493 D InputDispatcher: Focus request (0): fa98341 com.example.dogglers/com.example.dogglers.VerticalListActivity but waiting because NO_WINDOW
09-25 13:19:20.667  5639  5639 I ViewRootImpl@b92b98b[VerticalListActivity]: reportNextDraw android.view.ViewRootImpl.performTraversals:4438 android.view.ViewRootImpl.doTraversal:3116 android.view.ViewRootImpl$TraversalRunnable.run:10885 android.view.Choreographer$CallbackRecord.run:1301 android.view.Choreographer$CallbackRecord.run:1309
09-25 13:19:20.667  5639  5639 I ViewRootImpl@b92b98b[VerticalListActivity]: Setup new sync id=0
09-25 13:19:20.667  5639  5639 I ViewRootImpl@b92b98b[VerticalListActivity]: Setting syncFrameCallback
09-25 13:19:20.667  5639  5639 I ViewRootImpl@b92b98b[VerticalListActivity]: registerCallbacksForSync syncBuffer=false
09-25 13:19:20.670  5639  5772 I ViewRootImpl@b92b98b[VerticalListActivity]: Received frameDrawingCallback syncResult=0 frameNum=1.
09-25 13:19:20.670  5639  5772 I ViewRootImpl@b92b98b[VerticalListActivity]: Setting up sync and frameCommitCallback
09-25 13:19:20.671  5639  5729 I BLASTBufferQueue: [ViewRootImpl@b92b98b[VerticalListActivity]#12](f:0,a:0) onFrameAvailable the first frame is available
09-25 13:19:20.672  5639  5729 I ViewRootImpl@b92b98b[VerticalListActivity]: Received frameCommittedCallback lastAttemptedDrawFrameNum=1 didProduceBuffer=true
09-25 13:19:20.672  5639  5729 D OpenGLRenderer: CFMS:: SetUp Pid : 5639    Tid : 5729
09-25 13:19:20.675  5639  5639 I ViewRootImpl@b92b98b[VerticalListActivity]: onSyncComplete
09-25 13:19:20.675  5639  5639 I ViewRootImpl@b92b98b[VerticalListActivity]: setupSync seqId=0 mSyncId=0 fn=1 caller=android.view.ViewRootImpl$$ExternalSyntheticLambda11.accept:6 android.window.SurfaceSyncer.lambda$setupSync$1$android-window-SurfaceSyncer:128 android.window.SurfaceSyncer$$ExternalSyntheticLambda1.accept:8 android.window.SurfaceSyncer$SyncSet.checkIfSyncIsComplete:382 android.window.SurfaceSyncer$SyncSet.markSyncReady:359 android.window.SurfaceSyncer.markSyncReady:151 android.view.ViewRootImpl.performTraversals:4503
09-25 13:19:20.676  5639  5639 I ViewRootImpl@b92b98b[VerticalListActivity]: reportDrawFinished seqId=0 mSyncId=-1 fn=1 mSurfaceChangedTransaction=0xb4000077a103a200
09-25 13:19:20.676  5639  5639 I ViewRootImpl@6db32b7[MainActivity]: MSG_WINDOW_FOCUS_CHANGED 0 0
09-25 13:19:20.679  1914  2139 I SurfaceFlinger: id=162083 createSurf, flag=24000, Surface(name=ActivityRecord{bfe4d7c u0 com.example.dogglers/.MainActivity} t7108})/@0x542b1e3 - animation-leash of app_transition#162083
09-25 13:19:20.682  1914  3193 I SurfaceFlinger: id=162074 Removed Surface(name=d110b4c NavigationBar0)/@0x8bdb781 - animation-leash of insets_animation#162074 (345)
09-25 13:19:20.683  1914  3193 I SurfaceFlinger: id=162073 Removed Surface(name=4eb27f5 StatusBar)/@0x43fa543 - animation-leash of insets_animation#162073 (345)
09-25 13:19:20.683  1914  3199 I SurfaceFlinger: id=162084 createSurf, flag=80004, Surface(name=ActivityRecord{bfe4d7c u0 com.example.dogglers/.MainActivity} t7108})/@0x542b1e3 - animation-bounds#162084
09-25 13:19:20.686  1914  3199 I SurfaceFlinger: id=162085 createSurf, flag=20004, DimAnimationLayer for ActivityRecord{1a27a5b u0 com.example.dogglers/.VerticalListActivity} t7108}#162085
09-25 13:19:20.688  1914  1914 I Layer   : id=162073 Destroyed Surface(name=4eb27f5 StatusBar)/@0x43fa543 - animation-leash of insets_animation#162073
09-25 13:19:20.688  1914  1914 I Layer   : id=162074 Destroyed Surface(name=d110b4c NavigationBar0)/@0x8bdb781 - animation-leash of insets_animation#162074
09-25 13:19:20.688  1914  3193 I SurfaceFlinger: id=162086 createSurf, flag=24004, Surface(name=ActivityRecord{1a27a5b u0 com.example.dogglers/.VerticalListActivity} t7108})/@0xdf4423b - animation-leash of app_transition#162086
09-25 13:19:20.689  1914  2139 I SurfaceFlinger: id=162087 createSurf, flag=80004, Surface(name=ActivityRecord{1a27a5b u0 com.example.dogglers/.VerticalListActivity} t7108})/@0xdf4423b - animation-bounds#162087
09-25 13:19:20.690  3108  3227 I ActivityTaskManager: Displayed com.example.dogglers/.VerticalListActivity: +81ms
09-25 13:19:20.690  5759  5759 E pageboostd: Received HALT command code 2
09-25 13:19:20.692  3108  6493 I SemDvfsHyPerManager: acquire hyper - AMS_RESUME_TAIL/3108@20, type = -999
09-25 13:19:20.692  3108  6493 I SemDvfsHyPerManager: acquire hyper - AMS_ACT_LAZY/3108@21, type = -999
09-25 13:19:20.692  1809  1855 I HYPER-HAL: [RequestManager.cpp]acquire(): Acquired ID : 4893776  [3108 / 20]    HINT : AMS_RESUME_TAIL    list :
09-25 13:19:20.692  1809  1855 I HYPER-HAL: [RequestManager.cpp]acquire(): Acquired ID : 4896906  [3108 / 21]    HINT : AMS_ACT_LAZY    list :
09-25 13:19:20.695  1809  1855 I HYPER-HAL: [RequestManager.cpp]releaseLocked(): Released ID : 4887519
09-25 13:19:20.696  1914  1914 I Layer   : Layer [com.example.dogglers/com.example.dogglers.VerticalListActivity$_5639#162080] hidden!! flag(0)
09-25 13:19:20.699  1914  1914 I Layer   : id=162088 Destroyed Screenshot Parent#162088
09-25 13:19:20.700  1914  2139 I SurfaceFlinger: id=162089 createSurf, flag=40404, Bottom Edge Extension#162089
09-25 13:19:20.703  1914  2139 I SurfaceFlinger: id=162090 createSurf, flag=400, bbq-wrapper#162090
09-25 13:19:20.703  3108 22320 I BLASTBufferQueue: [bbq-adapter#2950](f:0,a:0) onFrameAvailable the first frame is available
09-25 13:19:20.704  1914  1914 I Layer   : id=162091 Destroyed Screenshot Parent#162091
09-25 13:19:20.705  1914  3199 I SurfaceFlinger: id=162092 createSurf, flag=40404, Top Edge Extension#162092
09-25 13:19:20.707  1914  3199 I SurfaceFlinger: id=162093 createSurf, flag=400, bbq-wrapper#162093
09-25 13:19:20.708  3108 22321 I BLASTBufferQueue: [bbq-adapter#2951](f:0,a:0) onFrameAvailable the first frame is available
09-25 13:19:20.722  3108  8626 D InputDispatcher: Focus entered window (0): fa98341 com.example.dogglers/com.example.dogglers.VerticalListActivity
09-25 13:19:20.722  5639  5639 I ViewRootImpl@b92b98b[VerticalListActivity]: MSG_WINDOW_FOCUS_CHANGED 1 0
09-25 13:19:20.723  5639  5639 I ViewRootImpl@b92b98b[VerticalListActivity]: mThreadedRenderer.initializeIfNeeded()#2 mSurface={isValid=true 0xb400007734636000}
09-25 13:19:20.723  5639  5639 D InputMethodManager: startInputInner - Id : 0
09-25 13:19:20.723  5639  5639 I InputMethodManager: startInputInner - mService.startInputOrWindowGainedFocus
09-25 13:19:20.724  1914  1914 D SurfaceFlinger: Display 4630947093241269891 HWC layers:
09-25 13:19:20.724  1914  1914 D SurfaceFlinger:      CLIENT | 0xb400007af6c13480 | 0100 | RGBx_8888    |  592.0    0.0 1628.0 2220.0 |    0    0 1440 3088 | Wallpaper BBQ wrapper#90
09-25 13:19:20.724  1914  1914 D SurfaceFlinger:      CLIENT | 0xb400007af86f9580 | 0100 | RGBA_8888    |    0.0    0.0 1440.0 3088.0 |    0    0 1440 3088 | com.sec.android.app.launcher/com.sec[...]rActivity$_5369#162054 (blurRegions)
09-25 13:19:20.724  1914  1914 D SurfaceFlinger:      CLIENT | 0xb400007af86f9000 | 0102 | RGBA_8888    |    0.0    0.0    0.0    0.0 |   10 3062 1430 3067 | bbq-wrapper#162090
09-25 13:19:20.724  1914  1914 D SurfaceFlinger:      CLIENT | 0xb400007af86ec180 | 0102 | RGBA_8888    |    0.0    5.0 1440.0 3088.0 |   10   21 1430 3062 | com.example.dogglers/com.example.dogglers.MainActivity$_5639#162072
09-25 13:19:20.724  1914  1914 D SurfaceFlinger:      CLIENT | 0xb400007af6c13c80 | 0102 | RGBA_8888    |    0.0    0.0 1440.0    1.0 |   10   21 1430  563 | bbq-wrapper#162093
09-25 13:19:20.724  1914  1914 D SurfaceFlinger:      DEVICE | 0xb400007af86f9300 | 0102 | RGBA_8888    |    0.0    0.0 1440.0 2539.0 |   10  563 1430 3067 | com.example.dogglers/com.example.dogglers.VerticalListActivity$_5639#162080
09-25 13:19:20.724  1914  1914 D SurfaceFlinger:      DEVICE | 0xb400007af6c14880 | 0100 | RG
09-25 13:19:20.724  5369  5421 I RecentModel: onTaskStackChangedBackground
09-25 13:19:20.724  1914  1914 D SurfaceFlinger: BA_8888    |    0.0    0.0 1440.0  100.0 |    0    0 1440  100 | StatusBar$_4768#95
09-25 13:19:20.724  1914  1914 D SurfaceFlinger:      DEVICE | 0xb400007af8705400 | 0100 | RGBA_8888    |    0.0    0.0   67.0  589.0 |    0  562   67 1151 | com.samsung.android.app.cocktailbars[...]vice.CocktailBarService$_8423#156853
09-25 13:19:20.724  1914  1914 D SurfaceFlinger:      DEVICE | 0xb400007af8705500 | 0100 | RGBA_8888    |    0.0    0.0  518.0   48.0 |  922 3040 1440 3088 | SGestureOverlayWindow$_5369#156268
09-25 13:19:20.724  1914  1914 D SurfaceFlinger:      DEVICE | 0xb400007af6c15880 | 0100 | RGBA_8888    |    0.0    0.0 1440.0  168.0 |    0 2920 1440 3088 | NavigationBar0$_4768#92
09-25 13:19:20.724  1914  1914 D SurfaceFlinger:
09-25 13:19:20.724  3108  6493 D InputMethodManagerService: DESKTOP MODE! : 2
09-25 13:19:20.724  3108  6493 D InputMethodManagerService: NOT IN KNOX DESKTOP MODE!
09-25 13:19:20.724  3108  6493 V InputMethodManagerService: getDisplayIdOfInputMethodWindowToBeAdded: displayId=0
09-25 13:19:20.724  3108  6493 D InputMethodManagerService: isImeSwitcherDisabledPackage : false
09-25 13:19:20.725  3108  6493 D InputMethodManagerService: checkDisplayOfStartInputAndUpdateKeyboard: displayId=0, mFocusedDisplayId=0
09-25 13:19:20.725  3108  6493 D InputTransport: Input channel constructed: 'ClientS', fd=1332
09-25 13:19:20.725  3108  6493 D InputTransport: Input channel destroyed: 'ClientS', fd=1332
09-25 13:19:20.726   586   586 I GoogleInputMethodService: GoogleInputMethodService.onFinishInput():3267
09-25 13:19:20.726  8130  8237 I [AirCmd]_ActivitySwitchDetector: onTaskStackChanged : componentName - ComponentInfo{com.example.dogglers/com.example.dogglers.VerticalListActivity}
09-25 13:19:20.726  8130  8237 I [AirCmd]_ActivitySwitchDetector: onTaskStackChanged : mTopMostActivity - ComponentInfo{com.example.dogglers/com.example.dogglers.MainActivity}
09-25 13:19:20.726  1914  3193 I SurfaceFlinger: id=162094 createSurf, flag=24004, Surface(name=6a358c3 InputMethod)/@0x1a6cc79 - animation-leash of insets_animation#162094
09-25 13:19:20.726  5369  5741 I RecentTasksList: loadTasksInBackground : groupTask = GroupTask{task1=[id=6869 windowingMode=1 user=0 lastActiveTime=1366856278] null, task2=null, task3=null, mStagedSplitBounds=null}
09-25 13:19:20.726  5369  5741 I RecentTasksList: loadTasksInBackground : groupTask = GroupTask{task1=[id=6898 windowingMode=1 user=0 lastActiveTime=1367009547] null, task2=null, task3=null, mStagedSplitBounds=null}
09-25 13:19:20.726  5369  5741 I RecentTasksList: loadTasksInBackground : groupTask = GroupTask{task1=[id=7108 windowingMode=1 user=0 lastActiveTime=1370086881] null, task2=null, task3=null, mStagedSplitBounds=null}
09-25 13:19:20.726  8130  8237 I [AirCmd]_CallbackRepeater: stopRepeat : isWorking=false
09-25 13:19:20.727  8130  8237 I [AirCmd]_MediaControlStateMonitor: isForegroundAppSupportsMediaButton : mediaSession is empty
09-25 13:19:20.727  8130  8237 I [AirCmd]_MediaControlStateMonitor: active Notification List is null
09-25 13:19:20.727  8130  8237 I [AirCmd]_RemoteSpenMainController: hasGeneralAction : packageName is com.example.dogglers, activityName is com.example.dogglers.VerticalListActivity, hasActions is false
09-25 13:19:20.727  8130  8237 I [AirCmd]_CameraAvailabilityMonitor: isCameraPreviewOn : mIsCameraPreviewOn is false
09-25 13:19:20.727   586   586 I GoogleInputMethodService: GoogleInputMethodService.updateDeviceLockedStatus():2097 repeatCheckTimes = 0, locked = false
09-25 13:19:20.727   586   586 D InputMethodService: checkFocusedDisplay() display Id 0last 0
09-25 13:19:20.728   586   586 I GoogleInputMethodService: GoogleInputMethodService.onStartInput():1889 onStartInput(EditorInfo{EditorInfo{packageName=com.example.dogglers, inputType=0, inputTypeString=NULL, enableLearning=false, autoCorrection=false, autoComplete=false, imeOptions=0, privateImeOptions=null, actionName=UNSPECIFIED, actionLabel=null, initialSelStart=-1, initialSelEnd=-1, initialCapsMode=0, label=null, fieldId=-1, fieldName=null, extras=Bundle[{displayId=0}], hintText=null, hintLocales=[]}}, false)
09-25 13:19:20.728   586   586 I GoogleInputMethodService: GoogleInputMethodService.updateDeviceLockedStatus():2097 repeatCheckTimes = 1, locked = false
09-25 13:19:20.732  8130  8237 I [AirCmd]_CameraAvailabilityMonitor: isCameraPreviewOn : mIsCameraPreviewOn is false
09-25 13:19:20.733  1914  1914 D SurfaceFlinger: Display 4630947093241269891 HWC layers:
09-25 13:19:20.733  1914  1914 D SurfaceFlinger:      CLIENT | 0xb400007af6c13480 | 0100 | RGBx_8888    |  592.0    0.0 1628.0 2220.0 |    0    0 1440 3088 | Wallpaper BBQ wrapper#90
09-25 13:19:20.733  1914  1914 D SurfaceFlinger:      CLIENT | 0xb400007af86f9580 | 0100 | RGBA_8888    |    0.0    0.0 1440.0 3088.0 |    0    0 1440 3088 | com.sec.android.app.launcher/com.sec[...]rActivity$_5369#162054 (blurRegions)
09-25 13:19:20.733  1914  1914 D SurfaceFlinger:      CLIENT | 0xb400007af86f9000 | 0102 | RGBA_8888    |    0.0    0.0    0.0    0.0 |    9 3059 1431 3069 | bbq-wrapper#162090
09-25 13:19:20.733  1914  1914 D SurfaceFlinger:      CLIENT | 0xb400007af86f4180 | 0102 | RGBA_8888    |    0.0   10.0 1440.0 3088.0 |    9   19 1431 3059 | com.example.dogglers/com.example.dogglers.MainActivity$_5639#162072
09-25 13:19:20.733  1914  1914 D SurfaceFlinger:      CLIENT | 0xb400007af6c13c80 | 0102 | RGBA_8888    |    0.0    0.0 1440.0    1.0 |    9   19 1431  531 | bbq-wrapper#162093
09-25 13:19:20.733  1914  1914 D SurfaceFlinger:  SOLID_COLOR |              | 0000 |  Unknown  |    0.0    0.0    0.0    0.0 |    0    0 1440 3088 | DimAnimationLayer for ActivityRecord[...].VerticalListActivity} t7108}#162085
09-25 13:19:20.733  1914  1914 D SurfaceFlinger:      DEVICE | 0xb400007af86f9300 | 0102 | RGBA_888
09-25 13:19:20.733  3108  8626 D InputMethodManagerService: isImeSwitcherDisabledPackage : false
09-25 13:19:20.733  1914  1914 D SurfaceFlinger: 8    |    0.0    0.0 1440.0 2570.0 |    9  531 1431 3069 | com.example.dogglers/com.example.dogglers.VerticalListActivity$_5639#162080
09-25 13:19:20.733  1914  1914 D SurfaceFlinger:      DEVICE | 0xb400007af6c14880 | 0100 | RGBA_8888    |    0.0    0.0 1440.0  100.0 |    0    0 1440  100 | StatusBar$_4768#95
09-25 13:19:20.733  1914  1914 D SurfaceFlinger:      DEVICE | 0xb400007af8705400 | 0100 | RGBA_8888    |    0.0    0.0   67.0  589.0 |    0  562   67 1151 | com.samsung.android.app.cocktailbars[...]vice.CocktailBarService$_8423#156853
09-25 13:19:20.733  1914  1914 D SurfaceFlinger:      DEVICE | 0xb400007af8705500 | 0100 | RGBA_8888    |    0.0    0.0  518.0   48.0 |  922 3040 1440 3088 | SGestureOverlayWindow$_5369#156268
09-25 13:19:20.733  1914  1914 D SurfaceFlinger:      DEVICE | 0xb400007af6c15880 | 0100 | RGBA_8888    |    0.0    0.0 1440.0  168.0 |    0 2920 1440 3088 | NavigationBar0$_4768#92
09-25 13:19:20.733  1914  1914 D SurfaceFlinger:
09-25 13:19:20.733  8130  8237 I [AirCmd]_MediaControlStateMonitor: isForegroundAppSupportsMediaButton : mediaSession is empty
09-25 13:19:20.733  8130  8237 I [AirCmd]_MediaControlStateMonitor: active Notification List is null
09-25 13:19:20.733  8130  8237 I [AirCmd]_PenActionRule: getAction : get default action data from remote action because pen action data is null.
09-25 13:19:20.733  8130  8237 I [AirCmd]_ButtonActionDetector: enableDoubleClickDetection: enabled=true, doubleClickWaitInterval=300
09-25 13:19:20.733  8130  8237 I [AirCmd]_RemoteSpenMainController: onSwitch : package is com.example.dogglers   and activity is com.example.dogglers.VerticalListActivity and isBleConnected is false and hasActions is false
09-25 13:19:20.733   586   586 I InputMethodService: removeImeSurface
09-25 13:19:20.734   586   586 I MSHandlerLifeCycle: check: return. pkg=com.google.android.inputmethod.latin isActivity=false callers=com.android.internal.policy.DecorView.setVisibility:4412 android.app.Dialog.hide:767 android.inputmethodservice.InputMethodService.removeImeSurface:1290 android.inputmethodservice.InputMethodService.scheduleImeSurfaceRemoval:1279 android.inputmethodservice.InputMethodService.-$$Nest$mscheduleImeSurfaceRemoval:0
09-25 13:19:20.734   586   586 I MSHandlerLifeCycle: removeMultiSplitHandler: no exist. decor=DecorView@3ddf8c7[InputMethod]
09-25 13:19:20.738  1809  6091 I HYPER-HAL: [RequestManager.cpp]releaseLocked(): Released ID : 4906302
09-25 13:19:20.738  1914  1914 I Layer   : id=162076 removedFromDrawingState Surface(name=6a358c3 InputMethod)/@0x1a6cc79 - animation-leash of insets_animation#162076 (352)
09-25 13:19:20.738  1914  1914 I SurfaceFlinger: id=162076 Removed Surface(name=6a358c3 InputMethod)/@0x1a6cc79 - animation-leash of insets_animation#162076 (352)
09-25 13:19:20.738  1914  1914 I Layer   : id=162076 Destroyed Surface(name=6a358c3 InputMethod)/@0x1a6cc79 - animation-leash of insets_animation#162076
09-25 13:19:20.805  1914  1914 D SurfaceFlinger: GPIS:: requestGPIS
09-25 13:19:20.816  1914  4194 D NativeSemDvfsManager: acquire:: timeout = 2000 mIsAcquired = 1  mTagName : SurfaceFlinger
09-25 13:19:20.816  1914  4194 E NativeCustomFrequencyManager: [NativeCFMS] BpCustomFrequencyManager::acquire()
09-25 13:19:20.816  1809  1855 I HYPER-HAL: [RequestManager.cpp]acquire(): Acquired ID : 4248155  [1914 / 1000]    HINT : SF_GPU_MINLOCK    list : [TIMEOUT / 2000]
09-25 13:19:20.825  1914  1914 D SurfaceFlinger: Display 4630947093241269891 HWC layers:
09-25 13:19:20.825  1914  1914 D SurfaceFlinger:      CLIENT | 0xb400007af6c13480 | 0100 | RGBx_8888    |  592.0    0.0 1628.0 2220.0 |    0    0 1440 3088 | Wallpaper BBQ wrapper#90
