09-25 13:19:25.965  5369  5584 I ViewRootImpl@7533534[LauncherActivity]: mWNT: t=0xb4000077be9b2b00 mBlastBufferQueue=0xb400007720986880 fn= 60 caller= com.android.systemui.shared.launcher.ViewRootImplCompat.mergeWithNextTransaction:2 com.android.quickstep.util.SurfaceTransactionApplier.lambda$scheduleApply$0:2 com.android.quickstep.util.SurfaceTransactionApplier.b:0
09-25 13:19:25.972  5369  5369 I Launcher.AppsViewCellLayout: com.android.homescreen.apptray.AppsViewCellLayout{118f2a4 V.ED..... ........ 15341,100-16679,2951}[a=1.0,v=0,sId=11] setAlpha : 1.0
09-25 13:19:25.973  5369  5583 I ViewRootImpl@7533534[LauncherActivity]: mWNT: t=0xb4000077be9b2d00 mBlastBufferQueue=0xb400007720986880 fn= 61 caller= com.android.systemui.shared.launcher.ViewRootImplCompat.mergeWithNextTransaction:2 com.android.quickstep.util.SurfaceTransactionApplier.lambda$scheduleApply$0:2 com.android.quickstep.util.SurfaceTransactionApplier.b:0
09-25 13:19:25.980  5369  5369 I Launcher.AppsViewCellLayout: com.android.homescreen.apptray.AppsViewCellLayout{118f2a4 V.ED..... ........ 15341,100-16679,2951}[a=1.0,v=0,sId=11] setAlpha : 1.0
09-25 13:19:25.981  5369  5584 I ViewRootImpl@7533534[LauncherActivity]: mWNT: t=0xb4000077be9b2e00 mBlastBufferQueue=0xb400007720986880 fn= 62 caller= com.android.systemui.shared.launcher.ViewRootImplCompat.mergeWithNextTransaction:2 com.android.quickstep.util.SurfaceTransactionApplier.lambda$scheduleApply$0:2 com.android.quickstep.util.SurfaceTransactionApplier.b:0
09-25 13:19:25.989  5369  5369 I Launcher.AppsViewCellLayout: com.android.homescreen.apptray.AppsViewCellLayout{118f2a4 V.ED..... ........ 15341,100-16679,2951}[a=1.0,v=0,sId=11] setAlpha : 1.0
09-25 13:19:25.989  5369  5583 I ViewRootImpl@7533534[LauncherActivity]: mWNT: t=0xb4000077be9b2f00 mBlastBufferQueue=0xb400007720986880 fn= 63 caller= com.android.systemui.shared.launcher.ViewRootImplCompat.mergeWithNextTransaction:2 com.android.quickstep.util.SurfaceTransactionApplier.lambda$scheduleApply$0:2 com.android.quickstep.util.SurfaceTransactionApplier.b:0
09-25 13:19:25.997  5369  5369 I Launcher.AppsViewCellLayout: com.android.homescreen.apptray.AppsViewCellLayout{118f2a4 V.ED..... ........ 15341,100-16679,2951}[a=1.0,v=0,sId=11] setAlpha : 1.0
09-25 13:19:25.999  5369  5584 I ViewRootImpl@7533534[LauncherActivity]: mWNT: t=0xb4000077be9b4300 mBlastBufferQueue=0xb400007720986880 fn= 64 caller= com.android.systemui.shared.launcher.ViewRootImplCompat.mergeWithNextTransaction:2 com.android.quickstep.util.SurfaceTransactionApplier.lambda$scheduleApply$0:2 com.android.quickstep.util.SurfaceTransactionApplier.b:0
09-25 13:19:26.005  5369  5369 I Launcher.AppsViewCellLayout: com.android.homescreen.apptray.AppsViewCellLayout{118f2a4 V.ED..... ........ 15341,100-16679,2951}[a=1.0,v=0,sId=11] setAlpha : 1.0
09-25 13:19:26.005  5369  5369 I AppsSearchBar: mCurrentCellLayouts onAnimationEnd
09-25 13:19:26.005  5369  5369 I Launcher.AppsViewCellLayout: com.android.homescreen.apptray.AppsViewCellLayout{118f2a4 V.ED..... ........ 15341,100-16679,2951}[a=1.0,v=0,sId=11] setAlpha : 1.0
09-25 13:19:26.006  5369  5583 I ViewRootImpl@7533534[LauncherActivity]: mWNT: t=0xb4000077be9b4d00 mBlastBufferQueue=0xb400007720986880 fn= 65 caller= com.android.systemui.shared.launcher.ViewRootImplCompat.mergeWithNextTransaction:2 com.android.quickstep.util.SurfaceTransactionApplier.lambda$scheduleApply$0:2 com.android.quickstep.util.SurfaceTransactionApplier.b:0
09-25 13:19:26.014  5369  5584 I ViewRootImpl@7533534[LauncherActivity]: mWNT: t=0xb4000077bead3100 mBlastBufferQueue=0xb400007720986880 fn= 66 caller= com.android.systemui.shared.launcher.ViewRootImplCompat.mergeWithNextTransaction:2 com.android.quickstep.util.SurfaceTransactionApplier.lambda$scheduleApply$0:2 com.android.quickstep.util.SurfaceTransactionApplier.b:0
09-25 13:19:26.023  5369  5583 I ViewRootImpl@7533534[LauncherActivity]: mWNT: t=0xb4000077bead3400 mBlastBufferQueue=0xb400007720986880 fn= 67 caller= com.android.systemui.shared.launcher.ViewRootImplCompat.mergeWithNextTransaction:2 com.android.quickstep.util.SurfaceTransactionApplier.lambda$scheduleApply$0:2 com.android.quickstep.util.SurfaceTransactionApplier.b:0
09-25 13:19:26.024  6586  6586 I SAMSUNGWALLET-USBP: [AlertController] Boarding pass alert is not enabled
09-25 13:19:26.024  6586  6586 I SAMSUNGWALLET-USBP: [AlertController] dismiss alert: NO_ALERT
09-25 13:19:26.031  5369  5584 I ViewRootImpl@7533534[LauncherActivity]: mWNT: t=0xb4000077bead3600 mBlastBufferQueue=0xb400007720986880 fn= 68 caller= com.android.systemui.shared.launcher.ViewRootImplCompat.mergeWithNextTransaction:2 com.android.quickstep.util.SurfaceTransactionApplier.lambda$scheduleApply$0:2 com.android.quickstep.util.SurfaceTransactionApplier.b:0
09-25 13:19:26.040  5369  5583 I ViewRootImpl@7533534[LauncherActivity]: mWNT: t=0xb4000077bead3900 mBlastBufferQueue=0xb400007720986880 fn= 69 caller= com.android.systemui.shared.launcher.ViewRootImplCompat.mergeWithNextTransaction:2 com.android.quickstep.util.SurfaceTransactionApplier.lambda$scheduleApply$0:2 com.android.quickstep.util.SurfaceTransactionApplier.b:0
09-25 13:19:26.048  5369  5584 I ViewRootImpl@7533534[LauncherActivity]: mWNT: t=0xb4000077bead3b00 mBlastBufferQueue=0xb400007720986880 fn= 70 caller= com.android.systemui.shared.launcher.ViewRootImplCompat.mergeWithNextTransaction:2 com.android.quickstep.util.SurfaceTransactionApplier.lambda$scheduleApply$0:2 com.android.quickstep.util.SurfaceTransactionApplier.b:0
09-25 13:19:26.057  5369  5583 I ViewRootImpl@7533534[LauncherActivity]: mWNT: t=0xb4000077bead3d00 mBlastBufferQueue=0xb400007720986880 fn= 71 caller= com.android.systemui.shared.launcher.ViewRootImplCompat.mergeWithNextTransaction:2 com.android.quickstep.util.SurfaceTransactionApplier.lambda$scheduleApply$0:2 com.android.quickstep.util.SurfaceTransactionApplier.b:0
09-25 13:19:26.065  5369  5583 I ViewRootImpl@7533534[LauncherActivity]: mWNT: t=0xb4000077beb55700 mBlastBufferQueue=0xb400007720986880 fn= 72 caller= com.android.systemui.shared.launcher.ViewRootImplCompat.mergeWithNextTransaction:2 com.android.quickstep.util.SurfaceTransactionApplier.lambda$scheduleApply$0:2 com.android.quickstep.util.SurfaceTransactionApplier.b:0
09-25 13:19:26.074  5369  5583 I ViewRootImpl@7533534[LauncherActivity]: mWNT: t=0xb4000077beb55f00 mBlastBufferQueue=0xb400007720986880 fn= 73 caller= com.android.systemui.shared.launcher.ViewRootImplCompat.mergeWithNextTransaction:2 com.android.quickstep.util.SurfaceTransactionApplier.lambda$scheduleApply$0:2 com.android.quickstep.util.SurfaceTransactionApplier.b:0
09-25 13:19:26.079  8423  8423 I Utils   : isCurrentUser current = 0, ownerId = 0
09-25 13:19:26.080  8423  8423 I TrayVisibilityController: getComputedTrayVisible : keyguardState = 1
09-25 13:19:26.080  8423  8423 I TrayVisibilityController: updateTrayVisible: State=1 visible=1 mCurrentVisible=1 specificMode=0
09-25 13:19:26.080  8423  8423 I TrayStateController: onNotifyUpdateTray: state=0
09-25 13:19:26.081  5369  5583 I ViewRootImpl@7533534[LauncherActivity]: mWNT: t=0xb4000077a0f9b000 mBlastBufferQueue=0xb400007720986880 fn= 74 caller= com.android.systemui.shared.launcher.ViewRootImplCompat.mergeWithNextTransaction:2 com.android.quickstep.util.SurfaceTransactionApplier.lambda$scheduleApply$0:2 com.android.quickstep.util.SurfaceTransactionApplier.b:0
09-25 13:19:26.090  5369  5583 I ViewRootImpl@7533534[LauncherActivity]: mWNT: t=0xb4000077a0f9b100 mBlastBufferQueue=0xb400007720986880 fn= 75 caller= com.android.systemui.shared.launcher.ViewRootImplCompat.mergeWithNextTransaction:2 com.android.quickstep.util.SurfaceTransactionApplier.lambda$scheduleApply$0:2 com.android.quickstep.util.SurfaceTransactionApplier.b:0
09-25 13:19:26.098  5369  5583 I ViewRootImpl@7533534[LauncherActivity]: mWNT: t=0xb4000077a0f9b200 mBlastBufferQueue=0xb400007720986880 fn= 76 caller= com.android.systemui.shared.launcher.ViewRootImplCompat.mergeWithNextTransaction:2 com.android.quickstep.util.SurfaceTransactionApplier.lambda$scheduleApply$0:2 com.android.quickstep.util.SurfaceTransactionApplier.b:0
09-25 13:19:26.107  5369  5584 I ViewRootImpl@7533534[LauncherActivity]: mWNT: t=0xb4000077a0f9b300 mBlastBufferQueue=0xb400007720986880 fn= 77 caller= com.android.systemui.shared.launcher.ViewRootImplCompat.mergeWithNextTransaction:2 com.android.quickstep.util.SurfaceTransactionApplier.lambda$scheduleApply$0:2 com.android.quickstep.util.SurfaceTransactionApplier.b:0
09-25 13:19:26.114  1809  6352 I HYPER-HAL: [RequestManager.cpp]releaseLocked(): Released ID : 4893776
09-25 13:19:26.115  5369  5583 I ViewRootImpl@7533534[LauncherActivity]: mWNT: t=0xb4000077a0f9b400 mBlastBufferQueue=0xb400007720986880 fn= 78 caller= com.android.systemui.shared.launcher.ViewRootImplCompat.mergeWithNextTransaction:2 com.android.quickstep.util.SurfaceTransactionApplier.lambda$scheduleApply$0:2 com.android.quickstep.util.SurfaceTransactionApplier.b:0
09-25 13:19:26.123  5369  5584 I ViewRootImpl@7533534[LauncherActivity]: mWNT: t=0xb4000077a0f9b600 mBlastBufferQueue=0xb400007720986880 fn= 79 caller= com.android.systemui.shared.launcher.ViewRootImplCompat.mergeWithNextTransaction:2 com.android.quickstep.util.SurfaceTransactionApplier.lambda$scheduleApply$0:2 com.android.quickstep.util.SurfaceTransactionApplier.b:0
09-25 13:19:26.131  5369  5583 I ViewRootImpl@7533534[LauncherActivity]: mWNT: t=0xb4000077a0f9b700 mBlastBufferQueue=0xb400007720986880 fn= 80 caller= com.android.systemui.shared.launcher.ViewRootImplCompat.mergeWithNextTransaction:2 com.android.quickstep.util.SurfaceTransactionApplier.lambda$scheduleApply$0:2 com.android.quickstep.util.SurfaceTransactionApplier.b:0
09-25 13:19:26.140  5369  5584 I ViewRootImpl@7533534[LauncherActivity]: mWNT: t=0xb4000077a0f9b800 mBlastBufferQueue=0xb400007720986880 fn= 81 caller= com.android.systemui.shared.launcher.ViewRootImplCompat.mergeWithNextTransaction:2 com.android.quickstep.util.SurfaceTransactionApplier.lambda$scheduleApply$0:2 com.android.quickstep.util.SurfaceTransactionApplier.b:0
09-25 13:19:26.148  5369  5583 I ViewRootImpl@7533534[LauncherActivity]: mWNT: t=0xb4000077a0f9b900 mBlastBufferQueue=0xb400007720986880 fn= 82 caller= com.android.systemui.shared.launcher.ViewRootImplCompat.mergeWithNextTransaction:2 com.android.quickstep.util.SurfaceTransactionApplier.lambda$scheduleApply$0:2 com.android.quickstep.util.SurfaceTransactionApplier.b:0
09-25 13:19:26.156  5369  5584 I ViewRootImpl@7533534[LauncherActivity]: mWNT: t=0xb4000077a0f9ba00 mBlastBufferQueue=0xb400007720986880 fn= 83 caller= com.android.systemui.shared.launcher.ViewRootImplCompat.mergeWithNextTransaction:2 com.android.quickstep.util.SurfaceTransactionApplier.lambda$scheduleApply$0:2 com.android.quickstep.util.SurfaceTransactionApplier.b:0
09-25 13:19:26.158  1914  1914 D SurfaceFlinger: Display 4630947093241269891 HWC layers:
09-25 13:19:26.158  1914  1914 D SurfaceFlinger:      CLIENT | 0xb400007af6c13480 | 0100 | RGBx_8888    |  592.0    0.0 1628.0 2220.0 |    0    0 1440 3088 | Wallpaper BBQ wrapper#90
09-25 13:19:26.158  1914  1914 D SurfaceFlinger:      CLIENT | 0xb400007af6c14700 | 0100 | RGBA_8888    |    0.0    0.0 1440.0 3088.0 |    0    0 1440 3088 | com.sec.android.app.launcher/com.sec[...]rActivity$_5369#162300 (blurRegions)
09-25 13:19:26.158  1914  1914 D SurfaceFlinger:      DEVICE | 0xb400007af6c14880 | 0100 | RGBA_8888    |    0.0    0.0 1440.0  100.0 |    0    0 1440  100 | StatusBar$_4768#95
09-25 13:19:26.158  1914  1914 D SurfaceFlinger:      DEVICE | 0xb400007af8705400 | 0100 | RGBA_8888    |    0.0    0.0   67.0  589.0 |    0  562   67 1151 | com.samsung.android.app.cocktailbars[...]vice.CocktailBarService$_8423#156853
09-25 13:19:26.158  1914  1914 D SurfaceFlinger:      DEVICE | 0xb400007af8705500 | 0100 | RGBA_8888    |    0.0    0.0  518.0   48.0 |  922 3040 1440 3088 | SGestureOverlayWindow$_5369#156268
09-25 13:19:26.158  1914  1914 D SurfaceFlinger:      DEVICE | 0xb400007af6c15880 | 0100 | RGBA_8888    |    0.0    0.0 1440.0  168.0 |    0 2920 1440 3088 | NavigationBar0$_4768#92
09-25 13:19:26.158  1914  1914 D SurfaceFlinger:
09-25 13:19:26.165  5369  5583 I ViewRootImpl@7533534[LauncherActivity]: mWNT: t=0xb4000077a0f9bb00 mBlastBufferQueue=0xb400007720986880 fn= 84 caller= com.android.systemui.shared.launcher.ViewRootImplCompat.mergeWithNextTransaction:2 com.android.quickstep.util.SurfaceTransactionApplier.lambda$scheduleApply$0:2 com.android.quickstep.util.SurfaceTransactionApplier.b:0
09-25 13:19:26.174  5369  5584 I ViewRootImpl@7533534[LauncherActivity]: mWNT: t=0xb4000077a0f9bf00 mBlastBufferQueue=0xb400007720986880 fn= 85 caller= com.android.systemui.shared.launcher.ViewRootImplCompat.mergeWithNextTransaction:2 com.android.quickstep.util.SurfaceTransactionApplier.lambda$scheduleApply$0:2 com.android.quickstep.util.SurfaceTransactionApplier.b:0
09-25 13:19:26.182  5369  5583 I ViewRootImpl@7533534[LauncherActivity]: mWNT: t=0xb4000077a0f9c100 mBlastBufferQueue=0xb400007720986880 fn= 86 caller= com.android.systemui.shared.launcher.ViewRootImplCompat.mergeWithNextTransaction:2 com.android.quickstep.util.SurfaceTransactionApplier.lambda$scheduleApply$0:2 com.android.quickstep.util.SurfaceTransactionApplier.b:0
09-25 13:19:26.190  5369  5584 I ViewRootImpl@7533534[LauncherActivity]: mWNT: t=0xb4000077a0f9c800 mBlastBufferQueue=0xb400007720986880 fn= 87 caller= com.android.systemui.shared.launcher.ViewRootImplCompat.mergeWithNextTransaction:2 com.android.quickstep.util.SurfaceTransactionApplier.lambda$scheduleApply$0:2 com.android.quickstep.util.SurfaceTransactionApplier.b:0
09-25 13:19:26.198  5369  5369 W AppTransitionAnimatorImpl: onAnimationEnd - APP OUT, Execution time for each frame : Start-(1)-0-(0)-0-(1)-0-(8)-1-(8)-0-(8)-0-(8)-1-(8)-0-(11)-0-(5)-1-(8)-0-(8)-0-(8)-0-(9)-0-(8)-0-(9)-0-(8)-0-(8)-0-(8)-1-(8)-0-(8)-0-(8)-1-(8)-0-(8)-1-(7)-0-(9)-0-(8)-1-(7)-1-(8)-0-(8)-1-(8)-0-(8)-0-(9)-0-(8)-0-(8)-0-(8)-1-(8)-0-(8)-0-(8)-0-(8)-1-(8)-0-(8)-1-(8)-0-(8)-0-(8)-1-End
09-25 13:19:26.198  5369  5369 I AppTransitionAnimatorImpl: resetContentView
09-25 13:19:26.198  5369  5369 I AnimationResult: AnimationResult finish : onAnimationEnd
09-25 13:19:26.198  5369  5369 I AnimationResult: finish : false, null
09-25 13:19:26.199  5369  5741 I AnimationResult: finish callback : null
09-25 13:19:26.200  5369  5583 I ViewRootImpl@7533534[LauncherActivity]: mWNT: t=0xb4000077a50e7300 mBlastBufferQueue=0xb400007720986880 fn= 88 caller= com.android.systemui.shared.launcher.ViewRootImplCompat.mergeWithNextTransaction:2 com.android.quickstep.util.SurfaceTransactionApplier.lambda$scheduleApply$0:2 com.android.quickstep.util.SurfaceTransactionApplier.b:0
09-25 13:19:26.200  5369  5369 W Launcher: onEnterAnimationComplete
09-25 13:19:26.201  5639  5639 I ViewRootImpl@53866d0[GridListActivity]: handleAppVisibility mAppVisible = true visible = false
09-25 13:19:26.205  1914  1914 I Layer   : id=162312 removedFromDrawingState Splash Screen com.example.dogglers$_4768#162312 (340)
09-25 13:19:26.206  5639  5729 D OpenGLRenderer: setSurface called with nullptr
09-25 13:19:26.206  5639  5729 D OpenGLRenderer: setSurface() destroyed EGLSurface
09-25 13:19:26.206  5639  5729 D OpenGLRenderer: destroyEglSurface
09-25 13:19:26.208  5639  5639 I ViewRootImpl@53866d0[GridListActivity]: performTraversals mFirst=false windowShouldResize=false viewVisibilityChanged=true mForceNextWindowRelayout=false params=null
09-25 13:19:26.209  3108  4073 V WindowManager: Relayout Window{47ae9f2 u0 com.example.dogglers/com.example.dogglers.GridListActivity}: viewVisibility=8 req=1440x3088 d0
09-25 13:19:26.210  3108  4073 V WindowManager: Relayout hash=47ae9f2, pid=5639, syncId=-1: mAttrs={(0,0)(fillxfill) sim={adjust=resize forwardNavigation} ty=BASE_APPLICATION wanim=0x1030309
09-25 13:19:26.210  3108  4073 V WindowManager:   fl=81810100
09-25 13:19:26.210  3108  4073 V WindowManager:   pfl=12020040
09-25 13:19:26.210  3108  4073 V WindowManager:   bhv=DEFAULT
09-25 13:19:26.210  3108  4073 V WindowManager:   fitSides= naviIconColor=0}
09-25 13:19:26.211  6586 17206 I SAMSUNGWALLET: [Hint_ProcessStatusChange] fg Change, pid : 5639 , isNotify : true , isForeground : false , fg list : []
09-25 13:19:26.211  6586 17206 I SAMSUNGWALLET: [ProcessStatusChange] fg Change, pid : 5639 , isNotify : true , isForeground : false , fg list : []
09-25 13:19:26.211  6586 25742 I SAMSUNGWALLET: [Hint_ProcessStatusChange] fg Change, pid : 5639 , isNotify : true , isForeground : false , fg list : []
09-25 13:19:26.211  6586 25742 I SAMSUNGWALLET: [ProcessStatusChange] fg Change, pid : 5639 , isNotify : true , isForeground : false , fg list : []
09-25 13:19:26.211  6586  7522 I SAMSUNGWALLET: [ResetData] getSAResetDialogFlag : false
09-25 13:19:26.212  5639  5639 I ViewRootImpl@53866d0[GridListActivity]: Relayout returned: old=(0,0,1440,3088) new=(0,0,1440,3088) req=(1440,3088)8 dur=4 res=0x2 s={false 0x0} ch=true seqId=0
09-25 13:19:26.213  6586 25742 I SAMSUNGWALLET: [Hint_ProcessStatusChange] fg Change, pid : 5639 , isNotify : true , isForeground : false , fg list : []
09-25 13:19:26.213  6586 25742 I SAMSUNGWALLET: [ProcessStatusChange] fg Change, pid : 5639 , isNotify : true , isForeground : false , fg list : []
09-25 13:19:26.213  5639  5639 I ViewRootImpl@ecb220e[InstrumentationActivityInvoker$EmptyActivity]: handleAppVisibility mAppVisible = true visible = false
09-25 13:19:26.213  6586  7669 I SAMSUNGWALLET: [ProcessMonitor] App went to background.
09-25 13:19:26.213  5639  5639 I ViewRootImpl@ecb220e[InstrumentationActivityInvoker$EmptyActivity]: stopped(true) old = false
09-25 13:19:26.213  5639  5639 I ViewRootImpl@ecb220e[InstrumentationActivityInvoker$EmptyActivity]: WindowStopped on com.example.dogglers/androidx.test.core.app.InstrumentationActivityInvoker$EmptyActivity set to true
09-25 13:19:26.213  1914  1914 I SurfaceFlinger: [c7375dc com.sec.android.app.launcher/com.sec.android.app.launcher.activities.LauncherActivity#176] FrameRatePriority: 1
09-25 13:19:26.214  1914  1914 I Layer   : id=162338 removedFromDrawingState Surface(name=Task=1)/@0xeddbc98 - animation-leash of app_transition#162338 (340)
09-25 13:19:26.214  1914  1914 I Layer   : id=162337 removedFromDrawingState Surface(name=Task=7114)/@0x93f08a7 - animation-leash of app_transition#162337 (340)
09-25 13:19:26.214  1914  1914 I Layer   : id=162311 removedFromDrawingState d7dbb32 Splash Screen com.example.dogglers#162311 (340)
09-25 13:19:26.214  1914  1914 I Layer   : Layer [Splash Screen com.example.dogglers$_4768#162312] hidden!! flag(1)
09-25 13:19:26.214  1914  1914 I Layer   : Layer [com.example.dogglers/com.example.dogglers.GridListActivity$_5639#162319] hidden!! flag(1)
09-25 13:19:26.214  1914  1914 I Layer   : Layer [com.example.dogglers/androidx.test.core.app.InstrumentationActivityInvoker$EmptyActivity$_5639#162327] hidden!! flag(1)
09-25 13:19:26.214  1914  1914 I Layer   : Layer [com.example.dogglers/androidx.test.core.app.InstrumentationActivityInvoker$EmptyActivity$_5639#162334] hidden!! flag(1)
09-25 13:19:26.214  1914  1914 I Layer   : id=162339 removedFromDrawingState Surface(name=WallpaperWindowToken{6241e01 token=android.os.Binder@ab19d0b})/@0xf3e0a44 - animation-leash of window_animation#162339 (340)
09-25 13:19:26.214  1914  1914 I SurfaceFlinger: id=162311 Removed d7dbb32 Splash Screen com.example.dogglers#162311 (340)
09-25 13:19:26.214  1914  1914 I SurfaceFlinger: id=162312 Removed Splash Screen com.example.dogglers$_4768#162312 (340)
09-25 13:19:26.214  1914  1914 I Layer   : id=162312 Destroyed Splash Screen com.example.dogglers$_4768#162312
09-25 13:19:26.214  1914  1914 I Layer   : id=162311 Destroyed d7dbb32 Splash Screen com.example.dogglers#162311
09-25 13:19:26.215  6586  7522 I SAMSUNGWALLET: [Hint_e] isHomePackageRunning topPkgName = com.sec.android.app.launcher, topClsName = com.android.launcher3.uioverrides.QuickstepLauncher, return true , se : true
09-25 13:19:26.215  6586  7669 I SAMSUNGWALLET: [ProcessMonitor] App went to background.
09-25 13:19:26.215  3108  8626 D InputDispatcher: Focus entered window (0): c7375dc com.sec.android.app.launcher/com.sec.android.app.launcher.activities.LauncherActivity
09-25 13:19:26.216  5639  5639 D LifecycleMonitor: Lifecycle status change: androidx.test.core.app.InstrumentationActivityInvoker$EmptyActivity@a0f7aa4 in: STOPPED
09-25 13:19:26.216  6586  7522 I SAMSUNGWALLET: [ResetData] getSAResetDialogFlag : false
09-25 13:19:26.216  5639  5639 V ActivityScenario: Activity lifecycle changed event received but ignored because the intent does not match. startActivityIntent=Intent { act=android.intent.action.MAIN cat=[android.intent.category.LAUNCHER] cmp=com.example.dogglers/.GridListActivity }, activity.getIntent()=Intent { act=android.intent.action.MAIN cat=[android.intent.category.LAUNCHER] flg=0x10000000 cmp=com.example.dogglers/androidx.test.core.app.InstrumentationActivityInvoker$EmptyActivity }, activity=androidx.test.core.app.InstrumentationActivityInvoker$EmptyActivity@a0f7aa4
09-25 13:19:26.216  6586  6586 I SAMSUNGWALLET: [Hint_PayHintService] Hint Status - already invisible, skip hide : [4000000] - 4000000
09-25 13:19:26.216  5639  5639 I MSHandlerLifeCycle: removeMultiSplitHandler: no exist. decor=DecorView@41a4dd3[InstrumentationActivityInvoker$EmptyActivity]
09-25 13:19:26.216  5369  5369 I ViewRootImpl@7533534[LauncherActivity]: MSG_WINDOW_FOCUS_CHANGED 1 0
09-25 13:19:26.217  5369  5369 I ViewRootImpl@7533534[LauncherActivity]: mThreadedRenderer.initializeIfNeeded()#2 mSurface={isValid=true 0xb4000077206f5000}
09-25 13:19:26.217  5369  5369 I BaseActivity: addActivityFlags, flags : 8
09-25 13:19:26.217  5639  5639 D LifecycleMonitor: Lifecycle status change: androidx.test.core.app.InstrumentationActivityInvoker$EmptyActivity@a0f7aa4 in: DESTROYED
09-25 13:19:26.217  5639  5639 V ActivityScenario: Activity lifecycle changed event received but ignored because the intent does not match. startActivityIntent=Intent { act=android.intent.action.MAIN cat=[android.intent.category.LAUNCHER] cmp=com.example.dogglers/.GridListActivity }, activity.getIntent()=Intent { act=android.intent.action.MAIN cat=[android.intent.category.LAUNCHER] flg=0x10000000 cmp=com.example.dogglers/androidx.test.core.app.InstrumentationActivityInvoker$EmptyActivity }, activity=androidx.test.core.app.InstrumentationActivityInvoker$EmptyActivity@a0f7aa4
09-25 13:19:26.218  5639  5639 I MSHandlerLifeCycle: removeMultiSplitHandler: no exist. decor=DecorView@41a4dd3[InstrumentationActivityInvoker$EmptyActivity]
09-25 13:19:26.218  6586  7669 I SAMSUNGWALLET: [ProcessMonitor] App went to background.
09-25 13:19:26.218  6586  7522 I SAMSUNGWALLET: [Hint_e] isHomePackageRunning topPkgName = com.sec.android.app.launcher, topClsName = com.android.launcher3.uioverrides.QuickstepLauncher, return true , se : true
09-25 13:19:26.218  6586  6586 I SAMSUNGWALLET: [Hint_PayHintService] Hint Status - already invisible, skip hide : [4000000] - 4000000
09-25 13:19:26.219  6586  7522 I SAMSUNGWALLET: [ResetData] getSAResetDialogFlag : false
09-25 13:19:26.219  5369  5369 I InputMethodManager: startInputInner - mService.startInputOrWindowGainedFocus
09-25 13:19:26.220  5639  5729 D OpenGLRenderer: setSurface called with nullptr
09-25 13:19:26.220  5639  5729 D OpenGLRenderer: setSurface() destroyed EGLSurface
09-25 13:19:26.220  5639  5729 D OpenGLRenderer: destroyEglSurface
09-25 13:19:26.220  3108  4606 D InputMethodManagerService: DESKTOP MODE! : 2
09-25 13:19:26.220  3108  4606 D InputMethodManagerService: NOT IN KNOX DESKTOP MODE!
09-25 13:19:26.220  3108  4606 V InputMethodManagerService: getDisplayIdOfInputMethodWindowToBeAdded: displayId=0
09-25 13:19:26.220  6586  7522 I SAMSUNGWALLET: [Hint_e] isHomePackageRunning topPkgName = com.sec.android.app.launcher, topClsName = com.android.launcher3.uioverrides.QuickstepLauncher, return true , se : true
09-25 13:19:26.220  3108  4606 D InputMethodManagerService: isImeSwitcherDisabledPackage : false
09-25 13:19:26.220  5639  5639 I ViewRootImpl@ecb220e[InstrumentationActivityInvoker$EmptyActivity]: dispatchDetachedFromWindow
09-25 13:19:26.220  6586  6586 I SAMSUNGWALLET: [Hint_PayHintService] Hint Status - already invisible, skip hide : [4000000] - 4000000
09-25 13:19:26.220  3108  6472 D InputTransport: Input channel destroyed: 'ae309c8', fd=1289
09-25 13:19:26.221  3108  6472 W InputManager-JNI: Input channel object 'ae309c8 com.example.dogglers/androidx.test.core.app.InstrumentationActivityInvoker$EmptyActivity (client)' was disposed without first being removed with the input manager!
09-25 13:19:26.221  3108  6472 D InputTransport: Input channel destroyed: 'ae309c8', fd=1292
09-25 13:19:26.221  3108  4606 D InputMethodManagerService: checkDisplayOfStartInputAndUpdateKeyboard: displayId=0, mFocusedDisplayId=0
09-25 13:19:26.221  3108  4606 D InputTransport: Input channel constructed: 'ClientS', fd=1289
09-25 13:19:26.221  3108  4606 D InputTransport: Input channel destroyed: 'ClientS', fd=1289
09-25 13:19:26.221   586   586 I MSHandlerLifeCycle: check: return. pkg=com.google.android.inputmethod.latin isActivity=false callers=com.android.internal.policy.DecorView.setVisibility:4412 android.inputmethodservice.InkWindow.hide:100 android.inputmethodservice.InputMethodService$InputMethodImpl.unbindInput:875 android.inputmethodservice.IInputMethodWrapper.executeMessage:198 com.android.internal.os.HandlerCaller$MyHandler.handleMessage:44
09-25 13:19:26.221   586   586 I MSHandlerLifeCycle: removeMultiSplitHandler: no exist. decor=DecorView@722edec[]
09-25 13:19:26.222  1914  1914 I Layer   : id=162334 removedFromDrawingState com.example.dogglers/androidx.test.core.app.InstrumentationActivityInvoker$EmptyActivity$_5639#162334 (338)
09-25 13:19:26.222   586   586 I GoogleInputMethodService: GoogleInputMethodService.onFinishInput():3267
09-25 13:19:26.222  1914  1914 I Layer   : id=162333 removedFromDrawingState ae309c8 com.example.dogglers/androidx.test.core.app.InstrumentationActivityInvoker$EmptyActivity#162333 (338)
09-25 13:19:26.222  5369  5369 I BadgeRenderer: Invalid count : 0
09-25 13:19:26.223   586   586 I GoogleInputMethodService: GoogleInputMethodService.updateDeviceLockedStatus():2097 repeatCheckTimes = 0, locked = false
09-25 13:19:26.223   586   586 D InputMethodService: checkFocusedDisplay() display Id 0last 0
09-25 13:19:26.223  1914  3199 I SurfaceFlinger: id=162343 createSurf, flag=24004, Surface(name=6a358c3 InputMethod)/@0x1a6cc79 - animation-leash of insets_animation#162343
09-25 13:19:26.223   586   586 I GoogleInputMethodService: GoogleInputMethodService.onStartInput():1889 onStartInput(EditorInfo{EditorInfo{packageName=com.sec.android.app.launcher, inputType=0, inputTypeString=NULL, enableLearning=false, autoCorrection=false, autoComplete=false, imeOptions=0, privateImeOptions=null, actionName=UNSPECIFIED, actionLabel=null, initialSelStart=-1, initialSelEnd=-1, initialCapsMode=0, label=null, fieldId=2131361996, fieldName=null, extras=Bundle[{displayId=0}], hintText=null, hintLocales=[]}}, false)
09-25 13:19:26.223  1914  3193 I SurfaceFlinger: id=162334 Removed com.example.dogglers/androidx.test.core.app.InstrumentationActivityInvoker$EmptyActivity$_5639#162334 (339)
09-25 13:19:26.223  1914  2140 I SurfaceFlinger: id=162333 Removed ae309c8 com.example.dogglers/androidx.test.core.app.InstrumentationActivityInvoker$EmptyActivity#162333 (339)
09-25 13:19:26.224   586   586 I GoogleInputMethodService: GoogleInputMethodService.updateDeviceLockedStatus():2097 repeatCheckTimes = 1, locked = false
09-25 13:19:26.225  5639  5639 D InputTransport: Input channel destroyed: 'ae309c8', fd=164
09-25 13:19:26.226  5639  5639 I ViewRootImpl@966d59d[InstrumentationActivityInvoker$EmptyActivity]: stopped(true) old = false
09-25 13:19:26.226  5639  5639 I ViewRootImpl@966d59d[InstrumentationActivityInvoker$EmptyActivity]: WindowStopped on com.example.dogglers/androidx.test.core.app.InstrumentationActivityInvoker$EmptyActivity set to true
09-25 13:19:26.226  5639  5639 D LifecycleMonitor: Lifecycle status change: androidx.test.core.app.InstrumentationActivityInvoker$EmptyActivity@4ab946b in: STOPPED
09-25 13:19:26.227  5639  5639 V ActivityScenario: Activity lifecycle changed event received but ignored because the intent does not match. startActivityIntent=Intent { act=android.intent.action.MAIN cat=[android.intent.category.LAUNCHER] cmp=com.example.dogglers/.GridListActivity }, activity.getIntent()=Intent { act=android.intent.action.MAIN cat=[android.intent.category.LAUNCHER] flg=0x10000000 cmp=com.example.dogglers/androidx.test.core.app.InstrumentationActivityInvoker$EmptyActivity }, activity=androidx.test.core.app.InstrumentationActivityInvoker$EmptyActivity@4ab946b
09-25 13:19:26.227  1914  3199 I SurfaceFlinger: id=162331 Removed 89e15b9 ActivityRecordInputSink com.example.dogglers/androidx.test.core.app.InstrumentationActivityInvoker$EmptyActivity#162331 (339)
09-25 13:19:26.227  5759  6367 E pageboostd: prefetch start : app comquizletquizletandroid
09-25 13:19:26.227  3108  4073 D InputMethodManagerService: isImeSwitcherDisabledPackage : false
09-25 13:19:26.228  5639  5639 I MSHandlerLifeCycle: removeMultiSplitHandler: no exist. decor=DecorView@d91ab86[InstrumentationActivityInvoker$EmptyActivity]
09-25 13:19:26.228  5639  5639 D LifecycleMonitor: Lifecycle status change: androidx.test.core.app.InstrumentationActivityInvoker$EmptyActivity@4ab946b in: DESTROYED
09-25 13:19:26.228  5639  5639 V ActivityScenario: Activity lifecycle changed event received but ignored because the intent does not match. startActivityIntent=Intent { act=android.intent.action.MAIN cat=[android.intent.category.LAUNCHER] cmp=com.example.dogglers/.GridListActivity }, activity.getIntent()=Intent { act=android.intent.action.MAIN cat=[android.intent.category.LAUNCHER] flg=0x10000000 cmp=com.example.dogglers/androidx.test.core.app.InstrumentationActivityInvoker$EmptyActivity }, activity=androidx.test.core.app.InstrumentationActivityInvoker$EmptyActivity@4ab946b
09-25 13:19:26.229  5639  5639 I MSHandlerLifeCycle: removeMultiSplitHandler: no exist. decor=DecorView@d91ab86[InstrumentationActivityInvoker$EmptyActivity]
09-25 13:19:26.229   586   586 I InputMethodService: removeImeSurface
09-25 13:19:26.229   586   586 I MSHandlerLifeCycle: check: return. pkg=com.google.android.inputmethod.latin isActivity=false callers=com.android.internal.policy.DecorView.setVisibility:4412 android.app.Dialog.hide:767 android.inputmethodservice.InputMethodService.removeImeSurface:1290 android.inputmethodservice.InputMethodService.scheduleImeSurfaceRemoval:1279 android.inputmethodservice.InputMethodService.-$$Nest$mscheduleImeSurfaceRemoval:0
09-25 13:19:26.229   586   586 I MSHandlerLifeCycle: removeMultiSplitHandler: no exist. decor=DecorView@3ddf8c7[InputMethod]
09-25 13:19:26.229  5639  5729 D OpenGLRenderer: setSurface called with nullptr
09-25 13:19:26.229  5639  5729 D OpenGLRenderer: setSurface() destroyed EGLSurface
09-25 13:19:26.229  5639  5729 D OpenGLRenderer: destroyEglSurface
09-25 13:19:26.230  5639  5639 I ViewRootImpl@966d59d[InstrumentationActivityInvoker$EmptyActivity]: dispatchDetachedFromWindow
09-25 13:19:26.230  1914  1914 I Layer   : id=162332 removedFromDrawingState Surface(name=6a358c3 InputMethod)/@0x1a6cc79 - animation-leash of insets_animation#162332 (339)
09-25 13:19:26.230  3108  3145 D InputTransport: Input channel destroyed: 'e4a1f7c', fd=1058
09-25 13:19:26.230  3108  3145 W InputManager-JNI: Input channel object 'e4a1f7c com.example.dogglers/androidx.test.core.app.InstrumentationActivityInvoker$EmptyActivity (client)' was disposed without first being removed with the input manager!
09-25 13:19:26.230  3108  3145 D InputTransport: Input channel destroyed: 'e4a1f7c', fd=1065
09-25 13:19:26.231  1914  1914 I Layer   : id=162334 Destroyed com.example.dogglers/androidx.test.core.app.InstrumentationActivityInvoker$EmptyActivity$_5639#162334
09-25 13:19:26.231  1914  1914 I Layer   : id=162333 Destroyed ae309c8 com.example.dogglers/androidx.test.core.app.InstrumentationActivityInvoker$EmptyActivity#162333
09-25 13:19:26.233  5639  5639 D InputTransport: Input channel destroyed: 'e4a1f7c', fd=139
09-25 13:19:26.234  1914  3193 I SurfaceFlinger: id=162332 Removed Surface(name=6a358c3 InputMethod)/@0x1a6cc79 - animation-leash of insets_animation#162332 (337)
09-25 13:19:26.235  5639  5639 I ViewRootImpl@53866d0[GridListActivity]: stopped(true) old = false
09-25 13:19:26.235  5639  5639 I ViewRootImpl@53866d0[GridListActivity]: WindowStopped on com.example.dogglers/com.example.dogglers.GridListActivity set to true
09-25 13:19:26.235  1914  3193 I SurfaceFlinger: id=162325 Removed fde4952 ActivityRecordInputSink com.example.dogglers/androidx.test.core.app.InstrumentationActivityInvoker$EmptyActivity#162325 (337)
09-25 13:19:26.236  5639  5639 D LifecycleMonitor: Lifecycle status change: com.example.dogglers.GridListActivity@23261a5 in: STOPPED
09-25 13:19:26.236  5639  5639 V ActivityScenario: Update currentActivityStage to STOPPED, currentActivity=com.example.dogglers.GridListActivity@23261a5
09-25 13:19:26.238  5639  5639 I MSHandlerLifeCycle: removeMultiSplitHandler: no exist. decor=DecorView@6b74ea3[GridListActivity]
09-25 13:19:26.239  1914  1914 I Layer   : id=162330 removedFromDrawingState ActivityRecord{c03cdfe u0 com.example.dogglers/androidx.test.core.app.InstrumentationActivityInvoker$EmptyActivity} t7114}#162330 (337)
09-25 13:19:26.239  1914  1914 I Layer   : id=162331 removedFromDrawingState 89e15b9 ActivityRecordInputSink com.example.dogglers/androidx.test.core.app.InstrumentationActivityInvoker$EmptyActivity#162331 (337)
09-25 13:19:26.239  1914  1914 I Layer   : id=162327 removedFromDrawingState com.example.dogglers/androidx.test.core.app.InstrumentationActivityInvoker$EmptyActivity$_5639#162327 (337)
09-25 13:19:26.239  1914  1914 I Layer   : id=162326 removedFromDrawingState e4a1f7c com.example.dogglers/androidx.test.core.app.InstrumentationActivityInvoker$EmptyActivity#162326 (337)
09-25 13:19:26.239  5759  6367 E pageboostd: comquizletquizletandroid, amt 103333888 scnt 353 fcnt 42
09-25 13:19:26.239  1914  1914 I SurfaceFlinger: id=162330 Removed ActivityRecord{c03cdfe u0 com.example.dogglers/androidx.test.core.app.InstrumentationActivityInvoker$EmptyActivity} t7114}#162330 (337)
09-25 13:19:26.239  5639  5639 D LifecycleMonitor: Lifecycle status change: com.example.dogglers.GridListActivity@23261a5 in: DESTROYED
09-25 13:19:26.239  5759  6367 E pageboostd: prefetch end : app comquizletquizletandroid data_amount 103333888
09-25 13:19:26.239  1914  1914 I SurfaceFlinger: id=162327 Removed com.example.dogglers/androidx.test.core.app.InstrumentationActivityInvoker$EmptyActivity$_5639#162327 (337)
09-25 13:19:26.239  1914  1914 I SurfaceFlinger: id=162326 Removed e4a1f7c com.example.dogglers/androidx.test.core.app.InstrumentationActivityInvoker$EmptyActivity#162326 (337)
09-25 13:19:26.239  5639  5639 V ActivityScenario: Update currentActivityStage to DESTROYED, currentActivity=null
09-25 13:19:26.239  1914  1914 I Layer   : id=162332 Destroyed Surface(name=6a358c3 InputMethod)/@0x1a6cc79 - animation-leash of insets_animation#162332
09-25 13:19:26.239  1914  1914 I Layer   : id=162326 Destroyed e4a1f7c com.example.dogglers/androidx.test.core.app.InstrumentationActivityInvoker$EmptyActivity#162326
09-25 13:19:26.239  5639  5703 I TestRunner: finished: grid_list_content_at_last_position(com.example.dogglers.GridListTests)
