09-25 13:19:18.272  5639  5639 D InsetsController: onStateChanged: InsetsState: {mDisplayFrame=Rect(0, 0 - 1440, 3088), mDisplayCutout=DisplayCutout{insets=Rect(0, 100 - 0, 0) waterfall=Insets{left=0, top=0, right=0, bottom=0} boundingRect={Bounds=[Rect(0, 0 - 0, 0), Rect(685, 0 - 756, 100), Rect(0, 0 - 0, 0), Rect(0, 0 - 0, 0)]} cutoutPathParserInfo={CutoutPathParserInfo{displayWidth=1440 displayHeight=3088 physicalDisplayWidth=1440 physicalDisplayHeight=3088 density={3.75} cutoutSpec={M 0,0 H -9.466666666666667 V 26.66666666666667‬ H 9.466666666666667 V 0 H 0 Z @dp} rotation={0} scale={1.0} physicalPixelDisplaySizeRatio={1.0}}}}, mRoundedCorners=RoundedCorners{[RoundedCorner{position=TopLeft, radius=14, center=Point(14, 14)}, RoundedCorner{position=TopRight, radius=14, center=Point(1426, 14)}, RoundedCorner{position=BottomRight, radius=14, center=Point(1426, 3074)}, RoundedCorner{position=BottomLeft, radius=14, center=Point(14, 3074)}]}  mRoundedCornerFrame=Rect(0, 0 - 1440, 3088), mPrivacyIndicatorBounds=PrivacyIndicatorBounds {static bounds=Rect(1286, 0 - 1440, 100) rotation=0}, mSources= { InsetsSource: {mType=ITYPE_STATUS_BAR, mFrame=[0,0][1440,100], mVisible=true, mInsetsRoundedCornerFrame=false}, InsetsSource: {mType=ITYPE_NAVIGATION_BAR, mFrame=[0,3088][1440,3088], mVisible=true, mInsetsRoundedCornerFrame=false}, InsetsSource: {mType=ITYPE_LEFT_GESTURES, mFrame=[0,0][0,3088], mVisible=true, mInsetsRoundedCornerFrame=false}, InsetsSource: {mType=ITYPE_RIGHT_GESTURES, mFrame=[1440,0][1440,3088], mVisible=true, mInsetsRoundedCornerFrame=false}, InsetsSource: {mType=ITYPE_TOP_MANDATORY_GESTURES, mFrame=[0,0][1440,142], mVisible=true, mInsetsRoundedCornerFrame=false}, InsetsSource: {mType=ITYPE_BOTTOM_MANDATORY_GESTURES, mFrame=[0,3018][1440,3088], mVisible=true, mInsetsRoundedCornerFrame=false}, InsetsSource: {mType=ITYPE_LEFT_DISPLAY_CUTOUT, mFrame=[0,0][-100000,3088], mVisible=true, mInsetsRoundedCornerFrame=false}, InsetsSource: {mType=ITYPE_TOP_DISPLAY_CUTOUT, mFrame=[0,0][1440,100], mVisible=true, mInsetsRoundedCornerFrame=false}, InsetsSource: {mType=ITYPE_RIGHT_DISPLAY_CUTOUT, mFrame=[100000,0][1440,3088], mVisible=true, mInsetsRoundedCornerFrame=false}, InsetsSource: {mType=ITYPE_BOTTOM_DISPLAY_CUTOUT, mFrame=[0,100000][1440,3088], mVisible=true, mInsetsRoundedCornerFrame=false}, InsetsSource: {mType=ITYPE_TOP_TAPPABLE_ELEMENT, mFrame=[0,0][1440,100], mVisible=true, mInsetsRoundedCornerFrame=false}, InsetsSource: {mType=ITYPE_BOTTOM_TAPPABLE_ELEMENT, mFrame=[0,0][0,0], mVisible=true, mInsetsRoundedCornerFrame=false}, InsetsSource: {mType=ITYPE_IME, mFrame=[0,0][0,0], mVisibleFrame=[0,3088][1440,3088], mVisible=false, mInsetsRoundedCornerFrame=false} } host=com.example.dogglers/com.example.dogglers.HorizontalListActivity from=android.view.ViewRootImpl.relayoutWindow:9802
09-25 13:19:18.272  5639  5639 I ViewRootImpl@a9b8339[HorizontalListActivity]: updateBlastSurfaceIfNeeded mBlastBufferQueue=null isSameSurfaceControl=false
09-25 13:19:18.272  5639  5639 I BLASTBufferQueue: new BLASTBufferQueue, mName= ViewRootImpl@a9b8339[HorizontalListActivity] mNativeObject= 0xb4000077a1041880 sc.mNativeObject= 0xb4000077b1d381e0 caller= android.view.ViewRootImpl.updateBlastSurfaceIfNeeded:2909 android.view.ViewRootImpl.relayoutWindow:9847 android.view.ViewRootImpl.performTraversals:3884 android.view.ViewRootImpl.doTraversal:3116 android.view.ViewRootImpl$TraversalRunnable.run:10885 android.view.Choreographer$CallbackRecord.run:1301 android.view.Choreographer$CallbackRecord.run:1309 android.view.Choreographer.doCallbacks:923 android.view.Choreographer.doFrame:852 android.view.Choreographer$FrameDisplayEventReceiver.run:1283
09-25 13:19:18.272  5639  5639 I BLASTBufferQueue: update, w= 1440 h= 3088 mName = ViewRootImpl@a9b8339[HorizontalListActivity] mNativeObject= 0xb4000077a1041880 sc.mNativeObject= 0xb4000077b1d381e0 format= -1 caller= android.graphics.BLASTBufferQueue.<init>:84 android.view.ViewRootImpl.updateBlastSurfaceIfNeeded:2909 android.view.ViewRootImpl.relayoutWindow:9847 android.view.ViewRootImpl.performTraversals:3884 android.view.ViewRootImpl.doTraversal:3116 android.view.ViewRootImpl$TraversalRunnable.run:10885
09-25 13:19:18.273  5639  5639 I ViewRootImpl@a9b8339[HorizontalListActivity]: Relayout returned: old=(0,0,1440,3088) new=(0,0,1440,3088) req=(1440,3088)0 dur=8 res=0x3 s={true 0xb4000077b1c05800} ch=true seqId=0
09-25 13:19:18.273  5639  5639 I ViewRootImpl@a9b8339[HorizontalListActivity]: performConfigurationChange setNightDimText nightDimLevel=0
09-25 13:19:18.273  5639  5639 I ViewRootImpl@a9b8339[HorizontalListActivity]: mThreadedRenderer.initialize() mSurface={isValid=true 0xb4000077b1c05800} hwInitialized=true
09-25 13:19:18.273  5639  5729 D OpenGLRenderer: eglCreateWindowSurface
09-25 13:19:18.275  5639  5639 I ViewRootImpl@a9b8339[HorizontalListActivity]: reportNextDraw android.view.ViewRootImpl.performTraversals:4438 android.view.ViewRootImpl.doTraversal:3116 android.view.ViewRootImpl$TraversalRunnable.run:10885 android.view.Choreographer$CallbackRecord.run:1301 android.view.Choreographer$CallbackRecord.run:1309
09-25 13:19:18.275  5639  5639 I ViewRootImpl@a9b8339[HorizontalListActivity]: Setup new sync id=0
09-25 13:19:18.275  5639  5639 I ViewRootImpl@a9b8339[HorizontalListActivity]: Setting syncFrameCallback
09-25 13:19:18.275  5639  5639 I ViewRootImpl@a9b8339[HorizontalListActivity]: registerCallbacksForSync syncBuffer=false
09-25 13:19:18.277  5639  5772 I ViewRootImpl@a9b8339[HorizontalListActivity]: Received frameDrawingCallback syncResult=0 frameNum=1.
09-25 13:19:18.277  5639  5772 I ViewRootImpl@a9b8339[HorizontalListActivity]: Setting up sync and frameCommitCallback
09-25 13:19:18.287  1914  1914 I Layer   : id=161951 removedFromDrawingState Surface(name=4eb27f5 StatusBar)/@0x43fa543 - animation-leash of insets_animation#161951 (337)
09-25 13:19:18.287  1914  1914 I Layer   : id=161952 removedFromDrawingState Surface(name=d110b4c NavigationBar0)/@0x8bdb781 - animation-leash of insets_animation#161952 (337)
09-25 13:19:18.288  1914  1914 I SurfaceFlinger: [159d1bb com.example.dogglers/com.example.dogglers.HorizontalListActivity#161957] FrameRatePriority: 1
09-25 13:19:18.289  3108  4074 D InputDispatcher: Focus request (0): 159d1bb com.example.dogglers/com.example.dogglers.HorizontalListActivity but waiting because NO_WINDOW
09-25 13:19:18.296  5639  5729 I BLASTBufferQueue: [ViewRootImpl@a9b8339[HorizontalListActivity]#4](f:0,a:0) onFrameAvailable the first frame is available
09-25 13:19:18.296  5639  5729 I ViewRootImpl@a9b8339[HorizontalListActivity]: Received frameCommittedCallback lastAttemptedDrawFrameNum=1 didProduceBuffer=true
09-25 13:19:18.297  5639  5729 D OpenGLRenderer: CFMS:: SetUp Pid : 5639    Tid : 5729
09-25 13:19:18.300  5639  5639 I ViewRootImpl@a9b8339[HorizontalListActivity]: onSyncComplete
09-25 13:19:18.300  5639  5639 I ViewRootImpl@a9b8339[HorizontalListActivity]: setupSync seqId=0 mSyncId=0 fn=1 caller=android.view.ViewRootImpl$$ExternalSyntheticLambda11.accept:6 android.window.SurfaceSyncer.lambda$setupSync$1$android-window-SurfaceSyncer:128 android.window.SurfaceSyncer$$ExternalSyntheticLambda1.accept:8 android.window.SurfaceSyncer$SyncSet.checkIfSyncIsComplete:382 android.window.SurfaceSyncer$SyncSet.markSyncReady:359 android.window.SurfaceSyncer.markSyncReady:151 android.view.ViewRootImpl.performTraversals:4503
09-25 13:19:18.301  5639  5639 I ViewRootImpl@a9b8339[HorizontalListActivity]: reportDrawFinished seqId=0 mSyncId=-1 fn=1 mSurfaceChangedTransaction=0xb4000077a1087700
09-25 13:19:18.301  5639  5639 I ViewRootImpl@f200510[MainActivity]: MSG_WINDOW_FOCUS_CHANGED 0 0
09-25 13:19:18.303  1914  2139 I SurfaceFlinger: id=161961 createSurf, flag=24000, Surface(name=ActivityRecord{4bc117e u0 com.example.dogglers/.MainActivity} t7106})/@0x9f81f51 - animation-leash of app_transition#161961
09-25 13:19:18.306  1914  2139 I SurfaceFlinger: id=161962 createSurf, flag=80004, Surface(name=ActivityRecord{4bc117e u0 com.example.dogglers/.MainActivity} t7106})/@0x9f81f51 - animation-bounds#161962
09-25 13:19:18.306  1914  4196 I SurfaceFlinger: id=161952 Removed Surface(name=d110b4c NavigationBar0)/@0x8bdb781 - animation-leash of insets_animation#161952 (339)
09-25 13:19:18.306  1914  2140 I SurfaceFlinger: id=161951 Removed Surface(name=4eb27f5 StatusBar)/@0x43fa543 - animation-leash of insets_animation#161951 (339)
09-25 13:19:18.309  1914  4196 I SurfaceFlinger: id=161963 createSurf, flag=20004, DimAnimationLayer for ActivityRecord{d2cf345 u0 com.example.dogglers/.HorizontalListActivity} t7106}#161963
09-25 13:19:18.310  1914  4196 I SurfaceFlinger: id=161964 createSurf, flag=24004, Surface(name=ActivityRecord{d2cf345 u0 com.example.dogglers/.HorizontalListActivity} t7106})/@0x71e9fab - animation-leash of app_transition#161964
09-25 13:19:18.310  1914  4196 I SurfaceFlinger: id=161965 createSurf, flag=80004, Surface(name=ActivityRecord{d2cf345 u0 com.example.dogglers/.HorizontalListActivity} t7106})/@0x71e9fab - animation-bounds#161965
09-25 13:19:18.312  3108  3227 I ActivityTaskManager: Displayed com.example.dogglers/.HorizontalListActivity: +110ms
09-25 13:19:18.312  5759  5759 E pageboostd: Received HALT command code 2
09-25 13:19:18.313  1914  1914 I Layer   : id=161951 Destroyed Surface(name=4eb27f5 StatusBar)/@0x43fa543 - animation-leash of insets_animation#161951
09-25 13:19:18.313  1914  1914 I Layer   : id=161952 Destroyed Surface(name=d110b4c NavigationBar0)/@0x8bdb781 - animation-leash of insets_animation#161952
09-25 13:19:18.316  3108  4074 I SemDvfsHyPerManager: acquire hyper - AMS_RESUME_TAIL/3108@20, type = -999
09-25 13:19:18.316  3108  4074 I SemDvfsHyPerManager: acquire hyper - AMS_ACT_LAZY/3108@21, type = -999
09-25 13:19:18.316  1809  1855 I HYPER-HAL: [RequestManager.cpp]acquire(): Acquired ID : 4893776  [3108 / 20]    HINT : AMS_RESUME_TAIL    list :
09-25 13:19:18.316  1809  1855 I HYPER-HAL: [RequestManager.cpp]acquire(): Acquired ID : 4896906  [3108 / 21]    HINT : AMS_ACT_LAZY    list :
09-25 13:19:18.319  1809  1855 I HYPER-HAL: [RequestManager.cpp]releaseLocked(): Released ID : 4887519
09-25 13:19:18.321  1914  1914 I Layer   : Layer [com.example.dogglers/com.example.dogglers.HorizontalListActivity$_5639#161958] hidden!! flag(0)
09-25 13:19:18.321  5369  8241 I RecentModel: onTaskStackChangedBackground
09-25 13:19:18.324  1914  1914 I Layer   : id=161966 Destroyed Screenshot Parent#161966
09-25 13:19:18.325  1914  2140 I SurfaceFlinger: id=161967 createSurf, flag=40404, Top Edge Extension#161967
09-25 13:19:18.327  1914  2140 I SurfaceFlinger: id=161968 createSurf, flag=400, bbq-wrapper#161968
09-25 13:19:18.328  3108 22320 I BLASTBufferQueue: [bbq-adapter#2946](f:0,a:0) onFrameAvailable the first frame is available
09-25 13:19:18.332  8130 22447 I [AirCmd]_ActivitySwitchDetector: onTaskStackChanged : componentName - ComponentInfo{com.example.dogglers/com.example.dogglers.HorizontalListActivity}
09-25 13:19:18.332  1914  1914 I Layer   : id=161969 Destroyed Screenshot Parent#161969
09-25 13:19:18.332  8130 22447 I [AirCmd]_ActivitySwitchDetector: onTaskStackChanged : mTopMostActivity - ComponentInfo{com.example.dogglers/com.example.dogglers.MainActivity}
09-25 13:19:18.332  8130 22447 I [AirCmd]_CallbackRepeater: stopRepeat : isWorking=false
09-25 13:19:18.332  8130 22447 I [AirCmd]_MediaControlStateMonitor: isForegroundAppSupportsMediaButton : mediaSession is empty
09-25 13:19:18.333  8130 22447 I [AirCmd]_MediaControlStateMonitor: active Notification List is null
09-25 13:19:18.333  8130 22447 I [AirCmd]_RemoteSpenMainController: hasGeneralAction : packageName is com.example.dogglers, activityName is com.example.dogglers.HorizontalListActivity, hasActions is false
09-25 13:19:18.333  8130 22447 I [AirCmd]_CameraAvailabilityMonitor: isCameraPreviewOn : mIsCameraPreviewOn is false
09-25 13:19:18.333  1914  2139 I SurfaceFlinger: id=161970 createSurf, flag=40404, Bottom Edge Extension#161970
09-25 13:19:18.335  1914  2139 I SurfaceFlinger: id=161971 createSurf, flag=400, bbq-wrapper#161971
09-25 13:19:18.336  3108 22321 I BLASTBufferQueue: [bbq-adapter#2947](f:0,a:0) onFrameAvailable the first frame is available
09-25 13:19:18.337  8130 22447 I [AirCmd]_CameraAvailabilityMonitor: isCameraPreviewOn : mIsCameraPreviewOn is false
09-25 13:19:18.337  8130 22447 I [AirCmd]_MediaControlStateMonitor: isForegroundAppSupportsMediaButton : mediaSession is empty
09-25 13:19:18.337  8130 22447 I [AirCmd]_MediaControlStateMonitor: active Notification List is null
09-25 13:19:18.337  8130 22447 I [AirCmd]_PenActionRule: getAction : get default action data from remote action because pen action data is null.
09-25 13:19:18.338  8130 22447 I [AirCmd]_ButtonActionDetector: enableDoubleClickDetection: enabled=true, doubleClickWaitInterval=300
09-25 13:19:18.338  8130 22447 I [AirCmd]_RemoteSpenMainController: onSwitch : package is com.example.dogglers   and activity is com.example.dogglers.HorizontalListActivity and isBleConnected is false and hasActions is false
09-25 13:19:18.338  5369  5741 I RecentTasksList: loadTasksInBackground : groupTask = GroupTask{task1=[id=6869 windowingMode=1 user=0 lastActiveTime=1366856278] null, task2=null, task3=null, mStagedSplitBounds=null}
09-25 13:19:18.338  5369  5741 I RecentTasksList: loadTasksInBackground : groupTask = GroupTask{task1=[id=6898 windowingMode=1 user=0 lastActiveTime=1367009547] null, task2=null, task3=null, mStagedSplitBounds=null}
09-25 13:19:18.338  5369  5741 I RecentTasksList: loadTasksInBackground : groupTask = GroupTask{task1=[id=7106 windowingMode=1 user=0 lastActiveTime=1370084485] null, task2=null, task3=null, mStagedSplitBounds=null}
09-25 13:19:18.347  3108  4074 D InputDispatcher: Focus entered window (0): 159d1bb com.example.dogglers/com.example.dogglers.HorizontalListActivity
09-25 13:19:18.347  5639  5639 I ViewRootImpl@a9b8339[HorizontalListActivity]: MSG_WINDOW_FOCUS_CHANGED 1 0
09-25 13:19:18.347  5639  5639 I ViewRootImpl@a9b8339[HorizontalListActivity]: mThreadedRenderer.initializeIfNeeded()#2 mSurface={isValid=true 0xb4000077b1c05800}
09-25 13:19:18.348  5639  5639 D InputMethodManager: startInputInner - Id : 0
09-25 13:19:18.348  5639  5639 I InputMethodManager: startInputInner - mService.startInputOrWindowGainedFocus
09-25 13:19:18.348  3108  4074 D InputMethodManagerService: DESKTOP MODE! : 2
09-25 13:19:18.348  3108  4074 D InputMethodManagerService: NOT IN KNOX DESKTOP MODE!
09-25 13:19:18.348  3108  4074 V InputMethodManagerService: getDisplayIdOfInputMethodWindowToBeAdded: displayId=0
09-25 13:19:18.348  1914  1914 D SurfaceFlinger: Display 4630947093241269891 HWC layers:
09-25 13:19:18.348  1914  1914 D SurfaceFlinger:      CLIENT | 0xb400007af6c13480 | 0100 | RGBx_8888    |  592.0    0.0 1628.0 2220.0 |    0    0 1440 3088 | Wallpaper BBQ wrapper#90
09-25 13:19:18.348  1914  1914 D SurfaceFlinger:      CLIENT | 0xb400007af6c11c80 | 0100 | RGBA_8888    |    0.0    0.0 1440.0 3088.0 |    0    0 1440 3088 | com.sec.android.app.launcher/com.sec[...]rActivity$_5369#161898 (blurRegions)
09-25 13:19:18.348  1914  1914 D SurfaceFlinger:      CLIENT | 0xb400007aeb20fb80 | 0102 | RGBA_8888    |    0.0    0.0    0.0    0.0 |    7 3069 1433 3074 | bbq-wrapper#161971
09-25 13:19:18.348  1914  1914 D SurfaceFlinger:      CLIENT | 0xb400007af6c14f80 | 0102 | RGBA_8888    |    0.0    5.0 1440.0 3088.0 |    7   14 1433 3069 | com.example.dogglers/com.example.dogglers.MainActivity$_5639#161950
09-25 13:19:18.348  1914  1914 D SurfaceFlinger:      CLIENT | 0xb400007af6c13f80 | 0102 | RGBA_8888    |    0.0    0.0 1440.0    1.0 |    7   14 1433  558 | bbq-wrapper#161968
09-25 13:19:18.348  1914  1914 D SurfaceFlinger:      DEVICE | 0xb400007ada4ac080 | 0102 | RGBA_8888    |    0.0    0.0 1440.0 2539.0 |    7  558 1433 3074 | com.example.dogglers/com.example.dogglers.HorizontalListActivity$_5639#161958
09-25 13:19:18.348  1914  1914 D SurfaceFlinger:      DEVICE | 0xb400007af6c14880 | 0100 |
09-25 13:19:18.348  1914  1914 D SurfaceFlinger: RGBA_8888    |    0.0    0.0 1440.0  100.0 |    0    0 1440  100 | StatusBar$_4768#95
09-25 13:19:18.348  1914  1914 D SurfaceFlinger:      DEVICE | 0xb400007af8705400 | 0100 | RGBA_8888    |    0.0    0.0   67.0  589.0 |    0  562   67 1151 | com.samsung.android.app.cocktailbars[...]vice.CocktailBarService$_8423#156853
09-25 13:19:18.348  1914  1914 D SurfaceFlinger:      DEVICE | 0xb400007af8705500 | 0100 | RGBA_8888    |    0.0    0.0  518.0   48.0 |  922 3040 1440 3088 | SGestureOverlayWindow$_5369#156268
09-25 13:19:18.348  1914  1914 D SurfaceFlinger:      DEVICE | 0xb400007af6c15880 | 0100 | RGBA_8888    |    0.0    0.0 1440.0  168.0 |    0 2920 1440 3088 | NavigationBar0$_4768#92
09-25 13:19:18.348  1914  1914 D SurfaceFlinger:
09-25 13:19:18.348  3108  4074 D InputMethodManagerService: isImeSwitcherDisabledPackage : false
09-25 13:19:18.349  3108  4074 D InputMethodManagerService: checkDisplayOfStartInputAndUpdateKeyboard: displayId=0, mFocusedDisplayId=0
09-25 13:19:18.349  3108  4074 D InputTransport: Input channel constructed: 'ClientS', fd=1336
09-25 13:19:18.349  3108  4074 D InputTransport: Input channel destroyed: 'ClientS', fd=1336
09-25 13:19:18.350   586   586 I GoogleInputMethodService: GoogleInputMethodService.onFinishInput():3267
09-25 13:19:18.351  1914  4196 I SurfaceFlinger: id=161972 createSurf, flag=24004, Surface(name=6a358c3 InputMethod)/@0x1a6cc79 - animation-leash of insets_animation#161972
09-25 13:19:18.351   586   586 I GoogleInputMethodService: GoogleInputMethodService.updateDeviceLockedStatus():2097 repeatCheckTimes = 0, locked = false
09-25 13:19:18.351   586   586 D InputMethodService: checkFocusedDisplay() display Id 0last 0
09-25 13:19:18.352   586   586 I GoogleInputMethodService: GoogleInputMethodService.onStartInput():1889 onStartInput(EditorInfo{EditorInfo{packageName=com.example.dogglers, inputType=0, inputTypeString=NULL, enableLearning=false, autoCorrection=false, autoComplete=false, imeOptions=0, privateImeOptions=null, actionName=UNSPECIFIED, actionLabel=null, initialSelStart=-1, initialSelEnd=-1, initialCapsMode=0, label=null, fieldId=-1, fieldName=null, extras=Bundle[{displayId=0}], hintText=null, hintLocales=[]}}, false)
09-25 13:19:18.353   586   586 I GoogleInputMethodService: GoogleInputMethodService.updateDeviceLockedStatus():2097 repeatCheckTimes = 1, locked = false
09-25 13:19:18.357  1914  1914 D SurfaceFlinger: Display 4630947093241269891 HWC layers:
09-25 13:19:18.357  1914  1914 D SurfaceFlinger:      CLIENT | 0xb400007af6c13480 | 0100 | RGBx_8888    |  592.0    0.0 1628.0 2220.0 |    0    0 1440 3088 | Wallpaper BBQ wrapper#90
09-25 13:19:18.357  1914  1914 D SurfaceFlinger:      CLIENT | 0xb400007af6c11c80 | 0100 | RGBA_8888    |    0.0    0.0 1440.0 3088.0 |    0    0 1440 3088 | com.sec.android.app.launcher/com.sec[...]rActivity$_5369#161898 (blurRegions)
09-25 13:19:18.357  1914  1914 D SurfaceFlinger:      CLIENT | 0xb400007aeb20fb80 | 0102 | RGBA_8888    |    0.0    0.0    0.0    0.0 |    5 3065 1435 3076 | bbq-wrapper#161971
09-25 13:19:18.357  1914  1914 D SurfaceFlinger:      CLIENT | 0xb400007af86f9700 | 0102 | RGBA_8888    |    0.0   11.0 1440.0 3088.0 |    5   12 1435 3065 | com.example.dogglers/com.example.dogglers.MainActivity$_5639#161950
09-25 13:19:18.357  1914  1914 D SurfaceFlinger:      CLIENT | 0xb400007af6c13f80 | 0102 | RGBA_8888    |    0.0    0.0 1440.0    1.0 |    5   12 1435  521 | bbq-wrapper#161968
09-25 13:19:18.357  1914  1914 D SurfaceFlinger:  SOLID_COLOR |              | 0000 |  Unknown  |    0.0    0.0    0.0    0.0 |    0    0 1440 3088 | DimAnimationLayer for ActivityRecord[...]orizontalListActivity} t7106}#161963
09-25 13:19:18.357  1914  1914 D SurfaceFlinger:      DEVICE | 0xb400007ada4ac080 | 0102 | RGBA_888
09-25 13:19:18.357  1914  1914 D SurfaceFlinger: 8    |    0.0    0.0 1440.0 2574.0 |    5  521 1435 3076 | com.example.dogglers/com.example.dogglers.HorizontalListActivity$_5639#161958
09-25 13:19:18.357  1914  1914 D SurfaceFlinger:      DEVICE | 0xb400007af6c14880 | 0100 | RGBA_8888    |    0.0    0.0 1440.0  100.0 |    0    0 1440  100 | StatusBar$_4768#95
09-25 13:19:18.357  1914  1914 D SurfaceFlinger:      DEVICE | 0xb400007af8705400 | 0100 | RGBA_8888    |    0.0    0.0   67.0  589.0 |    0  562   67 1151 | com.samsung.android.app.cocktailbars[...]vice.CocktailBarService$_8423#156853
09-25 13:19:18.357  1914  1914 D SurfaceFlinger:      DEVICE | 0xb400007af8705500 | 0100 | RGBA_8888    |    0.0    0.0  518.0   48.0 |  922 3040 1440 3088 | SGestureOverlayWindow$_5369#156268
09-25 13:19:18.357  1914  1914 D SurfaceFlinger:      DEVICE | 0xb400007af6c15880 | 0100 | RGBA_8888    |    0.0    0.0 1440.0  168.0 |    0 2920 1440 3088 | NavigationBar0$_4768#92
09-25 13:19:18.357  1914  1914 D SurfaceFlinger:
09-25 13:19:18.358  3108  4606 D InputMethodManagerService: isImeSwitcherDisabledPackage : false
09-25 13:19:18.359   586   586 I InputMethodService: removeImeSurface
09-25 13:19:18.359   586   586 I MSHandlerLifeCycle: check: return. pkg=com.google.android.inputmethod.latin isActivity=false callers=com.android.internal.policy.DecorView.setVisibility:4412 android.app.Dialog.hide:767 android.inputmethodservice.InputMethodService.removeImeSurface:1290 android.inputmethodservice.InputMethodService.scheduleImeSurfaceRemoval:1279 android.inputmethodservice.InputMethodService.-$$Nest$mscheduleImeSurfaceRemoval:0
09-25 13:19:18.359   586   586 I MSHandlerLifeCycle: removeMultiSplitHandler: no exist. decor=DecorView@3ddf8c7[InputMethod]
09-25 13:19:18.362  1914  1914 I Layer   : id=161954 removedFromDrawingState Surface(name=6a358c3 InputMethod)/@0x1a6cc79 - animation-leash of insets_animation#161954 (345)
09-25 13:19:18.363  1914  1914 I SurfaceFlinger: id=161954 Removed Surface(name=6a358c3 InputMethod)/@0x1a6cc79 - animation-leash of insets_animation#161954 (345)
09-25 13:19:18.363  1914  1914 I Layer   : id=161954 Destroyed Surface(name=6a358c3 InputMethod)/@0x1a6cc79 - animation-leash of insets_animation#161954
09-25 13:19:18.392  1809  5823 I HYPER-HAL: [RequestManager.cpp]releaseLocked(): Released ID : 4906302
09-25 13:19:18.441  1914  1914 D SurfaceFlinger: Display 4630947093241269891 HWC layers:
09-25 13:19:18.441  1914  1914 D SurfaceFlinger:      CLIENT | 0xb400007af6c13480 | 0100 | RGBx_8888    |  592.0    0.0 1628.0 2220.0 |    0    0 1440 3088 | Wallpaper BBQ wrapper#90
09-25 13:19:18.441  1914  1914 D SurfaceFlinger:      CLIENT | 0xb400007af6c11c80 | 0100 | RGBA_8888    |    0.0    0.0 1440.0 3088.0 |    0    0 1440 3088 | com.sec.android.app.launcher/com.sec[...]rActivity$_5369#161898 (blurRegions)
09-25 13:19:18.441  1914  1914 D SurfaceFlinger:      CLIENT | 0xb400007af6c13f80 | 0102 | RGBA_8888    |    0.0    0.0    0.0    0.0 |    0    1 1440  142 | bbq-wrapper#161968
09-25 13:19:18.441  1914  1914 D SurfaceFlinger:  SOLID_COLOR |              | 0000 |  Unknown  |    0.0    0.0    0.0    0.0 |    0    0 1440 3088 | DimAnimationLayer for ActivityRecord[...]orizontalListActivity} t7106}#161963
09-25 13:19:18.441  1914  1914 D SurfaceFlinger:      DEVICE | 0xb400007ada4ac080 | 0102 | RGBA_8888    |    0.0    0.0 1440.0 2947.0 |    0  142 1440 3087 | com.example.dogglers/com.example.dogglers.HorizontalListActivity$_5639#161958
09-25 13:19:18.441  1914  1914 D SurfaceFlinger:      DEVICE | 0xb400007af6c14880 | 0100 | RGBA_8888    |    0.0    0.0 1440.0  100.0 |    0    0 1440  100 | StatusBar$_4768#95
09-25 13:19:18.441  1914  1914 D SurfaceFlinger:      DEVICE | 0xb400007af8705400 | 0100
09-25 13:19:18.441  1914  1914 D SurfaceFlinger: | RGBA_8888    |    0.0    0.0   67.0  589.0 |    0  562   67 1151 | com.samsung.android.app.cocktailbars[...]vice.CocktailBarService$_8423#156853
09-25 13:19:18.441  1914  1914 D SurfaceFlinger:      DEVICE | 0xb400007af8705500 | 0100 | RGBA_8888    |    0.0    0.0  518.0   48.0 |  922 3040 1440 3088 | SGestureOverlayWindow$_5369#156268
09-25 13:19:18.441  1914  1914 D SurfaceFlinger:      DEVICE | 0xb400007af6c15880 | 0100 | RGBA_8888    |    0.0    0.0 1440.0  168.0 |    0 2920 1440 3088 | NavigationBar0$_4768#92
09-25 13:19:18.441  1914  1914 D SurfaceFlinger:
09-25 13:19:18.446  3108  4659 W SemWifiTransportLayerUtils: getApplicationCategory - IOException com.example.dogglers
09-25 13:19:18.446  3108  4659 W System.err: java.io.FileNotFoundException: https://play.google.com/store/apps/details?id=com.example.dogglers&hl=en
09-25 13:19:18.446  3108  4659 W System.err: 	at com.android.okhttp.internal.huc.HttpURLConnectionImpl.getInputStream(HttpURLConnectionImpl.java:255)
09-25 13:19:18.446  3108  4659 W System.err: 	at com.android.okhttp.internal.huc.DelegatingHttpsURLConnection.getInputStream(DelegatingHttpsURLConnection.java:211)
09-25 13:19:18.446  3108  4659 W System.err: 	at com.android.okhttp.internal.huc.HttpsURLConnectionImpl.getInputStream(HttpsURLConnectionImpl.java:30)
09-25 13:19:18.446  3108  4659 W System.err: 	at com.samsung.android.server.wifi.tcp.SemWifiTransportLayerUtils.getApplicationCategory(SemWifiTransportLayerUtils.java:104)
09-25 13:19:18.446  3108  4659 W System.err: 	at com.samsung.android.server.wifi.tcp.SemWifiTransportLayerMonitor$TcpMonitorHandler.handleMessage(SemWifiTransportLayerMonitor.java:244)
09-25 13:19:18.446  3108  4659 W System.err: 	at android.os.Handler.dispatchMessage(Handler.java:106)
09-25 13:19:18.446  3108  4659 W System.err: 	at android.os.Looper.loopOnce(Looper.java:226)
09-25 13:19:18.446  3108  4659 W System.err: 	at android.os.Looper.loop(Looper.java:313)
09-25 13:19:18.446  3108  4659 W System.err: 	at android.os.HandlerThread.run(HandlerThread.java:67)
09-25 13:19:18.446  3108  4659 D SemWifiTransportLayerMonitor.TcpMonitorHandler: MSG_SAVE_PACKAGE_INFO
09-25 13:19:18.447  3108  4659 D SemWifiTransportLayerFileManager: saveWifiPackageInfoToFile
09-25 13:19:18.447  3108  4659 D SemWifiTransportLayerFileManager: writeWifiPackageInfoList
09-25 13:19:18.448  1914  1914 D SurfaceFlinger: Display 4630947093241269891 HWC layers:
09-25 13:19:18.448  1914  1914 D SurfaceFlinger:      CLIENT | 0xb400007af6c13f80 | 0102 | RGBA_8888    |    0.0    0.0    0.0    0.0 |    0    0 1440  128 | bbq-wrapper#161968
09-25 13:19:18.448  1914  1914 D SurfaceFlinger:  SOLID_COLOR |              | 0000 |  Unknown  |    0.0    0.0    0.0    0.0 |    0    0 1440 3088 | DimAnimationLayer for ActivityRecord[...]orizontalListActivity} t7106}#161963
09-25 13:19:18.448  1914  1914 D SurfaceFlinger:      DEVICE | 0xb400007ada4ac080 | 0102 | RGBA_8888    |    0.0    0.0 1440.0 2960.0 |    0  128 1440 3088 | com.example.dogglers/com.example.dogglers.HorizontalListActivity$_5639#161958
09-25 13:19:18.448  1914  1914 D SurfaceFlinger:      DEVICE | 0xb400007af6c14880 | 0100 | RGBA_8888    |    0.0    0.0 1440.0  100.0 |    0    0 1440  100 | StatusBar$_4768#95
09-25 13:19:18.448  1914  1914 D SurfaceFlinger:      DEVICE | 0xb400007af8705400 | 0100 | RGBA_8888    |    0.0    0.0   67.0  589.0 |    0  562   67 1151 | com.samsung.android.app.cocktailbars[...]vice.CocktailBarService$_8423#156853
09-25 13:19:18.448  1914  1914 D SurfaceFlinger:      DEVICE | 0xb400007af8705500 | 0100 | RGBA_8888    |    0.0    0.0  518.0   48.0 |  922 3040 1440 3088 | SGestureOverlayWindow$_5369#156268
09-25 13:19:18.448  1914  1914 D SurfaceFlinger:      DEVICE | 0xb400007af6c158
09-25 13:19:18.448  1914  1914 D SurfaceFlinger: 80 | 0100 | RGBA_8888    |    0.0    0.0 1440.0  168.0 |    0 2920 1440 3088 | NavigationBar0$_4768#92
09-25 13:19:18.448  1914  1914 D SurfaceFlinger:
09-25 13:19:18.455  5369  5369 I ViewRootImpl@7533534[LauncherActivity]: handleAppVisibility mAppVisible = true visible = false
09-25 13:19:18.456 21794 21794 I ViewRootImpl@888ef3d[LauncherActivity]: handleAppVisibility mAppVisible = true visible = false
09-25 13:19:18.456  5639  5639 I ViewRootImpl@f200510[MainActivity]: handleAppVisibility mAppVisible = true visible = false
09-25 13:19:18.457  4768  4808 D WallpaperService: dispatchAppVisibility onVisibilityChanged(): false
09-25 13:19:18.457  4768  4768 D WallpaperService: reportVisibility onVisibilityChanged visible: false
09-25 13:19:18.457  4768  4880 I ImageWallpaper[GLEngine]:  onVisibilityChanged false , 0
09-25 13:19:18.462  1914  1914 I Layer   : id=161943 removedFromDrawingState Splash Screen com.example.dogglers$_4768#161943 (344)
09-25 13:19:18.463  1914  1914 I Layer   : id=161945 removedFromDrawingState Surface(name=Task=1)/@0xeddbc98 - animation-leash of app_transition#161945 (344)
09-25 13:19:18.463  1914  1914 I Layer   : id=161942 removedFromDrawingState 2ec43ef Splash Screen com.example.dogglers#161942 (344)
09-25 13:19:18.463  1914  1914 I Layer   : id=161946 removedFromDrawingState Surface(name=Task=7106)/@0x10dbde2 - animation-leash of app_transition#161946 (344)
09-25 13:19:18.463  1914  1914 I Layer   : Layer [Splash Screen com.example.dogglers$_4768#161943] hidden!! flag(1)
09-25 13:19:18.463  1914  1914 I Layer   : Layer [com.sec.android.app.launcher/com.sec.android.app.launcher.activities.LauncherActivity$_5369#161898] hidden!! flag(1)
09-25 13:19:18.463  1914  1914 I Layer   : Layer [com.sec.android.app.launcher/com.sec.android.app.launcher.activities.LauncherActivity$_21794#161901] hidden!! flag(1)
09-25 13:19:18.463  1914  1914 I SurfaceFlinger: id=161942 Removed 2ec43ef Splash Screen com.example.dogglers#161942 (344)
09-25 13:19:18.463  1914  1914 I SurfaceFlinger: id=161943 Removed Splash Screen com.example.dogglers$_4768#161943 (344)
09-25 13:19:18.463  1914  1914 I SurfaceFlinger: id=161946 Removed Surface(name=Task=7106)/@0x10dbde2 - animation-leash of app_transition#161946 (344)
09-25 13:19:18.463  1914  1914 I SurfaceFlinger: id=161945 Removed Surface(name=Task=1)/@0xeddbc98 - animation-leash of app_transition#161945 (344)
09-25 13:19:18.463  1914  1914 I Layer   : id=161942 Destroyed 2ec43ef Splash Screen com.example.dogglers#161942
09-25 13:19:18.463  1914  1914 I Layer   : id=161943 Destroyed Splash Screen com.example.dogglers$_4768#161943
09-25 13:19:18.463  1914  1914 I Layer   : id=161945 Destroyed Surface(name=Task=1)/@0xeddbc98 - animation-leash of app_transition#161945
09-25 13:19:18.463  1914  1914 I Layer   : id=161946 Destroyed Surface(name=Task=7106)/@0x10dbde2 - animation-leash of app_transition#161946
09-25 13:19:18.463  5639  5729 D OpenGLRenderer: setSurface called with nullptr
09-25 13:19:18.463  5639  5729 D OpenGLRenderer: setSurface() destroyed EGLSurface
09-25 13:19:18.463  5639  5729 D OpenGLRenderer: destroyEglSurface
09-25 13:19:18.464  5639  5729 D OpenGLRenderer: endAllActiveAnimators on 0xb40000774e12a800 (RippleDrawable) with handle 0xb4000077b1d0c280
09-25 13:19:18.464  5639  5639 I ViewRootImpl@f200510[MainActivity]: performTraversals mFirst=false windowShouldResize=false viewVisibilityChanged=true mForceNextWindowRelayout=false params=null
09-25 13:19:18.464  3108  3228 I GestureDetector: handleMessage TAP
09-25 13:19:18.464  3108  3146 V WindowManager: Relayout Window{c473fc7 u0 com.example.dogglers/com.example.dogglers.MainActivity}: viewVisibility=8 req=1440x3088 d0
09-25 13:19:18.466  3108  3146 V WindowManager: Relayout hash=c473fc7, pid=5639, syncId=-1: mAttrs={(0,0)(fillxfill) sim={adjust=pan forwardNavigation} ty=BASE_APPLICATION wanim=0x1030309
09-25 13:19:18.466  3108  3146 V WindowManager:   fl=81810100
09-25 13:19:18.466  3108  3146 V WindowManager:   pfl=12020040
09-25 13:19:18.466  3108  3146 V WindowManager:   bhv=DEFAULT
09-25 13:19:18.466  3108  3146 V WindowManager:   fitSides= naviIconColor=0}
09-25 13:19:18.466  5369  5369 I ViewRootImpl@7533534[LauncherActivity]: performTraversals mFirst=false windowShouldResize=false viewVisibilityChanged=true mForceNextWindowRelayout=false params=null
09-25 13:19:18.466  3108  3108 I GestureDetector: handleMessage TAP
09-25 13:19:18.467  3108  4074 V WindowManager: Relayout Window{c7375dc u0 com.sec.android.app.launcher/com.sec.android.app.launcher.activities.LauncherActivity}: viewVisibility=8 req=1440x3088 d0
09-25 13:19:18.467  3108  4153 I HqmInfo::HqmManagerService: MSG_TYPE:MSG_TYPE_PROCESS_LOG_BY_HQM
09-25 13:19:18.467  5639  5639 I ViewRootImpl@f200510[MainActivity]: Relayout returned: old=(0,0,1440,3088) new=(0,0,1440,3088) req=(1440,3088)8 dur=3 res=0x2 s={false 0x0} ch=true seqId=0
09-25 13:19:18.468 21794 13251 D OpenGLRenderer: setSurface called with nullptr
09-25 13:19:18.468 21794 13251 D OpenGLRenderer: setSurface() destroyed EGLSurface
09-25 13:19:18.468  3108  4074 V WindowManager: Relayout hash=c7375dc, pid=5369, syncId=-1: mAttrs={(0,0)(fillxfill) sim={adjust=nothing forwardNavigation} layoutInDisplayCutoutMode=shortEdges ty=BASE_APPLICATION fmt=TRANSPARENT wanim=0x10302f4
09-25 13:19:18.468  3108  4074 V WindowManager:   fl=81910100
09-25 13:19:18.468  3108  4074 V WindowManager:   pfl=1e020040
09-25 13:19:18.468  3108  4074 V WindowManager:   vsysui=1700
09-25 13:19:18.468  3108  4074 V WindowManager:   bhv=SHOW_TRANSIENT_BARS_BY_SWIPE
09-25 13:19:18.468  3108  4074 V WindowManager:   fitSides= naviIconColor=0}
09-25 13:19:18.468 21794 13251 D OpenGLRenderer: destroyEglSurface
09-25 13:19:18.468  5639  5639 D LifecycleMonitor: Lifecycle status change: androidx.test.core.app.InstrumentationActivityInvoker$BootstrapActivity@d369d1c in: STOPPED
09-25 13:19:18.468  5639  5639 V ActivityScenario: Activity lifecycle changed event received but ignored because the intent does not match. startActivityIntent=Intent { act=android.intent.action.MAIN cat=[android.intent.category.LAUNCHER] cmp=com.example.dogglers/.MainActivity }, activity.getIntent()=Intent { act=android.intent.action.MAIN cat=[android.intent.category.LAUNCHER] flg=0x10008000 cmp=com.example.dogglers/androidx.test.core.app.InstrumentationActivityInvoker$BootstrapActivity (has extras) }, activity=androidx.test.core.app.InstrumentationActivityInvoker$BootstrapActivity@d369d1c
09-25 13:19:18.469 21794 21794 I ViewRootImpl@888ef3d[LauncherActivity]: performTraversals mFirst=false windowShouldResize=false viewVisibilityChanged=true mForceNextWindowRelayout=false params=null
09-25 13:19:18.470  5369  5369 I ViewRootImpl@7533534[LauncherActivity]: Relayout returned: old=(0,0,1440,3088) new=(0,0,1440,3088) req=(1440,3088)8 dur=3 res=0x2 s={false 0x0} ch=true seqId=0
09-25 13:19:18.470  3108  4606 V WindowManager: Relayout Window{294099b u0 com.sec.android.app.launcher/com.sec.android.app.launcher.activities.LauncherActivity}: viewVisibility=8 req=1440x3088 d0
09-25 13:19:18.473  3108  4643 D SemNscXgbMsL1: Probability - Cloud gaming: [0.023247164]
09-25 13:19:18.474  3108  4643 D SemNscXgbMsL1: Probability - Real time: [0.5172279]
09-25 13:19:18.474  3108  4643 D SemNscXgbMsL1: Probability - Non real time: [0.20871139]
09-25 13:19:18.474  3108  4643 D SemNscXgbMsL1: 1 sample inference time: 0.799323 msecs
09-25 13:19:18.474  3108  4643 D SemNscXgbL2Rt: L2 RT 1 sample inference time: 0.547709 msecs
09-25 13:19:18.475  3108  4606 V WindowManager: Relayout hash=294099b, pid=21794, syncId=-1: mAttrs={(0,0)(fillxfill) gr=LEFT CENTER_HORIZONTAL sim={adjust=resize} layoutInDisplayCutoutMode=shortEdges ty=DRAWN_APPLICATION fmt=TRANSPARENT wanim=0x10302f4 alpha=0.0
09-25 13:19:18.475  3108  4606 V WindowManager:   fl=81850118
09-25 13:19:18.475  3108  4606 V WindowManager:   pfl=16020040
09-25 13:19:18.475  3108  4606 V WindowManager:   bhv=DEFAULT
09-25 13:19:18.475  3108  4606 V WindowManager:   fitSides=
09-25 13:19:18.475  3108  4606 V WindowManager:  dimAmount=0.0 naviIconColor=0}
09-25 13:19:18.475  5369  5369 I ViewRootImpl@7533534[LauncherActivity]: stopped(true) old = false
09-25 13:19:18.475  5369  5369 I ViewRootImpl@7533534[LauncherActivity]: WindowStopped on com.sec.android.app.launcher/com.sec.android.app.launcher.activities.LauncherActivity set to true
09-25 13:19:18.476  5369  5369 I Launcher: !@Boot_DEBUG: Launcher.onStop()
09-25 13:19:18.476  5369  5369 I Launcher: !@Boot_EBS_D: Launcher.onStop()
09-25 13:19:18.476  5369  5369 I BaseActivity: removeActivityFlags, flags : 17
09-25 13:19:18.476  5369  5369 I WallpaperBlurController: dispatchTransactionSurface: mCurrentBlur = 150
09-25 13:19:18.476 21794 21794 I ViewRootImpl@888ef3d[LauncherActivity]: Relayout returned: old=(0,0,1440,3088) new=(0,0,1440,3088) req=(1440,3088)8 dur=7 res=0x2 s={false 0x0} ch=true seqId=0
09-25 13:19:18.477  5369  5369 W LauncherAppWidgetHost: setShouldListenFlag, mFlags:7 flag:start on:false isFront:false
09-25 13:19:18.477  3108  4643 D SemNscXgbL2Nrt: L2 NRT 1 sample inference time: 2.694844 msecs
09-25 13:19:18.477  5369  5741 I IMM_LC  : hsifw() - flag : 0
09-25 13:19:18.477  5369  5741 I IMM_LC  : hsifw() - mService.hideSoftInput
09-25 13:19:18.477  3108  6456 I AppWidgetServiceImpl: stopListening callbacks : null
09-25 13:19:18.477  5369  5369 W LauncherAppWidgetHost: stopListening, mFlags:2 isFront:false
09-25 13:19:18.477  5369  5369 W Launcher.NotificationListener: removeNotificationsChangedListener
09-25 13:19:18.477  5369  5369 I Launcher.NotificationListener: unregisterObserver, this is not notificationService!!
09-25 13:19:18.478  5369  5369 I BadgeCountUpdaterImpl: onNotificationsChangedDisConnected
09-25 13:19:18.480  5369  5369 I MSHandlerLifeCycle: removeMultiSplitHandler: no exist. decor=DecorView@ac62e93[LauncherActivity]
09-25 13:19:18.482  5369  5752 I LiveIconUpdateEventHandler: cancelDateChangeAlarm
09-25 13:19:18.482  5369  5752 I LiveIconUpdateEventHandler: cancelMinuteChangeAlarm
09-25 13:19:18.485  6586 10126 I SAMSUNGWALLET: [Hint_ProcessStatusChange] fg Change, pid : 5369 , isNotify : true , isForeground : false , fg list : []
09-25 13:19:18.485  6586 10126 I SAMSUNGWALLET: [ProcessStatusChange] fg Change, pid : 5369 , isNotify : true , isForeground : false , fg list : []
09-25 13:19:18.485  6586 17206 I SAMSUNGWALLET: [Hint_ProcessStatusChange] fg Change, pid : 5369 , isNotify : true , isForeground : false , fg list : []
09-25 13:19:18.485  6586 17206 I SAMSUNGWALLET: [ProcessStatusChange] fg Change, pid : 5369 , isNotify : true , isForeground : false , fg list : []
09-25 13:19:18.485  6586  7522 I SAMSUNGWALLET: [ResetData] getSAResetDialogFlag : false
09-25 13:19:18.486  6586 25742 I SAMSUNGWALLET: [Hint_ProcessStatusChange] fg Change, pid : 5369 , isNotify : true , isForeground : false , fg list : []
09-25 13:19:18.486  6586 25742 I SAMSUNGWALLET: [ProcessStatusChange] fg Change, pid : 5369 , isNotify : true , isForeground : false , fg list : []
09-25 13:19:18.486  6586  7669 I SAMSUNGWALLET: [ProcessMonitor] App went to background.
09-25 13:19:18.487  6586  7522 I SAMSUNGWALLET: [Hint_e] isHomePackageRunning topPkgName = com.example.dogglers, topClsName = com.example.dogglers.HorizontalListActivity, return false , se : false
09-25 13:19:18.487  6586  7522 I SAMSUNGWALLET: [ResetData] getSAResetDialogFlag : false
09-25 13:19:18.487  1914  1914 I Layer   : id=161901 removedFromDrawingState com.sec.android.app.launcher/com.sec.android.app.launcher.activities.LauncherActivity$_21794#161901 (340)
09-25 13:19:18.488  1914  1914 I Layer   : id=161898 removedFromDrawingState com.sec.android.app.launcher/com.sec.android.app.launcher.activities.LauncherActivity$_5369#161898 (340)
09-25 13:19:18.488  1914  1914 I SurfaceFlinger: id=161898 Removed com.sec.android.app.launcher/com.sec.android.app.launcher.activities.LauncherActivity$_5369#161898 (340)
09-25 13:19:18.488  1914  1914 I SurfaceFlinger: id=161901 Removed com.sec.android.app.launcher/com.sec.android.app.launcher.activities.LauncherActivity$_21794#161901 (340)
09-25 13:19:18.488  6586  6586 I SAMSUNGWALLET: [Hint_PayHintService] Hint Status - already invisible, skip hide : [4000000] - Home Package Not Running
09-25 13:19:18.488  1914  1914 I Layer   : id=161898 Destroyed com.sec.android.app.launcher/com.sec.android.app.launcher.activities.LauncherActivity$_5369#161898
09-25 13:19:18.488  1914  1914 I Layer   : id=161901 Destroyed com.sec.android.app.launcher/com.sec.android.app.launcher.activities.LauncherActivity$_21794#161901
09-25 13:19:18.489  6586  7669 I SAMSUNGWALLET: [ProcessMonitor] App went to background.
09-25 13:19:18.490  6586  7522 I SAMSUNGWALLET: [Hint_e] isHomePackageRunning topPkgName = com.example.dogglers, topClsName = com.example.dogglers.HorizontalListActivity, return false , se : false
09-25 13:19:18.490  6586  6586 I SAMSUNGWALLET: [Hint_PayHintService] Hint Status - already invisible, skip hide : [4000000] - Home Package Not Running
09-25 13:19:18.490  6586  7669 I SAMSUNGWALLET: [ProcessMonitor] App went to background.
09-25 13:19:18.491  6586  7522 I SAMSUNGWALLET: [ResetData] getSAResetDialogFlag : false
09-25 13:19:18.493  6586  7522 I SAMSUNGWALLET: [Hint_e] isHomePackageRunning topPkgName = com.example.dogglers, topClsName = com.example.dogglers.HorizontalListActivity, return false , se : false
09-25 13:19:18.493  6586  6586 I SAMSUNGWALLET: [Hint_PayHintService] Hint Status - already invisible, skip hide : [4000000] - Home Package Not Running
09-25 13:19:18.502  3108  4153 I HqmInfo::HqmManagerService: MSG_TYPE:MSG_TYPE_PROCESS_LOG_BY_HQM
09-25 13:19:18.532  8423  8423 I Utils   : isCurrentUser current = 0, ownerId = 0
09-25 13:19:18.532  8423  8423 I TrayVisibilityController: getComputedTrayVisible : keyguardState = 1
09-25 13:19:18.532  8423  8423 I TrayVisibilityController: updateTrayVisible: State=1 visible=1 mCurrentVisible=1 specificMode=0
09-25 13:19:18.532  8423  8423 I TrayStateController: onNotifyUpdateTray: state=0
09-25 13:19:18.534  5639  5639 I ViewInteraction: Checking 'MatchesViewAssertion{viewMatcher=(view has effective visibility <VISIBLE> and view.getGlobalVisibleRect() to return non-empty rectangle)}' assertion on view view.getId() is <2131230945/com.example.dogglers:id/horizontal_recycler_view>
09-25 13:19:18.537  3108  3230 I ChimeraSystemEventListener: appLaunchIntent package name is: com.example.dogglers
09-25 13:19:18.538  3108  9815 I SemDvfsHyPerManager: acquire hyper - AMS_ACT_START/3108@18, type = -999
09-25 13:19:18.539  1809  1855 I HYPER-HAL: [RequestManager.cpp]acquire(): Acquired ID : 4887519  [3108 / 18]    HINT : AMS_ACT_START    list :
09-25 13:19:18.540  1914  2140 I SurfaceFlinger: id=161973 createSurf, flag=80004, ActivityRecord{c32c07c u0 com.example.dogglers/androidx.test.core.app.InstrumentationActivityInvoker$EmptyActivity} t7106}#161973
09-25 13:19:18.545  5759  5759 E pageboostd: Received HALT command code 2
09-25 13:19:18.546  5639  5639 D LifecycleMonitor: Lifecycle status change: com.example.dogglers.HorizontalListActivity@413f6cc in: PAUSED
09-25 13:19:18.546  5639  5639 V ActivityScenario: Activity lifecycle changed event received but ignored because the intent does not match. startActivityIntent=Intent { act=android.intent.action.MAIN cat=[android.intent.category.LAUNCHER] cmp=com.example.dogglers/.MainActivity }, activity.getIntent()=Intent { cmp=com.example.dogglers/.HorizontalListActivity }, activity=com.example.dogglers.HorizontalListActivity@413f6cc
09-25 13:19:18.550  3108  4074 D InputDispatcher: Focused application(0): ActivityRecord{c32c07c u0 com.example.dogglers/androidx.test.core.app.InstrumentationActivityInvoker$EmptyActivity} t7106}
09-25 13:19:18.551  5639  5656 I xample.dogglers: Compiler allocated 6133KB to compile void android.view.ViewRootImpl.performTraversals()
09-25 13:19:18.551  3108 29076 D RemoteAppTaskWatcher:  ****** RemoteAppTaskWatcher: Message Received 5 Task ID = 0
09-25 13:19:18.553  3108  3230 I SemPersonaManager: SecureFolder personaId = 150
09-25 13:19:18.554  5639  5639 D LifecycleMonitor: Lifecycle status change: androidx.test.core.app.InstrumentationActivityInvoker$EmptyActivity@dba569f in: PRE_ON_CREATE
09-25 13:19:18.554  1914  1914 I SurfaceFlinger: [159d1bb com.example.dogglers/com.example.dogglers.HorizontalListActivity#161957] FrameRatePriority: -1
09-25 13:19:18.554  5639  5639 V ActivityScenario: Activity lifecycle changed event received but ignored because the intent does not match. startActivityIntent=Intent { act=android.intent.action.MAIN cat=[android.intent.category.LAUNCHER] cmp=com.example.dogglers/.MainActivity }, activity.getIntent()=Intent { act=android.intent.action.MAIN cat=[android.intent.category.LAUNCHER] flg=0x10000000 cmp=com.example.dogglers/androidx.test.core.app.InstrumentationActivityInvoker$EmptyActivity }, activity=androidx.test.core.app.InstrumentationActivityInvoker$EmptyActivity@dba569f
09-25 13:19:18.556 15715 18710 I WindowsLink: (TaskInfoManager) +++++++++++onRecentTaskStackUpdated
09-25 13:19:18.557  5639  5639 I DecorView: [INFO] isPopOver=false config=true
09-25 13:19:18.557  5639  5639 I DecorView: updateCaptionType: isFloating=false isApplication=true hasWindowDecorCaption=false this=DecorView@f032a4a[]
09-25 13:19:18.557  5639  5639 D DecorView: setCaptionType = 0, this = DecorView@f032a4a[]
09-25 13:19:18.558  3108  3230 D EnterpriseDeviceManagerService: isMdmAdminPresentInternal() : MDM Admin Found - com.samsung.knox.securefolder
09-25 13:19:18.558  5639  5639 I DecorView: getCurrentDensityDpi: from real metrics. densityDpi=560 msg=resources_loaded
09-25 13:19:18.558  5639  5639 I DecorView: setWindowBackground: isPopOver=false color=ff010101 d=android.graphics.drawable.StateListDrawable@a77bdbb
09-25 13:19:18.558  5639  5639 D LifecycleMonitor: Lifecycle status change: androidx.test.core.app.InstrumentationActivityInvoker$EmptyActivity@dba569f in: CREATED
09-25 13:19:18.559  5639  5639 V ActivityScenario: Activity lifecycle changed event received but ignored because the intent does not match. startActivityIntent=Intent { act=android.intent.action.MAIN cat=[android.intent.category.LAUNCHER] cmp=com.example.dogglers/.MainActivity }, activity.getIntent()=Intent { act=android.intent.action.MAIN cat=[android.intent.category.LAUNCHER] flg=0x10000000 cmp=com.example.dogglers/androidx.test.core.app.InstrumentationActivityInvoker$EmptyActivity }, activity=androidx.test.core.app.InstrumentationActivityInvoker$EmptyActivity@dba569f
09-25 13:19:18.559  5639  5639 D LifecycleMonitor: Lifecycle status change: androidx.test.core.app.InstrumentationActivityInvoker$EmptyActivity@dba569f in: STARTED
09-25 13:19:18.559  5639  5639 V ActivityScenario: Activity lifecycle changed event received but ignored because the intent does not match. startActivityIntent=Intent { act=android.intent.action.MAIN cat=[android.intent.category.LAUNCHER] cmp=com.example.dogglers/.MainActivity }, activity.getIntent()=Intent { act=android.intent.action.MAIN cat=[android.intent.category.LAUNCHER] flg=0x10000000 cmp=com.example.dogglers/androidx.test.core.app.InstrumentationActivityInvoker$EmptyActivity }, activity=androidx.test.core.app.InstrumentationActivityInvoker$EmptyActivity@dba569f
09-25 13:19:18.559  8423  8423 I ActivityUtils: HomePackage : com.sec.android.app.launcher, resumePackageName : com.example.dogglers
09-25 13:19:18.559  3108  6142 I MediaSessionMonitor: Media session stopped : controllerList empty
09-25 13:19:18.560  5639  5639 D LifecycleMonitor: Lifecycle status change: androidx.test.core.app.InstrumentationActivityInvoker$EmptyActivity@dba569f in: RESUMED
09-25 13:19:18.560  5639  5639 V ActivityScenario: Activity lifecycle changed event received but ignored because the intent does not match. startActivityIntent=Intent { act=android.intent.action.MAIN cat=[android.intent.category.LAUNCHER] cmp=com.example.dogglers/.MainActivity }, activity.getIntent()=Intent { act=android.intent.action.MAIN cat=[android.intent.category.LAUNCHER] flg=0x10000000 cmp=com.example.dogglers/androidx.test.core.app.InstrumentationActivityInvoker$EmptyActivity }, activity=androidx.test.core.app.InstrumentationActivityInvoker$EmptyActivity@dba569f
09-25 13:19:18.560  5639  5639 I MSHandlerLifeCycle: check: return. pkg=com.example.dogglers parent=null callers=com.android.internal.policy.DecorView.setVisibility:4412 android.app.ActivityThread.handleResumeActivity:5476 android.app.servertransaction.ResumeActivityItem.execute:54 android.app.servertransaction.ActivityTransactionItem.execute:45 android.app.servertransaction.TransactionExecutor.executeLifecycleState:176
09-25 13:19:18.560  5639  5639 I MSHandlerLifeCycle: removeMultiSplitHandler: no exist. decor=DecorView@f032a4a[]
09-25 13:19:18.561  5639  5729 D NativeCustomFrequencyManager: [NativeCFMS] BpCustomFrequencyManager::BpCustomFrequencyManager()
09-25 13:19:18.563  3108  4074 D InputTransport: Input channel constructed: '395317b', fd=1337
09-25 13:19:18.563  3108  4074 D InputTransport: Input channel constructed: '395317b', fd=1353
09-25 13:19:18.563  3108  4074 D InputTransport: Input channel constructed: '395317b', fd=1354
09-25 13:19:18.563  1914  3193 I SurfaceFlinger: id=161974 createSurf, flag=80004, 395317b com.example.dogglers/androidx.test.core.app.InstrumentationActivityInvoker$EmptyActivity#161974
09-25 13:19:18.564  3108  9815 D InputDispatcher: Focus request (0): <null> but waiting because NOT_FOCUSABLE
09-25 13:19:18.564  3108  9815 D InputDispatcher: Focus left window (0): 159d1bb com.example.dogglers/com.example.dogglers.HorizontalListActivity
09-25 13:19:18.564  3108  4074 D InputTransport: Input channel destroyed: '395317b', fd=1354
