09-25 13:19:27.252  5639  5703 I TestRunner: started: recycler_view_item_count(com.example.dogglers.HorizontalListTests)
09-25 13:19:27.255  5639  5703 W Settings: Setting always_finish_activities has moved from android.provider.Settings.System to android.provider.Settings.Global, returning read-only value.
09-25 13:19:27.259  3108  3230 I ChimeraSystemEventListener: appLaunchIntent package name is: com.example.dogglers
09-25 13:19:27.260  3108  5688 I SemDvfsHyPerManager: acquire hyper - AMS_APP_SWITCH/3108@23, type = -999
09-25 13:19:27.261  3108 29076 D RemoteAppTaskWatcher:  ****** RemoteAppTaskWatcher: Message Received 0 Task ID = 7116
09-25 13:19:27.261  1809  1855 I HYPER-HAL: [RequestManager.cpp]acquire(): Acquired ID : 4903169  [3108 / 23]    HINT : AMS_APP_SWITCH    list :
09-25 13:19:27.261  1914  2139 I SurfaceFlinger: id=162385 createSurf, flag=24004, Task=7116#162385
09-25 13:19:27.261  8328  8328 I SemDvfsHyPerManager: acquire hyper - APP_START_SHORT/8328@19, type = -999
09-25 13:19:27.263  1914  2139 I SurfaceFlinger: id=162386 createSurf, flag=80004, ActivityRecord{9faa161 u0 com.example.dogglers/androidx.test.core.app.InstrumentationActivityInvoker$BootstrapActivity} t7116}#162386
09-25 13:19:27.264  1809  1855 I HYPER-HAL: [RequestManager.cpp]acquire(): Acquired ID : 34840397  [8328 / 19]    HINT : APP_START_LOW_HEAT    list : [TIMEOUT / 1500]
09-25 13:19:27.267  2229  4076 I CameraService: onUidStateChanged: uid=10042, procState is changed. (0 -> 1)
09-25 13:19:27.267  3108  6474 I SemDvfsHyPerManager: acquire hyper - AMS_APP_LAUNCH/3108@19, type = -999
09-25 13:19:27.267  5759  5759 E pageboostd: Received HALT command code 2
09-25 13:19:27.267  1809  1855 I HYPER-HAL: [RequestManager.cpp]acquire(): Acquired ID : 4890647  [3108 / 19]    HINT : AMS_APP_LAUNCH    list :
09-25 13:19:27.267  8328  8328 I SemDvfsHyPerManager: acquire hyper - APP_START/8328@21, type = -999
09-25 13:19:27.267  4768  4851 D NativeCustomFrequencyManager: [NativeCFMS] BpCustomFrequencyManager::BpCustomFrequencyManager()
09-25 13:19:27.268  3108 29076 D RemoteAppTaskWatcher:  ****** RemoteAppTaskWatcher: Message Received 4 Task ID = 7116
09-25 13:19:27.269  3108 29076 D RemoteAppTaskWatcher:  ****** RemoteAppTaskWatcher: Message Received 0 Task ID = 7116
09-25 13:19:27.269  1809  6345 I HYPER-HAL: [RequestManager.cpp]releaseLocked(): Released ID : 4890647
09-25 13:19:27.270  3108  4606 D InputTransport: Input channel constructed: '6f9fce0', fd=1058
09-25 13:19:27.270  3108  4606 D InputTransport: Input channel constructed: '6f9fce0', fd=1065
09-25 13:19:27.270  3108  4606 D InputTransport: Input channel constructed: '6f9fce0', fd=1132
09-25 13:19:27.270  1914  2139 I SurfaceFlinger: id=162387 createSurf, flag=80004, 6f9fce0 Splash Screen com.example.dogglers#162387
09-25 13:19:27.271  3108  4606 D InputTransport: Input channel destroyed: '6f9fce0', fd=1132
09-25 13:19:27.271  5369  5369 I BaseActivity: removeActivityFlags, flags : 16
09-25 13:19:27.271  4768  4843 D InsetsController: onStateChanged: InsetsState: {mDisplayFrame=Rect(0, 0 - 1440, 3088), mDisplayCutout=DisplayCutout{insets=Rect(0, 100 - 0, 0) waterfall=Insets{left=0, top=0, right=0, bottom=0} boundingRect={Bounds=[Rect(0, 0 - 0, 0), Rect(685, 0 - 756, 100), Rect(0, 0 - 0, 0), Rect(0, 0 - 0, 0)]} cutoutPathParserInfo={CutoutPathParserInfo{displayWidth=1440 displayHeight=3088 physicalDisplayWidth=1440 physicalDisplayHeight=3088 density={3.75} cutoutSpec={M 0,0 H -9.466666666666667 V 26.66666666666667‬ H 9.466666666666667 V 0 H 0 Z @dp} rotation={0} scale={1.0} physicalPixelDisplaySizeRatio={1.0}}}}, mRoundedCorners=RoundedCorners{[RoundedCorner{position=TopLeft, radius=14, center=Point(14, 14)}, RoundedCorner{position=TopRight, radius=14, center=Point(1426, 14)}, RoundedCorner{position=BottomRight, radius=14, center=Point(1426, 3074)}, RoundedCorner{position=BottomLeft, radius=14, center=Point(14, 3074)}]}  mRoundedCornerFrame=Rect(0, 0 - 1440, 3088), mPrivacyIndicatorBounds=PrivacyIndicatorBounds {static bounds=Rect(1286, 0 - 1440, 100) rotation=0}, mSources= { InsetsSource: {mType=ITYPE_STATUS_BAR, mFrame=[0,0][1440,100], mVisible=true, mInsetsRoundedCornerFrame=false}, InsetsSource: {mType=ITYPE_NAVIGATION_BAR, mFrame=[0,3088][1440,3088], mVisible=true, mInsetsRoundedCornerFrame=false}, InsetsSource: {mType=ITYPE_LEFT_GESTURES, mFrame=[0,0][0,3088], mVisible=true, mInsetsRoundedCornerFrame=false}, InsetsSource: {mType=ITYPE_RIGHT_GESTURES, mFrame=[1440,0][1440,3088], mVisible=true, mInsetsRoundedCornerFrame=false}, InsetsSource: {mType=ITYPE_TOP_MANDATORY_GESTURES, mFrame=[0,0][1440,142], mVisible=true, mInsetsRoundedCornerFrame=false}, InsetsSource: {mType=ITYPE_BOTTOM_MANDATORY_GESTURES, mFrame=[0,3018][1440,3088], mVisible=true, mInsetsRoundedCornerFrame=false}, InsetsSource: {mType=ITYPE_LEFT_DISPLAY_CUTOUT, mFrame=[0,0][-100000,3088], mVisible=true, mInsetsRoundedCornerFrame=false}, InsetsSource: {mType=ITYPE_TOP_DISPLAY_CUTOUT, mFrame=[0,0][1440,100], mVisible=true, mInsetsRoundedCornerFrame=false}, InsetsSource: {mType=ITYPE_RIGHT_DISPLAY_CUTOUT, mFrame=[100000,0][1440,3088], mVisible=true, mInsetsRoundedCornerFrame=false}, InsetsSource: {mType=ITYPE_BOTTOM_DISPLAY_CUTOUT, mFrame=[0,100000][1440,3088], mVisible=true, mInsetsRoundedCornerFrame=false}, InsetsSource: {mType=ITYPE_TOP_TAPPABLE_ELEMENT, mFrame=[0,0][1440,100], mVisible=true, mInsetsRoundedCornerFrame=false}, InsetsSource: {mType=ITYPE_BOTTOM_TAPPABLE_ELEMENT, mFrame=[0,0][0,0], mVisible=true, mInsetsRoundedCornerFrame=false} } host=Splash Screen com.example.dogglers from=android.view.ViewRootImpl.setView:1732
09-25 13:19:27.271  5369  5369 I BaseActivity: removeActivityFlags, flags : 6
09-25 13:19:27.271  5369  5369 I DragController: endDrag
09-25 13:19:27.271  5369  5369 W LauncherAppWidgetHost: setShouldListenFlag, mFlags:15 flag:resume on:false isFront:false
09-25 13:19:27.272  5369  5369 I SPayUpdater: updateSpayHandler launcher activity is paused false
09-25 13:19:27.272  5369 11129 I WidgetRotationImpl: unsubscribeWidgetFocus 80
09-25 13:19:27.272  1809  1855 I HYPER-HAL: [RequestManager.cpp]acquire(): Acquired ID : 34857096  [8328 / 21]    HINT : APP_START_LOW_HEAT    list :
09-25 13:19:27.273  5369 11129 I IntelligentPlatformManagerImpl: unsubscribeWidgetFocus() id : 80
09-25 13:19:27.276  3108  6266 D InputDispatcher: Focused application(0): ActivityRecord{9faa161 u0 com.example.dogglers/androidx.test.core.app.InstrumentationActivityInvoker$BootstrapActivity} t7116}
09-25 13:19:27.278  3108 29076 D RemoteAppTaskWatcher:  ****** RemoteAppTaskWatcher: Message Received 5 Task ID = 0
09-25 13:19:27.280  5369  5369 I TopTaskTracker: onTaskMovedToFront : taskId = 7116
09-25 13:19:27.280  1914  1914 I SurfaceFlinger: [c7375dc com.sec.android.app.launcher/com.sec.android.app.launcher.activities.LauncherActivity#176] FrameRatePriority: -1
09-25 13:19:27.281  3108  4605 D AS.MultiSoundManager: mForegroundUid = 10577
09-25 13:19:27.282  4768  4843 I ViewRootImpl@282491d[dogglers]: setView = android.widget.FrameLayout@fff5a19 TM=true
09-25 13:19:27.282  5639  5639 D LifecycleMonitor: Lifecycle status change: androidx.test.core.app.InstrumentationActivityInvoker$BootstrapActivity@d0ca479 in: PRE_ON_CREATE
09-25 13:19:27.282  5639  5639 V ActivityScenario: Activity lifecycle changed event received but ignored because the intent does not match. startActivityIntent=Intent { act=android.intent.action.MAIN cat=[android.intent.category.LAUNCHER] cmp=com.example.dogglers/.HorizontalListActivity }, activity.getIntent()=Intent { act=android.intent.action.MAIN cat=[android.intent.category.LAUNCHER] flg=0x10008000 cmp=com.example.dogglers/androidx.test.core.app.InstrumentationActivityInvoker$BootstrapActivity (has extras) }, activity=androidx.test.core.app.InstrumentationActivityInvoker$BootstrapActivity@d0ca479
09-25 13:19:27.283  4768  4843 I ViewRootImpl@282491d[dogglers]: performTraversals params={(0,0)(fillxfill) sim={adjust=pan} ty=APPLICATION_STARTING fmt=TRANSLUCENT wanim=0x1030001
09-25 13:19:27.283  4768  4843 I ViewRootImpl@282491d[dogglers]:   fl=81030118
09-25 13:19:27.283  4768  4843 I ViewRootImpl@282491d[dogglers]:   pfl=16000010
09-25 13:19:27.283  4768  4843 I ViewRootImpl@282491d[dogglers]:   bhv=DEFAULT
09-25 13:19:27.283  4768  4843 I ViewRootImpl@282491d[dogglers]:   fitSides= naviIconColor=0}
09-25 13:19:27.283  4768  4843 I ViewRootImpl@282491d[dogglers]: performTraversals mFirst=true windowShouldResize=true viewVisibilityChanged=false mForceNextWindowRelayout=false params={(0,0)(fillxfill) sim={adjust=pan} ty=APPLICATION_STARTING fmt=TRANSLUCENT wanim=0x1030001
09-25 13:19:27.283  4768  4843 I ViewRootImpl@282491d[dogglers]:   fl=81030118
09-25 13:19:27.283  4768  4843 I ViewRootImpl@282491d[dogglers]:   pfl=16000010
09-25 13:19:27.283  4768  4843 I ViewRootImpl@282491d[dogglers]:   bhv=DEFAULT
09-25 13:19:27.283  4768  4843 I ViewRootImpl@282491d[dogglers]:   fitSides= naviIconColor=0}
09-25 13:19:27.285  3108  6474 V WindowManager: Relayout Window{6f9fce0 u0 Splash Screen com.example.dogglers}: viewVisibility=0 req=1440x3088 d0
09-25 13:19:27.285  1914  4196 I SurfaceFlinger: id=162388 createSurf, flag=40004, Splash Screen com.example.dogglers$_4768#162388
09-25 13:19:27.285  6586 10126 I SAMSUNGWALLET: [Hint_ProcessStatusChange] fg Change, pid : 5639 , isNotify : false , isForeground : true , fg list : []
09-25 13:19:27.285  6586 10126 I SAMSUNGWALLET: [ProcessStatusChange] fg Change, pid : 5639 , isNotify : false , isForeground : true , fg list : []
09-25 13:19:27.287 15715 15751 I WindowsLink: (TaskInfoManager) +++++++++++onRecentTaskStackUpdated
09-25 13:19:27.287  6586 25742 I SAMSUNGWALLET: [Hint_ProcessStatusChange] fg Change, pid : 5639 , isNotify : false , isForeground : true , fg list : []
09-25 13:19:27.287  6586 10126 I SAMSUNGWALLET: [Hint_ProcessStatusChange] fg Change, pid : 5639 , isNotify : false , isForeground : true , fg list : []
09-25 13:19:27.288  6586 25742 I SAMSUNGWALLET: [ProcessStatusChange] fg Change, pid : 5639 , isNotify : false , isForeground : true , fg list : []
09-25 13:19:27.288  6586 10126 I SAMSUNGWALLET: [ProcessStatusChange] fg Change, pid : 5639 , isNotify : false , isForeground : true , fg list : []
09-25 13:19:27.288  3108  6474 V WindowManager: Relayout hash=6f9fce0, pid=4768, syncId=-1: mAttrs={(0,0)(fillxfill) sim={adjust=pan} ty=APPLICATION_STARTING fmt=TRANSLUCENT wanim=0x1030001
09-25 13:19:27.288  3108  6474 V WindowManager:   fl=81030118
09-25 13:19:27.288  3108  6474 V WindowManager:   pfl=16000010
09-25 13:19:27.288  3108  6474 V WindowManager:   bhv=DEFAULT
09-25 13:19:27.288  3108  6474 V WindowManager:   fitSides= naviIconColor=0}
09-25 13:19:27.289  4768  4843 D InsetsController: onStateChanged: InsetsState: {mDisplayFrame=Rect(0, 0 - 1440, 3088), mDisplayCutout=DisplayCutout{insets=Rect(0, 100 - 0, 0) waterfall=Insets{left=0, top=0, right=0, bottom=0} boundingRect={Bounds=[Rect(0, 0 - 0, 0), Rect(685, 0 - 756, 100), Rect(0, 0 - 0, 0), Rect(0, 0 - 0, 0)]} cutoutPathParserInfo={CutoutPathParserInfo{displayWidth=1440 displayHeight=3088 physicalDisplayWidth=1440 physicalDisplayHeight=3088 density={3.75} cutoutSpec={M 0,0 H -9.466666666666667 V 26.66666666666667‬ H 9.466666666666667 V 0 H 0 Z @dp} rotation={0} scale={1.0} physicalPixelDisplaySizeRatio={1.0}}}}, mRoundedCorners=RoundedCorners{[RoundedCorner{position=TopLeft, radius=14, center=Point(14, 14)}, RoundedCorner{position=TopRight, radius=14, center=Point(1426, 14)}, RoundedCorner{position=BottomRight, radius=14, center=Point(1426, 3074)}, RoundedCorner{position=BottomLeft, radius=14, center=Point(14, 3074)}]}  mRoundedCornerFrame=Rect(0, 0 - 1440, 3088), mPrivacyIndicatorBounds=PrivacyIndicatorBounds {static bounds=Rect(1286, 0 - 1440, 100) rotation=0}, mSources= { InsetsSource: {mType=ITYPE_STATUS_BAR, mFrame=[0,0][1440,100], mVisible=true, mInsetsRoundedCornerFrame=false}, InsetsSource: {mType=ITYPE_NAVIGATION_BAR, mFrame=[0,3088][1440,3088], mVisible=true, mInsetsRoundedCornerFrame=false}, InsetsSource: {mType=ITYPE_LEFT_GESTURES, mFrame=[0,0][0,3088], mVisible=true, mInsetsRoundedCornerFrame=false}, InsetsSource: {mType=ITYPE_RIGHT_GESTURES, mFrame=[1440,0][1440,3088], mVisible=true, mInsetsRoundedCornerFrame=false}, InsetsSource: {mType=ITYPE_TOP_MANDATORY_GESTURES, mFrame=[0,0][1440,142], mVisible=true, mInsetsRoundedCornerFrame=false}, InsetsSource: {mType=ITYPE_BOTTOM_MANDATORY_GESTURES, mFrame=[0,3018][1440,3088], mVisible=true, mInsetsRoundedCornerFrame=false}, InsetsSource: {mType=ITYPE_LEFT_DISPLAY_CUTOUT, mFrame=[0,0][-100000,3088], mVisible=true, mInsetsRoundedCornerFrame=false}, InsetsSource: {mType=ITYPE_TOP_DISPLAY_CUTOUT, mFrame=[0,0][1440,100], mVisible=true, mInsetsRoundedCornerFrame=false}, InsetsSource: {mType=ITYPE_RIGHT_DISPLAY_CUTOUT, mFrame=[100000,0][1440,3088], mVisible=true, mInsetsRoundedCornerFrame=false}, InsetsSource: {mType=ITYPE_BOTTOM_DISPLAY_CUTOUT, mFrame=[0,100000][1440,3088], mVisible=true, mInsetsRoundedCornerFrame=false}, InsetsSource: {mType=ITYPE_TOP_TAPPABLE_ELEMENT, mFrame=[0,0][1440,100], mVisible=true, mInsetsRoundedCornerFrame=false}, InsetsSource: {mType=ITYPE_BOTTOM_TAPPABLE_ELEMENT, mFrame=[0,0][0,0], mVisible=true, mInsetsRoundedCornerFrame=false}, InsetsSource: {mType=ITYPE_IME, mFrame=[0,0][0,0], mVisibleFrame=[0,3088][1440,3088], mVisible=false, mInsetsRoundedCornerFrame=false} } host=Splash Screen com.example.dogglers from=android.view.ViewRootImpl.relayoutWindow:9802
09-25 13:19:27.289  4768  4843 I ViewRootImpl@282491d[dogglers]: updateBlastSurfaceIfNeeded mBlastBufferQueue=null isSameSurfaceControl=false
09-25 13:19:27.290  3108  6266 D InputDispatcher: Focus request (0): <null> but waiting because NOT_FOCUSABLE
09-25 13:19:27.290  3108  6266 D InputDispatcher: Focus left window (0): c7375dc com.sec.android.app.launcher/com.sec.android.app.launcher.activities.LauncherActivity
09-25 13:19:27.290  4768  4843 I BLASTBufferQueue: new BLASTBufferQueue, mName= ViewRootImpl@282491d[dogglers] mNativeObject= 0xb400007705019c80 sc.mNativeObject= 0xb400007721bd2020 caller= android.view.ViewRootImpl.updateBlastSurfaceIfNeeded:2909 android.view.ViewRootImpl.relayoutWindow:9847 android.view.ViewRootImpl.performTraversals:3884 android.view.ViewRootImpl.doTraversal:3116 android.view.ViewRootImpl$TraversalRunnable.run:10885 android.view.Choreographer$CallbackRecord.run:1301 android.view.Choreographer$CallbackRecord.run:1309 android.view.Choreographer.doCallbacks:923 android.view.Choreographer.doFrame:852 android.view.Choreographer$FrameDisplayEventReceiver.run:1283
09-25 13:19:27.290  4768  4843 I BLASTBufferQueue: update, w= 1440 h= 3088 mName = ViewRootImpl@282491d[dogglers] mNativeObject= 0xb400007705019c80 sc.mNativeObject= 0xb400007721bd2020 format= -3 caller= android.graphics.BLASTBufferQueue.<init>:84 android.view.ViewRootImpl.updateBlastSurfaceIfNeeded:2909 android.view.ViewRootImpl.relayoutWindow:9847 android.view.ViewRootImpl.performTraversals:3884 android.view.ViewRootImpl.doTraversal:3116 android.view.ViewRootImpl$TraversalRunnable.run:10885
09-25 13:19:27.290  5639  5639 I DecorView: [INFO] isPopOver=false config=true
09-25 13:19:27.290  4768  4843 I ViewRootImpl@282491d[dogglers]: Relayout returned: old=(0,0,1440,3088) new=(0,0,1440,3088) req=(1440,3088)0 dur=6 res=0x3 s={true 0xb400007701326800} ch=true seqId=0
09-25 13:19:27.290  5639  5639 I DecorView: updateCaptionType: isFloating=false isApplication=true hasWindowDecorCaption=false this=DecorView@8d24d6c[]
09-25 13:19:27.290  5639  5639 D DecorView: setCaptionType = 0, this = DecorView@8d24d6c[]
09-25 13:19:27.290  4768  4843 I ViewRootImpl@282491d[dogglers]: performConfigurationChange setNightDimText nightDimLevel=0
09-25 13:19:27.290  4768  4843 I ViewRootImpl@282491d[dogglers]: mThreadedRenderer.initialize() mSurface={isValid=true 0xb400007701326800} hwInitialized=true
09-25 13:19:27.290  4768  4851 D OpenGLRenderer: eglCreateWindowSurface
09-25 13:19:27.291  5639  5639 I DecorView: getCurrentDensityDpi: from real metrics. densityDpi=560 msg=resources_loaded
09-25 13:19:27.291  5369  5369 I ViewRootImpl@7533534[LauncherActivity]: MSG_WINDOW_FOCUS_CHANGED 0 0
09-25 13:19:27.291  5639  5639 I DecorView: setWindowBackground: isPopOver=false color=ff010101 d=android.graphics.drawable.StateListDrawable@2aa0f35
09-25 13:19:27.291  5369  5369 I BaseActivity: removeActivityFlags, flags : 8
09-25 13:19:27.291  5639  5639 D LifecycleMonitor: Lifecycle status change: androidx.test.core.app.InstrumentationActivityInvoker$BootstrapActivity@d0ca479 in: CREATED
09-25 13:19:27.291  5639  5639 V ActivityScenario: Activity lifecycle changed event received but ignored because the intent does not match. startActivityIntent=Intent { act=android.intent.action.MAIN cat=[android.intent.category.LAUNCHER] cmp=com.example.dogglers/.HorizontalListActivity }, activity.getIntent()=Intent { act=android.intent.action.MAIN cat=[android.intent.category.LAUNCHER] flg=0x10008000 cmp=com.example.dogglers/androidx.test.core.app.InstrumentationActivityInvoker$BootstrapActivity (has extras) }, activity=androidx.test.core.app.InstrumentationActivityInvoker$BootstrapActivity@d0ca479
09-25 13:19:27.291  5639  5639 D LifecycleMonitor: Lifecycle status change: androidx.test.core.app.InstrumentationActivityInvoker$BootstrapActivity@d0ca479 in: STARTED
09-25 13:19:27.291  5639  5639 V ActivityScenario: Activity lifecycle changed event received but ignored because the intent does not match. startActivityIntent=Intent { act=android.intent.action.MAIN cat=[android.intent.category.LAUNCHER] cmp=com.example.dogglers/.HorizontalListActivity }, activity.getIntent()=Intent { act=android.intent.action.MAIN cat=[android.intent.category.LAUNCHER] flg=0x10008000 cmp=com.example.dogglers/androidx.test.core.app.InstrumentationActivityInvoker$BootstrapActivity (has extras) }, activity=androidx.test.core.app.InstrumentationActivityInvoker$BootstrapActivity@d0ca479
09-25 13:19:27.293  4768  4843 I ViewRootImpl@282491d[dogglers]: reportNextDraw android.view.ViewRootImpl.performTraversals:4438 android.view.ViewRootImpl.doTraversal:3116 android.view.ViewRootImpl$TraversalRunnable.run:10885 android.view.Choreographer$CallbackRecord.run:1301 android.view.Choreographer$CallbackRecord.run:1309
09-25 13:19:27.293  4768  4843 I ViewRootImpl@282491d[dogglers]: Setup new sync id=0
09-25 13:19:27.293  4768  4843 I ViewRootImpl@282491d[dogglers]: Setting syncFrameCallback
09-25 13:19:27.293  4768  4843 I ViewRootImpl@282491d[dogglers]: registerCallbacksForSync syncBuffer=false
09-25 13:19:27.294  4768  4861 I ViewRootImpl@282491d[dogglers]: Received frameDrawingCallback syncResult=0 frameNum=1.
09-25 13:19:27.294  4768  4861 I ViewRootImpl@282491d[dogglers]: Setting up sync and frameCommitCallback
09-25 13:19:27.294 15286 15346 I Rubin   : [27752] t9.a.c(SourceFile:1) : Notify com.samsung.android.rubin.inferenceengine.contextanalytics.engine.loggers.d's database is updated.
09-25 13:19:27.294  1914  4196 I SurfaceFlinger: id=162389 createSurf, flag=80004, ActivityRecord{2f8ecb8 u0 com.example.dogglers/.HorizontalListActivity} t7116}#162389
09-25 13:19:27.295  4768  4851 I BLASTBufferQueue: [ViewRootImpl@282491d[dogglers]#3976](f:0,a:0) onFrameAvailable the first frame is available
09-25 13:19:27.295  4768  4851 I ViewRootImpl@282491d[dogglers]: Received frameCommittedCallback lastAttemptedDrawFrameNum=1 didProduceBuffer=true
09-25 13:19:27.296  4768  4851 D OpenGLRenderer: CFMS:: SetUp Pid : 4768    Tid : 4851
09-25 13:19:27.297  5369  5369 I BadgeRenderer: Invalid count : 0
09-25 13:19:27.298  4768  4843 I ViewRootImpl@282491d[dogglers]: onSyncComplete
09-25 13:19:27.299  4768  4843 I ViewRootImpl@282491d[dogglers]: setupSync seqId=0 mSyncId=0 fn=1 caller=android.view.ViewRootImpl$$ExternalSyntheticLambda11.accept:6 android.window.SurfaceSyncer.lambda$setupSync$1$android-window-SurfaceSyncer:128 android.window.SurfaceSyncer$$ExternalSyntheticLambda1.accept:8 android.window.SurfaceSyncer$SyncSet.checkIfSyncIsComplete:382 android.window.SurfaceSyncer$SyncSet.markSyncReady:359 android.window.SurfaceSyncer.markSyncReady:151 android.view.ViewRootImpl.performTraversals:4503
09-25 13:19:27.299  4768  4843 I ViewRootImpl@282491d[dogglers]: reportDrawFinished seqId=0 mSyncId=-1 fn=1 mSurfaceChangedTransaction=0xb4000076d6a3d900
09-25 13:19:27.300  5759  5759 E pageboostd: Received HALT command code 2
09-25 13:19:27.300  5639  5639 D LifecycleMonitor: Lifecycle status change: androidx.test.core.app.InstrumentationActivityInvoker$BootstrapActivity@d0ca479 in: RESUMED
09-25 13:19:27.300  5639  5639 V ActivityScenario: Activity lifecycle changed event received but ignored because the intent does not match. startActivityIntent=Intent { act=android.intent.action.MAIN cat=[android.intent.category.LAUNCHER] cmp=com.example.dogglers/.HorizontalListActivity }, activity.getIntent()=Intent { act=android.intent.action.MAIN cat=[android.intent.category.LAUNCHER] flg=0x10008000 cmp=com.example.dogglers/androidx.test.core.app.InstrumentationActivityInvoker$BootstrapActivity (has extras) }, activity=androidx.test.core.app.InstrumentationActivityInvoker$BootstrapActivity@d0ca479
09-25 13:19:27.301  8130 22447 I [AirCmd]_ActivitySwitchDetector: onTaskFocusChanged : taskId 7116
09-25 13:19:27.302  5639  5639 D LifecycleMonitor: Lifecycle status change: androidx.test.core.app.InstrumentationActivityInvoker$BootstrapActivity@d0ca479 in: PAUSED
09-25 13:19:27.302  5639  5639 V ActivityScenario: Activity lifecycle changed event received but ignored because the intent does not match. startActivityIntent=Intent { act=android.intent.action.MAIN cat=[android.intent.category.LAUNCHER] cmp=com.example.dogglers/.HorizontalListActivity }, activity.getIntent()=Intent { act=android.intent.action.MAIN cat=[android.intent.category.LAUNCHER] flg=0x10008000 cmp=com.example.dogglers/androidx.test.core.app.InstrumentationActivityInvoker$BootstrapActivity (has extras) }, activity=androidx.test.core.app.InstrumentationActivityInvoker$BootstrapActivity@d0ca479
09-25 13:19:27.303  8130 22447 I [AirCmd]_ActivitySwitchDetector: onTaskFocusChanged : componentName - ComponentInfo{com.example.dogglers/androidx.test.core.app.InstrumentationActivityInvoker$BootstrapActivity}
09-25 13:19:27.303 15286 15346 I Rubin   : [27752] ha.e.m(SourceFile:6) : isSatisfiedByCmh is false
09-25 13:19:27.303  8130 22447 I [AirCmd]_ActivitySwitchDetector: onTaskFocusChanged : mTopMostActivity - ComponentInfo{com.sec.android.app.launcher/com.android.launcher3.uioverrides.QuickstepLauncher}
09-25 13:19:27.304  8130 22447 I [AirCmd]_CallbackRepeater: stopRepeat : isWorking=false
09-25 13:19:27.304  8130 22447 I [AirCmd]_MediaControlStateMonitor: isForegroundAppSupportsMediaButton : mediaSession is empty
09-25 13:19:27.304  8130 22447 I [AirCmd]_MediaControlStateMonitor: active Notification List is null
09-25 13:19:27.304  8130 22447 I [AirCmd]_RemoteSpenMainController: hasGeneralAction : packageName is com.example.dogglers, activityName is androidx.test.core.app.InstrumentationActivityInvoker$BootstrapActivity, hasActions is false
09-25 13:19:27.304  8130 22447 I [AirCmd]_CameraAvailabilityMonitor: isCameraPreviewOn : mIsCameraPreviewOn is false
09-25 13:19:27.304  3108  5411 D InputDispatcher: Focused application(0): ActivityRecord{2f8ecb8 u0 com.example.dogglers/.HorizontalListActivity} t7116}
09-25 13:19:27.305  3108 29076 D RemoteAppTaskWatcher:  ****** RemoteAppTaskWatcher: Message Received 5 Task ID = 0
09-25 13:19:27.306  1914  2139 I SurfaceFlinger: id=162390 createSurf, flag=24000, Surface(name=Task=1)/@0xeddbc98 - animation-leash of app_transition#162390
09-25 13:19:27.306  3108  3230 D EnterpriseDeviceManagerService: isMdmAdminPresentInternal() : MDM Admin Found - com.samsung.knox.securefolder
09-25 13:19:27.308  1914  2139 I SurfaceFlinger: id=162391 createSurf, flag=24004, Surface(name=Task=7116)/@0x2816694 - animation-leash of app_transition#162391
09-25 13:19:27.310  1914  2139 I SurfaceFlinger: id=162392 createSurf, flag=80000, b965cc8 ActivityRecordInputSink com.example.dogglers/androidx.test.core.app.InstrumentationActivityInvoker$BootstrapActivity#162392
09-25 13:19:27.311  1914  2139 I SurfaceFlinger: id=162393 createSurf, flag=80000, af1f31b ActivityRecordInputSink com.example.dogglers/.HorizontalListActivity#162393
09-25 13:19:27.312  4768  4846 I ViewRootImpl@282491d[dogglers]: Resizing android.view.ViewRootImpl@5832ade: frame = [0,0][1440,3088] reportDraw = false forceLayout = false syncSeqId = 0
09-25 13:19:27.312  4768  4838 D Bubbles : onLocusVisibilityChanged: LocusId[17_chars] visible=false
09-25 13:19:27.312  4768  4843 I ViewRootImpl@282491d[dogglers]: handleResized, msg = 4 frames=ClientWindowFrames{frame=[0,0][1440,3088] display=[0,0][1440,3088] parentFrame=[0,0][0,0] parentClippedByDisplayCutout=false} forceNextWindowRelayout=false displayId=0 resizeMode=-1 frameChanged=false displayFrameChanged=false configChanged=false displayChanged=false
09-25 13:19:27.312  8130 22447 I [AirCmd]_CameraAvailabilityMonitor: isCameraPreviewOn : mIsCameraPreviewOn is false
09-25 13:19:27.314  1914  1914 I Layer   : Layer [Splash Screen com.example.dogglers$_4768#162388] hidden!! flag(0)
09-25 13:19:27.315  5639  5639 D LifecycleMonitor: Lifecycle status change: com.example.dogglers.HorizontalListActivity@da38e22 in: PRE_ON_CREATE
09-25 13:19:27.315  5639  5639 V ActivityScenario: Activity lifecycle changed event received but ignored because the reported transition was not ON_CREATE while the last known transition was PRE_ON_CREATE
09-25 13:19:27.313  8130 22447 I [AirCmd]_MediaControlStateMonitor: isForegroundAppSupportsMediaButton : mediaSession is empty
09-25 13:19:27.316  3108  6142 I MediaSessionMonitor: Media session stopped : controllerList empty
09-25 13:19:27.316  8130 22447 I [AirCmd]_MediaControlStateMonitor: active Notification List is null
09-25 13:19:27.316  8130 22447 I [AirCmd]_PenActionRule: getAction : get default action data from remote action because pen action data is null.
09-25 13:19:27.317  8130 22447 I [AirCmd]_ButtonActionDetector: enableDoubleClickDetection: enabled=true, doubleClickWaitInterval=300
09-25 13:19:27.317  8130 22447 I [AirCmd]_RemoteSpenMainController: onSwitch : package is com.example.dogglers   and activity is androidx.test.core.app.InstrumentationActivityInvoker$BootstrapActivity and isBleConnected is false and hasActions is false
09-25 13:19:27.317  8423  8423 I ActivityUtils: HomePackage : com.sec.android.app.launcher, resumePackageName : com.example.dogglers
09-25 13:19:27.317 15715 15751 I WindowsLink: (TaskInfoManager) +++++++++++onRecentTaskStackUpdated
09-25 13:19:27.318  5639  5639 I DecorView: [INFO] isPopOver=false config=true
09-25 13:19:27.318  5639  5639 I DecorView: updateCaptionType: isFloating=false isApplication=true hasWindowDecorCaption=false this=DecorView@c72121[]
09-25 13:19:27.318  5639  5639 D DecorView: setCaptionType = 0, this = DecorView@c72121[]
09-25 13:19:27.319  5639  5639 I DecorView: getCurrentDensityDpi: from real metrics. densityDpi=560 msg=resources_loaded
09-25 13:19:27.319  5639  5639 I DecorView: setWindowBackground: isPopOver=false color=ff121212 d=android.graphics.drawable.ColorDrawable@8588707
09-25 13:19:27.320  3108  3230 I SemPersonaManager: SecureFolder personaId = 150
09-25 13:19:27.322  5639  5639 D LifecycleMonitor: Lifecycle status change: com.example.dogglers.HorizontalListActivity@da38e22 in: CREATED
09-25 13:19:27.322  5639  5639 V ActivityScenario: Update currentActivityStage to CREATED, currentActivity=com.example.dogglers.HorizontalListActivity@da38e22
09-25 13:19:27.323  5639  5639 D LifecycleMonitor: Lifecycle status change: com.example.dogglers.HorizontalListActivity@da38e22 in: STARTED
09-25 13:19:27.323  5639  5639 V ActivityScenario: Update currentActivityStage to STARTED, currentActivity=com.example.dogglers.HorizontalListActivity@da38e22
09-25 13:19:27.323  3108  3230 D EnterpriseDeviceManagerService: isMdmAdminPresentInternal() : MDM Admin Found - com.samsung.knox.securefolder
09-25 13:19:27.323  5639  5639 D LifecycleMonitor: Lifecycle status change: com.example.dogglers.HorizontalListActivity@da38e22 in: RESUMED
09-25 13:19:27.323  5639  5639 V ActivityScenario: Update currentActivityStage to RESUMED, currentActivity=com.example.dogglers.HorizontalListActivity@da38e22
09-25 13:19:27.323  5639  5639 I MSHandlerLifeCycle: check: return. pkg=com.example.dogglers parent=null callers=com.android.internal.policy.DecorView.setVisibility:4412 android.app.ActivityThread.handleResumeActivity:5476 android.app.servertransaction.ResumeActivityItem.execute:54 android.app.servertransaction.ActivityTransactionItem.execute:45 android.app.servertransaction.TransactionExecutor.executeLifecycleState:176
09-25 13:19:27.323  5639  5639 I MSHandlerLifeCycle: removeMultiSplitHandler: no exist. decor=DecorView@c72121[]
09-25 13:19:27.325  5639  5729 D NativeCustomFrequencyManager: [NativeCFMS] BpCustomFrequencyManager::BpCustomFrequencyManager()
09-25 13:19:27.325  8423  8423 I ActivityUtils: HomePackage : com.sec.android.app.launcher, resumePackageName : com.example.dogglers
09-25 13:19:27.327  3108  4074 D InputTransport: Input channel constructed: '68a6bd7', fd=1254
09-25 13:19:27.327  3108  4074 D InputTransport: Input channel constructed: '68a6bd7', fd=1257
09-25 13:19:27.327  3108  4074 D InputTransport: Input channel constructed: '68a6bd7', fd=1259
09-25 13:19:27.327  1914  4196 I SurfaceFlinger: id=162394 createSurf, flag=80004, 68a6bd7 com.example.dogglers/com.example.dogglers.HorizontalListActivity#162394
09-25 13:19:27.329  3108  4074 D InputTransport: Input channel destroyed: '68a6bd7', fd=1259
09-25 13:19:27.329  3108  6142 I MediaSessionMonitor: Media session stopped : controllerList empty
09-25 13:19:27.329  5639  5639 D InsetsController: onStateChanged: InsetsState: {mDisplayFrame=Rect(0, 0 - 1440, 3088), mDisplayCutout=DisplayCutout{insets=Rect(0, 100 - 0, 0) waterfall=Insets{left=0, top=0, right=0, bottom=0} boundingRect={Bounds=[Rect(0, 0 - 0, 0), Rect(685, 0 - 756, 100), Rect(0, 0 - 0, 0), Rect(0, 0 - 0, 0)]} cutoutPathParserInfo={CutoutPathParserInfo{displayWidth=1440 displayHeight=3088 physicalDisplayWidth=1440 physicalDisplayHeight=3088 density={3.75} cutoutSpec={M 0,0 H -9.466666666666667 V 26.66666666666667‬ H 9.466666666666667 V 0 H 0 Z @dp} rotation={0} scale={1.0} physicalPixelDisplaySizeRatio={1.0}}}}, mRoundedCorners=RoundedCorners{[RoundedCorner{position=TopLeft, radius=14, center=Point(14, 14)}, RoundedCorner{position=TopRight, radius=14, center=Point(1426, 14)}, RoundedCorner{position=BottomRight, radius=14, center=Point(1426, 3074)}, RoundedCorner{position=BottomLeft, radius=14, center=Point(14, 3074)}]}  mRoundedCornerFrame=Rect(0, 0 - 1440, 3088), mPrivacyIndicatorBounds=PrivacyIndicatorBounds {static bounds=Rect(1286, 0 - 1440, 100) rotation=0}, mSources= { InsetsSource: {mType=ITYPE_STATUS_BAR, mFrame=[0,0][1440,100], mVisible=true, mInsetsRoundedCornerFrame=false}, InsetsSource: {mType=ITYPE_NAVIGATION_BAR, mFrame=[0,3088][1440,3088], mVisible=true, mInsetsRoundedCornerFrame=false}, InsetsSource: {mType=ITYPE_LEFT_GESTURES, mFrame=[0,0][0,3088], mVisible=true, mInsetsRoundedCornerFrame=false}, InsetsSource: {mType=ITYPE_RIGHT_GESTURES, mFrame=[1440,0][1440,3088], mVisible=true, mInsetsRoundedCornerFrame=false}, InsetsSource: {mType=ITYPE_TOP_MANDATORY_GESTURES, mFrame=[0,0][1440,142], mVisible=true, mInsetsRoundedCornerFrame=false}, InsetsSource: {mType=ITYPE_BOTTOM_MANDATORY_GESTURES, mFrame=[0,3018][1440,3088], mVisible=true, mInsetsRoundedCornerFrame=false}, InsetsSource: {mType=ITYPE_LEFT_DISPLAY_CUTOUT, mFrame=[0,0][-100000,3088], mVisible=true, mInsetsRoundedCornerFrame=false}, InsetsSource: {mType=ITYPE_TOP_DISPLAY_CUTOUT, mFrame=[0,0][1440,100], mVisible=true, mInsetsRoundedCornerFrame=false}, InsetsSource: {mType=ITYPE_RIGHT_DISPLAY_CUTOUT, mFrame=[100000,0][1440,3088], mVisible=true, mInsetsRoundedCornerFrame=false}, InsetsSource: {mType=ITYPE_BOTTOM_DISPLAY_CUTOUT, mFrame=[0,100000][1440,3088], mVisible=true, mInsetsRoundedCornerFrame=false}, InsetsSource: {mType=ITYPE_TOP_TAPPABLE_ELEMENT, mFrame=[0,0][1440,100], mVisible=true, mInsetsRoundedCornerFrame=false}, InsetsSource: {mType=ITYPE_BOTTOM_TAPPABLE_ELEMENT, mFrame=[0,0][0,0], mVisible=true, mInsetsRoundedCornerFrame=false}, InsetsSource: {mType=ITYPE_IME, mFrame=[0,0][0,0], mVisibleFrame=[0,3088][1440,3088], mVisible=false, mInsetsRoundedCornerFrame=false} } host=com.example.dogglers/com.example.dogglers.HorizontalListActivity from=android.view.ViewRootImpl.setView:1732
09-25 13:19:27.331  5639  5639 I ViewRootImpl@f81e8cd[HorizontalListActivity]: setView = com.android.internal.policy.DecorView@c72121 TM=true
09-25 13:19:27.332  5639  5639 I MSHandlerLifeCycle: removeMultiSplitHandler: no exist. decor=DecorView@c72121[HorizontalListActivity]
09-25 13:19:27.332  3108  3338 D AnalyticsContainerHandler: handleMessage : { when=0 what=1 target=com.android.server.knox.KnoxAnalyticsContainer$AnalyticsHandler }
09-25 13:19:27.333  1914  1914 D SurfaceFlinger: Display 4630947093241269891 HWC layers:
09-25 13:19:27.333  1914  1914 D SurfaceFlinger:      CLIENT | 0xb400007af6c13480 | 0100 | RGBx_8888    |  592.0    0.0 1628.0 2220.0 |    0    0 1440 3088 | Wallpaper BBQ wrapper#90
09-25 13:19:27.333  1914  1914 D SurfaceFlinger:      CLIENT | 0xb400007aeb145f80 | 0100 | RGBA_8888    |    0.0    0.0 1440.0 3088.0 |    0    0 1440 3088 | com.sec.android.app.launcher/com.sec[...]rActivity$_5369#162376 (blurRegions)
09-25 13:19:27.333  1914  1914 D SurfaceFlinger:      DEVICE | 0xb400007af6c11c80 | 0100 | RGBA_8888    |    0.0    0.0 1440.0 3088.0 |  105  225 1335 2863 | Splash Screen com.example.dogglers$_4768#162388
09-25 13:19:27.333  1914  1914 D SurfaceFlinger:      DEVICE | 0xb400007af6c14880 | 0100 | RGBA_8888    |    0.0    0.0 1440.0  100.0 |    0    0 1440  100 | StatusBar$_4768#95
09-25 13:19:27.333  1914  1914 D SurfaceFlinger:      DEVICE | 0xb400007af8705400 | 0100 | RGBA_8888    |    0.0    0.0   67.0  589.0 |    0  562   67 1151 | com.samsung.android.app.cocktailbars[...]vice.CocktailBarService$_8423#156853
09-25 13:19:27.333  1914  1914 D SurfaceFlinger:      DEVICE | 0xb400007af8705500 | 0100 | RGBA_8888    |    0.0    0.0  518.0   48.0 |  922 3040 1440 3088 | SGestureOverlayWindow$_5369#156268
09-25 13:19:27.333  1914  1914 D SurfaceFlinger:      DEVICE | 0xb400007af6c15880 | 0100 | RGBA
09-25 13:19:27.333  1914  1914 D SurfaceFlinger: _8888    |    0.0    0.0 1440.0  168.0 |    0 2920 1440 3088 | NavigationBar0$_4768#92
09-25 13:19:27.333  1914  1914 D SurfaceFlinger:
09-25 13:19:27.338  5639  5639 I ViewRootImpl@f81e8cd[HorizontalListActivity]: performTraversals params={(0,0)(fillxfill) sim={adjust=resize forwardNavigation} ty=BASE_APPLICATION wanim=0x1030309
09-25 13:19:27.338  5639  5639 I ViewRootImpl@f81e8cd[HorizontalListActivity]:   fl=81810100
09-25 13:19:27.338  5639  5639 I ViewRootImpl@f81e8cd[HorizontalListActivity]:   pfl=12020040
09-25 13:19:27.338  5639  5639 I ViewRootImpl@f81e8cd[HorizontalListActivity]:   bhv=DEFAULT
09-25 13:19:27.338  5639  5639 I ViewRootImpl@f81e8cd[HorizontalListActivity]:   fitSides= naviIconColor=0}
09-25 13:19:27.338  5639  5639 I ViewRootImpl@f81e8cd[HorizontalListActivity]: performTraversals mFirst=true windowShouldResize=true viewVisibilityChanged=false mForceNextWindowRelayout=false params={(0,0)(fillxfill) sim={adjust=resize forwardNavigation} ty=BASE_APPLICATION wanim=0x1030309
09-25 13:19:27.338  5639  5639 I ViewRootImpl@f81e8cd[HorizontalListActivity]:   fl=81810100
09-25 13:19:27.338  5639  5639 I ViewRootImpl@f81e8cd[HorizontalListActivity]:   pfl=12020040
09-25 13:19:27.338  5639  5639 I ViewRootImpl@f81e8cd[HorizontalListActivity]:   bhv=DEFAULT
09-25 13:19:27.338  5639  5639 I ViewRootImpl@f81e8cd[HorizontalListActivity]:   fitSides= naviIconColor=0}
09-25 13:19:27.339  3108  6474 V WindowManager: Relayout Window{68a6bd7 u0 com.example.dogglers/com.example.dogglers.HorizontalListActivity}: viewVisibility=0 req=1440x3088 d0
09-25 13:19:27.339  1914  3193 I SurfaceFlinger: id=162395 createSurf, flag=40004, com.example.dogglers/com.example.dogglers.HorizontalListActivity$_5639#162395
09-25 13:19:27.343  1914  3193 I SurfaceFlinger: id=162396 createSurf, flag=24000, Surface(name=4eb27f5 StatusBar)/@0x43fa543 - animation-leash of insets_animation#162396
09-25 13:19:27.345  1914  3193 I SurfaceFlinger: id=162397 createSurf, flag=24000, Surface(name=d110b4c NavigationBar0)/@0x8bdb781 - animation-leash of insets_animation#162397
09-25 13:19:27.346  5369 18817 I TouchInteractionService: onSystemUiStateChanged, stateFlags : 131120 |a11y_click|a11y_long_click|allow_gesture|
09-25 13:19:27.346  3108  6474 V WindowManager: Relayout hash=68a6bd7, pid=5639, syncId=-1: mAttrs={(0,0)(fillxfill) sim={adjust=resize forwardNavigation} ty=BASE_APPLICATION wanim=0x1030309
09-25 13:19:27.346  3108  6474 V WindowManager:   fl=81810100
09-25 13:19:27.346  3108  6474 V WindowManager:   pfl=12020040
09-25 13:19:27.346  3108  6474 V WindowManager:   bhv=DEFAULT
09-25 13:19:27.346  3108  6474 V WindowManager:   fitSides= naviIconColor=0}
09-25 13:19:27.346  5369  5369 I RecentsAnimationDeviceState: setSystemUiFlags, stateFlags : 131120
09-25 13:19:27.346  5369  5369 W SGestureOverlayWindow: setVisibilityGestureOverlayWindow, visibility = 0
09-25 13:19:27.346  5369  5369 I TouchInteractionService: onSystemUiFlagsChanged, lastSysUIFlags : 48
09-25 13:19:27.347  5639  5639 I ViewRootImpl@f81e8cd[HorizontalListActivity]: updateBlastSurfaceIfNeeded mBlastBufferQueue=null isSameSurfaceControl=false
09-25 13:19:27.347  5639  5639 I BLASTBufferQueue: new BLASTBufferQueue, mName= ViewRootImpl@f81e8cd[HorizontalListActivity] mNativeObject= 0xb4000077a1041f80 sc.mNativeObject= 0xb4000077a103e3e0 caller= android.view.ViewRootImpl.updateBlastSurfaceIfNeeded:2909 android.view.ViewRootImpl.relayoutWindow:9847 android.view.ViewRootImpl.performTraversals:3884 android.view.ViewRootImpl.doTraversal:3116 android.view.ViewRootImpl$TraversalRunnable.run:10885 android.view.Choreographer$CallbackRecord.run:1301 android.view.Choreographer$CallbackRecord.run:1309 android.view.Choreographer.doCallbacks:923 android.view.Choreographer.doFrame:852 android.view.Choreographer$FrameDisplayEventReceiver.run:1283
09-25 13:19:27.347  5639  5639 I BLASTBufferQueue: update, w= 1440 h= 3088 mName = ViewRootImpl@f81e8cd[HorizontalListActivity] mNativeObject= 0xb4000077a1041f80 sc.mNativeObject= 0xb4000077a103e3e0 format= -1 caller= android.graphics.BLASTBufferQueue.<init>:84 android.view.ViewRootImpl.updateBlastSurfaceIfNeeded:2909 android.view.ViewRootImpl.relayoutWindow:9847 android.view.ViewRootImpl.performTraversals:3884 android.view.ViewRootImpl.doTraversal:3116 android.view.ViewRootImpl$TraversalRunnable.run:10885
09-25 13:19:27.347  5639  5639 I ViewRootImpl@f81e8cd[HorizontalListActivity]: Relayout returned: old=(0,0,1440,3088) new=(0,0,1440,3088) req=(1440,3088)0 dur=9 res=0x3 s={true 0xb4000077b1a9a000} ch=true seqId=0
09-25 13:19:27.347  5639  5639 I ViewRootImpl@f81e8cd[HorizontalListActivity]: performConfigurationChange setNightDimText nightDimLevel=0
09-25 13:19:27.348  5639  5639 I ViewRootImpl@f81e8cd[HorizontalListActivity]: mThreadedRenderer.initialize() mSurface={isValid=true 0xb4000077b1a9a000} hwInitialized=true
09-25 13:19:27.348  5639  5729 D OpenGLRenderer: eglCreateWindowSurface
09-25 13:19:27.349  5639  5639 I ViewRootImpl@f81e8cd[HorizontalListActivity]: reportNextDraw android.view.ViewRootImpl.performTraversals:4438 android.view.ViewRootImpl.doTraversal:3116 android.view.ViewRootImpl$TraversalRunnable.run:10885 android.view.Choreographer$CallbackRecord.run:1301 android.view.Choreographer$CallbackRecord.run:1309
09-25 13:19:27.349  5639  5639 I ViewRootImpl@f81e8cd[HorizontalListActivity]: Setup new sync id=0
09-25 13:19:27.349  5639  5639 I ViewRootImpl@f81e8cd[HorizontalListActivity]: Setting syncFrameCallback
09-25 13:19:27.349  5639  5639 I ViewRootImpl@f81e8cd[HorizontalListActivity]: registerCallbacksForSync syncBuffer=false
09-25 13:19:27.351  5639  5772 I ViewRootImpl@f81e8cd[HorizontalListActivity]: Received frameDrawingCallback syncResult=0 frameNum=1.
09-25 13:19:27.351  5639  5772 I ViewRootImpl@f81e8cd[HorizontalListActivity]: Setting up sync and frameCommitCallback
09-25 13:19:27.355  1914  1914 I Layer   : id=162377 removedFromDrawingState Surface(name=4eb27f5 StatusBar)/@0x43fa543 - animation-leash of insets_animation#162377 (342)
09-25 13:19:27.355  1914  1914 I Layer   : id=162378 removedFromDrawingState Surface(name=d110b4c NavigationBar0)/@0x8bdb781 - animation-leash of insets_animation#162378 (342)
09-25 13:19:27.355  1914  1914 I SurfaceFlinger: [68a6bd7 com.example.dogglers/com.example.dogglers.HorizontalListActivity#162394] FrameRatePriority: 1
09-25 13:19:27.355  1914  1914 I SurfaceFlinger: id=162377 Removed Surface(name=4eb27f5 StatusBar)/@0x43fa543 - animation-leash of insets_animation#162377 (342)
09-25 13:19:27.355  1914  1914 I SurfaceFlinger: id=162378 Removed Surface(name=d110b4c NavigationBar0)/@0x8bdb781 - animation-leash of insets_animation#162378 (342)
09-25 13:19:27.356  1914  1914 I Layer   : id=162377 Destroyed Surface(name=4eb27f5 StatusBar)/@0x43fa543 - animation-leash of insets_animation#162377
09-25 13:19:27.356  1914  1914 I Layer   : id=162378 Destroyed Surface(name=d110b4c NavigationBar0)/@0x8bdb781 - animation-leash of insets_animation#162378
09-25 13:19:27.357  3108  6474 D InputDispatcher: Focus request (0): 68a6bd7 com.example.dogglers/com.example.dogglers.HorizontalListActivity but waiting because NO_WINDOW
09-25 13:19:27.361  5639  5729 I BLASTBufferQueue: [ViewRootImpl@f81e8cd[HorizontalListActivity]#36](f:0,a:0) onFrameAvailable the first frame is available
09-25 13:19:27.362  5639  5729 I ViewRootImpl@f81e8cd[HorizontalListActivity]: Received frameCommittedCallback lastAttemptedDrawFrameNum=1 didProduceBuffer=true
09-25 13:19:27.362  5639  5729 D OpenGLRenderer: CFMS:: SetUp Pid : 5639    Tid : 5729
09-25 13:19:27.365  5639  5639 I ViewRootImpl@f81e8cd[HorizontalListActivity]: onSyncComplete
09-25 13:19:27.365  5639  5639 I ViewRootImpl@f81e8cd[HorizontalListActivity]: setupSync seqId=0 mSyncId=0 fn=1 caller=android.view.ViewRootImpl$$ExternalSyntheticLambda11.accept:6 android.window.SurfaceSyncer.lambda$setupSync$1$android-window-SurfaceSyncer:128 android.window.SurfaceSyncer$$ExternalSyntheticLambda1.accept:8 android.window.SurfaceSyncer$SyncSet.checkIfSyncIsComplete:382 android.window.SurfaceSyncer$SyncSet.markSyncReady:359 android.window.SurfaceSyncer.markSyncReady:151 android.view.ViewRootImpl.performTraversals:4503
09-25 13:19:27.366  5639  5639 I ViewRootImpl@f81e8cd[HorizontalListActivity]: reportDrawFinished seqId=0 mSyncId=-1 fn=1 mSurfaceChangedTransaction=0xb4000077b1dbb700
09-25 13:19:27.368  3108  3227 W ziparchive: Unable to open '/data/app/~~ATcZRD0F-LmHTuxfrkuUPg==/com.example.dogglers-ejGvQ7nyEoA-Sr0nwgcZYw==/base.dm': No such file or directory
09-25 13:19:27.369  3108  3227 I PkgPredictorService-SecIpmManagerServiceImpl: reportToNAP uid:10577 com.example.dogglers/com.example.dogglers.HorizontalListActivity thisTime:109
09-25 13:19:27.369  5639  5639 D RootViewPicker: Root not ready - waiting: 10ms for one to appear.
09-25 13:19:27.369  3108  4074 I SemDvfsHyPerManager: acquire hyper - AMS_RESUME_TAIL/3108@20, type = -999
09-25 13:19:27.369  3108  4074 I SemDvfsHyPerManager: acquire hyper - AMS_ACT_LAZY/3108@21, type = -999
09-25 13:19:27.369  3108  3227 I ActivityTaskManager: Displayed com.example.dogglers/.HorizontalListActivity: +109ms
09-25 13:19:27.370  5759  5759 E pageboostd: Received HALT command code 2
09-25 13:19:27.370  1809  1855 I HYPER-HAL: [RequestManager.cpp]acquire(): Acquired ID : 4893776  [3108 / 20]    HINT : AMS_RESUME_TAIL    list :
09-25 13:19:27.370  1914  2139 I SurfaceFlinger: id=162398 createSurf, flag=24000, Surface(name=68a6bd7 com.example.dogglers/com.example.dogglers.HorizontalListActivity)/@0xa6b543a - animation-leash of starting_reveal#162398
09-25 13:19:27.372  1914  1914 I Layer   : Layer [com.example.dogglers/com.example.dogglers.HorizontalListActivity$_5639#162395] hidden!! flag(0)
09-25 13:19:27.372  1809  1855 I HYPER-HAL: [RequestManager.cpp]acquire(): Acquired ID : 4896906  [3108 / 21]    HINT : AMS_ACT_LAZY    list :
09-25 13:19:27.374  3108  6474 D InputDispatcher: Focus entered window (0): 68a6bd7 com.example.dogglers/com.example.dogglers.HorizontalListActivity
09-25 13:19:27.374  5639  5639 I ViewRootImpl@f81e8cd[HorizontalListActivity]: MSG_WINDOW_FOCUS_CHANGED 1 0
09-25 13:19:27.375  1914  1914 D SurfaceFlinger: Display 4630947093241269891 HWC layers:
09-25 13:19:27.375  1914  1914 D SurfaceFlinger:      CLIENT | 0xb400007af6c13480 | 0100 | RGBx_8888    |  592.0    0.0 1628.0 2220.0 |    0    0 1440 3088 | Wallpaper BBQ wrapper#90
09-25 13:19:27.375  1914  1914 D SurfaceFlinger:      CLIENT | 0xb400007aeb145f80 | 0100 | RGBA_8888    |    0.0    0.0 1440.0 3088.0 |    0    0 1440 3088 | com.sec.android.app.launcher/com.sec[...]rActivity$_5369#162376 (blurRegions)
09-25 13:19:27.375  1914  1914 D SurfaceFlinger:      DEVICE | 0xb400007af86ec800 | 0102 | RGBA_8888    |    0.0    0.0 1440.0 3088.0 |   76  162 1364 2926 | com.example.dogglers/com.example.dogglers.HorizontalListActivity$_5639#162395
09-25 13:19:27.375  1914  1914 D SurfaceFlinger:      DEVICE | 0xb400007af6c11c80 | 0100 | RGBA_8888    |    0.0    0.0 1440.0 3088.0 |   76  162 1364 2926 | Splash Screen com.example.dogglers$_4768#162388
09-25 13:19:27.375  1914  1914 D SurfaceFlinger:      DEVICE | 0xb400007af6c14880 | 0100 | RGBA_8888    |    0.0    0.0 1440.0  100.0 |    0    0 1440  100 | StatusBar$_4768#95
09-25 13:19:27.375  1914  1914 D SurfaceFlinger:      DEVICE | 0xb400007af8705400 | 0100 | RGBA_8888    |    0.0    0.0   67.0  589.0 |    0  562   67 1151 | com.samsung.android.app.cocktailbars[...]vice.CocktailBarService$_8423#156853
09-25 13:19:27.375  1914  1914 D SurfaceFlinger:
09-25 13:19:27.375  1914  1914 D SurfaceFlinger:   DEVICE | 0xb400007af8705500 | 0100 | RGBA_8888    |    0.0    0.0  518.0   48.0 |  922 3040 1440 3088 | SGestureOverlayWindow$_5369#156268
09-25 13:19:27.375  1914  1914 D SurfaceFlinger:      DEVICE | 0xb400007af6c15880 | 0100 | RGBA_8888    |    0.0    0.0 1440.0  168.0 |    0 2920 1440 3088 | NavigationBar0$_4768#92
09-25 13:19:27.375  1914  1914 D SurfaceFlinger:
09-25 13:19:27.375  5639  5639 I ViewRootImpl@f81e8cd[HorizontalListActivity]: mThreadedRenderer.initializeIfNeeded()#2 mSurface={isValid=true 0xb4000077b1a9a000}
09-25 13:19:27.375  5639  5639 D InputMethodManager: startInputInner - Id : 0
09-25 13:19:27.375  5639  5639 I InputMethodManager: startInputInner - mService.startInputOrWindowGainedFocus
09-25 13:19:27.376  1809  1855 I HYPER-HAL: [RequestManager.cpp]releaseLocked(): Released ID : 4903169
09-25 13:19:27.377  3108  6474 D InputMethodManagerService: DESKTOP MODE! : 2
09-25 13:19:27.377  3108  6474 D InputMethodManagerService: NOT IN KNOX DESKTOP MODE!
09-25 13:19:27.377  3108  6474 V InputMethodManagerService: getDisplayIdOfInputMethodWindowToBeAdded: displayId=0
09-25 13:19:27.378  3108  6474 D InputMethodManagerService: isImeSwitcherDisabledPackage : false
09-25 13:19:27.378  3108  6474 D InputMethodManagerService: checkDisplayOfStartInputAndUpdateKeyboard: displayId=0, mFocusedDisplayId=0
09-25 13:19:27.378  3108  6474 D InputTransport: Input channel constructed: 'ClientS', fd=1259
09-25 13:19:27.378  3108  6474 D InputTransport: Input channel destroyed: 'ClientS', fd=1259
09-25 13:19:27.378   586   586 I MSHandlerLifeCycle: check: return. pkg=com.google.android.inputmethod.latin isActivity=false callers=com.android.internal.policy.DecorView.setVisibility:4412 android.inputmethodservice.InkWindow.hide:100 android.inputmethodservice.InputMethodService$InputMethodImpl.unbindInput:875 android.inputmethodservice.IInputMethodWrapper.executeMessage:198 com.android.internal.os.HandlerCaller$MyHandler.handleMessage:44
09-25 13:19:27.378   586   586 I MSHandlerLifeCycle: removeMultiSplitHandler: no exist. decor=DecorView@722edec[]
09-25 13:19:27.378   586   586 I GoogleInputMethodService: GoogleInputMethodService.onFinishInput():3267
09-25 13:19:27.379  1914  3199 I SurfaceFlinger: id=162399 createSurf, flag=24004, Surface(name=6a358c3 InputMethod)/@0x1a6cc79 - animation-leash of insets_animation#162399
09-25 13:19:27.379   586   586 I GoogleInputMethodService: GoogleInputMethodService.updateDeviceLockedStatus():2097 repeatCheckTimes = 0, locked = false
09-25 13:19:27.379   586   586 D InputMethodService: checkFocusedDisplay() display Id 0last 0
09-25 13:19:27.379   586   586 I GoogleInputMethodService: GoogleInputMethodService.onStartInput():1889 onStartInput(EditorInfo{EditorInfo{packageName=com.example.dogglers, inputType=0, inputTypeString=NULL, enableLearning=false, autoCorrection=false, autoComplete=false, imeOptions=0, privateImeOptions=null, actionName=UNSPECIFIED, actionLabel=null, initialSelStart=-1, initialSelEnd=-1, initialCapsMode=0, label=null, fieldId=-1, fieldName=null, extras=Bundle[{displayId=0}], hintText=null, hintLocales=[]}}, false)
09-25 13:19:27.379   586   586 I GoogleInputMethodService: GoogleInputMethodService.updateDeviceLockedStatus():2097 repeatCheckTimes = 1, locked = false
09-25 13:19:27.380  5639  5639 I ViewInteraction: Checking 'com.example.dogglers.BaseTest$DrawableMatcher$RecyclerViewAssertion@adad0f4' assertion on view view.getId() is <2131230945/com.example.dogglers:id/horizontal_recycler_view>
