09-25 13:19:27.981  5639  5703 I TestRunner: started: horizontal_scrolling(com.example.dogglers.HorizontalListTests)
09-25 13:19:27.982  1914  2139 I SurfaceFlinger: id=162420 createSurf, flag=24004, Task=7116#162420
09-25 13:19:27.984  3108 29076 D RemoteAppTaskWatcher:  ****** RemoteAppTaskWatcher: Message Received 3 Task ID = 7116
09-25 13:19:27.984  3108 29076 D RemoteAppTaskWatcher:  ****** RemoteAppTaskWatcher: Message Received 3 Task ID = 7116
09-25 13:19:27.985  1914  2139 I SurfaceFlinger: id=162392 Removed b965cc8 ActivityRecordInputSink com.example.dogglers/androidx.test.core.app.InstrumentationActivityInvoker$BootstrapActivity#162392 (323)
09-25 13:19:27.985  5639  5703 W Settings: Setting always_finish_activities has moved from android.provider.Settings.System to android.provider.Settings.Global, returning read-only value.
09-25 13:19:27.988  5369  5369 I RecentsView: onTaskRemoved() taskId : 7116
09-25 13:19:27.988  5369  5369 I TopTaskTracker: onTaskRemoved : taskId = 7116
09-25 13:19:27.988  5369  5369 I RecentsView: onTaskRemoved() taskId : 7116
09-25 13:19:27.988  5369  5369 I TopTaskTracker: onTaskRemoved : taskId = 7116
09-25 13:19:27.989  1914  1914 I Layer   : id=162389 removedFromDrawingState ActivityRecord{2f8ecb8 u0 com.example.dogglers/.HorizontalListActivity} t7116}#162389 (323)
09-25 13:19:27.989  1914  1914 I Layer   : id=162393 removedFromDrawingState af1f31b ActivityRecordInputSink com.example.dogglers/.HorizontalListActivity#162393 (323)
09-25 13:19:27.989  1914  1914 I Layer   : id=162386 removedFromDrawingState ActivityRecord{9faa161 u0 com.example.dogglers/androidx.test.core.app.InstrumentationActivityInvoker$BootstrapActivity} t7116}#162386 (323)
09-25 13:19:27.989  1914  1914 I Layer   : id=162392 removedFromDrawingState b965cc8 ActivityRecordInputSink com.example.dogglers/androidx.test.core.app.InstrumentationActivityInvoker$BootstrapActivity#162392 (323)
09-25 13:19:27.989  1914  1914 I Layer   : id=162385 removedFromDrawingState Task=7116#162385 (323)
09-25 13:19:27.989  1914  1914 I Layer   : id=162420 removedFromDrawingState Task=7116#162420 (323)
09-25 13:19:27.989  1914  1914 I SurfaceFlinger: id=162386 Removed ActivityRecord{9faa161 u0 com.example.dogglers/androidx.test.core.app.InstrumentationActivityInvoker$BootstrapActivity} t7116}#162386 (323)
09-25 13:19:27.989  1914  1914 I SurfaceFlinger: id=162420 Removed Task=7116#162420 (323)
09-25 13:19:27.989  1914  1914 I SurfaceFlinger: id=162389 Removed ActivityRecord{2f8ecb8 u0 com.example.dogglers/.HorizontalListActivity} t7116}#162389 (323)
09-25 13:19:27.989  1914  1914 I Layer   : id=162420 Destroyed Task=7116#162420
09-25 13:19:27.989  1914  1914 I Layer   : id=162386 Destroyed ActivityRecord{9faa161 u0 com.example.dogglers/androidx.test.core.app.InstrumentationActivityInvoker$BootstrapActivity} t7116}#162386
09-25 13:19:27.989  1914  1914 I Layer   : id=162392 Destroyed b965cc8 ActivityRecordInputSink com.example.dogglers/androidx.test.core.app.InstrumentationActivityInvoker$BootstrapActivity#162392
09-25 13:19:27.989  1914  1914 I Layer   : id=162389 Destroyed ActivityRecord{2f8ecb8 u0 com.example.dogglers/.HorizontalListActivity} t7116}#162389
09-25 13:19:27.989  1914  1914 I Layer   : id=162393 Destroyed af1f31b ActivityRecordInputSink com.example.dogglers/.HorizontalListActivity#162393
09-25 13:19:27.989  3108  3230 I ChimeraSystemEventListener: appLaunchIntent package name is: com.example.dogglers
09-25 13:19:27.991  3108  5688 I SemDvfsHyPerManager: acquire hyper - AMS_APP_SWITCH/3108@23, type = -999
09-25 13:19:27.991  1809  1855 I HYPER-HAL: [RequestManager.cpp]acquire(): Acquired ID : 4903169  [3108 / 23]    HINT : AMS_APP_SWITCH    list :
09-25 13:19:27.991  3108 29076 D RemoteAppTaskWatcher:  ****** RemoteAppTaskWatcher: Message Received 0 Task ID = 7117
09-25 13:19:27.991  1914  2140 I SurfaceFlinger: id=162421 createSurf, flag=24004, Task=7117#162421
09-25 13:19:27.991  8328  8328 I SemDvfsHyPerManager: acquire hyper - APP_START_SHORT/8328@19, type = -999
09-25 13:19:27.993  1914  2139 I SurfaceFlinger: id=162422 createSurf, flag=80004, ActivityRecord{ca35df3 u0 com.example.dogglers/androidx.test.core.app.InstrumentationActivityInvoker$BootstrapActivity} t7117}#162422
09-25 13:19:27.994  1809  1855 I HYPER-HAL: [RequestManager.cpp]acquire(): Acquired ID : 34840397  [8328 / 19]    HINT : APP_START_LOW_HEAT    list : [TIMEOUT / 1500]
09-25 13:19:27.998  3108  3146 I SemDvfsHyPerManager: acquire hyper - AMS_APP_LAUNCH/3108@19, type = -999
09-25 13:19:27.998  5759  5759 E pageboostd: Received HALT command code 2
09-25 13:19:27.998  1809  1855 I HYPER-HAL: [RequestManager.cpp]acquire(): Acquired ID : 4890647  [3108 / 19]    HINT : AMS_APP_LAUNCH    list :
09-25 13:19:27.999  2229  5266 I CameraService: onUidStateChanged: uid=10042, procState is changed. (0 -> 1)
09-25 13:19:27.999  3108 29076 D RemoteAppTaskWatcher:  ****** RemoteAppTaskWatcher: Message Received 4 Task ID = 7117
09-25 13:19:27.999  3108 29076 D RemoteAppTaskWatcher:  ****** RemoteAppTaskWatcher: Message Received 0 Task ID = 7117
09-25 13:19:28.000  8328  8328 I SemDvfsHyPerManager: acquire hyper - APP_START/8328@21, type = -999
09-25 13:19:28.000  5369  5369 I BaseActivity: removeActivityFlags, flags : 16
09-25 13:19:28.000  1809  1855 I HYPER-HAL: [RequestManager.cpp]acquire(): Acquired ID : 34857096  [8328 / 21]    HINT : APP_START_LOW_HEAT    list :
09-25 13:19:28.000  5369  5369 I BaseActivity: removeActivityFlags, flags : 6
09-25 13:19:28.000  5369  5369 I DragController: endDrag
09-25 13:19:28.000  5369  5369 W LauncherAppWidgetHost: setShouldListenFlag, mFlags:15 flag:resume on:false isFront:false
09-25 13:19:28.000  5369  5369 I SPayUpdater: updateSpayHandler launcher activity is paused false
09-25 13:19:28.000  4768  4851 D NativeCustomFrequencyManager: [NativeCFMS] BpCustomFrequencyManager::BpCustomFrequencyManager()
09-25 13:19:28.000  5369 11129 I WidgetRotationImpl: unsubscribeWidgetFocus 80
09-25 13:19:28.001  5369 11129 I IntelligentPlatformManagerImpl: unsubscribeWidgetFocus() id : 80
09-25 13:19:28.003  3108  5411 D InputDispatcher: Focused application(0): ActivityRecord{ca35df3 u0 com.example.dogglers/androidx.test.core.app.InstrumentationActivityInvoker$BootstrapActivity} t7117}
09-25 13:19:28.005  3108 29076 D RemoteAppTaskWatcher:  ****** RemoteAppTaskWatcher: Message Received 5 Task ID = 0
09-25 13:19:28.006  3108  6456 D InputTransport: Input channel constructed: '45af861', fd=1254
09-25 13:19:28.006  3108  6456 D InputTransport: Input channel constructed: '45af861', fd=1257
09-25 13:19:28.006  3108  6456 D InputTransport: Input channel constructed: '45af861', fd=1285
09-25 13:19:28.007  1914  2139 I SurfaceFlinger: id=162423 createSurf, flag=80004, 45af861 Splash Screen com.example.dogglers#162423
09-25 13:19:28.009  3108  6456 D InputTransport: Input channel destroyed: '45af861', fd=1285
09-25 13:19:28.009  4768  4843 D InsetsController: onStateChanged: InsetsState: {mDisplayFrame=Rect(0, 0 - 1440, 3088), mDisplayCutout=DisplayCutout{insets=Rect(0, 100 - 0, 0) waterfall=Insets{left=0, top=0, right=0, bottom=0} boundingRect={Bounds=[Rect(0, 0 - 0, 0), Rect(685, 0 - 756, 100), Rect(0, 0 - 0, 0), Rect(0, 0 - 0, 0)]} cutoutPathParserInfo={CutoutPathParserInfo{displayWidth=1440 displayHeight=3088 physicalDisplayWidth=1440 physicalDisplayHeight=3088 density={3.75} cutoutSpec={M 0,0 H -9.466666666666667 V 26.66666666666667‬ H 9.466666666666667 V 0 H 0 Z @dp} rotation={0} scale={1.0} physicalPixelDisplaySizeRatio={1.0}}}}, mRoundedCorners=RoundedCorners{[RoundedCorner{position=TopLeft, radius=14, center=Point(14, 14)}, RoundedCorner{position=TopRight, radius=14, center=Point(1426, 14)}, RoundedCorner{position=BottomRight, radius=14, center=Point(1426, 3074)}, RoundedCorner{position=BottomLeft, radius=14, center=Point(14, 3074)}]}  mRoundedCornerFrame=Rect(0, 0 - 1440, 3088), mPrivacyIndicatorBounds=PrivacyIndicatorBounds {static bounds=Rect(1286, 0 - 1440, 100) rotation=0}, mSources= { InsetsSource: {mType=ITYPE_STATUS_BAR, mFrame=[0,0][1440,100], mVisible=true, mInsetsRoundedCornerFrame=false}, InsetsSource: {mType=ITYPE_NAVIGATION_BAR, mFrame=[0,3088][1440,3088], mVisible=true, mInsetsRoundedCornerFrame=false}, InsetsSource: {mType=ITYPE_LEFT_GESTURES, mFrame=[0,0][0,3088], mVisible=true, mInsetsRoundedCornerFrame=false}, InsetsSource: {mType=ITYPE_RIGHT_GESTURES, mFrame=[1440,0][1440,3088], mVisible=true, mInsetsRoundedCornerFrame=false}, InsetsSource: {mType=ITYPE_TOP_MANDATORY_GESTURES, mFrame=[0,0][1440,142], mVisible=true, mInsetsRoundedCornerFrame=false}, InsetsSource: {mType=ITYPE_BOTTOM_MANDATORY_GESTURES, mFrame=[0,3018][1440,3088], mVisible=true, mInsetsRoundedCornerFrame=false}, InsetsSource: {mType=ITYPE_LEFT_DISPLAY_CUTOUT, mFrame=[0,0][-100000,3088], mVisible=true, mInsetsRoundedCornerFrame=false}, InsetsSource: {mType=ITYPE_TOP_DISPLAY_CUTOUT, mFrame=[0,0][1440,100], mVisible=true, mInsetsRoundedCornerFrame=false}, InsetsSource: {mType=ITYPE_RIGHT_DISPLAY_CUTOUT, mFrame=[100000,0][1440,3088], mVisible=true, mInsetsRoundedCornerFrame=false}, InsetsSource: {mType=ITYPE_BOTTOM_DISPLAY_CUTOUT, mFrame=[0,100000][1440,3088], mVisible=true, mInsetsRoundedCornerFrame=false}, InsetsSource: {mType=ITYPE_TOP_TAPPABLE_ELEMENT, mFrame=[0,0][1440,100], mVisible=true, mInsetsRoundedCornerFrame=false}, InsetsSource: {mType=ITYPE_BOTTOM_TAPPABLE_ELEMENT, mFrame=[0,0][0,0], mVisible=true, mInsetsRoundedCornerFrame=false}, InsetsSource: {mType=ITYPE_IME, mFrame=[0,0][0,0], mVisibleFrame=[0,3088][1440,3088], mVisible=false, mInsetsRoundedCornerFrame=false} } host=Splash Screen com.example.dogglers from=android.view.ViewRootImpl.setView:1732
09-25 13:19:28.010  3108  4605 D AS.MultiSoundManager: mForegroundUid = 10577
09-25 13:19:28.012  5639  5639 D LifecycleMonitor: Lifecycle status change: androidx.test.core.app.InstrumentationActivityInvoker$BootstrapActivity@51a0033 in: PRE_ON_CREATE
09-25 13:19:28.012  6586 10126 I SAMSUNGWALLET: [Hint_ProcessStatusChange] fg Change, pid : 5639 , isNotify : false , isForeground : true , fg list : []
09-25 13:19:28.012  5639  5639 V ActivityScenario: Activity lifecycle changed event received but ignored because the intent does not match. startActivityIntent=Intent { act=android.intent.action.MAIN cat=[android.intent.category.LAUNCHER] cmp=com.example.dogglers/.HorizontalListActivity }, activity.getIntent()=Intent { act=android.intent.action.MAIN cat=[android.intent.category.LAUNCHER] flg=0x10008000 cmp=com.example.dogglers/androidx.test.core.app.InstrumentationActivityInvoker$BootstrapActivity (has extras) }, activity=androidx.test.core.app.InstrumentationActivityInvoker$BootstrapActivity@51a0033
09-25 13:19:28.012  6586 10126 I SAMSUNGWALLET: [ProcessStatusChange] fg Change, pid : 5639 , isNotify : false , isForeground : true , fg list : []
09-25 13:19:28.013  4768  4843 I ViewRootImpl@3349bbc[dogglers]: setView = android.widget.FrameLayout@48db7a8 TM=true
09-25 13:19:28.013  4768  4843 I ViewRootImpl@3349bbc[dogglers]: performTraversals params={(0,0)(fillxfill) sim={adjust=pan} ty=APPLICATION_STARTING fmt=TRANSLUCENT wanim=0x1030001
09-25 13:19:28.013  4768  4843 I ViewRootImpl@3349bbc[dogglers]:   fl=81030118
09-25 13:19:28.013  4768  4843 I ViewRootImpl@3349bbc[dogglers]:   pfl=16000010
09-25 13:19:28.013  4768  4843 I ViewRootImpl@3349bbc[dogglers]:   bhv=DEFAULT
09-25 13:19:28.013  4768  4843 I ViewRootImpl@3349bbc[dogglers]:   fitSides= naviIconColor=0}
09-25 13:19:28.014  1914  1914 I SurfaceFlinger: [c7375dc com.sec.android.app.launcher/com.sec.android.app.launcher.activities.LauncherActivity#176] FrameRatePriority: -1
09-25 13:19:28.014  4768  4843 I ViewRootImpl@3349bbc[dogglers]: performTraversals mFirst=true windowShouldResize=true viewVisibilityChanged=false mForceNextWindowRelayout=false params={(0,0)(fillxfill) sim={adjust=pan} ty=APPLICATION_STARTING fmt=TRANSLUCENT wanim=0x1030001
09-25 13:19:28.014  4768  4843 I ViewRootImpl@3349bbc[dogglers]:   fl=81030118
09-25 13:19:28.014  4768  4843 I ViewRootImpl@3349bbc[dogglers]:   pfl=16000010
09-25 13:19:28.014  4768  4843 I ViewRootImpl@3349bbc[dogglers]:   bhv=DEFAULT
09-25 13:19:28.014  4768  4843 I ViewRootImpl@3349bbc[dogglers]:   fitSides= naviIconColor=0}
09-25 13:19:28.014  3108  4074 V WindowManager: Relayout Window{45af861 u0 Splash Screen com.example.dogglers}: viewVisibility=0 req=1440x3088 d0
09-25 13:19:28.014  1914  2140 I SurfaceFlinger: id=162424 createSurf, flag=40004, Splash Screen com.example.dogglers$_4768#162424
09-25 13:19:28.015  5639  5639 I DecorView: [INFO] isPopOver=false config=true
09-25 13:19:28.015  5639  5639 I DecorView: updateCaptionType: isFloating=false isApplication=true hasWindowDecorCaption=false this=DecorView@372bfee[]
09-25 13:19:28.015  5639  5639 D DecorView: setCaptionType = 0, this = DecorView@372bfee[]
09-25 13:19:28.015  6586 10126 I SAMSUNGWALLET: [Hint_ProcessStatusChange] fg Change, pid : 5639 , isNotify : false , isForeground : true , fg list : []
09-25 13:19:28.016  5639  5639 I DecorView: getCurrentDensityDpi: from real metrics. densityDpi=560 msg=resources_loaded
09-25 13:19:28.016  6586 10126 I SAMSUNGWALLET: [ProcessStatusChange] fg Change, pid : 5639 , isNotify : false , isForeground : true , fg list : []
09-25 13:19:28.016  5639  5639 I DecorView: setWindowBackground: isPopOver=false color=ff010101 d=android.graphics.drawable.StateListDrawable@e6a6c8f
09-25 13:19:28.016  5639  5639 D LifecycleMonitor: Lifecycle status change: androidx.test.core.app.InstrumentationActivityInvoker$BootstrapActivity@51a0033 in: CREATED
09-25 13:19:28.016  5639  5639 V ActivityScenario: Activity lifecycle changed event received but ignored because the intent does not match. startActivityIntent=Intent { act=android.intent.action.MAIN cat=[android.intent.category.LAUNCHER] cmp=com.example.dogglers/.HorizontalListActivity }, activity.getIntent()=Intent { act=android.intent.action.MAIN cat=[android.intent.category.LAUNCHER] flg=0x10008000 cmp=com.example.dogglers/androidx.test.core.app.InstrumentationActivityInvoker$BootstrapActivity (has extras) }, activity=androidx.test.core.app.InstrumentationActivityInvoker$BootstrapActivity@51a0033
09-25 13:19:28.016  6586 10126 I SAMSUNGWALLET: [Hint_ProcessStatusChange] fg Change, pid : 5639 , isNotify : false , isForeground : true , fg list : []
09-25 13:19:28.016  6586 10126 I SAMSUNGWALLET: [ProcessStatusChange] fg Change, pid : 5639 , isNotify : false , isForeground : true , fg list : []
09-25 13:19:28.017  5639  5639 D LifecycleMonitor: Lifecycle status change: androidx.test.core.app.InstrumentationActivityInvoker$BootstrapActivity@51a0033 in: STARTED
09-25 13:19:28.017  5639  5639 V ActivityScenario: Activity lifecycle changed event received but ignored because the intent does not match. startActivityIntent=Intent { act=android.intent.action.MAIN cat=[android.intent.category.LAUNCHER] cmp=com.example.dogglers/.HorizontalListActivity }, activity.getIntent()=Intent { act=android.intent.action.MAIN cat=[android.intent.category.LAUNCHER] flg=0x10008000 cmp=com.example.dogglers/androidx.test.core.app.InstrumentationActivityInvoker$BootstrapActivity (has extras) }, activity=androidx.test.core.app.InstrumentationActivityInvoker$BootstrapActivity@51a0033
09-25 13:19:28.017  3108  4073 D InputDispatcher: Focus left window (0): c7375dc com.sec.android.app.launcher/com.sec.android.app.launcher.activities.LauncherActivity
09-25 13:19:28.017  3108  4074 V WindowManager: Relayout hash=45af861, pid=4768, syncId=-1: mAttrs={(0,0)(fillxfill) sim={adjust=pan} ty=APPLICATION_STARTING fmt=TRANSLUCENT wanim=0x1030001
09-25 13:19:28.017  3108  4074 V WindowManager:   fl=81030118
09-25 13:19:28.017  3108  4074 V WindowManager:   pfl=16000010
09-25 13:19:28.017  3108  4074 V WindowManager:   bhv=DEFAULT
09-25 13:19:28.017  3108  4074 V WindowManager:   fitSides= naviIconColor=0}
09-25 13:19:28.017  5369  5369 I ViewRootImpl@7533534[LauncherActivity]: MSG_WINDOW_FOCUS_CHANGED 0 0
09-25 13:19:28.017  5369  5369 I BaseActivity: removeActivityFlags, flags : 8
09-25 13:19:28.018  4768  4843 I ViewRootImpl@3349bbc[dogglers]: updateBlastSurfaceIfNeeded mBlastBufferQueue=null isSameSurfaceControl=false
09-25 13:19:28.018  4768  4843 I BLASTBufferQueue: new BLASTBufferQueue, mName= ViewRootImpl@3349bbc[dogglers] mNativeObject= 0xb400007705019c80 sc.mNativeObject= 0xb400007721bcffa0 caller= android.view.ViewRootImpl.updateBlastSurfaceIfNeeded:2909 android.view.ViewRootImpl.relayoutWindow:9847 android.view.ViewRootImpl.performTraversals:3884 android.view.ViewRootImpl.doTraversal:3116 android.view.ViewRootImpl$TraversalRunnable.run:10885 android.view.Choreographer$CallbackRecord.run:1301 android.view.Choreographer$CallbackRecord.run:1309 android.view.Choreographer.doCallbacks:923 android.view.Choreographer.doFrame:852 android.view.Choreographer$FrameDisplayEventReceiver.run:1283
09-25 13:19:28.018  4768  4843 I BLASTBufferQueue: update, w= 1440 h= 3088 mName = ViewRootImpl@3349bbc[dogglers] mNativeObject= 0xb400007705019c80 sc.mNativeObject= 0xb400007721bcffa0 format= -3 caller= android.graphics.BLASTBufferQueue.<init>:84 android.view.ViewRootImpl.updateBlastSurfaceIfNeeded:2909 android.view.ViewRootImpl.relayoutWindow:9847 android.view.ViewRootImpl.performTraversals:3884 android.view.ViewRootImpl.doTraversal:3116 android.view.ViewRootImpl$TraversalRunnable.run:10885
09-25 13:19:28.018  4768  4843 I ViewRootImpl@3349bbc[dogglers]: Relayout returned: old=(0,0,1440,3088) new=(0,0,1440,3088) req=(1440,3088)0 dur=4 res=0x3 s={true 0xb400007701403000} ch=true seqId=0
09-25 13:19:28.019  4768  4843 I ViewRootImpl@3349bbc[dogglers]: performConfigurationChange setNightDimText nightDimLevel=0
09-25 13:19:28.019  4768  4843 I ViewRootImpl@3349bbc[dogglers]: mThreadedRenderer.initialize() mSurface={isValid=true 0xb400007701403000} hwInitialized=true
09-25 13:19:28.019  4768  4851 D OpenGLRenderer: eglCreateWindowSurface
09-25 13:19:28.020  1914  2139 I SurfaceFlinger: id=162425 createSurf, flag=80004, ActivityRecord{a40f95e u0 com.example.dogglers/.HorizontalListActivity} t7117}#162425
09-25 13:19:28.021 15715 15751 I WindowsLink: (TaskInfoManager) +++++++++++onRecentTaskStackUpdated
09-25 13:19:28.023  5369  5369 I BadgeRenderer: Invalid count : 0
09-25 13:19:28.025  5759  5759 E pageboostd: Received HALT command code 2
09-25 13:19:28.025  5639  5639 D LifecycleMonitor: Lifecycle status change: androidx.test.core.app.InstrumentationActivityInvoker$BootstrapActivity@51a0033 in: RESUMED
09-25 13:19:28.025  5639  5639 V ActivityScenario: Activity lifecycle changed event received but ignored because the intent does not match. startActivityIntent=Intent { act=android.intent.action.MAIN cat=[android.intent.category.LAUNCHER] cmp=com.example.dogglers/.HorizontalListActivity }, activity.getIntent()=Intent { act=android.intent.action.MAIN cat=[android.intent.category.LAUNCHER] flg=0x10008000 cmp=com.example.dogglers/androidx.test.core.app.InstrumentationActivityInvoker$BootstrapActivity (has extras) }, activity=androidx.test.core.app.InstrumentationActivityInvoker$BootstrapActivity@51a0033
09-25 13:19:28.025  4768  4843 I ViewRootImpl@3349bbc[dogglers]: reportNextDraw android.view.ViewRootImpl.performTraversals:4438 android.view.ViewRootImpl.doTraversal:3116 android.view.ViewRootImpl$TraversalRunnable.run:10885 android.view.Choreographer$CallbackRecord.run:1301 android.view.Choreographer$CallbackRecord.run:1309
09-25 13:19:28.025  4768  4843 I ViewRootImpl@3349bbc[dogglers]: Setup new sync id=0
09-25 13:19:28.025  4768  4843 I ViewRootImpl@3349bbc[dogglers]: Setting syncFrameCallback
09-25 13:19:28.025  4768  4843 I ViewRootImpl@3349bbc[dogglers]: registerCallbacksForSync syncBuffer=false
09-25 13:19:28.026  4768  4860 I ViewRootImpl@3349bbc[dogglers]: Received frameDrawingCallback syncResult=0 frameNum=1.
09-25 13:19:28.026  4768  4860 I ViewRootImpl@3349bbc[dogglers]: Setting up sync and frameCommitCallback
09-25 13:19:28.027  5639  5639 D LifecycleMonitor: Lifecycle status change: androidx.test.core.app.InstrumentationActivityInvoker$BootstrapActivity@51a0033 in: PAUSED
09-25 13:19:28.027  5639  5639 V ActivityScenario: Activity lifecycle changed event received but ignored because the intent does not match. startActivityIntent=Intent { act=android.intent.action.MAIN cat=[android.intent.category.LAUNCHER] cmp=com.example.dogglers/.HorizontalListActivity }, activity.getIntent()=Intent { act=android.intent.action.MAIN cat=[android.intent.category.LAUNCHER] flg=0x10008000 cmp=com.example.dogglers/androidx.test.core.app.InstrumentationActivityInvoker$BootstrapActivity (has extras) }, activity=androidx.test.core.app.InstrumentationActivityInvoker$BootstrapActivity@51a0033
09-25 13:19:28.027  5369  5369 I TopTaskTracker: onTaskMovedToFront : taskId = 7117
09-25 13:19:28.027  4768  4851 I BLASTBufferQueue: [ViewRootImpl@3349bbc[dogglers]#3977](f:0,a:0) onFrameAvailable the first frame is available
09-25 13:19:28.027  4768  4851 I ViewRootImpl@3349bbc[dogglers]: Received frameCommittedCallback lastAttemptedDrawFrameNum=1 didProduceBuffer=true
09-25 13:19:28.028  4768  4851 D OpenGLRenderer: CFMS:: SetUp Pid : 4768    Tid : 4851
09-25 13:19:28.031  3108  3146 D InputDispatcher: Focused application(0): ActivityRecord{a40f95e u0 com.example.dogglers/.HorizontalListActivity} t7117}
09-25 13:19:28.031  4768  4843 I ViewRootImpl@3349bbc[dogglers]: onSyncComplete
09-25 13:19:28.032  4768  4843 I ViewRootImpl@3349bbc[dogglers]: setupSync seqId=0 mSyncId=0 fn=1 caller=android.view.ViewRootImpl$$ExternalSyntheticLambda11.accept:6 android.window.SurfaceSyncer.lambda$setupSync$1$android-window-SurfaceSyncer:128 android.window.SurfaceSyncer$$ExternalSyntheticLambda1.accept:8 android.window.SurfaceSyncer$SyncSet.checkIfSyncIsComplete:382 android.window.SurfaceSyncer$SyncSet.markSyncReady:359 android.window.SurfaceSyncer.markSyncReady:151 android.view.ViewRootImpl.performTraversals:4503
09-25 13:19:28.032  4768  4843 I ViewRootImpl@3349bbc[dogglers]: reportDrawFinished seqId=0 mSyncId=-1 fn=1 mSurfaceChangedTransaction=0xb4000077320bfd00
09-25 13:19:28.032  3108 29076 D RemoteAppTaskWatcher:  ****** RemoteAppTaskWatcher: Message Received 5 Task ID = 0
09-25 13:19:28.034  8130  9622 I [AirCmd]_ActivitySwitchDetector: onTaskFocusChanged : taskId 7117
09-25 13:19:28.036  1914  2139 I SurfaceFlinger: id=162426 createSurf, flag=24000, Surface(name=Task=1)/@0xeddbc98 - animation-leash of app_transition#162426
09-25 13:19:28.036 15715 15751 I WindowsLink: (TaskInfoManager) +++++++++++onRecentTaskStackUpdated
09-25 13:19:28.039  1914  2140 I SurfaceFlinger: id=162427 createSurf, flag=24004, Surface(name=Task=7117)/@0xdcd636 - animation-leash of app_transition#162427
09-25 13:19:28.041  4768  5670 I ViewRootImpl@3349bbc[dogglers]: Resizing android.view.ViewRootImpl@23c92c1: frame = [0,0][1440,3088] reportDraw = false forceLayout = false syncSeqId = 0
09-25 13:19:28.041  4768  4843 I ViewRootImpl@3349bbc[dogglers]: handleResized, msg = 4 frames=ClientWindowFrames{frame=[0,0][1440,3088] display=[0,0][1440,3088] parentFrame=[0,0][0,0] parentClippedByDisplayCutout=false} forceNextWindowRelayout=false displayId=0 resizeMode=-1 frameChanged=false displayFrameChanged=false configChanged=false displayChanged=false
09-25 13:19:28.042  1914  2140 I SurfaceFlinger: id=162428 createSurf, flag=80000, ec4c862 ActivityRecordInputSink com.example.dogglers/androidx.test.core.app.InstrumentationActivityInvoker$BootstrapActivity#162428
09-25 13:19:28.043  1914  2140 I SurfaceFlinger: id=162429 createSurf, flag=80000, 5f15299 ActivityRecordInputSink com.example.dogglers/.HorizontalListActivity#162429
09-25 13:19:28.045  4768  4838 D Bubbles : onLocusVisibilityChanged: LocusId[17_chars] visible=false
09-25 13:19:28.045  5639  5639 D LifecycleMonitor: Lifecycle status change: com.example.dogglers.HorizontalListActivity@bc491b4 in: PRE_ON_CREATE
09-25 13:19:28.046  5639  5639 V ActivityScenario: Activity lifecycle changed event received but ignored because the reported transition was not ON_CREATE while the last known transition was PRE_ON_CREATE
09-25 13:19:28.046  8130  9622 I [AirCmd]_ActivitySwitchDetector: onTaskFocusChanged : componentName - ComponentInfo{com.example.dogglers/com.example.dogglers.HorizontalListActivity}
09-25 13:19:28.046  8130  9622 I [AirCmd]_ActivitySwitchDetector: onTaskFocusChanged : mTopMostActivity - ComponentInfo{com.sec.android.app.launcher/com.android.launcher3.uioverrides.QuickstepLauncher}
09-25 13:19:28.047  8130  9622 I [AirCmd]_CallbackRepeater: stopRepeat : isWorking=false
09-25 13:19:28.047  1914  1914 I Layer   : Layer [Splash Screen com.example.dogglers$_4768#162424] hidden!! flag(0)
09-25 13:19:28.048  8130  9622 I [AirCmd]_MediaControlStateMonitor: isForegroundAppSupportsMediaButton : mediaSession is empty
09-25 13:19:28.048  8130  9622 I [AirCmd]_MediaControlStateMonitor: active Notification List is null
09-25 13:19:28.048  8130  9622 I [AirCmd]_RemoteSpenMainController: hasGeneralAction : packageName is com.example.dogglers, activityName is com.example.dogglers.HorizontalListActivity, hasActions is false
09-25 13:19:28.049  8130  9622 I [AirCmd]_CameraAvailabilityMonitor: isCameraPreviewOn : mIsCameraPreviewOn is false
09-25 13:19:28.049  5639  5639 I DecorView: [INFO] isPopOver=false config=true
09-25 13:19:28.049  5639  5639 I DecorView: updateCaptionType: isFloating=false isApplication=true hasWindowDecorCaption=false this=DecorView@63c88aa[]
09-25 13:19:28.049  5639  5639 D DecorView: setCaptionType = 0, this = DecorView@63c88aa[]
09-25 13:19:28.049  8130  9622 I [AirCmd]_CameraAvailabilityMonitor: isCameraPreviewOn : mIsCameraPreviewOn is false
09-25 13:19:28.049  3108  3230 D EnterpriseDeviceManagerService: isMdmAdminPresentInternal() : MDM Admin Found - com.samsung.knox.securefolder
09-25 13:19:28.049  5639  5639 I DecorView: getCurrentDensityDpi: from real metrics. densityDpi=560 msg=resources_loaded
09-25 13:19:28.049  5639  5639 I DecorView: setWindowBackground: isPopOver=false color=ff121212 d=android.graphics.drawable.ColorDrawable@c7a6838
09-25 13:19:28.049  8130  9622 I [AirCmd]_MediaControlStateMonitor: isForegroundAppSupportsMediaButton : mediaSession is empty
09-25 13:19:28.050  8130  9622 I [AirCmd]_MediaControlStateMonitor: active Notification List is null
09-25 13:19:28.050  8130  9622 I [AirCmd]_PenActionRule: getAction : get default action data from remote action because pen action data is null.
09-25 13:19:28.050  8130  9622 I [AirCmd]_ButtonActionDetector: enableDoubleClickDetection: enabled=true, doubleClickWaitInterval=300
09-25 13:19:28.050  8130  9622 I [AirCmd]_RemoteSpenMainController: onSwitch : package is com.example.dogglers   and activity is com.example.dogglers.HorizontalListActivity and isBleConnected is false and hasActions is false
09-25 13:19:28.052  8423  8423 I ActivityUtils: HomePackage : com.sec.android.app.launcher, resumePackageName : com.example.dogglers
09-25 13:19:28.052  3108  6142 I MediaSessionMonitor: Media session stopped : controllerList empty
09-25 13:19:28.052  5639  5639 D LifecycleMonitor: Lifecycle status change: com.example.dogglers.HorizontalListActivity@bc491b4 in: CREATED
09-25 13:19:28.052  5639  5639 V ActivityScenario: Update currentActivityStage to CREATED, currentActivity=com.example.dogglers.HorizontalListActivity@bc491b4
09-25 13:19:28.053  5639  5639 D LifecycleMonitor: Lifecycle status change: com.example.dogglers.HorizontalListActivity@bc491b4 in: STARTED
09-25 13:19:28.053  5639  5639 V ActivityScenario: Update currentActivityStage to STARTED, currentActivity=com.example.dogglers.HorizontalListActivity@bc491b4
09-25 13:19:28.053  5639  5639 D LifecycleMonitor: Lifecycle status change: com.example.dogglers.HorizontalListActivity@bc491b4 in: RESUMED
09-25 13:19:28.053  5639  5639 V ActivityScenario: Update currentActivityStage to RESUMED, currentActivity=com.example.dogglers.HorizontalListActivity@bc491b4
09-25 13:19:28.054  5639  5639 I MSHandlerLifeCycle: check: return. pkg=com.example.dogglers parent=null callers=com.android.internal.policy.DecorView.setVisibility:4412 android.app.ActivityThread.handleResumeActivity:5476 android.app.servertransaction.ResumeActivityItem.execute:54 android.app.servertransaction.ActivityTransactionItem.execute:45 android.app.servertransaction.TransactionExecutor.executeLifecycleState:176
09-25 13:19:28.054  5639  5639 I MSHandlerLifeCycle: removeMultiSplitHandler: no exist. decor=DecorView@63c88aa[]
09-25 13:19:28.054  3108  3230 I SemPersonaManager: SecureFolder personaId = 150
09-25 13:19:28.055  5639  5729 D NativeCustomFrequencyManager: [NativeCFMS] BpCustomFrequencyManager::BpCustomFrequencyManager()
09-25 13:19:28.058  3108  6493 D InputTransport: Input channel constructed: 'e919e40', fd=1293
09-25 13:19:28.058  3108  6493 D InputTransport: Input channel constructed: 'e919e40', fd=1322
09-25 13:19:28.058  3108  6493 D InputTransport: Input channel constructed: 'e919e40', fd=1332
09-25 13:19:28.058  1914  4196 I SurfaceFlinger: id=162430 createSurf, flag=80004, e919e40 com.example.dogglers/com.example.dogglers.HorizontalListActivity#162430
09-25 13:19:28.058  3108  3230 D EnterpriseDeviceManagerService: isMdmAdminPresentInternal() : MDM Admin Found - com.samsung.knox.securefolder
09-25 13:19:28.059  3108  6493 D InputTransport: Input channel destroyed: 'e919e40', fd=1332
09-25 13:19:28.060  5639  5639 D InsetsController: onStateChanged: InsetsState: {mDisplayFrame=Rect(0, 0 - 1440, 3088), mDisplayCutout=DisplayCutout{insets=Rect(0, 100 - 0, 0) waterfall=Insets{left=0, top=0, right=0, bottom=0} boundingRect={Bounds=[Rect(0, 0 - 0, 0), Rect(685, 0 - 756, 100), Rect(0, 0 - 0, 0), Rect(0, 0 - 0, 0)]} cutoutPathParserInfo={CutoutPathParserInfo{displayWidth=1440 displayHeight=3088 physicalDisplayWidth=1440 physicalDisplayHeight=3088 density={3.75} cutoutSpec={M 0,0 H -9.466666666666667 V 26.66666666666667‬ H 9.466666666666667 V 0 H 0 Z @dp} rotation={0} scale={1.0} physicalPixelDisplaySizeRatio={1.0}}}}, mRoundedCorners=RoundedCorners{[RoundedCorner{position=TopLeft, radius=14, center=Point(14, 14)}, RoundedCorner{position=TopRight, radius=14, center=Point(1426, 14)}, RoundedCorner{position=BottomRight, radius=14, center=Point(1426, 3074)}, RoundedCorner{position=BottomLeft, radius=14, center=Point(14, 3074)}]}  mRoundedCornerFrame=Rect(0, 0 - 1440, 3088), mPrivacyIndicatorBounds=PrivacyIndicatorBounds {static bounds=Rect(1286, 0 - 1440, 100) rotation=0}, mSources= { InsetsSource: {mType=ITYPE_STATUS_BAR, mFrame=[0,0][1440,100], mVisible=true, mInsetsRoundedCornerFrame=false}, InsetsSource: {mType=ITYPE_NAVIGATION_BAR, mFrame=[0,3088][1440,3088], mVisible=true, mInsetsRoundedCornerFrame=false}, InsetsSource: {mType=ITYPE_LEFT_GESTURES, mFrame=[0,0][0,3088], mVisible=true, mInsetsRoundedCornerFrame=false}, InsetsSource: {mType=ITYPE_RIGHT_GESTURES, mFrame=[1440,0][1440,3088], mVisible=true, mInsetsRoundedCornerFrame=false}, InsetsSource: {mType=ITYPE_TOP_MANDATORY_GESTURES, mFrame=[0,0][1440,142], mVisible=true, mInsetsRoundedCornerFrame=false}, InsetsSource: {mType=ITYPE_BOTTOM_MANDATORY_GESTURES, mFrame=[0,3018][1440,3088], mVisible=true, mInsetsRoundedCornerFrame=false}, InsetsSource: {mType=ITYPE_LEFT_DISPLAY_CUTOUT, mFrame=[0,0][-100000,3088], mVisible=true, mInsetsRoundedCornerFrame=false}, InsetsSource: {mType=ITYPE_TOP_DISPLAY_CUTOUT, mFrame=[0,0][1440,100], mVisible=true, mInsetsRoundedCornerFrame=false}, InsetsSource: {mType=ITYPE_RIGHT_DISPLAY_CUTOUT, mFrame=[100000,0][1440,3088], mVisible=true, mInsetsRoundedCornerFrame=false}, InsetsSource: {mType=ITYPE_BOTTOM_DISPLAY_CUTOUT, mFrame=[0,100000][1440,3088], mVisible=true, mInsetsRoundedCornerFrame=false}, InsetsSource: {mType=ITYPE_TOP_TAPPABLE_ELEMENT, mFrame=[0,0][1440,100], mVisible=true, mInsetsRoundedCornerFrame=false}, InsetsSource: {mType=ITYPE_BOTTOM_TAPPABLE_ELEMENT, mFrame=[0,0][0,0], mVisible=true, mInsetsRoundedCornerFrame=false}, InsetsSource: {mType=ITYPE_IME, mFrame=[0,0][0,0], mVisibleFrame=[0,3088][1440,3088], mVisible=false, mInsetsRoundedCornerFrame=false} } host=com.example.dogglers/com.example.dogglers.HorizontalListActivity from=android.view.ViewRootImpl.setView:1732
09-25 13:19:28.061  8423  8423 I ActivityUtils: HomePackage : com.sec.android.app.launcher, resumePackageName : com.example.dogglers
09-25 13:19:28.061  3108  6142 I MediaSessionMonitor: Media session stopped : controllerList empty
09-25 13:19:28.062  5639  5639 I ViewRootImpl@367728b[HorizontalListActivity]: setView = com.android.internal.policy.DecorView@63c88aa TM=true
09-25 13:19:28.062  5639  5639 I MSHandlerLifeCycle: removeMultiSplitHandler: no exist. decor=DecorView@63c88aa[HorizontalListActivity]
09-25 13:19:28.062  3108  3338 D AnalyticsContainerHandler: handleMessage : { when=0 what=1 target=com.android.server.knox.KnoxAnalyticsContainer$AnalyticsHandler }
09-25 13:19:28.062  5639  5639 D LifecycleMonitor: Lifecycle status change: androidx.test.core.app.InstrumentationActivityInvoker$BootstrapActivity@51a0033 in: STOPPED
09-25 13:19:28.062  5639  5639 V ActivityScenario: Activity lifecycle changed event received but ignored because the intent does not match. startActivityIntent=Intent { act=android.intent.action.MAIN cat=[android.intent.category.LAUNCHER] cmp=com.example.dogglers/.HorizontalListActivity }, activity.getIntent()=Intent { act=android.intent.action.MAIN cat=[android.intent.category.LAUNCHER] flg=0x10008000 cmp=com.example.dogglers/androidx.test.core.app.InstrumentationActivityInvoker$BootstrapActivity (has extras) }, activity=androidx.test.core.app.InstrumentationActivityInvoker$BootstrapActivity@51a0033
09-25 13:19:28.066  1914  1914 D SurfaceFlinger: Display 4630947093241269891 HWC layers:
09-25 13:19:28.066  1914  1914 D SurfaceFlinger:      CLIENT | 0xb400007af6c13480 | 0100 | RGBx_8888    |  592.0    0.0 1628.0 2220.0 |    0    0 1440 3088 | Wallpaper BBQ wrapper#90
09-25 13:19:28.066  1914  1914 D SurfaceFlinger:      CLIENT | 0xb400007aeb145f80 | 0100 | RGBA_8888    |    0.0    0.0 1440.0 3088.0 |    0    0 1440 3088 | com.sec.android.app.launcher/com.sec[...]rActivity$_5369#162376 (blurRegions)
09-25 13:19:28.066  1914  1914 D SurfaceFlinger:      DEVICE | 0xb400007af86e5680 | 0100 | RGBA_8888    |    0.0    0.0 1440.0 3088.0 |  105  225 1335 2863 | Splash Screen com.example.dogglers$_4768#162424
09-25 13:19:28.066  1914  1914 D SurfaceFlinger:      DEVICE | 0xb400007af6c14880 | 0100 | RGBA_8888    |    0.0    0.0 1440.0  100.0 |    0    0 1440  100 | StatusBar$_4768#95
09-25 13:19:28.066  1914  1914 D SurfaceFlinger:      DEVICE | 0xb400007af8705400 | 0100 | RGBA_8888    |    0.0    0.0   67.0  589.0 |    0  562   67 1151 | com.samsung.android.app.cocktailbars[...]vice.CocktailBarService$_8423#156853
09-25 13:19:28.066  1914  1914 D SurfaceFlinger:      DEVICE | 0xb400007af8705500 | 0100 | RGBA_8888    |    0.0    0.0  518.0   48.0 |  922 3040 1440 3088 | SGestureOverlayWindow$_5369#156268
09-25 13:19:28.066  1914  1914 D SurfaceFlinger:      DEVICE | 0xb400007af6c15880 | 0100 | RGBA
09-25 13:19:28.066  1914  1914 D SurfaceFlinger: _8888    |    0.0    0.0 1440.0  168.0 |    0 2920 1440 3088 | NavigationBar0$_4768#92
09-25 13:19:28.066  1914  1914 D SurfaceFlinger:
09-25 13:19:28.069  5639  5639 I ViewRootImpl@367728b[HorizontalListActivity]: performTraversals params={(0,0)(fillxfill) sim={adjust=resize forwardNavigation} ty=BASE_APPLICATION wanim=0x1030309
09-25 13:19:28.069  5639  5639 I ViewRootImpl@367728b[HorizontalListActivity]:   fl=81810100
09-25 13:19:28.069  5639  5639 I ViewRootImpl@367728b[HorizontalListActivity]:   pfl=12020040
09-25 13:19:28.069  5639  5639 I ViewRootImpl@367728b[HorizontalListActivity]:   bhv=DEFAULT
09-25 13:19:28.069  5639  5639 I ViewRootImpl@367728b[HorizontalListActivity]:   fitSides= naviIconColor=0}
09-25 13:19:28.069  5639  5639 I ViewRootImpl@367728b[HorizontalListActivity]: performTraversals mFirst=true windowShouldResize=true viewVisibilityChanged=false mForceNextWindowRelayout=false params={(0,0)(fillxfill) sim={adjust=resize forwardNavigation} ty=BASE_APPLICATION wanim=0x1030309
09-25 13:19:28.069  5639  5639 I ViewRootImpl@367728b[HorizontalListActivity]:   fl=81810100
09-25 13:19:28.069  5639  5639 I ViewRootImpl@367728b[HorizontalListActivity]:   pfl=12020040
09-25 13:19:28.069  5639  5639 I ViewRootImpl@367728b[HorizontalListActivity]:   bhv=DEFAULT
09-25 13:19:28.069  5639  5639 I ViewRootImpl@367728b[HorizontalListActivity]:   fitSides= naviIconColor=0}
09-25 13:19:28.069  3108  4073 V WindowManager: Relayout Window{e919e40 u0 com.example.dogglers/com.example.dogglers.HorizontalListActivity}: viewVisibility=0 req=1440x3088 d0
09-25 13:19:28.069  1914  4196 I SurfaceFlinger: id=162431 createSurf, flag=40004, com.example.dogglers/com.example.dogglers.HorizontalListActivity$_5639#162431
09-25 13:19:28.074  1914  2140 I SurfaceFlinger: id=162432 createSurf, flag=24000, Surface(name=4eb27f5 StatusBar)/@0x43fa543 - animation-leash of insets_animation#162432
09-25 13:19:28.076  1914  2140 I SurfaceFlinger: id=162433 createSurf, flag=24000, Surface(name=d110b4c NavigationBar0)/@0x8bdb781 - animation-leash of insets_animation#162433
09-25 13:19:28.077  3108  4073 V WindowManager: Relayout hash=e919e40, pid=5639, syncId=-1: mAttrs={(0,0)(fillxfill) sim={adjust=resize forwardNavigation} ty=BASE_APPLICATION wanim=0x1030309
09-25 13:19:28.077  3108  4073 V WindowManager:   fl=81810100
09-25 13:19:28.077  3108  4073 V WindowManager:   pfl=12020040
09-25 13:19:28.077  3108  4073 V WindowManager:   bhv=DEFAULT
09-25 13:19:28.077  3108  4073 V WindowManager:   fitSides= naviIconColor=0}
09-25 13:19:28.077  5369 18817 I TouchInteractionService: onSystemUiStateChanged, stateFlags : 131120 |a11y_click|a11y_long_click|allow_gesture|
09-25 13:19:28.077  5369  5369 I RecentsAnimationDeviceState: setSystemUiFlags, stateFlags : 131120
09-25 13:19:28.077  5369  5369 W SGestureOverlayWindow: setVisibilityGestureOverlayWindow, visibility = 0
09-25 13:19:28.077  5369  5369 I TouchInteractionService: onSystemUiFlagsChanged, lastSysUIFlags : 48
09-25 13:19:28.078  5639  5639 I ViewRootImpl@367728b[HorizontalListActivity]: updateBlastSurfaceIfNeeded mBlastBufferQueue=null isSameSurfaceControl=false
09-25 13:19:28.078  5639  5639 I BLASTBufferQueue: new BLASTBufferQueue, mName= ViewRootImpl@367728b[HorizontalListActivity] mNativeObject= 0xb4000077a1041880 sc.mNativeObject= 0xb4000077a103ef20 caller= android.view.ViewRootImpl.updateBlastSurfaceIfNeeded:2909 android.view.ViewRootImpl.relayoutWindow:9847 android.view.ViewRootImpl.performTraversals:3884 android.view.ViewRootImpl.doTraversal:3116 android.view.ViewRootImpl$TraversalRunnable.run:10885 android.view.Choreographer$CallbackRecord.run:1301 android.view.Choreographer$CallbackRecord.run:1309 android.view.Choreographer.doCallbacks:923 android.view.Choreographer.doFrame:852 android.view.Choreographer$FrameDisplayEventReceiver.run:1283
09-25 13:19:28.078  5639  5639 I BLASTBufferQueue: update, w= 1440 h= 3088 mName = ViewRootImpl@367728b[HorizontalListActivity] mNativeObject= 0xb4000077a1041880 sc.mNativeObject= 0xb4000077a103ef20 format= -1 caller= android.graphics.BLASTBufferQueue.<init>:84 android.view.ViewRootImpl.updateBlastSurfaceIfNeeded:2909 android.view.ViewRootImpl.relayoutWindow:9847 android.view.ViewRootImpl.performTraversals:3884 android.view.ViewRootImpl.doTraversal:3116 android.view.ViewRootImpl$TraversalRunnable.run:10885
09-25 13:19:28.079  5639  5639 I ViewRootImpl@367728b[HorizontalListActivity]: Relayout returned: old=(0,0,1440,3088) new=(0,0,1440,3088) req=(1440,3088)0 dur=9 res=0x3 s={true 0xb400007718a5b800} ch=true seqId=0
09-25 13:19:28.079  5639  5639 I ViewRootImpl@367728b[HorizontalListActivity]: performConfigurationChange setNightDimText nightDimLevel=0
09-25 13:19:28.079  5639  5639 I ViewRootImpl@367728b[HorizontalListActivity]: mThreadedRenderer.initialize() mSurface={isValid=true 0xb400007718a5b800} hwInitialized=true
09-25 13:19:28.079  5639  5729 D OpenGLRenderer: eglCreateWindowSurface
09-25 13:19:28.081  5639  5639 I ViewRootImpl@367728b[HorizontalListActivity]: reportNextDraw android.view.ViewRootImpl.performTraversals:4438 android.view.ViewRootImpl.doTraversal:3116 android.view.ViewRootImpl$TraversalRunnable.run:10885 android.view.Choreographer$CallbackRecord.run:1301 android.view.Choreographer$CallbackRecord.run:1309
09-25 13:19:28.081  5639  5639 I ViewRootImpl@367728b[HorizontalListActivity]: Setup new sync id=0
09-25 13:19:28.081  5639  5639 I ViewRootImpl@367728b[HorizontalListActivity]: Setting syncFrameCallback
09-25 13:19:28.081  5639  5639 I ViewRootImpl@367728b[HorizontalListActivity]: registerCallbacksForSync syncBuffer=false
09-25 13:19:28.084  5639  5771 I ViewRootImpl@367728b[HorizontalListActivity]: Received frameDrawingCallback syncResult=0 frameNum=1.
09-25 13:19:28.084  5639  5771 I ViewRootImpl@367728b[HorizontalListActivity]: Setting up sync and frameCommitCallback
09-25 13:19:28.085  5639  5729 I BLASTBufferQueue: [ViewRootImpl@367728b[HorizontalListActivity]#39](f:0,a:0) onFrameAvailable the first frame is available
09-25 13:19:28.085  5639  5729 I ViewRootImpl@367728b[HorizontalListActivity]: Received frameCommittedCallback lastAttemptedDrawFrameNum=1 didProduceBuffer=true
09-25 13:19:28.085  5639  5729 D OpenGLRenderer: CFMS:: SetUp Pid : 5639    Tid : 5729
09-25 13:19:28.089  1914  1914 I SurfaceFlinger: [e919e40 com.example.dogglers/com.example.dogglers.HorizontalListActivity#162430] FrameRatePriority: 1
09-25 13:19:28.089  1914  1914 I Layer   : id=162417 removedFromDrawingState Surface(name=4eb27f5 StatusBar)/@0x43fa543 - animation-leash of insets_animation#162417 (331)
09-25 13:19:28.089  1914  1914 I Layer   : id=162418 removedFromDrawingState Surface(name=d110b4c NavigationBar0)/@0x8bdb781 - animation-leash of insets_animation#162418 (331)
09-25 13:19:28.089  1914  1914 I SurfaceFlinger: id=162417 Removed Surface(name=4eb27f5 StatusBar)/@0x43fa543 - animation-leash of insets_animation#162417 (331)
09-25 13:19:28.089  1914  1914 I SurfaceFlinger: id=162418 Removed Surface(name=d110b4c NavigationBar0)/@0x8bdb781 - animation-leash of insets_animation#162418 (331)
09-25 13:19:28.089  1914  1914 I Layer   : id=162417 Destroyed Surface(name=4eb27f5 StatusBar)/@0x43fa543 - animation-leash of insets_animation#162417
09-25 13:19:28.089  1914  1914 I Layer   : id=162418 Destroyed Surface(name=d110b4c NavigationBar0)/@0x8bdb781 - animation-leash of insets_animation#162418
09-25 13:19:28.089  5639  5639 I ViewRootImpl@367728b[HorizontalListActivity]: onSyncComplete
09-25 13:19:28.090  5639  5639 I ViewRootImpl@367728b[HorizontalListActivity]: setupSync seqId=0 mSyncId=0 fn=1 caller=android.view.ViewRootImpl$$ExternalSyntheticLambda11.accept:6 android.window.SurfaceSyncer.lambda$setupSync$1$android-window-SurfaceSyncer:128 android.window.SurfaceSyncer$$ExternalSyntheticLambda1.accept:8 android.window.SurfaceSyncer$SyncSet.checkIfSyncIsComplete:382 android.window.SurfaceSyncer$SyncSet.markSyncReady:359 android.window.SurfaceSyncer.markSyncReady:151 android.view.ViewRootImpl.performTraversals:4503
09-25 13:19:28.090  5639  5639 I ViewRootImpl@367728b[HorizontalListActivity]: reportDrawFinished seqId=0 mSyncId=-1 fn=1 mSurfaceChangedTransaction=0xb4000077cbc3fe00
09-25 13:19:28.090  3108  6474 D InputDispatcher: Focus request (0): e919e40 com.example.dogglers/com.example.dogglers.HorizontalListActivity but waiting because NO_WINDOW
09-25 13:19:28.092  3108  3227 W ziparchive: Unable to open '/data/app/~~ATcZRD0F-LmHTuxfrkuUPg==/com.example.dogglers-ejGvQ7nyEoA-Sr0nwgcZYw==/base.dm': No such file or directory
09-25 13:19:28.093  5639  5639 D RootViewPicker: Root not ready - waiting: 10ms for one to appear.
09-25 13:19:28.093  3108  3227 I PkgPredictorService-SecIpmManagerServiceImpl: reportToNAP uid:10577 com.example.dogglers/com.example.dogglers.HorizontalListActivity thisTime:102
09-25 13:19:28.093  3108  3227 I ActivityTaskManager: Displayed com.example.dogglers/.HorizontalListActivity: +102ms
09-25 13:19:28.094  1914  3193 I SurfaceFlinger: id=162434 createSurf, flag=24000, Surface(name=e919e40 com.example.dogglers/com.example.dogglers.HorizontalListActivity)/@0xa2aa722 - animation-leash of starting_reveal#162434
09-25 13:19:28.094  5759  5759 E pageboostd: Received HALT command code 2
09-25 13:19:28.097  1914  1914 I Layer   : Layer [com.example.dogglers/com.example.dogglers.HorizontalListActivity$_5639#162431] hidden!! flag(0)
09-25 13:19:28.098  3108  6266 I SemDvfsHyPerManager: acquire hyper - AMS_RESUME_TAIL/3108@20, type = -999
09-25 13:19:28.098  3108  6266 I SemDvfsHyPerManager: acquire hyper - AMS_ACT_LAZY/3108@21, type = -999
09-25 13:19:28.098  1809  1855 I HYPER-HAL: [RequestManager.cpp]acquire(): Acquired ID : 4893776  [3108 / 20]    HINT : AMS_RESUME_TAIL    list :
09-25 13:19:28.099  3108  4074 D InputDispatcher: Focus entered window (0): e919e40 com.example.dogglers/com.example.dogglers.HorizontalListActivity
09-25 13:19:28.100  5639  5639 I ViewRootImpl@367728b[HorizontalListActivity]: MSG_WINDOW_FOCUS_CHANGED 1 0
09-25 13:19:28.100  5639  5639 I ViewRootImpl@367728b[HorizontalListActivity]: mThreadedRenderer.initializeIfNeeded()#2 mSurface={isValid=true 0xb400007718a5b800}
09-25 13:19:28.100  1809  1855 I HYPER-HAL: [RequestManager.cpp]acquire(): Acquired ID : 4896906  [3108 / 21]    HINT : AMS_ACT_LAZY    list :
09-25 13:19:28.100  5639  5639 D InputMethodManager: startInputInner - Id : 0
09-25 13:19:28.100  1914  1914 D SurfaceFlinger: Display 4630947093241269891 HWC layers:
09-25 13:19:28.100  1914  1914 D SurfaceFlinger:      CLIENT | 0xb400007af6c13480 | 0100 | RGBx_8888    |  592.0    0.0 1628.0 2220.0 |    0    0 1440 3088 | Wallpaper BBQ wrapper#90
09-25 13:19:28.100  1914  1914 D SurfaceFlinger:      CLIENT | 0xb400007aeb145f80 | 0100 | RGBA_8888    |    0.0    0.0 1440.0 3088.0 |    0    0 1440 3088 | com.sec.android.app.launcher/com.sec[...]rActivity$_5369#162376 (blurRegions)
09-25 13:19:28.100  1914  1914 D SurfaceFlinger:      DEVICE | 0xb400007af86ec580 | 0102 | RGBA_8888    |    0.0    0.0 1440.0 3088.0 |   82  176 1358 2912 | com.example.dogglers/com.example.dogglers.HorizontalListActivity$_5639#162431
09-25 13:19:28.100  1914  1914 D SurfaceFlinger:      DEVICE | 0xb400007af86e5680 | 0100 | RGBA_8888    |    0.0    0.0 1440.0 3088.0 |   82  176 1358 2912 | Splash Screen com.example.dogglers$_4768#162424
09-25 13:19:28.100  1914  1914 D SurfaceFlinger:      DEVICE | 0xb400007af6c14880 | 0100 | RGBA_8888    |    0.0    0.0 1440.0  100.0 |    0    0 1440  100 | StatusBar$_4768#95
09-25 13:19:28.100  1914  1914 D SurfaceFlinger:      DEVICE | 0xb400007af8705400 | 0100 | RGBA_8888    |    0.0    0.0   67.0  589.0 |    0  562   67 1151 | com.samsung.android.app.cocktailbars[...]vice.CocktailBarService$_8423#156853
09-25 13:19:28.100  1914  1914 D SurfaceFlinger:
09-25 13:19:28.100  1914  1914 D SurfaceFlinger:   DEVICE | 0xb400007af8705500 | 0100 | RGBA_8888    |    0.0    0.0  518.0   48.0 |  922 3040 1440 3088 | SGestureOverlayWindow$_5369#156268
09-25 13:19:28.100  1914  1914 D SurfaceFlinger:      DEVICE | 0xb400007af6c15880 | 0100 | RGBA_8888    |    0.0    0.0 1440.0  168.0 |    0 2920 1440 3088 | NavigationBar0$_4768#92
09-25 13:19:28.100  1914  1914 D SurfaceFlinger:
09-25 13:19:28.100  5639  5639 I InputMethodManager: startInputInner - mService.startInputOrWindowGainedFocus
09-25 13:19:28.102  3108  6474 D InputMethodManagerService: DESKTOP MODE! : 2
09-25 13:19:28.102  3108  6474 D InputMethodManagerService: NOT IN KNOX DESKTOP MODE!
09-25 13:19:28.102  3108  6474 V InputMethodManagerService: getDisplayIdOfInputMethodWindowToBeAdded: displayId=0
09-25 13:19:28.102  3108  6474 D InputMethodManagerService: isImeSwitcherDisabledPackage : false
09-25 13:19:28.102  3108  6474 D InputMethodManagerService: checkDisplayOfStartInputAndUpdateKeyboard: displayId=0, mFocusedDisplayId=0
09-25 13:19:28.102  3108  6474 D InputTransport: Input channel constructed: 'ClientS', fd=1332
09-25 13:19:28.102  3108  6474 D InputTransport: Input channel destroyed: 'ClientS', fd=1332
09-25 13:19:28.103  5639  5639 I ViewInteraction: Performing 'fast swipe' action on view view.getId() is <2131230945/com.example.dogglers:id/horizontal_recycler_view>
09-25 13:19:28.103   586   586 I MSHandlerLifeCycle: check: return. pkg=com.google.android.inputmethod.latin isActivity=false callers=com.android.internal.policy.DecorView.setVisibility:4412 android.inputmethodservice.InkWindow.hide:100 android.inputmethodservice.InputMethodService$InputMethodImpl.unbindInput:875 android.inputmethodservice.IInputMethodWrapper.executeMessage:198 com.android.internal.os.HandlerCaller$MyHandler.handleMessage:44
09-25 13:19:28.103   586   586 I MSHandlerLifeCycle: removeMultiSplitHandler: no exist. decor=DecorView@722edec[]
09-25 13:19:28.103   586   586 I GoogleInputMethodService: GoogleInputMethodService.onFinishInput():3267
09-25 13:19:28.104  3108  6474 D InputDispatcher: Inject motion (5639/10577): action=0x0, time=811546067000000, f=0x0, d=0 dsdx=1.000000 dtdx=0.000000
09-25 13:19:28.104  1914  3193 I SurfaceFlinger: id=162435 createSurf, flag=24004, Surface(name=6a358c3 InputMethod)/@0x1a6cc79 - animation-leash of insets_animation#162435
09-25 13:19:28.104  3108  4144 W InputDispatcher: obscured by 45af861 Splash
09-25 13:19:28.104  3108  4144 I InputDispatcher: Delivering touch to (4768): action: 0x4, f=0x0, d=0, 'd110b4c', t=0
09-25 13:19:28.104   586   586 I GoogleInputMethodService: GoogleInputMethodService.updateDeviceLockedStatus():2097 repeatCheckTimes = 0, locked = false
09-25 13:19:28.104  3108  4144 I InputDispatcher: Delivering touch to (5639): action: 0x0, f=0x1, d=0, 'e919e40', t=0 +(-92,-198)*(1.13)
09-25 13:19:28.104   586   586 D InputMethodService: checkFocusedDisplay() display Id 0last 0
