09-25 13:19:33.500  3108  6492 D InputTransport: Input channel constructed: 'e81acbb', fd=1336
09-25 13:19:33.500  1914  2139 I SurfaceFlinger: id=162675 createSurf, flag=80004, e81acbb com.example.dogglers/androidx.test.core.app.InstrumentationActivityInvoker$EmptyActivity#162675
09-25 13:19:33.501  8423  8423 I ActivityUtils: HomePackage : com.sec.android.app.launcher, resumePackageName : com.example.dogglers
09-25 13:19:33.502  3108  6492 D InputTransport: Input channel destroyed: 'e81acbb', fd=1336
09-25 13:19:33.503  5639  5639 D InsetsController: onStateChanged: InsetsState: {mDisplayFrame=Rect(0, 0 - 1440, 3088), mDisplayCutout=DisplayCutout{insets=Rect(0, 100 - 0, 0) waterfall=Insets{left=0, top=0, right=0, bottom=0} boundingRect={Bounds=[Rect(0, 0 - 0, 0), Rect(685, 0 - 756, 100), Rect(0, 0 - 0, 0), Rect(0, 0 - 0, 0)]} cutoutPathParserInfo={CutoutPathParserInfo{displayWidth=1440 displayHeight=3088 physicalDisplayWidth=1440 physicalDisplayHeight=3088 density={3.75} cutoutSpec={M 0,0 H -9.466666666666667 V 26.66666666666667‬ H 9.466666666666667 V 0 H 0 Z @dp} rotation={0} scale={1.0} physicalPixelDisplaySizeRatio={1.0}}}}, mRoundedCorners=RoundedCorners{[RoundedCorner{position=TopLeft, radius=14, center=Point(14, 14)}, RoundedCorner{position=TopRight, radius=14, center=Point(1426, 14)}, RoundedCorner{position=BottomRight, radius=14, center=Point(1426, 3074)}, RoundedCorner{position=BottomLeft, radius=14, center=Point(14, 3074)}]}  mRoundedCornerFrame=Rect(0, 0 - 1440, 3088), mPrivacyIndicatorBounds=PrivacyIndicatorBounds {static bounds=Rect(1286, 0 - 1440, 100) rotation=0}, mSources= { InsetsSource: {mType=ITYPE_STATUS_BAR, mFrame=[0,0][1440,100], mVisible=true, mInsetsRoundedCornerFrame=false}, InsetsSource: {mType=ITYPE_NAVIGATION_BAR, mFrame=[0,3088][1440,3088], mVisible=true, mInsetsRoundedCornerFrame=false}, InsetsSource: {mType=ITYPE_LEFT_GESTURES, mFrame=[0,0][0,3088], mVisible=true, mInsetsRoundedCornerFrame=false}, InsetsSource: {mType=ITYPE_RIGHT_GESTURES, mFrame=[1440,0][1440,3088], mVisible=true, mInsetsRoundedCornerFrame=false}, InsetsSource: {mType=ITYPE_TOP_MANDATORY_GESTURES, mFrame=[0,0][1440,142], mVisible=true, mInsetsRoundedCornerFrame=false}, InsetsSource: {mType=ITYPE_BOTTOM_MANDATORY_GESTURES, mFrame=[0,3018][1440,3088], mVisible=true, mInsetsRoundedCornerFrame=false}, InsetsSource: {mType=ITYPE_LEFT_DISPLAY_CUTOUT, mFrame=[0,0][-100000,3088], mVisible=true, mInsetsRoundedCornerFrame=false}, InsetsSource: {mType=ITYPE_TOP_DISPLAY_CUTOUT, mFrame=[0,0][1440,100], mVisible=true, mInsetsRoundedCornerFrame=false}, InsetsSource: {mType=ITYPE_RIGHT_DISPLAY_CUTOUT, mFrame=[100000,0][1440,3088], mVisible=true, mInsetsRoundedCornerFrame=false}, InsetsSource: {mType=ITYPE_BOTTOM_DISPLAY_CUTOUT, mFrame=[0,100000][1440,3088], mVisible=true, mInsetsRoundedCornerFrame=false}, InsetsSource: {mType=ITYPE_TOP_TAPPABLE_ELEMENT, mFrame=[0,0][1440,100], mVisible=true, mInsetsRoundedCornerFrame=false}, InsetsSource: {mType=ITYPE_BOTTOM_TAPPABLE_ELEMENT, mFrame=[0,0][0,0], mVisible=true, mInsetsRoundedCornerFrame=false} } host=com.example.dogglers/androidx.test.core.app.InstrumentationActivityInvoker$EmptyActivity from=android.view.ViewRootImpl.setView:1732
09-25 13:19:33.505  5639  5639 I ViewRootImpl@3d6cf4d[InstrumentationActivityInvoker$EmptyActivity]: setView = com.android.internal.policy.DecorView@d5e7c76 TM=true
09-25 13:19:33.505  5639  5639 I MSHandlerLifeCycle: removeMultiSplitHandler: no exist. decor=DecorView@d5e7c76[InstrumentationActivityInvoker$EmptyActivity]
09-25 13:19:33.506  3108  3338 D AnalyticsContainerHandler: handleMessage : { when=0 what=1 target=com.android.server.knox.KnoxAnalyticsContainer$AnalyticsHandler }
09-25 13:19:33.507  5369  5369 I ViewRootImpl@7533534[LauncherActivity]: handleAppVisibility mAppVisible = true visible = false
09-25 13:19:33.507 21794 21794 I ViewRootImpl@888ef3d[LauncherActivity]: handleAppVisibility mAppVisible = true visible = false
09-25 13:19:33.507  5639  5639 I ViewRootImpl@3d6cf4d[InstrumentationActivityInvoker$EmptyActivity]: performTraversals params={(0,0)(fillxfill) sim={adjust=pan forwardNavigation} ty=BASE_APPLICATION wanim=0x1030001
09-25 13:19:33.507  5639  5639 I ViewRootImpl@3d6cf4d[InstrumentationActivityInvoker$EmptyActivity]:   fl=1810100
09-25 13:19:33.507  5639  5639 I ViewRootImpl@3d6cf4d[InstrumentationActivityInvoker$EmptyActivity]:   pfl=12020040
09-25 13:19:33.507  5639  5639 I ViewRootImpl@3d6cf4d[InstrumentationActivityInvoker$EmptyActivity]:   bhv=DEFAULT
09-25 13:19:33.507  5639  5639 I ViewRootImpl@3d6cf4d[InstrumentationActivityInvoker$EmptyActivity]:   fitSides= naviIconColor=0}
09-25 13:19:33.508  5639  5639 I ViewRootImpl@3d6cf4d[InstrumentationActivityInvoker$EmptyActivity]: performTraversals mFirst=true windowShouldResize=true viewVisibilityChanged=false mForceNextWindowRelayout=false params={(0,0)(fillxfill) sim={adjust=pan forwardNavigation} ty=BASE_APPLICATION wanim=0x1030001
09-25 13:19:33.508  5639  5639 I ViewRootImpl@3d6cf4d[InstrumentationActivityInvoker$EmptyActivity]:   fl=1810100
09-25 13:19:33.508  5639  5639 I ViewRootImpl@3d6cf4d[InstrumentationActivityInvoker$EmptyActivity]:   pfl=12020040
09-25 13:19:33.508  5639  5639 I ViewRootImpl@3d6cf4d[InstrumentationActivityInvoker$EmptyActivity]:   bhv=DEFAULT
09-25 13:19:33.508  5639  5639 I ViewRootImpl@3d6cf4d[InstrumentationActivityInvoker$EmptyActivity]:   fitSides= naviIconColor=0}
09-25 13:19:33.508  4768  5670 D WallpaperService: dispatchAppVisibility onVisibilityChanged(): false
09-25 13:19:33.508  4768  4768 D WallpaperService: reportVisibility onVisibilityChanged visible: false
09-25 13:19:33.508  4768  4880 I ImageWallpaper[GLEngine]:  onVisibilityChanged false , 0
09-25 13:19:33.510  3108  6456 V WindowManager: Relayout Window{e81acbb u0 com.example.dogglers/androidx.test.core.app.InstrumentationActivityInvoker$EmptyActivity}: viewVisibility=0 req=1440x3088 d0
09-25 13:19:33.510  1914  3193 I SurfaceFlinger: id=162676 createSurf, flag=40004, com.example.dogglers/androidx.test.core.app.InstrumentationActivityInvoker$EmptyActivity$_5639#162676
09-25 13:19:33.512  1914  3193 I SurfaceFlinger: id=162677 createSurf, flag=24000, Surface(name=4eb27f5 StatusBar)/@0x43fa543 - animation-leash of insets_animation#162677
09-25 13:19:33.513  1914  3193 I SurfaceFlinger: id=162678 createSurf, flag=24000, Surface(name=d110b4c NavigationBar0)/@0x8bdb781 - animation-leash of insets_animation#162678
09-25 13:19:33.513  3108  6456 V WindowManager: Relayout hash=e81acbb, pid=5639, syncId=-1: mAttrs={(0,0)(fillxfill) sim={adjust=pan forwardNavigation} ty=BASE_APPLICATION wanim=0x1030001
09-25 13:19:33.513  3108  6456 V WindowManager:   fl=1810100
09-25 13:19:33.513  3108  6456 V WindowManager:   pfl=12020040
09-25 13:19:33.513  3108  6456 V WindowManager:   bhv=DEFAULT
09-25 13:19:33.513  3108  6456 V WindowManager:   fitSides= naviIconColor=0}
09-25 13:19:33.514  5639  5639 D InsetsController: onStateChanged: InsetsState: {mDisplayFrame=Rect(0, 0 - 1440, 3088), mDisplayCutout=DisplayCutout{insets=Rect(0, 100 - 0, 0) waterfall=Insets{left=0, top=0, right=0, bottom=0} boundingRect={Bounds=[Rect(0, 0 - 0, 0), Rect(685, 0 - 756, 100), Rect(0, 0 - 0, 0), Rect(0, 0 - 0, 0)]} cutoutPathParserInfo={CutoutPathParserInfo{displayWidth=1440 displayHeight=3088 physicalDisplayWidth=1440 physicalDisplayHeight=3088 density={3.75} cutoutSpec={M 0,0 H -9.466666666666667 V 26.66666666666667‬ H 9.466666666666667 V 0 H 0 Z @dp} rotation={0} scale={1.0} physicalPixelDisplaySizeRatio={1.0}}}}, mRoundedCorners=RoundedCorners{[RoundedCorner{position=TopLeft, radius=14, center=Point(14, 14)}, RoundedCorner{position=TopRight, radius=14, center=Point(1426, 14)}, RoundedCorner{position=BottomRight, radius=14, center=Point(1426, 3074)}, RoundedCorner{position=BottomLeft, radius=14, center=Point(14, 3074)}]}  mRoundedCornerFrame=Rect(0, 0 - 1440, 3088), mPrivacyIndicatorBounds=PrivacyIndicatorBounds {static bounds=Rect(1286, 0 - 1440, 100) rotation=0}, mSources= { InsetsSource: {mType=ITYPE_STATUS_BAR, mFrame=[0,0][1440,100], mVisible=true, mInsetsRoundedCornerFrame=false}, InsetsSource: {mType=ITYPE_NAVIGATION_BAR, mFrame=[0,3088][1440,3088], mVisible=true, mInsetsRoundedCornerFrame=false}, InsetsSource: {mType=ITYPE_LEFT_GESTURES, mFrame=[0,0][0,3088], mVisible=true, mInsetsRoundedCornerFrame=false}, InsetsSource: {mType=ITYPE_RIGHT_GESTURES, mFrame=[1440,0][1440,3088], mVisible=true, mInsetsRoundedCornerFrame=false}, InsetsSource: {mType=ITYPE_TOP_MANDATORY_GESTURES, mFrame=[0,0][1440,142], mVisible=true, mInsetsRoundedCornerFrame=false}, InsetsSource: {mType=ITYPE_BOTTOM_MANDATORY_GESTURES, mFrame=[0,3018][1440,3088], mVisible=true, mInsetsRoundedCornerFrame=false}, InsetsSource: {mType=ITYPE_LEFT_DISPLAY_CUTOUT, mFrame=[0,0][-100000,3088], mVisible=true, mInsetsRoundedCornerFrame=false}, InsetsSource: {mType=ITYPE_TOP_DISPLAY_CUTOUT, mFrame=[0,0][1440,100], mVisible=true, mInsetsRoundedCornerFrame=false}, InsetsSource: {mType=ITYPE_RIGHT_DISPLAY_CUTOUT, mFrame=[100000,0][1440,3088], mVisible=true, mInsetsRoundedCornerFrame=false}, InsetsSource: {mType=ITYPE_BOTTOM_DISPLAY_CUTOUT, mFrame=[0,100000][1440,3088], mVisible=true, mInsetsRoundedCornerFrame=false}, InsetsSource: {mType=ITYPE_TOP_TAPPABLE_ELEMENT, mFrame=[0,0][1440,100], mVisible=true, mInsetsRoundedCornerFrame=false}, InsetsSource: {mType=ITYPE_BOTTOM_TAPPABLE_ELEMENT, mFrame=[0,0][0,0], mVisible=true, mInsetsRoundedCornerFrame=false}, InsetsSource: {mType=ITYPE_IME, mFrame=[0,0][0,0], mVisibleFrame=[0,3088][1440,3088], mVisible=false, mInsetsRoundedCornerFrame=false} } host=com.example.dogglers/androidx.test.core.app.InstrumentationActivityInvoker$EmptyActivity from=android.view.ViewRootImpl.relayoutWindow:9802
09-25 13:19:33.515  1914  1914 I Layer   : id=162654 removedFromDrawingState Splash Screen com.example.dogglers$_4768#162654 (342)
09-25 13:19:33.516  1914  1914 I Layer   : id=162656 removedFromDrawingState Surface(name=Task=1)/@0xeddbc98 - animation-leash of app_transition#162656 (342)
09-25 13:19:33.516  1914  1914 I Layer   : id=162653 removedFromDrawingState cd06217 Splash Screen com.example.dogglers#162653 (342)
09-25 13:19:33.516  1914  1914 I Layer   : id=162657 removedFromDrawingState Surface(name=Task=7123)/@0x74c4c91 - animation-leash of app_transition#162657 (342)
09-25 13:19:33.516  1914  1914 I Layer   : Layer [Splash Screen com.example.dogglers$_4768#162654] hidden!! flag(1)
09-25 13:19:33.516  1914  1914 I Layer   : Layer [com.sec.android.app.launcher/com.sec.android.app.launcher.activities.LauncherActivity$_5369#162641] hidden!! flag(1)
09-25 13:19:33.516  1914  1914 I Layer   : Layer [com.sec.android.app.launcher/com.sec.android.app.launcher.activities.LauncherActivity$_21794#162640] hidden!! flag(1)
09-25 13:19:33.516  1914  1914 I Layer   : Layer [com.example.dogglers/com.example.dogglers.VerticalListActivity$_5639#162661] hidden!! flag(1)
09-25 13:19:33.516  1914  1914 I SurfaceFlinger: id=162653 Removed cd06217 Splash Screen com.example.dogglers#162653 (342)
09-25 13:19:33.516  1914  1914 I SurfaceFlinger: id=162654 Removed Splash Screen com.example.dogglers$_4768#162654 (342)
09-25 13:19:33.516  1914  1914 I SurfaceFlinger: id=162657 Removed Surface(name=Task=7123)/@0x74c4c91 - animation-leash of app_transition#162657 (342)
09-25 13:19:33.516  1914  1914 I SurfaceFlinger: id=162656 Removed Surface(name=Task=1)/@0xeddbc98 - animation-leash of app_transition#162656 (342)
09-25 13:19:33.516  1914  1914 I Layer   : id=162653 Destroyed cd06217 Splash Screen com.example.dogglers#162653
09-25 13:19:33.516 21794 13251 D OpenGLRenderer: setSurface called with nullptr
09-25 13:19:33.516 21794 13251 D OpenGLRenderer: setSurface() destroyed EGLSurface
09-25 13:19:33.516  1914  1914 I Layer   : id=162654 Destroyed Splash Screen com.example.dogglers$_4768#162654
09-25 13:19:33.516 21794 13251 D OpenGLRenderer: destroyEglSurface
09-25 13:19:33.516  1914  1914 I Layer   : id=162656 Destroyed Surface(name=Task=1)/@0xeddbc98 - animation-leash of app_transition#162656
09-25 13:19:33.516  5639  5639 I ViewRootImpl@3d6cf4d[InstrumentationActivityInvoker$EmptyActivity]: updateBlastSurfaceIfNeeded mBlastBufferQueue=null isSameSurfaceControl=false
09-25 13:19:33.516  1914  1914 I Layer   : id=162657 Destroyed Surface(name=Task=7123)/@0x74c4c91 - animation-leash of app_transition#162657
09-25 13:19:33.516  5639  5639 I BLASTBufferQueue: new BLASTBufferQueue, mName= ViewRootImpl@3d6cf4d[InstrumentationActivityInvoker$EmptyActivity] mNativeObject= 0xb4000077a1041c00 sc.mNativeObject= 0xb4000077b1d3a620 caller= android.view.ViewRootImpl.updateBlastSurfaceIfNeeded:2909 android.view.ViewRootImpl.relayoutWindow:9847 android.view.ViewRootImpl.performTraversals:3884 android.view.ViewRootImpl.doTraversal:3116 android.view.ViewRootImpl$TraversalRunnable.run:10885 android.view.Choreographer$CallbackRecord.run:1301 android.view.Choreographer$CallbackRecord.run:1309 android.view.Choreographer.doCallbacks:923 android.view.Choreographer.doFrame:852 android.view.Choreographer$FrameDisplayEventReceiver.run:1283
09-25 13:19:33.516  5639  5639 I BLASTBufferQueue: update, w= 1440 h= 3088 mName = ViewRootImpl@3d6cf4d[InstrumentationActivityInvoker$EmptyActivity] mNativeObject= 0xb4000077a1041c00 sc.mNativeObject= 0xb4000077b1d3a620 format= -1 caller= android.graphics.BLASTBufferQueue.<init>:84 android.view.ViewRootImpl.updateBlastSurfaceIfNeeded:2909 android.view.ViewRootImpl.relayoutWindow:9847 android.view.ViewRootImpl.performTraversals:3884 android.view.ViewRootImpl.doTraversal:3116 android.view.ViewRootImpl$TraversalRunnable.run:10885
09-25 13:19:33.517  5639  5639 I ViewRootImpl@3d6cf4d[InstrumentationActivityInvoker$EmptyActivity]: Relayout returned: old=(0,0,1440,3088) new=(0,0,1440,3088) req=(1440,3088)0 dur=8 res=0x3 s={true 0xb40000774d4d6000} ch=true seqId=0
09-25 13:19:33.517 21794 21794 I ViewRootImpl@888ef3d[LauncherActivity]: performTraversals mFirst=false windowShouldResize=false viewVisibilityChanged=true mForceNextWindowRelayout=false params=null
09-25 13:19:33.517  5639  5639 I ViewRootImpl@3d6cf4d[InstrumentationActivityInvoker$EmptyActivity]: performConfigurationChange setNightDimText nightDimLevel=0
09-25 13:19:33.517  1914  1914 D SurfaceFlinger: GPIS:: requestGPIS
09-25 13:19:33.517  3108  6456 V WindowManager: Relayout Window{294099b u0 com.sec.android.app.launcher/com.sec.android.app.launcher.activities.LauncherActivity}: viewVisibility=8 req=1440x3088 d0
09-25 13:19:33.517  5639  5639 I ViewRootImpl@3d6cf4d[InstrumentationActivityInvoker$EmptyActivity]: mThreadedRenderer.initialize() mSurface={isValid=true 0xb40000774d4d6000} hwInitialized=true
09-25 13:19:33.518  5639  5729 D OpenGLRenderer: eglCreateWindowSurface
09-25 13:19:33.519  3108  6456 V WindowManager: Relayout hash=294099b, pid=21794, syncId=-1: mAttrs={(0,0)(fillxfill) gr=LEFT CENTER_HORIZONTAL sim={adjust=resize} layoutInDisplayCutoutMode=shortEdges ty=DRAWN_APPLICATION fmt=TRANSPARENT wanim=0x10302f4 alpha=0.0
09-25 13:19:33.519  3108  6456 V WindowManager:   fl=81850118
09-25 13:19:33.519  3108  6456 V WindowManager:   pfl=16020040
09-25 13:19:33.519  3108  6456 V WindowManager:   bhv=DEFAULT
09-25 13:19:33.519  3108  6456 V WindowManager:   fitSides=
09-25 13:19:33.519  3108  6456 V WindowManager:  dimAmount=0.0 naviIconColor=0}
09-25 13:19:33.519  5639  5639 I ViewRootImpl@3d6cf4d[InstrumentationActivityInvoker$EmptyActivity]: reportNextDraw android.view.ViewRootImpl.performTraversals:4438 android.view.ViewRootImpl.doTraversal:3116 android.view.ViewRootImpl$TraversalRunnable.run:10885 android.view.Choreographer$CallbackRecord.run:1301 android.view.Choreographer$CallbackRecord.run:1309
09-25 13:19:33.519  5639  5639 I ViewRootImpl@3d6cf4d[InstrumentationActivityInvoker$EmptyActivity]: Setup new sync id=0
09-25 13:19:33.519  5639  5639 I ViewRootImpl@3d6cf4d[InstrumentationActivityInvoker$EmptyActivity]: Setting syncFrameCallback
09-25 13:19:33.519  5639  5639 I ViewRootImpl@3d6cf4d[InstrumentationActivityInvoker$EmptyActivity]: registerCallbacksForSync syncBuffer=false
09-25 13:19:33.519 21794 21794 D InsetsController: onStateChanged: InsetsState: {mDisplayFrame=Rect(0, 0 - 1440, 3088), mDisplayCutout=DisplayCutout{insets=Rect(0, 100 - 0, 0) waterfall=Insets{left=0, top=0, right=0, bottom=0} boundingRect={Bounds=[Rect(0, 0 - 0, 0), Rect(685, 0 - 756, 100), Rect(0, 0 - 0, 0), Rect(0, 0 - 0, 0)]} cutoutPathParserInfo={CutoutPathParserInfo{displayWidth=1440 displayHeight=3088 physicalDisplayWidth=1440 physicalDisplayHeight=3088 density={3.75} cutoutSpec={M 0,0 H -9.466666666666667 V 26.66666666666667‬ H 9.466666666666667 V 0 H 0 Z @dp} rotation={0} scale={1.0} physicalPixelDisplaySizeRatio={1.0}}}}, mRoundedCorners=RoundedCorners{[RoundedCorner{position=TopLeft, radius=14, center=Point(14, 14)}, RoundedCorner{position=TopRight, radius=14, center=Point(1426, 14)}, RoundedCorner{position=BottomRight, radius=14, center=Point(1426, 3074)}, RoundedCorner{position=BottomLeft, radius=14, center=Point(14, 3074)}]}  mRoundedCornerFrame=Rect(0, 0 - 1440, 3088), mPrivacyIndicatorBounds=PrivacyIndicatorBounds {static bounds=Rect(1286, 0 - 1440, 100) rotation=0}, mSources= { InsetsSource: {mType=ITYPE_STATUS_BAR, mFrame=[0,0][1440,100], mVisible=true, mInsetsRoundedCornerFrame=false}, InsetsSource: {mType=ITYPE_NAVIGATION_BAR, mFrame=[0,3088][1440,3088], mVisible=true, mInsetsRoundedCornerFrame=false}, InsetsSource: {mType=ITYPE_LEFT_GESTURES, mFrame=[0,0][0,3088], mVisible=true, mInsetsRoundedCornerFrame=false}, InsetsSource: {mType=ITYPE_RIGHT_GESTURES, mFrame=[1440,0][1440,3088], mVisible=true, mInsetsRoundedCornerFrame=false}, InsetsSource: {mType=ITYPE_TOP_MANDATORY_GESTURES, mFrame=[0,0][1440,142], mVisible=true, mInsetsRoundedCornerFrame=false}, InsetsSource: {mType=ITYPE_BOTTOM_MANDATORY_GESTURES, mFrame=[0,3018][1440,3088], mVisible=true, mInsetsRoundedCornerFrame=false}, InsetsSource: {mType=ITYPE_LEFT_DISPLAY_CUTOUT, mFrame=[0,0][-100000,3088], mVisible=true, mInsetsRoundedCornerFrame=false}, InsetsSource: {mType=ITYPE_TOP_DISPLAY_CUTOUT, mFrame=[0,0][1440,100], mVisible=true, mInsetsRoundedCornerFrame=false}, InsetsSource: {mType=ITYPE_RIGHT_DISPLAY_CUTOUT, mFrame=[100000,0][1440,3088], mVisible=true, mInsetsRoundedCornerFrame=false}, InsetsSource: {mType=ITYPE_BOTTOM_DISPLAY_CUTOUT, mFrame=[0,100000][1440,3088], mVisible=true, mInsetsRoundedCornerFrame=false}, InsetsSource: {mType=ITYPE_TOP_TAPPABLE_ELEMENT, mFrame=[0,0][1440,100], mVisible=true, mInsetsRoundedCornerFrame=false}, InsetsSource: {mType=ITYPE_BOTTOM_TAPPABLE_ELEMENT, mFrame=[0,0][0,0], mVisible=true, mInsetsRoundedCornerFrame=false} } host=com.sec.android.app.launcher/com.sec.android.app.launcher.activities.LauncherActivity from=android.view.ViewRootImpl.relayoutWindow:9802
09-25 13:19:33.520  5639  5771 I ViewRootImpl@3d6cf4d[InstrumentationActivityInvoker$EmptyActivity]: Received frameDrawingCallback syncResult=0 frameNum=1.
09-25 13:19:33.520  5639  5771 I ViewRootImpl@3d6cf4d[InstrumentationActivityInvoker$EmptyActivity]: Setting up sync and frameCommitCallback
09-25 13:19:33.521 21794 21794 I ViewRootImpl@888ef3d[LauncherActivity]: Relayout returned: old=(0,0,1440,3088) new=(0,0,1440,3088) req=(1440,3088)8 dur=3 res=0x2 s={false 0x0} ch=true seqId=0
09-25 13:19:33.521 21794 21794 I dmtd    : (REDACTED) onApplyWindowInsets: systemWindowInsets=%s
09-25 13:19:33.521 21794 21794 I dmtd    : (REDACTED) onApplyWindowInsets: systemWindowInsets=%s
09-25 13:19:33.522  5369  5369 I ViewRootImpl@7533534[LauncherActivity]: performTraversals mFirst=false windowShouldResize=false viewVisibilityChanged=true mForceNextWindowRelayout=false params=null
09-25 13:19:33.523  1914  1914 I Layer   : id=162670 removedFromDrawingState Surface(name=4eb27f5 StatusBar)/@0x43fa543 - animation-leash of insets_animation#162670 (338)
09-25 13:19:33.523  1914  1914 I Layer   : id=162671 removedFromDrawingState Surface(name=d110b4c NavigationBar0)/@0x8bdb781 - animation-leash of insets_animation#162671 (338)
09-25 13:19:33.523  1914  1914 I SurfaceFlinger: [e81acbb com.example.dogglers/androidx.test.core.app.InstrumentationActivityInvoker$EmptyActivity#162675] FrameRatePriority: 1
09-25 13:19:33.523  5639  5729 I BLASTBufferQueue: [ViewRootImpl@3d6cf4d[InstrumentationActivityInvoker$EmptyActivity]#59](f:0,a:0) onFrameAvailable the first frame is available
09-25 13:19:33.523  5639  5729 I ViewRootImpl@3d6cf4d[InstrumentationActivityInvoker$EmptyActivity]: Received frameCommittedCallback lastAttemptedDrawFrameNum=1 didProduceBuffer=true
09-25 13:19:33.524  5639  5729 D OpenGLRenderer: CFMS:: SetUp Pid : 5639    Tid : 5729
09-25 13:19:33.525  3108  4074 D InputDispatcher: Focus request (0): e81acbb com.example.dogglers/androidx.test.core.app.InstrumentationActivityInvoker$EmptyActivity but waiting because NO_WINDOW
09-25 13:19:33.526  3108  9815 V WindowManager: Relayout Window{c7375dc u0 com.sec.android.app.launcher/com.sec.android.app.launcher.activities.LauncherActivity}: viewVisibility=8 req=1440x3088 d0
09-25 13:19:33.527  5639  5639 I ViewRootImpl@3d6cf4d[InstrumentationActivityInvoker$EmptyActivity]: onSyncComplete
09-25 13:19:33.527  5639  5639 I ViewRootImpl@3d6cf4d[InstrumentationActivityInvoker$EmptyActivity]: setupSync seqId=0 mSyncId=0 fn=1 caller=android.view.ViewRootImpl$$ExternalSyntheticLambda11.accept:6 android.window.SurfaceSyncer.lambda$setupSync$1$android-window-SurfaceSyncer:128 android.window.SurfaceSyncer$$ExternalSyntheticLambda1.accept:8 android.window.SurfaceSyncer$SyncSet.checkIfSyncIsComplete:382 android.window.SurfaceSyncer$SyncSet.markSyncReady:359 android.window.SurfaceSyncer.markSyncReady:151 android.view.ViewRootImpl.performTraversals:4503
09-25 13:19:33.527  5639  5639 I ViewRootImpl@3d6cf4d[InstrumentationActivityInvoker$EmptyActivity]: reportDrawFinished seqId=0 mSyncId=-1 fn=1 mSurfaceChangedTransaction=0xb40000774d51a300
09-25 13:19:33.527  5639  5639 I ViewRootImpl@c5f4c08[InstrumentationActivityInvoker$EmptyActivity]: MSG_WINDOW_FOCUS_CHANGED 0 0
09-25 13:19:33.527  3108  9815 V WindowManager: Relayout hash=c7375dc, pid=5369, syncId=-1: mAttrs={(0,0)(fillxfill) sim={adjust=nothing forwardNavigation} layoutInDisplayCutoutMode=shortEdges ty=BASE_APPLICATION fmt=TRANSPARENT wanim=0x10302f4
09-25 13:19:33.527  3108  9815 V WindowManager:   fl=81910100
09-25 13:19:33.527  3108  9815 V WindowManager:   pfl=1e020040
09-25 13:19:33.527  3108  9815 V WindowManager:   vsysui=1700
09-25 13:19:33.527  3108  9815 V WindowManager:   bhv=SHOW_TRANSIENT_BARS_BY_SWIPE
09-25 13:19:33.527  3108  9815 V WindowManager:   fitSides= naviIconColor=0}
09-25 13:19:33.528  5639  5639 I ViewRootImpl@d35bf93[VerticalListActivity]: handleAppVisibility mAppVisible = true visible = false
09-25 13:19:33.528  5639  5729 D OpenGLRenderer: setSurface called with nullptr
09-25 13:19:33.528  5639  5729 D OpenGLRenderer: setSurface() destroyed EGLSurface
09-25 13:19:33.528  5639  5729 D OpenGLRenderer: destroyEglSurface
09-25 13:19:33.529  5369  5369 I ViewRootImpl@7533534[LauncherActivity]: Relayout returned: old=(0,0,1440,3088) new=(0,0,1440,3088) req=(1440,3088)8 dur=4 res=0x2 s={false 0x0} ch=true seqId=0
09-25 13:19:33.529  5639  5639 I ViewRootImpl@d35bf93[VerticalListActivity]: performTraversals mFirst=false windowShouldResize=false viewVisibilityChanged=true mForceNextWindowRelayout=false params=null
09-25 13:19:33.529  3108  3231 I SemDvfsHyPerManager: acquire hyper - AMS_RESUME_TAIL/3108@20, type = -999
09-25 13:19:33.530  3108  3231 I SemDvfsHyPerManager: acquire hyper - AMS_ACT_LAZY/3108@21, type = -999
09-25 13:19:33.530  3108  3227 I ActivityTaskManager: Displayed com.example.dogglers/androidx.test.core.app.InstrumentationActivityInvoker$EmptyActivity: +60ms
09-25 13:19:33.530  1809  1855 I HYPER-HAL: [RequestManager.cpp]acquire(): Acquired ID : 4893776  [3108 / 20]    HINT : AMS_RESUME_TAIL    list :
09-25 13:19:33.530  5759  5759 E pageboostd: Received HALT command code 2
09-25 13:19:33.530  1809  1855 I HYPER-HAL: [RequestManager.cpp]acquire(): Acquired ID : 4896906  [3108 / 21]    HINT : AMS_ACT_LAZY    list :
09-25 13:19:33.531  3108  6456 V WindowManager: Relayout Window{725ada u0 com.example.dogglers/com.example.dogglers.VerticalListActivity}: viewVisibility=8 req=1440x3088 d0
09-25 13:19:33.531  1914  1914 I Layer   : Layer [com.example.dogglers/androidx.test.core.app.InstrumentationActivityInvoker$EmptyActivity$_5639#162669] hidden!! flag(1)
09-25 13:19:33.532  3108  6456 V WindowManager: Relayout hash=725ada, pid=5639, syncId=-1: mAttrs={(0,0)(fillxfill) sim={adjust=resize forwardNavigation} ty=BASE_APPLICATION wanim=0x1030309
09-25 13:19:33.532  3108  6456 V WindowManager:   fl=81810100
09-25 13:19:33.532  3108  6456 V WindowManager:   pfl=12020040
09-25 13:19:33.532  3108  6456 V WindowManager:   bhv=DEFAULT
09-25 13:19:33.532  3108  6456 V WindowManager:   fitSides= naviIconColor=0}
09-25 13:19:33.532  1809  1855 I HYPER-HAL: [RequestManager.cpp]releaseLocked(): Released ID : 4887519
09-25 13:19:33.532  3108  6472 D InputDispatcher: Focus entered window (0): e81acbb com.example.dogglers/androidx.test.core.app.InstrumentationActivityInvoker$EmptyActivity
09-25 13:19:33.533  5639  5639 I ViewRootImpl@d35bf93[VerticalListActivity]: Relayout returned: old=(0,0,1440,3088) new=(0,0,1440,3088) req=(1440,3088)8 dur=3 res=0x2 s={false 0x0} ch=true seqId=0
09-25 13:19:33.533  1914  1914 D SurfaceFlinger: Display 4630947093241269891 HWC layers:
09-25 13:19:33.533  1914  1914 D SurfaceFlinger:      DEVICE | 0xb400007af86f9680 | 0102 | RGBA_8888    |    0.0    0.0 1440.0 3088.0 |    0    0 1440 3088 | com.example.dogglers/androidx.test.c[...]tyInvoker$EmptyActivity$_5639#162676
09-25 13:19:33.533  1914  1914 D SurfaceFlinger:      DEVICE | 0xb400007af6c14880 | 0100 | RGBA_8888    |    0.0    0.0 1440.0  100.0 |    0    0 1440  100 | StatusBar$_4768#95
09-25 13:19:33.533  1914  1914 D SurfaceFlinger:      DEVICE | 0xb400007af8705400 | 0100 | RGBA_8888    |    0.0    0.0   67.0  589.0 |    0  562   67 1151 | com.samsung.android.app.cocktailbars[...]vice.CocktailBarService$_8423#156853
09-25 13:19:33.533  1914  1914 D SurfaceFlinger:      DEVICE | 0xb400007af8705500 | 0100 | RGBA_8888    |    0.0    0.0  518.0   48.0 |  922 3040 1440 3088 | SGestureOverlayWindow$_5369#156268
09-25 13:19:33.533  1914  1914 D SurfaceFlinger:      DEVICE | 0xb400007af6c15880 | 0100 | RGBA_8888    |    0.0    0.0 1440.0  168.0 |    0 2920 1440 3088 | NavigationBar0$_4768#92
09-25 13:19:33.533  1914  1914 D SurfaceFlinger:
09-25 13:19:33.534  1914  3199 I SurfaceFlinger: id=162671 Removed Surface(name=d110b4c NavigationBar0)/@0x8bdb781 - animation-leash of insets_animation#162671 (338)
09-25 13:19:33.534  1914  3199 I SurfaceFlinger: id=162670 Removed Surface(name=4eb27f5 StatusBar)/@0x43fa543 - animation-leash of insets_animation#162670 (338)
09-25 13:19:33.535  5369  5369 I ViewRootImpl@7533534[LauncherActivity]: stopped(true) old = false
09-25 13:19:33.535  5369  5369 I ViewRootImpl@7533534[LauncherActivity]: WindowStopped on com.sec.android.app.launcher/com.sec.android.app.launcher.activities.LauncherActivity set to true
09-25 13:19:33.536  5369  5369 I Launcher: !@Boot_DEBUG: Launcher.onStop()
09-25 13:19:33.536  5369  5369 I Launcher: !@Boot_EBS_D: Launcher.onStop()
09-25 13:19:33.536  3108  6456 D InputDispatcher: Focused application(0): ActivityRecord{d98ff22 u0 com.sec.android.app.launcher/.activities.LauncherActivity} t6591}
09-25 13:19:33.536  5369  5369 I BaseActivity: removeActivityFlags, flags : 17
09-25 13:19:33.536  5369  5369 I WallpaperBlurController: dispatchTransactionSurface: mCurrentBlur = 150
09-25 13:19:33.537  5369  5369 W LauncherAppWidgetHost: setShouldListenFlag, mFlags:7 flag:start on:false isFront:false
09-25 13:19:33.537  5369  5741 I IMM_LC  : hsifw() - flag : 0
09-25 13:19:33.537  5369  5741 I IMM_LC  : hsifw() - mService.hideSoftInput
09-25 13:19:33.538  3108  4605 D AS.MultiSoundManager: mForegroundUid = 10141
09-25 13:19:33.538  3108  9815 I AppWidgetServiceImpl: stopListening callbacks : null
09-25 13:19:33.538  5369  5369 W LauncherAppWidgetHost: stopListening, mFlags:2 isFront:false
09-25 13:19:33.538  5369  5369 W Launcher.NotificationListener: removeNotificationsChangedListener
09-25 13:19:33.538  5369  5369 I Launcher.NotificationListener: unregisterObserver, this is not notificationService!!
09-25 13:19:33.538  5369  5369 I BadgeCountUpdaterImpl: onNotificationsChangedDisConnected
09-25 13:19:33.539  5639  5639 I ViewRootImpl@c5f4c08[InstrumentationActivityInvoker$EmptyActivity]: handleAppVisibility mAppVisible = true visible = false
09-25 13:19:33.539  1914  1914 I SurfaceFlinger: [e81acbb com.example.dogglers/androidx.test.core.app.InstrumentationActivityInvoker$EmptyActivity#162675] FrameRatePriority: -1
09-25 13:19:33.540  5639  5639 I ViewRootImpl@3d6cf4d[InstrumentationActivityInvoker$EmptyActivity]: MSG_WINDOW_FOCUS_CHANGED 1 0
09-25 13:19:33.540  1914  1914 I Layer   : id=162670 Destroyed Surface(name=4eb27f5 StatusBar)/@0x43fa543 - animation-leash of insets_animation#162670
09-25 13:19:33.540  1914  1914 I Layer   : id=162671 Destroyed Surface(name=d110b4c NavigationBar0)/@0x8bdb781 - animation-leash of insets_animation#162671
09-25 13:19:33.540  5639  5639 I ViewRootImpl@3d6cf4d[InstrumentationActivityInvoker$EmptyActivity]: mThreadedRenderer.initializeIfNeeded()#2 mSurface={isValid=true 0xb40000774d4d6000}
09-25 13:19:33.540  5639  5639 D InputMethodManager: startInputInner - Id : 0
09-25 13:19:33.540  5639  5639 I InputMethodManager: startInputInner - mService.startInputOrWindowGainedFocus
09-25 13:19:33.541  3108  4074 D InputMethodManagerService: DESKTOP MODE! : 2
09-25 13:19:33.541  3108  4074 D InputMethodManagerService: NOT IN KNOX DESKTOP MODE!
09-25 13:19:33.541  3108  4074 V InputMethodManagerService: getDisplayIdOfInputMethodWindowToBeAdded: displayId=0
09-25 13:19:33.541  3108  4074 D InputMethodManagerService: isImeSwitcherDisabledPackage : false
09-25 13:19:33.542  5369  5369 I MSHandlerLifeCycle: removeMultiSplitHandler: no exist. decor=DecorView@ac62e93[LauncherActivity]
09-25 13:19:33.542  3108  4074 D InputMethodManagerService: checkDisplayOfStartInputAndUpdateKeyboard: displayId=0, mFocusedDisplayId=0
09-25 13:19:33.542  3108  4074 D InputTransport: Input channel constructed: 'ClientS', fd=1336
09-25 13:19:33.542  3108  4074 D InputTransport: Input channel destroyed: 'ClientS', fd=1336
09-25 13:19:33.542  5639  5639 I ViewRootImpl@c5f4c08[InstrumentationActivityInvoker$EmptyActivity]: stopped(true) old = false
09-25 13:19:33.542  5639  5639 I ViewRootImpl@c5f4c08[InstrumentationActivityInvoker$EmptyActivity]: WindowStopped on com.example.dogglers/androidx.test.core.app.InstrumentationActivityInvoker$EmptyActivity set to true
09-25 13:19:33.542  5639  5639 D LifecycleMonitor: Lifecycle status change: androidx.test.core.app.InstrumentationActivityInvoker$EmptyActivity@e4f16ee in: STOPPED
09-25 13:19:33.542   586   586 I GoogleInputMethodService: GoogleInputMethodService.onFinishInput():3267
09-25 13:19:33.542  5369  5752 I LiveIconUpdateEventHandler: cancelDateChangeAlarm
09-25 13:19:33.542  5639  5639 V ActivityScenario: Activity lifecycle changed event received but ignored because the intent does not match. startActivityIntent=Intent { act=android.intent.action.MAIN cat=[android.intent.category.LAUNCHER] cmp=com.example.dogglers/.VerticalListActivity }, activity.getIntent()=Intent { act=android.intent.action.MAIN cat=[android.intent.category.LAUNCHER] flg=0x10000000 cmp=com.example.dogglers/androidx.test.core.app.InstrumentationActivityInvoker$EmptyActivity }, activity=androidx.test.core.app.InstrumentationActivityInvoker$EmptyActivity@e4f16ee
09-25 13:19:33.543  5369  5369 I TopTaskTracker: onTaskMovedToFront : taskId = 6591
09-25 13:19:33.543   586   586 I GoogleInputMethodService: GoogleInputMethodService.updateDeviceLockedStatus():2097 repeatCheckTimes = 0, locked = false
09-25 13:19:33.543  5369  5752 I LiveIconUpdateEventHandler: cancelMinuteChangeAlarm
09-25 13:19:33.543   586   586 D InputMethodService: checkFocusedDisplay() display Id 0last 0
09-25 13:19:33.543   586   586 I GoogleInputMethodService: GoogleInputMethodService.onStartInput():1889 onStartInput(EditorInfo{EditorInfo{packageName=com.example.dogglers, inputType=0, inputTypeString=NULL, enableLearning=false, autoCorrection=false, autoComplete=false, imeOptions=0, privateImeOptions=null, actionName=UNSPECIFIED, actionLabel=null, initialSelStart=-1, initialSelEnd=-1, initialCapsMode=0, label=null, fieldId=-1, fieldName=null, extras=Bundle[{displayId=0}], hintText=null, hintLocales=[]}}, false)
09-25 13:19:33.544   586   586 I GoogleInputMethodService: GoogleInputMethodService.updateDeviceLockedStatus():2097 repeatCheckTimes = 1, locked = false
09-25 13:19:33.544  5639  5639 I MSHandlerLifeCycle: removeMultiSplitHandler: no exist. decor=DecorView@bfc2625[InstrumentationActivityInvoker$EmptyActivity]
09-25 13:19:33.544  5639  5639 I ViewRootImpl@d35bf93[VerticalListActivity]: stopped(true) old = false
09-25 13:19:33.544  5639  5639 I ViewRootImpl@d35bf93[VerticalListActivity]: WindowStopped on com.example.dogglers/com.example.dogglers.VerticalListActivity set to true
09-25 13:19:33.544  1914  3199 I SurfaceFlinger: id=162679 createSurf, flag=24004, Surface(name=6a358c3 InputMethod)/@0x1a6cc79 - animation-leash of insets_animation#162679
09-25 13:19:33.544  8130 22447 I [AirCmd]_ActivitySwitchDetector: onTaskFocusChanged : taskId 6591
09-25 13:19:33.544  5639  5639 D LifecycleMonitor: Lifecycle status change: com.example.dogglers.VerticalListActivity@957f0e9 in: STOPPED
09-25 13:19:33.544  5639  5639 V ActivityScenario: Update currentActivityStage to STOPPED, currentActivity=com.example.dogglers.VerticalListActivity@957f0e9
09-25 13:19:33.547  3108  3230 D PersonaActivityHelper: Activity not in resumed state, do not run immediate lock
09-25 13:19:33.547  5639  5639 I MSHandlerLifeCycle: removeMultiSplitHandler: no exist. decor=DecorView@bdbf207[VerticalListActivity]
09-25 13:19:33.547  5639  5639 D LifecycleMonitor: Lifecycle status change: com.example.dogglers.VerticalListActivity@957f0e9 in: DESTROYED
09-25 13:19:33.547  5639  5639 V ActivityScenario: Update currentActivityStage to DESTROYED, currentActivity=null
09-25 13:19:33.548  1914  1914 I Layer   : id=162640 removedFromDrawingState com.sec.android.app.launcher/com.sec.android.app.launcher.activities.LauncherActivity$_21794#162640 (337)
09-25 13:19:33.548  1914  1914 I Layer   : id=162641 removedFromDrawingState com.sec.android.app.launcher/com.sec.android.app.launcher.activities.LauncherActivity$_5369#162641 (337)
09-25 13:19:33.548  1914  1914 I Layer   : id=162674 removedFromDrawingState Surface(name=6a358c3 InputMethod)/@0x1a6cc79 - animation-leash of insets_animation#162674 (337)
09-25 13:19:33.548  1914  1914 I SurfaceFlinger: id=162641 Removed com.sec.android.app.launcher/com.sec.android.app.launcher.activities.LauncherActivity$_5369#162641 (337)
09-25 13:19:33.548  1914  1914 I SurfaceFlinger: id=162640 Removed com.sec.android.app.launcher/com.sec.android.app.launcher.activities.LauncherActivity$_21794#162640 (337)
09-25 13:19:33.548  8130 22447 I [AirCmd]_ActivitySwitchDetector: onTaskFocusChanged : componentName - ComponentInfo{com.sec.android.app.launcher/com.android.launcher3.uioverrides.QuickstepLauncher}
09-25 13:19:33.548  8130 22447 I [AirCmd]_ActivitySwitchDetector: onTaskFocusChanged : mTopMostActivity - ComponentInfo{com.example.dogglers/com.example.dogglers.VerticalListActivity}
09-25 13:19:33.548  1914  1914 I Layer   : id=162641 Destroyed com.sec.android.app.launcher/com.sec.android.app.launcher.activities.LauncherActivity$_5369#162641
09-25 13:19:33.548  5639  5639 I MSHandlerLifeCycle: removeMultiSplitHandler: no exist. decor=DecorView@bdbf207[VerticalListActivity]
09-25 13:19:33.548  1914  1914 I Layer   : id=162640 Destroyed com.sec.android.app.launcher/com.sec.android.app.launcher.activities.LauncherActivity$_21794#162640
09-25 13:19:33.549  5639  5729 D OpenGLRenderer: setSurface called with nullptr
09-25 13:19:33.549  5639  5639 I ViewRootImpl@d35bf93[VerticalListActivity]: dispatchDetachedFromWindow
09-25 13:19:33.549  3108  6456 D InputTransport: Input channel destroyed: '725ada ', fd=1285
09-25 13:19:33.550  3108  6456 W InputManager-JNI: Input channel object '725ada com.example.dogglers/com.example.dogglers.VerticalListActivity (client)' was disposed without first being removed with the input manager!
09-25 13:19:33.550  3108  6456 D InputTransport: Input channel destroyed: '725ada ', fd=1286
09-25 13:19:33.550  3108  4074 D InputDispatcher: Focus request (0): <null> but waiting because NOT_FOCUSABLE
09-25 13:19:33.550  3108  4074 D InputDispatcher: Focus left window (0): e81acbb com.example.dogglers/androidx.test.core.app.InstrumentationActivityInvoker$EmptyActivity
09-25 13:19:33.551  8130 22447 I [AirCmd]_CallbackRepeater: stopRepeat : isWorking=false
09-25 13:19:33.551  8130 22447 I [AirCmd]_MediaControlStateMonitor: isForegroundAppSupportsMediaButton : mediaSession is empty
09-25 13:19:33.551  8130 22447 I [AirCmd]_MediaControlStateMonitor: active Notification List is null
09-25 13:19:33.551  8130 22447 I [AirCmd]_RemoteSpenMainController: hasGeneralAction : packageName is com.sec.android.app.launcher, activityName is com.android.launcher3.uioverrides.QuickstepLauncher, hasActions is false
09-25 13:19:33.551  8130 22447 I [AirCmd]_CameraAvailabilityMonitor: isCameraPreviewOn : mIsCameraPreviewOn is false
09-25 13:19:33.552  5639  5639 D InputTransport: Input channel destroyed: '725ada ', fd=92
09-25 13:19:33.552  8130 22447 I [AirCmd]_CameraAvailabilityMonitor: isCameraPreviewOn : mIsCameraPreviewOn is false
09-25 13:19:33.552  5639  5639 D LifecycleMonitor: Lifecycle status change: androidx.test.core.app.InstrumentationActivityInvoker$BootstrapActivity@b9ca6e6 in: STOPPED
09-25 13:19:33.553  5639  5639 V ActivityScenario: Activity lifecycle changed event received but ignored because the intent does not match. startActivityIntent=Intent { act=android.intent.action.MAIN cat=[android.intent.category.LAUNCHER] cmp=com.example.dogglers/.VerticalListActivity }, activity.getIntent()=Intent { act=android.intent.action.MAIN cat=[android.intent.category.LAUNCHER] flg=0x10008000 cmp=com.example.dogglers/androidx.test.core.app.InstrumentationActivityInvoker$BootstrapActivity (has extras) }, activity=androidx.test.core.app.InstrumentationActivityInvoker$BootstrapActivity@b9ca6e6
09-25 13:19:33.553  5639  5639 D LifecycleMonitor: Lifecycle status change: androidx.test.core.app.InstrumentationActivityInvoker$BootstrapActivity@b9ca6e6 in: DESTROYED
09-25 13:19:33.553  5639  5639 V ActivityScenario: Activity lifecycle changed event received but ignored because the intent does not match. startActivityIntent=Intent { act=android.intent.action.MAIN cat=[android.intent.category.LAUNCHER] cmp=com.example.dogglers/.VerticalListActivity }, activity.getIntent()=Intent { act=android.intent.action.MAIN cat=[android.intent.category.LAUNCHER] flg=0x10008000 cmp=com.example.dogglers/androidx.test.core.app.InstrumentationActivityInvoker$BootstrapActivity (has extras) }, activity=androidx.test.core.app.InstrumentationActivityInvoker$BootstrapActivity@b9ca6e6
09-25 13:19:33.553  1914  3199 I SurfaceFlinger: id=162659 Removed cb84a3 ActivityRecordInputSink com.example.dogglers/.VerticalListActivity#162659 (335)
09-25 13:19:33.554  5639  5639 D LifecycleMonitor: Lifecycle status change: androidx.test.core.app.InstrumentationActivityInvoker$EmptyActivity@e4f16ee in: DESTROYED
09-25 13:19:33.554  5639  5639 V ActivityScenario: Activity lifecycle changed event received but ignored because the intent does not match. startActivityIntent=Intent { act=android.intent.action.MAIN cat=[android.intent.category.LAUNCHER] cmp=com.example.dogglers/.VerticalListActivity }, activity.getIntent()=Intent { act=android.intent.action.MAIN cat=[android.intent.category.LAUNCHER] flg=0x10000000 cmp=com.example.dogglers/androidx.test.core.app.InstrumentationActivityInvoker$EmptyActivity }, activity=androidx.test.core.app.InstrumentationActivityInvoker$EmptyActivity@e4f16ee
09-25 13:19:33.554  5639  5639 I MSHandlerLifeCycle: removeMultiSplitHandler: no exist. decor=DecorView@bfc2625[InstrumentationActivityInvoker$EmptyActivity]
09-25 13:19:33.554  8130 22447 I [AirCmd]_MediaControlStateMonitor: isForegroundAppSupportsMediaButton : mediaSession is empty
09-25 13:19:33.555  8130 22447 I [AirCmd]_MediaControlStateMonitor: active Notification List is null
09-25 13:19:33.555  1914  3199 I SurfaceFlinger: id=162658 Removed 948ce1f ActivityRecordInputSink com.example.dogglers/androidx.test.core.app.InstrumentationActivityInvoker$BootstrapActivity#162658 (335)
09-25 13:19:33.556  8130 22447 I [AirCmd]_PenActionRule: getAction : get default action data from remote action because pen action data is null.
09-25 13:19:33.556  8130 22447 I [AirCmd]_ButtonActionDetector: enableDoubleClickDetection: enabled=true, doubleClickWaitInterval=300
09-25 13:19:33.556  8130 22447 I [AirCmd]_RemoteSpenMainController: onSwitch : package is com.sec.android.app.launcher   and activity is com.android.launcher3.uioverrides.QuickstepLauncher and isBleConnected is false and hasActions is false
09-25 13:19:33.556  5639  5729 D OpenGLRenderer: setSurface called with nullptr
09-25 13:19:33.556  5639  5729 D OpenGLRenderer: setSurface() destroyed EGLSurface
09-25 13:19:33.556  1914  1914 I Layer   : id=162661 removedFromDrawingState com.example.dogglers/com.example.dogglers.VerticalListActivity$_5639#162661 (335)
09-25 13:19:33.556  1914  1914 I Layer   : id=162660 removedFromDrawingState 725ada com.example.dogglers/com.example.dogglers.VerticalListActivity#162660 (335)
09-25 13:19:33.556  1914  1914 I SurfaceFlinger: id=162661 Removed com.example.dogglers/com.example.dogglers.VerticalListActivity$_5639#162661 (335)
09-25 13:19:33.556  1914  1914 I SurfaceFlinger: id=162660 Removed 725ada com.example.dogglers/com.example.dogglers.VerticalListActivity#162660 (335)
09-25 13:19:33.556  5639  5729 D OpenGLRenderer: destroyEglSurface
09-25 13:19:33.556  1914  1914 I Layer   : id=162660 Destroyed 725ada com.example.dogglers/com.example.dogglers.VerticalListActivity#162660
09-25 13:19:33.556  1914  1914 I Layer   : id=162661 Destroyed com.example.dogglers/com.example.dogglers.VerticalListActivity$_5639#162661
09-25 13:19:33.557  5639  5639 I ViewRootImpl@c5f4c08[InstrumentationActivityInvoker$EmptyActivity]: dispatchDetachedFromWindow
09-25 13:19:33.558  3108  4074 D InputTransport: Input channel destroyed: '634628c', fd=1292
09-25 13:19:33.558  3108  4074 W InputManager-JNI: Input channel object '634628c com.example.dogglers/androidx.test.core.app.InstrumentationActivityInvoker$EmptyActivity (client)' was disposed without first being removed with the input manager!
09-25 13:19:33.558  3108  4074 D InputTransport: Input channel destroyed: '634628c', fd=1311
09-25 13:19:33.559  5639  5639 D InputTransport: Input channel destroyed: '634628c', fd=125
09-25 13:19:33.560  1914  2140 I SurfaceFlinger: id=162674 Removed Surface(name=6a358c3 InputMethod)/@0x1a6cc79 - animation-leash of insets_animation#162674 (333)
09-25 13:19:33.560  1914  2140 I SurfaceFlinger: id=162667 Removed 1e10b30 ActivityRecordInputSink com.example.dogglers/androidx.test.core.app.InstrumentationActivityInvoker$EmptyActivity#162667 (333)
09-25 13:19:33.562  5639  5639 D LifecycleMonitor: Lifecycle status change: androidx.test.core.app.InstrumentationActivityInvoker$EmptyActivity@603a79b in: PAUSED
09-25 13:19:33.562  5639  5639 V ActivityScenario: Activity lifecycle changed event received but ignored because the intent does not match. startActivityIntent=Intent { act=android.intent.action.MAIN cat=[android.intent.category.LAUNCHER] cmp=com.example.dogglers/.VerticalListActivity }, activity.getIntent()=Intent { act=android.intent.action.MAIN cat=[android.intent.category.LAUNCHER] flg=0x10000000 cmp=com.example.dogglers/androidx.test.core.app.InstrumentationActivityInvoker$EmptyActivity }, activity=androidx.test.core.app.InstrumentationActivityInvoker$EmptyActivity@603a79b
09-25 13:19:33.563  3108  3145 I SemDvfsHyPerManager: acquire hyper - AMS_APP_HOME/3108@24, type = -999
09-25 13:19:33.563  1809  1855 I HYPER-HAL: [RequestManager.cpp]acquire(): Acquired ID : 4906302  [3108 / 24]    HINT : AMS_APP_HOME    list :
09-25 13:19:33.563  8328  8328 I SemDvfsHyPerManager: acquire hyper - APP_START_HOME/8328@20, type = -999
09-25 13:19:33.563 21794 21794 I ViewRootImpl@888ef3d[LauncherActivity]: handleAppVisibility mAppVisible = false visible = true
09-25 13:19:33.563  5369  5369 I ViewRootImpl@7533534[LauncherActivity]: handleAppVisibility mAppVisible = false visible = true
09-25 13:19:33.564  1914  1914 I Layer   : id=162655 removedFromDrawingState ActivityRecord{a458b59 u0 com.example.dogglers/.VerticalListActivity} t7123}#162655 (333)
09-25 13:19:33.564  1914  1914 I Layer   : id=162659 removedFromDrawingState cb84a3 ActivityRecordInputSink com.example.dogglers/.VerticalListActivity#162659 (333)
09-25 13:19:33.564  1914  1914 I Layer   : id=162652 removedFromDrawingState ActivityRecord{dc7656c u0 com.example.dogglers/androidx.test.core.app.InstrumentationActivityInvoker$BootstrapActivity} t7123}#162652 (333)
09-25 13:19:33.564  1914  1914 I Layer   : id=162658 removedFromDrawingState 948ce1f ActivityRecordInputSink com.example.dogglers/androidx.test.core.app.InstrumentationActivityInvoker$BootstrapActivity#162658 (333)
09-25 13:19:33.564  1914  1914 I Layer   : id=162669 removedFromDrawingState com.example.dogglers/androidx.test.core.app.InstrumentationActivityInvoker$EmptyActivity$_5639#162669 (333)
09-25 13:19:33.564  1914  1914 I Layer   : id=162668 removedFromDrawingState 634628c com.example.dogglers/androidx.test.core.app.InstrumentationActivityInvoker$EmptyActivity#162668 (333)
09-25 13:19:33.565  1914  1914 I SurfaceFlinger: id=162668 Removed 634628c com.example.dogglers/androidx.test.core.app.InstrumentationActivityInvoker$EmptyActivity#162668 (333)
09-25 13:19:33.565  1914  1914 I SurfaceFlinger: id=162655 Removed ActivityRecord{a458b59 u0 com.example.dogglers/.VerticalListActivity} t7123}#162655 (333)
09-25 13:19:33.565  1914  1914 I SurfaceFlinger: id=162652 Removed ActivityRecord{dc7656c u0 com.example.dogglers/androidx.test.core.app.InstrumentationActivityInvoker$BootstrapActivity} t7123}#162652 (333)
09-25 13:19:33.565  1914  1914 I SurfaceFlinger: id=162669 Removed com.example.dogglers/androidx.test.core.app.InstrumentationActivityInvoker$EmptyActivity$_5639#162669 (333)
09-25 13:19:33.565 21794 21794 I ViewRootImpl@888ef3d[LauncherActivity]: performTraversals mFirst=false windowShouldResize=false viewVisibilityChanged=true mForceNextWindowRelayout=false params=null
09-25 13:19:33.565  1809  1855 I HYPER-HAL: [RequestManager.cpp]acquire(): Acquired ID : 34848746  [8328 / 20]    HINT : APP_START    list : [KERNEL_APP_START_NOTIFY / 0] [TIMEOUT / 1500]
09-25 13:19:33.565  1914  1914 I Layer   : id=162674 Destroyed Surface(name=6a358c3 InputMethod)/@0x1a6cc79 - animation-leash of insets_animation#162674
09-25 13:19:33.565  1914  1914 I Layer   : id=162668 Destroyed 634628c com.example.dogglers/androidx.test.core.app.InstrumentationActivityInvoker$EmptyActivity#162668
09-25 13:19:33.565  1914  1914 I Layer   : id=162669 Destroyed com.example.dogglers/androidx.test.core.app.InstrumentationActivityInvoker$EmptyActivity$_5639#162669
09-25 13:19:33.565  5369  5369 I ViewRootImpl@7533534[LauncherActivity]: stopped(false) old = true
09-25 13:19:33.565  5369  5369 I ViewRootImpl@7533534[LauncherActivity]: WindowStopped on com.sec.android.app.launcher/com.sec.android.app.launcher.activities.LauncherActivity set to false
09-25 13:19:33.565  1914  1914 I Layer   : id=162652 Destroyed ActivityRecord{dc7656c u0 com.example.dogglers/androidx.test.core.app.InstrumentationActivityInvoker$BootstrapActivity} t7123}#162652
09-25 13:19:33.565  1914  1914 I Layer   : id=162658 Destroyed 948ce1f ActivityRecordInputSink com.example.dogglers/androidx.test.core.app.InstrumentationActivityInvoker$BootstrapActivity#162658
09-25 13:19:33.565  1914  1914 I Layer   : id=162655 Destroyed ActivityRecord{a458b59 u0 com.example.dogglers/.VerticalListActivity} t7123}#162655
09-25 13:19:33.565  1914  1914 I Layer   : id=162659 Destroyed cb84a3 ActivityRecordInputSink com.example.dogglers/.VerticalListActivity#162659
09-25 13:19:33.565  3108 29076 D RemoteAppTaskWatcher:  ****** RemoteAppTaskWatcher: Message Received 5 Task ID = 0
09-25 13:19:33.565  5369  5369 I Launcher: !@Boot_DEBUG: Launcher.onStart()
09-25 13:19:33.565  5369  5369 I Launcher: !@Boot_EBS_D: Launcher.onStart()
09-25 13:19:33.565  5369  5369 I BaseActivity: addActivityFlags, flags : 1
09-25 13:19:33.566  5369  5369 I WallpaperBlurController: dispatchTransactionSurface: mCurrentBlur = 150
09-25 13:19:33.566  5369  5369 W LauncherAppWidgetHost: setShouldListenFlag, mFlags:2 flag:start on:true isFront:false
09-25 13:19:33.566  5369  5369 W Launcher: onStart isListening : false isLoading false
09-25 13:19:33.567  5369  5752 I LiveIconUpdateEventHandler: cancelDateChangeAlarm
09-25 13:19:33.568  5369  5752 I LiveIconUpdateEventHandler: setDateChangeAlarm Tue Sep 26 00:00:00 MDT 2023
09-25 13:19:33.569  5639  5639 I ViewRootImpl@3d6cf4d[InstrumentationActivityInvoker$EmptyActivity]: MSG_WINDOW_FOCUS_CHANGED 0 0
09-25 13:19:33.569  5639  5703 I TestRunner: finished: vertical_scroll_content_at_first_position(com.example.dogglers.VerticalListTests)
