09-25 13:19:30.877  5639  5639 D LifecycleMonitor: Lifecycle status change: androidx.test.core.app.InstrumentationActivityInvoker$EmptyActivity@c582eb1 in: CREATED
09-25 13:19:30.878  5639  5639 V ActivityScenario: Activity lifecycle changed event received but ignored because the intent does not match. startActivityIntent=Intent { act=android.intent.action.MAIN cat=[android.intent.category.LAUNCHER] cmp=com.example.dogglers/.VerticalListActivity }, activity.getIntent()=Intent { act=android.intent.action.MAIN cat=[android.intent.category.LAUNCHER] flg=0x10000000 cmp=com.example.dogglers/androidx.test.core.app.InstrumentationActivityInvoker$EmptyActivity }, activity=androidx.test.core.app.InstrumentationActivityInvoker$EmptyActivity@c582eb1
09-25 13:19:30.878  8423  8423 I ActivityUtils: HomePackage : com.sec.android.app.launcher, resumePackageName : com.example.dogglers
09-25 13:19:30.878  5639  5639 D LifecycleMonitor: Lifecycle status change: androidx.test.core.app.InstrumentationActivityInvoker$EmptyActivity@c582eb1 in: STARTED
09-25 13:19:30.878  5639  5639 V ActivityScenario: Activity lifecycle changed event received but ignored because the intent does not match. startActivityIntent=Intent { act=android.intent.action.MAIN cat=[android.intent.category.LAUNCHER] cmp=com.example.dogglers/.VerticalListActivity }, activity.getIntent()=Intent { act=android.intent.action.MAIN cat=[android.intent.category.LAUNCHER] flg=0x10000000 cmp=com.example.dogglers/androidx.test.core.app.InstrumentationActivityInvoker$EmptyActivity }, activity=androidx.test.core.app.InstrumentationActivityInvoker$EmptyActivity@c582eb1
09-25 13:19:30.879  5639  5639 D LifecycleMonitor: Lifecycle status change: androidx.test.core.app.InstrumentationActivityInvoker$EmptyActivity@c582eb1 in: RESUMED
09-25 13:19:30.879  5639  5639 V ActivityScenario: Activity lifecycle changed event received but ignored because the intent does not match. startActivityIntent=Intent { act=android.intent.action.MAIN cat=[android.intent.category.LAUNCHER] cmp=com.example.dogglers/.VerticalListActivity }, activity.getIntent()=Intent { act=android.intent.action.MAIN cat=[android.intent.category.LAUNCHER] flg=0x10000000 cmp=com.example.dogglers/androidx.test.core.app.InstrumentationActivityInvoker$EmptyActivity }, activity=androidx.test.core.app.InstrumentationActivityInvoker$EmptyActivity@c582eb1
09-25 13:19:30.879  5639  5639 I MSHandlerLifeCycle: check: return. pkg=com.example.dogglers parent=null callers=com.android.internal.policy.DecorView.setVisibility:4412 android.app.ActivityThread.handleResumeActivity:5476 android.app.servertransaction.ResumeActivityItem.execute:54 android.app.servertransaction.ActivityTransactionItem.execute:45 android.app.servertransaction.TransactionExecutor.executeLifecycleState:176
09-25 13:19:30.879  5639  5639 I MSHandlerLifeCycle: removeMultiSplitHandler: no exist. decor=DecorView@142704[]
09-25 13:19:30.880  5639  5729 D NativeCustomFrequencyManager: [NativeCFMS] BpCustomFrequencyManager::BpCustomFrequencyManager()
09-25 13:19:30.883  3108  6472 D InputTransport: Input channel constructed: 'ea7af99', fd=1336
09-25 13:19:30.883  3108  6472 D InputTransport: Input channel constructed: 'ea7af99', fd=1353
09-25 13:19:30.883  3108  6472 D InputTransport: Input channel constructed: 'ea7af99', fd=1354
09-25 13:19:30.883  1914  2140 I SurfaceFlinger: id=162561 createSurf, flag=80004, ea7af99 com.example.dogglers/androidx.test.core.app.InstrumentationActivityInvoker$EmptyActivity#162561
09-25 13:19:30.883  3108  3145 D InputDispatcher: Focus left window (0): d3d9767 com.example.dogglers/androidx.test.core.app.InstrumentationActivityInvoker$EmptyActivity
09-25 13:19:30.886  3108  6472 D InputTransport: Input channel destroyed: 'ea7af99', fd=1354
09-25 13:19:30.886  3108  6142 I MediaSessionMonitor: Media session stopped : controllerList empty
09-25 13:19:30.886  5639  5639 D InsetsController: onStateChanged: InsetsState: {mDisplayFrame=Rect(0, 0 - 1440, 3088), mDisplayCutout=DisplayCutout{insets=Rect(0, 100 - 0, 0) waterfall=Insets{left=0, top=0, right=0, bottom=0} boundingRect={Bounds=[Rect(0, 0 - 0, 0), Rect(685, 0 - 756, 100), Rect(0, 0 - 0, 0), Rect(0, 0 - 0, 0)]} cutoutPathParserInfo={CutoutPathParserInfo{displayWidth=1440 displayHeight=3088 physicalDisplayWidth=1440 physicalDisplayHeight=3088 density={3.75} cutoutSpec={M 0,0 H -9.466666666666667 V 26.66666666666667‬ H 9.466666666666667 V 0 H 0 Z @dp} rotation={0} scale={1.0} physicalPixelDisplaySizeRatio={1.0}}}}, mRoundedCorners=RoundedCorners{[RoundedCorner{position=TopLeft, radius=14, center=Point(14, 14)}, RoundedCorner{position=TopRight, radius=14, center=Point(1426, 14)}, RoundedCorner{position=BottomRight, radius=14, center=Point(1426, 3074)}, RoundedCorner{position=BottomLeft, radius=14, center=Point(14, 3074)}]}  mRoundedCornerFrame=Rect(0, 0 - 1440, 3088), mPrivacyIndicatorBounds=PrivacyIndicatorBounds {static bounds=Rect(1286, 0 - 1440, 100) rotation=0}, mSources= { InsetsSource: {mType=ITYPE_STATUS_BAR, mFrame=[0,0][1440,100], mVisible=true, mInsetsRoundedCornerFrame=false}, InsetsSource: {mType=ITYPE_NAVIGATION_BAR, mFrame=[0,3088][1440,3088], mVisible=true, mInsetsRoundedCornerFrame=false}, InsetsSource: {mType=ITYPE_LEFT_GESTURES, mFrame=[0,0][0,3088], mVisible=true, mInsetsRoundedCornerFrame=false}, InsetsSource: {mType=ITYPE_RIGHT_GESTURES, mFrame=[1440,0][1440,3088], mVisible=true, mInsetsRoundedCornerFrame=false}, InsetsSource: {mType=ITYPE_TOP_MANDATORY_GESTURES, mFrame=[0,0][1440,142], mVisible=true, mInsetsRoundedCornerFrame=false}, InsetsSource: {mType=ITYPE_BOTTOM_MANDATORY_GESTURES, mFrame=[0,3018][1440,3088], mVisible=true, mInsetsRoundedCornerFrame=false}, InsetsSource: {mType=ITYPE_LEFT_DISPLAY_CUTOUT, mFrame=[0,0][-100000,3088], mVisible=true, mInsetsRoundedCornerFrame=false}, InsetsSource: {mType=ITYPE_TOP_DISPLAY_CUTOUT, mFrame=[0,0][1440,100], mVisible=true, mInsetsRoundedCornerFrame=false}, InsetsSource: {mType=ITYPE_RIGHT_DISPLAY_CUTOUT, mFrame=[100000,0][1440,3088], mVisible=true, mInsetsRoundedCornerFrame=false}, InsetsSource: {mType=ITYPE_BOTTOM_DISPLAY_CUTOUT, mFrame=[0,100000][1440,3088], mVisible=true, mInsetsRoundedCornerFrame=false}, InsetsSource: {mType=ITYPE_TOP_TAPPABLE_ELEMENT, mFrame=[0,0][1440,100], mVisible=true, mInsetsRoundedCornerFrame=false}, InsetsSource: {mType=ITYPE_BOTTOM_TAPPABLE_ELEMENT, mFrame=[0,0][0,0], mVisible=true, mInsetsRoundedCornerFrame=false} } host=com.example.dogglers/androidx.test.core.app.InstrumentationActivityInvoker$EmptyActivity from=android.view.ViewRootImpl.setView:1732
09-25 13:19:30.886  3108  3141 I system_server: Background concurrent copying GC freed 667842(27MB) AllocSpace objects, 3(60KB) LOS objects, 12% free, 167MB/191MB, paused 245us,114us total 280.242ms
09-25 13:19:30.888  5639  5639 I ViewRootImpl@edeadb3[InstrumentationActivityInvoker$EmptyActivity]: setView = com.android.internal.policy.DecorView@142704 TM=true
09-25 13:19:30.888  5639  5639 I MSHandlerLifeCycle: removeMultiSplitHandler: no exist. decor=DecorView@142704[InstrumentationActivityInvoker$EmptyActivity]
09-25 13:19:30.888  3108  3338 D AnalyticsContainerHandler: handleMessage : { when=0 what=1 target=com.android.server.knox.KnoxAnalyticsContainer$AnalyticsHandler }
09-25 13:19:30.890  5639  5639 I ViewRootImpl@edeadb3[InstrumentationActivityInvoker$EmptyActivity]: performTraversals params={(0,0)(fillxfill) sim={adjust=pan forwardNavigation} ty=BASE_APPLICATION wanim=0x1030001
09-25 13:19:30.890  5639  5639 I ViewRootImpl@edeadb3[InstrumentationActivityInvoker$EmptyActivity]:   fl=1810100
09-25 13:19:30.890  5639  5639 I ViewRootImpl@edeadb3[InstrumentationActivityInvoker$EmptyActivity]:   pfl=12020040
09-25 13:19:30.890  5639  5639 I ViewRootImpl@edeadb3[InstrumentationActivityInvoker$EmptyActivity]:   bhv=DEFAULT
09-25 13:19:30.890  5639  5639 I ViewRootImpl@edeadb3[InstrumentationActivityInvoker$EmptyActivity]:   fitSides= naviIconColor=0}
09-25 13:19:30.890  5639  5639 I ViewRootImpl@edeadb3[InstrumentationActivityInvoker$EmptyActivity]: performTraversals mFirst=true windowShouldResize=true viewVisibilityChanged=false mForceNextWindowRelayout=false params={(0,0)(fillxfill) sim={adjust=pan forwardNavigation} ty=BASE_APPLICATION wanim=0x1030001
09-25 13:19:30.890  5639  5639 I ViewRootImpl@edeadb3[InstrumentationActivityInvoker$EmptyActivity]:   fl=1810100
09-25 13:19:30.890  5639  5639 I ViewRootImpl@edeadb3[InstrumentationActivityInvoker$EmptyActivity]:   pfl=12020040
09-25 13:19:30.890  5639  5639 I ViewRootImpl@edeadb3[InstrumentationActivityInvoker$EmptyActivity]:   bhv=DEFAULT
09-25 13:19:30.890  5639  5639 I ViewRootImpl@edeadb3[InstrumentationActivityInvoker$EmptyActivity]:   fitSides= naviIconColor=0}
09-25 13:19:30.890  3108  6472 V WindowManager: Relayout Window{ea7af99 u0 com.example.dogglers/androidx.test.core.app.InstrumentationActivityInvoker$EmptyActivity}: viewVisibility=0 req=1440x3088 d0
09-25 13:19:30.890  1914  2139 I SurfaceFlinger: id=162562 createSurf, flag=40004, com.example.dogglers/androidx.test.core.app.InstrumentationActivityInvoker$EmptyActivity$_5639#162562
09-25 13:19:30.892  1914  2139 I SurfaceFlinger: id=162563 createSurf, flag=24000, Surface(name=4eb27f5 StatusBar)/@0x43fa543 - animation-leash of insets_animation#162563
09-25 13:19:30.893  1914  2139 I SurfaceFlinger: id=162564 createSurf, flag=24000, Surface(name=d110b4c NavigationBar0)/@0x8bdb781 - animation-leash of insets_animation#162564
09-25 13:19:30.893  3108  3143 W System  : A resource failed to call release.
09-25 13:19:30.893  3108  6472 V WindowManager: Relayout hash=ea7af99, pid=5639, syncId=-1: mAttrs={(0,0)(fillxfill) sim={adjust=pan forwardNavigation} ty=BASE_APPLICATION wanim=0x1030001
09-25 13:19:30.893  3108  6472 V WindowManager:   fl=1810100
09-25 13:19:30.893  3108  6472 V WindowManager:   pfl=12020040
09-25 13:19:30.893  3108  6472 V WindowManager:   bhv=DEFAULT
09-25 13:19:30.893  3108  6472 V WindowManager:   fitSides= naviIconColor=0}
09-25 13:19:30.894  5639  5639 D InsetsController: onStateChanged: InsetsState: {mDisplayFrame=Rect(0, 0 - 1440, 3088), mDisplayCutout=DisplayCutout{insets=Rect(0, 100 - 0, 0) waterfall=Insets{left=0, top=0, right=0, bottom=0} boundingRect={Bounds=[Rect(0, 0 - 0, 0), Rect(685, 0 - 756, 100), Rect(0, 0 - 0, 0), Rect(0, 0 - 0, 0)]} cutoutPathParserInfo={CutoutPathParserInfo{displayWidth=1440 displayHeight=3088 physicalDisplayWidth=1440 physicalDisplayHeight=3088 density={3.75} cutoutSpec={M 0,0 H -9.466666666666667 V 26.66666666666667‬ H 9.466666666666667 V 0 H 0 Z @dp} rotation={0} scale={1.0} physicalPixelDisplaySizeRatio={1.0}}}}, mRoundedCorners=RoundedCorners{[RoundedCorner{position=TopLeft, radius=14, center=Point(14, 14)}, RoundedCorner{position=TopRight, radius=14, center=Point(1426, 14)}, RoundedCorner{position=BottomRight, radius=14, center=Point(1426, 3074)}, RoundedCorner{position=BottomLeft, radius=14, center=Point(14, 3074)}]}  mRoundedCornerFrame=Rect(0, 0 - 1440, 3088), mPrivacyIndicatorBounds=PrivacyIndicatorBounds {static bounds=Rect(1286, 0 - 1440, 100) rotation=0}, mSources= { InsetsSource: {mType=ITYPE_STATUS_BAR, mFrame=[0,0][1440,100], mVisible=true, mInsetsRoundedCornerFrame=false}, InsetsSource: {mType=ITYPE_NAVIGATION_BAR, mFrame=[0,3088][1440,3088], mVisible=true, mInsetsRoundedCornerFrame=false}, InsetsSource: {mType=ITYPE_LEFT_GESTURES, mFrame=[0,0][0,3088], mVisible=true, mInsetsRoundedCornerFrame=false}, InsetsSource: {mType=ITYPE_RIGHT_GESTURES, mFrame=[1440,0][1440,3088], mVisible=true, mInsetsRoundedCornerFrame=false}, InsetsSource: {mType=ITYPE_TOP_MANDATORY_GESTURES, mFrame=[0,0][1440,142], mVisible=true, mInsetsRoundedCornerFrame=false}, InsetsSource: {mType=ITYPE_BOTTOM_MANDATORY_GESTURES, mFrame=[0,3018][1440,3088], mVisible=true, mInsetsRoundedCornerFrame=false}, InsetsSource: {mType=ITYPE_LEFT_DISPLAY_CUTOUT, mFrame=[0,0][-100000,3088], mVisible=true, mInsetsRoundedCornerFrame=false}, InsetsSource: {mType=ITYPE_TOP_DISPLAY_CUTOUT, mFrame=[0,0][1440,100], mVisible=true, mInsetsRoundedCornerFrame=false}, InsetsSource: {mType=ITYPE_RIGHT_DISPLAY_CUTOUT, mFrame=[100000,0][1440,3088], mVisible=true, mInsetsRoundedCornerFrame=false}, InsetsSource: {mType=ITYPE_BOTTOM_DISPLAY_CUTOUT, mFrame=[0,100000][1440,3088], mVisible=true, mInsetsRoundedCornerFrame=false}, InsetsSource: {mType=ITYPE_TOP_TAPPABLE_ELEMENT, mFrame=[0,0][1440,100], mVisible=true, mInsetsRoundedCornerFrame=false}, InsetsSource: {mType=ITYPE_BOTTOM_TAPPABLE_ELEMENT, mFrame=[0,0][0,0], mVisible=true, mInsetsRoundedCornerFrame=false}, InsetsSource: {mType=ITYPE_IME, mFrame=[0,0][0,0], mVisibleFrame=[0,3088][1440,3088], mVisible=false, mInsetsRoundedCornerFrame=false} } host=com.example.dogglers/androidx.test.core.app.InstrumentationActivityInvoker$EmptyActivity from=android.view.ViewRootImpl.relayoutWindow:9802
09-25 13:19:30.894  5639  5639 I ViewRootImpl@edeadb3[InstrumentationActivityInvoker$EmptyActivity]: updateBlastSurfaceIfNeeded mBlastBufferQueue=null isSameSurfaceControl=false
09-25 13:19:30.894  5639  5639 I BLASTBufferQueue: new BLASTBufferQueue, mName= ViewRootImpl@edeadb3[InstrumentationActivityInvoker$EmptyActivity] mNativeObject= 0xb4000077a1044280 sc.mNativeObject= 0xb4000077a103cb80 caller= android.view.ViewRootImpl.updateBlastSurfaceIfNeeded:2909 android.view.ViewRootImpl.relayoutWindow:9847 android.view.ViewRootImpl.performTraversals:3884 android.view.ViewRootImpl.doTraversal:3116 android.view.ViewRootImpl$TraversalRunnable.run:10885 android.view.Choreographer$CallbackRecord.run:1301 android.view.Choreographer$CallbackRecord.run:1309 android.view.Choreographer.doCallbacks:923 android.view.Choreographer.doFrame:852 android.view.Choreographer$FrameDisplayEventReceiver.run:1283
09-25 13:19:30.895  5639  5639 I BLASTBufferQueue: update, w= 1440 h= 3088 mName = ViewRootImpl@edeadb3[InstrumentationActivityInvoker$EmptyActivity] mNativeObject= 0xb4000077a1044280 sc.mNativeObject= 0xb4000077a103cb80 format= -1 caller= android.graphics.BLASTBufferQueue.<init>:84 android.view.ViewRootImpl.updateBlastSurfaceIfNeeded:2909 android.view.ViewRootImpl.relayoutWindow:9847 android.view.ViewRootImpl.performTraversals:3884 android.view.ViewRootImpl.doTraversal:3116 android.view.ViewRootImpl$TraversalRunnable.run:10885
09-25 13:19:30.895  5639  5639 I ViewRootImpl@edeadb3[InstrumentationActivityInvoker$EmptyActivity]: Relayout returned: old=(0,0,1440,3088) new=(0,0,1440,3088) req=(1440,3088)0 dur=4 res=0x3 s={true 0xb4000076ebbe2800} ch=true seqId=0
09-25 13:19:30.895  6586  6586 I SAMSUNGWALLET-USBP: [AlertController] Boarding pass alert is not enabled
09-25 13:19:30.895  5639  5639 I ViewRootImpl@edeadb3[InstrumentationActivityInvoker$EmptyActivity]: performConfigurationChange setNightDimText nightDimLevel=0
09-25 13:19:30.895  6586  6586 I SAMSUNGWALLET-USBP: [AlertController] dismiss alert: NO_ALERT
09-25 13:19:30.895  5639  5639 I ViewRootImpl@edeadb3[InstrumentationActivityInvoker$EmptyActivity]: mThreadedRenderer.initialize() mSurface={isValid=true 0xb4000076ebbe2800} hwInitialized=true
09-25 13:19:30.895  5639  5729 D OpenGLRenderer: eglCreateWindowSurface
09-25 13:19:30.896  5639  5639 I ViewRootImpl@edeadb3[InstrumentationActivityInvoker$EmptyActivity]: reportNextDraw android.view.ViewRootImpl.performTraversals:4438 android.view.ViewRootImpl.doTraversal:3116 android.view.ViewRootImpl$TraversalRunnable.run:10885 android.view.Choreographer$CallbackRecord.run:1301 android.view.Choreographer$CallbackRecord.run:1309
09-25 13:19:30.896  5639  5639 I ViewRootImpl@edeadb3[InstrumentationActivityInvoker$EmptyActivity]: Setup new sync id=0
09-25 13:19:30.896  5639  5639 I ViewRootImpl@edeadb3[InstrumentationActivityInvoker$EmptyActivity]: Setting syncFrameCallback
09-25 13:19:30.896  5639  5639 I ViewRootImpl@edeadb3[InstrumentationActivityInvoker$EmptyActivity]: registerCallbacksForSync syncBuffer=false
09-25 13:19:30.897  5639  5772 I ViewRootImpl@edeadb3[InstrumentationActivityInvoker$EmptyActivity]: Received frameDrawingCallback syncResult=0 frameNum=1.
09-25 13:19:30.897  5639  5772 I ViewRootImpl@edeadb3[InstrumentationActivityInvoker$EmptyActivity]: Setting up sync and frameCommitCallback
09-25 13:19:30.897  5639  5729 I BLASTBufferQueue: [ViewRootImpl@edeadb3[InstrumentationActivityInvoker$EmptyActivity]#50](f:0,a:0) onFrameAvailable the first frame is available
09-25 13:19:30.898  5639  5729 I ViewRootImpl@edeadb3[InstrumentationActivityInvoker$EmptyActivity]: Received frameCommittedCallback lastAttemptedDrawFrameNum=1 didProduceBuffer=true
09-25 13:19:30.899  5639  5729 D OpenGLRenderer: CFMS:: SetUp Pid : 5639    Tid : 5729
09-25 13:19:30.902  5639  5639 I ViewRootImpl@edeadb3[InstrumentationActivityInvoker$EmptyActivity]: onSyncComplete
09-25 13:19:30.902  5639  5639 I ViewRootImpl@edeadb3[InstrumentationActivityInvoker$EmptyActivity]: setupSync seqId=0 mSyncId=0 fn=1 caller=android.view.ViewRootImpl$$ExternalSyntheticLambda11.accept:6 android.window.SurfaceSyncer.lambda$setupSync$1$android-window-SurfaceSyncer:128 android.window.SurfaceSyncer$$ExternalSyntheticLambda1.accept:8 android.window.SurfaceSyncer$SyncSet.checkIfSyncIsComplete:382 android.window.SurfaceSyncer$SyncSet.markSyncReady:359 android.window.SurfaceSyncer.markSyncReady:151 android.view.ViewRootImpl.performTraversals:4503
09-25 13:19:30.902  5639  5639 I ViewRootImpl@edeadb3[InstrumentationActivityInvoker$EmptyActivity]: reportDrawFinished seqId=0 mSyncId=-1 fn=1 mSurfaceChangedTransaction=0xb4000077a103ac00
09-25 13:19:30.902  5639  5639 I ViewRootImpl@4e790e6[InstrumentationActivityInvoker$EmptyActivity]: MSG_WINDOW_FOCUS_CHANGED 0 0
09-25 13:19:30.903  3108  3143 W System  : A resource failed to call HardwareBuffer.close.
09-25 13:19:30.903  3108  3143 W System  : A resource failed to call HardwareBuffer.close.
09-25 13:19:30.903  3108  3143 W System  : A resource failed to call HardwareBuffer.close.
09-25 13:19:30.905  3108  3227 I ActivityTaskManager: Displayed com.example.dogglers/androidx.test.core.app.InstrumentationActivityInvoker$EmptyActivity: +78ms
09-25 13:19:30.905  5759  5759 E pageboostd: Received HALT command code 2
09-25 13:19:30.906  1914  1914 I Layer   : id=162556 removedFromDrawingState Surface(name=4eb27f5 StatusBar)/@0x43fa543 - animation-leash of insets_animation#162556 (349)
09-25 13:19:30.906  1914  1914 I Layer   : id=162557 removedFromDrawingState Surface(name=d110b4c NavigationBar0)/@0x8bdb781 - animation-leash of insets_animation#162557 (349)
09-25 13:19:30.906  1914  1914 I SurfaceFlinger: [ea7af99 com.example.dogglers/androidx.test.core.app.InstrumentationActivityInvoker$EmptyActivity#162561] FrameRatePriority: 1
09-25 13:19:30.907  1914  3199 I SurfaceFlinger: id=162557 Removed Surface(name=d110b4c NavigationBar0)/@0x8bdb781 - animation-leash of insets_animation#162557 (349)
09-25 13:19:30.907  1914  3199 I SurfaceFlinger: id=162556 Removed Surface(name=4eb27f5 StatusBar)/@0x43fa543 - animation-leash of insets_animation#162556 (349)
09-25 13:19:30.907  3108  6476 D InputDispatcher: Focus request (0): ea7af99 com.example.dogglers/androidx.test.core.app.InstrumentationActivityInvoker$EmptyActivity but waiting because NO_WINDOW
09-25 13:19:30.907  3108  4074 D InputDispatcher: Focus entered window (0): ea7af99 com.example.dogglers/androidx.test.core.app.InstrumentationActivityInvoker$EmptyActivity
09-25 13:19:30.908  3108  6472 I SemDvfsHyPerManager: acquire hyper - AMS_RESUME_TAIL/3108@20, type = -999
09-25 13:19:30.908  3108  6472 I SemDvfsHyPerManager: acquire hyper - AMS_ACT_LAZY/3108@21, type = -999
09-25 13:19:30.908  1809  1855 I HYPER-HAL: [RequestManager.cpp]acquire(): Acquired ID : 4893776  [3108 / 20]    HINT : AMS_RESUME_TAIL    list :
09-25 13:19:30.909  1809  1855 I HYPER-HAL: [RequestManager.cpp]acquire(): Acquired ID : 4896906  [3108 / 21]    HINT : AMS_ACT_LAZY    list :
09-25 13:19:30.909  1914  1914 D SurfaceFlinger: Display 4630947093241269891 HWC layers:
09-25 13:19:30.909  1914  1914 D SurfaceFlinger:      CLIENT | 0xb400007af6c13480 | 0100 | RGBx_8888    |  592.0    0.0 1628.0 2220.0 |    0    0 1440 3088 | Wallpaper BBQ wrapper#90
09-25 13:19:30.909  1914  1914 D SurfaceFlinger:      CLIENT | 0xb400007af6c11d80 | 0100 | RGBA_8888    |    0.0    0.0 1440.0 3088.0 |    0    0 1440 3088 | com.sec.android.app.launcher/com.sec[...]rActivity$_5369#162528 (blurRegions)
09-25 13:19:30.909  1914  1914 D SurfaceFlinger:      DEVICE | 0xb400007af6c14680 | 0102 | RGBA_8888    |    0.0    0.0 1440.0 3088.0 |    5   10 1435 3078 | com.example.dogglers/androidx.test.c[...]tyInvoker$EmptyActivity$_5639#162562
09-25 13:19:30.909  1914  1914 D SurfaceFlinger:      DEVICE | 0xb400007af6c14880 | 0100 | RGBA_8888    |    0.0    0.0 1440.0  100.0 |    0    0 1440  100 | StatusBar$_4768#95
09-25 13:19:30.909  1914  1914 D SurfaceFlinger:      DEVICE | 0xb400007af8705400 | 0100 | RGBA_8888    |    0.0    0.0   67.0  589.0 |    0  562   67 1151 | com.samsung.android.app.cocktailbars[...]vice.CocktailBarService$_8423#156853
09-25 13:19:30.909  1914  1914 D SurfaceFlinger:      DEVICE | 0xb400007af8705500 | 0100 | RGBA_8888    |    0.0    0.0  518.0   48.0 |  922 3040 1440 3088 | SGestureOverlayWindow$_5369#156268
09-25 13:19:30.909  1914  1914 D SurfaceFlinger:      DEVICE | 0x
09-25 13:19:30.909  1914  1914 D SurfaceFlinger: b400007af6c15880 | 0100 | RGBA_8888    |    0.0    0.0 1440.0  168.0 |    0 2920 1440 3088 | NavigationBar0$_4768#92
09-25 13:19:30.909  1914  1914 D SurfaceFlinger:
09-25 13:19:30.910  3108  3146 D InputDispatcher: Focused application(0): ActivityRecord{d98ff22 u0 com.sec.android.app.launcher/.activities.LauncherActivity} t6591}
09-25 13:19:30.910  3108  4605 D AS.MultiSoundManager: mForegroundUid = 10141
09-25 13:19:30.911  1809  1855 I HYPER-HAL: [RequestManager.cpp]releaseLocked(): Released ID : 4887519
09-25 13:19:30.913  5639  5639 I ViewRootImpl@edeadb3[InstrumentationActivityInvoker$EmptyActivity]: MSG_WINDOW_FOCUS_CHANGED 1 0
09-25 13:19:30.913  5639  5639 I ViewRootImpl@edeadb3[InstrumentationActivityInvoker$EmptyActivity]: mThreadedRenderer.initializeIfNeeded()#2 mSurface={isValid=true 0xb4000076ebbe2800}
09-25 13:19:30.913  5639  5639 D InputMethodManager: startInputInner - Id : 0
09-25 13:19:30.913  5639  5639 I InputMethodManager: startInputInner - mService.startInputOrWindowGainedFocus
09-25 13:19:30.914  5369  5369 I TopTaskTracker: onTaskMovedToFront : taskId = 6591
09-25 13:19:30.914  3108  3146 D InputMethodManagerService: DESKTOP MODE! : 2
09-25 13:19:30.914  3108  3146 D InputMethodManagerService: NOT IN KNOX DESKTOP MODE!
09-25 13:19:30.914  3108  3146 V InputMethodManagerService: getDisplayIdOfInputMethodWindowToBeAdded: displayId=0
09-25 13:19:30.914  3108  3146 D InputMethodManagerService: isImeSwitcherDisabledPackage : false
09-25 13:19:30.914  1914  1914 I SurfaceFlinger: [ea7af99 com.example.dogglers/androidx.test.core.app.InstrumentationActivityInvoker$EmptyActivity#162561] FrameRatePriority: -1
09-25 13:19:30.914  3108  3146 D InputMethodManagerService: checkDisplayOfStartInputAndUpdateKeyboard: displayId=0, mFocusedDisplayId=0
09-25 13:19:30.914  3108  3146 D InputTransport: Input channel constructed: 'ClientS', fd=1132
09-25 13:19:30.914  3108  3146 D InputTransport: Input channel destroyed: 'ClientS', fd=1132
09-25 13:19:30.914  1914  1914 I Layer   : id=162556 Destroyed Surface(name=4eb27f5 StatusBar)/@0x43fa543 - animation-leash of insets_animation#162556
09-25 13:19:30.914  1914  1914 I Layer   : id=162557 Destroyed Surface(name=d110b4c NavigationBar0)/@0x8bdb781 - animation-leash of insets_animation#162557
09-25 13:19:30.915  8130  9622 I [AirCmd]_ActivitySwitchDetector: onTaskFocusChanged : taskId 6591
09-25 13:19:30.915  5639  5639 D LifecycleMonitor: Lifecycle status change: androidx.test.core.app.InstrumentationActivityInvoker$EmptyActivity@c582eb1 in: PAUSED
09-25 13:19:30.915  5639  5639 V ActivityScenario: Activity lifecycle changed event received but ignored because the intent does not match. startActivityIntent=Intent { act=android.intent.action.MAIN cat=[android.intent.category.LAUNCHER] cmp=com.example.dogglers/.VerticalListActivity }, activity.getIntent()=Intent { act=android.intent.action.MAIN cat=[android.intent.category.LAUNCHER] flg=0x10000000 cmp=com.example.dogglers/androidx.test.core.app.InstrumentationActivityInvoker$EmptyActivity }, activity=androidx.test.core.app.InstrumentationActivityInvoker$EmptyActivity@c582eb1
09-25 13:19:30.915   586   586 I GoogleInputMethodService: GoogleInputMethodService.onFinishInput():3267
09-25 13:19:30.915  3108  3230 D PersonaActivityHelper: Activity not in resumed state, do not run immediate lock
09-25 13:19:30.916  3108  3145 I SemDvfsHyPerManager: acquire hyper - AMS_APP_HOME/3108@24, type = -999
09-25 13:19:30.916  1809  1855 I HYPER-HAL: [RequestManager.cpp]acquire(): Acquired ID : 4906302  [3108 / 24]    HINT : AMS_APP_HOME    list :
09-25 13:19:30.916  8328  8328 I SemDvfsHyPerManager: acquire hyper - APP_START_HOME/8328@20, type = -999
09-25 13:19:30.917   586   586 I GoogleInputMethodService: GoogleInputMethodService.updateDeviceLockedStatus():2097 repeatCheckTimes = 0, locked = false
09-25 13:19:30.917   586   586 D InputMethodService: checkFocusedDisplay() display Id 0last 0
09-25 13:19:30.917   586   586 I GoogleInputMethodService: GoogleInputMethodService.onStartInput():1889 onStartInput(EditorInfo{EditorInfo{packageName=com.example.dogglers, inputType=0, inputTypeString=NULL, enableLearning=false, autoCorrection=false, autoComplete=false, imeOptions=0, privateImeOptions=null, actionName=UNSPECIFIED, actionLabel=null, initialSelStart=-1, initialSelEnd=-1, initialCapsMode=0, label=null, fieldId=-1, fieldName=null, extras=Bundle[{displayId=0}], hintText=null, hintLocales=[]}}, false)
09-25 13:19:30.917   586   586 I GoogleInputMethodService: GoogleInputMethodService.updateDeviceLockedStatus():2097 repeatCheckTimes = 1, locked = false
09-25 13:19:30.917  1809  1855 I HYPER-HAL: [RequestManager.cpp]acquire(): Acquired ID : 34848746  [8328 / 20]    HINT : APP_START    list : [KERNEL_APP_START_NOTIFY / 0] [TIMEOUT / 1500]
09-25 13:19:30.917  8130  9622 I [AirCmd]_ActivitySwitchDetector: onTaskFocusChanged : componentName - ComponentInfo{com.sec.android.app.launcher/com.android.launcher3.uioverrides.QuickstepLauncher}
09-25 13:19:30.918  8130  9622 I [AirCmd]_ActivitySwitchDetector: onTaskFocusChanged : mTopMostActivity - ComponentInfo{com.example.dogglers/com.example.dogglers.VerticalListActivity}
09-25 13:19:30.917  5369  5369 I ViewRootImpl@7533534[LauncherActivity]: stopped(false) old = false
09-25 13:19:30.918  5369  5369 I Launcher: !@Boot_DEBUG: Launcher.onResume()
09-25 13:19:30.918  5369  5369 I Launcher: !@Boot_EBS_D: Launcher.onResume()
09-25 13:19:30.918  5369  5369 I BaseActivity: addActivityFlags, flags : 18
09-25 13:19:30.918  5369  5369 I BaseActivity: removeActivityFlags, flags : 32
09-25 13:19:30.918  5369  5741 I IMM_LC  : hsifw() - flag : 0
09-25 13:19:30.918  5369  5741 I IMM_LC  : hsifw() - mService.hideSoftInput
09-25 13:19:30.918  5369  5369 I AppsSearchBar: restoreCurrentCellLayoutAlpha: [com.android.homescreen.apptray.AppsViewCellLayout{118f2a4 V.ED..... ........ 15341,100-16679,2951}[a=1.0,v=0,sId=11]]
09-25 13:19:30.918  3108 29076 D RemoteAppTaskWatcher:  ****** RemoteAppTaskWatcher: Message Received 5 Task ID = 0
09-25 13:19:30.918  5369  5369 I Launcher.AppsViewCellLayout: com.android.homescreen.apptray.AppsViewCellLayout{118f2a4 V.ED..... ........ 15341,100-16679,2951}[a=1.0,v=0,sId=11] setAlpha : 1.0
09-25 13:19:30.918  5369  5369 I Launcher.AppsViewCellLayout: com.android.homescreen.apptray.AppsViewCellLayout{118f2a4 V.ED..... ........ 15341,100-16679,2951}[a=1.0,v=0,sId=11] setAlpha : 1.0
09-25 13:19:30.918  5369  5369 W SearchLauncherServiceMover: isMoving : false
09-25 13:19:30.918  5369 14554 I Launcher: DisplayMetrics from Resources : DisplayMetrics{density=3.5, width=1440, height=2988, scaledDensity=3.8500001, xdpi=501.041, ydpi=502.789}
09-25 13:19:30.918  5369  5369 I Launcher: setWallpaperOffsets
09-25 13:19:30.918  5369 14554 I Launcher: realMetrics from Wm : DisplayMetrics{density=3.5, width=1440, height=3088, scaledDensity=3.5, xdpi=501.041, ydpi=502.789}
09-25 13:19:30.918  5369 14554 I Launcher: Launcher DeviceProfile onResume availSize: 1440x2988 windowSize: 1440x3088 isLandscape: false
09-25 13:19:30.919  5369  5752 I SPayUpdater: updateSpayHandler, show = false, defaultPage = false
09-25 13:19:30.919  1914  2140 I SurfaceFlinger: id=162565 createSurf, flag=24000, Surface(name=Task=7120)/@0xcfd289f - animation-leash of app_transition#162565
09-25 13:19:30.919  5369 11129 I WidgetRotationImpl: subscribeWidgetFocus 80
09-25 13:19:30.919  8130  9622 I [AirCmd]_CallbackRepeater: stopRepeat : isWorking=false
09-25 13:19:30.919  8130  9622 I [AirCmd]_MediaControlStateMonitor: isForegroundAppSupportsMediaButton : mediaSession is empty
09-25 13:19:30.919  6586  6586 I SAMSUNGWALLET: [Hint_PayHintService] onReceive() action=com.sec.android.app.launcher.intent.action.UPDATE_SPAY_HANDLER
09-25 13:19:30.920  6586  6586 I SAMSUNGWALLET: [Hint_PayHintService] home change, s home : false , default : false , gesture : true , s result : false , prev : false
09-25 13:19:30.920  8130  9622 I [AirCmd]_MediaControlStateMonitor: active Notification List is null
09-25 13:19:30.920  8130  9622 I [AirCmd]_RemoteSpenMainController: hasGeneralAction : packageName is com.sec.android.app.launcher, activityName is com.android.launcher3.uioverrides.QuickstepLauncher, hasActions is false
09-25 13:19:30.920  8130  9622 I [AirCmd]_CameraAvailabilityMonitor: isCameraPreviewOn : mIsCameraPreviewOn is false
09-25 13:19:30.920  5369 11129 I IntelligentPlatformManagerImpl: subscribeWidgetFocus() id : 80
09-25 13:19:30.920  5759  5759 E pageboostd: Received HALT command code 2
09-25 13:19:30.920  1914  3199 I SurfaceFlinger: id=162566 createSurf, flag=24004, Surface(name=Task=1)/@0xeddbc98 - animation-leash of app_transition#162566
09-25 13:19:30.921  1914  3199 I SurfaceFlinger: id=162567 createSurf, flag=24000, Surface(name=WallpaperWindowToken{6241e01 token=android.os.Binder@ab19d0b})/@0xf3e0a44 - animation-leash of window_animation#162567
09-25 13:19:30.924  3108  6266 D InputDispatcher: Focus request (0): <null> but waiting because NOT_FOCUSABLE
09-25 13:19:30.924  3108  6266 D InputDispatcher: Focus left window (0): ea7af99 com.example.dogglers/androidx.test.core.app.InstrumentationActivityInvoker$EmptyActivity
09-25 13:19:30.925  1914  1914 I Layer   : id=162568 Destroyed Screenshot Parent#162568
09-25 13:19:30.927  3108 29076 D RemoteAppTaskWatcher:  ****** RemoteAppTaskWatcher: Message Received 5 Task ID = 0
09-25 13:19:30.928  1914  3199 I SurfaceFlinger: id=162569 createSurf, flag=24000, Surface(name=4eb27f5 StatusBar)/@0x43fa543 - animation-leash of insets_animation#162569
09-25 13:19:30.929  1914  3199 I SurfaceFlinger: id=162570 createSurf, flag=24000, Surface(name=d110b4c NavigationBar0)/@0x8bdb781 - animation-leash of insets_animation#162570
09-25 13:19:30.930  5369  8863 I TouchInteractionService: onSystemUiStateChanged, stateFlags : 48 |a11y_click|a11y_long_click|
09-25 13:19:30.931  1914  1914 I Layer   : id=162543 removedFromDrawingState Surface(name=Task=7120)/@0xcfd289f - animation-leash of app_transition#162543 (352)
09-25 13:19:30.931  1914  1914 I Layer   : id=162542 removedFromDrawingState Surface(name=Task=1)/@0xeddbc98 - animation-leash of app_transition#162542 (352)
09-25 13:19:30.931  1914  1914 I Layer   : id=162563 removedFromDrawingState Surface(name=4eb27f5 StatusBar)/@0x43fa543 - animation-leash of insets_animation#162563 (352)
09-25 13:19:30.931  1914  1914 I Layer   : id=162564 removedFromDrawingState Surface(name=d110b4c NavigationBar0)/@0x8bdb781 - animation-leash of insets_animation#162564 (352)
09-25 13:19:30.931  1914  1914 I SurfaceFlinger: id=162543 Removed Surface(name=Task=7120)/@0xcfd289f - animation-leash of app_transition#162543 (352)
09-25 13:19:30.931  1914  1914 I SurfaceFlinger: id=162542 Removed Surface(name=Task=1)/@0xeddbc98 - animation-leash of app_transition#162542 (352)
09-25 13:19:30.931  4768  4838 D Bubbles : onLocusVisibilityChanged: LocusId[17_chars] visible=true
09-25 13:19:30.931  5369  8863 I LauncherAnimationRunner: onAnimationStart, appTargets : [Lcom.android.systemui.shared.system.RemoteAnimationTargetCompat;@5bd2a7b mStartAtFrontOfQueue : false
09-25 13:19:30.931  1914  1914 I Layer   : id=162542 Destroyed Surface(name=Task=1)/@0xeddbc98 - animation-leash of app_transition#162542
09-25 13:19:30.931  1914  1914 I Layer   : id=162543 Destroyed Surface(name=Task=7120)/@0xcfd289f - animation-leash of app_transition#162543
09-25 13:19:30.932  5639  5639 I ViewRootImpl@edeadb3[InstrumentationActivityInvoker$EmptyActivity]: MSG_WINDOW_FOCUS_CHANGED 0 0
09-25 13:19:30.932  1914  2139 I SurfaceFlinger: id=162571 createSurf, flag=24004, Surface(name=6a358c3 InputMethod)/@0x1a6cc79 - animation-leash of insets_animation#162571
09-25 13:19:30.933  1914  1914 D SurfaceFlinger: Display 4630947093241269891 HWC layers:
09-25 13:19:30.933  1914  1914 D SurfaceFlinger:      DEVICE | 0xb400007af6c14680 | 0102 | RGBA_8888    |    0.0    0.0 1440.0 3088.0 |    0    0 1440 3088 | com.example.dogglers/androidx.test.c[...]tyInvoker$EmptyActivity$_5639#162562
09-25 13:19:30.933  1914  1914 D SurfaceFlinger:      DEVICE | 0xb400007af6c14880 | 0100 | RGBA_8888    |    0.0    0.0 1440.0  100.0 |    0    0 1440  100 | StatusBar$_4768#95
09-25 13:19:30.933  1914  1914 D SurfaceFlinger:      DEVICE | 0xb400007af8705400 | 0100 | RGBA_8888    |    0.0    0.0   67.0  589.0 |    0  562   67 1151 | com.samsung.android.app.cocktailbars[...]vice.CocktailBarService$_8423#156853
09-25 13:19:30.933  1914  1914 D SurfaceFlinger:      DEVICE | 0xb400007af8705500 | 0100 | RGBA_8888    |    0.0    0.0  518.0   48.0 |  922 3040 1440 3088 | SGestureOverlayWindow$_5369#156268
09-25 13:19:30.933  1914  1914 D SurfaceFlinger:      DEVICE | 0xb400007af6c15880 | 0100 | RGBA_8888    |    0.0    0.0 1440.0  168.0 |    0 2920 1440 3088 | NavigationBar0$_4768#92
09-25 13:19:30.933  1914  1914 D SurfaceFlinger:
09-25 13:19:30.934  5369  5369 I MSHandlerLifeCycle: removeMultiSplitHandler: no exist. decor=DecorView@ac62e93[LauncherActivity]
09-25 13:19:30.935  5369  5369 I BaseActivity: addActivityFlags, flags : 4
09-25 13:19:30.935  5369  5369 I Launcher: onDeferredResumed
09-25 13:19:30.935  8130  9622 I [AirCmd]_CameraAvailabilityMonitor: isCameraPreviewOn : mIsCameraPreviewOn is false
09-25 13:19:30.935  5369  5369 I InstallShortcutReceiver: flushInstallQueue 0
09-25 13:19:30.935  5369  5369 I Launcher.NotificationListener: onNotificationFullRefresh
09-25 13:19:30.935  5369  5369 I BadgeCountUpdaterImpl: onNotificationsChangedConnected
09-25 13:19:30.935  5369  5369 W LauncherAppWidgetHost: setShouldListenFlag, mFlags:7 flag:resume on:true isFront:false
09-25 13:19:30.935  5369  5369 I Launcher.AppsViewCellLayout: com.android.homescreen.apptray.AppsViewCellLayout{118f2a4 V.ED..... ........ 15341,100-16679,2951}[a=1.0,v=0,sId=11] setAlpha : 1.0
09-25 13:19:30.935  5369  5748 I InstallShortcutReceiver: flushQueueInBackground 0
09-25 13:19:30.935  5369  5369 I RecentsAnimationDeviceState: setSystemUiFlags, stateFlags : 48
09-25 13:19:30.935  5369  5369 W SGestureOverlayWindow: setVisibilityGestureOverlayWindow, visibility = 0
09-25 13:19:30.935  5369  5369 I TouchInteractionService: onSystemUiFlagsChanged, lastSysUIFlags : 131120
09-25 13:19:30.935  3108  3338 D AnalyticsContainerHandler: handleMessage : { when=0 what=1 target=com.android.server.knox.KnoxAnalyticsContainer$AnalyticsHandler }
09-25 13:19:30.935  8130  9622 I [AirCmd]_MediaControlStateMonitor: isForegroundAppSupportsMediaButton : mediaSession is empty
09-25 13:19:30.935  5369  5369 I Launcher: getFirstMatch : match = com.android.homescreen.icon.IconView{3c9d3a5 VFED..CLX ........ 538,868-799,1294 #7f0a009c app:id/apps_icon}[a=1.0,v=0,i=true,t=Dogglers][c(2,2-3,3),id=353]
09-25 13:19:30.935  5369  5369 W AppTransitionAnimatorImpl: closing animation with floating icon - true
09-25 13:19:30.936  5369  5748 I Launcher.NotificationListener: notificationIsValidForUI : com.microsoft.office.outlook missingTitleAndText : false isGroupHeader : true
09-25 13:19:30.936  5369  5748 I Launcher.NotificationListener: notificationIsValidForUI : com.microsoft.office.outlook missingTitleAndText : false isGroupHeader : false
09-25 13:19:30.936  5369  5748 I Launcher.NotificationListener: Full refresh isConnected : true active size : 1
09-25 13:19:30.937  8174  8566 D KnoxHelper: getActivityList callingUserId: 0, target user: 0
09-25 13:19:30.937  5369  5369 I AppTransitionAnimatorImpl: window bounds: Rect(0, 0 - 1440, 3088), target bounds: RectF(624.0, 1269.0, 816.0, 1461.0)
09-25 13:19:30.937  8130  9622 I [AirCmd]_MediaControlStateMonitor: active Notification List is null
09-25 13:19:30.937  8130  9622 I [AirCmd]_PenActionRule: getAction : get default action data from remote action because pen action data is null.
09-25 13:19:30.937  5369  5369 I AnimationResult: setAnimation : null
09-25 13:19:30.937  8130  9622 I [AirCmd]_ButtonActionDetector: enableDoubleClickDetection: enabled=true, doubleClickWaitInterval=300
09-25 13:19:30.937  8130  9622 I [AirCmd]_RemoteSpenMainController: onSwitch : package is com.sec.android.app.launcher   and activity is com.android.launcher3.uioverrides.QuickstepLauncher and isBleConnected is false and hasActions is false
09-25 13:19:30.937  5369  5369 W AppTransitionAnimatorImpl: onAnimationStart - APP OUT
09-25 13:19:30.937  1914  2139 I SurfaceFlinger: id=162563 Removed Surface(name=4eb27f5 StatusBar)/@0x43fa543 - animation-leash of insets_animation#162563 (351)
09-25 13:19:30.937  1914  2139 I SurfaceFlinger: id=162564 Removed Surface(name=d110b4c NavigationBar0)/@0x8bdb781 - animation-leash of insets_animation#162564 (351)
09-25 13:19:30.938  5369  5748 I AppIconSolution: getThemeIconWithBG called with public API, pkg = com.example.dogglers, mode = 48
09-25 13:19:30.938 15715 18710 I WindowsLink: (TaskInfoManager) +++++++++++onRecentTaskStackUpdated
09-25 13:19:30.938  5369  5748 I AppIconSolution: return adaptive icon for com.example.dogglers, isNight = true
09-25 13:19:30.938  5369  5748 I LauncherActivityInfo: packageName: com.example.dogglers, useThemeIcon: false, height: 252, width: 252, density: 640
09-25 13:19:30.939  3108  6476 D InputMethodManagerService: isImeSwitcherDisabledPackage : false
09-25 13:19:30.939  1914  1914 I Layer   : id=162558 removedFromDrawingState Surface(name=6a358c3 InputMethod)/@0x1a6cc79 - animation-leash of insets_animation#162558 (351)
09-25 13:19:30.939  5369  5369 I Launcher.AppsViewCellLayout: com.android.homescreen.apptray.AppsViewCellLayout{118f2a4 V.ED..... .......D 15341,100-16679,2951}[a=1.0,v=0,sId=11] setAlpha : 1.0
09-25 13:19:30.939  1914  1914 I SurfaceFlinger: id=162558 Removed Surface(name=6a358c3 InputMethod)/@0x1a6cc79 - animation-leash of insets_animation#162558 (351)
09-25 13:19:30.939  1914  1914 I Layer   : id=162563 Destroyed Surface(name=4eb27f5 StatusBar)/@0x43fa543 - animation-leash of insets_animation#162563
09-25 13:19:30.939  1914  1914 I Layer   : id=162564 Destroyed Surface(name=d110b4c NavigationBar0)/@0x8bdb781 - animation-leash of insets_animation#162564
09-25 13:19:30.939  1914  1914 I Layer   : id=162558 Destroyed Surface(name=6a358c3 InputMethod)/@0x1a6cc79 - animation-leash of insets_animation#162558
09-25 13:19:30.940  3108  3230 I SemPersonaManager: SecureFolder personaId = 150
09-25 13:19:30.940   586   586 I InputMethodService: removeImeSurface
09-25 13:19:30.941   586   586 I MSHandlerLifeCycle: check: return. pkg=com.google.android.inputmethod.latin isActivity=false callers=com.android.internal.policy.DecorView.setVisibility:4412 android.app.Dialog.hide:767 android.inputmethodservice.InputMethodService.removeImeSurface:1290 android.inputmethodservice.InputMethodService.scheduleImeSurfaceRemoval:1279 android.inputmethodservice.InputMethodService.-$$Nest$mscheduleImeSurfaceRemoval:0
09-25 13:19:30.941   586   586 I MSHandlerLifeCycle: removeMultiSplitHandler: no exist. decor=DecorView@3ddf8c7[InputMethod]
09-25 13:19:30.941  5369  5583 I ViewRootImpl@7533534[LauncherActivity]: mWNT: t=0xb400007737b93f00 mBlastBufferQueue=0xb400007720986880 fn= 44 caller= com.android.systemui.shared.launcher.ViewRootImplCompat.mergeWithNextTransaction:2 com.android.quickstep.util.SurfaceTransactionApplier.lambda$scheduleApply$0:2 com.android.quickstep.util.SurfaceTransactionApplier.b:0
09-25 13:19:30.941  5369  5369 I PopupDataProvider: onNotificationFullRefresh prev dotInfoSize : 1
09-25 13:19:30.941  5369  5369 I PopupDataProvider: refresh badge  package : com.microsoft.office.outlook count : 275
09-25 13:19:30.941  5369  5583 I ViewRootImpl@7533534[LauncherActivity]: mWNT: t=0xb40000774c80d400 mBlastBufferQueue=0xb400007720986880 fn= 44 caller= com.android.systemui.shared.launcher.ViewRootImplCompat.mergeWithNextTransaction:2 com.android.quickstep.util.SurfaceTransactionApplier.lambda$scheduleApply$0:2 com.android.quickstep.util.SurfaceTransactionApplier.b:0
09-25 13:19:30.941  5369  5583 I ViewRootImpl@7533534[LauncherActivity]: mWNT: t=0xb40000774c80d500 mBlastBufferQueue=0xb400007720986880 fn= 44 caller= com.android.systemui.shared.launcher.ViewRootImplCompat.mergeWithNextTransaction:2 com.android.quickstep.util.SurfaceTransactionApplier.lambda$scheduleApply$0:2 com.android.quickstep.util.SurfaceTransactionApplier.b:0
09-25 13:19:30.942  5369  5369 I IconView: applyDotState itemInfo : Outlook display : 1 count : 275
09-25 13:19:30.946  3108  3230 D EnterpriseDeviceManagerService: isMdmAdminPresentInternal() : MDM Admin Found - com.samsung.knox.securefolder
09-25 13:19:30.949  3108  6142 I MediaSessionMonitor: Media session stopped : controllerList empty
09-25 13:19:30.949  8423  8423 I ActivityUtils: HomePackage : com.sec.android.app.launcher, resumePackageName : com.sec.android.app.launcher
09-25 13:19:30.950  5369  5369 I Launcher.AppsViewCellLayout: com.android.homescreen.apptray.AppsViewCellLayout{118f2a4 V.ED..... .......D 15341,100-16679,2951}[a=1.0,v=0,sId=11] setAlpha : 1.0
09-25 13:19:30.951  1914  1914 D SurfaceFlinger: Display 4630947093241269891 HWC layers:
09-25 13:19:30.951  1914  1914 D SurfaceFlinger:      CLIENT | 0xb400007af6c13480 | 0100 | RGBx_8888    |  592.0    0.0 1628.0 2220.0 |    0    0 1440 3088 | Wallpaper BBQ wrapper#90
09-25 13:19:30.951  1914  1914 D SurfaceFlinger:      CLIENT | 0xb400007af86f9000 | 0100 | RGBA_8888    |    0.0    0.0 1440.0 3088.0 |    0    0 1440 3088 | com.sec.android.app.launcher/com.sec[...]rActivity$_5369#162528 (blurRegions)
09-25 13:19:30.951  1914  1914 D SurfaceFlinger:      CLIENT | 0xb400007af6c13180 | 0102 | RGBA_8888    |    0.0    0.0 1440.0 3088.0 |    0    0 1440 3088 | com.example.dogglers/com.example.dogglers.VerticalListActivity$_5639#162547
09-25 13:19:30.951  1914  1914 D SurfaceFlinger:      CLIENT | 0xb400007af86f9580 | 0102 | RGBA_8888    |    0.0    0.0 1440.0 3088.0 |    0    0 1440 3088 | com.example.dogglers/androidx.test.c[...]tyInvoker$EmptyActivity$_5639#162555
09-25 13:19:30.951  1914  1914 D SurfaceFlinger:      CLIENT | 0xb400007af6c14680 | 0102 | RGBA_8888    |    0.0    0.0 1440.0 3088.0 |    0    0 1440 3088 | com.example.dogglers/androidx.test.c[...]tyInvoker$EmptyActivity$_5639#162562
09-25 13:19:30.951  1914  1914 D SurfaceFlinger:      DEVICE | 0xb400007af6c14880 | 0100 | RGBA_8888    |    0.0    0.0 1440.0  100.0 |    0    0 1440
09-25 13:19:30.951  1914  1914 D SurfaceFlinger: 100 | StatusBar$_4768#95
09-25 13:19:30.951  1914  1914 D SurfaceFlinger:      DEVICE | 0xb400007af8705400 | 0100 | RGBA_8888    |    0.0    0.0   67.0  589.0 |    0  562   67 1151 | com.samsung.android.app.cocktailbars[...]vice.CocktailBarService$_8423#156853
09-25 13:19:30.951  1914  1914 D SurfaceFlinger:      DEVICE | 0xb400007af8705500 | 0100 | RGBA_8888    |    0.0    0.0  518.0   48.0 |  922 3040 1440 3088 | SGestureOverlayWindow$_5369#156268
09-25 13:19:30.951  1914  1914 D SurfaceFlinger:      DEVICE | 0xb400007af6c15880 | 0100 | RGBA_8888    |    0.0    0.0 1440.0  168.0 |    0 2920 1440 3088 | NavigationBar0$_4768#92
09-25 13:19:30.951  1914  1914 D SurfaceFlinger:
09-25 13:19:30.952 15715 18710 I WindowsLink: (TaskInfoManager) +++++++++++onRecentTaskStackUpdated
09-25 13:19:30.953  5369  5584 I ViewRootImpl@7533534[LauncherActivity]: mWNT: t=0xb40000774c80d700 mBlastBufferQueue=0xb400007720986880 fn= 45 caller= com.android.systemui.shared.launcher.ViewRootImplCompat.mergeWithNextTransaction:2 com.android.quickstep.util.SurfaceTransactionApplier.lambda$scheduleApply$0:2 com.android.quickstep.util.SurfaceTransactionApplier.b:0
09-25 13:19:30.956  5369  5369 I Launcher.AppsViewCellLayout: com.android.homescreen.apptray.AppsViewCellLayout{118f2a4 V.ED..... ........ 15341,100-16679,2951}[a=1.0,v=0,sId=11] setAlpha : 1.0
09-25 13:19:30.959  5369  5583 I ViewRootImpl@7533534[LauncherActivity]: mWNT: t=0xb40000774c80da00 mBlastBufferQueue=0xb400007720986880 fn= 46 caller= com.android.systemui.shared.launcher.ViewRootImplCompat.mergeWithNextTransaction:2 com.android.quickstep.util.SurfaceTransactionApplier.lambda$scheduleApply$0:2 com.android.quickstep.util.SurfaceTransactionApplier.b:0
09-25 13:19:30.961  8174  8566 D KnoxHelper: getActivityList callingUserId: 0, target user: 150
09-25 13:19:30.961  8174  8566 V KnoxHelper: source and target users are different, and caller is knox container or target user is for secure folder, so request cannot be granted!
09-25 13:19:30.964  5369  5369 I Launcher.AppsViewCellLayout: com.android.homescreen.apptray.AppsViewCellLayout{118f2a4 V.ED..... ........ 15341,100-16679,2951}[a=1.0,v=0,sId=11] setAlpha : 1.0
09-25 13:19:30.965  5369  5584 I ViewRootImpl@7533534[LauncherActivity]: mWNT: t=0xb40000774cca7300 mBlastBufferQueue=0xb400007720986880 fn= 47 caller= com.android.systemui.shared.launcher.ViewRootImplCompat.mergeWithNextTransaction:2 com.android.quickstep.util.SurfaceTransactionApplier.lambda$scheduleApply$0:2 com.android.quickstep.util.SurfaceTransactionApplier.b:0
09-25 13:19:30.973  5369  5369 I Launcher.AppsViewCellLayout: com.android.homescreen.apptray.AppsViewCellLayout{118f2a4 V.ED..... ........ 15341,100-16679,2951}[a=1.0,v=0,sId=11] setAlpha : 1.0
09-25 13:19:30.973  1914  1914 D SurfaceFlinger: GPIS:: requestGPIS
09-25 13:19:30.973  5369  5583 I ViewRootImpl@7533534[LauncherActivity]: mWNT: t=0xb40000774cca7400 mBlastBufferQueue=0xb400007720986880 fn= 48 caller= com.android.systemui.shared.launcher.ViewRootImplCompat.mergeWithNextTransaction:2 com.android.quickstep.util.SurfaceTransactionApplier.lambda$scheduleApply$0:2 com.android.quickstep.util.SurfaceTransactionApplier.b:0
09-25 13:19:30.981  5369  5369 I Launcher.AppsViewCellLayout: com.android.homescreen.apptray.AppsViewCellLayout{118f2a4 V.ED..... ........ 15341,100-16679,2951}[a=1.0,v=0,sId=11] setAlpha : 1.0
09-25 13:19:30.982  5369  5584 I ViewRootImpl@7533534[LauncherActivity]: mWNT: t=0xb40000774cca7800 mBlastBufferQueue=0xb400007720986880 fn= 49 caller= com.android.systemui.shared.launcher.ViewRootImplCompat.mergeWithNextTransaction:2 com.android.quickstep.util.SurfaceTransactionApplier.lambda$scheduleApply$0:2 com.android.quickstep.util.SurfaceTransactionApplier.b:0
09-25 13:19:30.993  5369  5369 I Launcher.AppsViewCellLayout: com.android.homescreen.apptray.AppsViewCellLayout{118f2a4 V.ED..... ........ 15341,100-16679,2951}[a=1.0,v=0,sId=11] setAlpha : 1.0
09-25 13:19:30.993  5369  5583 I ViewRootImpl@7533534[LauncherActivity]: mWNT: t=0xb40000774cca7900 mBlastBufferQueue=0xb400007720986880 fn= 50 caller= com.android.systemui.shared.launcher.ViewRootImplCompat.mergeWithNextTransaction:2 com.android.quickstep.util.SurfaceTransactionApplier.lambda$scheduleApply$0:2 com.android.quickstep.util.SurfaceTransactionApplier.b:0
09-25 13:19:30.998  5369  5369 I Launcher.AppsViewCellLayout: com.android.homescreen.apptray.AppsViewCellLayout{118f2a4 V.ED..... ........ 15341,100-16679,2951}[a=1.0,v=0,sId=11] setAlpha : 1.0
09-25 13:19:30.999  5369  5401 W System  : A resource failed to call ContentProviderClient.close.
09-25 13:19:30.999  5369  5584 I ViewRootImpl@7533534[LauncherActivity]: mWNT: t=0xb4000077a50e7300 mBlastBufferQueue=0xb400007720986880 fn= 51 caller= com.android.systemui.shared.launcher.ViewRootImplCompat.mergeWithNextTransaction:2 com.android.quickstep.util.SurfaceTransactionApplier.lambda$scheduleApply$0:2 com.android.quickstep.util.SurfaceTransactionApplier.b:0
09-25 13:19:30.999  5369  5401 W System  : A resource failed to call ContentProviderClient.close.
09-25 13:19:31.000  5369  5401 W System  : A resource failed to call release.
09-25 13:19:31.000  5369  5401 W System  : A resource failed to call release.
09-25 13:19:31.000  5369  5401 W System  : A resource failed to call release.
09-25 13:19:31.000  1914  2139 I SurfaceFlinger: id=162533 Removed Surface(name=WallpaperWindowToken{6241e01 token=android.os.Binder@ab19d0b})/@0xf3e0a44 - animation-leash of window_animation#162533 (348)
09-25 13:19:31.000  1914  2140 I SurfaceFlinger: id=162531 Removed Surface(name=Task=7119)/@0xb481c38 - animation-leash of app_transition#162531 (348)
09-25 13:19:31.000  1914  2139 I SurfaceFlinger: id=162532 Removed Surface(name=Task=1)/@0xeddbc98 - animation-leash of app_transition#162532 (348)
09-25 13:19:31.000  5369  5401 W System  : A resource failed to call ContentProviderClient.close.
09-25 13:19:31.001  5369  5401 W System  : A resource failed to call ContentProviderClient.close.
09-25 13:19:31.001  5369  5401 W System  : A resource failed to call release.
09-25 13:19:31.001  5369  5401 W System  : A resource failed to call release.
