09-25 13:19:24.965  3108  3145 D InputDispatcher: Focus entered window (0): 6dc3544 com.example.dogglers/androidx.test.core.app.InstrumentationActivityInvoker$EmptyActivity
09-25 13:19:24.965  5639  5639 I ViewRootImpl@15ca18c[GridListActivity]: Relayout returned: old=(0,0,1440,3088) new=(0,0,1440,3088) req=(1440,3088)8 dur=6 res=0x2 s={false 0x0} ch=true seqId=0
09-25 13:19:24.966  3108  4923 V WindowManager: Relayout hash=294099b, pid=21794, syncId=-1: mAttrs={(0,0)(fillxfill) gr=LEFT CENTER_HORIZONTAL sim={adjust=resize} layoutInDisplayCutoutMode=shortEdges ty=DRAWN_APPLICATION fmt=TRANSPARENT wanim=0x10302f4 alpha=0.0
09-25 13:19:24.966  3108  4923 V WindowManager:   fl=81850118
09-25 13:19:24.966  3108  4923 V WindowManager:   pfl=16020040
09-25 13:19:24.966  3108  4923 V WindowManager:   bhv=DEFAULT
09-25 13:19:24.966  3108  4923 V WindowManager:   fitSides=
09-25 13:19:24.966  3108  4923 V WindowManager:  dimAmount=0.0 naviIconColor=0}
09-25 13:19:24.966  1914  1914 D SurfaceFlinger: Display 4630947093241269891 HWC layers:
09-25 13:19:24.966  1914  1914 D SurfaceFlinger:      DEVICE | 0xb400007af86ec180 | 0102 | RGBA_8888    |    0.0    0.0 1440.0 3088.0 |    0    0 1440 3088 | com.example.dogglers/androidx.test.c[...]tyInvoker$EmptyActivity$_5639#162287
09-25 13:19:24.966  1914  1914 D SurfaceFlinger:      DEVICE | 0xb400007af6c14880 | 0100 | RGBA_8888    |    0.0    0.0 1440.0  100.0 |    0    0 1440  100 | StatusBar$_4768#95
09-25 13:19:24.966  1914  1914 D SurfaceFlinger:      DEVICE | 0xb400007af8705400 | 0100 | RGBA_8888    |    0.0    0.0   67.0  589.0 |    0  562   67 1151 | com.samsung.android.app.cocktailbars[...]vice.CocktailBarService$_8423#156853
09-25 13:19:24.966  1914  1914 D SurfaceFlinger:      DEVICE | 0xb400007af8705500 | 0100 | RGBA_8888    |    0.0    0.0  518.0   48.0 |  922 3040 1440 3088 | SGestureOverlayWindow$_5369#156268
09-25 13:19:24.966  1914  1914 D SurfaceFlinger:      DEVICE | 0xb400007af6c15880 | 0100 | RGBA_8888    |    0.0    0.0 1440.0  168.0 |    0 2920 1440 3088 | NavigationBar0$_4768#92
09-25 13:19:24.966  1914  1914 D SurfaceFlinger:
09-25 13:19:24.966 21794 21794 D InsetsController: onStateChanged: InsetsState: {mDisplayFrame=Rect(0, 0 - 1440, 3088), mDisplayCutout=DisplayCutout{insets=Rect(0, 100 - 0, 0) waterfall=Insets{left=0, top=0, right=0, bottom=0} boundingRect={Bounds=[Rect(0, 0 - 0, 0), Rect(685, 0 - 756, 100), Rect(0, 0 - 0, 0), Rect(0, 0 - 0, 0)]} cutoutPathParserInfo={CutoutPathParserInfo{displayWidth=1440 displayHeight=3088 physicalDisplayWidth=1440 physicalDisplayHeight=3088 density={3.75} cutoutSpec={M 0,0 H -9.466666666666667 V 26.66666666666667‬ H 9.466666666666667 V 0 H 0 Z @dp} rotation={0} scale={1.0} physicalPixelDisplaySizeRatio={1.0}}}}, mRoundedCorners=RoundedCorners{[RoundedCorner{position=TopLeft, radius=14, center=Point(14, 14)}, RoundedCorner{position=TopRight, radius=14, center=Point(1426, 14)}, RoundedCorner{position=BottomRight, radius=14, center=Point(1426, 3074)}, RoundedCorner{position=BottomLeft, radius=14, center=Point(14, 3074)}]}  mRoundedCornerFrame=Rect(0, 0 - 1440, 3088), mPrivacyIndicatorBounds=PrivacyIndicatorBounds {static bounds=Rect(1286, 0 - 1440, 100) rotation=0}, mSources= { InsetsSource: {mType=ITYPE_STATUS_BAR, mFrame=[0,0][1440,100], mVisible=true, mInsetsRoundedCornerFrame=false}, InsetsSource: {mType=ITYPE_NAVIGATION_BAR, mFrame=[0,3088][1440,3088], mVisible=true, mInsetsRoundedCornerFrame=false}, InsetsSource: {mType=ITYPE_LEFT_GESTURES, mFrame=[0,0][0,3088], mVisible=true, mInsetsRoundedCornerFrame=false}, InsetsSource: {mType=ITYPE_RIGHT_GESTURES, mFrame=[1440,0][1440,3088], mVisible=true, mInsetsRoundedCornerFrame=false}, InsetsSource: {mType=ITYPE_TOP_MANDATORY_GESTURES, mFrame=[0,0][1440,142], mVisible=true, mInsetsRoundedCornerFrame=false}, InsetsSource: {mType=ITYPE_BOTTOM_MANDATORY_GESTURES, mFrame=[0,3018][1440,3088], mVisible=true, mInsetsRoundedCornerFrame=false}, InsetsSource: {mType=ITYPE_LEFT_DISPLAY_CUTOUT, mFrame=[0,0][-100000,3088], mVisible=true, mInsetsRoundedCornerFrame=false}, InsetsSource: {mType=ITYPE_TOP_DISPLAY_CUTOUT, mFrame=[0,0][1440,100], mVisible=true, mInsetsRoundedCornerFrame=false}, InsetsSource: {mType=ITYPE_RIGHT_DISPLAY_CUTOUT, mFrame=[100000,0][1440,3088], mVisible=true, mInsetsRoundedCornerFrame=false}, InsetsSource: {mType=ITYPE_BOTTOM_DISPLAY_CUTOUT, mFrame=[0,100000][1440,3088], mVisible=true, mInsetsRoundedCornerFrame=false}, InsetsSource: {mType=ITYPE_TOP_TAPPABLE_ELEMENT, mFrame=[0,0][1440,100], mVisible=true, mInsetsRoundedCornerFrame=false}, InsetsSource: {mType=ITYPE_BOTTOM_TAPPABLE_ELEMENT, mFrame=[0,0][0,0], mVisible=true, mInsetsRoundedCornerFrame=false} } host=com.sec.android.app.launcher/com.sec.android.app.launcher.activities.LauncherActivity from=android.view.ViewRootImpl.relayoutWindow:9802
09-25 13:19:24.966  3108  6456 V WindowManager: Relayout Window{c7375dc u0 com.sec.android.app.launcher/com.sec.android.app.launcher.activities.LauncherActivity}: viewVisibility=8 req=1440x3088 d0
09-25 13:19:24.968 21794 21794 I ViewRootImpl@888ef3d[LauncherActivity]: Relayout returned: old=(0,0,1440,3088) new=(0,0,1440,3088) req=(1440,3088)8 dur=8 res=0x2 s={false 0x0} ch=true seqId=0
09-25 13:19:24.970  3108  6456 V WindowManager: Relayout hash=c7375dc, pid=5369, syncId=-1: mAttrs={(0,0)(fillxfill) sim={adjust=nothing forwardNavigation} layoutInDisplayCutoutMode=shortEdges ty=BASE_APPLICATION fmt=TRANSPARENT wanim=0x10302f4
09-25 13:19:24.970  3108  6456 V WindowManager:   fl=81910100
09-25 13:19:24.970  3108  6456 V WindowManager:   pfl=1e020040
09-25 13:19:24.970  3108  6456 V WindowManager:   vsysui=1700
09-25 13:19:24.970  3108  6456 V WindowManager:   bhv=SHOW_TRANSIENT_BARS_BY_SWIPE
09-25 13:19:24.970  3108  6456 V WindowManager:   fitSides= naviIconColor=0}
09-25 13:19:24.972  5369  5369 I ViewRootImpl@7533534[LauncherActivity]: Relayout returned: old=(0,0,1440,3088) new=(0,0,1440,3088) req=(1440,3088)8 dur=11 res=0x2 s={false 0x0} ch=true seqId=0
09-25 13:19:24.976  3108  3146 I SemDvfsHyPerManager: acquire hyper - AMS_ACT_START/3108@18, type = -999
09-25 13:19:24.976  1809  1855 I HYPER-HAL: [RequestManager.cpp]acquire(): Acquired ID : 4887519  [3108 / 18]    HINT : AMS_ACT_START    list :
09-25 13:19:24.977  1914  2140 I SurfaceFlinger: id=162290 createSurf, flag=80004, ActivityRecord{ab5649d u0 com.example.dogglers/androidx.test.core.app.InstrumentationActivityInvoker$EmptyActivity} t7113}#162290
09-25 13:19:24.985  5369  5369 I ViewRootImpl@7533534[LauncherActivity]: stopped(true) old = false
09-25 13:19:24.985  5369  5369 I ViewRootImpl@7533534[LauncherActivity]: WindowStopped on com.sec.android.app.launcher/com.sec.android.app.launcher.activities.LauncherActivity set to true
09-25 13:19:24.985 21794 21794 I dmtd    : (REDACTED) onApplyWindowInsets: systemWindowInsets=%s
09-25 13:19:24.985 21794 21794 I dmtd    : (REDACTED) onApplyWindowInsets: systemWindowInsets=%s
09-25 13:19:24.986  5369  5369 I Launcher: !@Boot_DEBUG: Launcher.onStop()
09-25 13:19:24.986  5369  5369 I Launcher: !@Boot_EBS_D: Launcher.onStop()
09-25 13:19:24.986  5369  5369 I BaseActivity: removeActivityFlags, flags : 17
09-25 13:19:24.986  5369  5369 I WallpaperBlurController: dispatchTransactionSurface: mCurrentBlur = 150
09-25 13:19:24.986  5759  5759 E pageboostd: Received HALT command code 2
09-25 13:19:24.986  5369  5369 W LauncherAppWidgetHost: setShouldListenFlag, mFlags:7 flag:start on:false isFront:false
09-25 13:19:24.986  5369  5741 I IMM_LC  : hsifw() - flag : 0
09-25 13:19:24.986  5369  5741 I IMM_LC  : hsifw() - mService.hideSoftInput
09-25 13:19:24.986  3108  4923 I AppWidgetServiceImpl: stopListening callbacks : null
09-25 13:19:24.986  5369  5369 W LauncherAppWidgetHost: stopListening, mFlags:2 isFront:false
09-25 13:19:24.986  5369  5369 W Launcher.NotificationListener: removeNotificationsChangedListener
09-25 13:19:24.986  5369  5369 I Launcher.NotificationListener: unregisterObserver, this is not notificationService!!
09-25 13:19:24.987  5369  5369 I BadgeCountUpdaterImpl: onNotificationsChangedDisConnected
09-25 13:19:24.987  5639  5639 I ViewRootImpl@15ca18c[GridListActivity]: stopped(true) old = false
09-25 13:19:24.987  5639  5639 I ViewRootImpl@15ca18c[GridListActivity]: WindowStopped on com.example.dogglers/com.example.dogglers.GridListActivity set to true
09-25 13:19:24.987  5639  5639 D LifecycleMonitor: Lifecycle status change: com.example.dogglers.GridListActivity@cf8ea71 in: STOPPED
09-25 13:19:24.987  5639  5639 V ActivityScenario: Update currentActivityStage to STOPPED, currentActivity=com.example.dogglers.GridListActivity@cf8ea71
09-25 13:19:24.988  5639  5639 I MSHandlerLifeCycle: removeMultiSplitHandler: no exist. decor=DecorView@b816bcf[GridListActivity]
09-25 13:19:24.988  5369  5752 I LiveIconUpdateEventHandler: cancelDateChangeAlarm
09-25 13:19:24.988  5369  5369 I MSHandlerLifeCycle: removeMultiSplitHandler: no exist. decor=DecorView@ac62e93[LauncherActivity]
09-25 13:19:24.988  5639  5639 D LifecycleMonitor: Lifecycle status change: com.example.dogglers.GridListActivity@cf8ea71 in: DESTROYED
09-25 13:19:24.988  5639  5639 V ActivityScenario: Update currentActivityStage to DESTROYED, currentActivity=null
09-25 13:19:24.989  5369  5752 I LiveIconUpdateEventHandler: cancelMinuteChangeAlarm
09-25 13:19:24.989  5639  5639 I MSHandlerLifeCycle: removeMultiSplitHandler: no exist. decor=DecorView@b816bcf[GridListActivity]
09-25 13:19:24.989  5639  5729 D OpenGLRenderer: setSurface called with nullptr
09-25 13:19:24.989  5639  5639 I ViewRootImpl@15ca18c[GridListActivity]: dispatchDetachedFromWindow
09-25 13:19:24.990  3108  4923 D InputTransport: Input channel destroyed: 'b6258f ', fd=1143
09-25 13:19:24.990  3108  4923 W InputManager-JNI: Input channel object 'b6258f com.example.dogglers/com.example.dogglers.GridListActivity (client)' was disposed without first being removed with the input manager!
09-25 13:19:24.990  3108  4923 D InputTransport: Input channel destroyed: 'b6258f ', fd=1249
09-25 13:19:24.990  3108  3230 I ChimeraSystemEventListener: appLaunchIntent package name is: com.example.dogglers
09-25 13:19:24.991  1914  3199 I SurfaceFlinger: id=162291 createSurf, flag=24004, Surface(name=6a358c3 InputMethod)/@0x1a6cc79 - animation-leash of insets_animation#162291
09-25 13:19:24.994  5639  5639 D InputTransport: Input channel destroyed: 'b6258f ', fd=108
09-25 13:19:24.995  5639  5639 D LifecycleMonitor: Lifecycle status change: androidx.test.core.app.InstrumentationActivityInvoker$BootstrapActivity@1316f94 in: STOPPED
09-25 13:19:24.995  1914  2140 I SurfaceFlinger: id=162266 Removed Surface(name=6a358c3 InputMethod)/@0x1a6cc79 - animation-leash of insets_animation#162266 (334)
09-25 13:19:24.995  5639  5639 V ActivityScenario: Activity lifecycle changed event received but ignored because the intent does not match. startActivityIntent=Intent { act=android.intent.action.MAIN cat=[android.intent.category.LAUNCHER] cmp=com.example.dogglers/.GridListActivity }, activity.getIntent()=Intent { act=android.intent.action.MAIN cat=[android.intent.category.LAUNCHER] flg=0x10008000 cmp=com.example.dogglers/androidx.test.core.app.InstrumentationActivityInvoker$BootstrapActivity (has extras) }, activity=androidx.test.core.app.InstrumentationActivityInvoker$BootstrapActivity@1316f94
09-25 13:19:24.995  5639  5639 I ViewRootImpl@bbbf799[InstrumentationActivityInvoker$EmptyActivity]: MSG_WINDOW_FOCUS_CHANGED 1 0
09-25 13:19:24.995  5639  5639 I ViewRootImpl@bbbf799[InstrumentationActivityInvoker$EmptyActivity]: mThreadedRenderer.initializeIfNeeded()#2 mSurface={isValid=true 0xb40000772b3d8800}
09-25 13:19:24.995   586   586 I InputMethodService: removeImeSurface
09-25 13:19:24.995  5639  5639 D InputMethodManager: startInputInner - Id : 0
09-25 13:19:24.995  5639  5639 I InputMethodManager: startInputInner - mService.startInputOrWindowGainedFocus
09-25 13:19:24.995   586   586 I MSHandlerLifeCycle: check: return. pkg=com.google.android.inputmethod.latin isActivity=false callers=com.android.internal.policy.DecorView.setVisibility:4412 android.app.Dialog.hide:767 android.inputmethodservice.InputMethodService.removeImeSurface:1290 android.inputmethodservice.InputMethodService.scheduleImeSurfaceRemoval:1279 android.inputmethodservice.InputMethodService.-$$Nest$mscheduleImeSurfaceRemoval:0
09-25 13:19:24.995   586   586 I MSHandlerLifeCycle: removeMultiSplitHandler: no exist. decor=DecorView@3ddf8c7[InputMethod]
09-25 13:19:24.996  3108  9815 D InputMethodManagerService: DESKTOP MODE! : 2
09-25 13:19:24.996  3108  9815 D InputMethodManagerService: NOT IN KNOX DESKTOP MODE!
09-25 13:19:24.996  3108  9815 V InputMethodManagerService: getDisplayIdOfInputMethodWindowToBeAdded: displayId=0
09-25 13:19:24.996  3108  9815 D InputMethodManagerService: isImeSwitcherDisabledPackage : false
09-25 13:19:24.996  3108  9815 D InputMethodManagerService: checkDisplayOfStartInputAndUpdateKeyboard: displayId=0, mFocusedDisplayId=0
09-25 13:19:24.996  3108  9815 D InputTransport: Input channel constructed: 'ClientS', fd=1249
09-25 13:19:24.996  3108  9815 D InputTransport: Input channel destroyed: 'ClientS', fd=1249
09-25 13:19:24.996   586   586 I GoogleInputMethodService: GoogleInputMethodService.onFinishInput():3267
09-25 13:19:24.997  5639  5639 D LifecycleMonitor: Lifecycle status change: androidx.test.core.app.InstrumentationActivityInvoker$EmptyActivity@8a35d47 in: PAUSED
09-25 13:19:24.997  1914  1914 I Layer   : id=162279 removedFromDrawingState com.example.dogglers/com.example.dogglers.GridListActivity$_5639#162279 (334)
09-25 13:19:24.997  1914  1914 I Layer   : id=162278 removedFromDrawingState b6258f com.example.dogglers/com.example.dogglers.GridListActivity#162278 (334)
09-25 13:19:24.997  5639  5639 V ActivityScenario: Activity lifecycle changed event received but ignored because the intent does not match. startActivityIntent=Intent { act=android.intent.action.MAIN cat=[android.intent.category.LAUNCHER] cmp=com.example.dogglers/.GridListActivity }, activity.getIntent()=Intent { act=android.intent.action.MAIN cat=[android.intent.category.LAUNCHER] flg=0x10000000 cmp=com.example.dogglers/androidx.test.core.app.InstrumentationActivityInvoker$EmptyActivity }, activity=androidx.test.core.app.InstrumentationActivityInvoker$EmptyActivity@8a35d47
09-25 13:19:24.997  1914  1914 I Layer   : id=162283 removedFromDrawingState Surface(name=6a358c3 InputMethod)/@0x1a6cc79 - animation-leash of insets_animation#162283 (334)
09-25 13:19:24.997  1914  1914 I Layer   : id=162112 removedFromDrawingState com.sec.android.app.launcher/com.sec.android.app.launcher.activities.LauncherActivity$_21794#162112 (334)
09-25 13:19:24.997  1914  1914 I Layer   : id=162113 removedFromDrawingState com.sec.android.app.launcher/com.sec.android.app.launcher.activities.LauncherActivity$_5369#162113 (334)
09-25 13:19:24.997  1914  1914 I SurfaceFlinger: id=162113 Removed com.sec.android.app.launcher/com.sec.android.app.launcher.activities.LauncherActivity$_5369#162113 (334)
09-25 13:19:24.997  1914  1914 I SurfaceFlinger: id=162112 Removed com.sec.android.app.launcher/com.sec.android.app.launcher.activities.LauncherActivity$_21794#162112 (334)
09-25 13:19:24.997  1914  1914 I SurfaceFlinger: id=162279 Removed com.example.dogglers/com.example.dogglers.GridListActivity$_5639#162279 (334)
09-25 13:19:24.997  1914  1914 I SurfaceFlinger: id=162283 Removed Surface(name=6a358c3 InputMethod)/@0x1a6cc79 - animation-leash of insets_animation#162283 (334)
09-25 13:19:24.997  1914  1914 I SurfaceFlinger: id=162278 Removed b6258f com.example.dogglers/com.example.dogglers.GridListActivity#162278 (334)
09-25 13:19:24.997  1914  1914 I Layer   : id=162266 Destroyed Surface(name=6a358c3 InputMethod)/@0x1a6cc79 - animation-leash of insets_animation#162266
09-25 13:19:24.997  1914  1914 I Layer   : id=162113 Destroyed com.sec.android.app.launcher/com.sec.android.app.launcher.activities.LauncherActivity$_5369#162113
09-25 13:19:24.997  6586 10126 I SAMSUNGWALLET: [Hint_ProcessStatusChange] fg Change, pid : 5369 , isNotify : true , isForeground : false , fg list : []
09-25 13:19:24.997  6586 10126 I SAMSUNGWALLET: [ProcessStatusChange] fg Change, pid : 5369 , isNotify : true , isForeground : false , fg list : []
09-25 13:19:24.997  1914  1914 I Layer   : id=162112 Destroyed com.sec.android.app.launcher/com.sec.android.app.launcher.activities.LauncherActivity$_21794#162112
09-25 13:19:24.998  1914  1914 I Layer   : id=162278 Destroyed b6258f com.example.dogglers/com.example.dogglers.GridListActivity#162278
09-25 13:19:24.998  1914  1914 I Layer   : id=162279 Destroyed com.example.dogglers/com.example.dogglers.GridListActivity$_5639#162279
09-25 13:19:24.998  6586 17206 I SAMSUNGWALLET: [Hint_ProcessStatusChange] fg Change, pid : 5369 , isNotify : true , isForeground : false , fg list : []
09-25 13:19:24.998  1914  1914 I Layer   : id=162283 Destroyed Surface(name=6a358c3 InputMethod)/@0x1a6cc79 - animation-leash of insets_animation#162283
09-25 13:19:24.998  6586 17206 I SAMSUNGWALLET: [ProcessStatusChange] fg Change, pid : 5369 , isNotify : true , isForeground : false , fg list : []
09-25 13:19:24.998  1914  2140 I SurfaceFlinger: id=162277 Removed 8d52a4a ActivityRecordInputSink com.example.dogglers/.GridListActivity#162277 (328)
09-25 13:19:24.998  6586  7522 I SAMSUNGWALLET: [ResetData] getSAResetDialogFlag : false
09-25 13:19:24.999   586   586 I GoogleInputMethodService: GoogleInputMethodService.updateDeviceLockedStatus():2097 repeatCheckTimes = 0, locked = false
09-25 13:19:24.999   586   586 D InputMethodService: checkFocusedDisplay() display Id 0last 0
09-25 13:19:24.999  3108  6492 D InputDispatcher: Focused application(0): ActivityRecord{ab5649d u0 com.example.dogglers/androidx.test.core.app.InstrumentationActivityInvoker$EmptyActivity} t7113}
09-25 13:19:24.999   586   586 I GoogleInputMethodService: GoogleInputMethodService.onStartInput():1889 onStartInput(EditorInfo{EditorInfo{packageName=com.example.dogglers, inputType=0, inputTypeString=NULL, enableLearning=false, autoCorrection=false, autoComplete=false, imeOptions=0, privateImeOptions=null, actionName=UNSPECIFIED, actionLabel=null, initialSelStart=-1, initialSelEnd=-1, initialCapsMode=0, label=null, fieldId=-1, fieldName=null, extras=Bundle[{displayId=0}], hintText=null, hintLocales=[]}}, false)
09-25 13:19:24.999  6586 25742 I SAMSUNGWALLET: [Hint_ProcessStatusChange] fg Change, pid : 5369 , isNotify : true , isForeground : false , fg list : []
09-25 13:19:24.999  6586 25742 I SAMSUNGWALLET: [ProcessStatusChange] fg Change, pid : 5369 , isNotify : true , isForeground : false , fg list : []
09-25 13:19:25.000   586   586 I GoogleInputMethodService: GoogleInputMethodService.updateDeviceLockedStatus():2097 repeatCheckTimes = 1, locked = false
09-25 13:19:25.001  6586  6586 I SAMSUNGWALLET-USBP: [AlertController] Boarding pass alert is not enabled
09-25 13:19:25.001  6586  6586 I SAMSUNGWALLET-USBP: [AlertController] dismiss alert: NO_ALERT
09-25 13:19:25.001  3108 29076 D RemoteAppTaskWatcher:  ****** RemoteAppTaskWatcher: Message Received 5 Task ID = 0
09-25 13:19:25.002  5639  5639 D LifecycleMonitor: Lifecycle status change: androidx.test.core.app.InstrumentationActivityInvoker$BootstrapActivity@1316f94 in: DESTROYED
09-25 13:19:25.002  5639  5639 V ActivityScenario: Activity lifecycle changed event received but ignored because the intent does not match. startActivityIntent=Intent { act=android.intent.action.MAIN cat=[android.intent.category.LAUNCHER] cmp=com.example.dogglers/.GridListActivity }, activity.getIntent()=Intent { act=android.intent.action.MAIN cat=[android.intent.category.LAUNCHER] flg=0x10008000 cmp=com.example.dogglers/androidx.test.core.app.InstrumentationActivityInvoker$BootstrapActivity (has extras) }, activity=androidx.test.core.app.InstrumentationActivityInvoker$BootstrapActivity@1316f94
09-25 13:19:25.005  1914  4196 I SurfaceFlinger: id=162292 createSurf, flag=24004, Surface(name=6a358c3 InputMethod)/@0x1a6cc79 - animation-leash of insets_animation#162292
09-25 13:19:25.005  1914  1914 I Layer   : id=162273 removedFromDrawingState ActivityRecord{4e1bdbb u0 com.example.dogglers/.GridListActivity} t7113}#162273 (329)
09-25 13:19:25.005  1914  1914 I Layer   : id=162277 removedFromDrawingState 8d52a4a ActivityRecordInputSink com.example.dogglers/.GridListActivity#162277 (329)
09-25 13:19:25.005  1914  1914 I SurfaceFlinger: [6dc3544 com.example.dogglers/androidx.test.core.app.InstrumentationActivityInvoker$EmptyActivity#162286] FrameRatePriority: -1
09-25 13:19:25.005  1914  1914 I SurfaceFlinger: id=162273 Removed ActivityRecord{4e1bdbb u0 com.example.dogglers/.GridListActivity} t7113}#162273 (329)
09-25 13:19:25.005  1914  1914 I Layer   : id=162273 Destroyed ActivityRecord{4e1bdbb u0 com.example.dogglers/.GridListActivity} t7113}#162273
09-25 13:19:25.005  1914  1914 I Layer   : id=162277 Destroyed 8d52a4a ActivityRecordInputSink com.example.dogglers/.GridListActivity#162277
09-25 13:19:25.008  6586  7669 I SAMSUNGWALLET: [ProcessMonitor] App went to background.
09-25 13:19:25.009  1914  4196 I SurfaceFlinger: id=162276 Removed 411b3b8 ActivityRecordInputSink com.example.dogglers/androidx.test.core.app.InstrumentationActivityInvoker$BootstrapActivity#162276 (327)
09-25 13:19:25.009  6586  7522 I SAMSUNGWALLET: [Hint_e] isHomePackageRunning topPkgName = com.example.dogglers, topClsName = androidx.test.core.app.InstrumentationActivityInvoker$EmptyActivity, return false , se : false
09-25 13:19:25.009  6586  6586 I SAMSUNGWALLET: [Hint_PayHintService] Hint Status - already invisible, skip hide : [4000000] - Home Package Not Running
09-25 13:19:25.009  6586  7522 I SAMSUNGWALLET: [ResetData] getSAResetDialogFlag : false
09-25 13:19:25.011  6586  7522 I SAMSUNGWALLET: [Hint_e] isHomePackageRunning topPkgName = com.example.dogglers, topClsName = androidx.test.core.app.InstrumentationActivityInvoker$EmptyActivity, return false , se : false
09-25 13:19:25.011  6586  6586 I SAMSUNGWALLET: [Hint_PayHintService] Hint Status - already invisible, skip hide : [4000000] - Home Package Not Running
09-25 13:19:25.011  5639  5639 D LifecycleMonitor: Lifecycle status change: androidx.test.core.app.InstrumentationActivityInvoker$EmptyActivity@8ffa52f in: PRE_ON_CREATE
09-25 13:19:25.011  6586  7522 I SAMSUNGWALLET: [ResetData] getSAResetDialogFlag : false
09-25 13:19:25.011  5639  5639 V ActivityScenario: Activity lifecycle changed event received but ignored because the intent does not match. startActivityIntent=Intent { act=android.intent.action.MAIN cat=[android.intent.category.LAUNCHER] cmp=com.example.dogglers/.GridListActivity }, activity.getIntent()=Intent { act=android.intent.action.MAIN cat=[android.intent.category.LAUNCHER] flg=0x10000000 cmp=com.example.dogglers/androidx.test.core.app.InstrumentationActivityInvoker$EmptyActivity }, activity=androidx.test.core.app.InstrumentationActivityInvoker$EmptyActivity@8ffa52f
09-25 13:19:25.014  6586  7522 I SAMSUNGWALLET: [Hint_e] isHomePackageRunning topPkgName = com.example.dogglers, topClsName = androidx.test.core.app.InstrumentationActivityInvoker$EmptyActivity, return false , se : false
09-25 13:19:25.014  6586  6586 I SAMSUNGWALLET: [Hint_PayHintService] Hint Status - already invisible, skip hide : [4000000] - Home Package Not Running
09-25 13:19:25.018  6586  7669 I SAMSUNGWALLET: [ProcessMonitor] App went to background.
09-25 13:19:25.018  5639  5639 I DecorView: [INFO] isPopOver=false config=true
09-25 13:19:25.018  5639  5639 I DecorView: updateCaptionType: isFloating=false isApplication=true hasWindowDecorCaption=false this=DecorView@905761a[]
09-25 13:19:25.018  5639  5639 D DecorView: setCaptionType = 0, this = DecorView@905761a[]
09-25 13:19:25.019  6586  7669 I SAMSUNGWALLET: [ProcessMonitor] App went to background.
09-25 13:19:25.019  5639  5639 I DecorView: getCurrentDensityDpi: from real metrics. densityDpi=560 msg=resources_loaded
09-25 13:19:25.019  5639  5639 I DecorView: setWindowBackground: isPopOver=false color=ff010101 d=android.graphics.drawable.StateListDrawable@36b654b
09-25 13:19:25.019  5639  5639 D LifecycleMonitor: Lifecycle status change: androidx.test.core.app.InstrumentationActivityInvoker$EmptyActivity@8ffa52f in: CREATED
09-25 13:19:25.019  5639  5639 V ActivityScenario: Activity lifecycle changed event received but ignored because the intent does not match. startActivityIntent=Intent { act=android.intent.action.MAIN cat=[android.intent.category.LAUNCHER] cmp=com.example.dogglers/.GridListActivity }, activity.getIntent()=Intent { act=android.intent.action.MAIN cat=[android.intent.category.LAUNCHER] flg=0x10000000 cmp=com.example.dogglers/androidx.test.core.app.InstrumentationActivityInvoker$EmptyActivity }, activity=androidx.test.core.app.InstrumentationActivityInvoker$EmptyActivity@8ffa52f
09-25 13:19:25.020  5639  5639 D LifecycleMonitor: Lifecycle status change: androidx.test.core.app.InstrumentationActivityInvoker$EmptyActivity@8ffa52f in: STARTED
09-25 13:19:25.020  5639  5639 V ActivityScenario: Activity lifecycle changed event received but ignored because the intent does not match. startActivityIntent=Intent { act=android.intent.action.MAIN cat=[android.intent.category.LAUNCHER] cmp=com.example.dogglers/.GridListActivity }, activity.getIntent()=Intent { act=android.intent.action.MAIN cat=[android.intent.category.LAUNCHER] flg=0x10000000 cmp=com.example.dogglers/androidx.test.core.app.InstrumentationActivityInvoker$EmptyActivity }, activity=androidx.test.core.app.InstrumentationActivityInvoker$EmptyActivity@8ffa52f
09-25 13:19:25.021  5639  5639 D LifecycleMonitor: Lifecycle status change: androidx.test.core.app.InstrumentationActivityInvoker$EmptyActivity@8ffa52f in: RESUMED
09-25 13:19:25.021  5639  5639 V ActivityScenario: Activity lifecycle changed event received but ignored because the intent does not match. startActivityIntent=Intent { act=android.intent.action.MAIN cat=[android.intent.category.LAUNCHER] cmp=com.example.dogglers/.GridListActivity }, activity.getIntent()=Intent { act=android.intent.action.MAIN cat=[android.intent.category.LAUNCHER] flg=0x10000000 cmp=com.example.dogglers/androidx.test.core.app.InstrumentationActivityInvoker$EmptyActivity }, activity=androidx.test.core.app.InstrumentationActivityInvoker$EmptyActivity@8ffa52f
09-25 13:19:25.021  5639  5639 I MSHandlerLifeCycle: check: return. pkg=com.example.dogglers parent=null callers=com.android.internal.policy.DecorView.setVisibility:4412 android.app.ActivityThread.handleResumeActivity:5476 android.app.servertransaction.ResumeActivityItem.execute:54 android.app.servertransaction.ActivityTransactionItem.execute:45 android.app.servertransaction.TransactionExecutor.executeLifecycleState:176
09-25 13:19:25.021  5639  5639 I MSHandlerLifeCycle: removeMultiSplitHandler: no exist. decor=DecorView@905761a[]
09-25 13:19:25.022  1914  1914 I Layer   : id=162291 removedFromDrawingState Surface(name=6a358c3 InputMethod)/@0x1a6cc79 - animation-leash of insets_animation#162291 (327)
09-25 13:19:25.022  1914  1914 I Layer   : id=162270 removedFromDrawingState ActivityRecord{89bc591 u0 com.example.dogglers/androidx.test.core.app.InstrumentationActivityInvoker$BootstrapActivity} t7113}#162270 (327)
09-25 13:19:25.022  1914  1914 I Layer   : id=162276 removedFromDrawingState 411b3b8 ActivityRecordInputSink com.example.dogglers/androidx.test.core.app.InstrumentationActivityInvoker$BootstrapActivity#162276 (327)
09-25 13:19:25.022  1914  1914 I SurfaceFlinger: id=162270 Removed ActivityRecord{89bc591 u0 com.example.dogglers/androidx.test.core.app.InstrumentationActivityInvoker$BootstrapActivity} t7113}#162270 (327)
09-25 13:19:25.022  1914  1914 I Layer   : id=162270 Destroyed ActivityRecord{89bc591 u0 com.example.dogglers/androidx.test.core.app.InstrumentationActivityInvoker$BootstrapActivity} t7113}#162270
09-25 13:19:25.022  1914  1914 I Layer   : id=162276 Destroyed 411b3b8 ActivityRecordInputSink com.example.dogglers/androidx.test.core.app.InstrumentationActivityInvoker$BootstrapActivity#162276
09-25 13:19:25.022 15715 15751 I WindowsLink: (TaskInfoManager) +++++++++++onRecentTaskStackUpdated
09-25 13:19:25.022  5639  5729 D NativeCustomFrequencyManager: [NativeCFMS] BpCustomFrequencyManager::BpCustomFrequencyManager()
09-25 13:19:25.023  3108  3145 D InputDispatcher: Focus left window (0): 6dc3544 com.example.dogglers/androidx.test.core.app.InstrumentationActivityInvoker$EmptyActivity
09-25 13:19:25.025  3108  8626 D InputTransport: Input channel constructed: 'de7cb2f', fd=1143
09-25 13:19:25.025  3108  8626 D InputTransport: Input channel constructed: 'de7cb2f', fd=1249
09-25 13:19:25.025  3108  8626 D InputTransport: Input channel constructed: 'de7cb2f', fd=1285
09-25 13:19:25.025  1914  3199 I SurfaceFlinger: id=162293 createSurf, flag=80004, de7cb2f com.example.dogglers/androidx.test.core.app.InstrumentationActivityInvoker$EmptyActivity#162293
09-25 13:19:25.027  3108  8626 D InputTransport: Input channel destroyed: 'de7cb2f', fd=1285
09-25 13:19:25.028  5639  5639 D InsetsController: onStateChanged: InsetsState: {mDisplayFrame=Rect(0, 0 - 1440, 3088), mDisplayCutout=DisplayCutout{insets=Rect(0, 100 - 0, 0) waterfall=Insets{left=0, top=0, right=0, bottom=0} boundingRect={Bounds=[Rect(0, 0 - 0, 0), Rect(685, 0 - 756, 100), Rect(0, 0 - 0, 0), Rect(0, 0 - 0, 0)]} cutoutPathParserInfo={CutoutPathParserInfo{displayWidth=1440 displayHeight=3088 physicalDisplayWidth=1440 physicalDisplayHeight=3088 density={3.75} cutoutSpec={M 0,0 H -9.466666666666667 V 26.66666666666667‬ H 9.466666666666667 V 0 H 0 Z @dp} rotation={0} scale={1.0} physicalPixelDisplaySizeRatio={1.0}}}}, mRoundedCorners=RoundedCorners{[RoundedCorner{position=TopLeft, radius=14, center=Point(14, 14)}, RoundedCorner{position=TopRight, radius=14, center=Point(1426, 14)}, RoundedCorner{position=BottomRight, radius=14, center=Point(1426, 3074)}, RoundedCorner{position=BottomLeft, radius=14, center=Point(14, 3074)}]}  mRoundedCornerFrame=Rect(0, 0 - 1440, 3088), mPrivacyIndicatorBounds=PrivacyIndicatorBounds {static bounds=Rect(1286, 0 - 1440, 100) rotation=0}, mSources= { InsetsSource: {mType=ITYPE_STATUS_BAR, mFrame=[0,0][1440,100], mVisible=true, mInsetsRoundedCornerFrame=false}, InsetsSource: {mType=ITYPE_NAVIGATION_BAR, mFrame=[0,3088][1440,3088], mVisible=true, mInsetsRoundedCornerFrame=false}, InsetsSource: {mType=ITYPE_LEFT_GESTURES, mFrame=[0,0][0,3088], mVisible=true, mInsetsRoundedCornerFrame=false}, InsetsSource: {mType=ITYPE_RIGHT_GESTURES, mFrame=[1440,0][1440,3088], mVisible=true, mInsetsRoundedCornerFrame=false}, InsetsSource: {mType=ITYPE_TOP_MANDATORY_GESTURES, mFrame=[0,0][1440,142], mVisible=true, mInsetsRoundedCornerFrame=false}, InsetsSource: {mType=ITYPE_BOTTOM_MANDATORY_GESTURES, mFrame=[0,3018][1440,3088], mVisible=true, mInsetsRoundedCornerFrame=false}, InsetsSource: {mType=ITYPE_LEFT_DISPLAY_CUTOUT, mFrame=[0,0][-100000,3088], mVisible=true, mInsetsRoundedCornerFrame=false}, InsetsSource: {mType=ITYPE_TOP_DISPLAY_CUTOUT, mFrame=[0,0][1440,100], mVisible=true, mInsetsRoundedCornerFrame=false}, InsetsSource: {mType=ITYPE_RIGHT_DISPLAY_CUTOUT, mFrame=[100000,0][1440,3088], mVisible=true, mInsetsRoundedCornerFrame=false}, InsetsSource: {mType=ITYPE_BOTTOM_DISPLAY_CUTOUT, mFrame=[0,100000][1440,3088], mVisible=true, mInsetsRoundedCornerFrame=false}, InsetsSource: {mType=ITYPE_TOP_TAPPABLE_ELEMENT, mFrame=[0,0][1440,100], mVisible=true, mInsetsRoundedCornerFrame=false}, InsetsSource: {mType=ITYPE_BOTTOM_TAPPABLE_ELEMENT, mFrame=[0,0][0,0], mVisible=true, mInsetsRoundedCornerFrame=false} } host=com.example.dogglers/androidx.test.core.app.InstrumentationActivityInvoker$EmptyActivity from=android.view.ViewRootImpl.setView:1732
09-25 13:19:25.028  3108  3230 I SemPersonaManager: SecureFolder personaId = 150
09-25 13:19:25.032  5639  5639 I ViewRootImpl@54dc041[InstrumentationActivityInvoker$EmptyActivity]: setView = com.android.internal.policy.DecorView@905761a TM=true
09-25 13:19:25.032  5639  5639 I MSHandlerLifeCycle: removeMultiSplitHandler: no exist. decor=DecorView@905761a[InstrumentationActivityInvoker$EmptyActivity]
09-25 13:19:25.033  3108  3338 D AnalyticsContainerHandler: handleMessage : { when=0 what=1 target=com.android.server.knox.KnoxAnalyticsContainer$AnalyticsHandler }
09-25 13:19:25.034  3108  3145 D InputMethodManagerService: isImeSwitcherDisabledPackage : false
09-25 13:19:25.035   586   586 I InputMethodService: removeImeSurface
09-25 13:19:25.035   586   586 I MSHandlerLifeCycle: check: return. pkg=com.google.android.inputmethod.latin isActivity=false callers=com.android.internal.policy.DecorView.setVisibility:4412 android.app.Dialog.hide:767 android.inputmethodservice.InputMethodService.removeImeSurface:1290 android.inputmethodservice.InputMethodService.scheduleImeSurfaceRemoval:1279 android.inputmethodservice.InputMethodService.-$$Nest$mscheduleImeSurfaceRemoval:0
09-25 13:19:25.035   586   586 I MSHandlerLifeCycle: removeMultiSplitHandler: no exist. decor=DecorView@3ddf8c7[InputMethod]
09-25 13:19:25.035  5639  5639 I ViewRootImpl@54dc041[InstrumentationActivityInvoker$EmptyActivity]: performTraversals params={(0,0)(fillxfill) sim={adjust=pan forwardNavigation} ty=BASE_APPLICATION wanim=0x1030001
09-25 13:19:25.035  5639  5639 I ViewRootImpl@54dc041[InstrumentationActivityInvoker$EmptyActivity]:   fl=1810100
09-25 13:19:25.035  5639  5639 I ViewRootImpl@54dc041[InstrumentationActivityInvoker$EmptyActivity]:   pfl=12020040
09-25 13:19:25.035  5639  5639 I ViewRootImpl@54dc041[InstrumentationActivityInvoker$EmptyActivity]:   bhv=DEFAULT
09-25 13:19:25.035  5639  5639 I ViewRootImpl@54dc041[InstrumentationActivityInvoker$EmptyActivity]:   fitSides= naviIconColor=0}
09-25 13:19:25.035  5639  5639 I ViewRootImpl@54dc041[InstrumentationActivityInvoker$EmptyActivity]: performTraversals mFirst=true windowShouldResize=true viewVisibilityChanged=false mForceNextWindowRelayout=false params={(0,0)(fillxfill) sim={adjust=pan forwardNavigation} ty=BASE_APPLICATION wanim=0x1030001
09-25 13:19:25.035  5639  5639 I ViewRootImpl@54dc041[InstrumentationActivityInvoker$EmptyActivity]:   fl=1810100
09-25 13:19:25.035  5639  5639 I ViewRootImpl@54dc041[InstrumentationActivityInvoker$EmptyActivity]:   pfl=12020040
09-25 13:19:25.035  5639  5639 I ViewRootImpl@54dc041[InstrumentationActivityInvoker$EmptyActivity]:   bhv=DEFAULT
09-25 13:19:25.035  5639  5639 I ViewRootImpl@54dc041[InstrumentationActivityInvoker$EmptyActivity]:   fitSides= naviIconColor=0}
09-25 13:19:25.036  3108  8626 V WindowManager: Relayout Window{de7cb2f u0 com.example.dogglers/androidx.test.core.app.InstrumentationActivityInvoker$EmptyActivity}: viewVisibility=0 req=1440x3088 d0
09-25 13:19:25.036  1914  2140 I SurfaceFlinger: id=162294 createSurf, flag=40004, com.example.dogglers/androidx.test.core.app.InstrumentationActivityInvoker$EmptyActivity$_5639#162294
09-25 13:19:25.037  3108  3230 D EnterpriseDeviceManagerService: isMdmAdminPresentInternal() : MDM Admin Found - com.samsung.knox.securefolder
09-25 13:19:25.041  1914  4196 I SurfaceFlinger: id=162295 createSurf, flag=24000, Surface(name=4eb27f5 StatusBar)/@0x43fa543 - animation-leash of insets_animation#162295
09-25 13:19:25.043  1914  4196 I SurfaceFlinger: id=162296 createSurf, flag=24000, Surface(name=d110b4c NavigationBar0)/@0x8bdb781 - animation-leash of insets_animation#162296
09-25 13:19:25.044  3108  8626 V WindowManager: Relayout hash=de7cb2f, pid=5639, syncId=-1: mAttrs={(0,0)(fillxfill) sim={adjust=pan forwardNavigation} ty=BASE_APPLICATION wanim=0x1030001
09-25 13:19:25.044  3108  8626 V WindowManager:   fl=1810100
09-25 13:19:25.044  3108  8626 V WindowManager:   pfl=12020040
09-25 13:19:25.044  3108  8626 V WindowManager:   bhv=DEFAULT
09-25 13:19:25.044  3108  8626 V WindowManager:   fitSides= naviIconColor=0}
09-25 13:19:25.045 21794 21794 I dnan    : onPause
09-25 13:19:25.045  5639  5639 D InsetsController: onStateChanged: InsetsState: {mDisplayFrame=Rect(0, 0 - 1440, 3088), mDisplayCutout=DisplayCutout{insets=Rect(0, 100 - 0, 0) waterfall=Insets{left=0, top=0, right=0, bottom=0} boundingRect={Bounds=[Rect(0, 0 - 0, 0), Rect(685, 0 - 756, 100), Rect(0, 0 - 0, 0), Rect(0, 0 - 0, 0)]} cutoutPathParserInfo={CutoutPathParserInfo{displayWidth=1440 displayHeight=3088 physicalDisplayWidth=1440 physicalDisplayHeight=3088 density={3.75} cutoutSpec={M 0,0 H -9.466666666666667 V 26.66666666666667‬ H 9.466666666666667 V 0 H 0 Z @dp} rotation={0} scale={1.0} physicalPixelDisplaySizeRatio={1.0}}}}, mRoundedCorners=RoundedCorners{[RoundedCorner{position=TopLeft, radius=14, center=Point(14, 14)}, RoundedCorner{position=TopRight, radius=14, center=Point(1426, 14)}, RoundedCorner{position=BottomRight, radius=14, center=Point(1426, 3074)}, RoundedCorner{position=BottomLeft, radius=14, center=Point(14, 3074)}]}  mRoundedCornerFrame=Rect(0, 0 - 1440, 3088), mPrivacyIndicatorBounds=PrivacyIndicatorBounds {static bounds=Rect(1286, 0 - 1440, 100) rotation=0}, mSources= { InsetsSource: {mType=ITYPE_STATUS_BAR, mFrame=[0,0][1440,100], mVisible=true, mInsetsRoundedCornerFrame=false}, InsetsSource: {mType=ITYPE_NAVIGATION_BAR, mFrame=[0,3088][1440,3088], mVisible=true, mInsetsRoundedCornerFrame=false}, InsetsSource: {mType=ITYPE_LEFT_GESTURES, mFrame=[0,0][0,3088], mVisible=true, mInsetsRoundedCornerFrame=false}, InsetsSource: {mType=ITYPE_RIGHT_GESTURES, mFrame=[1440,0][1440,3088], mVisible=true, mInsetsRoundedCornerFrame=false}, InsetsSource: {mType=ITYPE_TOP_MANDATORY_GESTURES, mFrame=[0,0][1440,142], mVisible=true, mInsetsRoundedCornerFrame=false}, InsetsSource: {mType=ITYPE_BOTTOM_MANDATORY_GESTURES, mFrame=[0,3018][1440,3088], mVisible=true, mInsetsRoundedCornerFrame=false}, InsetsSource: {mType=ITYPE_LEFT_DISPLAY_CUTOUT, mFrame=[0,0][-100000,3088], mVisible=true, mInsetsRoundedCornerFrame=false}, InsetsSource: {mType=ITYPE_TOP_DISPLAY_CUTOUT, mFrame=[0,0][1440,100], mVisible=true, mInsetsRoundedCornerFrame=false}, InsetsSource: {mType=ITYPE_RIGHT_DISPLAY_CUTOUT, mFrame=[100000,0][1440,3088], mVisible=true, mInsetsRoundedCornerFrame=false}, InsetsSource: {mType=ITYPE_BOTTOM_DISPLAY_CUTOUT, mFrame=[0,100000][1440,3088], mVisible=true, mInsetsRoundedCornerFrame=false}, InsetsSource: {mType=ITYPE_TOP_TAPPABLE_ELEMENT, mFrame=[0,0][1440,100], mVisible=true, mInsetsRoundedCornerFrame=false}, InsetsSource: {mType=ITYPE_BOTTOM_TAPPABLE_ELEMENT, mFrame=[0,0][0,0], mVisible=true, mInsetsRoundedCornerFrame=false}, InsetsSource: {mType=ITYPE_IME, mFrame=[0,0][0,0], mVisibleFrame=[0,3088][1440,3088], mVisible=false, mInsetsRoundedCornerFrame=false} } host=com.example.dogglers/androidx.test.core.app.InstrumentationActivityInvoker$EmptyActivity from=android.view.ViewRootImpl.relayoutWindow:9802
09-25 13:19:25.046  5639  5639 I ViewRootImpl@54dc041[InstrumentationActivityInvoker$EmptyActivity]: updateBlastSurfaceIfNeeded mBlastBufferQueue=null isSameSurfaceControl=false
09-25 13:19:25.046  5639  5639 I BLASTBufferQueue: new BLASTBufferQueue, mName= ViewRootImpl@54dc041[InstrumentationActivityInvoker$EmptyActivity] mNativeObject= 0xb4000077a1044d00 sc.mNativeObject= 0xb40000774d4beb60 caller= android.view.ViewRootImpl.updateBlastSurfaceIfNeeded:2909 android.view.ViewRootImpl.relayoutWindow:9847 android.view.ViewRootImpl.performTraversals:3884 android.view.ViewRootImpl.doTraversal:3116 android.view.ViewRootImpl$TraversalRunnable.run:10885 android.view.Choreographer$CallbackRecord.run:1301 android.view.Choreographer$CallbackRecord.run:1309 android.view.Choreographer.doCallbacks:923 android.view.Choreographer.doFrame:852 android.view.Choreographer$FrameDisplayEventReceiver.run:1283
09-25 13:19:25.046  5639  5639 I BLASTBufferQueue: update, w= 1440 h= 3088 mName = ViewRootImpl@54dc041[InstrumentationActivityInvoker$EmptyActivity] mNativeObject= 0xb4000077a1044d00 sc.mNativeObject= 0xb40000774d4beb60 format= -1 caller= android.graphics.BLASTBufferQueue.<init>:84 android.view.ViewRootImpl.updateBlastSurfaceIfNeeded:2909 android.view.ViewRootImpl.relayoutWindow:9847 android.view.ViewRootImpl.performTraversals:3884 android.view.ViewRootImpl.doTraversal:3116 android.view.ViewRootImpl$TraversalRunnable.run:10885
09-25 13:19:25.046  5639  5639 I ViewRootImpl@54dc041[InstrumentationActivityInvoker$EmptyActivity]: Relayout returned: old=(0,0,1440,3088) new=(0,0,1440,3088) req=(1440,3088)0 dur=11 res=0x3 s={true 0xb40000772b421000} ch=true seqId=0
09-25 13:19:25.046  5639  5639 I ViewRootImpl@54dc041[InstrumentationActivityInvoker$EmptyActivity]: performConfigurationChange setNightDimText nightDimLevel=0
09-25 13:19:25.046 21756 21756 I gmxl    : (REDACTED) received broadcast: %s
09-25 13:19:25.047  8423  8423 I ActivityUtils: HomePackage : com.sec.android.app.launcher, resumePackageName : com.example.dogglers
09-25 13:19:25.047  5639  5639 I ViewRootImpl@54dc041[InstrumentationActivityInvoker$EmptyActivity]: mThreadedRenderer.initialize() mSurface={isValid=true 0xb40000772b421000} hwInitialized=true
09-25 13:19:25.047  5639  5729 D OpenGLRenderer: eglCreateWindowSurface
09-25 13:19:25.049  5639  5639 I ViewRootImpl@54dc041[InstrumentationActivityInvoker$EmptyActivity]: reportNextDraw android.view.ViewRootImpl.performTraversals:4438 android.view.ViewRootImpl.doTraversal:3116 android.view.ViewRootImpl$TraversalRunnable.run:10885 android.view.Choreographer$CallbackRecord.run:1301 android.view.Choreographer$CallbackRecord.run:1309
09-25 13:19:25.049  5639  5639 I ViewRootImpl@54dc041[InstrumentationActivityInvoker$EmptyActivity]: Setup new sync id=0
09-25 13:19:25.049  5639  5639 I ViewRootImpl@54dc041[InstrumentationActivityInvoker$EmptyActivity]: Setting syncFrameCallback
09-25 13:19:25.049  5639  5639 I ViewRootImpl@54dc041[InstrumentationActivityInvoker$EmptyActivity]: registerCallbacksForSync syncBuffer=false
09-25 13:19:25.050  3108  6142 I MediaSessionMonitor: Media session stopped : controllerList empty
09-25 13:19:25.050  5639  5771 I ViewRootImpl@54dc041[InstrumentationActivityInvoker$EmptyActivity]: Received frameDrawingCallback syncResult=0 frameNum=1.
09-25 13:19:25.050  5639  5771 I ViewRootImpl@54dc041[InstrumentationActivityInvoker$EmptyActivity]: Setting up sync and frameCommitCallback
09-25 13:19:25.051 21756 22511 I gmxo    : (REDACTED) received broadcast: %s
09-25 13:19:25.051 21756 22511 I gmsg    : (REDACTED) #onConfigUpdate. requester: %s
09-25 13:19:25.051  5639  5729 I BLASTBufferQueue: [ViewRootImpl@54dc041[InstrumentationActivityInvoker$EmptyActivity]#29](f:0,a:0) onFrameAvailable the first frame is available
09-25 13:19:25.051 21756 22511 I gmsg    : #onConfigUpdate inside sequencer
09-25 13:19:25.051 21756 22511 I gmpa    : (REDACTED) Voice Match (Speaker-id) supported : %b
09-25 13:19:25.051 21756 22511 I gmpa    : (REDACTED) hotword enrollment state is enrolled:  %b, speakerId model exist: %b. Voice Match supported : %b
09-25 13:19:25.051 21756 22511 I gmpa    : (REDACTED) isHotwordAvailable():  %b, isHotwordEnabled() %b
09-25 13:19:25.051  5639  5729 I ViewRootImpl@54dc041[InstrumentationActivityInvoker$EmptyActivity]: Received frameCommittedCallback lastAttemptedDrawFrameNum=1 didProduceBuffer=true
09-25 13:19:25.051 21756 22511 I gmpa    : (REDACTED) isHotwordAvailable():  %b, isHotwordEnabled() %b
09-25 13:19:25.051 21756 22511 I gmpa    : (REDACTED) Hotword enrollment state : %s.
09-25 13:19:25.051 21756 22511 I gmpa    : (REDACTED) Voice Match (Speaker-id) supported : %b
09-25 13:19:25.051 21756 22511 I gmpa    : (REDACTED) Voice Match (Speaker-id) supported : %b
09-25 13:19:25.052 21756 22511 I gmpa    : (REDACTED) hotword enrollment state is enrolled:  %b, speakerId model exist: %b, voice match supported : %b
09-25 13:19:25.052 21756 22511 I gmpa    : (REDACTED) Hotword isNonVoiceMatchHotwordEnabled: %b, isHotwordAvailable : %b, isHotwordEnabled : %b, isVoiceMatchSupported: %b, isHotwordEnrolled: %b.
09-25 13:19:25.052 21756 22511 I gmsg    : (REDACTED) Ignore the legacy hotword request. voice match enabled %b, isHotwordSupported %b, isIncompleteEnrollmentState %b, nonVoiceMatchHotwordEnabled %b
09-25 13:19:25.053  5639  5729 D OpenGLRenderer: CFMS:: SetUp Pid : 5639    Tid : 5729
09-25 13:19:25.055  1914  1914 I Layer   : id=162288 removedFromDrawingState Surface(name=4eb27f5 StatusBar)/@0x43fa543 - animation-leash of insets_animation#162288 (329)
09-25 13:19:25.055  1914  1914 I Layer   : id=162289 removedFromDrawingState Surface(name=d110b4c NavigationBar0)/@0x8bdb781 - animation-leash of insets_animation#162289 (329)
09-25 13:19:25.055  1914  1914 I SurfaceFlinger: [de7cb2f com.example.dogglers/androidx.test.core.app.InstrumentationActivityInvoker$EmptyActivity#162293] FrameRatePriority: 1
09-25 13:19:25.057  3108  4074 D InputDispatcher: Focus request (0): de7cb2f com.example.dogglers/androidx.test.core.app.InstrumentationActivityInvoker$EmptyActivity but waiting because NO_WINDOW
09-25 13:19:25.058  5639  5639 I ViewRootImpl@54dc041[InstrumentationActivityInvoker$EmptyActivity]: onSyncComplete
09-25 13:19:25.058  5639  5639 I ViewRootImpl@54dc041[InstrumentationActivityInvoker$EmptyActivity]: setupSync seqId=0 mSyncId=0 fn=1 caller=android.view.ViewRootImpl$$ExternalSyntheticLambda11.accept:6 android.window.SurfaceSyncer.lambda$setupSync$1$android-window-SurfaceSyncer:128 android.window.SurfaceSyncer$$ExternalSyntheticLambda1.accept:8 android.window.SurfaceSyncer$SyncSet.checkIfSyncIsComplete:382 android.window.SurfaceSyncer$SyncSet.markSyncReady:359 android.window.SurfaceSyncer.markSyncReady:151 android.view.ViewRootImpl.performTraversals:4503
09-25 13:19:25.058  5639  5639 I ViewRootImpl@54dc041[InstrumentationActivityInvoker$EmptyActivity]: reportDrawFinished seqId=0 mSyncId=-1 fn=1 mSurfaceChangedTransaction=0xb4000077185b2100
09-25 13:19:25.058  5639  5639 I ViewRootImpl@bbbf799[InstrumentationActivityInvoker$EmptyActivity]: MSG_WINDOW_FOCUS_CHANGED 0 0
09-25 13:19:25.060  3108  3231 I SemDvfsHyPerManager: acquire hyper - AMS_RESUME_TAIL/3108@20, type = -999
09-25 13:19:25.060  3108  3231 I SemDvfsHyPerManager: acquire hyper - AMS_ACT_LAZY/3108@21, type = -999
09-25 13:19:25.060  3108  3227 I ActivityTaskManager: Displayed com.example.dogglers/androidx.test.core.app.InstrumentationActivityInvoker$EmptyActivity: +86ms
09-25 13:19:25.061  1809  1855 I HYPER-HAL: [RequestManager.cpp]acquire(): Acquired ID : 4893776  [3108 / 20]    HINT : AMS_RESUME_TAIL    list :
09-25 13:19:25.061  5759  5759 E pageboostd: Received HALT command code 2
09-25 13:19:25.061  1809  1855 I HYPER-HAL: [RequestManager.cpp]acquire(): Acquired ID : 4896906  [3108 / 21]    HINT : AMS_ACT_LAZY    list :
09-25 13:19:25.061  1914  4196 I SurfaceFlinger: id=162297 createSurf, flag=80000, 4d97774 ActivityRecordInputSink com.example.dogglers/androidx.test.core.app.InstrumentationActivityInvoker$EmptyActivity#162297
09-25 13:19:25.063  1809  1855 I HYPER-HAL: [RequestManager.cpp]releaseLocked(): Released ID : 4887519
09-25 13:19:25.066  1914  4196 I SurfaceFlinger: id=162289 Removed Surface(name=d110b4c NavigationBar0)/@0x8bdb781 - animation-leash of insets_animation#162289 (330)
09-25 13:19:25.066  1914  4196 I SurfaceFlinger: id=162288 Removed Surface(name=4eb27f5 StatusBar)/@0x43fa543 - animation-leash of insets_animation#162288 (330)
09-25 13:19:25.066  5639  5639 I ViewRootImpl@bbbf799[InstrumentationActivityInvoker$EmptyActivity]: handleAppVisibility mAppVisible = true visible = false
09-25 13:19:25.069  3108  4074 D InputDispatcher: Focused application(0): ActivityRecord{d98ff22 u0 com.sec.android.app.launcher/.activities.LauncherActivity} t6591}
09-25 13:19:25.070  3108  4605 D AS.MultiSoundManager: mForegroundUid = 10141
09-25 13:19:25.071  1914  1914 I Layer   : Layer [com.example.dogglers/androidx.test.core.app.InstrumentationActivityInvoker$EmptyActivity$_5639#162294] hidden!! flag(0)
09-25 13:19:25.072  1914  1914 I Layer   : Layer [com.example.dogglers/androidx.test.core.app.InstrumentationActivityInvoker$EmptyActivity$_5639#162287] hidden!! flag(1)
09-25 13:19:25.072  1914  1914 I SurfaceFlinger: [de7cb2f com.example.dogglers/androidx.test.core.app.InstrumentationActivityInvoker$EmptyActivity#162293] FrameRatePriority: -1
09-25 13:19:25.072  5369  5369 I TopTaskTracker: onTaskMovedToFront : taskId = 6591
09-25 13:19:25.072  1914  1914 I Layer   : id=162288 Destroyed Surface(name=4eb27f5 StatusBar)/@0x43fa543 - animation-leash of insets_animation#162288
09-25 13:19:25.072  1914  1914 I Layer   : id=162289 Destroyed Surface(name=d110b4c NavigationBar0)/@0x8bdb781 - animation-leash of insets_animation#162289
09-25 13:19:25.072  5639  5729 D OpenGLRenderer: setSurface called with nullptr
09-25 13:19:25.072  5639  5729 D OpenGLRenderer: setSurface() destroyed EGLSurface
09-25 13:19:25.072  5639  5729 D OpenGLRenderer: destroyEglSurface
09-25 13:19:25.072  8130  8237 I [AirCmd]_ActivitySwitchDetector: onTaskFocusChanged : taskId 6591
09-25 13:19:25.072  5639  5639 I ViewRootImpl@bbbf799[InstrumentationActivityInvoker$EmptyActivity]: performTraversals mFirst=false windowShouldResize=false viewVisibilityChanged=true mForceNextWindowRelayout=false params=null
09-25 13:19:25.073  3108  8626 D InputDispatcher: Focus entered window (0): de7cb2f com.example.dogglers/androidx.test.core.app.InstrumentationActivityInvoker$EmptyActivity
09-25 13:19:25.074  3108  3230 D PersonaActivityHelper: Activity not in resumed state, do not run immediate lock
09-25 13:19:25.074  3108  4073 V WindowManager: Relayout Window{6dc3544 u0 com.example.dogglers/androidx.test.core.app.InstrumentationActivityInvoker$EmptyActivity}: viewVisibility=8 req=1440x3088 d0
09-25 13:19:25.074  1914  1914 D SurfaceFlinger: Display 4630947093241269891 HWC layers:
