09-25 13:19:26.782  5639  5639 D LifecycleMonitor: Lifecycle status change: androidx.test.core.app.InstrumentationActivityInvoker$EmptyActivity@984087f in: STOPPED
09-25 13:19:26.783  5639  5639 V ActivityScenario: Activity lifecycle changed event received but ignored because the intent does not match. startActivityIntent=Intent { act=android.intent.action.MAIN cat=[android.intent.category.LAUNCHER] cmp=com.example.dogglers/.GridListActivity }, activity.getIntent()=Intent { act=android.intent.action.MAIN cat=[android.intent.category.LAUNCHER] flg=0x10000000 cmp=com.example.dogglers/androidx.test.core.app.InstrumentationActivityInvoker$EmptyActivity }, activity=androidx.test.core.app.InstrumentationActivityInvoker$EmptyActivity@984087f
09-25 13:19:26.783  5639  5639 I MSHandlerLifeCycle: removeMultiSplitHandler: no exist. decor=DecorView@d9e6daa[InstrumentationActivityInvoker$EmptyActivity]
09-25 13:19:26.783  5639  5639 I ViewRootImpl@7354d0e[InstrumentationActivityInvoker$EmptyActivity]: MSG_WINDOW_FOCUS_CHANGED 1 0
09-25 13:19:26.783  5639  5639 I ViewRootImpl@7354d0e[InstrumentationActivityInvoker$EmptyActivity]: mThreadedRenderer.initializeIfNeeded()#2 mSurface={isValid=true 0xb400007718b73800}
09-25 13:19:26.783  5369  5369 I TopTaskTracker: onTaskMovedToFront : taskId = 6591
09-25 13:19:26.783  5639  5639 D InputMethodManager: startInputInner - Id : 0
09-25 13:19:26.783  5639  5639 I InputMethodManager: startInputInner - mService.startInputOrWindowGainedFocus
09-25 13:19:26.783  3108  3230 D PersonaActivityHelper: Activity not in resumed state, do not run immediate lock
09-25 13:19:26.783  8130 22447 I [AirCmd]_ActivitySwitchDetector: onTaskFocusChanged : taskId 6591
09-25 13:19:26.784  3108  5411 D InputMethodManagerService: DESKTOP MODE! : 2
09-25 13:19:26.784  3108  5411 D InputMethodManagerService: NOT IN KNOX DESKTOP MODE!
09-25 13:19:26.784  3108  5411 V InputMethodManagerService: getDisplayIdOfInputMethodWindowToBeAdded: displayId=0
09-25 13:19:26.784  3108  5411 D InputMethodManagerService: isImeSwitcherDisabledPackage : false
09-25 13:19:26.784  3108  5411 D InputMethodManagerService: checkDisplayOfStartInputAndUpdateKeyboard: displayId=0, mFocusedDisplayId=0
09-25 13:19:26.784  3108  5411 D InputTransport: Input channel constructed: 'ClientS', fd=1355
09-25 13:19:26.784  3108  5411 D InputTransport: Input channel destroyed: 'ClientS', fd=1355
09-25 13:19:26.784  5639  5639 D LifecycleMonitor: Lifecycle status change: androidx.test.core.app.InstrumentationActivityInvoker$EmptyActivity@984087f in: DESTROYED
09-25 13:19:26.784  5639  5639 V ActivityScenario: Activity lifecycle changed event received but ignored because the intent does not match. startActivityIntent=Intent { act=android.intent.action.MAIN cat=[android.intent.category.LAUNCHER] cmp=com.example.dogglers/.GridListActivity }, activity.getIntent()=Intent { act=android.intent.action.MAIN cat=[android.intent.category.LAUNCHER] flg=0x10000000 cmp=com.example.dogglers/androidx.test.core.app.InstrumentationActivityInvoker$EmptyActivity }, activity=androidx.test.core.app.InstrumentationActivityInvoker$EmptyActivity@984087f
09-25 13:19:26.784  5639  5639 I MSHandlerLifeCycle: removeMultiSplitHandler: no exist. decor=DecorView@d9e6daa[InstrumentationActivityInvoker$EmptyActivity]
09-25 13:19:26.785   586   586 I GoogleInputMethodService: GoogleInputMethodService.onFinishInput():3267
09-25 13:19:26.785  1914  2140 I SurfaceFlinger: id=162374 createSurf, flag=24004, Surface(name=6a358c3 InputMethod)/@0x1a6cc79 - animation-leash of insets_animation#162374
09-25 13:19:26.785  8130 22447 I [AirCmd]_ActivitySwitchDetector: onTaskFocusChanged : componentName - ComponentInfo{com.sec.android.app.launcher/com.android.launcher3.uioverrides.QuickstepLauncher}
09-25 13:19:26.785  8130 22447 I [AirCmd]_ActivitySwitchDetector: onTaskFocusChanged : mTopMostActivity - ComponentInfo{com.example.dogglers/com.example.dogglers.GridListActivity}
09-25 13:19:26.785  8130 22447 I [AirCmd]_CallbackRepeater: stopRepeat : isWorking=false
09-25 13:19:26.785   586   586 I GoogleInputMethodService: GoogleInputMethodService.updateDeviceLockedStatus():2097 repeatCheckTimes = 0, locked = false
09-25 13:19:26.785  8130 22447 I [AirCmd]_MediaControlStateMonitor: isForegroundAppSupportsMediaButton : mediaSession is empty
09-25 13:19:26.785   586   586 D InputMethodService: checkFocusedDisplay() display Id 0last 0
09-25 13:19:26.786  8130 22447 I [AirCmd]_MediaControlStateMonitor: active Notification List is null
09-25 13:19:26.786  8130 22447 I [AirCmd]_RemoteSpenMainController: hasGeneralAction : packageName is com.sec.android.app.launcher, activityName is com.android.launcher3.uioverrides.QuickstepLauncher, hasActions is false
09-25 13:19:26.786  8130 22447 I [AirCmd]_CameraAvailabilityMonitor: isCameraPreviewOn : mIsCameraPreviewOn is false
09-25 13:19:26.786   586   586 I GoogleInputMethodService: GoogleInputMethodService.onStartInput():1889 onStartInput(EditorInfo{EditorInfo{packageName=com.example.dogglers, inputType=0, inputTypeString=NULL, enableLearning=false, autoCorrection=false, autoComplete=false, imeOptions=0, privateImeOptions=null, actionName=UNSPECIFIED, actionLabel=null, initialSelStart=-1, initialSelEnd=-1, initialCapsMode=0, label=null, fieldId=-1, fieldName=null, extras=Bundle[{displayId=0}], hintText=null, hintLocales=[]}}, false)
09-25 13:19:26.786   586   586 I GoogleInputMethodService: GoogleInputMethodService.updateDeviceLockedStatus():2097 repeatCheckTimes = 1, locked = false
09-25 13:19:26.788  1914  1914 I SurfaceFlinger: [de891c6 com.example.dogglers/androidx.test.core.app.InstrumentationActivityInvoker$EmptyActivity#162369] FrameRatePriority: -1
09-25 13:19:26.789  1914  1914 I Layer   : id=162368 removedFromDrawingState Surface(name=6a358c3 InputMethod)/@0x1a6cc79 - animation-leash of insets_animation#162368 (333)
09-25 13:19:26.789  5639  5729 D OpenGLRenderer: setSurface called with nullptr
09-25 13:19:26.789  8130 22447 I [AirCmd]_CameraAvailabilityMonitor: isCameraPreviewOn : mIsCameraPreviewOn is false
09-25 13:19:26.789  5639  5639 I ViewRootImpl@c928911[InstrumentationActivityInvoker$EmptyActivity]: dispatchDetachedFromWindow
09-25 13:19:26.790  3108  5411 D InputDispatcher: Focus request (0): <null> but waiting because NOT_FOCUSABLE
09-25 13:19:26.790  3108  5411 D InputDispatcher: Focus left window (0): de891c6 com.example.dogglers/androidx.test.core.app.InstrumentationActivityInvoker$EmptyActivity
09-25 13:19:26.790  3108  6266 D InputTransport: Input channel destroyed: 'daa6742', fd=1339
09-25 13:19:26.790  3108  6266 W InputManager-JNI: Input channel object 'daa6742 com.example.dogglers/androidx.test.core.app.InstrumentationActivityInvoker$EmptyActivity (client)' was disposed without first being removed with the input manager!
09-25 13:19:26.790  3108  6266 D InputTransport: Input channel destroyed: 'daa6742', fd=1353
09-25 13:19:26.791  5639  5639 D InputTransport: Input channel destroyed: 'daa6742', fd=110
09-25 13:19:26.791  8130 22447 I [AirCmd]_MediaControlStateMonitor: isForegroundAppSupportsMediaButton : mediaSession is empty
09-25 13:19:26.791  1914  2140 I SurfaceFlinger: id=162368 Removed Surface(name=6a358c3 InputMethod)/@0x1a6cc79 - animation-leash of insets_animation#162368 (333)
09-25 13:19:26.791  8130 22447 I [AirCmd]_MediaControlStateMonitor: active Notification List is null
09-25 13:19:26.791  8130 22447 I [AirCmd]_PenActionRule: getAction : get default action data from remote action because pen action data is null.
09-25 13:19:26.791  8130 22447 I [AirCmd]_ButtonActionDetector: enableDoubleClickDetection: enabled=true, doubleClickWaitInterval=300
09-25 13:19:26.791  8130 22447 I [AirCmd]_RemoteSpenMainController: onSwitch : package is com.sec.android.app.launcher   and activity is com.android.launcher3.uioverrides.QuickstepLauncher and isBleConnected is false and hasActions is false
09-25 13:19:26.791  1914  2140 I SurfaceFlinger: id=162361 Removed 2296f06 ActivityRecordInputSink com.example.dogglers/androidx.test.core.app.InstrumentationActivityInvoker$EmptyActivity#162361 (333)
09-25 13:19:26.793  5639  5639 D LifecycleMonitor: Lifecycle status change: androidx.test.core.app.InstrumentationActivityInvoker$EmptyActivity@d9a7d67 in: PAUSED
09-25 13:19:26.793  5639  5639 V ActivityScenario: Activity lifecycle changed event received but ignored because the intent does not match. startActivityIntent=Intent { act=android.intent.action.MAIN cat=[android.intent.category.LAUNCHER] cmp=com.example.dogglers/.GridListActivity }, activity.getIntent()=Intent { act=android.intent.action.MAIN cat=[android.intent.category.LAUNCHER] flg=0x10000000 cmp=com.example.dogglers/androidx.test.core.app.InstrumentationActivityInvoker$EmptyActivity }, activity=androidx.test.core.app.InstrumentationActivityInvoker$EmptyActivity@d9a7d67
09-25 13:19:26.793  3108  6266 I SemDvfsHyPerManager: acquire hyper - AMS_APP_HOME/3108@24, type = -999
09-25 13:19:26.793  1809  1855 I HYPER-HAL: [RequestManager.cpp]acquire(): Acquired ID : 4906302  [3108 / 24]    HINT : AMS_APP_HOME    list :
09-25 13:19:26.794  8328  8328 I SemDvfsHyPerManager: acquire hyper - APP_START_HOME/8328@20, type = -999
09-25 13:19:26.794 21794 21794 I ViewRootImpl@888ef3d[LauncherActivity]: handleAppVisibility mAppVisible = false visible = true
09-25 13:19:26.794  5369  5369 I ViewRootImpl@7533534[LauncherActivity]: handleAppVisibility mAppVisible = false visible = true
09-25 13:19:26.795  1809  1855 I HYPER-HAL: [RequestManager.cpp]acquire(): Acquired ID : 34848746  [8328 / 20]    HINT : APP_START    list : [KERNEL_APP_START_NOTIFY / 0] [TIMEOUT / 1500]
09-25 13:19:26.795  5369  5369 I ViewRootImpl@7533534[LauncherActivity]: stopped(false) old = true
09-25 13:19:26.795  5369  5369 I ViewRootImpl@7533534[LauncherActivity]: WindowStopped on com.sec.android.app.launcher/com.sec.android.app.launcher.activities.LauncherActivity set to false
09-25 13:19:26.796  3108 29076 D RemoteAppTaskWatcher:  ****** RemoteAppTaskWatcher: Message Received 5 Task ID = 0
09-25 13:19:26.796  5369  5369 I Launcher: !@Boot_DEBUG: Launcher.onStart()
09-25 13:19:26.796  5369  5369 I Launcher: !@Boot_EBS_D: Launcher.onStart()
09-25 13:19:26.796  5369  5369 I BaseActivity: addActivityFlags, flags : 1
09-25 13:19:26.796  5369  5369 I WallpaperBlurController: dispatchTransactionSurface: mCurrentBlur = 150
09-25 13:19:26.796  5369  5369 W LauncherAppWidgetHost: setShouldListenFlag, mFlags:2 flag:start on:true isFront:false
09-25 13:19:26.796  5369  5369 W Launcher: onStart isListening : false isLoading false
09-25 13:19:26.797  5369  5752 I LiveIconUpdateEventHandler: cancelDateChangeAlarm
09-25 13:19:26.797  1914  1914 I Layer   : id=162363 removedFromDrawingState com.example.dogglers/androidx.test.core.app.InstrumentationActivityInvoker$EmptyActivity$_5639#162363 (333)
09-25 13:19:26.797  1914  1914 I Layer   : id=162362 removedFromDrawingState daa6742 com.example.dogglers/androidx.test.core.app.InstrumentationActivityInvoker$EmptyActivity#162362 (333)
09-25 13:19:26.797  1914  1914 I Layer   : id=162360 removedFromDrawingState ActivityRecord{1c49c7 u0 com.example.dogglers/androidx.test.core.app.InstrumentationActivityInvoker$EmptyActivity} t7115}#162360 (333)
09-25 13:19:26.797  1914  1914 I Layer   : id=162361 removedFromDrawingState 2296f06 ActivityRecordInputSink com.example.dogglers/androidx.test.core.app.InstrumentationActivityInvoker$EmptyActivity#162361 (333)
09-25 13:19:26.797  1914  1914 I SurfaceFlinger: id=162360 Removed ActivityRecord{1c49c7 u0 com.example.dogglers/androidx.test.core.app.InstrumentationActivityInvoker$EmptyActivity} t7115}#162360 (333)
09-25 13:19:26.797  1914  1914 I SurfaceFlinger: id=162363 Removed com.example.dogglers/androidx.test.core.app.InstrumentationActivityInvoker$EmptyActivity$_5639#162363 (333)
09-25 13:19:26.797  1914  1914 I SurfaceFlinger: id=162362 Removed daa6742 com.example.dogglers/androidx.test.core.app.InstrumentationActivityInvoker$EmptyActivity#162362 (333)
09-25 13:19:26.797 21794 21794 I ViewRootImpl@888ef3d[LauncherActivity]: performTraversals mFirst=false windowShouldResize=false viewVisibilityChanged=true mForceNextWindowRelayout=false params=null
09-25 13:19:26.797  1914  1914 I Layer   : id=162368 Destroyed Surface(name=6a358c3 InputMethod)/@0x1a6cc79 - animation-leash of insets_animation#162368
09-25 13:19:26.797  1914  1914 I Layer   : id=162360 Destroyed ActivityRecord{1c49c7 u0 com.example.dogglers/androidx.test.core.app.InstrumentationActivityInvoker$EmptyActivity} t7115}#162360
09-25 13:19:26.797  1914  1914 I Layer   : id=162362 Destroyed daa6742 com.example.dogglers/androidx.test.core.app.InstrumentationActivityInvoker$EmptyActivity#162362
09-25 13:19:26.797  1914  1914 I Layer   : id=162363 Destroyed com.example.dogglers/androidx.test.core.app.InstrumentationActivityInvoker$EmptyActivity$_5639#162363
09-25 13:19:26.797  5639  5639 I ViewRootImpl@7354d0e[InstrumentationActivityInvoker$EmptyActivity]: MSG_WINDOW_FOCUS_CHANGED 0 0
09-25 13:19:26.797  1914  1914 I Layer   : id=162361 Destroyed 2296f06 ActivityRecordInputSink com.example.dogglers/androidx.test.core.app.InstrumentationActivityInvoker$EmptyActivity#162361
09-25 13:19:26.797  5369  5752 I LiveIconUpdateEventHandler: setDateChangeAlarm Tue Sep 26 00:00:00 MDT 2023
09-25 13:19:26.798  5639  5703 I TestRunner: finished: grid_list_content_at_first_position(com.example.dogglers.GridListTests)
