09-25 13:19:17.587  8328  8328 I SemDvfsHyPerManager: acquire hyper - APP_START_HOME/8328@20, type = -999
09-25 13:19:17.587  1914  1914 I SurfaceFlinger: [aa12773 com.example.dogglers/androidx.test.core.app.InstrumentationActivityInvoker$EmptyActivity#161928] FrameRatePriority: -1
09-25 13:19:17.588  5369  5369 I ViewRootImpl@7533534[LauncherActivity]: stopped(false) old = false
09-25 13:19:17.588  5369  5369 I Launcher: !@Boot_DEBUG: Launcher.onResume()
09-25 13:19:17.588  5369  5369 I Launcher: !@Boot_EBS_D: Launcher.onResume()
09-25 13:19:17.588  5369  5369 I BaseActivity: addActivityFlags, flags : 18
09-25 13:19:17.589  5369  5369 I BaseActivity: removeActivityFlags, flags : 32
09-25 13:19:17.589  5369  5369 I AppsSearchBar: restoreCurrentCellLayoutAlpha: [com.android.homescreen.apptray.AppsViewCellLayout{118f2a4 V.ED..... ........ 15341,100-16679,2951}[a=1.0,v=0,sId=11]]
09-25 13:19:17.589  3108 29076 D RemoteAppTaskWatcher:  ****** RemoteAppTaskWatcher: Message Received 5 Task ID = 0
09-25 13:19:17.589  5369  5741 I IMM_LC  : hsifw() - flag : 0
09-25 13:19:17.589  5369  5741 I IMM_LC  : hsifw() - mService.hideSoftInput
09-25 13:19:17.589  5369  5369 I Launcher.AppsViewCellLayout: com.android.homescreen.apptray.AppsViewCellLayout{118f2a4 V.ED..... ........ 15341,100-16679,2951}[a=1.0,v=0,sId=11] setAlpha : 1.0
09-25 13:19:17.589  5369  5369 I Launcher.AppsViewCellLayout: com.android.homescreen.apptray.AppsViewCellLayout{118f2a4 V.ED..... ........ 15341,100-16679,2951}[a=1.0,v=0,sId=11] setAlpha : 1.0
09-25 13:19:17.590  5369  5369 W SearchLauncherServiceMover: isMoving : false
09-25 13:19:17.590  5369  5369 I Launcher: setWallpaperOffsets
09-25 13:19:17.590  1809  1855 I HYPER-HAL: [RequestManager.cpp]acquire(): Acquired ID : 34848746  [8328 / 20]    HINT : APP_START    list : [KERNEL_APP_START_NOTIFY / 0] [TIMEOUT / 1500]
09-25 13:19:17.590  5369 14540 I Launcher: DisplayMetrics from Resources : DisplayMetrics{density=3.5, width=1440, height=2988, scaledDensity=3.8500001, xdpi=501.041, ydpi=502.789}
09-25 13:19:17.590  5369 14540 I Launcher: realMetrics from Wm : DisplayMetrics{density=3.5, width=1440, height=3088, scaledDensity=3.5, xdpi=501.041, ydpi=502.789}
09-25 13:19:17.590  5369 14540 I Launcher: Launcher DeviceProfile onResume availSize: 1440x2988 windowSize: 1440x3088 isLandscape: false
09-25 13:19:17.590  1914  3193 I SurfaceFlinger: id=161932 createSurf, flag=24000, Surface(name=Task=7105)/@0x5a341c8 - animation-leash of app_transition#161932
09-25 13:19:17.590  5369  5752 I SPayUpdater: updateSpayHandler, show = false, defaultPage = false
09-25 13:19:17.590  5369 11129 I WidgetRotationImpl: subscribeWidgetFocus 80
09-25 13:19:17.591  5369 11129 I IntelligentPlatformManagerImpl: subscribeWidgetFocus() id : 80
09-25 13:19:17.593  6586  6586 I SAMSUNGWALLET: [Hint_PayHintService] onReceive() action=com.sec.android.app.launcher.intent.action.UPDATE_SPAY_HANDLER
09-25 13:19:17.593  1914  3193 I SurfaceFlinger: id=161933 createSurf, flag=24004, Surface(name=Task=1)/@0xeddbc98 - animation-leash of app_transition#161933
09-25 13:19:17.593  6586  6586 I SAMSUNGWALLET: [Hint_PayHintService] home change, s home : false , default : false , gesture : true , s result : false , prev : false
09-25 13:19:17.593  5759  5759 E pageboostd: Received HALT command code 2
09-25 13:19:17.595  1914  4196 I SurfaceFlinger: id=161934 createSurf, flag=24000, Surface(name=WallpaperWindowToken{6241e01 token=android.os.Binder@ab19d0b})/@0xf3e0a44 - animation-leash of window_animation#161934
09-25 13:19:17.597  3108  6472 D InputDispatcher: Focus request (0): <null> but waiting because NOT_FOCUSABLE
09-25 13:19:17.597  3108  6472 D InputDispatcher: Focus left window (0): aa12773 com.example.dogglers/androidx.test.core.app.InstrumentationActivityInvoker$EmptyActivity
09-25 13:19:17.598  1914  1914 I Layer   : id=161935 Destroyed Screenshot Parent#161935
09-25 13:19:17.600  3108 29076 D RemoteAppTaskWatcher:  ****** RemoteAppTaskWatcher: Message Received 5 Task ID = 0
09-25 13:19:17.601  1914  4196 I SurfaceFlinger: id=161936 createSurf, flag=24000, Surface(name=4eb27f5 StatusBar)/@0x43fa543 - animation-leash of insets_animation#161936
09-25 13:19:17.603  1914  4196 I SurfaceFlinger: id=161937 createSurf, flag=24000, Surface(name=d110b4c NavigationBar0)/@0x8bdb781 - animation-leash of insets_animation#161937
09-25 13:19:17.604  5369  8226 I TouchInteractionService: onSystemUiStateChanged, stateFlags : 48 |a11y_click|a11y_long_click|
09-25 13:19:17.605  4768  4838 D Bubbles : onLocusVisibilityChanged: LocusId[17_chars] visible=true
09-25 13:19:17.605  5369  8226 I LauncherAnimationRunner: onAnimationStart, appTargets : [Lcom.android.systemui.shared.system.RemoteAnimationTargetCompat;@3c97423 mStartAtFrontOfQueue : false
09-25 13:19:17.606  5639  5639 I ViewRootImpl@9c77ca8[InstrumentationActivityInvoker$EmptyActivity]: MSG_WINDOW_FOCUS_CHANGED 0 0
09-25 13:19:17.606  5639  5639 I ViewRootImpl@9c77ca8[InstrumentationActivityInvoker$EmptyActivity]: MSG_WINDOW_FOCUS_CHANGED 0 0
09-25 13:19:17.607  5369  5369 I MSHandlerLifeCycle: removeMultiSplitHandler: no exist. decor=DecorView@ac62e93[LauncherActivity]
09-25 13:19:17.607  5369  5369 I BaseActivity: addActivityFlags, flags : 4
09-25 13:19:17.607  5369  5369 I Launcher: onDeferredResumed
09-25 13:19:17.607  5369  5369 I InstallShortcutReceiver: flushInstallQueue 0
09-25 13:19:17.607  5369  5369 I Launcher.NotificationListener: onNotificationFullRefresh
09-25 13:19:17.607  5369  5369 I BadgeCountUpdaterImpl: onNotificationsChangedConnected
09-25 13:19:17.607  5369  5369 W LauncherAppWidgetHost: setShouldListenFlag, mFlags:7 flag:resume on:true isFront:false
09-25 13:19:17.607  5369  5369 I Launcher.AppsViewCellLayout: com.android.homescreen.apptray.AppsViewCellLayout{118f2a4 V.ED..... ........ 15341,100-16679,2951}[a=1.0,v=0,sId=11] setAlpha : 1.0
09-25 13:19:17.607  8130  9622 I [AirCmd]_ActivitySwitchDetector: onTaskFocusChanged : taskId 6591
09-25 13:19:17.608  5369  5369 I RecentsAnimationDeviceState: setSystemUiFlags, stateFlags : 48
09-25 13:19:17.608  5369  5369 W SGestureOverlayWindow: setVisibilityGestureOverlayWindow, visibility = 0
09-25 13:19:17.608  5369  5369 I TouchInteractionService: onSystemUiFlagsChanged, lastSysUIFlags : 131120
09-25 13:19:17.608  5369  5369 I Launcher: getFirstMatch : match = com.android.homescreen.icon.IconView{3c9d3a5 VFED..CLX ........ 538,868-799,1294 #7f0a009c app:id/apps_icon}[a=1.0,v=0,i=true,t=Dogglers][c(2,2-3,3),id=353]
09-25 13:19:17.608  5369  5369 W AppTransitionAnimatorImpl: closing animation with floating icon - true
09-25 13:19:17.609  5369  5369 I AppTransitionAnimatorImpl: window bounds: Rect(0, 0 - 1440, 3088), target bounds: RectF(624.0, 1269.0, 816.0, 1461.0)
09-25 13:19:17.609  5369  5369 I AnimationResult: setAnimation : null
09-25 13:19:17.609  5369  5369 W AppTransitionAnimatorImpl: onAnimationStart - APP OUT
09-25 13:19:17.610  8130  9622 I [AirCmd]_ActivitySwitchDetector: onTaskFocusChanged : componentName - ComponentInfo{com.sec.android.app.launcher/com.android.launcher3.uioverrides.QuickstepLauncher}
09-25 13:19:17.610  8130  9622 I [AirCmd]_ActivitySwitchDetector: onTaskFocusChanged : mTopMostActivity - ComponentInfo{com.example.dogglers/com.example.dogglers.MainActivity}
09-25 13:19:17.610  3108  3338 D AnalyticsContainerHandler: handleMessage : { when=0 what=1 target=com.android.server.knox.KnoxAnalyticsContainer$AnalyticsHandler }
09-25 13:19:17.610  8130  9622 I [AirCmd]_CallbackRepeater: stopRepeat : isWorking=false
09-25 13:19:17.610  8130  9622 I [AirCmd]_MediaControlStateMonitor: isForegroundAppSupportsMediaButton : mediaSession is empty
09-25 13:19:17.611  8130  9622 I [AirCmd]_MediaControlStateMonitor: active Notification List is null
09-25 13:19:17.611  8130  9622 I [AirCmd]_RemoteSpenMainController: hasGeneralAction : packageName is com.sec.android.app.launcher, activityName is com.android.launcher3.uioverrides.QuickstepLauncher, hasActions is false
09-25 13:19:17.611  8130  9622 I [AirCmd]_CameraAvailabilityMonitor: isCameraPreviewOn : mIsCameraPreviewOn is false
09-25 13:19:17.611 15715 18710 I WindowsLink: (TaskInfoManager) +++++++++++onRecentTaskStackUpdated
09-25 13:19:17.611  5369  5748 I AppIconSolution: getThemeIconWithBG called with public API, pkg = com.example.dogglers, mode = 48
09-25 13:19:17.611  8130  9622 I [AirCmd]_CameraAvailabilityMonitor: isCameraPreviewOn : mIsCameraPreviewOn is false
09-25 13:19:17.612  5369  5748 I AppIconSolution: return adaptive icon for com.example.dogglers, isNight = true
09-25 13:19:17.612  5369  5748 I LauncherActivityInfo: packageName: com.example.dogglers, useThemeIcon: false, height: 252, width: 252, density: 640
09-25 13:19:17.612  8130  9622 I [AirCmd]_MediaControlStateMonitor: isForegroundAppSupportsMediaButton : mediaSession is empty
09-25 13:19:17.612  8130  9622 I [AirCmd]_MediaControlStateMonitor: active Notification List is null
09-25 13:19:17.612  8130  9622 I [AirCmd]_PenActionRule: getAction : get default action data from remote action because pen action data is null.
09-25 13:19:17.612  8130  9622 I [AirCmd]_ButtonActionDetector: enableDoubleClickDetection: enabled=true, doubleClickWaitInterval=300
09-25 13:19:17.612  8130  9622 I [AirCmd]_RemoteSpenMainController: onSwitch : package is com.sec.android.app.launcher   and activity is com.android.launcher3.uioverrides.QuickstepLauncher and isBleConnected is false and hasActions is false
09-25 13:19:17.612  5369  5748 I InstallShortcutReceiver: flushQueueInBackground 0
09-25 13:19:17.613  5369  5369 I Launcher.AppsViewCellLayout: com.android.homescreen.apptray.AppsViewCellLayout{118f2a4 V.ED..... .......D 15341,100-16679,2951}[a=1.0,v=0,sId=11] setAlpha : 1.0
09-25 13:19:17.613  1914  1914 I Layer   : id=161909 removedFromDrawingState Surface(name=Task=7105)/@0x5a341c8 - animation-leash of app_transition#161909 (339)
09-25 13:19:17.613  1914  1914 I Layer   : id=161908 removedFromDrawingState Surface(name=Task=1)/@0xeddbc98 - animation-leash of app_transition#161908 (339)
09-25 13:19:17.613  1914  1914 I Layer   : id=161930 removedFromDrawingState Surface(name=4eb27f5 StatusBar)/@0x43fa543 - animation-leash of insets_animation#161930 (339)
09-25 13:19:17.613  1914  1914 I Layer   : id=161931 removedFromDrawingState Surface(name=d110b4c NavigationBar0)/@0x8bdb781 - animation-leash of insets_animation#161931 (339)
09-25 13:19:17.613  1914  1914 I SurfaceFlinger: id=161909 Removed Surface(name=Task=7105)/@0x5a341c8 - animation-leash of app_transition#161909 (339)
09-25 13:19:17.613  1914  1914 I SurfaceFlinger: id=161908 Removed Surface(name=Task=1)/@0xeddbc98 - animation-leash of app_transition#161908 (339)
09-25 13:19:17.613  1914  1914 I SurfaceFlinger: id=161930 Removed Surface(name=4eb27f5 StatusBar)/@0x43fa543 - animation-leash of insets_animation#161930 (339)
09-25 13:19:17.613  1914  1914 I SurfaceFlinger: id=161931 Removed Surface(name=d110b4c NavigationBar0)/@0x8bdb781 - animation-leash of insets_animation#161931 (339)
09-25 13:19:17.613  1914  1914 I Layer   : id=161908 Destroyed Surface(name=Task=1)/@0xeddbc98 - animation-leash of app_transition#161908
09-25 13:19:17.613  1914  1914 I Layer   : id=161909 Destroyed Surface(name=Task=7105)/@0x5a341c8 - animation-leash of app_transition#161909
09-25 13:19:17.613  1914  1914 I Layer   : id=161930 Destroyed Surface(name=4eb27f5 StatusBar)/@0x43fa543 - animation-leash of insets_animation#161930
09-25 13:19:17.613  1914  1914 I Layer   : id=161931 Destroyed Surface(name=d110b4c NavigationBar0)/@0x8bdb781 - animation-leash of insets_animation#161931
09-25 13:19:17.614  5369  5583 I ViewRootImpl@7533534[LauncherActivity]: mWNT: t=0xb40000774c72f500 mBlastBufferQueue=0xb400007720986880 fn= 111 caller= com.android.systemui.shared.launcher.ViewRootImplCompat.mergeWithNextTransaction:2 com.android.quickstep.util.SurfaceTransactionApplier.lambda$scheduleApply$0:2 com.android.quickstep.util.SurfaceTransactionApplier.b:0
09-25 13:19:17.614  5369  5583 I ViewRootImpl@7533534[LauncherActivity]: mWNT: t=0xb40000772ba89100 mBlastBufferQueue=0xb400007720986880 fn= 111 caller= com.android.systemui.shared.launcher.ViewRootImplCompat.mergeWithNextTransaction:2 com.android.quickstep.util.SurfaceTransactionApplier.lambda$scheduleApply$0:2 com.android.quickstep.util.SurfaceTransactionApplier.b:0
09-25 13:19:17.614  5369  5583 I ViewRootImpl@7533534[LauncherActivity]: mWNT: t=0xb40000772ba89200 mBlastBufferQueue=0xb400007720986880 fn= 111 caller= com.android.systemui.shared.launcher.ViewRootImplCompat.mergeWithNextTransaction:2 com.android.quickstep.util.SurfaceTransactionApplier.lambda$scheduleApply$0:2 com.android.quickstep.util.SurfaceTransactionApplier.b:0
09-25 13:19:17.615  1914  1914 D SurfaceFlinger: Display 4630947093241269891 HWC layers:
09-25 13:19:17.615  1914  1914 D SurfaceFlinger:      DEVICE | 0xb400007aeb18b700 | 0102 | RGBA_8888    |    0.0    0.0 1440.0 3088.0 |    0    0 1440 3088 | com.example.dogglers/androidx.test.c[...]tyInvoker$EmptyActivity$_5639#161929
09-25 13:19:17.615  1914  1914 D SurfaceFlinger:      DEVICE | 0xb400007af6c14880 | 0100 | RGBA_8888    |    0.0    0.0 1440.0  100.0 |    0    0 1440  100 | StatusBar$_4768#95
09-25 13:19:17.615  1914  1914 D SurfaceFlinger:      DEVICE | 0xb400007af8705400 | 0100 | RGBA_8888    |    0.0    0.0   67.0  589.0 |    0  562   67 1151 | com.samsung.android.app.cocktailbars[...]vice.CocktailBarService$_8423#156853
09-25 13:19:17.615  1914  1914 D SurfaceFlinger:      DEVICE | 0xb400007af8705500 | 0100 | RGBA_8888    |    0.0    0.0  518.0   48.0 |  922 3040 1440 3088 | SGestureOverlayWindow$_5369#156268
09-25 13:19:17.615  1914  1914 D SurfaceFlinger:      DEVICE | 0xb400007af6c15880 | 0100 | RGBA_8888    |    0.0    0.0 1440.0  168.0 |    0 2920 1440 3088 | NavigationBar0$_4768#92
09-25 13:19:17.615  1914  1914 D SurfaceFlinger:
09-25 13:19:17.615  5369  5748 I Launcher.NotificationListener: notificationIsValidForUI : com.microsoft.office.outlook missingTitleAndText : false isGroupHeader : true
09-25 13:19:17.615  5369  5748 I Launcher.NotificationListener: notificationIsValidForUI : com.microsoft.office.outlook missingTitleAndText : false isGroupHeader : false
09-25 13:19:17.615  5369  5748 I Launcher.NotificationListener: Full refresh isConnected : true active size : 1
09-25 13:19:17.616  8174  8566 D KnoxHelper: getActivityList callingUserId: 0, target user: 0
09-25 13:19:17.618  3108  3230 I SemPersonaManager: SecureFolder personaId = 150
09-25 13:19:17.621  5369  5369 I Launcher.AppsViewCellLayout: com.android.homescreen.apptray.AppsViewCellLayout{118f2a4 V.ED..... .......D 15341,100-16679,2951}[a=1.0,v=0,sId=11] setAlpha : 1.0
09-25 13:19:17.621  3108  3230 D EnterpriseDeviceManagerService: isMdmAdminPresentInternal() : MDM Admin Found - com.samsung.knox.securefolder
09-25 13:19:17.623  5369  5369 I PopupDataProvider: onNotificationFullRefresh prev dotInfoSize : 1
09-25 13:19:17.623  5369  5584 I ViewRootImpl@7533534[LauncherActivity]: mWNT: t=0xb4000077207b6d00 mBlastBufferQueue=0xb400007720986880 fn= 112 caller= com.android.systemui.shared.launcher.ViewRootImplCompat.mergeWithNextTransaction:2 com.android.quickstep.util.SurfaceTransactionApplier.lambda$scheduleApply$0:2 com.android.quickstep.util.SurfaceTransactionApplier.b:0
09-25 13:19:17.623  5369  5369 I PopupDataProvider: refresh badge  package : com.microsoft.office.outlook count : 275
09-25 13:19:17.623  3108  6142 I MediaSessionMonitor: Media session stopped : controllerList empty
09-25 13:19:17.624  5369  5369 I IconView: applyDotState itemInfo : Outlook display : 1 count : 275
09-25 13:19:17.624  1914  1914 D SurfaceFlinger: Display 4630947093241269891 HWC layers:
09-25 13:19:17.624  1914  1914 D SurfaceFlinger:      CLIENT | 0xb400007af6c13480 | 0100 | RGBx_8888    |  592.0    0.0 1628.0 2220.0 |    0    0 1440 3088 | Wallpaper BBQ wrapper#90
09-25 13:19:17.624  1914  1914 D SurfaceFlinger:      CLIENT | 0xb400007af86ecd00 | 0100 | RGBA_8888    |    0.0    0.0 1440.0 3088.0 |    0    0 1440 3088 | com.sec.android.app.launcher/com.sec[...]rActivity$_5369#161898 (blurRegions)
09-25 13:19:17.624  1914  1914 D SurfaceFlinger:      CLIENT | 0xb400007af6c14200 | 0102 | RGBA_8888    |    0.0   12.0 1440.0 3072.0 |   11   32 1429 3047 | com.example.dogglers/com.example.dogglers.MainActivity$_5639#161914
09-25 13:19:17.624  1914  1914 D SurfaceFlinger:      CLIENT | 0xb400007af6c13c80 | 0102 | RGBA_8888    |    0.0   12.0 1440.0 3072.0 |   11   32 1429 3047 | com.example.dogglers/androidx.test.c[...]tyInvoker$EmptyActivity$_5639#161922
09-25 13:19:17.624  1914  1914 D SurfaceFlinger:      CLIENT | 0xb400007aeb18b700 | 0102 | RGBA_8888    |    0.0   12.0 1440.0 3072.0 |   11   32 1429 3047 | com.example.dogglers/androidx.test.c[...]tyInvoker$EmptyActivity$_5639#161929
09-25 13:19:17.624  1914  1914 D SurfaceFlinger:      DEVICE | 0xb400007af6c14880 | 0100 | RGBA_8888    |    0.0    0.0 1440.0  100.0 |    0    0 1440  100 | St
09-25 13:19:17.624  1914  1914 D SurfaceFlinger: atusBar$_4768#95
09-25 13:19:17.624  1914  1914 D SurfaceFlinger:      DEVICE | 0xb400007af8705400 | 0100 | RGBA_8888    |    0.0    0.0   67.0  589.0 |    0  562   67 1151 | com.samsung.android.app.cocktailbars[...]vice.CocktailBarService$_8423#156853
09-25 13:19:17.624  1914  1914 D SurfaceFlinger:      DEVICE | 0xb400007af8705500 | 0100 | RGBA_8888    |    0.0    0.0  518.0   48.0 |  922 3040 1440 3088 | SGestureOverlayWindow$_5369#156268
09-25 13:19:17.624  1914  1914 D SurfaceFlinger:      DEVICE | 0xb400007af6c15880 | 0100 | RGBA_8888    |    0.0    0.0 1440.0  168.0 |    0 2920 1440 3088 | NavigationBar0$_4768#92
09-25 13:19:17.624  1914  1914 D SurfaceFlinger:
09-25 13:19:17.624 15715 18710 I WindowsLink: (TaskInfoManager) +++++++++++onRecentTaskStackUpdated
09-25 13:19:17.627  8423  8423 I ActivityUtils: HomePackage : com.sec.android.app.launcher, resumePackageName : com.sec.android.app.launcher
09-25 13:19:17.629  5369  5369 I Launcher.AppsViewCellLayout: com.android.homescreen.apptray.AppsViewCellLayout{118f2a4 V.ED..... ........ 15341,100-16679,2951}[a=1.0,v=0,sId=11] setAlpha : 1.0
09-25 13:19:17.630  5369  5583 I ViewRootImpl@7533534[LauncherActivity]: mWNT: t=0xb4000077207b6e00 mBlastBufferQueue=0xb400007720986880 fn= 113 caller= com.android.systemui.shared.launcher.ViewRootImplCompat.mergeWithNextTransaction:2 com.android.quickstep.util.SurfaceTransactionApplier.lambda$scheduleApply$0:2 com.android.quickstep.util.SurfaceTransactionApplier.b:0
09-25 13:19:17.631  3108  4074 I SemDvfsHyPerManager: acquire hyper - AMS_RESUME_TAIL/3108@20, type = -999
09-25 13:19:17.631  3108  4074 I SemDvfsHyPerManager: acquire hyper - AMS_ACT_LAZY/3108@21, type = -999
09-25 13:19:17.632  1809  1855 I HYPER-HAL: [RequestManager.cpp]acquire(): Acquired ID : 4893776  [3108 / 20]    HINT : AMS_RESUME_TAIL    list :
09-25 13:19:17.632  1809  1855 I HYPER-HAL: [RequestManager.cpp]acquire(): Acquired ID : 4896906  [3108 / 21]    HINT : AMS_ACT_LAZY    list :
09-25 13:19:17.633  1809  1855 I HYPER-HAL: [RequestManager.cpp]releaseLocked(): Released ID : 4887519
09-25 13:19:17.636  8174  8566 D KnoxHelper: getActivityList callingUserId: 0, target user: 150
09-25 13:19:17.636  8174  8566 V KnoxHelper: source and target users are different, and caller is knox container or target user is for secure folder, so request cannot be granted!
09-25 13:19:17.638  5369  5369 I Launcher.AppsViewCellLayout: com.android.homescreen.apptray.AppsViewCellLayout{118f2a4 V.ED..... ........ 15341,100-16679,2951}[a=1.0,v=0,sId=11] setAlpha : 1.0
09-25 13:19:17.639  5369  5584 I ViewRootImpl@7533534[LauncherActivity]: mWNT: t=0xb4000077208df300 mBlastBufferQueue=0xb400007720986880 fn= 114 caller= com.android.systemui.shared.launcher.ViewRootImplCompat.mergeWithNextTransaction:2 com.android.quickstep.util.SurfaceTransactionApplier.lambda$scheduleApply$0:2 com.android.quickstep.util.SurfaceTransactionApplier.b:0
09-25 13:19:17.646  5369  5369 I Launcher.AppsViewCellLayout: com.android.homescreen.apptray.AppsViewCellLayout{118f2a4 V.ED..... ........ 15341,100-16679,2951}[a=1.0,v=0,sId=11] setAlpha : 1.0
09-25 13:19:17.647  8164  8188 W System  : A resource failed to call ContentProviderClient.close.
09-25 13:19:17.647  5369  5583 I ViewRootImpl@7533534[LauncherActivity]: mWNT: t=0xb4000077208df400 mBlastBufferQueue=0xb400007720986880 fn= 115 caller= com.android.systemui.shared.launcher.ViewRootImplCompat.mergeWithNextTransaction:2 com.android.quickstep.util.SurfaceTransactionApplier.lambda$scheduleApply$0:2 com.android.quickstep.util.SurfaceTransactionApplier.b:0
09-25 13:19:17.654  5369  5369 I Launcher.AppsViewCellLayout: com.android.homescreen.apptray.AppsViewCellLayout{118f2a4 V.ED..... ........ 15341,100-16679,2951}[a=1.0,v=0,sId=11] setAlpha : 1.0
09-25 13:19:17.655  5369  5584 I ViewRootImpl@7533534[LauncherActivity]: mWNT: t=0xb4000077208df500 mBlastBufferQueue=0xb400007720986880 fn= 116 caller= com.android.systemui.shared.launcher.ViewRootImplCompat.mergeWithNextTransaction:2 com.android.quickstep.util.SurfaceTransactionApplier.lambda$scheduleApply$0:2 com.android.quickstep.util.SurfaceTransactionApplier.b:0
09-25 13:19:17.657  3108  4659 W SemWifiTransportLayerUtils: getApplicationCategory - IOException com.example.dogglers
09-25 13:19:17.657  3108  4659 W System.err: java.io.FileNotFoundException: https://play.google.com/store/apps/details?id=com.example.dogglers&hl=en
09-25 13:19:17.657  3108  4659 W System.err: 	at com.android.okhttp.internal.huc.HttpURLConnectionImpl.getInputStream(HttpURLConnectionImpl.java:255)
09-25 13:19:17.657  3108  4659 W System.err: 	at com.android.okhttp.internal.huc.DelegatingHttpsURLConnection.getInputStream(DelegatingHttpsURLConnection.java:211)
09-25 13:19:17.657  3108  4659 W System.err: 	at com.android.okhttp.internal.huc.HttpsURLConnectionImpl.getInputStream(HttpsURLConnectionImpl.java:30)
09-25 13:19:17.657  3108  4659 W System.err: 	at com.samsung.android.server.wifi.tcp.SemWifiTransportLayerUtils.getApplicationCategory(SemWifiTransportLayerUtils.java:104)
09-25 13:19:17.658  3108  4659 W System.err: 	at com.samsung.android.server.wifi.tcp.SemWifiTransportLayerMonitor$TcpMonitorHandler.handleMessage(SemWifiTransportLayerMonitor.java:244)
09-25 13:19:17.658  3108  4659 W System.err: 	at android.os.Handler.dispatchMessage(Handler.java:106)
09-25 13:19:17.658  3108  4659 W System.err: 	at android.os.Looper.loopOnce(Looper.java:226)
09-25 13:19:17.658  3108  4659 W System.err: 	at android.os.Looper.loop(Looper.java:313)
09-25 13:19:17.658  3108  4659 W System.err: 	at android.os.HandlerThread.run(HandlerThread.java:67)
09-25 13:19:17.658  3108  4659 D SemWifiTransportLayerMonitor.TcpMonitorHandler: MSG_SAVE_PACKAGE_INFO
09-25 13:19:17.658  3108  4659 D SemWifiTransportLayerFileManager: saveWifiPackageInfoToFile
09-25 13:19:17.658  3108  4659 D SemWifiTransportLayerFileManager: writeWifiPackageInfoList
09-25 13:19:17.663  5369  5369 I Launcher.AppsViewCellLayout: com.android.homescreen.apptray.AppsViewCellLayout{118f2a4 V.ED..... ........ 15341,100-16679,2951}[a=1.0,v=0,sId=11] setAlpha : 1.0
09-25 13:19:17.663  5369  5583 I ViewRootImpl@7533534[LauncherActivity]: mWNT: t=0xb4000077208df600 mBlastBufferQueue=0xb400007720986880 fn= 117 caller= com.android.systemui.shared.launcher.ViewRootImplCompat.mergeWithNextTransaction:2 com.android.quickstep.util.SurfaceTransactionApplier.lambda$scheduleApply$0:2 com.android.quickstep.util.SurfaceTransactionApplier.b:0
09-25 13:19:17.671  5369  5369 I Launcher.AppsViewCellLayout: com.android.homescreen.apptray.AppsViewCellLayout{118f2a4 V.ED..... ........ 15341,100-16679,2951}[a=1.0,v=0,sId=11] setAlpha : 1.0
09-25 13:19:17.672  5369  5584 I ViewRootImpl@7533534[LauncherActivity]: mWNT: t=0xb4000077208df700 mBlastBufferQueue=0xb400007720986880 fn= 118 caller= com.android.systemui.shared.launcher.ViewRootImplCompat.mergeWithNextTransaction:2 com.android.quickstep.util.SurfaceTransactionApplier.lambda$scheduleApply$0:2 com.android.quickstep.util.SurfaceTransactionApplier.b:0
09-25 13:19:17.679  5369  5369 I Launcher.AppsViewCellLayout: com.android.homescreen.apptray.AppsViewCellLayout{118f2a4 V.ED..... ........ 15341,100-16679,2951}[a=1.0,v=0,sId=11] setAlpha : 1.0
09-25 13:19:17.680  5369  5583 I ViewRootImpl@7533534[LauncherActivity]: mWNT: t=0xb4000077208df800 mBlastBufferQueue=0xb400007720986880 fn= 119 caller= com.android.systemui.shared.launcher.ViewRootImplCompat.mergeWithNextTransaction:2 com.android.quickstep.util.SurfaceTransactionApplier.lambda$scheduleApply$0:2 com.android.quickstep.util.SurfaceTransactionApplier.b:0
09-25 13:19:17.688  5369  5369 I Launcher.AppsViewCellLayout: com.android.homescreen.apptray.AppsViewCellLayout{118f2a4 V.ED..... ........ 15341,100-16679,2951}[a=1.0,v=0,sId=11] setAlpha : 1.0
09-25 13:19:17.689  5369  5584 I ViewRootImpl@7533534[LauncherActivity]: mWNT: t=0xb4000077208dfa00 mBlastBufferQueue=0xb400007720986880 fn= 120 caller= com.android.systemui.shared.launcher.ViewRootImplCompat.mergeWithNextTransaction:2 com.android.quickstep.util.SurfaceTransactionApplier.lambda$scheduleApply$0:2 com.android.quickstep.util.SurfaceTransactionApplier.b:0
09-25 13:19:17.690  5369 18817 I RecentModel: onTaskStackChangedBackground
09-25 13:19:17.691  8328  8651 I SemDvfsHyPerManager: acquire hyper - TABaseBoost/8328@24, type = 1090523139
09-25 13:19:17.691  1809  1855 I HYPER-HAL: [RequestManager.cpp]acquire(): Acquired ID : 34882152  [8328 / 24]    HINT :      list : [TABoost / 1]
09-25 13:19:17.692  8130  9622 I [AirCmd]_ActivitySwitchDetector: onTaskStackChanged : componentName - ComponentInfo{com.sec.android.app.launcher/com.android.launcher3.uioverrides.QuickstepLauncher}
09-25 13:19:17.692  8130  9622 I [AirCmd]_ActivitySwitchDetector: onTaskStackChanged : mTopMostActivity - ComponentInfo{com.sec.android.app.launcher/com.android.launcher3.uioverrides.QuickstepLauncher}
09-25 13:19:17.693  5369  5741 I RecentTasksList: loadTasksInBackground : groupTask = GroupTask{task1=[id=6869 windowingMode=1 user=0 lastActiveTime=1366856278] null, task2=null, task3=null, mStagedSplitBounds=null}
09-25 13:19:17.693  5369  5741 I RecentTasksList: loadTasksInBackground : groupTask = GroupTask{task1=[id=6898 windowingMode=1 user=0 lastActiveTime=1367009547] null, task2=null, task3=null, mStagedSplitBounds=null}
09-25 13:19:17.693  5369  5741 I RecentTasksList: loadTasksInBackground : groupTask = GroupTask{task1=[id=7105 windowingMode=1 user=0 lastActiveTime=1370083739] null, task2=null, task3=null, mStagedSplitBounds=null}
09-25 13:19:17.693  5369  5369 I TaskThumbnailCache: handleResult: taskId = 7105, taskThumbnail = android.graphics.Bitmap@2bdc54e
09-25 13:19:17.696  5369  5369 I Launcher.AppsViewCellLayout: com.android.homescreen.apptray.AppsViewCellLayout{118f2a4 V.ED..... ........ 15341,100-16679,2951}[a=1.0,v=0,sId=11] setAlpha : 1.0
09-25 13:19:17.697  5369  5583 I ViewRootImpl@7533534[LauncherActivity]: mWNT: t=0xb4000077208dfb00 mBlastBufferQueue=0xb400007720986880 fn= 121 caller= com.android.systemui.shared.launcher.ViewRootImplCompat.mergeWithNextTransaction:2 com.android.quickstep.util.SurfaceTransactionApplier.lambda$scheduleApply$0:2 com.android.quickstep.util.SurfaceTransactionApplier.b:0
09-25 13:19:17.704  5369  5369 I Launcher.AppsViewCellLayout: com.android.homescreen.apptray.AppsViewCellLayout{118f2a4 V.ED..... ........ 15341,100-16679,2951}[a=1.0,v=0,sId=11] setAlpha : 1.0
09-25 13:19:17.705  5369  5584 I ViewRootImpl@7533534[LauncherActivity]: mWNT: t=0xb4000077208dfc00 mBlastBufferQueue=0xb400007720986880 fn= 122 caller= com.android.systemui.shared.launcher.ViewRootImplCompat.mergeWithNextTransaction:2 com.android.quickstep.util.SurfaceTransactionApplier.lambda$scheduleApply$0:2 com.android.quickstep.util.SurfaceTransactionApplier.b:0
09-25 13:19:17.713  5369  5369 I Launcher.AppsViewCellLayout: com.android.homescreen.apptray.AppsViewCellLayout{118f2a4 V.ED..... ........ 15341,100-16679,2951}[a=1.0,v=0,sId=11] setAlpha : 1.0
09-25 13:19:17.714  5369  5583 I ViewRootImpl@7533534[LauncherActivity]: mWNT: t=0xb4000077208dfd00 mBlastBufferQueue=0xb400007720986880 fn= 123 caller= com.android.systemui.shared.launcher.ViewRootImplCompat.mergeWithNextTransaction:2 com.android.quickstep.util.SurfaceTransactionApplier.lambda$scheduleApply$0:2 com.android.quickstep.util.SurfaceTransactionApplier.b:0
09-25 13:19:17.721  5369  5369 I Launcher.AppsViewCellLayout: com.android.homescreen.apptray.AppsViewCellLayout{118f2a4 V.ED..... ........ 15341,100-16679,2951}[a=1.0,v=0,sId=11] setAlpha : 1.0
09-25 13:19:17.722  5369  5584 I ViewRootImpl@7533534[LauncherActivity]: mWNT: t=0xb4000077208dfe00 mBlastBufferQueue=0xb400007720986880 fn= 124 caller= com.android.systemui.shared.launcher.ViewRootImplCompat.mergeWithNextTransaction:2 com.android.quickstep.util.SurfaceTransactionApplier.lambda$scheduleApply$0:2 com.android.quickstep.util.SurfaceTransactionApplier.b:0
09-25 13:19:17.730  5369  5369 I Launcher.AppsViewCellLayout: com.android.homescreen.apptray.AppsViewCellLayout{118f2a4 V.ED..... ........ 15341,100-16679,2951}[a=1.0,v=0,sId=11] setAlpha : 1.0
09-25 13:19:17.731  5369  5583 I ViewRootImpl@7533534[LauncherActivity]: mWNT: t=0xb4000077208dff00 mBlastBufferQueue=0xb400007720986880 fn= 125 caller= com.android.systemui.shared.launcher.ViewRootImplCompat.mergeWithNextTransaction:2 com.android.quickstep.util.SurfaceTransactionApplier.lambda$scheduleApply$0:2 com.android.quickstep.util.SurfaceTransactionApplier.b:0
09-25 13:19:17.738  5369  5369 I Launcher.AppsViewCellLayout: com.android.homescreen.apptray.AppsViewCellLayout{118f2a4 V.ED..... ........ 15341,100-16679,2951}[a=1.0,v=0,sId=11] setAlpha : 1.0
09-25 13:19:17.739  5369  5584 I ViewRootImpl@7533534[LauncherActivity]: mWNT: t=0xb4000077208df200 mBlastBufferQueue=0xb400007720986880 fn= 126 caller= com.android.systemui.shared.launcher.ViewRootImplCompat.mergeWithNextTransaction:2 com.android.quickstep.util.SurfaceTransactionApplier.lambda$scheduleApply$0:2 com.android.quickstep.util.SurfaceTransactionApplier.b:0
09-25 13:19:17.746  5369  5369 I Launcher.AppsViewCellLayout: com.android.homescreen.apptray.AppsViewCellLayout{118f2a4 V.ED..... ........ 15341,100-16679,2951}[a=1.0,v=0,sId=11] setAlpha : 1.0
09-25 13:19:17.747  5369  5583 I ViewRootImpl@7533534[LauncherActivity]: mWNT: t=0xb400007720b28000 mBlastBufferQueue=0xb400007720986880 fn= 127 caller= com.android.systemui.shared.launcher.ViewRootImplCompat.mergeWithNextTransaction:2 com.android.quickstep.util.SurfaceTransactionApplier.lambda$scheduleApply$0:2 com.android.quickstep.util.SurfaceTransactionApplier.b:0
09-25 13:19:17.755  5369  5369 I Launcher.AppsViewCellLayout: com.android.homescreen.apptray.AppsViewCellLayout{118f2a4 V.ED..... ........ 15341,100-16679,2951}[a=1.0,v=0,sId=11] setAlpha : 1.0
09-25 13:19:17.755  1914  1914 D SurfaceFlinger: GPIS:: requestGPIS
09-25 13:19:17.756  5369  5584 I ViewRootImpl@7533534[LauncherActivity]: mWNT: t=0xb400007720b28100 mBlastBufferQueue=0xb400007720986880 fn= 128 caller= com.android.systemui.shared.launcher.ViewRootImplCompat.mergeWithNextTransaction:2 com.android.quickstep.util.SurfaceTransactionApplier.lambda$scheduleApply$0:2 com.android.quickstep.util.SurfaceTransactionApplier.b:0
09-25 13:19:17.763  5369  5369 I Launcher.AppsViewCellLayout: com.android.homescreen.apptray.AppsViewCellLayout{118f2a4 V.ED..... ........ 15341,100-16679,2951}[a=1.0,v=0,sId=11] setAlpha : 1.0
09-25 13:19:17.764  5369  5583 I ViewRootImpl@7533534[LauncherActivity]: mWNT: t=0xb400007720b28200 mBlastBufferQueue=0xb400007720986880 fn= 129 caller= com.android.systemui.shared.launcher.ViewRootImplCompat.mergeWithNextTransaction:2 com.android.quickstep.util.SurfaceTransactionApplier.lambda$scheduleApply$0:2 com.android.quickstep.util.SurfaceTransactionApplier.b:0
09-25 13:19:17.771  5369  5369 I Launcher.AppsViewCellLayout: com.android.homescreen.apptray.AppsViewCellLayout{118f2a4 V.ED..... ........ 15341,100-16679,2951}[a=1.0,v=0,sId=11] setAlpha : 1.0
09-25 13:19:17.771  5369  5369 I AppsSearchBar: mCurrentCellLayouts onAnimationEnd
09-25 13:19:17.771  5369  5369 I Launcher.AppsViewCellLayout: com.android.homescreen.apptray.AppsViewCellLayout{118f2a4 V.ED..... ........ 15341,100-16679,2951}[a=1.0,v=0,sId=11] setAlpha : 1.0
09-25 13:19:17.772  5369  5584 I ViewRootImpl@7533534[LauncherActivity]: mWNT: t=0xb400007720b28300 mBlastBufferQueue=0xb400007720986880 fn= 130 caller= com.android.systemui.shared.launcher.ViewRootImplCompat.mergeWithNextTransaction:2 com.android.quickstep.util.SurfaceTransactionApplier.lambda$scheduleApply$0:2 com.android.quickstep.util.SurfaceTransactionApplier.b:0
09-25 13:19:17.781  5369  5583 I ViewRootImpl@7533534[LauncherActivity]: mWNT: t=0xb400007720b28400 mBlastBufferQueue=0xb400007720986880 fn= 131 caller= com.android.systemui.shared.launcher.ViewRootImplCompat.mergeWithNextTransaction:2 com.android.quickstep.util.SurfaceTransactionApplier.lambda$scheduleApply$0:2 com.android.quickstep.util.SurfaceTransactionApplier.b:0
09-25 13:19:17.789  5369  5584 I ViewRootImpl@7533534[LauncherActivity]: mWNT: t=0xb400007720b28500 mBlastBufferQueue=0xb400007720986880 fn= 132 caller= com.android.systemui.shared.launcher.ViewRootImplCompat.mergeWithNextTransaction:2 com.android.quickstep.util.SurfaceTransactionApplier.lambda$scheduleApply$0:2 com.android.quickstep.util.SurfaceTransactionApplier.b:0
09-25 13:19:17.792 13412 13913 I FontLog : (REDACTED) Received query %s, URI %s
09-25 13:19:17.792 13412 13913 I FontLog : (REDACTED) Query [%s] resolved to %s
09-25 13:19:17.793 13412 13913 I FontLog : (REDACTED) Fetch %s end status %s
09-25 13:19:17.796 13412 13913 I FontLog : (REDACTED) Pulling font file for id = %d, cache size = %d
09-25 13:19:17.798  5369  5583 I ViewRootImpl@7533534[LauncherActivity]: mWNT: t=0xb400007720b28600 mBlastBufferQueue=0xb400007720986880 fn= 133 caller= com.android.systemui.shared.launcher.ViewRootImplCompat.mergeWithNextTransaction:2 com.android.quickstep.util.SurfaceTransactionApplier.lambda$scheduleApply$0:2 com.android.quickstep.util.SurfaceTransactionApplier.b:0
09-25 13:19:17.798 13412 13913 I FontLog : (REDACTED) Pulling font file for id = %d, cache size = %d
09-25 13:19:17.799  1914  4194 D NativeSemDvfsManager: acquire:: timeout = 2000 mIsAcquired = 1  mTagName : SurfaceFlinger
09-25 13:19:17.799  1914  4194 E NativeCustomFrequencyManager: [NativeCFMS] BpCustomFrequencyManager::acquire()
09-25 13:19:17.799  1809  1855 I HYPER-HAL: [RequestManager.cpp]acquire(): Acquired ID : 4248155  [1914 / 1000]    HINT : SF_GPU_MINLOCK    list : [TIMEOUT / 2000]
09-25 13:19:17.805  5369  5584 I ViewRootImpl@7533534[LauncherActivity]: mWNT: t=0xb400007720b28700 mBlastBufferQueue=0xb400007720986880 fn= 134 caller= com.android.systemui.shared.launcher.ViewRootImplCompat.mergeWithNextTransaction:2 com.android.quickstep.util.SurfaceTransactionApplier.lambda$scheduleApply$0:2 com.android.quickstep.util.SurfaceTransactionApplier.b:0
09-25 13:19:17.814  5369  5584 I ViewRootImpl@7533534[LauncherActivity]: mWNT: t=0xb400007720b28800 mBlastBufferQueue=0xb400007720986880 fn= 135 caller= com.android.systemui.shared.launcher.ViewRootImplCompat.mergeWithNextTransaction:2 com.android.quickstep.util.SurfaceTransactionApplier.lambda$scheduleApply$0:2 com.android.quickstep.util.SurfaceTransactionApplier.b:0
09-25 13:19:17.822  5369  5584 I ViewRootImpl@7533534[LauncherActivity]: mWNT: t=0xb400007720b28900 mBlastBufferQueue=0xb400007720986880 fn= 136 caller= com.android.systemui.shared.launcher.ViewRootImplCompat.mergeWithNextTransaction:2 com.android.quickstep.util.SurfaceTransactionApplier.lambda$scheduleApply$0:2 com.android.quickstep.util.SurfaceTransactionApplier.b:0
09-25 13:19:17.830  5369  5584 I ViewRootImpl@7533534[LauncherActivity]: mWNT: t=0xb400007720b28a00 mBlastBufferQueue=0xb400007720986880 fn= 137 caller= com.android.systemui.shared.launcher.ViewRootImplCompat.mergeWithNextTransaction:2 com.android.quickstep.util.SurfaceTransactionApplier.lambda$scheduleApply$0:2 com.android.quickstep.util.SurfaceTransactionApplier.b:0
09-25 13:19:17.838  5369  5584 I ViewRootImpl@7533534[LauncherActivity]: mWNT: t=0xb400007720b28b00 mBlastBufferQueue=0xb400007720986880 fn= 138 caller= com.android.systemui.shared.launcher.ViewRootImplCompat.mergeWithNextTransaction:2 com.android.quickstep.util.SurfaceTransactionApplier.lambda$scheduleApply$0:2 com.android.quickstep.util.SurfaceTransactionApplier.b:0
09-25 13:19:17.847  5369  5583 I ViewRootImpl@7533534[LauncherActivity]: mWNT: t=0xb400007720b28c00 mBlastBufferQueue=0xb400007720986880 fn= 139 caller= com.android.systemui.shared.launcher.ViewRootImplCompat.mergeWithNextTransaction:2 com.android.quickstep.util.SurfaceTransactionApplier.lambda$scheduleApply$0:2 com.android.quickstep.util.SurfaceTransactionApplier.b:0
09-25 13:19:17.849  8423  8423 I Utils   : isCurrentUser current = 0, ownerId = 0
09-25 13:19:17.849  8423  8423 I TrayVisibilityController: getComputedTrayVisible : keyguardState = 1
09-25 13:19:17.849  8423  8423 I TrayVisibilityController: updateTrayVisible: State=1 visible=1 mCurrentVisible=1 specificMode=0
09-25 13:19:17.849  8423  8423 I TrayStateController: onNotifyUpdateTray: state=0
09-25 13:19:17.855  5369  5584 I ViewRootImpl@7533534[LauncherActivity]: mWNT: t=0xb400007720b28e00 mBlastBufferQueue=0xb400007720986880 fn= 140 caller= com.android.systemui.shared.launcher.ViewRootImplCompat.mergeWithNextTransaction:2 com.android.quickstep.util.SurfaceTransactionApplier.lambda$scheduleApply$0:2 com.android.quickstep.util.SurfaceTransactionApplier.b:0
09-25 13:19:17.863  5369  5583 I ViewRootImpl@7533534[LauncherActivity]: mWNT: t=0xb400007720b28f00 mBlastBufferQueue=0xb400007720986880 fn= 141 caller= com.android.systemui.shared.launcher.ViewRootImplCompat.mergeWithNextTransaction:2 com.android.quickstep.util.SurfaceTransactionApplier.lambda$scheduleApply$0:2 com.android.quickstep.util.SurfaceTransactionApplier.b:0
09-25 13:19:17.872  5369  5584 I ViewRootImpl@7533534[LauncherActivity]: mWNT: t=0xb40000770329c000 mBlastBufferQueue=0xb400007720986880 fn= 142 caller= com.android.systemui.shared.launcher.ViewRootImplCompat.mergeWithNextTransaction:2 com.android.quickstep.util.SurfaceTransactionApplier.lambda$scheduleApply$0:2 com.android.quickstep.util.SurfaceTransactionApplier.b:0
09-25 13:19:17.880  5369  5583 I ViewRootImpl@7533534[LauncherActivity]: mWNT: t=0xb40000770329c100 mBlastBufferQueue=0xb400007720986880 fn= 143 caller= com.android.systemui.shared.launcher.ViewRootImplCompat.mergeWithNextTransaction:2 com.android.quickstep.util.SurfaceTransactionApplier.lambda$scheduleApply$0:2 com.android.quickstep.util.SurfaceTransactionApplier.b:0
09-25 13:19:17.889  5369  5584 I ViewRootImpl@7533534[LauncherActivity]: mWNT: t=0xb40000770329c200 mBlastBufferQueue=0xb400007720986880 fn= 144 caller= com.android.systemui.shared.launcher.ViewRootImplCompat.mergeWithNextTransaction:2 com.android.quickstep.util.SurfaceTransactionApplier.lambda$scheduleApply$0:2 com.android.quickstep.util.SurfaceTransactionApplier.b:0
09-25 13:19:17.897  5369  5583 I ViewRootImpl@7533534[LauncherActivity]: mWNT: t=0xb40000770329c300 mBlastBufferQueue=0xb400007720986880 fn= 145 caller= com.android.systemui.shared.launcher.ViewRootImplCompat.mergeWithNextTransaction:2 com.android.quickstep.util.SurfaceTransactionApplier.lambda$scheduleApply$0:2 com.android.quickstep.util.SurfaceTransactionApplier.b:0
09-25 13:19:17.906  5369  5584 I ViewRootImpl@7533534[LauncherActivity]: mWNT: t=0xb40000770329c400 mBlastBufferQueue=0xb400007720986880 fn= 146 caller= com.android.systemui.shared.launcher.ViewRootImplCompat.mergeWithNextTransaction:2 com.android.quickstep.util.SurfaceTransactionApplier.lambda$scheduleApply$0:2 com.android.quickstep.util.SurfaceTransactionApplier.b:0
09-25 13:19:17.912  1797  7515 I sensors-hal: handle_sns_std_sensor_event:359, [SSC_LIGHT] P: 7(7),m:13,c:7,b:67,c0:3318,l:6,f(r):86,u(bl):93,j:5
09-25 13:19:17.914  5369  5583 I ViewRootImpl@7533534[LauncherActivity]: mWNT: t=0xb40000770329c500 mBlastBufferQueue=0xb400007720986880 fn= 147 caller= com.android.systemui.shared.launcher.ViewRootImplCompat.mergeWithNextTransaction:2 com.android.quickstep.util.SurfaceTransactionApplier.lambda$scheduleApply$0:2 com.android.quickstep.util.SurfaceTransactionApplier.b:0
09-25 13:19:17.916  1914  1914 D SurfaceFlinger: Display 4630947093241269891 HWC layers:
09-25 13:19:17.916  1914  1914 D SurfaceFlinger:      CLIENT | 0xb400007af6c13480 | 0100 | RGBx_8888    |  592.0    0.0 1628.0 2220.0 |    0    0 1440 3088 | Wallpaper BBQ wrapper#90
09-25 13:19:17.916  1914  1914 D SurfaceFlinger:      CLIENT | 0xb400007af6c11c80 | 0100 | RGBA_8888    |    0.0    0.0 1440.0 3088.0 |    0    0 1440 3088 | com.sec.android.app.launcher/com.sec[...]rActivity$_5369#161898 (blurRegions)
09-25 13:19:17.916  1914  1914 D SurfaceFlinger:      DEVICE | 0xb400007af6c14880 | 0100 | RGBA_8888    |    0.0    0.0 1440.0  100.0 |    0    0 1440  100 | StatusBar$_4768#95
09-25 13:19:17.916  1914  1914 D SurfaceFlinger:      DEVICE | 0xb400007af8705400 | 0100 | RGBA_8888    |    0.0    0.0   67.0  589.0 |    0  562   67 1151 | com.samsung.android.app.cocktailbars[...]vice.CocktailBarService$_8423#156853
09-25 13:19:17.916  1914  1914 D SurfaceFlinger:      DEVICE | 0xb400007af8705500 | 0100 | RGBA_8888    |    0.0    0.0  518.0   48.0 |  922 3040 1440 3088 | SGestureOverlayWindow$_5369#156268
09-25 13:19:17.916  1914  1914 D SurfaceFlinger:      DEVICE | 0xb400007af6c15880 | 0100 | RGBA_8888    |    0.0    0.0 1440.0  168.0 |    0 2920 1440 3088 | NavigationBar0$_4768#92
09-25 13:19:17.916  1914  1914 D SurfaceFlinger:
09-25 13:19:17.922  5369  5584 I ViewRootImpl@7533534[LauncherActivity]: mWNT: t=0xb40000770329c600 mBlastBufferQueue=0xb400007720986880 fn= 148 caller= com.android.systemui.shared.launcher.ViewRootImplCompat.mergeWithNextTransaction:2 com.android.quickstep.util.SurfaceTransactionApplier.lambda$scheduleApply$0:2 com.android.quickstep.util.SurfaceTransactionApplier.b:0
09-25 13:19:17.930  5369  5583 I ViewRootImpl@7533534[LauncherActivity]: mWNT: t=0xb40000770329c700 mBlastBufferQueue=0xb400007720986880 fn= 149 caller= com.android.systemui.shared.launcher.ViewRootImplCompat.mergeWithNextTransaction:2 com.android.quickstep.util.SurfaceTransactionApplier.lambda$scheduleApply$0:2 com.android.quickstep.util.SurfaceTransactionApplier.b:0
09-25 13:19:17.934  1809  5793 I HYPER-HAL: [RequestManager.cpp]releaseLocked(): Released ID : 4893776
09-25 13:19:17.939  5369  5584 I ViewRootImpl@7533534[LauncherActivity]: mWNT: t=0xb40000770329c900 mBlastBufferQueue=0xb400007720986880 fn= 150 caller= com.android.systemui.shared.launcher.ViewRootImplCompat.mergeWithNextTransaction:2 com.android.quickstep.util.SurfaceTransactionApplier.lambda$scheduleApply$0:2 com.android.quickstep.util.SurfaceTransactionApplier.b:0
09-25 13:19:17.947  5369  5369 W AppTransitionAnimatorImpl: onAnimationEnd - APP OUT, Execution time for each frame : Start-(0)-0-(0)-0-(4)-0-(8)-0-(8)-1-(8)-0-(8)-0-(8)-1-(8)-0-(8)-0-(8)-1-(8)-0-(8)-0-(8)-1-(8)-0-(8)-1-(8)-0-(8)-0-(8)-1-(8)-0-(8)-0-(8)-1-(7)-1-(8)-0-(8)-0-(8)-1-(8)-0-(8)-0-(8)-0-(9)-0-(8)-0-(8)-1-(8)-0-(8)-0-(8)-0-(9)-0-(8)-0-(9)-0-(8)-0-(8)-0-(8)-1-(8)-0-(8)-0-End
09-25 13:19:17.947  5369  5369 I AppTransitionAnimatorImpl: resetContentView
09-25 13:19:17.947  5369  5369 I AnimationResult: AnimationResult finish : onAnimationEnd
09-25 13:19:17.947  5369  5369 I AnimationResult: finish : false, null
09-25 13:19:17.948  5369  5741 I AnimationResult: finish callback : null
09-25 13:19:17.948  5369  5583 I ViewRootImpl@7533534[LauncherActivity]: mWNT: t=0xb40000770329ca00 mBlastBufferQueue=0xb400007720986880 fn= 151 caller= com.android.systemui.shared.launcher.ViewRootImplCompat.mergeWithNextTransaction:2 com.android.quickstep.util.SurfaceTransactionApplier.lambda$scheduleApply$0:2 com.android.quickstep.util.SurfaceTransactionApplier.b:0
09-25 13:19:17.949  5369  5369 W Launcher: onEnterAnimationComplete
09-25 13:19:17.950  5639  5639 I ViewRootImpl@9c77ca8[InstrumentationActivityInvoker$EmptyActivity]: handleAppVisibility mAppVisible = true visible = false
09-25 13:19:17.954  1914  1914 I Layer   : id=161907 removedFromDrawingState Splash Screen com.example.dogglers$_4768#161907 (335)
09-25 13:19:17.955  5639  5729 D OpenGLRenderer: setSurface called with nullptr
09-25 13:19:17.955  5639  5729 D OpenGLRenderer: setSurface() destroyed EGLSurface
09-25 13:19:17.955  5639  5729 D OpenGLRenderer: destroyEglSurface
09-25 13:19:17.956  5639  5639 I ViewRootImpl@9c77ca8[InstrumentationActivityInvoker$EmptyActivity]: performTraversals mFirst=false windowShouldResize=false viewVisibilityChanged=true mForceNextWindowRelayout=false params=null
09-25 13:19:17.957  3108  9815 V WindowManager: Relayout Window{aa12773 u0 com.example.dogglers/androidx.test.core.app.InstrumentationActivityInvoker$EmptyActivity}: viewVisibility=8 req=1440x3088 d0
09-25 13:19:17.958  3108  9815 V WindowManager: Relayout hash=aa12773, pid=5639, syncId=-1: mAttrs={(0,0)(fillxfill) sim={adjust=pan forwardNavigation} ty=BASE_APPLICATION wanim=0x1030001
09-25 13:19:17.958  3108  9815 V WindowManager:   fl=1810100
09-25 13:19:17.958  3108  9815 V WindowManager:   pfl=12020040
09-25 13:19:17.958  3108  9815 V WindowManager:   bhv=DEFAULT
09-25 13:19:17.958  3108  9815 V WindowManager:   fitSides= naviIconColor=0}
09-25 13:19:17.960  5639  5639 I ViewRootImpl@9c77ca8[InstrumentationActivityInvoker$EmptyActivity]: Relayout returned: old=(0,0,1440,3088) new=(0,0,1440,3088) req=(1440,3088)8 dur=3 res=0x2 s={false 0x0} ch=true seqId=0
09-25 13:19:17.962  5639  5639 I ViewRootImpl@9c77ca8[InstrumentationActivityInvoker$EmptyActivity]: stopped(true) old = false
09-25 13:19:17.962  5639  5639 I ViewRootImpl@9c77ca8[InstrumentationActivityInvoker$EmptyActivity]: WindowStopped on com.example.dogglers/androidx.test.core.app.InstrumentationActivityInvoker$EmptyActivity set to true
09-25 13:19:17.962  1914  1914 I SurfaceFlinger: [c7375dc com.sec.android.app.launcher/com.sec.android.app.launcher.activities.LauncherActivity#176] FrameRatePriority: 1
09-25 13:19:17.962  1914  1914 I Layer   : id=161933 removedFromDrawingState Surface(name=Task=1)/@0xeddbc98 - animation-leash of app_transition#161933 (335)
09-25 13:19:17.962  1914  1914 I Layer   : Layer [com.example.dogglers/com.example.dogglers.MainActivity$_5639#161914] hidden!! flag(1)
09-25 13:19:17.963  1914  1914 I Layer   : id=161906 removedFromDrawingState a1dfc53 Splash Screen com.example.dogglers#161906 (335)
09-25 13:19:17.963  5639  5639 D LifecycleMonitor: Lifecycle status change: androidx.test.core.app.InstrumentationActivityInvoker$EmptyActivity@c59348e in: STOPPED
09-25 13:19:17.963  1914  1914 I Layer   : id=161932 removedFromDrawingState Surface(name=Task=7105)/@0x5a341c8 - animation-leash of app_transition#161932 (335)
09-25 13:19:17.963  1914  1914 I Layer   : Layer [Splash Screen com.example.dogglers$_4768#161907] hidden!! flag(1)
09-25 13:19:17.963  1914  1914 I Layer   : Layer [com.example.dogglers/androidx.test.core.app.InstrumentationActivityInvoker$EmptyActivity$_5639#161922] hidden!! flag(1)
09-25 13:19:17.963  1914  1914 I Layer   : Layer [com.example.dogglers/androidx.test.core.app.InstrumentationActivityInvoker$EmptyActivity$_5639#161929] hidden!! flag(1)
09-25 13:19:17.963  1914  1914 I Layer   : id=161934 removedFromDrawingState Surface(name=WallpaperWindowToken{6241e01 token=android.os.Binder@ab19d0b})/@0xf3e0a44 - animation-leash of window_animation#161934 (335)
09-25 13:19:17.963  1914  1914 I SurfaceFlinger: id=161906 Removed a1dfc53 Splash Screen com.example.dogglers#161906 (335)
09-25 13:19:17.963  1914  1914 I SurfaceFlinger: id=161907 Removed Splash Screen com.example.dogglers$_4768#161907 (335)
09-25 13:19:17.963  5639  5639 V ActivityScenario: Activity lifecycle changed event received but ignored because the intent does not match. startActivityIntent=Intent { act=android.intent.action.MAIN cat=[android.intent.category.LAUNCHER] cmp=com.example.dogglers/.MainActivity }, activity.getIntent()=Intent { act=android.intent.action.MAIN cat=[android.intent.category.LAUNCHER] flg=0x10000000 cmp=com.example.dogglers/androidx.test.core.app.InstrumentationActivityInvoker$EmptyActivity }, activity=androidx.test.core.app.InstrumentationActivityInvoker$EmptyActivity@c59348e
09-25 13:19:17.963  1914  1914 I Layer   : id=161907 Destroyed Splash Screen com.example.dogglers$_4768#161907
09-25 13:19:17.963  1914  1914 I Layer   : id=161906 Destroyed a1dfc53 Splash Screen com.example.dogglers#161906
09-25 13:19:17.964  5639  5639 I MSHandlerLifeCycle: removeMultiSplitHandler: no exist. decor=DecorView@e049845[InstrumentationActivityInvoker$EmptyActivity]
09-25 13:19:17.965  6586 17206 I SAMSUNGWALLET: [Hint_ProcessStatusChange] fg Change, pid : 5639 , isNotify : true , isForeground : false , fg list : []
09-25 13:19:17.965  6586 17206 I SAMSUNGWALLET: [ProcessStatusChange] fg Change, pid : 5639 , isNotify : true , isForeground : false , fg list : []
09-25 13:19:17.966  6586 10126 I SAMSUNGWALLET: [Hint_ProcessStatusChange] fg Change, pid : 5639 , isNotify : true , isForeground : false , fg list : []
09-25 13:19:17.966  3108  8629 D InputDispatcher: Focus entered window (0): c7375dc com.sec.android.app.launcher/com.sec.android.app.launcher.activities.LauncherActivity
09-25 13:19:17.966  6586 10126 I SAMSUNGWALLET: [ProcessStatusChange] fg Change, pid : 5639 , isNotify : true , isForeground : false , fg list : []
09-25 13:19:17.967  6586  7669 I SAMSUNGWALLET: [ProcessMonitor] App went to background.
09-25 13:19:17.967  5369  5369 I ViewRootImpl@7533534[LauncherActivity]: MSG_WINDOW_FOCUS_CHANGED 1 0
