09-25 13:19:27.384  4768  4860 I ViewRootImpl@282491d[dogglers]: mWNT: t=0xb40000773207a300 mBlastBufferQueue=0xb400007705019c80 fn= 2 caller= android.view.SyncRtSurfaceTransactionApplier.applyTransaction:96 android.view.SyncRtSurfaceTransactionApplier.lambda$scheduleApply$0$android-view-SyncRtSurfaceTransactionApplier:69 android.view.SyncRtSurfaceTransactionApplier$$ExternalSyntheticLambda0.onFrameDraw:4
09-25 13:19:27.384  4768  4860 I ViewRootImpl@282491d[dogglers]: mWNT: t=0xb40000773209e300 mBlastBufferQueue=0xb400007705019c80 fn= 2 caller= android.view.SyncRtSurfaceTransactionApplier.applyTransaction:96 android.view.SyncRtSurfaceTransactionApplier.lambda$scheduleApply$0$android-view-SyncRtSurfaceTransactionApplier:69 android.view.SyncRtSurfaceTransactionApplier$$ExternalSyntheticLambda0.onFrameDraw:4
09-25 13:19:27.386  3108  3230 I ChimeraSystemEventListener: appLaunchIntent package name is: com.example.dogglers
09-25 13:19:27.386  3108  4074 D InputMethodManagerService: isImeSwitcherDisabledPackage : false
09-25 13:19:27.386   586   586 I InputMethodService: removeImeSurface
09-25 13:19:27.387  3108  4073 I SemDvfsHyPerManager: acquire hyper - AMS_ACT_START/3108@18, type = -999
09-25 13:19:27.387   586   586 I MSHandlerLifeCycle: check: return. pkg=com.google.android.inputmethod.latin isActivity=false callers=com.android.internal.policy.DecorView.setVisibility:4412 android.app.Dialog.hide:767 android.inputmethodservice.InputMethodService.removeImeSurface:1290 android.inputmethodservice.InputMethodService.scheduleImeSurfaceRemoval:1279 android.inputmethodservice.InputMethodService.-$$Nest$mscheduleImeSurfaceRemoval:0
09-25 13:19:27.387   586   586 I MSHandlerLifeCycle: removeMultiSplitHandler: no exist. decor=DecorView@3ddf8c7[InputMethod]
09-25 13:19:27.387  1809  1855 I HYPER-HAL: [RequestManager.cpp]acquire(): Acquired ID : 4887519  [3108 / 18]    HINT : AMS_ACT_START    list :
09-25 13:19:27.387  1914  3199 I SurfaceFlinger: id=162400 createSurf, flag=80004, ActivityRecord{98fd660 u0 com.example.dogglers/androidx.test.core.app.InstrumentationActivityInvoker$EmptyActivity} t7116}#162400
09-25 13:19:27.389  1914  1914 I Layer   : id=162383 removedFromDrawingState Surface(name=6a358c3 InputMethod)/@0x1a6cc79 - animation-leash of insets_animation#162383 (343)
09-25 13:19:27.389  1914  1914 I SurfaceFlinger: id=162383 Removed Surface(name=6a358c3 InputMethod)/@0x1a6cc79 - animation-leash of insets_animation#162383 (343)
09-25 13:19:27.389  1914  1914 I Layer   : id=162383 Destroyed Surface(name=6a358c3 InputMethod)/@0x1a6cc79 - animation-leash of insets_animation#162383
09-25 13:19:27.390  4768  4861 I ViewRootImpl@282491d[dogglers]: mWNT: t=0xb400007732113a00 mBlastBufferQueue=0xb400007705019c80 fn= 3 caller= android.view.SyncRtSurfaceTransactionApplier.applyTransaction:96 android.view.SyncRtSurfaceTransactionApplier.lambda$scheduleApply$0$android-view-SyncRtSurfaceTransactionApplier:69 android.view.SyncRtSurfaceTransactionApplier$$ExternalSyntheticLambda0.onFrameDraw:4
09-25 13:19:27.395  1914  3199 I SurfaceFlinger: id=162401 createSurf, flag=80000, 7615a63 ActivityRecordInputSink com.example.dogglers/androidx.test.core.app.InstrumentationActivityInvoker$EmptyActivity#162401
09-25 13:19:27.398  3108  3230 D PersonaActivityHelper: Activity not in resumed state, do not run immediate lock
09-25 13:19:27.398  4768  4860 I ViewRootImpl@282491d[dogglers]: mWNT: t=0xb400007732111200 mBlastBufferQueue=0xb400007705019c80 fn= 4 caller= android.view.SyncRtSurfaceTransactionApplier.applyTransaction:96 android.view.SyncRtSurfaceTransactionApplier.lambda$scheduleApply$0$android-view-SyncRtSurfaceTransactionApplier:69 android.view.SyncRtSurfaceTransactionApplier$$ExternalSyntheticLambda0.onFrameDraw:4
09-25 13:19:27.399  5639  5639 D LifecycleMonitor: Lifecycle status change: com.example.dogglers.HorizontalListActivity@da38e22 in: PAUSED
09-25 13:19:27.399  5759  5759 E pageboostd: Received HALT command code 2
09-25 13:19:27.399  5639  5639 V ActivityScenario: Update currentActivityStage to PAUSED, currentActivity=com.example.dogglers.HorizontalListActivity@da38e22
09-25 13:19:27.401  3108  4606 D InputDispatcher: Focused application(0): ActivityRecord{98fd660 u0 com.example.dogglers/androidx.test.core.app.InstrumentationActivityInvoker$EmptyActivity} t7116}
09-25 13:19:27.401  3108 29076 D RemoteAppTaskWatcher:  ****** RemoteAppTaskWatcher: Message Received 5 Task ID = 0
09-25 13:19:27.404  3108  3230 I SemPersonaManager: SecureFolder personaId = 150
09-25 13:19:27.404  5639  5639 D LifecycleMonitor: Lifecycle status change: androidx.test.core.app.InstrumentationActivityInvoker$EmptyActivity@ba745de in: PRE_ON_CREATE
09-25 13:19:27.404  5639  5639 V ActivityScenario: Activity lifecycle changed event received but ignored because the intent does not match. startActivityIntent=Intent { act=android.intent.action.MAIN cat=[android.intent.category.LAUNCHER] cmp=com.example.dogglers/.HorizontalListActivity }, activity.getIntent()=Intent { act=android.intent.action.MAIN cat=[android.intent.category.LAUNCHER] flg=0x10000000 cmp=com.example.dogglers/androidx.test.core.app.InstrumentationActivityInvoker$EmptyActivity }, activity=androidx.test.core.app.InstrumentationActivityInvoker$EmptyActivity@ba745de
09-25 13:19:27.405  1914  1914 I SurfaceFlinger: [68a6bd7 com.example.dogglers/com.example.dogglers.HorizontalListActivity#162394] FrameRatePriority: -1
09-25 13:19:27.408  4768  4861 I ViewRootImpl@282491d[dogglers]: mWNT: t=0xb400007732113d00 mBlastBufferQueue=0xb400007705019c80 fn= 5 caller= android.view.SyncRtSurfaceTransactionApplier.applyTransaction:96 android.view.SyncRtSurfaceTransactionApplier.lambda$scheduleApply$0$android-view-SyncRtSurfaceTransactionApplier:69 android.view.SyncRtSurfaceTransactionApplier$$ExternalSyntheticLambda0.onFrameDraw:4
09-25 13:19:27.409 15715 15751 I WindowsLink: (TaskInfoManager) +++++++++++onRecentTaskStackUpdated
09-25 13:19:27.410  5639  5639 I DecorView: [INFO] isPopOver=false config=true
09-25 13:19:27.410  5639  5639 I DecorView: updateCaptionType: isFloating=false isApplication=true hasWindowDecorCaption=false this=DecorView@8fd95d5[]
09-25 13:19:27.410  5639  5639 D DecorView: setCaptionType = 0, this = DecorView@8fd95d5[]
09-25 13:19:27.411  5639  5639 I DecorView: getCurrentDensityDpi: from real metrics. densityDpi=560 msg=resources_loaded
09-25 13:19:27.411  5639  5639 I DecorView: setWindowBackground: isPopOver=false color=ff010101 d=android.graphics.drawable.StateListDrawable@f5de1ea
09-25 13:19:27.411  5639  5639 D LifecycleMonitor: Lifecycle status change: androidx.test.core.app.InstrumentationActivityInvoker$EmptyActivity@ba745de in: CREATED
09-25 13:19:27.411  5639  5639 V ActivityScenario: Activity lifecycle changed event received but ignored because the intent does not match. startActivityIntent=Intent { act=android.intent.action.MAIN cat=[android.intent.category.LAUNCHER] cmp=com.example.dogglers/.HorizontalListActivity }, activity.getIntent()=Intent { act=android.intent.action.MAIN cat=[android.intent.category.LAUNCHER] flg=0x10000000 cmp=com.example.dogglers/androidx.test.core.app.InstrumentationActivityInvoker$EmptyActivity }, activity=androidx.test.core.app.InstrumentationActivityInvoker$EmptyActivity@ba745de
09-25 13:19:27.411  3108  3230 D EnterpriseDeviceManagerService: isMdmAdminPresentInternal() : MDM Admin Found - com.samsung.knox.securefolder
09-25 13:19:27.411  5639  5639 D LifecycleMonitor: Lifecycle status change: androidx.test.core.app.InstrumentationActivityInvoker$EmptyActivity@ba745de in: STARTED
09-25 13:19:27.411  5639  5639 V ActivityScenario: Activity lifecycle changed event received but ignored because the intent does not match. startActivityIntent=Intent { act=android.intent.action.MAIN cat=[android.intent.category.LAUNCHER] cmp=com.example.dogglers/.HorizontalListActivity }, activity.getIntent()=Intent { act=android.intent.action.MAIN cat=[android.intent.category.LAUNCHER] flg=0x10000000 cmp=com.example.dogglers/androidx.test.core.app.InstrumentationActivityInvoker$EmptyActivity }, activity=androidx.test.core.app.InstrumentationActivityInvoker$EmptyActivity@ba745de
09-25 13:19:27.412  5639  5639 D LifecycleMonitor: Lifecycle status change: androidx.test.core.app.InstrumentationActivityInvoker$EmptyActivity@ba745de in: RESUMED
09-25 13:19:27.412  5639  5639 V ActivityScenario: Activity lifecycle changed event received but ignored because the intent does not match. startActivityIntent=Intent { act=android.intent.action.MAIN cat=[android.intent.category.LAUNCHER] cmp=com.example.dogglers/.HorizontalListActivity }, activity.getIntent()=Intent { act=android.intent.action.MAIN cat=[android.intent.category.LAUNCHER] flg=0x10000000 cmp=com.example.dogglers/androidx.test.core.app.InstrumentationActivityInvoker$EmptyActivity }, activity=androidx.test.core.app.InstrumentationActivityInvoker$EmptyActivity@ba745de
09-25 13:19:27.412  5639  5639 I MSHandlerLifeCycle: check: return. pkg=com.example.dogglers parent=null callers=com.android.internal.policy.DecorView.setVisibility:4412 android.app.ActivityThread.handleResumeActivity:5476 android.app.servertransaction.ResumeActivityItem.execute:54 android.app.servertransaction.ActivityTransactionItem.execute:45 android.app.servertransaction.TransactionExecutor.executeLifecycleState:176
09-25 13:19:27.412  5639  5639 I MSHandlerLifeCycle: removeMultiSplitHandler: no exist. decor=DecorView@8fd95d5[]
09-25 13:19:27.413  8423  8423 I ActivityUtils: HomePackage : com.sec.android.app.launcher, resumePackageName : com.example.dogglers
09-25 13:19:27.413  5639  5729 D NativeCustomFrequencyManager: [NativeCFMS] BpCustomFrequencyManager::BpCustomFrequencyManager()
09-25 13:19:27.414  4768  4860 I ViewRootImpl@282491d[dogglers]: mWNT: t=0xb40000773212b000 mBlastBufferQueue=0xb400007705019c80 fn= 6 caller= android.view.SyncRtSurfaceTransactionApplier.applyTransaction:96 android.view.SyncRtSurfaceTransactionApplier.lambda$scheduleApply$0$android-view-SyncRtSurfaceTransactionApplier:69 android.view.SyncRtSurfaceTransactionApplier$$ExternalSyntheticLambda0.onFrameDraw:4
09-25 13:19:27.414  1914  1914 D SurfaceFlinger: GPIS:: requestGPIS
09-25 13:19:27.416  3108  6142 I MediaSessionMonitor: Media session stopped : controllerList empty
09-25 13:19:27.416  3108  6456 D InputDispatcher: Focus request (0): <null> but waiting because NOT_FOCUSABLE
09-25 13:19:27.416  3108  6474 D InputTransport: Input channel constructed: '14610af', fd=1285
09-25 13:19:27.417  3108  6456 D InputDispatcher: Focus left window (0): 68a6bd7 com.example.dogglers/com.example.dogglers.HorizontalListActivity
09-25 13:19:27.417  3108  6474 D InputTransport: Input channel constructed: '14610af', fd=1286
09-25 13:19:27.417  3108  6474 D InputTransport: Input channel constructed: '14610af', fd=1289
09-25 13:19:27.417  1914  3193 I SurfaceFlinger: id=162402 createSurf, flag=80004, 14610af com.example.dogglers/androidx.test.core.app.InstrumentationActivityInvoker$EmptyActivity#162402
09-25 13:19:27.419  3108  6474 D InputTransport: Input channel destroyed: '14610af', fd=1289
09-25 13:19:27.420  5639  5639 D InsetsController: onStateChanged: InsetsState: {mDisplayFrame=Rect(0, 0 - 1440, 3088), mDisplayCutout=DisplayCutout{insets=Rect(0, 100 - 0, 0) waterfall=Insets{left=0, top=0, right=0, bottom=0} boundingRect={Bounds=[Rect(0, 0 - 0, 0), Rect(685, 0 - 756, 100), Rect(0, 0 - 0, 0), Rect(0, 0 - 0, 0)]} cutoutPathParserInfo={CutoutPathParserInfo{displayWidth=1440 displayHeight=3088 physicalDisplayWidth=1440 physicalDisplayHeight=3088 density={3.75} cutoutSpec={M 0,0 H -9.466666666666667 V 26.66666666666667‬ H 9.466666666666667 V 0 H 0 Z @dp} rotation={0} scale={1.0} physicalPixelDisplaySizeRatio={1.0}}}}, mRoundedCorners=RoundedCorners{[RoundedCorner{position=TopLeft, radius=14, center=Point(14, 14)}, RoundedCorner{position=TopRight, radius=14, center=Point(1426, 14)}, RoundedCorner{position=BottomRight, radius=14, center=Point(1426, 3074)}, RoundedCorner{position=BottomLeft, radius=14, center=Point(14, 3074)}]}  mRoundedCornerFrame=Rect(0, 0 - 1440, 3088), mPrivacyIndicatorBounds=PrivacyIndicatorBounds {static bounds=Rect(1286, 0 - 1440, 100) rotation=0}, mSources= { InsetsSource: {mType=ITYPE_STATUS_BAR, mFrame=[0,0][1440,100], mVisible=true, mInsetsRoundedCornerFrame=false}, InsetsSource: {mType=ITYPE_NAVIGATION_BAR, mFrame=[0,3088][1440,3088], mVisible=true, mInsetsRoundedCornerFrame=false}, InsetsSource: {mType=ITYPE_LEFT_GESTURES, mFrame=[0,0][0,3088], mVisible=true, mInsetsRoundedCornerFrame=false}, InsetsSource: {mType=ITYPE_RIGHT_GESTURES, mFrame=[1440,0][1440,3088], mVisible=true, mInsetsRoundedCornerFrame=false}, InsetsSource: {mType=ITYPE_TOP_MANDATORY_GESTURES, mFrame=[0,0][1440,142], mVisible=true, mInsetsRoundedCornerFrame=false}, InsetsSource: {mType=ITYPE_BOTTOM_MANDATORY_GESTURES, mFrame=[0,3018][1440,3088], mVisible=true, mInsetsRoundedCornerFrame=false}, InsetsSource: {mType=ITYPE_LEFT_DISPLAY_CUTOUT, mFrame=[0,0][-100000,3088], mVisible=true, mInsetsRoundedCornerFrame=false}, InsetsSource: {mType=ITYPE_TOP_DISPLAY_CUTOUT, mFrame=[0,0][1440,100], mVisible=true, mInsetsRoundedCornerFrame=false}, InsetsSource: {mType=ITYPE_RIGHT_DISPLAY_CUTOUT, mFrame=[100000,0][1440,3088], mVisible=true, mInsetsRoundedCornerFrame=false}, InsetsSource: {mType=ITYPE_BOTTOM_DISPLAY_CUTOUT, mFrame=[0,100000][1440,3088], mVisible=true, mInsetsRoundedCornerFrame=false}, InsetsSource: {mType=ITYPE_TOP_TAPPABLE_ELEMENT, mFrame=[0,0][1440,100], mVisible=true, mInsetsRoundedCornerFrame=false}, InsetsSource: {mType=ITYPE_BOTTOM_TAPPABLE_ELEMENT, mFrame=[0,0][0,0], mVisible=true, mInsetsRoundedCornerFrame=false} } host=com.example.dogglers/androidx.test.core.app.InstrumentationActivityInvoker$EmptyActivity from=android.view.ViewRootImpl.setView:1732
09-25 13:19:27.422  5639  5639 I ViewRootImpl@5588378[InstrumentationActivityInvoker$EmptyActivity]: setView = com.android.internal.policy.DecorView@8fd95d5 TM=true
09-25 13:19:27.422  4768  4861 I ViewRootImpl@282491d[dogglers]: mWNT: t=0xb40000773212bb00 mBlastBufferQueue=0xb400007705019c80 fn= 7 caller= android.view.SyncRtSurfaceTransactionApplier.applyTransaction:96 android.view.SyncRtSurfaceTransactionApplier.lambda$scheduleApply$0$android-view-SyncRtSurfaceTransactionApplier:69 android.view.SyncRtSurfaceTransactionApplier$$ExternalSyntheticLambda0.onFrameDraw:4
09-25 13:19:27.422  5639  5639 I MSHandlerLifeCycle: removeMultiSplitHandler: no exist. decor=DecorView@8fd95d5[InstrumentationActivityInvoker$EmptyActivity]
09-25 13:19:27.423  3108  3338 D AnalyticsContainerHandler: handleMessage : { when=0 what=1 target=com.android.server.knox.KnoxAnalyticsContainer$AnalyticsHandler }
09-25 13:19:27.424  5639  5639 I ViewRootImpl@5588378[InstrumentationActivityInvoker$EmptyActivity]: performTraversals params={(0,0)(fillxfill) sim={adjust=pan forwardNavigation} ty=BASE_APPLICATION wanim=0x1030001
09-25 13:19:27.424  5639  5639 I ViewRootImpl@5588378[InstrumentationActivityInvoker$EmptyActivity]:   fl=1810100
09-25 13:19:27.424  5639  5639 I ViewRootImpl@5588378[InstrumentationActivityInvoker$EmptyActivity]:   pfl=12020040
09-25 13:19:27.424  5639  5639 I ViewRootImpl@5588378[InstrumentationActivityInvoker$EmptyActivity]:   bhv=DEFAULT
09-25 13:19:27.424  5639  5639 I ViewRootImpl@5588378[InstrumentationActivityInvoker$EmptyActivity]:   fitSides= naviIconColor=0}
09-25 13:19:27.425  5639  5639 I ViewRootImpl@5588378[InstrumentationActivityInvoker$EmptyActivity]: performTraversals mFirst=true windowShouldResize=true viewVisibilityChanged=false mForceNextWindowRelayout=false params={(0,0)(fillxfill) sim={adjust=pan forwardNavigation} ty=BASE_APPLICATION wanim=0x1030001
09-25 13:19:27.425  5639  5639 I ViewRootImpl@5588378[InstrumentationActivityInvoker$EmptyActivity]:   fl=1810100
09-25 13:19:27.425  5639  5639 I ViewRootImpl@5588378[InstrumentationActivityInvoker$EmptyActivity]:   pfl=12020040
09-25 13:19:27.425  5639  5639 I ViewRootImpl@5588378[InstrumentationActivityInvoker$EmptyActivity]:   bhv=DEFAULT
09-25 13:19:27.425  5639  5639 I ViewRootImpl@5588378[InstrumentationActivityInvoker$EmptyActivity]:   fitSides= naviIconColor=0}
09-25 13:19:27.425  3108  6456 V WindowManager: Relayout Window{14610af u0 com.example.dogglers/androidx.test.core.app.InstrumentationActivityInvoker$EmptyActivity}: viewVisibility=0 req=1440x3088 d0
09-25 13:19:27.425  1914  3199 I SurfaceFlinger: id=162403 createSurf, flag=40004, com.example.dogglers/androidx.test.core.app.InstrumentationActivityInvoker$EmptyActivity$_5639#162403
09-25 13:19:27.429  1914  3199 I SurfaceFlinger: id=162404 createSurf, flag=24000, Surface(name=4eb27f5 StatusBar)/@0x43fa543 - animation-leash of insets_animation#162404
09-25 13:19:27.431  1914  2139 I SurfaceFlinger: id=162405 createSurf, flag=24000, Surface(name=d110b4c NavigationBar0)/@0x8bdb781 - animation-leash of insets_animation#162405
09-25 13:19:27.431  4768  4851 D OpenGLRenderer: setSurface called with nullptr
09-25 13:19:27.431  4768  4851 D OpenGLRenderer: setSurface() destroyed EGLSurface
09-25 13:19:27.431  4768  4851 D OpenGLRenderer: destroyEglSurface
09-25 13:19:27.432  2229  8738 I CameraService: onUidStateChanged: uid=10042, procState is changed. (1 -> 0)
09-25 13:19:27.433  3108  6456 V WindowManager: Relayout hash=14610af, pid=5639, syncId=-1: mAttrs={(0,0)(fillxfill) sim={adjust=pan forwardNavigation} ty=BASE_APPLICATION wanim=0x1030001
09-25 13:19:27.433  3108  6456 V WindowManager:   fl=1810100
09-25 13:19:27.433  3108  6456 V WindowManager:   pfl=12020040
09-25 13:19:27.433  3108  6456 V WindowManager:   bhv=DEFAULT
09-25 13:19:27.433  3108  6456 V WindowManager:   fitSides= naviIconColor=0}
09-25 13:19:27.433  4768  4843 I ViewRootImpl@282491d[dogglers]: performTraversals params={(0,0)(fillxfill) sim={adjust=pan} ty=APPLICATION_STARTING fmt=TRANSLUCENT wanim=0x1030001 alpha=0.0
09-25 13:19:27.433  4768  4843 I ViewRootImpl@282491d[dogglers]:   fl=81030118
09-25 13:19:27.433  4768  4843 I ViewRootImpl@282491d[dogglers]:   pfl=16000010
09-25 13:19:27.433  4768  4843 I ViewRootImpl@282491d[dogglers]:   bhv=DEFAULT
09-25 13:19:27.433  4768  4843 I ViewRootImpl@282491d[dogglers]:   fitSides= naviIconColor=0}
09-25 13:19:27.433  4768  4843 I ViewRootImpl@282491d[dogglers]: performTraversals mFirst=false windowShouldResize=false viewVisibilityChanged=true mForceNextWindowRelayout=false params={(0,0)(fillxfill) sim={adjust=pan} ty=APPLICATION_STARTING fmt=TRANSLUCENT wanim=0x1030001 alpha=0.0
09-25 13:19:27.433  4768  4843 I ViewRootImpl@282491d[dogglers]:   fl=81030118
09-25 13:19:27.433  4768  4843 I ViewRootImpl@282491d[dogglers]:   pfl=16000010
09-25 13:19:27.433  4768  4843 I ViewRootImpl@282491d[dogglers]:   bhv=DEFAULT
09-25 13:19:27.433  4768  4843 I ViewRootImpl@282491d[dogglers]:   fitSides= naviIconColor=0}
09-25 13:19:27.434  5639  5639 D InsetsController: onStateChanged: InsetsState: {mDisplayFrame=Rect(0, 0 - 1440, 3088), mDisplayCutout=DisplayCutout{insets=Rect(0, 100 - 0, 0) waterfall=Insets{left=0, top=0, right=0, bottom=0} boundingRect={Bounds=[Rect(0, 0 - 0, 0), Rect(685, 0 - 756, 100), Rect(0, 0 - 0, 0), Rect(0, 0 - 0, 0)]} cutoutPathParserInfo={CutoutPathParserInfo{displayWidth=1440 displayHeight=3088 physicalDisplayWidth=1440 physicalDisplayHeight=3088 density={3.75} cutoutSpec={M 0,0 H -9.466666666666667 V 26.66666666666667‬ H 9.466666666666667 V 0 H 0 Z @dp} rotation={0} scale={1.0} physicalPixelDisplaySizeRatio={1.0}}}}, mRoundedCorners=RoundedCorners{[RoundedCorner{position=TopLeft, radius=14, center=Point(14, 14)}, RoundedCorner{position=TopRight, radius=14, center=Point(1426, 14)}, RoundedCorner{position=BottomRight, radius=14, center=Point(1426, 3074)}, RoundedCorner{position=BottomLeft, radius=14, center=Point(14, 3074)}]}  mRoundedCornerFrame=Rect(0, 0 - 1440, 3088), mPrivacyIndicatorBounds=PrivacyIndicatorBounds {static bounds=Rect(1286, 0 - 1440, 100) rotation=0}, mSources= { InsetsSource: {mType=ITYPE_STATUS_BAR, mFrame=[0,0][1440,100], mVisible=true, mInsetsRoundedCornerFrame=false}, InsetsSource: {mType=ITYPE_NAVIGATION_BAR, mFrame=[0,3088][1440,3088], mVisible=true, mInsetsRoundedCornerFrame=false}, InsetsSource: {mType=ITYPE_LEFT_GESTURES, mFrame=[0,0][0,3088], mVisible=true, mInsetsRoundedCornerFrame=false}, InsetsSource: {mType=ITYPE_RIGHT_GESTURES, mFrame=[1440,0][1440,3088], mVisible=true, mInsetsRoundedCornerFrame=false}, InsetsSource: {mType=ITYPE_TOP_MANDATORY_GESTURES, mFrame=[0,0][1440,142], mVisible=true, mInsetsRoundedCornerFrame=false}, InsetsSource: {mType=ITYPE_BOTTOM_MANDATORY_GESTURES, mFrame=[0,3018][1440,3088], mVisible=true, mInsetsRoundedCornerFrame=false}, InsetsSource: {mType=ITYPE_LEFT_DISPLAY_CUTOUT, mFrame=[0,0][-100000,3088], mVisible=true, mInsetsRoundedCornerFrame=false}, InsetsSource: {mType=ITYPE_TOP_DISPLAY_CUTOUT, mFrame=[0,0][1440,100], mVisible=true, mInsetsRoundedCornerFrame=false}, InsetsSource: {mType=ITYPE_RIGHT_DISPLAY_CUTOUT, mFrame=[100000,0][1440,3088], mVisible=true, mInsetsRoundedCornerFrame=false}, InsetsSource: {mType=ITYPE_BOTTOM_DISPLAY_CUTOUT, mFrame=[0,100000][1440,3088], mVisible=true, mInsetsRoundedCornerFrame=false}, InsetsSource: {mType=ITYPE_TOP_TAPPABLE_ELEMENT, mFrame=[0,0][1440,100], mVisible=true, mInsetsRoundedCornerFrame=false}, InsetsSource: {mType=ITYPE_BOTTOM_TAPPABLE_ELEMENT, mFrame=[0,0][0,0], mVisible=true, mInsetsRoundedCornerFrame=false}, InsetsSource: {mType=ITYPE_IME, mFrame=[0,0][0,0], mVisibleFrame=[0,3088][1440,3088], mVisible=false, mInsetsRoundedCornerFrame=false} } host=com.example.dogglers/androidx.test.core.app.InstrumentationActivityInvoker$EmptyActivity from=android.view.ViewRootImpl.relayoutWindow:9802
09-25 13:19:27.434  5639  5639 I ViewRootImpl@5588378[InstrumentationActivityInvoker$EmptyActivity]: updateBlastSurfaceIfNeeded mBlastBufferQueue=null isSameSurfaceControl=false
09-25 13:19:27.434  3108  5411 V WindowManager: Relayout Window{6f9fce0 u0 Splash Screen com.example.dogglers}: viewVisibility=8 req=1440x3088 d0
09-25 13:19:27.434  5639  5639 I BLASTBufferQueue: new BLASTBufferQueue, mName= ViewRootImpl@5588378[InstrumentationActivityInvoker$EmptyActivity] mNativeObject= 0xb4000077a1042300 sc.mNativeObject= 0xb4000077b1d38820 caller= android.view.ViewRootImpl.updateBlastSurfaceIfNeeded:2909 android.view.ViewRootImpl.relayoutWindow:9847 android.view.ViewRootImpl.performTraversals:3884 android.view.ViewRootImpl.doTraversal:3116 android.view.ViewRootImpl$TraversalRunnable.run:10885 android.view.Choreographer$CallbackRecord.run:1301 android.view.Choreographer$CallbackRecord.run:1309 android.view.Choreographer.doCallbacks:923 android.view.Choreographer.doFrame:852 android.view.Choreographer$FrameDisplayEventReceiver.run:1283
09-25 13:19:27.435  5639  5639 I BLASTBufferQueue: update, w= 1440 h= 3088 mName = ViewRootImpl@5588378[InstrumentationActivityInvoker$EmptyActivity] mNativeObject= 0xb4000077a1042300 sc.mNativeObject= 0xb4000077b1d38820 format= -1 caller= android.graphics.BLASTBufferQueue.<init>:84 android.view.ViewRootImpl.updateBlastSurfaceIfNeeded:2909 android.view.ViewRootImpl.relayoutWindow:9847 android.view.ViewRootImpl.performTraversals:3884 android.view.ViewRootImpl.doTraversal:3116 android.view.ViewRootImpl$TraversalRunnable.run:10885
09-25 13:19:27.435  5639  5639 I ViewRootImpl@5588378[InstrumentationActivityInvoker$EmptyActivity]: Relayout returned: old=(0,0,1440,3088) new=(0,0,1440,3088) req=(1440,3088)0 dur=9 res=0x3 s={true 0xb4000077b1ccc000} ch=true seqId=0
09-25 13:19:27.435  5639  5639 I ViewRootImpl@5588378[InstrumentationActivityInvoker$EmptyActivity]: performConfigurationChange setNightDimText nightDimLevel=0
09-25 13:19:27.435  5639  5639 I ViewRootImpl@5588378[InstrumentationActivityInvoker$EmptyActivity]: mThreadedRenderer.initialize() mSurface={isValid=true 0xb4000077b1ccc000} hwInitialized=true
09-25 13:19:27.435  5639  5729 D OpenGLRenderer: eglCreateWindowSurface
09-25 13:19:27.436  3108  5411 V WindowManager: Relayout hash=6f9fce0, pid=4768, syncId=-1: mAttrs={(0,0)(fillxfill) sim={adjust=pan} ty=APPLICATION_STARTING fmt=TRANSLUCENT wanim=0x1030001 alpha=0.0
09-25 13:19:27.436  3108  5411 V WindowManager:   fl=81030118
09-25 13:19:27.436  3108  5411 V WindowManager:   pfl=16000010
09-25 13:19:27.436  3108  5411 V WindowManager:   bhv=DEFAULT
09-25 13:19:27.436  3108  5411 V WindowManager:   fitSides= naviIconColor=0}
09-25 13:19:27.436  5639  5639 I ViewRootImpl@5588378[InstrumentationActivityInvoker$EmptyActivity]: reportNextDraw android.view.ViewRootImpl.performTraversals:4438 android.view.ViewRootImpl.doTraversal:3116 android.view.ViewRootImpl$TraversalRunnable.run:10885 android.view.Choreographer$CallbackRecord.run:1301 android.view.Choreographer$CallbackRecord.run:1309
09-25 13:19:27.436  5639  5639 I ViewRootImpl@5588378[InstrumentationActivityInvoker$EmptyActivity]: Setup new sync id=0
09-25 13:19:27.436  5639  5639 I ViewRootImpl@5588378[InstrumentationActivityInvoker$EmptyActivity]: Setting syncFrameCallback
09-25 13:19:27.436  5639  5639 I ViewRootImpl@5588378[InstrumentationActivityInvoker$EmptyActivity]: registerCallbacksForSync syncBuffer=false
09-25 13:19:27.437  4768  4843 I ViewRootImpl@282491d[dogglers]: Relayout returned: old=(0,0,1440,3088) new=(0,0,1440,3088) req=(1440,3088)8 dur=3 res=0x2 s={false 0x0} ch=true seqId=0
09-25 13:19:27.437  5639  5771 I ViewRootImpl@5588378[InstrumentationActivityInvoker$EmptyActivity]: Received frameDrawingCallback syncResult=0 frameNum=1.
09-25 13:19:27.437  5639  5771 I ViewRootImpl@5588378[InstrumentationActivityInvoker$EmptyActivity]: Setting up sync and frameCommitCallback
09-25 13:19:27.437  4768  4843 I ViewRootImpl@282491d[dogglers]: dispatchDetachedFromWindow
09-25 13:19:27.438  3108  5411 D InputTransport: Input channel destroyed: '6f9fce0', fd=1058
09-25 13:19:27.438  3108  5411 W InputManager-JNI: Input channel object '6f9fce0 Splash Screen com.example.dogglers (client)' was disposed without first being removed with the input manager!
09-25 13:19:27.438  3108  5411 D InputTransport: Input channel destroyed: '6f9fce0', fd=1065
09-25 13:19:27.438  5639  5729 I BLASTBufferQueue: [ViewRootImpl@5588378[InstrumentationActivityInvoker$EmptyActivity]#37](f:0,a:0) onFrameAvailable the first frame is available
09-25 13:19:27.438  5639  5729 I ViewRootImpl@5588378[InstrumentationActivityInvoker$EmptyActivity]: Received frameCommittedCallback lastAttemptedDrawFrameNum=1 didProduceBuffer=true
09-25 13:19:27.438  5639  5729 D OpenGLRenderer: CFMS:: SetUp Pid : 5639    Tid : 5729
09-25 13:19:27.439  1914  1914 I Layer   : id=162396 removedFromDrawingState Surface(name=4eb27f5 StatusBar)/@0x43fa543 - animation-leash of insets_animation#162396 (347)
09-25 13:19:27.439  1914  1914 I Layer   : id=162397 removedFromDrawingState Surface(name=d110b4c NavigationBar0)/@0x8bdb781 - animation-leash of insets_animation#162397 (347)
09-25 13:19:27.439  1914  1914 I SurfaceFlinger: [14610af com.example.dogglers/androidx.test.core.app.InstrumentationActivityInvoker$EmptyActivity#162402] FrameRatePriority: 1
09-25 13:19:27.442  5639  5639 I ViewRootImpl@5588378[InstrumentationActivityInvoker$EmptyActivity]: onSyncComplete
09-25 13:19:27.442  3108  6456 D InputDispatcher: Focus request (0): 14610af com.example.dogglers/androidx.test.core.app.InstrumentationActivityInvoker$EmptyActivity but waiting because NO_WINDOW
09-25 13:19:27.442  5639  5639 I ViewRootImpl@5588378[InstrumentationActivityInvoker$EmptyActivity]: setupSync seqId=0 mSyncId=0 fn=1 caller=android.view.ViewRootImpl$$ExternalSyntheticLambda11.accept:6 android.window.SurfaceSyncer.lambda$setupSync$1$android-window-SurfaceSyncer:128 android.window.SurfaceSyncer$$ExternalSyntheticLambda1.accept:8 android.window.SurfaceSyncer$SyncSet.checkIfSyncIsComplete:382 android.window.SurfaceSyncer$SyncSet.markSyncReady:359 android.window.SurfaceSyncer.markSyncReady:151 android.view.ViewRootImpl.performTraversals:4503
09-25 13:19:27.443  5639  5639 I ViewRootImpl@5588378[InstrumentationActivityInvoker$EmptyActivity]: reportDrawFinished seqId=0 mSyncId=-1 fn=1 mSurfaceChangedTransaction=0xb40000774e1b9600
09-25 13:19:27.443  5639  5639 I ViewRootImpl@f81e8cd[HorizontalListActivity]: MSG_WINDOW_FOCUS_CHANGED 0 0
09-25 13:19:27.443  1914  1914 D SurfaceFlinger: Display 4630947093241269891 HWC layers:
09-25 13:19:27.443  1914  1914 D SurfaceFlinger:      CLIENT | 0xb400007af6c13480 | 0100 | RGBx_8888    |  592.0    0.0 1628.0 2220.0 |    0    0 1440 3088 | Wallpaper BBQ wrapper#90
09-25 13:19:27.443  1914  1914 D SurfaceFlinger:      CLIENT | 0xb400007aeb145f80 | 0100 | RGBA_8888    |    0.0    0.0 1440.0 3088.0 |    0    0 1440 3088 | com.sec.android.app.launcher/com.sec[...]rActivity$_5369#162376 (blurRegions)
09-25 13:19:27.443  1914  1914 D SurfaceFlinger:      DEVICE | 0xb400007af86ec800 | 0102 | RGBA_8888    |    0.0    0.0 1440.0 3088.0 |   36   77 1404 3011 | com.example.dogglers/com.example.dogglers.HorizontalListActivity$_5639#162395
09-25 13:19:27.443  1914  1914 D SurfaceFlinger:      DEVICE | 0xb400007af6c14880 | 0100 | RGBA_8888    |    0.0    0.0 1440.0  100.0 |    0    0 1440  100 | StatusBar$_4768#95
09-25 13:19:27.443  1914  1914 D SurfaceFlinger:      DEVICE | 0xb400007af8705400 | 0100 | RGBA_8888    |    0.0    0.0   67.0  589.0 |    0  562   67 1151 | com.samsung.android.app.cocktailbars[...]vice.CocktailBarService$_8423#156853
09-25 13:19:27.443  1914  1914 D SurfaceFlinger:      DEVICE | 0xb400007af8705500 | 0100 | RGBA_8888    |    0.0    0.0  518.0   48.0 |  922 3040 1440 3088 | SGestureOverlayWindow$_5369#156268
09-25 13:19:27.443  1914  1914 D SurfaceFlinger:      DEVICE | 0x
09-25 13:19:27.443  1914  1914 D SurfaceFlinger: b400007af6c15880 | 0100 | RGBA_8888    |    0.0    0.0 1440.0  168.0 |    0 2920 1440 3088 | NavigationBar0$_4768#92
09-25 13:19:27.443  1914  1914 D SurfaceFlinger:
09-25 13:19:27.444  4768  4843 D InputTransport: Input channel destroyed: '6f9fce0', fd=212
09-25 13:19:27.444  1914  3193 I SurfaceFlinger: id=162397 Removed Surface(name=d110b4c NavigationBar0)/@0x8bdb781 - animation-leash of insets_animation#162397 (347)
09-25 13:19:27.444  1914  3199 I SurfaceFlinger: id=162396 Removed Surface(name=4eb27f5 StatusBar)/@0x43fa543 - animation-leash of insets_animation#162396 (347)
09-25 13:19:27.447  1914  1914 I Layer   : id=162398 removedFromDrawingState Surface(name=68a6bd7 com.example.dogglers/com.example.dogglers.HorizontalListActivity)/@0xa6b543a - animation-leash of starting_reveal#162398 (347)
09-25 13:19:27.447  1914  1914 I Layer   : id=162397 Destroyed Surface(name=d110b4c NavigationBar0)/@0x8bdb781 - animation-leash of insets_animation#162397
09-25 13:19:27.447  1914  1914 I Layer   : id=162396 Destroyed Surface(name=4eb27f5 StatusBar)/@0x43fa543 - animation-leash of insets_animation#162396
09-25 13:19:27.449  3108  3227 I ActivityTaskManager: Displayed com.example.dogglers/androidx.test.core.app.InstrumentationActivityInvoker$EmptyActivity: +62ms
09-25 13:19:27.449  5759  5759 E pageboostd: Received HALT command code 2
09-25 13:19:27.451  3108  6456 I SemDvfsHyPerManager: acquire hyper - AMS_RESUME_TAIL/3108@20, type = -999
09-25 13:19:27.451  3108  6456 I SemDvfsHyPerManager: acquire hyper - AMS_ACT_LAZY/3108@21, type = -999
09-25 13:19:27.451  1809  1855 I HYPER-HAL: [RequestManager.cpp]acquire(): Acquired ID : 4893776  [3108 / 20]    HINT : AMS_RESUME_TAIL    list :
09-25 13:19:27.451  1809  1855 I HYPER-HAL: [RequestManager.cpp]acquire(): Acquired ID : 4896906  [3108 / 21]    HINT : AMS_ACT_LAZY    list :
09-25 13:19:27.453  1809  1855 I HYPER-HAL: [RequestManager.cpp]releaseLocked(): Released ID : 4887519
09-25 13:19:27.454  3108  3230 I ChimeraSystemEventListener: appLaunchIntent package name is: com.example.dogglers
09-25 13:19:27.454  3108  4073 I SemDvfsHyPerManager: acquire hyper - AMS_ACT_START/3108@18, type = -999
09-25 13:19:27.454  1809  1855 I HYPER-HAL: [RequestManager.cpp]acquire(): Acquired ID : 4887519  [3108 / 18]    HINT : AMS_ACT_START    list :
09-25 13:19:27.455  1914  3193 I SurfaceFlinger: id=162406 createSurf, flag=80004, ActivityRecord{74f893e u0 com.example.dogglers/androidx.test.core.app.InstrumentationActivityInvoker$EmptyActivity} t7116}#162406
09-25 13:19:27.455  1914  1914 I Layer   : Layer [com.example.dogglers/androidx.test.core.app.InstrumentationActivityInvoker$EmptyActivity$_5639#162403] hidden!! flag(0)
09-25 13:19:27.458  3108  5411 D InputDispatcher: Focus entered window (0): 14610af com.example.dogglers/androidx.test.core.app.InstrumentationActivityInvoker$EmptyActivity
09-25 13:19:27.458  5639  5639 I ViewRootImpl@5588378[InstrumentationActivityInvoker$EmptyActivity]: MSG_WINDOW_FOCUS_CHANGED 1 0
09-25 13:19:27.458  1914  1914 D SurfaceFlinger: Display 4630947093241269891 HWC layers:
09-25 13:19:27.458  1914  1914 D SurfaceFlinger:      CLIENT | 0xb400007af6c13480 | 0100 | RGBx_8888    |  592.0    0.0 1628.0 2220.0 |    0    0 1440 3088 | Wallpaper BBQ wrapper#90
09-25 13:19:27.458  1914  1914 D SurfaceFlinger:      CLIENT | 0xb400007aeb145f80 | 0100 | RGBA_8888    |    0.0    0.0 1440.0 3088.0 |    0    0 1440 3088 | com.sec.android.app.launcher/com.sec[...]rActivity$_5369#162376 (blurRegions)
09-25 13:19:27.458  1914  1914 D SurfaceFlinger:      DEVICE | 0xb400007af6c14d00 | 0102 | RGBA_8888    |    0.0    0.0 1440.0 3088.0 |   29   62 1411 3026 | com.example.dogglers/androidx.test.c[...]tyInvoker$EmptyActivity$_5639#162403
09-25 13:19:27.458  1914  1914 D SurfaceFlinger:      DEVICE | 0xb400007af6c14880 | 0100 | RGBA_8888    |    0.0    0.0 1440.0  100.0 |    0    0 1440  100 | StatusBar$_4768#95
09-25 13:19:27.458  1914  1914 D SurfaceFlinger:      DEVICE | 0xb400007af8705400 | 0100 | RGBA_8888    |    0.0    0.0   67.0  589.0 |    0  562   67 1151 | com.samsung.android.app.cocktailbars[...]vice.CocktailBarService$_8423#156853
09-25 13:19:27.458  1914  1914 D SurfaceFlinger:      DEVICE | 0xb400007af8705500 | 0100 | RGBA_8888    |    0.0    0.0  518.0   48.0 |  922 3040 1440 3088 | SGestureOverlayWindow$_5369#156268
09-25 13:19:27.458  1914  1914 D SurfaceFlinger:      DEVICE | 0x
09-25 13:19:27.458  1914  1914 D SurfaceFlinger: b400007af6c15880 | 0100 | RGBA_8888    |    0.0    0.0 1440.0  168.0 |    0 2920 1440 3088 | NavigationBar0$_4768#92
09-25 13:19:27.458  1914  1914 D SurfaceFlinger:
09-25 13:19:27.458  5639  5639 I ViewRootImpl@5588378[InstrumentationActivityInvoker$EmptyActivity]: mThreadedRenderer.initializeIfNeeded()#2 mSurface={isValid=true 0xb4000077b1ccc000}
09-25 13:19:27.459  5639  5639 D InputMethodManager: startInputInner - Id : 0
09-25 13:19:27.459  5639  5639 I InputMethodManager: startInputInner - mService.startInputOrWindowGainedFocus
09-25 13:19:27.463  1914  2139 I SurfaceFlinger: id=162407 createSurf, flag=80000, 3a2b5f9 ActivityRecordInputSink com.example.dogglers/androidx.test.core.app.InstrumentationActivityInvoker$EmptyActivity#162407
09-25 13:19:27.466  5759  5759 E pageboostd: Received HALT command code 2
09-25 13:19:27.466  3108  3230 D PersonaActivityHelper: Activity not in resumed state, do not run immediate lock
09-25 13:19:27.466  3108  5411 D InputMethodManagerService: DESKTOP MODE! : 2
09-25 13:19:27.466  3108  5411 D InputMethodManagerService: NOT IN KNOX DESKTOP MODE!
09-25 13:19:27.466  3108  5411 V InputMethodManagerService: getDisplayIdOfInputMethodWindowToBeAdded: displayId=0
09-25 13:19:27.467  3108  5411 D InputMethodManagerService: isImeSwitcherDisabledPackage : false
09-25 13:19:27.467  3108  5411 D InputMethodManagerService: checkDisplayOfStartInputAndUpdateKeyboard: displayId=0, mFocusedDisplayId=0
09-25 13:19:27.467  3108  5411 D InputTransport: Input channel constructed: 'ClientS', fd=1058
09-25 13:19:27.467  3108  5411 D InputTransport: Input channel destroyed: 'ClientS', fd=1058
09-25 13:19:27.467  5639  5639 D LifecycleMonitor: Lifecycle status change: androidx.test.core.app.InstrumentationActivityInvoker$EmptyActivity@ba745de in: PAUSED
09-25 13:19:27.467   586   586 I GoogleInputMethodService: GoogleInputMethodService.onFinishInput():3267
09-25 13:19:27.468  5639  5639 V ActivityScenario: Activity lifecycle changed event received but ignored because the intent does not match. startActivityIntent=Intent { act=android.intent.action.MAIN cat=[android.intent.category.LAUNCHER] cmp=com.example.dogglers/.HorizontalListActivity }, activity.getIntent()=Intent { act=android.intent.action.MAIN cat=[android.intent.category.LAUNCHER] flg=0x10000000 cmp=com.example.dogglers/androidx.test.core.app.InstrumentationActivityInvoker$EmptyActivity }, activity=androidx.test.core.app.InstrumentationActivityInvoker$EmptyActivity@ba745de
09-25 13:19:27.468  1914  3199 I SurfaceFlinger: id=162408 createSurf, flag=24004, Surface(name=6a358c3 InputMethod)/@0x1a6cc79 - animation-leash of insets_animation#162408
09-25 13:19:27.468   586   586 I GoogleInputMethodService: GoogleInputMethodService.updateDeviceLockedStatus():2097 repeatCheckTimes = 0, locked = false
09-25 13:19:27.468   586   586 D InputMethodService: checkFocusedDisplay() display Id 0last 0
09-25 13:19:27.469   586   586 I GoogleInputMethodService: GoogleInputMethodService.onStartInput():1889 onStartInput(EditorInfo{EditorInfo{packageName=com.example.dogglers, inputType=0, inputTypeString=NULL, enableLearning=false, autoCorrection=false, autoComplete=false, imeOptions=0, privateImeOptions=null, actionName=UNSPECIFIED, actionLabel=null, initialSelStart=-1, initialSelEnd=-1, initialCapsMode=0, label=null, fieldId=-1, fieldName=null, extras=Bundle[{displayId=0}], hintText=null, hintLocales=[]}}, false)
09-25 13:19:27.469   586   586 I GoogleInputMethodService: GoogleInputMethodService.updateDeviceLockedStatus():2097 repeatCheckTimes = 1, locked = false
09-25 13:19:27.472  1914  1914 I Layer   : id=162399 removedFromDrawingState Surface(name=6a358c3 InputMethod)/@0x1a6cc79 - animation-leash of insets_animation#162399 (348)
09-25 13:19:27.474  3108  6474 D InputDispatcher: Focused application(0): ActivityRecord{74f893e u0 com.example.dogglers/androidx.test.core.app.InstrumentationActivityInvoker$EmptyActivity} t7116}
09-25 13:19:27.475  3108 29076 D RemoteAppTaskWatcher:  ****** RemoteAppTaskWatcher: Message Received 5 Task ID = 0
09-25 13:19:27.476  1914  3199 I SurfaceFlinger: id=162399 Removed Surface(name=6a358c3 InputMethod)/@0x1a6cc79 - animation-leash of insets_animation#162399 (348)
09-25 13:19:27.477  3108  6474 D InputMethodManagerService: isImeSwitcherDisabledPackage : false
09-25 13:19:27.477   586   586 I InputMethodService: removeImeSurface
09-25 13:19:27.477  3108  3230 I SemPersonaManager: SecureFolder personaId = 150
09-25 13:19:27.477   586   586 I MSHandlerLifeCycle: check: return. pkg=com.google.android.inputmethod.latin isActivity=false callers=com.android.internal.policy.DecorView.setVisibility:4412 android.app.Dialog.hide:767 android.inputmethodservice.InputMethodService.removeImeSurface:1290 android.inputmethodservice.InputMethodService.scheduleImeSurfaceRemoval:1279 android.inputmethodservice.InputMethodService.-$$Nest$mscheduleImeSurfaceRemoval:0
09-25 13:19:27.478   586   586 I MSHandlerLifeCycle: removeMultiSplitHandler: no exist. decor=DecorView@3ddf8c7[InputMethod]
09-25 13:19:27.478  5639  5639 D LifecycleMonitor: Lifecycle status change: androidx.test.core.app.InstrumentationActivityInvoker$EmptyActivity@68c82cb in: PRE_ON_CREATE
09-25 13:19:27.478  5639  5639 V ActivityScenario: Activity lifecycle changed event received but ignored because the intent does not match. startActivityIntent=Intent { act=android.intent.action.MAIN cat=[android.intent.category.LAUNCHER] cmp=com.example.dogglers/.HorizontalListActivity }, activity.getIntent()=Intent { act=android.intent.action.MAIN cat=[android.intent.category.LAUNCHER] flg=0x10000000 cmp=com.example.dogglers/androidx.test.core.app.InstrumentationActivityInvoker$EmptyActivity }, activity=androidx.test.core.app.InstrumentationActivityInvoker$EmptyActivity@68c82cb
09-25 13:19:27.478 15715 15751 I WindowsLink: (TaskInfoManager) +++++++++++onRecentTaskStackUpdated
09-25 13:19:27.480  1914  1914 I SurfaceFlinger: [14610af com.example.dogglers/androidx.test.core.app.InstrumentationActivityInvoker$EmptyActivity#162402] FrameRatePriority: -1
09-25 13:19:27.480  1914  1914 I Layer   : id=162399 Destroyed Surface(name=6a358c3 InputMethod)/@0x1a6cc79 - animation-leash of insets_animation#162399
09-25 13:19:27.481  3108  3230 D EnterpriseDeviceManagerService: isMdmAdminPresentInternal() : MDM Admin Found - com.samsung.knox.securefolder
09-25 13:19:27.482  3108  3146 D InputDispatcher: Focus request (0): <null> but waiting because NOT_FOCUSABLE
09-25 13:19:27.482  3108  3146 D InputDispatcher: Focus left window (0): 14610af com.example.dogglers/androidx.test.core.app.InstrumentationActivityInvoker$EmptyActivity
09-25 13:19:27.482  5639  5639 I DecorView: [INFO] isPopOver=false config=true
09-25 13:19:27.482  5639  5639 I DecorView: updateCaptionType: isFloating=false isApplication=true hasWindowDecorCaption=false this=DecorView@588b566[]
09-25 13:19:27.482  5639  5639 D DecorView: setCaptionType = 0, this = DecorView@588b566[]
09-25 13:19:27.483  5639  5639 I DecorView: getCurrentDensityDpi: from real metrics. densityDpi=560 msg=resources_loaded
09-25 13:19:27.483  5639  5639 I DecorView: setWindowBackground: isPopOver=false color=ff010101 d=android.graphics.drawable.StateListDrawable@55e80a7
09-25 13:19:27.483  5639  5639 D LifecycleMonitor: Lifecycle status change: androidx.test.core.app.InstrumentationActivityInvoker$EmptyActivity@68c82cb in: CREATED
09-25 13:19:27.483  5639  5639 V ActivityScenario: Activity lifecycle changed event received but ignored because the intent does not match. startActivityIntent=Intent { act=android.intent.action.MAIN cat=[android.intent.category.LAUNCHER] cmp=com.example.dogglers/.HorizontalListActivity }, activity.getIntent()=Intent { act=android.intent.action.MAIN cat=[android.intent.category.LAUNCHER] flg=0x10000000 cmp=com.example.dogglers/androidx.test.core.app.InstrumentationActivityInvoker$EmptyActivity }, activity=androidx.test.core.app.InstrumentationActivityInvoker$EmptyActivity@68c82cb
09-25 13:19:27.484  8423  8423 I ActivityUtils: HomePackage : com.sec.android.app.launcher, resumePackageName : com.example.dogglers
09-25 13:19:27.484  5639  5639 D LifecycleMonitor: Lifecycle status change: androidx.test.core.app.InstrumentationActivityInvoker$EmptyActivity@68c82cb in: STARTED
09-25 13:19:27.484  5639  5639 V ActivityScenario: Activity lifecycle changed event received but ignored because the intent does not match. startActivityIntent=Intent { act=android.intent.action.MAIN cat=[android.intent.category.LAUNCHER] cmp=com.example.dogglers/.HorizontalListActivity }, activity.getIntent()=Intent { act=android.intent.action.MAIN cat=[android.intent.category.LAUNCHER] flg=0x10000000 cmp=com.example.dogglers/androidx.test.core.app.InstrumentationActivityInvoker$EmptyActivity }, activity=androidx.test.core.app.InstrumentationActivityInvoker$EmptyActivity@68c82cb
09-25 13:19:27.484  3108  6142 I MediaSessionMonitor: Media session stopped : controllerList empty
09-25 13:19:27.485  5639  5639 D LifecycleMonitor: Lifecycle status change: androidx.test.core.app.InstrumentationActivityInvoker$EmptyActivity@68c82cb in: RESUMED
09-25 13:19:27.485  5639  5639 V ActivityScenario: Activity lifecycle changed event received but ignored because the intent does not match. startActivityIntent=Intent { act=android.intent.action.MAIN cat=[android.intent.category.LAUNCHER] cmp=com.example.dogglers/.HorizontalListActivity }, activity.getIntent()=Intent { act=android.intent.action.MAIN cat=[android.intent.category.LAUNCHER] flg=0x10000000 cmp=com.example.dogglers/androidx.test.core.app.InstrumentationActivityInvoker$EmptyActivity }, activity=androidx.test.core.app.InstrumentationActivityInvoker$EmptyActivity@68c82cb
09-25 13:19:27.486  5639  5639 I MSHandlerLifeCycle: check: return. pkg=com.example.dogglers parent=null callers=com.android.internal.policy.DecorView.setVisibility:4412 android.app.ActivityThread.handleResumeActivity:5476 android.app.servertransaction.ResumeActivityItem.execute:54 android.app.servertransaction.ActivityTransactionItem.execute:45 android.app.servertransaction.TransactionExecutor.executeLifecycleState:176
09-25 13:19:27.486  5639  5639 I MSHandlerLifeCycle: removeMultiSplitHandler: no exist. decor=DecorView@588b566[]
09-25 13:19:27.487  5639  5729 D NativeCustomFrequencyManager: [NativeCFMS] BpCustomFrequencyManager::BpCustomFrequencyManager()
09-25 13:19:27.487  6586  6586 I SAMSUNGWALLET-USBP: [AlertController] Boarding pass alert is not enabled
09-25 13:19:27.487  6586  6586 I SAMSUNGWALLET-USBP: [AlertController] dismiss alert: NO_ALERT
09-25 13:19:27.489  3108  3146 D InputTransport: Input channel constructed: 'b89bb08', fd=1289
09-25 13:19:27.489  3108  3146 D InputTransport: Input channel constructed: 'b89bb08', fd=1292
09-25 13:19:27.490  3108  3146 D InputTransport: Input channel constructed: 'b89bb08', fd=1293
09-25 13:19:27.490  1914  3199 I SurfaceFlinger: id=162409 createSurf, flag=80004, b89bb08 com.example.dogglers/androidx.test.core.app.InstrumentationActivityInvoker$EmptyActivity#162409
09-25 13:19:27.491  3108  3146 D InputTransport: Input channel destroyed: 'b89bb08', fd=1293
09-25 13:19:27.492  5639  5639 D InsetsController: onStateChanged: InsetsState: {mDisplayFrame=Rect(0, 0 - 1440, 3088), mDisplayCutout=DisplayCutout{insets=Rect(0, 100 - 0, 0) waterfall=Insets{left=0, top=0, right=0, bottom=0} boundingRect={Bounds=[Rect(0, 0 - 0, 0), Rect(685, 0 - 756, 100), Rect(0, 0 - 0, 0), Rect(0, 0 - 0, 0)]} cutoutPathParserInfo={CutoutPathParserInfo{displayWidth=1440 displayHeight=3088 physicalDisplayWidth=1440 physicalDisplayHeight=3088 density={3.75} cutoutSpec={M 0,0 H -9.466666666666667 V 26.66666666666667‬ H 9.466666666666667 V 0 H 0 Z @dp} rotation={0} scale={1.0} physicalPixelDisplaySizeRatio={1.0}}}}, mRoundedCorners=RoundedCorners{[RoundedCorner{position=TopLeft, radius=14, center=Point(14, 14)}, RoundedCorner{position=TopRight, radius=14, center=Point(1426, 14)}, RoundedCorner{position=BottomRight, radius=14, center=Point(1426, 3074)}, RoundedCorner{position=BottomLeft, radius=14, center=Point(14, 3074)}]}  mRoundedCornerFrame=Rect(0, 0 - 1440, 3088), mPrivacyIndicatorBounds=PrivacyIndicatorBounds {static bounds=Rect(1286, 0 - 1440, 100) rotation=0}, mSources= { InsetsSource: {mType=ITYPE_STATUS_BAR, mFrame=[0,0][1440,100], mVisible=true, mInsetsRoundedCornerFrame=false}, InsetsSource: {mType=ITYPE_NAVIGATION_BAR, mFrame=[0,3088][1440,3088], mVisible=true, mInsetsRoundedCornerFrame=false}, InsetsSource: {mType=ITYPE_LEFT_GESTURES, mFrame=[0,0][0,3088], mVisible=true, mInsetsRoundedCornerFrame=false}, InsetsSource: {mType=ITYPE_RIGHT_GESTURES, mFrame=[1440,0][1440,3088], mVisible=true, mInsetsRoundedCornerFrame=false}, InsetsSource: {mType=ITYPE_TOP_MANDATORY_GESTURES, mFrame=[0,0][1440,142], mVisible=true, mInsetsRoundedCornerFrame=false}, InsetsSource: {mType=ITYPE_BOTTOM_MANDATORY_GESTURES, mFrame=[0,3018][1440,3088], mVisible=true, mInsetsRoundedCornerFrame=false}, InsetsSource: {mType=ITYPE_LEFT_DISPLAY_CUTOUT, mFrame=[0,0][-100000,3088], mVisible=true, mInsetsRoundedCornerFrame=false}, InsetsSource: {mType=ITYPE_TOP_DISPLAY_CUTOUT, mFrame=[0,0][1440,100], mVisible=true, mInsetsRoundedCornerFrame=false}, InsetsSource: {mType=ITYPE_RIGHT_DISPLAY_CUTOUT, mFrame=[100000,0][1440,3088], mVisible=true, mInsetsRoundedCornerFrame=false}, InsetsSource: {mType=ITYPE_BOTTOM_DISPLAY_CUTOUT, mFrame=[0,100000][1440,3088], mVisible=true, mInsetsRoundedCornerFrame=false}, InsetsSource: {mType=ITYPE_TOP_TAPPABLE_ELEMENT, mFrame=[0,0][1440,100], mVisible=true, mInsetsRoundedCornerFrame=false}, InsetsSource: {mType=ITYPE_BOTTOM_TAPPABLE_ELEMENT, mFrame=[0,0][0,0], mVisible=true, mInsetsRoundedCornerFrame=false} } host=com.example.dogglers/androidx.test.core.app.InstrumentationActivityInvoker$EmptyActivity from=android.view.ViewRootImpl.setView:1732
09-25 13:19:27.494  5639  5639 I ViewRootImpl@8b150fd[InstrumentationActivityInvoker$EmptyActivity]: setView = com.android.internal.policy.DecorView@588b566 TM=true
09-25 13:19:27.494  5639  5639 I MSHandlerLifeCycle: removeMultiSplitHandler: no exist. decor=DecorView@588b566[InstrumentationActivityInvoker$EmptyActivity]
09-25 13:19:27.494  3108  3338 D AnalyticsContainerHandler: handleMessage : { when=0 what=1 target=com.android.server.knox.KnoxAnalyticsContainer$AnalyticsHandler }
09-25 13:19:27.496  5639  5639 I ViewRootImpl@8b150fd[InstrumentationActivityInvoker$EmptyActivity]: performTraversals params={(0,0)(fillxfill) sim={adjust=pan forwardNavigation} ty=BASE_APPLICATION wanim=0x1030001
09-25 13:19:27.496  5639  5639 I ViewRootImpl@8b150fd[InstrumentationActivityInvoker$EmptyActivity]:   fl=1810100
09-25 13:19:27.496  5639  5639 I ViewRootImpl@8b150fd[InstrumentationActivityInvoker$EmptyActivity]:   pfl=12020040
09-25 13:19:27.496  5639  5639 I ViewRootImpl@8b150fd[InstrumentationActivityInvoker$EmptyActivity]:   bhv=DEFAULT
09-25 13:19:27.496  5639  5639 I ViewRootImpl@8b150fd[InstrumentationActivityInvoker$EmptyActivity]:   fitSides= naviIconColor=0}
09-25 13:19:27.496  5639  5639 I ViewRootImpl@8b150fd[InstrumentationActivityInvoker$EmptyActivity]: performTraversals mFirst=true windowShouldResize=true viewVisibilityChanged=false mForceNextWindowRelayout=false params={(0,0)(fillxfill) sim={adjust=pan forwardNavigation} ty=BASE_APPLICATION wanim=0x1030001
09-25 13:19:27.496  5639  5639 I ViewRootImpl@8b150fd[InstrumentationActivityInvoker$EmptyActivity]:   fl=1810100
09-25 13:19:27.496  5639  5639 I ViewRootImpl@8b150fd[InstrumentationActivityInvoker$EmptyActivity]:   pfl=12020040
09-25 13:19:27.496  5639  5639 I ViewRootImpl@8b150fd[InstrumentationActivityInvoker$EmptyActivity]:   bhv=DEFAULT
