09-25 13:19:23.174  1914  1914 D SurfaceFlinger:      CLIENT | 0xb400007af6c11480 | 0100 | RGBA_8888    |    0.0    0.0 1440.0 3088.0 |    0    0 1440 3088 | com.sec.android.app.launcher/com.sec[...]rActivity$_5369#162113 (blurRegions)
09-25 13:19:23.174  1914  1914 D SurfaceFlinger:      DEVICE | 0xb400007aeb1bfb00 | 0102 | RGBA_8888    |    0.0    0.0 1440.0 3088.0 |   89  191 1351 2897 | com.example.dogglers/com.example.dogglers.GridListActivity$_5639#162205
09-25 13:19:23.174  1914  1914 D SurfaceFlinger:      DEVICE | 0xb400007af86f4f00 | 0100 | RGBA_8888    |    0.0    0.0 1440.0 3088.0 |   89  191 1351 2897 | Splash Screen com.example.dogglers$_4768#162198
09-25 13:19:23.174  1914  1914 D SurfaceFlinger:      DEVICE | 0xb400007af6c14880 | 0100 | RGBA_8888    |    0.0    0.0 1440.0  100.0 |    0    0 1440  100 | StatusBar$_4768#95
09-25 13:19:23.174  1914  1914 D SurfaceFlinger:      DEVICE | 0xb400007af8705400 | 0100 | RGBA_8888    |    0.0    0.0   67.0  589.0 |    0  562   67 1151 | com.samsung.android.app.cocktailbars[...]vice.CocktailBarService$_8423#156853
09-25 13:19:23.174  1914  1914 D SurfaceFlinger:      DEVI
09-25 13:19:23.174  1914  1914 D SurfaceFlinger: CE | 0xb400007af8705500 | 0100 | RGBA_8888    |    0.0    0.0  518.0   48.0 |  922 3040 1440 3088 | SGestureOverlayWindow$_5369#156268
09-25 13:19:23.174  1914  1914 D SurfaceFlinger:      DEVICE | 0xb400007af6c15880 | 0100 | RGBA_8888    |    0.0    0.0 1440.0  168.0 |    0 2920 1440 3088 | NavigationBar0$_4768#92
09-25 13:19:23.174  1914  1914 D SurfaceFlinger:
09-25 13:19:23.174  5639  5639 I ViewRootImpl@11fd257[GridListActivity]: mThreadedRenderer.initializeIfNeeded()#2 mSurface={isValid=true 0xb40000772b1f4000}
09-25 13:19:23.175  5639  5639 D InputMethodManager: startInputInner - Id : 0
09-25 13:19:23.175  5639  5639 I InputMethodManager: startInputInner - mService.startInputOrWindowGainedFocus
09-25 13:19:23.175  3108  9815 D InputMethodManagerService: DESKTOP MODE! : 2
09-25 13:19:23.175  3108  9815 D InputMethodManagerService: NOT IN KNOX DESKTOP MODE!
09-25 13:19:23.176  3108  9815 V InputMethodManagerService: getDisplayIdOfInputMethodWindowToBeAdded: displayId=0
09-25 13:19:23.176  3108  9815 D InputMethodManagerService: isImeSwitcherDisabledPackage : false
09-25 13:19:23.176  3108  9815 D InputMethodManagerService: checkDisplayOfStartInputAndUpdateKeyboard: displayId=0, mFocusedDisplayId=0
09-25 13:19:23.176  3108  9815 D InputTransport: Input channel constructed: 'ClientS', fd=1257
09-25 13:19:23.176  3108  9815 D InputTransport: Input channel destroyed: 'ClientS', fd=1257
09-25 13:19:23.176   586   586 I MSHandlerLifeCycle: check: return. pkg=com.google.android.inputmethod.latin isActivity=false callers=com.android.internal.policy.DecorView.setVisibility:4412 android.inputmethodservice.InkWindow.hide:100 android.inputmethodservice.InputMethodService$InputMethodImpl.unbindInput:875 android.inputmethodservice.IInputMethodWrapper.executeMessage:198 com.android.internal.os.HandlerCaller$MyHandler.handleMessage:44
09-25 13:19:23.176   586   586 I MSHandlerLifeCycle: removeMultiSplitHandler: no exist. decor=DecorView@722edec[]
09-25 13:19:23.177   586   586 I GoogleInputMethodService: GoogleInputMethodService.onFinishInput():3267
09-25 13:19:23.177  1914  3199 I SurfaceFlinger: id=162209 createSurf, flag=24004, Surface(name=6a358c3 InputMethod)/@0x1a6cc79 - animation-leash of insets_animation#162209
09-25 13:19:23.177   586   586 I GoogleInputMethodService: GoogleInputMethodService.updateDeviceLockedStatus():2097 repeatCheckTimes = 0, locked = false
09-25 13:19:23.177   586   586 D InputMethodService: checkFocusedDisplay() display Id 0last 0
09-25 13:19:23.178   586   586 I GoogleInputMethodService: GoogleInputMethodService.onStartInput():1889 onStartInput(EditorInfo{EditorInfo{packageName=com.example.dogglers, inputType=0, inputTypeString=NULL, enableLearning=false, autoCorrection=false, autoComplete=false, imeOptions=0, privateImeOptions=null, actionName=UNSPECIFIED, actionLabel=null, initialSelStart=-1, initialSelEnd=-1, initialCapsMode=0, label=null, fieldId=-1, fieldName=null, extras=Bundle[{displayId=0}], hintText=null, hintLocales=[]}}, false)
09-25 13:19:23.178   586   586 I GoogleInputMethodService: GoogleInputMethodService.updateDeviceLockedStatus():2097 repeatCheckTimes = 1, locked = false
09-25 13:19:23.178  1809  1855 I HYPER-HAL: [RequestManager.cpp]releaseLocked(): Released ID : 4903169
09-25 13:19:23.180  5639  5639 I ViewInteraction: Checking 'com.example.dogglers.BaseTest$DrawableMatcher$RecyclerViewAssertion@3ee833d' assertion on view view.getId() is <2131230933/com.example.dogglers:id/grid_recycler_view>
09-25 13:19:23.181  4768  4861 I ViewRootImpl@48284ca[dogglers]: mWNT: t=0xb400007731efae00 mBlastBufferQueue=0xb400007705019c80 fn= 2 caller= android.view.SyncRtSurfaceTransactionApplier.applyTransaction:96 android.view.SyncRtSurfaceTransactionApplier.lambda$scheduleApply$0$android-view-SyncRtSurfaceTransactionApplier:69 android.view.SyncRtSurfaceTransactionApplier$$ExternalSyntheticLambda0.onFrameDraw:4
09-25 13:19:23.181  4768  4861 I ViewRootImpl@48284ca[dogglers]: mWNT: t=0xb400007731eff800 mBlastBufferQueue=0xb400007705019c80 fn= 2 caller= android.view.SyncRtSurfaceTransactionApplier.applyTransaction:96 android.view.SyncRtSurfaceTransactionApplier.lambda$scheduleApply$0$android-view-SyncRtSurfaceTransactionApplier:69 android.view.SyncRtSurfaceTransactionApplier$$ExternalSyntheticLambda0.onFrameDraw:4
09-25 13:19:23.183  3108  6472 D InputMethodManagerService: isImeSwitcherDisabledPackage : false
09-25 13:19:23.184  3108  3230 I ChimeraSystemEventListener: appLaunchIntent package name is: com.example.dogglers
09-25 13:19:23.184   586   586 I InputMethodService: removeImeSurface
09-25 13:19:23.184   586   586 I MSHandlerLifeCycle: check: return. pkg=com.google.android.inputmethod.latin isActivity=false callers=com.android.internal.policy.DecorView.setVisibility:4412 android.app.Dialog.hide:767 android.inputmethodservice.InputMethodService.removeImeSurface:1290 android.inputmethodservice.InputMethodService.scheduleImeSurfaceRemoval:1279 android.inputmethodservice.InputMethodService.-$$Nest$mscheduleImeSurfaceRemoval:0
09-25 13:19:23.184   586   586 I MSHandlerLifeCycle: removeMultiSplitHandler: no exist. decor=DecorView@3ddf8c7[InputMethod]
09-25 13:19:23.185  3108  9815 I SemDvfsHyPerManager: acquire hyper - AMS_ACT_START/3108@18, type = -999
09-25 13:19:23.185  1809  1855 I HYPER-HAL: [RequestManager.cpp]acquire(): Acquired ID : 4887519  [3108 / 18]    HINT : AMS_ACT_START    list :
09-25 13:19:23.186  1914  3193 I SurfaceFlinger: id=162210 createSurf, flag=80004, ActivityRecord{4589e1a u0 com.example.dogglers/androidx.test.core.app.InstrumentationActivityInvoker$EmptyActivity} t7111}#162210
09-25 13:19:23.188  1914  1914 I Layer   : id=162193 removedFromDrawingState Surface(name=6a358c3 InputMethod)/@0x1a6cc79 - animation-leash of insets_animation#162193 (336)
09-25 13:19:23.188  1914  1914 I SurfaceFlinger: id=162193 Removed Surface(name=6a358c3 InputMethod)/@0x1a6cc79 - animation-leash of insets_animation#162193 (336)
09-25 13:19:23.188  1914  1914 I Layer   : id=162193 Destroyed Surface(name=6a358c3 InputMethod)/@0x1a6cc79 - animation-leash of insets_animation#162193
09-25 13:19:23.189  4768  4860 I ViewRootImpl@48284ca[dogglers]: mWNT: t=0xb400007731f01c00 mBlastBufferQueue=0xb400007705019c80 fn= 3 caller= android.view.SyncRtSurfaceTransactionApplier.applyTransaction:96 android.view.SyncRtSurfaceTransactionApplier.lambda$scheduleApply$0$android-view-SyncRtSurfaceTransactionApplier:69 android.view.SyncRtSurfaceTransactionApplier$$ExternalSyntheticLambda0.onFrameDraw:4
09-25 13:19:23.194  1914  3193 I SurfaceFlinger: id=162211 createSurf, flag=80000, 959e4c5 ActivityRecordInputSink com.example.dogglers/androidx.test.core.app.InstrumentationActivityInvoker$EmptyActivity#162211
09-25 13:19:23.197  4768  4861 I ViewRootImpl@48284ca[dogglers]: mWNT: t=0xb400007731f00500 mBlastBufferQueue=0xb400007705019c80 fn= 4 caller= android.view.SyncRtSurfaceTransactionApplier.applyTransaction:96 android.view.SyncRtSurfaceTransactionApplier.lambda$scheduleApply$0$android-view-SyncRtSurfaceTransactionApplier:69 android.view.SyncRtSurfaceTransactionApplier$$ExternalSyntheticLambda0.onFrameDraw:4
09-25 13:19:23.198  3108  3230 D PersonaActivityHelper: Activity not in resumed state, do not run immediate lock
09-25 13:19:23.198  5639  5639 D LifecycleMonitor: Lifecycle status change: com.example.dogglers.GridListActivity@41dc750 in: PAUSED
09-25 13:19:23.198  5639  5639 V ActivityScenario: Update currentActivityStage to PAUSED, currentActivity=com.example.dogglers.GridListActivity@41dc750
09-25 13:19:23.198  5759  5759 E pageboostd: Received HALT command code 2
09-25 13:19:23.200  3108  6472 D InputDispatcher: Focused application(0): ActivityRecord{4589e1a u0 com.example.dogglers/androidx.test.core.app.InstrumentationActivityInvoker$EmptyActivity} t7111}
09-25 13:19:23.201  3108 29076 D RemoteAppTaskWatcher:  ****** RemoteAppTaskWatcher: Message Received 5 Task ID = 0
09-25 13:19:23.204  3108  3230 I SemPersonaManager: SecureFolder personaId = 150
09-25 13:19:23.204  5639  5639 D LifecycleMonitor: Lifecycle status change: androidx.test.core.app.InstrumentationActivityInvoker$EmptyActivity@3227ddf in: PRE_ON_CREATE
09-25 13:19:23.204  5639  5639 V ActivityScenario: Activity lifecycle changed event received but ignored because the intent does not match. startActivityIntent=Intent { act=android.intent.action.MAIN cat=[android.intent.category.LAUNCHER] cmp=com.example.dogglers/.GridListActivity }, activity.getIntent()=Intent { act=android.intent.action.MAIN cat=[android.intent.category.LAUNCHER] flg=0x10000000 cmp=com.example.dogglers/androidx.test.core.app.InstrumentationActivityInvoker$EmptyActivity }, activity=androidx.test.core.app.InstrumentationActivityInvoker$EmptyActivity@3227ddf
09-25 13:19:23.205  1914  1914 I SurfaceFlinger: [e828fe5 com.example.dogglers/com.example.dogglers.GridListActivity#162204] FrameRatePriority: -1
09-25 13:19:23.207  4768  4860 I ViewRootImpl@48284ca[dogglers]: mWNT: t=0xb4000077a0f90600 mBlastBufferQueue=0xb400007705019c80 fn= 5 caller= android.view.SyncRtSurfaceTransactionApplier.applyTransaction:96 android.view.SyncRtSurfaceTransactionApplier.lambda$scheduleApply$0$android-view-SyncRtSurfaceTransactionApplier:69 android.view.SyncRtSurfaceTransactionApplier$$ExternalSyntheticLambda0.onFrameDraw:4
09-25 13:19:23.208 15715 18710 I WindowsLink: (TaskInfoManager) +++++++++++onRecentTaskStackUpdated
09-25 13:19:23.209  3108  3230 D EnterpriseDeviceManagerService: isMdmAdminPresentInternal() : MDM Admin Found - com.samsung.knox.securefolder
09-25 13:19:23.209  5639  5639 I DecorView: [INFO] isPopOver=false config=true
09-25 13:19:23.209  5639  5639 I DecorView: updateCaptionType: isFloating=false isApplication=true hasWindowDecorCaption=false this=DecorView@8b9ea8a[]
09-25 13:19:23.210  5639  5639 D DecorView: setCaptionType = 0, this = DecorView@8b9ea8a[]
09-25 13:19:23.210  3108  6142 I MediaSessionMonitor: Media session stopped : controllerList empty
09-25 13:19:23.210  5639  5639 I DecorView: getCurrentDensityDpi: from real metrics. densityDpi=560 msg=resources_loaded
09-25 13:19:23.210  5639  5639 I DecorView: setWindowBackground: isPopOver=false color=ff010101 d=android.graphics.drawable.StateListDrawable@d5b18fb
09-25 13:19:23.210  8423  8423 I ActivityUtils: HomePackage : com.sec.android.app.launcher, resumePackageName : com.example.dogglers
09-25 13:19:23.210  5639  5639 D LifecycleMonitor: Lifecycle status change: androidx.test.core.app.InstrumentationActivityInvoker$EmptyActivity@3227ddf in: CREATED
09-25 13:19:23.211  5639  5639 V ActivityScenario: Activity lifecycle changed event received but ignored because the intent does not match. startActivityIntent=Intent { act=android.intent.action.MAIN cat=[android.intent.category.LAUNCHER] cmp=com.example.dogglers/.GridListActivity }, activity.getIntent()=Intent { act=android.intent.action.MAIN cat=[android.intent.category.LAUNCHER] flg=0x10000000 cmp=com.example.dogglers/androidx.test.core.app.InstrumentationActivityInvoker$EmptyActivity }, activity=androidx.test.core.app.InstrumentationActivityInvoker$EmptyActivity@3227ddf
09-25 13:19:23.211  5639  5639 D LifecycleMonitor: Lifecycle status change: androidx.test.core.app.InstrumentationActivityInvoker$EmptyActivity@3227ddf in: STARTED
09-25 13:19:23.211  5639  5639 V ActivityScenario: Activity lifecycle changed event received but ignored because the intent does not match. startActivityIntent=Intent { act=android.intent.action.MAIN cat=[android.intent.category.LAUNCHER] cmp=com.example.dogglers/.GridListActivity }, activity.getIntent()=Intent { act=android.intent.action.MAIN cat=[android.intent.category.LAUNCHER] flg=0x10000000 cmp=com.example.dogglers/androidx.test.core.app.InstrumentationActivityInvoker$EmptyActivity }, activity=androidx.test.core.app.InstrumentationActivityInvoker$EmptyActivity@3227ddf
09-25 13:19:23.212  5639  5639 D LifecycleMonitor: Lifecycle status change: androidx.test.core.app.InstrumentationActivityInvoker$EmptyActivity@3227ddf in: RESUMED
09-25 13:19:23.212  5639  5639 V ActivityScenario: Activity lifecycle changed event received but ignored because the intent does not match. startActivityIntent=Intent { act=android.intent.action.MAIN cat=[android.intent.category.LAUNCHER] cmp=com.example.dogglers/.GridListActivity }, activity.getIntent()=Intent { act=android.intent.action.MAIN cat=[android.intent.category.LAUNCHER] flg=0x10000000 cmp=com.example.dogglers/androidx.test.core.app.InstrumentationActivityInvoker$EmptyActivity }, activity=androidx.test.core.app.InstrumentationActivityInvoker$EmptyActivity@3227ddf
09-25 13:19:23.212  5639  5639 I MSHandlerLifeCycle: check: return. pkg=com.example.dogglers parent=null callers=com.android.internal.policy.DecorView.setVisibility:4412 android.app.ActivityThread.handleResumeActivity:5476 android.app.servertransaction.ResumeActivityItem.execute:54 android.app.servertransaction.ActivityTransactionItem.execute:45 android.app.servertransaction.TransactionExecutor.executeLifecycleState:176
09-25 13:19:23.212  5639  5639 I MSHandlerLifeCycle: removeMultiSplitHandler: no exist. decor=DecorView@8b9ea8a[]
09-25 13:19:23.213  4768  4861 I ViewRootImpl@48284ca[dogglers]: mWNT: t=0xb4000077a0f64000 mBlastBufferQueue=0xb400007705019c80 fn= 6 caller= android.view.SyncRtSurfaceTransactionApplier.applyTransaction:96 android.view.SyncRtSurfaceTransactionApplier.lambda$scheduleApply$0$android-view-SyncRtSurfaceTransactionApplier:69 android.view.SyncRtSurfaceTransactionApplier$$ExternalSyntheticLambda0.onFrameDraw:4
09-25 13:19:23.213  5639  5729 D NativeCustomFrequencyManager: [NativeCFMS] BpCustomFrequencyManager::BpCustomFrequencyManager()
09-25 13:19:23.216  3108  4073 D InputDispatcher: Focus request (0): <null> but waiting because NOT_FOCUSABLE
09-25 13:19:23.216  3108  4073 D InputDispatcher: Focus left window (0): e828fe5 com.example.dogglers/com.example.dogglers.GridListActivity
09-25 13:19:23.216  3108  6493 D InputTransport: Input channel constructed: '67383b1', fd=1311
09-25 13:19:23.216  3108  6493 D InputTransport: Input channel constructed: '67383b1', fd=1315
09-25 13:19:23.216  3108  6493 D InputTransport: Input channel constructed: '67383b1', fd=1322
09-25 13:19:23.217  1914  2140 I SurfaceFlinger: id=162212 createSurf, flag=80004, 67383b1 com.example.dogglers/androidx.test.core.app.InstrumentationActivityInvoker$EmptyActivity#162212
09-25 13:19:23.219  3108  6493 D InputTransport: Input channel destroyed: '67383b1', fd=1322
09-25 13:19:23.219  5639  5639 D InsetsController: onStateChanged: InsetsState: {mDisplayFrame=Rect(0, 0 - 1440, 3088), mDisplayCutout=DisplayCutout{insets=Rect(0, 100 - 0, 0) waterfall=Insets{left=0, top=0, right=0, bottom=0} boundingRect={Bounds=[Rect(0, 0 - 0, 0), Rect(685, 0 - 756, 100), Rect(0, 0 - 0, 0), Rect(0, 0 - 0, 0)]} cutoutPathParserInfo={CutoutPathParserInfo{displayWidth=1440 displayHeight=3088 physicalDisplayWidth=1440 physicalDisplayHeight=3088 density={3.75} cutoutSpec={M 0,0 H -9.466666666666667 V 26.66666666666667‬ H 9.466666666666667 V 0 H 0 Z @dp} rotation={0} scale={1.0} physicalPixelDisplaySizeRatio={1.0}}}}, mRoundedCorners=RoundedCorners{[RoundedCorner{position=TopLeft, radius=14, center=Point(14, 14)}, RoundedCorner{position=TopRight, radius=14, center=Point(1426, 14)}, RoundedCorner{position=BottomRight, radius=14, center=Point(1426, 3074)}, RoundedCorner{position=BottomLeft, radius=14, center=Point(14, 3074)}]}  mRoundedCornerFrame=Rect(0, 0 - 1440, 3088), mPrivacyIndicatorBounds=PrivacyIndicatorBounds {static bounds=Rect(1286, 0 - 1440, 100) rotation=0}, mSources= { InsetsSource: {mType=ITYPE_STATUS_BAR, mFrame=[0,0][1440,100], mVisible=true, mInsetsRoundedCornerFrame=false}, InsetsSource: {mType=ITYPE_NAVIGATION_BAR, mFrame=[0,3088][1440,3088], mVisible=true, mInsetsRoundedCornerFrame=false}, InsetsSource: {mType=ITYPE_LEFT_GESTURES, mFrame=[0,0][0,3088], mVisible=true, mInsetsRoundedCornerFrame=false}, InsetsSource: {mType=ITYPE_RIGHT_GESTURES, mFrame=[1440,0][1440,3088], mVisible=true, mInsetsRoundedCornerFrame=false}, InsetsSource: {mType=ITYPE_TOP_MANDATORY_GESTURES, mFrame=[0,0][1440,142], mVisible=true, mInsetsRoundedCornerFrame=false}, InsetsSource: {mType=ITYPE_BOTTOM_MANDATORY_GESTURES, mFrame=[0,3018][1440,3088], mVisible=true, mInsetsRoundedCornerFrame=false}, InsetsSource: {mType=ITYPE_LEFT_DISPLAY_CUTOUT, mFrame=[0,0][-100000,3088], mVisible=true, mInsetsRoundedCornerFrame=false}, InsetsSource: {mType=ITYPE_TOP_DISPLAY_CUTOUT, mFrame=[0,0][1440,100], mVisible=true, mInsetsRoundedCornerFrame=false}, InsetsSource: {mType=ITYPE_RIGHT_DISPLAY_CUTOUT, mFrame=[100000,0][1440,3088], mVisible=true, mInsetsRoundedCornerFrame=false}, InsetsSource: {mType=ITYPE_BOTTOM_DISPLAY_CUTOUT, mFrame=[0,100000][1440,3088], mVisible=true, mInsetsRoundedCornerFrame=false}, InsetsSource: {mType=ITYPE_TOP_TAPPABLE_ELEMENT, mFrame=[0,0][1440,100], mVisible=true, mInsetsRoundedCornerFrame=false}, InsetsSource: {mType=ITYPE_BOTTOM_TAPPABLE_ELEMENT, mFrame=[0,0][0,0], mVisible=true, mInsetsRoundedCornerFrame=false} } host=com.example.dogglers/androidx.test.core.app.InstrumentationActivityInvoker$EmptyActivity from=android.view.ViewRootImpl.setView:1732
09-25 13:19:23.221  5639  5639 I ViewRootImpl@165371[InstrumentationActivityInvoker$EmptyActivity]: setView = com.android.internal.policy.DecorView@8b9ea8a TM=true
09-25 13:19:23.221  5639  5639 I MSHandlerLifeCycle: removeMultiSplitHandler: no exist. decor=DecorView@8b9ea8a[InstrumentationActivityInvoker$EmptyActivity]
09-25 13:19:23.222  4768  4860 I ViewRootImpl@48284ca[dogglers]: mWNT: t=0xb4000077a0f77500 mBlastBufferQueue=0xb400007705019c80 fn= 7 caller= android.view.SyncRtSurfaceTransactionApplier.applyTransaction:96 android.view.SyncRtSurfaceTransactionApplier.lambda$scheduleApply$0$android-view-SyncRtSurfaceTransactionApplier:69 android.view.SyncRtSurfaceTransactionApplier$$ExternalSyntheticLambda0.onFrameDraw:4
09-25 13:19:23.222  3108  3338 D AnalyticsContainerHandler: handleMessage : { when=0 what=1 target=com.android.server.knox.KnoxAnalyticsContainer$AnalyticsHandler }
09-25 13:19:23.223  5639  5639 I ViewRootImpl@165371[InstrumentationActivityInvoker$EmptyActivity]: performTraversals params={(0,0)(fillxfill) sim={adjust=pan forwardNavigation} ty=BASE_APPLICATION wanim=0x1030001
09-25 13:19:23.223  5639  5639 I ViewRootImpl@165371[InstrumentationActivityInvoker$EmptyActivity]:   fl=1810100
09-25 13:19:23.223  5639  5639 I ViewRootImpl@165371[InstrumentationActivityInvoker$EmptyActivity]:   pfl=12020040
09-25 13:19:23.223  5639  5639 I ViewRootImpl@165371[InstrumentationActivityInvoker$EmptyActivity]:   bhv=DEFAULT
09-25 13:19:23.223  5639  5639 I ViewRootImpl@165371[InstrumentationActivityInvoker$EmptyActivity]:   fitSides= naviIconColor=0}
09-25 13:19:23.223  5639  5639 I ViewRootImpl@165371[InstrumentationActivityInvoker$EmptyActivity]: performTraversals mFirst=true windowShouldResize=true viewVisibilityChanged=false mForceNextWindowRelayout=false params={(0,0)(fillxfill) sim={adjust=pan forwardNavigation} ty=BASE_APPLICATION wanim=0x1030001
09-25 13:19:23.223  5639  5639 I ViewRootImpl@165371[InstrumentationActivityInvoker$EmptyActivity]:   fl=1810100
09-25 13:19:23.223  5639  5639 I ViewRootImpl@165371[InstrumentationActivityInvoker$EmptyActivity]:   pfl=12020040
09-25 13:19:23.223  5639  5639 I ViewRootImpl@165371[InstrumentationActivityInvoker$EmptyActivity]:   bhv=DEFAULT
09-25 13:19:23.223  5639  5639 I ViewRootImpl@165371[InstrumentationActivityInvoker$EmptyActivity]:   fitSides= naviIconColor=0}
09-25 13:19:23.224  3108  6493 V WindowManager: Relayout Window{67383b1 u0 com.example.dogglers/androidx.test.core.app.InstrumentationActivityInvoker$EmptyActivity}: viewVisibility=0 req=1440x3088 d0
09-25 13:19:23.224  1914  2140 I SurfaceFlinger: id=162213 createSurf, flag=40004, com.example.dogglers/androidx.test.core.app.InstrumentationActivityInvoker$EmptyActivity$_5639#162213
09-25 13:19:23.229  1914  2140 I SurfaceFlinger: id=162214 createSurf, flag=24000, Surface(name=4eb27f5 StatusBar)/@0x43fa543 - animation-leash of insets_animation#162214
09-25 13:19:23.230  1914  3199 I SurfaceFlinger: id=162215 createSurf, flag=24000, Surface(name=d110b4c NavigationBar0)/@0x8bdb781 - animation-leash of insets_animation#162215
09-25 13:19:23.230  4768  4851 D OpenGLRenderer: setSurface called with nullptr
09-25 13:19:23.230  4768  4851 D OpenGLRenderer: setSurface() destroyed EGLSurface
09-25 13:19:23.231  4768  4851 D OpenGLRenderer: destroyEglSurface
09-25 13:19:23.232  3108  6493 V WindowManager: Relayout hash=67383b1, pid=5639, syncId=-1: mAttrs={(0,0)(fillxfill) sim={adjust=pan forwardNavigation} ty=BASE_APPLICATION wanim=0x1030001
09-25 13:19:23.232  3108  6493 V WindowManager:   fl=1810100
09-25 13:19:23.232  3108  6493 V WindowManager:   pfl=12020040
09-25 13:19:23.232  3108  6493 V WindowManager:   bhv=DEFAULT
09-25 13:19:23.232  3108  6493 V WindowManager:   fitSides= naviIconColor=0}
09-25 13:19:23.233  5639  5639 D InsetsController: onStateChanged: InsetsState: {mDisplayFrame=Rect(0, 0 - 1440, 3088), mDisplayCutout=DisplayCutout{insets=Rect(0, 100 - 0, 0) waterfall=Insets{left=0, top=0, right=0, bottom=0} boundingRect={Bounds=[Rect(0, 0 - 0, 0), Rect(685, 0 - 756, 100), Rect(0, 0 - 0, 0), Rect(0, 0 - 0, 0)]} cutoutPathParserInfo={CutoutPathParserInfo{displayWidth=1440 displayHeight=3088 physicalDisplayWidth=1440 physicalDisplayHeight=3088 density={3.75} cutoutSpec={M 0,0 H -9.466666666666667 V 26.66666666666667‬ H 9.466666666666667 V 0 H 0 Z @dp} rotation={0} scale={1.0} physicalPixelDisplaySizeRatio={1.0}}}}, mRoundedCorners=RoundedCorners{[RoundedCorner{position=TopLeft, radius=14, center=Point(14, 14)}, RoundedCorner{position=TopRight, radius=14, center=Point(1426, 14)}, RoundedCorner{position=BottomRight, radius=14, center=Point(1426, 3074)}, RoundedCorner{position=BottomLeft, radius=14, center=Point(14, 3074)}]}  mRoundedCornerFrame=Rect(0, 0 - 1440, 3088), mPrivacyIndicatorBounds=PrivacyIndicatorBounds {static bounds=Rect(1286, 0 - 1440, 100) rotation=0}, mSources= { InsetsSource: {mType=ITYPE_STATUS_BAR, mFrame=[0,0][1440,100], mVisible=true, mInsetsRoundedCornerFrame=false}, InsetsSource: {mType=ITYPE_NAVIGATION_BAR, mFrame=[0,3088][1440,3088], mVisible=true, mInsetsRoundedCornerFrame=false}, InsetsSource: {mType=ITYPE_LEFT_GESTURES, mFrame=[0,0][0,3088], mVisible=true, mInsetsRoundedCornerFrame=false}, InsetsSource: {mType=ITYPE_RIGHT_GESTURES, mFrame=[1440,0][1440,3088], mVisible=true, mInsetsRoundedCornerFrame=false}, InsetsSource: {mType=ITYPE_TOP_MANDATORY_GESTURES, mFrame=[0,0][1440,142], mVisible=true, mInsetsRoundedCornerFrame=false}, InsetsSource: {mType=ITYPE_BOTTOM_MANDATORY_GESTURES, mFrame=[0,3018][1440,3088], mVisible=true, mInsetsRoundedCornerFrame=false}, InsetsSource: {mType=ITYPE_LEFT_DISPLAY_CUTOUT, mFrame=[0,0][-100000,3088], mVisible=true, mInsetsRoundedCornerFrame=false}, InsetsSource: {mType=ITYPE_TOP_DISPLAY_CUTOUT, mFrame=[0,0][1440,100], mVisible=true, mInsetsRoundedCornerFrame=false}, InsetsSource: {mType=ITYPE_RIGHT_DISPLAY_CUTOUT, mFrame=[100000,0][1440,3088], mVisible=true, mInsetsRoundedCornerFrame=false}, InsetsSource: {mType=ITYPE_BOTTOM_DISPLAY_CUTOUT, mFrame=[0,100000][1440,3088], mVisible=true, mInsetsRoundedCornerFrame=false}, InsetsSource: {mType=ITYPE_TOP_TAPPABLE_ELEMENT, mFrame=[0,0][1440,100], mVisible=true, mInsetsRoundedCornerFrame=false}, InsetsSource: {mType=ITYPE_BOTTOM_TAPPABLE_ELEMENT, mFrame=[0,0][0,0], mVisible=true, mInsetsRoundedCornerFrame=false}, InsetsSource: {mType=ITYPE_IME, mFrame=[0,0][0,0], mVisibleFrame=[0,3088][1440,3088], mVisible=false, mInsetsRoundedCornerFrame=false} } host=com.example.dogglers/androidx.test.core.app.InstrumentationActivityInvoker$EmptyActivity from=android.view.ViewRootImpl.relayoutWindow:9802
09-25 13:19:23.233  4768  4843 I ViewRootImpl@48284ca[dogglers]: performTraversals params={(0,0)(fillxfill) sim={adjust=pan} ty=APPLICATION_STARTING fmt=TRANSLUCENT wanim=0x1030001 alpha=0.0
09-25 13:19:23.233  4768  4843 I ViewRootImpl@48284ca[dogglers]:   fl=81030118
09-25 13:19:23.233  4768  4843 I ViewRootImpl@48284ca[dogglers]:   pfl=16000010
09-25 13:19:23.233  4768  4843 I ViewRootImpl@48284ca[dogglers]:   bhv=DEFAULT
09-25 13:19:23.233  4768  4843 I ViewRootImpl@48284ca[dogglers]:   fitSides= naviIconColor=0}
09-25 13:19:23.233  2229  9007 I CameraService: onUidStateChanged: uid=10042, procState is changed. (1 -> 0)
09-25 13:19:23.233  4768  4843 I ViewRootImpl@48284ca[dogglers]: performTraversals mFirst=false windowShouldResize=false viewVisibilityChanged=true mForceNextWindowRelayout=false params={(0,0)(fillxfill) sim={adjust=pan} ty=APPLICATION_STARTING fmt=TRANSLUCENT wanim=0x1030001 alpha=0.0
09-25 13:19:23.233  4768  4843 I ViewRootImpl@48284ca[dogglers]:   fl=81030118
09-25 13:19:23.233  4768  4843 I ViewRootImpl@48284ca[dogglers]:   pfl=16000010
09-25 13:19:23.233  4768  4843 I ViewRootImpl@48284ca[dogglers]:   bhv=DEFAULT
09-25 13:19:23.233  4768  4843 I ViewRootImpl@48284ca[dogglers]:   fitSides= naviIconColor=0}
09-25 13:19:23.233  5639  5639 I ViewRootImpl@165371[InstrumentationActivityInvoker$EmptyActivity]: updateBlastSurfaceIfNeeded mBlastBufferQueue=null isSameSurfaceControl=false
09-25 13:19:23.233  5639  5639 I BLASTBufferQueue: new BLASTBufferQueue, mName= ViewRootImpl@165371[InstrumentationActivityInvoker$EmptyActivity] mNativeObject= 0xb4000077a1041880 sc.mNativeObject= 0xb4000077b1d47340 caller= android.view.ViewRootImpl.updateBlastSurfaceIfNeeded:2909 android.view.ViewRootImpl.relayoutWindow:9847 android.view.ViewRootImpl.performTraversals:3884 android.view.ViewRootImpl.doTraversal:3116 android.view.ViewRootImpl$TraversalRunnable.run:10885 android.view.Choreographer$CallbackRecord.run:1301 android.view.Choreographer$CallbackRecord.run:1309 android.view.Choreographer.doCallbacks:923 android.view.Choreographer.doFrame:852 android.view.Choreographer$FrameDisplayEventReceiver.run:1283
09-25 13:19:23.233  5639  5639 I BLASTBufferQueue: update, w= 1440 h= 3088 mName = ViewRootImpl@165371[InstrumentationActivityInvoker$EmptyActivity] mNativeObject= 0xb4000077a1041880 sc.mNativeObject= 0xb4000077b1d47340 format= -1 caller= android.graphics.BLASTBufferQueue.<init>:84 android.view.ViewRootImpl.updateBlastSurfaceIfNeeded:2909 android.view.ViewRootImpl.relayoutWindow:9847 android.view.ViewRootImpl.performTraversals:3884 android.view.ViewRootImpl.doTraversal:3116 android.view.ViewRootImpl$TraversalRunnable.run:10885
09-25 13:19:23.234  5639  5639 I ViewRootImpl@165371[InstrumentationActivityInvoker$EmptyActivity]: Relayout returned: old=(0,0,1440,3088) new=(0,0,1440,3088) req=(1440,3088)0 dur=10 res=0x3 s={true 0xb40000772b27e000} ch=true seqId=0
09-25 13:19:23.234  5639  5639 I ViewRootImpl@165371[InstrumentationActivityInvoker$EmptyActivity]: performConfigurationChange setNightDimText nightDimLevel=0
09-25 13:19:23.234  3108  9815 V WindowManager: Relayout Window{f22f96f u0 Splash Screen com.example.dogglers}: viewVisibility=8 req=1440x3088 d0
09-25 13:19:23.234  5639  5639 I ViewRootImpl@165371[InstrumentationActivityInvoker$EmptyActivity]: mThreadedRenderer.initialize() mSurface={isValid=true 0xb40000772b27e000} hwInitialized=true
09-25 13:19:23.234  5639  5729 D OpenGLRenderer: eglCreateWindowSurface
09-25 13:19:23.236  3108  9815 V WindowManager: Relayout hash=f22f96f, pid=4768, syncId=-1: mAttrs={(0,0)(fillxfill) sim={adjust=pan} ty=APPLICATION_STARTING fmt=TRANSLUCENT wanim=0x1030001 alpha=0.0
09-25 13:19:23.236  3108  9815 V WindowManager:   fl=81030118
09-25 13:19:23.236  3108  9815 V WindowManager:   pfl=16000010
09-25 13:19:23.236  3108  9815 V WindowManager:   bhv=DEFAULT
09-25 13:19:23.236  3108  9815 V WindowManager:   fitSides= naviIconColor=0}
09-25 13:19:23.236  5639  5639 I ViewRootImpl@165371[InstrumentationActivityInvoker$EmptyActivity]: reportNextDraw android.view.ViewRootImpl.performTraversals:4438 android.view.ViewRootImpl.doTraversal:3116 android.view.ViewRootImpl$TraversalRunnable.run:10885 android.view.Choreographer$CallbackRecord.run:1301 android.view.Choreographer$CallbackRecord.run:1309
09-25 13:19:23.236  5639  5639 I ViewRootImpl@165371[InstrumentationActivityInvoker$EmptyActivity]: Setup new sync id=0
09-25 13:19:23.236  5639  5639 I ViewRootImpl@165371[InstrumentationActivityInvoker$EmptyActivity]: Setting syncFrameCallback
09-25 13:19:23.236  5639  5639 I ViewRootImpl@165371[InstrumentationActivityInvoker$EmptyActivity]: registerCallbacksForSync syncBuffer=false
09-25 13:19:23.236  4768  4843 I ViewRootImpl@48284ca[dogglers]: Relayout returned: old=(0,0,1440,3088) new=(0,0,1440,3088) req=(1440,3088)8 dur=3 res=0x2 s={false 0x0} ch=true seqId=0
09-25 13:19:23.237  5639  5772 I ViewRootImpl@165371[InstrumentationActivityInvoker$EmptyActivity]: Received frameDrawingCallback syncResult=0 frameNum=1.
09-25 13:19:23.237  5639  5772 I ViewRootImpl@165371[InstrumentationActivityInvoker$EmptyActivity]: Setting up sync and frameCommitCallback
09-25 13:19:23.237  4768  4843 I ViewRootImpl@48284ca[dogglers]: dispatchDetachedFromWindow
09-25 13:19:23.237  3108  4073 D InputTransport: Input channel destroyed: 'f22f96f', fd=1065
09-25 13:19:23.237  3108  4073 W InputManager-JNI: Input channel object 'f22f96f Splash Screen com.example.dogglers (client)' was disposed without first being removed with the input manager!
09-25 13:19:23.237  3108  4073 D InputTransport: Input channel destroyed: 'f22f96f', fd=1239
09-25 13:19:23.237  5639  5729 I BLASTBufferQueue: [ViewRootImpl@165371[InstrumentationActivityInvoker$EmptyActivity]#22](f:0,a:0) onFrameAvailable the first frame is available
09-25 13:19:23.238  5639  5729 I ViewRootImpl@165371[InstrumentationActivityInvoker$EmptyActivity]: Received frameCommittedCallback lastAttemptedDrawFrameNum=1 didProduceBuffer=true
09-25 13:19:23.238  5639  5729 D OpenGLRenderer: CFMS:: SetUp Pid : 5639    Tid : 5729
09-25 13:19:23.238  1914  1914 I Layer   : id=162206 removedFromDrawingState Surface(name=4eb27f5 StatusBar)/@0x43fa543 - animation-leash of insets_animation#162206 (340)
09-25 13:19:23.238  1914  1914 I Layer   : id=162207 removedFromDrawingState Surface(name=d110b4c NavigationBar0)/@0x8bdb781 - animation-leash of insets_animation#162207 (340)
09-25 13:19:23.238  1914  1914 I SurfaceFlinger: [67383b1 com.example.dogglers/androidx.test.core.app.InstrumentationActivityInvoker$EmptyActivity#162212] FrameRatePriority: 1
09-25 13:19:23.243  1914  1914 D SurfaceFlinger: Display 4630947093241269891 HWC layers:
09-25 13:19:23.243  1914  1914 D SurfaceFlinger:      CLIENT | 0xb400007af6c13480 | 0100 | RGBx_8888    |  592.0    0.0 1628.0 2220.0 |    0    0 1440 3088 | Wallpaper BBQ wrapper#90
09-25 13:19:23.243  1914  1914 D SurfaceFlinger:      CLIENT | 0xb400007af6c11480 | 0100 | RGBA_8888    |    0.0    0.0 1440.0 3088.0 |    0    0 1440 3088 | com.sec.android.app.launcher/com.sec[...]rActivity$_5369#162113 (blurRegions)
09-25 13:19:23.243  1914  1914 D SurfaceFlinger:      DEVICE | 0xb400007af86ec180 | 0102 | RGBA_8888    |    0.0    0.0 1440.0 3088.0 |   43   93 1397 2995 | com.example.dogglers/com.example.dogglers.GridListActivity$_5639#162205
09-25 13:19:23.243  1914  1914 D SurfaceFlinger:      DEVICE | 0xb400007af6c14880 | 0100 | RGBA_8888    |    0.0    0.0 1440.0  100.0 |    0    0 1440  100 | StatusBar$_4768#95
09-25 13:19:23.243  1914  1914 D SurfaceFlinger:      DEVICE | 0xb400007af8705400 | 0100 | RGBA_8888    |    0.0    0.0   67.0  589.0 |    0  562   67 1151 | com.samsung.android.app.cocktailbars[...]vice.CocktailBarService$_8423#156853
09-25 13:19:23.243  1914  1914 D SurfaceFlinger:      DEVICE | 0xb400007af8705500 | 0100 | RGBA_8888    |    0.0    0.0  518.0   48.0 |  922 3040 1440 3088 | SGestureOverlayWindow$_5369#156268
09-25 13:19:23.243  1914  1914 D SurfaceFlinger:      DEVICE | 0xb40000
09-25 13:19:23.243  1914  1914 D SurfaceFlinger: 7af6c15880 | 0100 | RGBA_8888    |    0.0    0.0 1440.0  168.0 |    0 2920 1440 3088 | NavigationBar0$_4768#92
09-25 13:19:23.243  1914  1914 D SurfaceFlinger:
09-25 13:19:23.244  4768  4843 D InputTransport: Input channel destroyed: 'f22f96f', fd=212
09-25 13:19:23.244  5639  5639 I ViewRootImpl@165371[InstrumentationActivityInvoker$EmptyActivity]: onSyncComplete
09-25 13:19:23.244  3108  6493 D InputDispatcher: Focus request (0): 67383b1 com.example.dogglers/androidx.test.core.app.InstrumentationActivityInvoker$EmptyActivity but waiting because NOT_VISIBLE
09-25 13:19:23.244  5639  5639 I ViewRootImpl@165371[InstrumentationActivityInvoker$EmptyActivity]: setupSync seqId=0 mSyncId=0 fn=1 caller=android.view.ViewRootImpl$$ExternalSyntheticLambda11.accept:6 android.window.SurfaceSyncer.lambda$setupSync$1$android-window-SurfaceSyncer:128 android.window.SurfaceSyncer$$ExternalSyntheticLambda1.accept:8 android.window.SurfaceSyncer$SyncSet.checkIfSyncIsComplete:382 android.window.SurfaceSyncer$SyncSet.markSyncReady:359 android.window.SurfaceSyncer.markSyncReady:151 android.view.ViewRootImpl.performTraversals:4503
09-25 13:19:23.244  5639  5639 I ViewRootImpl@165371[InstrumentationActivityInvoker$EmptyActivity]: reportDrawFinished seqId=0 mSyncId=-1 fn=1 mSurfaceChangedTransaction=0xb40000772b1cbe00
09-25 13:19:23.245  5639  5639 I ViewRootImpl@11fd257[GridListActivity]: MSG_WINDOW_FOCUS_CHANGED 0 0
09-25 13:19:23.245  1914  3199 I SurfaceFlinger: id=162207 Removed Surface(name=d110b4c NavigationBar0)/@0x8bdb781 - animation-leash of insets_animation#162207 (340)
09-25 13:19:23.246  1914  2140 I SurfaceFlinger: id=162206 Removed Surface(name=4eb27f5 StatusBar)/@0x43fa543 - animation-leash of insets_animation#162206 (340)
09-25 13:19:23.246  1914  1914 I Layer   : id=162208 removedFromDrawingState Surface(name=e828fe5 com.example.dogglers/com.example.dogglers.GridListActivity)/@0xe76ae37 - animation-leash of starting_reveal#162208 (340)
09-25 13:19:23.247  1914  1914 I Layer   : id=162206 Destroyed Surface(name=4eb27f5 StatusBar)/@0x43fa543 - animation-leash of insets_animation#162206
09-25 13:19:23.247  1914  1914 I Layer   : id=162207 Destroyed Surface(name=d110b4c NavigationBar0)/@0x8bdb781 - animation-leash of insets_animation#162207
09-25 13:19:23.248  3108  3227 I ActivityTaskManager: Displayed com.example.dogglers/androidx.test.core.app.InstrumentationActivityInvoker$EmptyActivity: +63ms
09-25 13:19:23.248  5759  5759 E pageboostd: Received HALT command code 2
09-25 13:19:23.251  3108  6472 I SemDvfsHyPerManager: acquire hyper - AMS_RESUME_TAIL/3108@20, type = -999
09-25 13:19:23.251  3108  6472 I SemDvfsHyPerManager: acquire hyper - AMS_ACT_LAZY/3108@21, type = -999
09-25 13:19:23.252  1809  1855 I HYPER-HAL: [RequestManager.cpp]acquire(): Acquired ID : 4893776  [3108 / 20]    HINT : AMS_RESUME_TAIL    list :
09-25 13:19:23.252  1809  1855 I HYPER-HAL: [RequestManager.cpp]acquire(): Acquired ID : 4896906  [3108 / 21]    HINT : AMS_ACT_LAZY    list :
09-25 13:19:23.254  3108  3230 I ChimeraSystemEventListener: appLaunchIntent package name is: com.example.dogglers
09-25 13:19:23.255  1914  1914 I Layer   : Layer [com.example.dogglers/androidx.test.core.app.InstrumentationActivityInvoker$EmptyActivity$_5639#162213] hidden!! flag(0)
09-25 13:19:23.255  3108  4073 I SemDvfsHyPerManager: acquire hyper - AMS_ACT_START/3108@18, type = -999
09-25 13:19:23.255  1809  1855 I HYPER-HAL: [RequestManager.cpp]releaseLocked(): Released ID : 4887519
09-25 13:19:23.256  3108  4074 D InputDispatcher: Focus entered window (0): 67383b1 com.example.dogglers/androidx.test.core.app.InstrumentationActivityInvoker$EmptyActivity
09-25 13:19:23.256  1914  3199 I SurfaceFlinger: id=162216 createSurf, flag=80004, ActivityRecord{c7bbb21 u0 com.example.dogglers/androidx.test.core.app.InstrumentationActivityInvoker$EmptyActivity} t7111}#162216
09-25 13:19:23.256  1809  1855 I HYPER-HAL: [RequestManager.cpp]acquire(): Acquired ID : 4887519  [3108 / 18]    HINT : AMS_ACT_START    list :
09-25 13:19:23.256  5639  5639 I ViewRootImpl@165371[InstrumentationActivityInvoker$EmptyActivity]: MSG_WINDOW_FOCUS_CHANGED 1 0
09-25 13:19:23.256  5639  5639 I ViewRootImpl@165371[InstrumentationActivityInvoker$EmptyActivity]: mThreadedRenderer.initializeIfNeeded()#2 mSurface={isValid=true 0xb40000772b27e000}
09-25 13:19:23.256  5639  5639 D InputMethodManager: startInputInner - Id : 0
09-25 13:19:23.256  5639  5639 I InputMethodManager: startInputInner - mService.startInputOrWindowGainedFocus
09-25 13:19:23.258  1914  1914 D SurfaceFlinger: Display 4630947093241269891 HWC layers:
09-25 13:19:23.258  1914  1914 D SurfaceFlinger:      CLIENT | 0xb400007af6c13480 | 0100 | RGBx_8888    |  592.0    0.0 1628.0 2220.0 |    0    0 1440 3088 | Wallpaper BBQ wrapper#90
09-25 13:19:23.258  1914  1914 D SurfaceFlinger:      CLIENT | 0xb400007af6c11480 | 0100 | RGBA_8888    |    0.0    0.0 1440.0 3088.0 |    0    0 1440 3088 | com.sec.android.app.launcher/com.sec[...]rActivity$_5369#162113 (blurRegions)
09-25 13:19:23.258  1914  1914 D SurfaceFlinger:      DEVICE | 0xb400007af6c11b00 | 0102 | RGBA_8888    |    0.0    0.0 1440.0 3088.0 |   36   77 1404 3011 | com.example.dogglers/androidx.test.c[...]tyInvoker$EmptyActivity$_5639#162213
09-25 13:19:23.258  1914  1914 D SurfaceFlinger:      DEVICE | 0xb400007af6c14880 | 0100 | RGBA_8888    |    0.0    0.0 1440.0  100.0 |    0    0 1440  100 | StatusBar$_4768#95
09-25 13:19:23.258  1914  1914 D SurfaceFlinger:      DEVICE | 0xb400007af8705400 | 0100 | RGBA_8888    |    0.0    0.0   67.0  589.0 |    0  562   67 1151 | com.samsung.android.app.cocktailbars[...]vice.CocktailBarService$_8423#156853
09-25 13:19:23.258  1914  1914 D SurfaceFlinger:      DEVICE | 0xb400007af8705500 | 0100 | RGBA_8888    |    0.0    0.0  518.0   48.0 |  922 3040 1440 3088 | SGestureOverlayWindow$_5369#156268
09-25 13:19:23.258  1914  1914 D SurfaceFlinger:      DEVICE | 0x
09-25 13:19:23.259  1914  1914 D SurfaceFlinger: b400007af6c15880 | 0100 | RGBA_8888    |    0.0    0.0 1440.0  168.0 |    0 2920 1440 3088 | NavigationBar0$_4768#92
09-25 13:19:23.259  1914  1914 D SurfaceFlinger:
09-25 13:19:23.263  1914  3199 I SurfaceFlinger: id=162217 createSurf, flag=80000, 6e8c588 ActivityRecordInputSink com.example.dogglers/androidx.test.core.app.InstrumentationActivityInvoker$EmptyActivity#162217
09-25 13:19:23.265  5759  5759 E pageboostd: Received HALT command code 2
09-25 13:19:23.266  3108  6472 D InputMethodManagerService: DESKTOP MODE! : 2
09-25 13:19:23.266  3108  6472 D InputMethodManagerService: NOT IN KNOX DESKTOP MODE!
09-25 13:19:23.266  3108  6472 V InputMethodManagerService: getDisplayIdOfInputMethodWindowToBeAdded: displayId=0
09-25 13:19:23.266  3108  6472 D InputMethodManagerService: isImeSwitcherDisabledPackage : false
09-25 13:19:23.266  3108  3230 D PersonaActivityHelper: Activity not in resumed state, do not run immediate lock
09-25 13:19:23.266  3108  6472 D InputMethodManagerService: checkDisplayOfStartInputAndUpdateKeyboard: displayId=0, mFocusedDisplayId=0
09-25 13:19:23.266  3108  6472 D InputTransport: Input channel constructed: 'ClientS', fd=1065
09-25 13:19:23.266  3108  6472 D InputTransport: Input channel destroyed: 'ClientS', fd=1065
09-25 13:19:23.267   586   586 I GoogleInputMethodService: GoogleInputMethodService.onFinishInput():3267
09-25 13:19:23.267  5639  5639 D LifecycleMonitor: Lifecycle status change: androidx.test.core.app.InstrumentationActivityInvoker$EmptyActivity@3227ddf in: PAUSED
09-25 13:19:23.267  5639  5639 V ActivityScenario: Activity lifecycle changed event received but ignored because the intent does not match. startActivityIntent=Intent { act=android.intent.action.MAIN cat=[android.intent.category.LAUNCHER] cmp=com.example.dogglers/.GridListActivity }, activity.getIntent()=Intent { act=android.intent.action.MAIN cat=[android.intent.category.LAUNCHER] flg=0x10000000 cmp=com.example.dogglers/androidx.test.core.app.InstrumentationActivityInvoker$EmptyActivity }, activity=androidx.test.core.app.InstrumentationActivityInvoker$EmptyActivity@3227ddf
09-25 13:19:23.268  6586  6586 I SAMSUNGWALLET-USBP: [AlertController] Boarding pass alert is not enabled
09-25 13:19:23.268  6586  6586 I SAMSUNGWALLET-USBP: [AlertController] dismiss alert: NO_ALERT
09-25 13:19:23.268  1914  3199 I SurfaceFlinger: id=162218 createSurf, flag=24004, Surface(name=6a358c3 InputMethod)/@0x1a6cc79 - animation-leash of insets_animation#162218
09-25 13:19:23.268   586   586 I GoogleInputMethodService: GoogleInputMethodService.updateDeviceLockedStatus():2097 repeatCheckTimes = 0, locked = false
09-25 13:19:23.268   586   586 D InputMethodService: checkFocusedDisplay() display Id 0last 0
09-25 13:19:23.269   586   586 I GoogleInputMethodService: GoogleInputMethodService.onStartInput():1889 onStartInput(EditorInfo{EditorInfo{packageName=com.example.dogglers, inputType=0, inputTypeString=NULL, enableLearning=false, autoCorrection=false, autoComplete=false, imeOptions=0, privateImeOptions=null, actionName=UNSPECIFIED, actionLabel=null, initialSelStart=-1, initialSelEnd=-1, initialCapsMode=0, label=null, fieldId=-1, fieldName=null, extras=Bundle[{displayId=0}], hintText=null, hintLocales=[]}}, false)
09-25 13:19:23.269   586   586 I GoogleInputMethodService: GoogleInputMethodService.updateDeviceLockedStatus():2097 repeatCheckTimes = 1, locked = false
09-25 13:19:23.275  3108  6456 D InputDispatcher: Focused application(0): ActivityRecord{c7bbb21 u0 com.example.dogglers/androidx.test.core.app.InstrumentationActivityInvoker$EmptyActivity} t7111}
09-25 13:19:23.275  3108 29076 D RemoteAppTaskWatcher:  ****** RemoteAppTaskWatcher: Message Received 5 Task ID = 0
09-25 13:19:23.277  3108  6456 D InputMethodManagerService: isImeSwitcherDisabledPackage : false
09-25 13:19:23.278   586   586 I InputMethodService: removeImeSurface
09-25 13:19:23.278  3108  3230 I SemPersonaManager: SecureFolder personaId = 150
09-25 13:19:23.278   586   586 I MSHandlerLifeCycle: check: return. pkg=com.google.android.inputmethod.latin isActivity=false callers=com.android.internal.policy.DecorView.setVisibility:4412 android.app.Dialog.hide:767 android.inputmethodservice.InputMethodService.removeImeSurface:1290 android.inputmethodservice.InputMethodService.scheduleImeSurfaceRemoval:1279 android.inputmethodservice.InputMethodService.-$$Nest$mscheduleImeSurfaceRemoval:0
09-25 13:19:23.278   586   586 I MSHandlerLifeCycle: removeMultiSplitHandler: no exist. decor=DecorView@3ddf8c7[InputMethod]
09-25 13:19:23.279  5639  5639 D LifecycleMonitor: Lifecycle status change: androidx.test.core.app.InstrumentationActivityInvoker$EmptyActivity@3b52c48 in: PRE_ON_CREATE
09-25 13:19:23.279  5639  5639 V ActivityScenario: Activity lifecycle changed event received but ignored because the intent does not match. startActivityIntent=Intent { act=android.intent.action.MAIN cat=[android.intent.category.LAUNCHER] cmp=com.example.dogglers/.GridListActivity }, activity.getIntent()=Intent { act=android.intent.action.MAIN cat=[android.intent.category.LAUNCHER] flg=0x10000000 cmp=com.example.dogglers/androidx.test.core.app.InstrumentationActivityInvoker$EmptyActivity }, activity=androidx.test.core.app.InstrumentationActivityInvoker$EmptyActivity@3b52c48
09-25 13:19:23.280  1914  1914 I Layer   : id=162209 removedFromDrawingState Surface(name=6a358c3 InputMethod)/@0x1a6cc79 - animation-leash of insets_animation#162209 (341)
09-25 13:19:23.280 15715 18710 I WindowsLink: (TaskInfoManager) +++++++++++onRecentTaskStackUpdated
09-25 13:19:23.280  1914  1914 I SurfaceFlinger: [67383b1 com.example.dogglers/androidx.test.core.app.InstrumentationActivityInvoker$EmptyActivity#162212] FrameRatePriority: -1
09-25 13:19:23.280  1914  1914 I SurfaceFlinger: id=162209 Removed Surface(name=6a358c3 InputMethod)/@0x1a6cc79 - animation-leash of insets_animation#162209 (341)
09-25 13:19:23.280  1914  1914 I Layer   : id=162209 Destroyed Surface(name=6a358c3 InputMethod)/@0x1a6cc79 - animation-leash of insets_animation#162209
09-25 13:19:23.282  3108  3230 D EnterpriseDeviceManagerService: isMdmAdminPresentInternal() : MDM Admin Found - com.samsung.knox.securefolder
09-25 13:19:23.283  5639  5639 I DecorView: [INFO] isPopOver=false config=true
09-25 13:19:23.283  5639  5639 I DecorView: updateCaptionType: isFloating=false isApplication=true hasWindowDecorCaption=false this=DecorView@1c956c7[]
09-25 13:19:23.283  5639  5639 D DecorView: setCaptionType = 0, this = DecorView@1c956c7[]
09-25 13:19:23.284  5639  5639 I DecorView: getCurrentDensityDpi: from real metrics. densityDpi=560 msg=resources_loaded
09-25 13:19:23.284  5639  5639 I DecorView: setWindowBackground: isPopOver=false color=ff010101 d=android.graphics.drawable.StateListDrawable@14c4f4
09-25 13:19:23.284  5639  5639 D LifecycleMonitor: Lifecycle status change: androidx.test.core.app.InstrumentationActivityInvoker$EmptyActivity@3b52c48 in: CREATED
09-25 13:19:23.284  5639  5639 V ActivityScenario: Activity lifecycle changed event received but ignored because the intent does not match. startActivityIntent=Intent { act=android.intent.action.MAIN cat=[android.intent.category.LAUNCHER] cmp=com.example.dogglers/.GridListActivity }, activity.getIntent()=Intent { act=android.intent.action.MAIN cat=[android.intent.category.LAUNCHER] flg=0x10000000 cmp=com.example.dogglers/androidx.test.core.app.InstrumentationActivityInvoker$EmptyActivity }, activity=androidx.test.core.app.InstrumentationActivityInvoker$EmptyActivity@3b52c48
09-25 13:19:23.284  8423  8423 I ActivityUtils: HomePackage : com.sec.android.app.launcher, resumePackageName : com.example.dogglers
09-25 13:19:23.284  3108  6142 I MediaSessionMonitor: Media session stopped : controllerList empty
09-25 13:19:23.285  5639  5639 D LifecycleMonitor: Lifecycle status change: androidx.test.core.app.InstrumentationActivityInvoker$EmptyActivity@3b52c48 in: STARTED
09-25 13:19:23.285  5639  5639 V ActivityScenario: Activity lifecycle changed event received but ignored because the intent does not match. startActivityIntent=Intent { act=android.intent.action.MAIN cat=[android.intent.category.LAUNCHER] cmp=com.example.dogglers/.GridListActivity }, activity.getIntent()=Intent { act=android.intent.action.MAIN cat=[android.intent.category.LAUNCHER] flg=0x10000000 cmp=com.example.dogglers/androidx.test.core.app.InstrumentationActivityInvoker$EmptyActivity }, activity=androidx.test.core.app.InstrumentationActivityInvoker$EmptyActivity@3b52c48
09-25 13:19:23.286  5639  5639 D LifecycleMonitor: Lifecycle status change: androidx.test.core.app.InstrumentationActivityInvoker$EmptyActivity@3b52c48 in: RESUMED
09-25 13:19:23.286  5639  5639 V ActivityScenario: Activity lifecycle changed event received but ignored because the intent does not match. startActivityIntent=Intent { act=android.intent.action.MAIN cat=[android.intent.category.LAUNCHER] cmp=com.example.dogglers/.GridListActivity }, activity.getIntent()=Intent { act=android.intent.action.MAIN cat=[android.intent.category.LAUNCHER] flg=0x10000000 cmp=com.example.dogglers/androidx.test.core.app.InstrumentationActivityInvoker$EmptyActivity }, activity=androidx.test.core.app.InstrumentationActivityInvoker$EmptyActivity@3b52c48
09-25 13:19:23.286  5639  5639 I MSHandlerLifeCycle: check: return. pkg=com.example.dogglers parent=null callers=com.android.internal.policy.DecorView.setVisibility:4412 android.app.ActivityThread.handleResumeActivity:5476 android.app.servertransaction.ResumeActivityItem.execute:54 android.app.servertransaction.ActivityTransactionItem.execute:45 android.app.servertransaction.TransactionExecutor.executeLifecycleState:176
09-25 13:19:23.286  5639  5639 I MSHandlerLifeCycle: removeMultiSplitHandler: no exist. decor=DecorView@1c956c7[]
09-25 13:19:23.287  5639  5729 D NativeCustomFrequencyManager: [NativeCFMS] BpCustomFrequencyManager::BpCustomFrequencyManager()
09-25 13:19:23.290  3108  6472 D InputDispatcher: Focus request (0): <null> but waiting because NOT_FOCUSABLE
09-25 13:19:23.290  3108  6472 D InputDispatcher: Focus left window (0): 67383b1 com.example.dogglers/androidx.test.core.app.InstrumentationActivityInvoker$EmptyActivity
09-25 13:19:23.290  3108  4074 D InputTransport: Input channel constructed: '9702e93', fd=1322
09-25 13:19:23.290  3108  4074 D InputTransport: Input channel constructed: '9702e93', fd=1332
09-25 13:19:23.290  3108  4074 D InputTransport: Input channel constructed: '9702e93', fd=1337
09-25 13:19:23.290  1914  2140 I SurfaceFlinger: id=162219 createSurf, flag=80004, 9702e93 com.example.dogglers/androidx.test.core.app.InstrumentationActivityInvoker$EmptyActivity#162219
09-25 13:19:23.292  3108  4074 D InputTransport: Input channel destroyed: '9702e93', fd=1337
