09-25 13:19:33.087  5639  5703 I TestRunner: started: vertical_scroll_content_at_first_position(com.example.dogglers.VerticalListTests)
09-25 13:19:33.090  5639  5703 W Settings: Setting always_finish_activities has moved from android.provider.Settings.System to android.provider.Settings.Global, returning read-only value.
09-25 13:19:33.094  3108  3230 I ChimeraSystemEventListener: appLaunchIntent package name is: com.example.dogglers
09-25 13:19:33.096  3108  5688 I SemDvfsHyPerManager: acquire hyper - AMS_APP_SWITCH/3108@23, type = -999
09-25 13:19:33.096  3108 29076 D RemoteAppTaskWatcher:  ****** RemoteAppTaskWatcher: Message Received 0 Task ID = 7123
09-25 13:19:33.096  1809  1855 I HYPER-HAL: [RequestManager.cpp]acquire(): Acquired ID : 4903169  [3108 / 23]    HINT : AMS_APP_SWITCH    list :
09-25 13:19:33.097  8328  8328 I SemDvfsHyPerManager: acquire hyper - APP_START_SHORT/8328@19, type = -999
09-25 13:19:33.097  1914  3199 I SurfaceFlinger: id=162651 createSurf, flag=24004, Task=7123#162651
09-25 13:19:33.097  1809  6395 I HYPER-HAL: [RequestManager.cpp]releaseLocked(): Released ID : 4890647
09-25 13:19:33.099  1914  3193 I SurfaceFlinger: id=162652 createSurf, flag=80004, ActivityRecord{dc7656c u0 com.example.dogglers/androidx.test.core.app.InstrumentationActivityInvoker$BootstrapActivity} t7123}#162652
09-25 13:19:33.102  1809  1855 I HYPER-HAL: [RequestManager.cpp]acquire(): Acquired ID : 34840397  [8328 / 19]    HINT : APP_START_LOW_HEAT    list : [TIMEOUT / 1500]
09-25 13:19:33.102  4768  4851 D NativeCustomFrequencyManager: [NativeCFMS] BpCustomFrequencyManager::BpCustomFrequencyManager()
09-25 13:19:33.103  2229  7517 I CameraService: onUidStateChanged: uid=10042, procState is changed. (0 -> 1)
09-25 13:19:33.104  3108  6476 I SemDvfsHyPerManager: acquire hyper - AMS_APP_LAUNCH/3108@19, type = -999
09-25 13:19:33.104  5759  5759 E pageboostd: Received HALT command code 2
09-25 13:19:33.104  1809  1855 I HYPER-HAL: [RequestManager.cpp]acquire(): Acquired ID : 4890647  [3108 / 19]    HINT : AMS_APP_LAUNCH    list :
09-25 13:19:33.105  8328  8328 I SemDvfsHyPerManager: acquire hyper - APP_START/8328@21, type = -999
09-25 13:19:33.105  3108 29076 D RemoteAppTaskWatcher:  ****** RemoteAppTaskWatcher: Message Received 4 Task ID = 7123
09-25 13:19:33.105  3108 29076 D RemoteAppTaskWatcher:  ****** RemoteAppTaskWatcher: Message Received 0 Task ID = 7123
09-25 13:19:33.106  3108  8629 D InputTransport: Input channel constructed: 'cd06217', fd=1132
09-25 13:19:33.106  3108  8629 D InputTransport: Input channel constructed: 'cd06217', fd=1143
09-25 13:19:33.106  3108  8629 D InputTransport: Input channel constructed: 'cd06217', fd=1144
09-25 13:19:33.106  1914  3199 I SurfaceFlinger: id=162653 createSurf, flag=80004, cd06217 Splash Screen com.example.dogglers#162653
09-25 13:19:33.107  1809  1855 I HYPER-HAL: [RequestManager.cpp]acquire(): Acquired ID : 34857096  [8328 / 21]    HINT : APP_START_LOW_HEAT    list :
09-25 13:19:33.108  3108  8629 D InputTransport: Input channel destroyed: 'cd06217', fd=1144
09-25 13:19:33.108  5369  5369 I BaseActivity: removeActivityFlags, flags : 16
09-25 13:19:33.108  5369  5369 I BaseActivity: removeActivityFlags, flags : 6
09-25 13:19:33.108  5369  5369 I DragController: endDrag
09-25 13:19:33.108  5369  5369 W LauncherAppWidgetHost: setShouldListenFlag, mFlags:15 flag:resume on:false isFront:false
09-25 13:19:33.108  5369  5369 I SPayUpdater: updateSpayHandler launcher activity is paused false
09-25 13:19:33.108  5369 11129 I WidgetRotationImpl: unsubscribeWidgetFocus 80
09-25 13:19:33.109  4768  4843 D InsetsController: onStateChanged: InsetsState: {mDisplayFrame=Rect(0, 0 - 1440, 3088), mDisplayCutout=DisplayCutout{insets=Rect(0, 100 - 0, 0) waterfall=Insets{left=0, top=0, right=0, bottom=0} boundingRect={Bounds=[Rect(0, 0 - 0, 0), Rect(685, 0 - 756, 100), Rect(0, 0 - 0, 0), Rect(0, 0 - 0, 0)]} cutoutPathParserInfo={CutoutPathParserInfo{displayWidth=1440 displayHeight=3088 physicalDisplayWidth=1440 physicalDisplayHeight=3088 density={3.75} cutoutSpec={M 0,0 H -9.466666666666667 V 26.66666666666667‬ H 9.466666666666667 V 0 H 0 Z @dp} rotation={0} scale={1.0} physicalPixelDisplaySizeRatio={1.0}}}}, mRoundedCorners=RoundedCorners{[RoundedCorner{position=TopLeft, radius=14, center=Point(14, 14)}, RoundedCorner{position=TopRight, radius=14, center=Point(1426, 14)}, RoundedCorner{position=BottomRight, radius=14, center=Point(1426, 3074)}, RoundedCorner{position=BottomLeft, radius=14, center=Point(14, 3074)}]}  mRoundedCornerFrame=Rect(0, 0 - 1440, 3088), mPrivacyIndicatorBounds=PrivacyIndicatorBounds {static bounds=Rect(1286, 0 - 1440, 100) rotation=0}, mSources= { InsetsSource: {mType=ITYPE_STATUS_BAR, mFrame=[0,0][1440,100], mVisible=true, mInsetsRoundedCornerFrame=false}, InsetsSource: {mType=ITYPE_NAVIGATION_BAR, mFrame=[0,3088][1440,3088], mVisible=true, mInsetsRoundedCornerFrame=false}, InsetsSource: {mType=ITYPE_LEFT_GESTURES, mFrame=[0,0][0,3088], mVisible=true, mInsetsRoundedCornerFrame=false}, InsetsSource: {mType=ITYPE_RIGHT_GESTURES, mFrame=[1440,0][1440,3088], mVisible=true, mInsetsRoundedCornerFrame=false}, InsetsSource: {mType=ITYPE_TOP_MANDATORY_GESTURES, mFrame=[0,0][1440,142], mVisible=true, mInsetsRoundedCornerFrame=false}, InsetsSource: {mType=ITYPE_BOTTOM_MANDATORY_GESTURES, mFrame=[0,3018][1440,3088], mVisible=true, mInsetsRoundedCornerFrame=false}, InsetsSource: {mType=ITYPE_LEFT_DISPLAY_CUTOUT, mFrame=[0,0][-100000,3088], mVisible=true, mInsetsRoundedCornerFrame=false}, InsetsSource: {mType=ITYPE_TOP_DISPLAY_CUTOUT, mFrame=[0,0][1440,100], mVisible=true, mInsetsRoundedCornerFrame=false}, InsetsSource: {mType=ITYPE_RIGHT_DISPLAY_CUTOUT, mFrame=[100000,0][1440,3088], mVisible=true, mInsetsRoundedCornerFrame=false}, InsetsSource: {mType=ITYPE_BOTTOM_DISPLAY_CUTOUT, mFrame=[0,100000][1440,3088], mVisible=true, mInsetsRoundedCornerFrame=false}, InsetsSource: {mType=ITYPE_TOP_TAPPABLE_ELEMENT, mFrame=[0,0][1440,100], mVisible=true, mInsetsRoundedCornerFrame=false}, InsetsSource: {mType=ITYPE_BOTTOM_TAPPABLE_ELEMENT, mFrame=[0,0][0,0], mVisible=true, mInsetsRoundedCornerFrame=false} } host=Splash Screen com.example.dogglers from=android.view.ViewRootImpl.setView:1732
09-25 13:19:33.109  5369 11129 I IntelligentPlatformManagerImpl: unsubscribeWidgetFocus() id : 80
09-25 13:19:33.111  3108  6476 D InputDispatcher: Focused application(0): ActivityRecord{dc7656c u0 com.example.dogglers/androidx.test.core.app.InstrumentationActivityInvoker$BootstrapActivity} t7123}
09-25 13:19:33.114  3108 29076 D RemoteAppTaskWatcher:  ****** RemoteAppTaskWatcher: Message Received 5 Task ID = 0
09-25 13:19:33.115  5369  5369 I TopTaskTracker: onTaskMovedToFront : taskId = 7123
09-25 13:19:33.116  3108  4605 D AS.MultiSoundManager: mForegroundUid = 10577
09-25 13:19:33.118  5639  5639 D LifecycleMonitor: Lifecycle status change: androidx.test.core.app.InstrumentationActivityInvoker$BootstrapActivity@b9ca6e6 in: PRE_ON_CREATE
09-25 13:19:33.118  6586 25742 I SAMSUNGWALLET: [Hint_ProcessStatusChange] fg Change, pid : 5639 , isNotify : false , isForeground : true , fg list : []
09-25 13:19:33.118  6586 25742 I SAMSUNGWALLET: [ProcessStatusChange] fg Change, pid : 5639 , isNotify : false , isForeground : true , fg list : []
09-25 13:19:33.118  5639  5639 V ActivityScenario: Activity lifecycle changed event received but ignored because the intent does not match. startActivityIntent=Intent { act=android.intent.action.MAIN cat=[android.intent.category.LAUNCHER] cmp=com.example.dogglers/.VerticalListActivity }, activity.getIntent()=Intent { act=android.intent.action.MAIN cat=[android.intent.category.LAUNCHER] flg=0x10008000 cmp=com.example.dogglers/androidx.test.core.app.InstrumentationActivityInvoker$BootstrapActivity (has extras) }, activity=androidx.test.core.app.InstrumentationActivityInvoker$BootstrapActivity@b9ca6e6
09-25 13:19:33.120  6586 25742 I SAMSUNGWALLET: [Hint_ProcessStatusChange] fg Change, pid : 5639 , isNotify : false , isForeground : true , fg list : []
09-25 13:19:33.120  6586 25742 I SAMSUNGWALLET: [ProcessStatusChange] fg Change, pid : 5639 , isNotify : false , isForeground : true , fg list : []
09-25 13:19:33.120  6586 25742 I SAMSUNGWALLET: [Hint_ProcessStatusChange] fg Change, pid : 5639 , isNotify : false , isForeground : true , fg list : []
09-25 13:19:33.120  6586 25742 I SAMSUNGWALLET: [ProcessStatusChange] fg Change, pid : 5639 , isNotify : false , isForeground : true , fg list : []
09-25 13:19:33.121  4768  4843 I ViewRootImpl@fb1605e[dogglers]: setView = android.widget.FrameLayout@62f246a TM=true
09-25 13:19:33.121  4768  4843 I ViewRootImpl@fb1605e[dogglers]: performTraversals params={(0,0)(fillxfill) sim={adjust=pan} ty=APPLICATION_STARTING fmt=TRANSLUCENT wanim=0x1030001
09-25 13:19:33.121  4768  4843 I ViewRootImpl@fb1605e[dogglers]:   fl=81030118
09-25 13:19:33.121  4768  4843 I ViewRootImpl@fb1605e[dogglers]:   pfl=16000010
09-25 13:19:33.121  4768  4843 I ViewRootImpl@fb1605e[dogglers]:   bhv=DEFAULT
09-25 13:19:33.121  4768  4843 I ViewRootImpl@fb1605e[dogglers]:   fitSides= naviIconColor=0}
09-25 13:19:33.121  8130  9622 I [AirCmd]_ActivitySwitchDetector: onTaskFocusChanged : taskId 7123
09-25 13:19:33.121 15286 15346 I Rubin   : [27752] t9.a.c(SourceFile:1) : Notify com.samsung.android.rubin.inferenceengine.contextanalytics.engine.loggers.d's database is updated.
09-25 13:19:33.121 15715 18710 I WindowsLink: (TaskInfoManager) +++++++++++onRecentTaskStackUpdated
09-25 13:19:33.121  4768  4843 I ViewRootImpl@fb1605e[dogglers]: performTraversals mFirst=true windowShouldResize=true viewVisibilityChanged=false mForceNextWindowRelayout=false params={(0,0)(fillxfill) sim={adjust=pan} ty=APPLICATION_STARTING fmt=TRANSLUCENT wanim=0x1030001
09-25 13:19:33.121  4768  4843 I ViewRootImpl@fb1605e[dogglers]:   fl=81030118
09-25 13:19:33.121  4768  4843 I ViewRootImpl@fb1605e[dogglers]:   pfl=16000010
09-25 13:19:33.121  4768  4843 I ViewRootImpl@fb1605e[dogglers]:   bhv=DEFAULT
09-25 13:19:33.121  4768  4843 I ViewRootImpl@fb1605e[dogglers]:   fitSides= naviIconColor=0}
09-25 13:19:33.122  5639  5639 I DecorView: [INFO] isPopOver=false config=true
09-25 13:19:33.122  5639  5639 I DecorView: updateCaptionType: isFloating=false isApplication=true hasWindowDecorCaption=false this=DecorView@2ea303b[]
09-25 13:19:33.122  5639  5639 D DecorView: setCaptionType = 0, this = DecorView@2ea303b[]
09-25 13:19:33.122  3108  3230 I SemPersonaManager: SecureFolder personaId = 150
09-25 13:19:33.123  1914  1914 I SurfaceFlinger: [c7375dc com.sec.android.app.launcher/com.sec.android.app.launcher.activities.LauncherActivity#176] FrameRatePriority: -1
09-25 13:19:33.123  5639  5639 I DecorView: getCurrentDensityDpi: from real metrics. densityDpi=560 msg=resources_loaded
09-25 13:19:33.123  5639  5639 I DecorView: setWindowBackground: isPopOver=false color=ff010101 d=android.graphics.drawable.StateListDrawable@10ab358
09-25 13:19:33.123  5639  5639 D LifecycleMonitor: Lifecycle status change: androidx.test.core.app.InstrumentationActivityInvoker$BootstrapActivity@b9ca6e6 in: CREATED
09-25 13:19:33.123  5639  5639 V ActivityScenario: Activity lifecycle changed event received but ignored because the intent does not match. startActivityIntent=Intent { act=android.intent.action.MAIN cat=[android.intent.category.LAUNCHER] cmp=com.example.dogglers/.VerticalListActivity }, activity.getIntent()=Intent { act=android.intent.action.MAIN cat=[android.intent.category.LAUNCHER] flg=0x10008000 cmp=com.example.dogglers/androidx.test.core.app.InstrumentationActivityInvoker$BootstrapActivity (has extras) }, activity=androidx.test.core.app.InstrumentationActivityInvoker$BootstrapActivity@b9ca6e6
09-25 13:19:33.123  3108  3146 V WindowManager: Relayout Window{cd06217 u0 Splash Screen com.example.dogglers}: viewVisibility=0 req=1440x3088 d0
09-25 13:19:33.123  1914  3193 I SurfaceFlinger: id=162654 createSurf, flag=40004, Splash Screen com.example.dogglers$_4768#162654
09-25 13:19:33.123  5639  5639 D LifecycleMonitor: Lifecycle status change: androidx.test.core.app.InstrumentationActivityInvoker$BootstrapActivity@b9ca6e6 in: STARTED
09-25 13:19:33.123  5639  5639 V ActivityScenario: Activity lifecycle changed event received but ignored because the intent does not match. startActivityIntent=Intent { act=android.intent.action.MAIN cat=[android.intent.category.LAUNCHER] cmp=com.example.dogglers/.VerticalListActivity }, activity.getIntent()=Intent { act=android.intent.action.MAIN cat=[android.intent.category.LAUNCHER] flg=0x10008000 cmp=com.example.dogglers/androidx.test.core.app.InstrumentationActivityInvoker$BootstrapActivity (has extras) }, activity=androidx.test.core.app.InstrumentationActivityInvoker$BootstrapActivity@b9ca6e6
09-25 13:19:33.125 15286 15346 I Rubin   : [27752] ha.e.m(SourceFile:6) : isSatisfiedByCmh is false
09-25 13:19:33.125  3108  6492 D InputDispatcher: Focus left window (0): c7375dc com.sec.android.app.launcher/com.sec.android.app.launcher.activities.LauncherActivity
09-25 13:19:33.126  5369  5369 I ViewRootImpl@7533534[LauncherActivity]: MSG_WINDOW_FOCUS_CHANGED 0 0
09-25 13:19:33.126  5369  5369 I BaseActivity: removeActivityFlags, flags : 8
09-25 13:19:33.127  8130  9622 I [AirCmd]_ActivitySwitchDetector: onTaskFocusChanged : componentName - ComponentInfo{com.example.dogglers/androidx.test.core.app.InstrumentationActivityInvoker$BootstrapActivity}
09-25 13:19:33.127  8130  9622 I [AirCmd]_ActivitySwitchDetector: onTaskFocusChanged : mTopMostActivity - ComponentInfo{com.sec.android.app.launcher/com.android.launcher3.uioverrides.QuickstepLauncher}
09-25 13:19:33.127  3108  3146 V WindowManager: Relayout hash=cd06217, pid=4768, syncId=-1: mAttrs={(0,0)(fillxfill) sim={adjust=pan} ty=APPLICATION_STARTING fmt=TRANSLUCENT wanim=0x1030001
09-25 13:19:33.127  3108  3146 V WindowManager:   fl=81030118
09-25 13:19:33.127  3108  3146 V WindowManager:   pfl=16000010
09-25 13:19:33.127  3108  3146 V WindowManager:   bhv=DEFAULT
09-25 13:19:33.127  3108  3146 V WindowManager:   fitSides= naviIconColor=0}
09-25 13:19:33.127  3108  3230 D EnterpriseDeviceManagerService: isMdmAdminPresentInternal() : MDM Admin Found - com.samsung.knox.securefolder
09-25 13:19:33.127  8130  9622 I [AirCmd]_CallbackRepeater: stopRepeat : isWorking=false
09-25 13:19:33.127  8130  9622 I [AirCmd]_MediaControlStateMonitor: isForegroundAppSupportsMediaButton : mediaSession is empty
09-25 13:19:33.128  4768  4843 D InsetsController: onStateChanged: InsetsState: {mDisplayFrame=Rect(0, 0 - 1440, 3088), mDisplayCutout=DisplayCutout{insets=Rect(0, 100 - 0, 0) waterfall=Insets{left=0, top=0, right=0, bottom=0} boundingRect={Bounds=[Rect(0, 0 - 0, 0), Rect(685, 0 - 756, 100), Rect(0, 0 - 0, 0), Rect(0, 0 - 0, 0)]} cutoutPathParserInfo={CutoutPathParserInfo{displayWidth=1440 displayHeight=3088 physicalDisplayWidth=1440 physicalDisplayHeight=3088 density={3.75} cutoutSpec={M 0,0 H -9.466666666666667 V 26.66666666666667‬ H 9.466666666666667 V 0 H 0 Z @dp} rotation={0} scale={1.0} physicalPixelDisplaySizeRatio={1.0}}}}, mRoundedCorners=RoundedCorners{[RoundedCorner{position=TopLeft, radius=14, center=Point(14, 14)}, RoundedCorner{position=TopRight, radius=14, center=Point(1426, 14)}, RoundedCorner{position=BottomRight, radius=14, center=Point(1426, 3074)}, RoundedCorner{position=BottomLeft, radius=14, center=Point(14, 3074)}]}  mRoundedCornerFrame=Rect(0, 0 - 1440, 3088), mPrivacyIndicatorBounds=PrivacyIndicatorBounds {static bounds=Rect(1286, 0 - 1440, 100) rotation=0}, mSources= { InsetsSource: {mType=ITYPE_STATUS_BAR, mFrame=[0,0][1440,100], mVisible=true, mInsetsRoundedCornerFrame=false}, InsetsSource: {mType=ITYPE_NAVIGATION_BAR, mFrame=[0,3088][1440,3088], mVisible=true, mInsetsRoundedCornerFrame=false}, InsetsSource: {mType=ITYPE_LEFT_GESTURES, mFrame=[0,0][0,3088], mVisible=true, mInsetsRoundedCornerFrame=false}, InsetsSource: {mType=ITYPE_RIGHT_GESTURES, mFrame=[1440,0][1440,3088], mVisible=true, mInsetsRoundedCornerFrame=false}, InsetsSource: {mType=ITYPE_TOP_MANDATORY_GESTURES, mFrame=[0,0][1440,142], mVisible=true, mInsetsRoundedCornerFrame=false}, InsetsSource: {mType=ITYPE_BOTTOM_MANDATORY_GESTURES, mFrame=[0,3018][1440,3088], mVisible=true, mInsetsRoundedCornerFrame=false}, InsetsSource: {mType=ITYPE_LEFT_DISPLAY_CUTOUT, mFrame=[0,0][-100000,3088], mVisible=true, mInsetsRoundedCornerFrame=false}, InsetsSource: {mType=ITYPE_TOP_DISPLAY_CUTOUT, mFrame=[0,0][1440,100], mVisible=true, mInsetsRoundedCornerFrame=false}, InsetsSource: {mType=ITYPE_RIGHT_DISPLAY_CUTOUT, mFrame=[100000,0][1440,3088], mVisible=true, mInsetsRoundedCornerFrame=false}, InsetsSource: {mType=ITYPE_BOTTOM_DISPLAY_CUTOUT, mFrame=[0,100000][1440,3088], mVisible=true, mInsetsRoundedCornerFrame=false}, InsetsSource: {mType=ITYPE_TOP_TAPPABLE_ELEMENT, mFrame=[0,0][1440,100], mVisible=true, mInsetsRoundedCornerFrame=false}, InsetsSource: {mType=ITYPE_BOTTOM_TAPPABLE_ELEMENT, mFrame=[0,0][0,0], mVisible=true, mInsetsRoundedCornerFrame=false}, InsetsSource: {mType=ITYPE_IME, mFrame=[0,0][0,0], mVisibleFrame=[0,3088][1440,3088], mVisible=false, mInsetsRoundedCornerFrame=false} } host=Splash Screen com.example.dogglers from=android.view.ViewRootImpl.relayoutWindow:9802
09-25 13:19:33.128  8130  9622 I [AirCmd]_MediaControlStateMonitor: active Notification List is null
09-25 13:19:33.128  8130  9622 I [AirCmd]_RemoteSpenMainController: hasGeneralAction : packageName is com.example.dogglers, activityName is androidx.test.core.app.InstrumentationActivityInvoker$BootstrapActivity, hasActions is false
09-25 13:19:33.128  8130  9622 I [AirCmd]_CameraAvailabilityMonitor: isCameraPreviewOn : mIsCameraPreviewOn is false
09-25 13:19:33.128  4768  4843 I ViewRootImpl@fb1605e[dogglers]: updateBlastSurfaceIfNeeded mBlastBufferQueue=null isSameSurfaceControl=false
09-25 13:19:33.128  4768  4843 I BLASTBufferQueue: new BLASTBufferQueue, mName= ViewRootImpl@fb1605e[dogglers] mNativeObject= 0xb400007705019c80 sc.mNativeObject= 0xb400007721bd1580 caller= android.view.ViewRootImpl.updateBlastSurfaceIfNeeded:2909 android.view.ViewRootImpl.relayoutWindow:9847 android.view.ViewRootImpl.performTraversals:3884 android.view.ViewRootImpl.doTraversal:3116 android.view.ViewRootImpl$TraversalRunnable.run:10885 android.view.Choreographer$CallbackRecord.run:1301 android.view.Choreographer$CallbackRecord.run:1309 android.view.Choreographer.doCallbacks:923 android.view.Choreographer.doFrame:852 android.view.Choreographer$FrameDisplayEventReceiver.run:1283
09-25 13:19:33.128  8130  9622 I [AirCmd]_CameraAvailabilityMonitor: isCameraPreviewOn : mIsCameraPreviewOn is false
09-25 13:19:33.128  4768  4843 I BLASTBufferQueue: update, w= 1440 h= 3088 mName = ViewRootImpl@fb1605e[dogglers] mNativeObject= 0xb400007705019c80 sc.mNativeObject= 0xb400007721bd1580 format= -3 caller= android.graphics.BLASTBufferQueue.<init>:84 android.view.ViewRootImpl.updateBlastSurfaceIfNeeded:2909 android.view.ViewRootImpl.relayoutWindow:9847 android.view.ViewRootImpl.performTraversals:3884 android.view.ViewRootImpl.doTraversal:3116 android.view.ViewRootImpl$TraversalRunnable.run:10885
09-25 13:19:33.129  4768  4843 I ViewRootImpl@fb1605e[dogglers]: Relayout returned: old=(0,0,1440,3088) new=(0,0,1440,3088) req=(1440,3088)0 dur=7 res=0x3 s={true 0xb4000076f5595000} ch=true seqId=0
09-25 13:19:33.129  4768  4843 I ViewRootImpl@fb1605e[dogglers]: performConfigurationChange setNightDimText nightDimLevel=0
09-25 13:19:33.129  4768  4843 I ViewRootImpl@fb1605e[dogglers]: mThreadedRenderer.initialize() mSurface={isValid=true 0xb4000076f5595000} hwInitialized=true
09-25 13:19:33.129  4768  4851 D OpenGLRenderer: eglCreateWindowSurface
09-25 13:19:33.130  1914  3199 I SurfaceFlinger: id=162655 createSurf, flag=80004, ActivityRecord{a458b59 u0 com.example.dogglers/.VerticalListActivity} t7123}#162655
09-25 13:19:33.132  5369  5369 I BadgeRenderer: Invalid count : 0
09-25 13:19:33.134  5759  5759 E pageboostd: Received HALT command code 2
09-25 13:19:33.134  5639  5639 D LifecycleMonitor: Lifecycle status change: androidx.test.core.app.InstrumentationActivityInvoker$BootstrapActivity@b9ca6e6 in: RESUMED
09-25 13:19:33.134  8130  9622 I [AirCmd]_MediaControlStateMonitor: isForegroundAppSupportsMediaButton : mediaSession is empty
09-25 13:19:33.134  5639  5639 V ActivityScenario: Activity lifecycle changed event received but ignored because the intent does not match. startActivityIntent=Intent { act=android.intent.action.MAIN cat=[android.intent.category.LAUNCHER] cmp=com.example.dogglers/.VerticalListActivity }, activity.getIntent()=Intent { act=android.intent.action.MAIN cat=[android.intent.category.LAUNCHER] flg=0x10008000 cmp=com.example.dogglers/androidx.test.core.app.InstrumentationActivityInvoker$BootstrapActivity (has extras) }, activity=androidx.test.core.app.InstrumentationActivityInvoker$BootstrapActivity@b9ca6e6
09-25 13:19:33.134  8130  9622 I [AirCmd]_MediaControlStateMonitor: active Notification List is null
09-25 13:19:33.134  8130  9622 I [AirCmd]_PenActionRule: getAction : get default action data from remote action because pen action data is null.
09-25 13:19:33.134  8130  9622 I [AirCmd]_ButtonActionDetector: enableDoubleClickDetection: enabled=true, doubleClickWaitInterval=300
09-25 13:19:33.134  8130  9622 I [AirCmd]_RemoteSpenMainController: onSwitch : package is com.example.dogglers   and activity is androidx.test.core.app.InstrumentationActivityInvoker$BootstrapActivity and isBleConnected is false and hasActions is false
09-25 13:19:33.134  4768  4843 I ViewRootImpl@fb1605e[dogglers]: reportNextDraw android.view.ViewRootImpl.performTraversals:4438 android.view.ViewRootImpl.doTraversal:3116 android.view.ViewRootImpl$TraversalRunnable.run:10885 android.view.Choreographer$CallbackRecord.run:1301 android.view.Choreographer$CallbackRecord.run:1309
09-25 13:19:33.134  4768  4843 I ViewRootImpl@fb1605e[dogglers]: Setup new sync id=0
09-25 13:19:33.134  4768  4843 I ViewRootImpl@fb1605e[dogglers]: Setting syncFrameCallback
09-25 13:19:33.134  4768  4843 I ViewRootImpl@fb1605e[dogglers]: registerCallbacksForSync syncBuffer=false
09-25 13:19:33.134  5639  5639 D LifecycleMonitor: Lifecycle status change: androidx.test.core.app.InstrumentationActivityInvoker$BootstrapActivity@b9ca6e6 in: PAUSED
09-25 13:19:33.134  5639  5639 V ActivityScenario: Activity lifecycle changed event received but ignored because the intent does not match. startActivityIntent=Intent { act=android.intent.action.MAIN cat=[android.intent.category.LAUNCHER] cmp=com.example.dogglers/.VerticalListActivity }, activity.getIntent()=Intent { act=android.intent.action.MAIN cat=[android.intent.category.LAUNCHER] flg=0x10008000 cmp=com.example.dogglers/androidx.test.core.app.InstrumentationActivityInvoker$BootstrapActivity (has extras) }, activity=androidx.test.core.app.InstrumentationActivityInvoker$BootstrapActivity@b9ca6e6
09-25 13:19:33.135  4768  4860 I ViewRootImpl@fb1605e[dogglers]: Received frameDrawingCallback syncResult=0 frameNum=1.
09-25 13:19:33.135  4768  4860 I ViewRootImpl@fb1605e[dogglers]: Setting up sync and frameCommitCallback
09-25 13:19:33.136  4768  4851 I BLASTBufferQueue: [ViewRootImpl@fb1605e[dogglers]#3983](f:0,a:0) onFrameAvailable the first frame is available
09-25 13:19:33.136  3108  3145 D InputDispatcher: Focused application(0): ActivityRecord{a458b59 u0 com.example.dogglers/.VerticalListActivity} t7123}
09-25 13:19:33.136  4768  4851 I ViewRootImpl@fb1605e[dogglers]: Received frameCommittedCallback lastAttemptedDrawFrameNum=1 didProduceBuffer=true
09-25 13:19:33.137  4768  4851 D OpenGLRenderer: CFMS:: SetUp Pid : 4768    Tid : 4851
09-25 13:19:33.137  3108 29076 D RemoteAppTaskWatcher:  ****** RemoteAppTaskWatcher: Message Received 5 Task ID = 0
09-25 13:19:33.137  8423  8423 I ActivityUtils: HomePackage : com.sec.android.app.launcher, resumePackageName : com.example.dogglers
09-25 13:19:33.140  4768  4843 I ViewRootImpl@fb1605e[dogglers]: onSyncComplete
09-25 13:19:33.140  4768  4843 I ViewRootImpl@fb1605e[dogglers]: setupSync seqId=0 mSyncId=0 fn=1 caller=android.view.ViewRootImpl$$ExternalSyntheticLambda11.accept:6 android.window.SurfaceSyncer.lambda$setupSync$1$android-window-SurfaceSyncer:128 android.window.SurfaceSyncer$$ExternalSyntheticLambda1.accept:8 android.window.SurfaceSyncer$SyncSet.checkIfSyncIsComplete:382 android.window.SurfaceSyncer$SyncSet.markSyncReady:359 android.window.SurfaceSyncer.markSyncReady:151 android.view.ViewRootImpl.performTraversals:4503
09-25 13:19:33.140  4768  4843 I ViewRootImpl@fb1605e[dogglers]: reportDrawFinished seqId=0 mSyncId=-1 fn=1 mSurfaceChangedTransaction=0xb4000076e571f200
09-25 13:19:33.142  3108  6142 I MediaSessionMonitor: Media session stopped : controllerList empty
09-25 13:19:33.144  1914  3199 I SurfaceFlinger: id=162656 createSurf, flag=24000, Surface(name=Task=1)/@0xeddbc98 - animation-leash of app_transition#162656
09-25 13:19:33.145 15715 18710 I WindowsLink: (TaskInfoManager) +++++++++++onRecentTaskStackUpdated
09-25 13:19:33.146  1914  3199 I SurfaceFlinger: id=162657 createSurf, flag=24004, Surface(name=Task=7123)/@0x74c4c91 - animation-leash of app_transition#162657
09-25 13:19:33.148  4768  4846 I ViewRootImpl@fb1605e[dogglers]: Resizing android.view.ViewRootImpl@326fd5b: frame = [0,0][1440,3088] reportDraw = false forceLayout = false syncSeqId = 0
09-25 13:19:33.148  4768  4843 I ViewRootImpl@fb1605e[dogglers]: handleResized, msg = 4 frames=ClientWindowFrames{frame=[0,0][1440,3088] display=[0,0][1440,3088] parentFrame=[0,0][0,0] parentClippedByDisplayCutout=false} forceNextWindowRelayout=false displayId=0 resizeMode=-1 frameChanged=false displayFrameChanged=false configChanged=false displayChanged=false
09-25 13:19:33.149  1914  3199 I SurfaceFlinger: id=162658 createSurf, flag=80000, 948ce1f ActivityRecordInputSink com.example.dogglers/androidx.test.core.app.InstrumentationActivityInvoker$BootstrapActivity#162658
09-25 13:19:33.149  1914  3199 I SurfaceFlinger: id=162659 createSurf, flag=80000, cb84a3 ActivityRecordInputSink com.example.dogglers/.VerticalListActivity#162659
09-25 13:19:33.151  4768  4838 D Bubbles : onLocusVisibilityChanged: LocusId[17_chars] visible=false
09-25 13:19:33.151  5639  5639 D LifecycleMonitor: Lifecycle status change: com.example.dogglers.VerticalListActivity@957f0e9 in: PRE_ON_CREATE
09-25 13:19:33.151  5639  5639 V ActivityScenario: Activity lifecycle changed event received but ignored because the reported transition was not ON_CREATE while the last known transition was PRE_ON_CREATE
09-25 13:19:33.153  3108  3230 I SemPersonaManager: SecureFolder personaId = 150
09-25 13:19:33.154  5639  5639 I DecorView: [INFO] isPopOver=false config=true
09-25 13:19:33.154  5639  5639 I DecorView: updateCaptionType: isFloating=false isApplication=true hasWindowDecorCaption=false this=DecorView@bdbf207[]
09-25 13:19:33.154  5639  5639 D DecorView: setCaptionType = 0, this = DecorView@bdbf207[]
09-25 13:19:33.155  5639  5639 I DecorView: getCurrentDensityDpi: from real metrics. densityDpi=560 msg=resources_loaded
09-25 13:19:33.155  5639  5639 I DecorView: setWindowBackground: isPopOver=false color=ff121212 d=android.graphics.drawable.ColorDrawable@718915d
09-25 13:19:33.156  1914  1914 I Layer   : Layer [Splash Screen com.example.dogglers$_4768#162654] hidden!! flag(0)
09-25 13:19:33.157  3108  3230 D EnterpriseDeviceManagerService: isMdmAdminPresentInternal() : MDM Admin Found - com.samsung.knox.securefolder
09-25 13:19:33.158  5639  5639 D LifecycleMonitor: Lifecycle status change: com.example.dogglers.VerticalListActivity@957f0e9 in: CREATED
09-25 13:19:33.158  5639  5639 V ActivityScenario: Update currentActivityStage to CREATED, currentActivity=com.example.dogglers.VerticalListActivity@957f0e9
09-25 13:19:33.159  8423  8423 I ActivityUtils: HomePackage : com.sec.android.app.launcher, resumePackageName : com.example.dogglers
09-25 13:19:33.159  3108  6142 I MediaSessionMonitor: Media session stopped : controllerList empty
09-25 13:19:33.159  5639  5639 D LifecycleMonitor: Lifecycle status change: com.example.dogglers.VerticalListActivity@957f0e9 in: STARTED
09-25 13:19:33.159  5639  5639 V ActivityScenario: Update currentActivityStage to STARTED, currentActivity=com.example.dogglers.VerticalListActivity@957f0e9
09-25 13:19:33.159  5639  5639 D LifecycleMonitor: Lifecycle status change: com.example.dogglers.VerticalListActivity@957f0e9 in: RESUMED
09-25 13:19:33.159  5639  5639 V ActivityScenario: Update currentActivityStage to RESUMED, currentActivity=com.example.dogglers.VerticalListActivity@957f0e9
09-25 13:19:33.160  5639  5639 I MSHandlerLifeCycle: check: return. pkg=com.example.dogglers parent=null callers=com.android.internal.policy.DecorView.setVisibility:4412 android.app.ActivityThread.handleResumeActivity:5476 android.app.servertransaction.ResumeActivityItem.execute:54 android.app.servertransaction.ActivityTransactionItem.execute:45 android.app.servertransaction.TransactionExecutor.executeLifecycleState:176
09-25 13:19:33.160  5639  5639 I MSHandlerLifeCycle: removeMultiSplitHandler: no exist. decor=DecorView@bdbf207[]
09-25 13:19:33.161  5639  5729 D NativeCustomFrequencyManager: [NativeCFMS] BpCustomFrequencyManager::BpCustomFrequencyManager()
09-25 13:19:33.163  3108  4074 D InputTransport: Input channel constructed: '725ada ', fd=1285
09-25 13:19:33.163  3108  4074 D InputTransport: Input channel constructed: '725ada ', fd=1286
09-25 13:19:33.163  3108  4074 D InputTransport: Input channel constructed: '725ada ', fd=1292
09-25 13:19:33.164  1914  3193 I SurfaceFlinger: id=162660 createSurf, flag=80004, 725ada com.example.dogglers/com.example.dogglers.VerticalListActivity#162660
09-25 13:19:33.165  3108  4074 D InputTransport: Input channel destroyed: '725ada ', fd=1292
09-25 13:19:33.165  5639  5639 D InsetsController: onStateChanged: InsetsState: {mDisplayFrame=Rect(0, 0 - 1440, 3088), mDisplayCutout=DisplayCutout{insets=Rect(0, 100 - 0, 0) waterfall=Insets{left=0, top=0, right=0, bottom=0} boundingRect={Bounds=[Rect(0, 0 - 0, 0), Rect(685, 0 - 756, 100), Rect(0, 0 - 0, 0), Rect(0, 0 - 0, 0)]} cutoutPathParserInfo={CutoutPathParserInfo{displayWidth=1440 displayHeight=3088 physicalDisplayWidth=1440 physicalDisplayHeight=3088 density={3.75} cutoutSpec={M 0,0 H -9.466666666666667 V 26.66666666666667‬ H 9.466666666666667 V 0 H 0 Z @dp} rotation={0} scale={1.0} physicalPixelDisplaySizeRatio={1.0}}}}, mRoundedCorners=RoundedCorners{[RoundedCorner{position=TopLeft, radius=14, center=Point(14, 14)}, RoundedCorner{position=TopRight, radius=14, center=Point(1426, 14)}, RoundedCorner{position=BottomRight, radius=14, center=Point(1426, 3074)}, RoundedCorner{position=BottomLeft, radius=14, center=Point(14, 3074)}]}  mRoundedCornerFrame=Rect(0, 0 - 1440, 3088), mPrivacyIndicatorBounds=PrivacyIndicatorBounds {static bounds=Rect(1286, 0 - 1440, 100) rotation=0}, mSources= { InsetsSource: {mType=ITYPE_STATUS_BAR, mFrame=[0,0][1440,100], mVisible=true, mInsetsRoundedCornerFrame=false}, InsetsSource: {mType=ITYPE_NAVIGATION_BAR, mFrame=[0,3088][1440,3088], mVisible=true, mInsetsRoundedCornerFrame=false}, InsetsSource: {mType=ITYPE_LEFT_GESTURES, mFrame=[0,0][0,3088], mVisible=true, mInsetsRoundedCornerFrame=false}, InsetsSource: {mType=ITYPE_RIGHT_GESTURES, mFrame=[1440,0][1440,3088], mVisible=true, mInsetsRoundedCornerFrame=false}, InsetsSource: {mType=ITYPE_TOP_MANDATORY_GESTURES, mFrame=[0,0][1440,142], mVisible=true, mInsetsRoundedCornerFrame=false}, InsetsSource: {mType=ITYPE_BOTTOM_MANDATORY_GESTURES, mFrame=[0,3018][1440,3088], mVisible=true, mInsetsRoundedCornerFrame=false}, InsetsSource: {mType=ITYPE_LEFT_DISPLAY_CUTOUT, mFrame=[0,0][-100000,3088], mVisible=true, mInsetsRoundedCornerFrame=false}, InsetsSource: {mType=ITYPE_TOP_DISPLAY_CUTOUT, mFrame=[0,0][1440,100], mVisible=true, mInsetsRoundedCornerFrame=false}, InsetsSource: {mType=ITYPE_RIGHT_DISPLAY_CUTOUT, mFrame=[100000,0][1440,3088], mVisible=true, mInsetsRoundedCornerFrame=false}, InsetsSource: {mType=ITYPE_BOTTOM_DISPLAY_CUTOUT, mFrame=[0,100000][1440,3088], mVisible=true, mInsetsRoundedCornerFrame=false}, InsetsSource: {mType=ITYPE_TOP_TAPPABLE_ELEMENT, mFrame=[0,0][1440,100], mVisible=true, mInsetsRoundedCornerFrame=false}, InsetsSource: {mType=ITYPE_BOTTOM_TAPPABLE_ELEMENT, mFrame=[0,0][0,0], mVisible=true, mInsetsRoundedCornerFrame=false}, InsetsSource: {mType=ITYPE_IME, mFrame=[0,0][0,0], mVisibleFrame=[0,3088][1440,3088], mVisible=false, mInsetsRoundedCornerFrame=false} } host=com.example.dogglers/com.example.dogglers.VerticalListActivity from=android.view.ViewRootImpl.setView:1732
09-25 13:19:33.167  5639  5639 I ViewRootImpl@d35bf93[VerticalListActivity]: setView = com.android.internal.policy.DecorView@bdbf207 TM=true
09-25 13:19:33.167  5639  5639 I MSHandlerLifeCycle: removeMultiSplitHandler: no exist. decor=DecorView@bdbf207[VerticalListActivity]
09-25 13:19:33.168  3108  3338 D AnalyticsContainerHandler: handleMessage : { when=0 what=1 target=com.android.server.knox.KnoxAnalyticsContainer$AnalyticsHandler }
09-25 13:19:33.169  5639  5639 I ViewRootImpl@d35bf93[VerticalListActivity]: performTraversals params={(0,0)(fillxfill) sim={adjust=resize forwardNavigation} ty=BASE_APPLICATION wanim=0x1030309
09-25 13:19:33.169  5639  5639 I ViewRootImpl@d35bf93[VerticalListActivity]:   fl=81810100
09-25 13:19:33.169  5639  5639 I ViewRootImpl@d35bf93[VerticalListActivity]:   pfl=12020040
09-25 13:19:33.169  5639  5639 I ViewRootImpl@d35bf93[VerticalListActivity]:   bhv=DEFAULT
09-25 13:19:33.169  5639  5639 I ViewRootImpl@d35bf93[VerticalListActivity]:   fitSides= naviIconColor=0}
09-25 13:19:33.170  5639  5639 I ViewRootImpl@d35bf93[VerticalListActivity]: performTraversals mFirst=true windowShouldResize=true viewVisibilityChanged=false mForceNextWindowRelayout=false params={(0,0)(fillxfill) sim={adjust=resize forwardNavigation} ty=BASE_APPLICATION wanim=0x1030309
09-25 13:19:33.170  5639  5639 I ViewRootImpl@d35bf93[VerticalListActivity]:   fl=81810100
09-25 13:19:33.170  5639  5639 I ViewRootImpl@d35bf93[VerticalListActivity]:   pfl=12020040
09-25 13:19:33.170  5639  5639 I ViewRootImpl@d35bf93[VerticalListActivity]:   bhv=DEFAULT
09-25 13:19:33.170  5639  5639 I ViewRootImpl@d35bf93[VerticalListActivity]:   fitSides= naviIconColor=0}
09-25 13:19:33.170  3108  4074 V WindowManager: Relayout Window{725ada u0 com.example.dogglers/com.example.dogglers.VerticalListActivity}: viewVisibility=0 req=1440x3088 d0
09-25 13:19:33.170  1914  3193 I SurfaceFlinger: id=162661 createSurf, flag=40004, com.example.dogglers/com.example.dogglers.VerticalListActivity$_5639#162661
09-25 13:19:33.172  1914  3193 I SurfaceFlinger: id=162662 createSurf, flag=24000, Surface(name=4eb27f5 StatusBar)/@0x43fa543 - animation-leash of insets_animation#162662
09-25 13:19:33.172  1914  3193 I SurfaceFlinger: id=162663 createSurf, flag=24000, Surface(name=d110b4c NavigationBar0)/@0x8bdb781 - animation-leash of insets_animation#162663
09-25 13:19:33.173  3108  4074 V WindowManager: Relayout hash=725ada, pid=5639, syncId=-1: mAttrs={(0,0)(fillxfill) sim={adjust=resize forwardNavigation} ty=BASE_APPLICATION wanim=0x1030309
09-25 13:19:33.173  3108  4074 V WindowManager:   fl=81810100
09-25 13:19:33.173  3108  4074 V WindowManager:   pfl=12020040
09-25 13:19:33.173  3108  4074 V WindowManager:   bhv=DEFAULT
09-25 13:19:33.173  3108  4074 V WindowManager:   fitSides= naviIconColor=0}
09-25 13:19:33.173  5369 18503 I TouchInteractionService: onSystemUiStateChanged, stateFlags : 131120 |a11y_click|a11y_long_click|allow_gesture|
09-25 13:19:33.173  5369  5369 I RecentsAnimationDeviceState: setSystemUiFlags, stateFlags : 131120
09-25 13:19:33.173  5369  5369 W SGestureOverlayWindow: setVisibilityGestureOverlayWindow, visibility = 0
09-25 13:19:33.173  5369  5369 I TouchInteractionService: onSystemUiFlagsChanged, lastSysUIFlags : 48
09-25 13:19:33.174  5639  5639 I ViewRootImpl@d35bf93[VerticalListActivity]: updateBlastSurfaceIfNeeded mBlastBufferQueue=null isSameSurfaceControl=false
09-25 13:19:33.174  5639  5639 I BLASTBufferQueue: new BLASTBufferQueue, mName= ViewRootImpl@d35bf93[VerticalListActivity] mNativeObject= 0xb4000077a1044980 sc.mNativeObject= 0xb4000077a103e5c0 caller= android.view.ViewRootImpl.updateBlastSurfaceIfNeeded:2909 android.view.ViewRootImpl.relayoutWindow:9847 android.view.ViewRootImpl.performTraversals:3884 android.view.ViewRootImpl.doTraversal:3116 android.view.ViewRootImpl$TraversalRunnable.run:10885 android.view.Choreographer$CallbackRecord.run:1301 android.view.Choreographer$CallbackRecord.run:1309 android.view.Choreographer.doCallbacks:923 android.view.Choreographer.doFrame:852 android.view.Choreographer$FrameDisplayEventReceiver.run:1283
09-25 13:19:33.174  5639  5639 I BLASTBufferQueue: update, w= 1440 h= 3088 mName = ViewRootImpl@d35bf93[VerticalListActivity] mNativeObject= 0xb4000077a1044980 sc.mNativeObject= 0xb4000077a103e5c0 format= -1 caller= android.graphics.BLASTBufferQueue.<init>:84 android.view.ViewRootImpl.updateBlastSurfaceIfNeeded:2909 android.view.ViewRootImpl.relayoutWindow:9847 android.view.ViewRootImpl.performTraversals:3884 android.view.ViewRootImpl.doTraversal:3116 android.view.ViewRootImpl$TraversalRunnable.run:10885
09-25 13:19:33.174  5639  5639 I ViewRootImpl@d35bf93[VerticalListActivity]: Relayout returned: old=(0,0,1440,3088) new=(0,0,1440,3088) req=(1440,3088)0 dur=4 res=0x3 s={true 0xb40000774e167000} ch=true seqId=0
09-25 13:19:33.174  5639  5639 I ViewRootImpl@d35bf93[VerticalListActivity]: performConfigurationChange setNightDimText nightDimLevel=0
09-25 13:19:33.175  5639  5639 I ViewRootImpl@d35bf93[VerticalListActivity]: mThreadedRenderer.initialize() mSurface={isValid=true 0xb40000774e167000} hwInitialized=true
09-25 13:19:33.175  5639  5729 D OpenGLRenderer: eglCreateWindowSurface
09-25 13:19:33.175  1914  1914 D SurfaceFlinger: Display 4630947093241269891 HWC layers:
09-25 13:19:33.175  1914  1914 D SurfaceFlinger:      CLIENT | 0xb400007af6c13480 | 0100 | RGBx_8888    |  592.0    0.0 1628.0 2220.0 |    0    0 1440 3088 | Wallpaper BBQ wrapper#90
09-25 13:19:33.175  1914  1914 D SurfaceFlinger:      CLIENT | 0xb400007aeb20f900 | 0100 | RGBA_8888    |    0.0    0.0 1440.0 3088.0 |    0    0 1440 3088 | com.sec.android.app.launcher/com.sec[...]rActivity$_5369#162641 (blurRegions)
09-25 13:19:33.175  1914  1914 D SurfaceFlinger:      DEVICE | 0xb400007af86f9080 | 0100 | RGBA_8888    |    0.0    0.0 1440.0 3088.0 |  105  225 1335 2863 | Splash Screen com.example.dogglers$_4768#162654
09-25 13:19:33.175  1914  1914 D SurfaceFlinger:      DEVICE | 0xb400007af6c14880 | 0100 | RGBA_8888    |    0.0    0.0 1440.0  100.0 |    0    0 1440  100 | StatusBar$_4768#95
09-25 13:19:33.175  1914  1914 D SurfaceFlinger:      DEVICE | 0xb400007af8705400 | 0100 | RGBA_8888    |    0.0    0.0   67.0  589.0 |    0  562   67 1151 | com.samsung.android.app.cocktailbars[...]vice.CocktailBarService$_8423#156853
09-25 13:19:33.175  1914  1914 D SurfaceFlinger:      DEVICE | 0xb400007af8705500 | 0100 | RGBA_8888    |    0.0    0.0  518.0   48.0 |  922 3040 1440 3088 | SGestureOverlayWindow$_5369#156268
09-25 13:19:33.175  1914  1914 D SurfaceFlinger:      DEVICE | 0xb400007af6c15880 | 0100 | RGBA
09-25 13:19:33.175  1914  1914 D SurfaceFlinger: _8888    |    0.0    0.0 1440.0  168.0 |    0 2920 1440 3088 | NavigationBar0$_4768#92
09-25 13:19:33.175  1914  1914 D SurfaceFlinger:
09-25 13:19:33.181  1914  1914 I Layer   : id=162642 removedFromDrawingState Surface(name=4eb27f5 StatusBar)/@0x43fa543 - animation-leash of insets_animation#162642 (333)
09-25 13:19:33.181  1914  1914 I Layer   : id=162643 removedFromDrawingState Surface(name=d110b4c NavigationBar0)/@0x8bdb781 - animation-leash of insets_animation#162643 (333)
09-25 13:19:33.181  1914  1914 I SurfaceFlinger: [725ada com.example.dogglers/com.example.dogglers.VerticalListActivity#162660] FrameRatePriority: 1
09-25 13:19:33.181  1914  1914 I SurfaceFlinger: id=162642 Removed Surface(name=4eb27f5 StatusBar)/@0x43fa543 - animation-leash of insets_animation#162642 (333)
09-25 13:19:33.181  1914  1914 I SurfaceFlinger: id=162643 Removed Surface(name=d110b4c NavigationBar0)/@0x8bdb781 - animation-leash of insets_animation#162643 (333)
09-25 13:19:33.181  1914  1914 I Layer   : id=162642 Destroyed Surface(name=4eb27f5 StatusBar)/@0x43fa543 - animation-leash of insets_animation#162642
09-25 13:19:33.181  1914  1914 I Layer   : id=162643 Destroyed Surface(name=d110b4c NavigationBar0)/@0x8bdb781 - animation-leash of insets_animation#162643
09-25 13:19:33.182  3108  4074 D InputDispatcher: Focus request (0): 725ada com.example.dogglers/com.example.dogglers.VerticalListActivity but waiting because NO_WINDOW
09-25 13:19:33.184  5639  5639 I ViewRootImpl@d35bf93[VerticalListActivity]: reportNextDraw android.view.ViewRootImpl.performTraversals:4438 android.view.ViewRootImpl.doTraversal:3116 android.view.ViewRootImpl$TraversalRunnable.run:10885 android.view.Choreographer$CallbackRecord.run:1301 android.view.Choreographer$CallbackRecord.run:1309
09-25 13:19:33.184  5639  5639 I ViewRootImpl@d35bf93[VerticalListActivity]: Setup new sync id=0
09-25 13:19:33.184  5639  5639 I ViewRootImpl@d35bf93[VerticalListActivity]: Setting syncFrameCallback
09-25 13:19:33.184  5639  5639 I ViewRootImpl@d35bf93[VerticalListActivity]: registerCallbacksForSync syncBuffer=false
09-25 13:19:33.186  5639  5771 I ViewRootImpl@d35bf93[VerticalListActivity]: Received frameDrawingCallback syncResult=0 frameNum=1.
09-25 13:19:33.186  5639  5771 I ViewRootImpl@d35bf93[VerticalListActivity]: Setting up sync and frameCommitCallback
09-25 13:19:33.187  5639  5729 I BLASTBufferQueue: [ViewRootImpl@d35bf93[VerticalListActivity]#57](f:0,a:0) onFrameAvailable the first frame is available
09-25 13:19:33.188  5639  5729 I ViewRootImpl@d35bf93[VerticalListActivity]: Received frameCommittedCallback lastAttemptedDrawFrameNum=1 didProduceBuffer=true
09-25 13:19:33.188  5639  5729 D OpenGLRenderer: CFMS:: SetUp Pid : 5639    Tid : 5729
09-25 13:19:33.190  5639  5639 I ViewRootImpl@d35bf93[VerticalListActivity]: onSyncComplete
09-25 13:19:33.190  5639  5639 I ViewRootImpl@d35bf93[VerticalListActivity]: setupSync seqId=0 mSyncId=0 fn=1 caller=android.view.ViewRootImpl$$ExternalSyntheticLambda11.accept:6 android.window.SurfaceSyncer.lambda$setupSync$1$android-window-SurfaceSyncer:128 android.window.SurfaceSyncer$$ExternalSyntheticLambda1.accept:8 android.window.SurfaceSyncer$SyncSet.checkIfSyncIsComplete:382 android.window.SurfaceSyncer$SyncSet.markSyncReady:359 android.window.SurfaceSyncer.markSyncReady:151 android.view.ViewRootImpl.performTraversals:4503
09-25 13:19:33.190  5639  5639 I ViewRootImpl@d35bf93[VerticalListActivity]: reportDrawFinished seqId=0 mSyncId=-1 fn=1 mSurfaceChangedTransaction=0xb4000077a103af00
09-25 13:19:33.193  5639  5639 D RootViewPicker: Root not ready - waiting: 10ms for one to appear.
09-25 13:19:33.193  3108  3227 W ziparchive: Unable to open '/data/app/~~ATcZRD0F-LmHTuxfrkuUPg==/com.example.dogglers-ejGvQ7nyEoA-Sr0nwgcZYw==/base.dm': No such file or directory
09-25 13:19:33.193  3108  3227 I PkgPredictorService-SecIpmManagerServiceImpl: reportToNAP uid:10577 com.example.dogglers/com.example.dogglers.VerticalListActivity thisTime:98
09-25 13:19:33.193  3108  3145 I SemDvfsHyPerManager: acquire hyper - AMS_RESUME_TAIL/3108@20, type = -999
09-25 13:19:33.194  3108  3145 I SemDvfsHyPerManager: acquire hyper - AMS_ACT_LAZY/3108@21, type = -999
09-25 13:19:33.194  1809  1855 I HYPER-HAL: [RequestManager.cpp]acquire(): Acquired ID : 4893776  [3108 / 20]    HINT : AMS_RESUME_TAIL    list :
09-25 13:19:33.194  3108  3227 I ActivityTaskManager: Displayed com.example.dogglers/.VerticalListActivity: +98ms
09-25 13:19:33.194  5759  5759 E pageboostd: Received HALT command code 2
09-25 13:19:33.195  1914  2140 I SurfaceFlinger: id=162664 createSurf, flag=24000, Surface(name=725ada com.example.dogglers/com.example.dogglers.VerticalListActivity)/@0x90931df - animation-leash of starting_reveal#162664
09-25 13:19:33.196  1809  1855 I HYPER-HAL: [RequestManager.cpp]acquire(): Acquired ID : 4896906  [3108 / 21]    HINT : AMS_ACT_LAZY    list :
09-25 13:19:33.198  1914  1914 I Layer   : Layer [com.example.dogglers/com.example.dogglers.VerticalListActivity$_5639#162661] hidden!! flag(0)
09-25 13:19:33.198  4768  4861 I ViewRootImpl@fb1605e[dogglers]: mWNT: t=0xb400007731efa700 mBlastBufferQueue=0xb400007705019c80 fn= 2 caller= android.view.SyncRtSurfaceTransactionApplier.applyTransaction:96 android.view.SyncRtSurfaceTransactionApplier.lambda$scheduleApply$0$android-view-SyncRtSurfaceTransactionApplier:69 android.view.SyncRtSurfaceTransactionApplier$$ExternalSyntheticLambda0.onFrameDraw:4
09-25 13:19:33.198  4768  4861 I ViewRootImpl@fb1605e[dogglers]: mWNT: t=0xb400007731efa800 mBlastBufferQueue=0xb400007705019c80 fn= 2 caller= android.view.SyncRtSurfaceTransactionApplier.applyTransaction:96 android.view.SyncRtSurfaceTransactionApplier.lambda$scheduleApply$0$android-view-SyncRtSurfaceTransactionApplier:69 android.view.SyncRtSurfaceTransactionApplier$$ExternalSyntheticLambda0.onFrameDraw:4
09-25 13:19:33.199  3108  3145 D InputDispatcher: Focus entered window (0): 725ada com.example.dogglers/com.example.dogglers.VerticalListActivity
09-25 13:19:33.200  5639  5639 I ViewRootImpl@d35bf93[VerticalListActivity]: MSG_WINDOW_FOCUS_CHANGED 1 0
09-25 13:19:33.200  1914  1914 D SurfaceFlinger: Display 4630947093241269891 HWC layers:
09-25 13:19:33.200  1914  1914 D SurfaceFlinger:      CLIENT | 0xb400007af6c13480 | 0100 | RGBx_8888    |  592.0    0.0 1628.0 2220.0 |    0    0 1440 3088 | Wallpaper BBQ wrapper#90
09-25 13:19:33.200  1914  1914 D SurfaceFlinger:      CLIENT | 0xb400007aeb20f900 | 0100 | RGBA_8888    |    0.0    0.0 1440.0 3088.0 |    0    0 1440 3088 | com.sec.android.app.launcher/com.sec[...]rActivity$_5369#162641 (blurRegions)
09-25 13:19:33.200  1914  1914 D SurfaceFlinger:      DEVICE | 0xb400007af6c13f00 | 0102 | RGBA_8888    |    0.0    0.0 1440.0 3088.0 |   89  191 1351 2897 | com.example.dogglers/com.example.dogglers.VerticalListActivity$_5639#162661
09-25 13:19:33.200  1914  1914 D SurfaceFlinger:      DEVICE | 0xb400007af86f9080 | 0100 | RGBA_8888    |    0.0    0.0 1440.0 3088.0 |   89  191 1351 2897 | Splash Screen com.example.dogglers$_4768#162654
09-25 13:19:33.200  1914  1914 D SurfaceFlinger:      DEVICE | 0xb400007af6c14880 | 0100 | RGBA_8888    |    0.0    0.0 1440.0  100.0 |    0    0 1440  100 | StatusBar$_4768#95
09-25 13:19:33.200  1914  1914 D SurfaceFlinger:      DEVICE | 0xb400007af8705400 | 0100 | RGBA_8888    |    0.0    0.0   67.0  589.0 |    0  562   67 1151 | com.samsung.android.app.cocktailbars[...]vice.CocktailBarService$_8423#156853
09-25 13:19:33.200  1914  1914 D SurfaceFlinger:
09-25 13:19:33.200  1914  1914 D SurfaceFlinger: DEVICE | 0xb400007af8705500 | 0100 | RGBA_8888    |    0.0    0.0  518.0   48.0 |  922 3040 1440 3088 | SGestureOverlayWindow$_5369#156268
09-25 13:19:33.200  1914  1914 D SurfaceFlinger:      DEVICE | 0xb400007af6c15880 | 0100 | RGBA_8888    |    0.0    0.0 1440.0  168.0 |    0 2920 1440 3088 | NavigationBar0$_4768#92
09-25 13:19:33.200  1914  1914 D SurfaceFlinger:
09-25 13:19:33.201  5639  5639 I ViewRootImpl@d35bf93[VerticalListActivity]: mThreadedRenderer.initializeIfNeeded()#2 mSurface={isValid=true 0xb40000774e167000}
09-25 13:19:33.201  5639  5639 D InputMethodManager: startInputInner - Id : 0
09-25 13:19:33.201  5639  5639 I InputMethodManager: startInputInner - mService.startInputOrWindowGainedFocus
09-25 13:19:33.202  3108  3145 D InputMethodManagerService: DESKTOP MODE! : 2
09-25 13:19:33.202  3108  3145 D InputMethodManagerService: NOT IN KNOX DESKTOP MODE!
09-25 13:19:33.202  3108  3145 V InputMethodManagerService: getDisplayIdOfInputMethodWindowToBeAdded: displayId=0
09-25 13:19:33.202  3108  3145 D InputMethodManagerService: isImeSwitcherDisabledPackage : false
09-25 13:19:33.202  1809  1855 I HYPER-HAL: [RequestManager.cpp]releaseLocked(): Released ID : 4903169
09-25 13:19:33.202  3108  3145 D InputMethodManagerService: checkDisplayOfStartInputAndUpdateKeyboard: displayId=0, mFocusedDisplayId=0
09-25 13:19:33.202  3108  3145 D InputTransport: Input channel constructed: 'ClientS', fd=1292
09-25 13:19:33.202  3108  3145 D InputTransport: Input channel destroyed: 'ClientS', fd=1292
09-25 13:19:33.202  1864  1864 I sehhealth-service: updateLrpSysfs: write: 311
09-25 13:19:33.204  5639  5639 I ViewInteraction: Checking 'MatchesViewAssertion{viewMatcher=(view has effective visibility <VISIBLE> and view.getGlobalVisibleRect() to return non-empty rectangle)}' assertion on view an instance of android.widget.TextView and view.getText() with or without transformation to match: is "Tzeitel"
09-25 13:19:33.205  5639  5639 I ViewInteraction: Checking 'MatchesViewAssertion{viewMatcher=(view has effective visibility <VISIBLE> and view.getGlobalVisibleRect() to return non-empty rectangle)}' assertion on view an instance of android.widget.TextView and view.getText() with or without transformation to match: is "Age: 7"
09-25 13:19:33.205  5639  5639 I ViewInteraction: Checking 'MatchesViewAssertion{viewMatcher=(view has effective visibility <VISIBLE> and view.getGlobalVisibleRect() to return non-empty rectangle)}' assertion on view an instance of android.widget.TextView and view.getText() with or without transformation to match: is "Hobbies: sunbathing"
09-25 13:19:33.206  1864  1881 E BatteryDump: !@new_battery_dump : 4339,-322,475,550,100,287,287,370,287,0,306,346,0,Full,NO_CHARGING,Normal,Good,USB,1,Normal,0,0,5400,0x0,0x10000,0x0,0000,0000,00000000,0,0,0,0,133,4360,9997,990,0,
