09-25 13:19:31.775  4768  4851 D OpenGLRenderer: setSurface called with nullptr
09-25 13:19:31.776  4768  4801 W System  : A resource failed to call release.
09-25 13:19:31.776  1914  3193 I SurfaceFlinger: id=162537 Removed Task=7120#162537 (349)
09-25 13:19:31.776  4768  4801 W System  : A resource failed to call release.
09-25 13:19:31.776  1914  3193 I SurfaceFlinger: id=162498 Removed Task=7119#162498 (349)
09-25 13:19:31.776  4768  4801 W System  : A resource failed to call release.
09-25 13:19:31.776  1914  3193 I SurfaceFlinger: id=162460 Removed Task=7118#162460 (349)
09-25 13:19:31.776  4768  4801 W System  : A resource failed to call release.
09-25 13:19:31.776  1914  3193 I SurfaceFlinger: id=162421 Removed Task=7117#162421 (349)
09-25 13:19:31.776  4768  4801 W System  : A resource failed to call release.
09-25 13:19:31.776  1914  3193 I SurfaceFlinger: id=162385 Removed Task=7116#162385 (349)
09-25 13:19:31.781  1914  1914 I Layer   : id=162537 Destroyed Task=7120#162537
09-25 13:19:31.781  1914  1914 I Layer   : id=162588 Destroyed Surface(name=752e3c1 com.example.dogglers/com.example.dogglers.VerticalListActivity)/@0xd7b50ec - animation-leash of starting_reveal#162588
09-25 13:19:31.781  1914  1914 I Layer   : id=162421 Destroyed Task=7117#162421
09-25 13:19:31.781  1914  1914 I Layer   : id=162460 Destroyed Task=7118#162460
09-25 13:19:31.781  1914  1914 I Layer   : id=162434 Destroyed Surface(name=e919e40 com.example.dogglers/com.example.dogglers.HorizontalListActivity)/@0xa2aa722 - animation-leash of starting_reveal#162434
09-25 13:19:31.781  1914  1914 I Layer   : id=162550 Destroyed Surface(name=d6c5b33 com.example.dogglers/com.example.dogglers.VerticalListActivity)/@0x76320b4 - animation-leash of starting_reveal#162550
09-25 13:19:31.781  1914  1914 I Layer   : id=162511 Destroyed Surface(name=50cf4a4 com.example.dogglers/com.example.dogglers.HorizontalListActivity)/@0x1216691 - animation-leash of starting_reveal#162511
09-25 13:19:31.781  1914  1914 I Layer   : id=162473 Destroyed Surface(name=ed04ec5 com.example.dogglers/com.example.dogglers.HorizontalListActivity)/@0xde369be - animation-leash of starting_reveal#162473
09-25 13:19:31.781  1914  1914 I Layer   : id=162385 Destroyed Task=7116#162385
09-25 13:19:31.781  1914  1914 I Layer   : id=162498 Destroyed Task=7119#162498
09-25 13:19:31.781  5369  5369 I Launcher.AppsViewCellLayout: com.android.homescreen.apptray.AppsViewCellLayout{118f2a4 V.ED..... ........ 15341,100-16679,2951}[a=1.0,v=0,sId=11] setAlpha : 1.0
09-25 13:19:31.782  5369  5584 I ViewRootImpl@7533534[LauncherActivity]: mWNT: t=0xb40000772bb64a00 mBlastBufferQueue=0xb400007720986880 fn= 106 caller= com.android.systemui.shared.launcher.ViewRootImplCompat.mergeWithNextTransaction:2 com.android.quickstep.util.SurfaceTransactionApplier.lambda$scheduleApply$0:2 com.android.quickstep.util.SurfaceTransactionApplier.b:0
09-25 13:19:31.789  5369  5369 I Launcher.AppsViewCellLayout: com.android.homescreen.apptray.AppsViewCellLayout{118f2a4 V.ED..... ........ 15341,100-16679,2951}[a=1.0,v=0,sId=11] setAlpha : 1.0
09-25 13:19:31.790  5369  5583 I ViewRootImpl@7533534[LauncherActivity]: mWNT: t=0xb40000772bb64b00 mBlastBufferQueue=0xb400007720986880 fn= 107 caller= com.android.systemui.shared.launcher.ViewRootImplCompat.mergeWithNextTransaction:2 com.android.quickstep.util.SurfaceTransactionApplier.lambda$scheduleApply$0:2 com.android.quickstep.util.SurfaceTransactionApplier.b:0
09-25 13:19:31.798  5369  5369 I Launcher.AppsViewCellLayout: com.android.homescreen.apptray.AppsViewCellLayout{118f2a4 V.ED..... ........ 15341,100-16679,2951}[a=1.0,v=0,sId=11] setAlpha : 1.0
09-25 13:19:31.799  5369  5584 I ViewRootImpl@7533534[LauncherActivity]: mWNT: t=0xb40000772bb64c00 mBlastBufferQueue=0xb400007720986880 fn= 108 caller= com.android.systemui.shared.launcher.ViewRootImplCompat.mergeWithNextTransaction:2 com.android.quickstep.util.SurfaceTransactionApplier.lambda$scheduleApply$0:2 com.android.quickstep.util.SurfaceTransactionApplier.b:0
09-25 13:19:31.806  5369  5369 I Launcher.AppsViewCellLayout: com.android.homescreen.apptray.AppsViewCellLayout{118f2a4 V.ED..... ........ 15341,100-16679,2951}[a=1.0,v=0,sId=11] setAlpha : 1.0
09-25 13:19:31.807  5369  5583 I ViewRootImpl@7533534[LauncherActivity]: mWNT: t=0xb40000772bb64e00 mBlastBufferQueue=0xb400007720986880 fn= 109 caller= com.android.systemui.shared.launcher.ViewRootImplCompat.mergeWithNextTransaction:2 com.android.quickstep.util.SurfaceTransactionApplier.lambda$scheduleApply$0:2 com.android.quickstep.util.SurfaceTransactionApplier.b:0
09-25 13:19:31.815  5369  5369 I Launcher.AppsViewCellLayout: com.android.homescreen.apptray.AppsViewCellLayout{118f2a4 V.ED..... ........ 15341,100-16679,2951}[a=1.0,v=0,sId=11] setAlpha : 1.0
09-25 13:19:31.816  5369  5584 I ViewRootImpl@7533534[LauncherActivity]: mWNT: t=0xb40000772bb64f00 mBlastBufferQueue=0xb400007720986880 fn= 110 caller= com.android.systemui.shared.launcher.ViewRootImplCompat.mergeWithNextTransaction:2 com.android.quickstep.util.SurfaceTransactionApplier.lambda$scheduleApply$0:2 com.android.quickstep.util.SurfaceTransactionApplier.b:0
09-25 13:19:31.823  5369  5369 I Launcher.AppsViewCellLayout: com.android.homescreen.apptray.AppsViewCellLayout{118f2a4 V.ED..... ........ 15341,100-16679,2951}[a=1.0,v=0,sId=11] setAlpha : 1.0
09-25 13:19:31.823  5369  5369 I AppsSearchBar: mCurrentCellLayouts onAnimationEnd
09-25 13:19:31.823  5369  5369 I Launcher.AppsViewCellLayout: com.android.homescreen.apptray.AppsViewCellLayout{118f2a4 V.ED..... ........ 15341,100-16679,2951}[a=1.0,v=0,sId=11] setAlpha : 1.0
09-25 13:19:31.824  5369  5583 I ViewRootImpl@7533534[LauncherActivity]: mWNT: t=0xb40000772bbf8f00 mBlastBufferQueue=0xb400007720986880 fn= 111 caller= com.android.systemui.shared.launcher.ViewRootImplCompat.mergeWithNextTransaction:2 com.android.quickstep.util.SurfaceTransactionApplier.lambda$scheduleApply$0:2 com.android.quickstep.util.SurfaceTransactionApplier.b:0
09-25 13:19:31.833  5369  5584 I ViewRootImpl@7533534[LauncherActivity]: mWNT: t=0xb40000774c721400 mBlastBufferQueue=0xb400007720986880 fn= 112 caller= com.android.systemui.shared.launcher.ViewRootImplCompat.mergeWithNextTransaction:2 com.android.quickstep.util.SurfaceTransactionApplier.lambda$scheduleApply$0:2 com.android.quickstep.util.SurfaceTransactionApplier.b:0
09-25 13:19:31.841  5369  5583 I ViewRootImpl@7533534[LauncherActivity]: mWNT: t=0xb40000774c72f400 mBlastBufferQueue=0xb400007720986880 fn= 113 caller= com.android.systemui.shared.launcher.ViewRootImplCompat.mergeWithNextTransaction:2 com.android.quickstep.util.SurfaceTransactionApplier.lambda$scheduleApply$0:2 com.android.quickstep.util.SurfaceTransactionApplier.b:0
09-25 13:19:31.848  6586  6586 I SAMSUNGWALLET-USBP: [AlertController] Boarding pass alert is not enabled
09-25 13:19:31.848  6586  6586 I SAMSUNGWALLET-USBP: [AlertController] dismiss alert: NO_ALERT
09-25 13:19:31.849  5369  5584 I ViewRootImpl@7533534[LauncherActivity]: mWNT: t=0xb40000774c72f500 mBlastBufferQueue=0xb400007720986880 fn= 114 caller= com.android.systemui.shared.launcher.ViewRootImplCompat.mergeWithNextTransaction:2 com.android.quickstep.util.SurfaceTransactionApplier.lambda$scheduleApply$0:2 com.android.quickstep.util.SurfaceTransactionApplier.b:0
09-25 13:19:31.857  5369  5583 I ViewRootImpl@7533534[LauncherActivity]: mWNT: t=0xb40000774c72f600 mBlastBufferQueue=0xb400007720986880 fn= 115 caller= com.android.systemui.shared.launcher.ViewRootImplCompat.mergeWithNextTransaction:2 com.android.quickstep.util.SurfaceTransactionApplier.lambda$scheduleApply$0:2 com.android.quickstep.util.SurfaceTransactionApplier.b:0
09-25 13:19:31.866  5369  5584 I ViewRootImpl@7533534[LauncherActivity]: mWNT: t=0xb40000774c72f900 mBlastBufferQueue=0xb400007720986880 fn= 116 caller= com.android.systemui.shared.launcher.ViewRootImplCompat.mergeWithNextTransaction:2 com.android.quickstep.util.SurfaceTransactionApplier.lambda$scheduleApply$0:2 com.android.quickstep.util.SurfaceTransactionApplier.b:0
09-25 13:19:31.874  5369  5583 I ViewRootImpl@7533534[LauncherActivity]: mWNT: t=0xb40000774c72fd00 mBlastBufferQueue=0xb400007720986880 fn= 117 caller= com.android.systemui.shared.launcher.ViewRootImplCompat.mergeWithNextTransaction:2 com.android.quickstep.util.SurfaceTransactionApplier.lambda$scheduleApply$0:2 com.android.quickstep.util.SurfaceTransactionApplier.b:0
09-25 13:19:31.882  5369  5584 I ViewRootImpl@7533534[LauncherActivity]: mWNT: t=0xb40000774c72fe00 mBlastBufferQueue=0xb400007720986880 fn= 118 caller= com.android.systemui.shared.launcher.ViewRootImplCompat.mergeWithNextTransaction:2 com.android.quickstep.util.SurfaceTransactionApplier.lambda$scheduleApply$0:2 com.android.quickstep.util.SurfaceTransactionApplier.b:0
09-25 13:19:31.890  5369  5584 I ViewRootImpl@7533534[LauncherActivity]: mWNT: t=0xb40000774c72ff00 mBlastBufferQueue=0xb400007720986880 fn= 119 caller= com.android.systemui.shared.launcher.ViewRootImplCompat.mergeWithNextTransaction:2 com.android.quickstep.util.SurfaceTransactionApplier.lambda$scheduleApply$0:2 com.android.quickstep.util.SurfaceTransactionApplier.b:0
09-25 13:19:31.899  5369  5584 I ViewRootImpl@7533534[LauncherActivity]: mWNT: t=0xb40000774c772400 mBlastBufferQueue=0xb400007720986880 fn= 120 caller= com.android.systemui.shared.launcher.ViewRootImplCompat.mergeWithNextTransaction:2 com.android.quickstep.util.SurfaceTransactionApplier.lambda$scheduleApply$0:2 com.android.quickstep.util.SurfaceTransactionApplier.b:0
09-25 13:19:31.907  5369  5584 I ViewRootImpl@7533534[LauncherActivity]: mWNT: t=0xb40000774c772800 mBlastBufferQueue=0xb400007720986880 fn= 121 caller= com.android.systemui.shared.launcher.ViewRootImplCompat.mergeWithNextTransaction:2 com.android.quickstep.util.SurfaceTransactionApplier.lambda$scheduleApply$0:2 com.android.quickstep.util.SurfaceTransactionApplier.b:0
09-25 13:19:31.911  8423  8423 I Utils   : isCurrentUser current = 0, ownerId = 0
09-25 13:19:31.911  8423  8423 I TrayVisibilityController: getComputedTrayVisible : keyguardState = 1
09-25 13:19:31.911  8423  8423 I TrayVisibilityController: updateTrayVisible: State=1 visible=1 mCurrentVisible=1 specificMode=0
09-25 13:19:31.911  8423  8423 I TrayStateController: onNotifyUpdateTray: state=0
09-25 13:19:31.916  5369  5584 I ViewRootImpl@7533534[LauncherActivity]: mWNT: t=0xb40000774c772b00 mBlastBufferQueue=0xb400007720986880 fn= 122 caller= com.android.systemui.shared.launcher.ViewRootImplCompat.mergeWithNextTransaction:2 com.android.quickstep.util.SurfaceTransactionApplier.lambda$scheduleApply$0:2 com.android.quickstep.util.SurfaceTransactionApplier.b:0
09-25 13:19:31.924  5369  5583 I ViewRootImpl@7533534[LauncherActivity]: mWNT: t=0xb40000774c772c00 mBlastBufferQueue=0xb400007720986880 fn= 123 caller= com.android.systemui.shared.launcher.ViewRootImplCompat.mergeWithNextTransaction:2 com.android.quickstep.util.SurfaceTransactionApplier.lambda$scheduleApply$0:2 com.android.quickstep.util.SurfaceTransactionApplier.b:0
09-25 13:19:31.933  5369  5584 I ViewRootImpl@7533534[LauncherActivity]: mWNT: t=0xb40000772ba0cc00 mBlastBufferQueue=0xb400007720986880 fn= 124 caller= com.android.systemui.shared.launcher.ViewRootImplCompat.mergeWithNextTransaction:2 com.android.quickstep.util.SurfaceTransactionApplier.lambda$scheduleApply$0:2 com.android.quickstep.util.SurfaceTransactionApplier.b:0
09-25 13:19:31.941  5369  5583 I ViewRootImpl@7533534[LauncherActivity]: mWNT: t=0xb40000772ba0cd00 mBlastBufferQueue=0xb400007720986880 fn= 125 caller= com.android.systemui.shared.launcher.ViewRootImplCompat.mergeWithNextTransaction:2 com.android.quickstep.util.SurfaceTransactionApplier.lambda$scheduleApply$0:2 com.android.quickstep.util.SurfaceTransactionApplier.b:0
09-25 13:19:31.941  1809  6555 I HYPER-HAL: [RequestManager.cpp]releaseLocked(): Released ID : 4893776
09-25 13:19:31.950  5369  5584 I ViewRootImpl@7533534[LauncherActivity]: mWNT: t=0xb40000774c772e00 mBlastBufferQueue=0xb400007720986880 fn= 126 caller= com.android.systemui.shared.launcher.ViewRootImplCompat.mergeWithNextTransaction:2 com.android.quickstep.util.SurfaceTransactionApplier.lambda$scheduleApply$0:2 com.android.quickstep.util.SurfaceTransactionApplier.b:0
09-25 13:19:31.957  5369  5583 I ViewRootImpl@7533534[LauncherActivity]: mWNT: t=0xb40000774c772f00 mBlastBufferQueue=0xb400007720986880 fn= 127 caller= com.android.systemui.shared.launcher.ViewRootImplCompat.mergeWithNextTransaction:2 com.android.quickstep.util.SurfaceTransactionApplier.lambda$scheduleApply$0:2 com.android.quickstep.util.SurfaceTransactionApplier.b:0
09-25 13:19:31.966  5369  5584 I ViewRootImpl@7533534[LauncherActivity]: mWNT: t=0xb40000774c7b6300 mBlastBufferQueue=0xb400007720986880 fn= 128 caller= com.android.systemui.shared.launcher.ViewRootImplCompat.mergeWithNextTransaction:2 com.android.quickstep.util.SurfaceTransactionApplier.lambda$scheduleApply$0:2 com.android.quickstep.util.SurfaceTransactionApplier.b:0
09-25 13:19:31.974  5369  5583 I ViewRootImpl@7533534[LauncherActivity]: mWNT: t=0xb40000774c7b6400 mBlastBufferQueue=0xb400007720986880 fn= 129 caller= com.android.systemui.shared.launcher.ViewRootImplCompat.mergeWithNextTransaction:2 com.android.quickstep.util.SurfaceTransactionApplier.lambda$scheduleApply$0:2 com.android.quickstep.util.SurfaceTransactionApplier.b:0
09-25 13:19:31.983  5369  5584 I ViewRootImpl@7533534[LauncherActivity]: mWNT: t=0xb40000774c7d8400 mBlastBufferQueue=0xb400007720986880 fn= 130 caller= com.android.systemui.shared.launcher.ViewRootImplCompat.mergeWithNextTransaction:2 com.android.quickstep.util.SurfaceTransactionApplier.lambda$scheduleApply$0:2 com.android.quickstep.util.SurfaceTransactionApplier.b:0
09-25 13:19:31.985  1914  1914 D SurfaceFlinger: Display 4630947093241269891 HWC layers:
09-25 13:19:31.985  1914  1914 D SurfaceFlinger:      CLIENT | 0xb400007af6c13480 | 0100 | RGBx_8888    |  592.0    0.0 1628.0 2220.0 |    0    0 1440 3088 | Wallpaper BBQ wrapper#90
09-25 13:19:31.985  1914  1914 D SurfaceFlinger:      CLIENT | 0xb400007aeb18b700 | 0100 | RGBA_8888    |    0.0    0.0 1440.0 3088.0 |    0    0 1440 3088 | com.sec.android.app.launcher/com.sec[...]rActivity$_5369#162528 (blurRegions)
09-25 13:19:31.985  1914  1914 D SurfaceFlinger:      DEVICE | 0xb400007af6c14880 | 0100 | RGBA_8888    |    0.0    0.0 1440.0  100.0 |    0    0 1440  100 | StatusBar$_4768#95
09-25 13:19:31.985  1914  1914 D SurfaceFlinger:      DEVICE | 0xb400007af8705400 | 0100 | RGBA_8888    |    0.0    0.0   67.0  589.0 |    0  562   67 1151 | com.samsung.android.app.cocktailbars[...]vice.CocktailBarService$_8423#156853
09-25 13:19:31.985  1914  1914 D SurfaceFlinger:      DEVICE | 0xb400007af8705500 | 0100 | RGBA_8888    |    0.0    0.0  518.0   48.0 |  922 3040 1440 3088 | SGestureOverlayWindow$_5369#156268
09-25 13:19:31.985  1914  1914 D SurfaceFlinger:      DEVICE | 0xb400007af6c15880 | 0100 | RGBA_8888    |    0.0    0.0 1440.0  168.0 |    0 2920 1440 3088 | NavigationBar0$_4768#92
09-25 13:19:31.985  1914  1914 D SurfaceFlinger:
09-25 13:19:31.990  1914  1914 D SurfaceFlinger: GPIS:: requestGPIS
09-25 13:19:31.991  5369  5583 I ViewRootImpl@7533534[LauncherActivity]: mWNT: t=0xb40000774c7d8b00 mBlastBufferQueue=0xb400007720986880 fn= 131 caller= com.android.systemui.shared.launcher.ViewRootImplCompat.mergeWithNextTransaction:2 com.android.quickstep.util.SurfaceTransactionApplier.lambda$scheduleApply$0:2 com.android.quickstep.util.SurfaceTransactionApplier.b:0
09-25 13:19:31.999  5369  5584 I ViewRootImpl@7533534[LauncherActivity]: mWNT: t=0xb40000774c7d8c00 mBlastBufferQueue=0xb400007720986880 fn= 132 caller= com.android.systemui.shared.launcher.ViewRootImplCompat.mergeWithNextTransaction:2 com.android.quickstep.util.SurfaceTransactionApplier.lambda$scheduleApply$0:2 com.android.quickstep.util.SurfaceTransactionApplier.b:0
09-25 13:19:32.008  5369  5583 I ViewRootImpl@7533534[LauncherActivity]: mWNT: t=0xb40000774c7d8d00 mBlastBufferQueue=0xb400007720986880 fn= 133 caller= com.android.systemui.shared.launcher.ViewRootImplCompat.mergeWithNextTransaction:2 com.android.quickstep.util.SurfaceTransactionApplier.lambda$scheduleApply$0:2 com.android.quickstep.util.SurfaceTransactionApplier.b:0
09-25 13:19:32.016  5369  5584 I ViewRootImpl@7533534[LauncherActivity]: mWNT: t=0xb40000774c80c900 mBlastBufferQueue=0xb400007720986880 fn= 134 caller= com.android.systemui.shared.launcher.ViewRootImplCompat.mergeWithNextTransaction:2 com.android.quickstep.util.SurfaceTransactionApplier.lambda$scheduleApply$0:2 com.android.quickstep.util.SurfaceTransactionApplier.b:0
09-25 13:19:32.024  5369  5369 W AppTransitionAnimatorImpl: onAnimationEnd - APP OUT, Execution time for each frame : Start-(1)-0-(0)-0-(7)-0-(8)-0-(8)-1-(8)-0-(8)-0-(8)-1-(8)-0-(8)-0-(8)-1-(10)-0-(6)-0-(8)-1-(8)-0-(8)-0-(8)-1-(8)-0-(8)-0-(9)-0-(8)-0-(8)-1-(8)-0-(8)-0-(8)-0-(8)-1-(8)-0-(8)-1-(7)-1-(8)-0-(8)-0-(9)-0-(8)-0-(8)-1-(8)-0-(8)-1-(7)-0-(9)-0-(8)-0-(9)-0-(8)-0-(8)-1-(8)-0-(8)-0-(8)-0-End
09-25 13:19:32.024  5369  5369 I AppTransitionAnimatorImpl: resetContentView
09-25 13:19:32.024  5369  5369 I AnimationResult: AnimationResult finish : onAnimationEnd
09-25 13:19:32.024  5369  5369 I AnimationResult: finish : false, null
09-25 13:19:32.024  5369  5741 I AnimationResult: finish callback : null
09-25 13:19:32.025  5369  5583 I ViewRootImpl@7533534[LauncherActivity]: mWNT: t=0xb40000774c80ca00 mBlastBufferQueue=0xb400007720986880 fn= 135 caller= com.android.systemui.shared.launcher.ViewRootImplCompat.mergeWithNextTransaction:2 com.android.quickstep.util.SurfaceTransactionApplier.lambda$scheduleApply$0:2 com.android.quickstep.util.SurfaceTransactionApplier.b:0
09-25 13:19:32.026  5369  5369 W Launcher: onEnterAnimationComplete
09-25 13:19:32.027  5639  5639 I ViewRootImpl@2218cb3[InstrumentationActivityInvoker$EmptyActivity]: handleAppVisibility mAppVisible = true visible = false
09-25 13:19:32.027  1914  2139 I SurfaceFlinger: id=162601 Removed Surface(name=4eb27f5 StatusBar)/@0x43fa543 - animation-leash of insets_animation#162601 (339)
09-25 13:19:32.027  1914  2139 I SurfaceFlinger: id=162602 Removed Surface(name=d110b4c NavigationBar0)/@0x8bdb781 - animation-leash of insets_animation#162602 (339)
09-25 13:19:32.031  1914  1914 I Layer   : id=162578 removedFromDrawingState Splash Screen com.example.dogglers$_4768#162578 (339)
09-25 13:19:32.031  1914  1914 I SurfaceFlinger: [c7375dc com.sec.android.app.launcher/com.sec.android.app.launcher.activities.LauncherActivity#176] FrameRatePriority: 1
09-25 13:19:32.031  1914  1914 I Layer   : id=162604 removedFromDrawingState Surface(name=Task=1)/@0xeddbc98 - animation-leash of app_transition#162604 (339)
09-25 13:19:32.031  1914  1914 I Layer   : Layer [com.example.dogglers/androidx.test.core.app.InstrumentationActivityInvoker$EmptyActivity$_5639#162600] hidden!! flag(1)
09-25 13:19:32.031  1914  1914 I Layer   : id=162577 removedFromDrawingState ef6c0c4 Splash Screen com.example.dogglers#162577 (339)
09-25 13:19:32.031  1914  1914 I Layer   : id=162603 removedFromDrawingState Surface(name=Task=7121)/@0xfe8f4b6 - animation-leash of app_transition#162603 (339)
09-25 13:19:32.031  1914  1914 I Layer   : id=162575 removedFromDrawingState Task=7121#162575 (339)
09-25 13:19:32.031  1914  1914 I Layer   : id=162576 removedFromDrawingState ActivityRecord{5e562f5 u0 com.example.dogglers/androidx.test.core.app.InstrumentationActivityInvoker$BootstrapActivity} t7121}#162576 (339)
09-25 13:19:32.031  1914  1914 I Layer   : id=162582 removedFromDrawingState adb982c ActivityRecordInputSink com.example.dogglers/androidx.test.core.app.InstrumentationActivityInvoker$BootstrapActivity#162582 (339)
09-25 13:19:32.031  1914  1914 I Layer   : id=162579 removedFromDrawingState ActivityRecord{ed1c7de u0 com.example.dogglers/.VerticalListActivity} t7121}#162579 (339)
09-25 13:19:32.031  1914  1914 I Layer   : id=162583 removedFromDrawingState f003a60 ActivityRecordInputSink com.example.dogglers/.VerticalListActivity#162583 (339)
09-25 13:19:32.031  1914  1914 I Layer   : id=162584 removedFromDrawingState 752e3c1 com.example.dogglers/com.example.dogglers.VerticalListActivity#162584 (339)
09-25 13:19:32.031  1914  1914 I Layer   : id=162585 removedFromDrawingState com.example.dogglers/com.example.dogglers.VerticalListActivity$_5639#162585 (339)
09-25 13:19:32.031  1914  1914 I Layer   : id=162590 removedFromDrawingState ActivityRecord{d5f6da2 u0 com.example.dogglers/androidx.test.core.app.InstrumentationActivityInvoker$EmptyActivity} t7121}#162590 (339)
09-25 13:19:32.031  1914  1914 I Layer   : id=162591 removedFromDrawingState 2d39d6d ActivityRecordInputSink com.example.dogglers/androidx.test.core.app.InstrumentationActivityInvoker$EmptyActivity#162591 (339)
09-25 13:19:32.031  1914  1914 I Layer   : id=162592 removedFromDrawingState 5a4f17f com.example.dogglers/androidx.test.core.app.InstrumentationActivityInvoker$EmptyActivity#162592 (339)
09-25 13:19:32.031  1914  1914 I Layer   : id=162593 removedFromDrawingState com.example.dogglers/androidx.test.core.app.InstrumentationActivityInvoker$EmptyActivity$_5639#162593 (339)
09-25 13:19:32.031  1914  1914 I Layer   : id=16 removedFromDrawingState ImeContainer#16 (339)
09-25 13:19:32.031  1914  1914 I Layer   : id=149 removedFromDrawingState WindowToken{e359cd2 type=2011 android.os.Binder@e554b5d}#149 (339)
09-25 13:19:32.031  1914  1914 I Layer   : id=162598 removedFromDrawingState Surface(name=6a358c3 InputMethod)/@0x1a6cc79 - animation-leash of insets_animation#162598 (339)
09-25 13:19:32.031  1914  1914 I Layer   : id=97070 removedFromDrawingState 6a358c3 InputMethod#97070 (339)
09-25 13:19:32.031  1914  1914 I Layer   : id=162596 removedFromDrawingState ActivityRecord{baab850 u0 com.example.dogglers/androidx.test.core.app.InstrumentationActivityInvoker$EmptyActivity} t7121}#162596 (339)
09-25 13:19:32.031  1914  1914 I Layer   : id=162597 removedFromDrawingState fd3ce13 ActivityRecordInputSink com.example.dogglers/androidx.test.core.app.InstrumentationActivityInvoker$EmptyActivity#162597 (339)
09-25 13:19:32.031  1914  1914 I Layer   : id=162599 removedFromDrawingState ca1460a com.example.dogglers/androidx.test.core.app.InstrumentationActivityInvoker$EmptyActivity#162599 (339)
09-25 13:19:32.031  1914  1914 I Layer   : id=162600 removedFromDrawingState com.example.dogglers/androidx.test.core.app.InstrumentationActivityInvoker$EmptyActivity$_5639#162600 (339)
09-25 13:19:32.031  1914  1914 I Layer   : id=162575 addToCurrentState Task=7121#162575 (339)
09-25 13:19:32.031  1914  1914 I Layer   : id=162576 addToCurrentState ActivityRecord{5e562f5 u0 com.example.dogglers/androidx.test.core.app.InstrumentationActivityInvoker$BootstrapActivity} t7121}#162576 (339)
09-25 13:19:32.031  1914  1914 I Layer   : id=162582 addToCurrentState adb982c ActivityRecordInputSink com.example.dogglers/androidx.test.core.app.InstrumentationActivityInvoker$BootstrapActivity#162582 (339)
09-25 13:19:32.031  1914  1914 I Layer   : id=162579 addToCurrentState ActivityRecord{ed1c7de u0 com.example.dogglers/.VerticalListActivity} t7121}#162579 (339)
09-25 13:19:32.031  1914  1914 I Layer   : id=162583 addToCurrentState f003a60 ActivityRecordInputSink com.example.dogglers/.VerticalListActivity#162583 (339)
09-25 13:19:32.031  1914  1914 I Layer   : id=162584 addToCurrentState 752e3c1 com.example.dogglers/com.example.dogglers.VerticalListActivity#162584 (339)
09-25 13:19:32.031  1914  1914 I Layer   : id=162585 addToCurrentState com.example.dogglers/com.example.dogglers.VerticalListActivity$_5639#162585 (339)
09-25 13:19:32.031  1914  1914 I Layer   : id=162590 addToCurrentState ActivityRecord{d5f6da2 u0 com.example.dogglers/androidx.test.core.app.InstrumentationActivityInvoker$EmptyActivity} t7121}#162590 (339)
09-25 13:19:32.031  1914  1914 I Layer   : id=162591 addToCurrentState 2d39d6d ActivityRecordInputSink com.example.dogglers/androidx.test.core.app.InstrumentationActivityInvoker$EmptyActivity#162591 (339)
09-25 13:19:32.031  1914  1914 I Layer   : id=162592 addToCurrentState 5a4f17f com.example.dogglers/androidx.test.core.app.InstrumentationActivityInvoker$EmptyActivity#162592 (339)
09-25 13:19:32.031  1914  1914 I Layer   : id=162593 addToCurrentState com.example.dogglers/androidx.test.core.app.InstrumentationActivityInvoker$EmptyActivity$_5639#162593 (339)
09-25 13:19:32.031  1914  1914 I Layer   : id=16 addToCurrentState ImeContainer#16 (339)
09-25 13:19:32.031  1914  1914 I Layer   : id=149 addToCurrentState WindowToken{e359cd2 type=2011 android.os.Binder@e554b5d}#149 (339)
09-25 13:19:32.031  1914  1914 I Layer   : id=162598 addToCurrentState Surface(name=6a358c3 InputMethod)/@0x1a6cc79 - animation-leash of insets_animation#162598 (339)
09-25 13:19:32.031  1914  1914 I Layer   : id=97070 addToCurrentState 6a358c3 InputMethod#97070 (339)
09-25 13:19:32.031  1914  1914 I Layer   : id=162596 addToCurrentState ActivityRecord{baab850 u0 com.example.dogglers/androidx.test.core.app.InstrumentationActivityInvoker$EmptyActivity} t7121}#162596 (339)
09-25 13:19:32.031  1914  1914 I Layer   : id=162597 addToCurrentState fd3ce13 ActivityRecordInputSink com.example.dogglers/androidx.test.core.app.InstrumentationActivityInvoker$EmptyActivity#162597 (339)
09-25 13:19:32.031  1914  1914 I Layer   : id=162599 addToCurrentState ca1460a com.example.dogglers/androidx.test.core.app.InstrumentationActivityInvoker$EmptyActivity#162599 (339)
09-25 13:19:32.031  1914  1914 I Layer   : id=162600 addToCurrentState com.example.dogglers/androidx.test.core.app.InstrumentationActivityInvoker$EmptyActivity$_5639#162600 (339)
09-25 13:19:32.031  1914  1914 I Layer   : Layer [Splash Screen com.example.dogglers$_4768#162578] hidden!! flag(1)
09-25 13:19:32.031  1914  1914 I Layer   : Layer [com.example.dogglers/com.example.dogglers.VerticalListActivity$_5639#162585] hidden!! flag(1)
09-25 13:19:32.031  1914  1914 I Layer   : Layer [com.example.dogglers/androidx.test.core.app.InstrumentationActivityInvoker$EmptyActivity$_5639#162593] hidden!! flag(1)
09-25 13:19:32.031  1914  1914 I SurfaceFlinger: id=162577 Removed ef6c0c4 Splash Screen com.example.dogglers#162577 (339)
09-25 13:19:32.031  1914  1914 I SurfaceFlinger: id=162578 Removed Splash Screen com.example.dogglers$_4768#162578 (339)
09-25 13:19:32.031  1914  1914 I Layer   : id=162601 Destroyed Surface(name=4eb27f5 StatusBar)/@0x43fa543 - animation-leash of insets_animation#162601
09-25 13:19:32.031  1914  1914 I Layer   : id=162602 Destroyed Surface(name=d110b4c NavigationBar0)/@0x8bdb781 - animation-leash of insets_animation#162602
09-25 13:19:32.031  1914  1914 I Layer   : id=162577 Destroyed ef6c0c4 Splash Screen com.example.dogglers#162577
09-25 13:19:32.031  1914  1914 I Layer   : id=162578 Destroyed Splash Screen com.example.dogglers$_4768#162578
09-25 13:19:32.031  5639  5729 D OpenGLRenderer: setSurface called with nullptr
09-25 13:19:32.032  5639  5729 D OpenGLRenderer: setSurface() destroyed EGLSurface
09-25 13:19:32.032  5639  5729 D OpenGLRenderer: destroyEglSurface
09-25 13:19:32.032  5639  5639 I ViewRootImpl@2218cb3[InstrumentationActivityInvoker$EmptyActivity]: performTraversals mFirst=false windowShouldResize=false viewVisibilityChanged=true mForceNextWindowRelayout=false params=null
09-25 13:19:32.034  3108  4074 V WindowManager: Relayout Window{ca1460a u0 com.example.dogglers/androidx.test.core.app.InstrumentationActivityInvoker$EmptyActivity}: viewVisibility=8 req=1440x3088 d0
09-25 13:19:32.036  3108  4074 V WindowManager: Relayout hash=ca1460a, pid=5639, syncId=-1: mAttrs={(0,0)(fillxfill) sim={adjust=pan forwardNavigation} ty=BASE_APPLICATION wanim=0x1030001
09-25 13:19:32.036  3108  4074 V WindowManager:   fl=1810100
09-25 13:19:32.036  3108  4074 V WindowManager:   pfl=12020040
09-25 13:19:32.036  3108  4074 V WindowManager:   bhv=DEFAULT
09-25 13:19:32.036  3108  4074 V WindowManager:   fitSides= naviIconColor=0}
09-25 13:19:32.038  5639  5639 I ViewRootImpl@2218cb3[InstrumentationActivityInvoker$EmptyActivity]: Relayout returned: old=(0,0,1440,3088) new=(0,0,1440,3088) req=(1440,3088)8 dur=5 res=0x2 s={false 0x0} ch=true seqId=0
09-25 13:19:32.038  5639  5639 I ViewRootImpl@54a77c4[VerticalListActivity]: handleAppVisibility mAppVisible = true visible = false
09-25 13:19:32.039  5639  5639 I ViewRootImpl@2218cb3[InstrumentationActivityInvoker$EmptyActivity]: stopped(true) old = false
09-25 13:19:32.039  5639  5639 I ViewRootImpl@2218cb3[InstrumentationActivityInvoker$EmptyActivity]: WindowStopped on com.example.dogglers/androidx.test.core.app.InstrumentationActivityInvoker$EmptyActivity set to true
09-25 13:19:32.039  6586 17206 I SAMSUNGWALLET: [Hint_ProcessStatusChange] fg Change, pid : 5639 , isNotify : true , isForeground : false , fg list : []
09-25 13:19:32.039  6586 17206 I SAMSUNGWALLET: [ProcessStatusChange] fg Change, pid : 5639 , isNotify : true , isForeground : false , fg list : []
09-25 13:19:32.039  6586 25742 I SAMSUNGWALLET: [Hint_ProcessStatusChange] fg Change, pid : 5639 , isNotify : true , isForeground : false , fg list : []
09-25 13:19:32.039  1914  1914 I Layer   : id=162605 removedFromDrawingState Surface(name=WallpaperWindowToken{6241e01 token=android.os.Binder@ab19d0b})/@0xf3e0a44 - animation-leash of window_animation#162605 (335)
09-25 13:19:32.039  6586 25742 I SAMSUNGWALLET: [ProcessStatusChange] fg Change, pid : 5639 , isNotify : true , isForeground : false , fg list : []
09-25 13:19:32.040  6586  7522 I SAMSUNGWALLET: [ResetData] getSAResetDialogFlag : false
09-25 13:19:32.041  3108  3145 D InputDispatcher: Focus entered window (0): c7375dc com.sec.android.app.launcher/com.sec.android.app.launcher.activities.LauncherActivity
09-25 13:19:32.041  5369  5369 I ViewRootImpl@7533534[LauncherActivity]: MSG_WINDOW_FOCUS_CHANGED 1 0
09-25 13:19:32.041  5369  5369 I ViewRootImpl@7533534[LauncherActivity]: mThreadedRenderer.initializeIfNeeded()#2 mSurface={isValid=true 0xb4000077206f5000}
09-25 13:19:32.041  5639  5639 D LifecycleMonitor: Lifecycle status change: androidx.test.core.app.InstrumentationActivityInvoker$EmptyActivity@6fc5b1 in: STOPPED
09-25 13:19:32.041  5369  5369 I BaseActivity: addActivityFlags, flags : 8
09-25 13:19:32.041  5639  5639 V ActivityScenario: Activity lifecycle changed event received but ignored because the intent does not match. startActivityIntent=Intent { act=android.intent.action.MAIN cat=[android.intent.category.LAUNCHER] cmp=com.example.dogglers/.VerticalListActivity }, activity.getIntent()=Intent { act=android.intent.action.MAIN cat=[android.intent.category.LAUNCHER] flg=0x10000000 cmp=com.example.dogglers/androidx.test.core.app.InstrumentationActivityInvoker$EmptyActivity }, activity=androidx.test.core.app.InstrumentationActivityInvoker$EmptyActivity@6fc5b1
09-25 13:19:32.042  5639  5639 I MSHandlerLifeCycle: removeMultiSplitHandler: no exist. decor=DecorView@2a5ea04[InstrumentationActivityInvoker$EmptyActivity]
09-25 13:19:32.043  5639  5639 D LifecycleMonitor: Lifecycle status change: androidx.test.core.app.InstrumentationActivityInvoker$EmptyActivity@6fc5b1 in: DESTROYED
09-25 13:19:32.043  5639  5639 V ActivityScenario: Activity lifecycle changed event received but ignored because the intent does not match. startActivityIntent=Intent { act=android.intent.action.MAIN cat=[android.intent.category.LAUNCHER] cmp=com.example.dogglers/.VerticalListActivity }, activity.getIntent()=Intent { act=android.intent.action.MAIN cat=[android.intent.category.LAUNCHER] flg=0x10000000 cmp=com.example.dogglers/androidx.test.core.app.InstrumentationActivityInvoker$EmptyActivity }, activity=androidx.test.core.app.InstrumentationActivityInvoker$EmptyActivity@6fc5b1
09-25 13:19:32.043  6586  7669 I SAMSUNGWALLET: [ProcessMonitor] App went to background.
09-25 13:19:32.043  5639  5639 I MSHandlerLifeCycle: removeMultiSplitHandler: no exist. decor=DecorView@2a5ea04[InstrumentationActivityInvoker$EmptyActivity]
09-25 13:19:32.044  6586  7669 I SAMSUNGWALLET: [ProcessMonitor] App went to background.
09-25 13:19:32.044  6586 17206 I SAMSUNGWALLET: [Hint_ProcessStatusChange] fg Change, pid : 5639 , isNotify : true , isForeground : false , fg list : []
09-25 13:19:32.044  6586 17206 I SAMSUNGWALLET: [ProcessStatusChange] fg Change, pid : 5639 , isNotify : true , isForeground : false , fg list : []
09-25 13:19:32.044  5639  5729 D OpenGLRenderer: setSurface called with nullptr
09-25 13:19:32.044  5639  5639 I ViewRootImpl@2218cb3[InstrumentationActivityInvoker$EmptyActivity]: dispatchDetachedFromWindow
09-25 13:19:32.044  5369  5369 I InputMethodManager: startInputInner - mService.startInputOrWindowGainedFocus
09-25 13:19:32.044  3108  6456 D InputTransport: Input channel destroyed: 'ca1460a', fd=1339
09-25 13:19:32.044  3108  6456 W InputManager-JNI: Input channel object 'ca1460a com.example.dogglers/androidx.test.core.app.InstrumentationActivityInvoker$EmptyActivity (client)' was disposed without first being removed with the input manager!
09-25 13:19:32.044  3108  6456 D InputTransport: Input channel destroyed: 'ca1460a', fd=1353
09-25 13:19:32.046  5639  5639 D InputTransport: Input channel destroyed: 'ca1460a', fd=144
09-25 13:19:32.046  5639  5639 I ViewRootImpl@d3c1be6[InstrumentationActivityInvoker$EmptyActivity]: stopped(true) old = false
09-25 13:19:32.046  5639  5639 I ViewRootImpl@d3c1be6[InstrumentationActivityInvoker$EmptyActivity]: WindowStopped on com.example.dogglers/androidx.test.core.app.InstrumentationActivityInvoker$EmptyActivity set to true
09-25 13:19:32.046  3108  3145 D InputMethodManagerService: DESKTOP MODE! : 2
09-25 13:19:32.046  3108  3145 D InputMethodManagerService: NOT IN KNOX DESKTOP MODE!
09-25 13:19:32.046  3108  3145 V InputMethodManagerService: getDisplayIdOfInputMethodWindowToBeAdded: displayId=0
09-25 13:19:32.046  6586  7669 I SAMSUNGWALLET: [ProcessMonitor] App went to background.
09-25 13:19:32.047  3108  3145 D InputMethodManagerService: isImeSwitcherDisabledPackage : false
09-25 13:19:32.047  1914  4196 I SurfaceFlinger: id=162597 Removed fd3ce13 ActivityRecordInputSink com.example.dogglers/androidx.test.core.app.InstrumentationActivityInvoker$EmptyActivity#162597 (335)
09-25 13:19:32.047  6586  7522 I SAMSUNGWALLET: [Hint_e] isHomePackageRunning topPkgName = com.sec.android.app.launcher, topClsName = com.android.launcher3.uioverrides.QuickstepLauncher, return true , se : true
09-25 13:19:32.047  5639  5639 D LifecycleMonitor: Lifecycle status change: androidx.test.core.app.InstrumentationActivityInvoker$EmptyActivity@3cda93c in: STOPPED
09-25 13:19:32.047   586   586 I MSHandlerLifeCycle: check: return. pkg=com.google.android.inputmethod.latin isActivity=false callers=com.android.internal.policy.DecorView.setVisibility:4412 android.inputmethodservice.InkWindow.hide:100 android.inputmethodservice.InputMethodService$InputMethodImpl.unbindInput:875 android.inputmethodservice.IInputMethodWrapper.executeMessage:198 com.android.internal.os.HandlerCaller$MyHandler.handleMessage:44
09-25 13:19:32.047   586   586 I MSHandlerLifeCycle: removeMultiSplitHandler: no exist. decor=DecorView@722edec[]
09-25 13:19:32.047  5639  5639 V ActivityScenario: Activity lifecycle changed event received but ignored because the intent does not match. startActivityIntent=Intent { act=android.intent.action.MAIN cat=[android.intent.category.LAUNCHER] cmp=com.example.dogglers/.VerticalListActivity }, activity.getIntent()=Intent { act=android.intent.action.MAIN cat=[android.intent.category.LAUNCHER] flg=0x10000000 cmp=com.example.dogglers/androidx.test.core.app.InstrumentationActivityInvoker$EmptyActivity }, activity=androidx.test.core.app.InstrumentationActivityInvoker$EmptyActivity@3cda93c
09-25 13:19:32.047  5639  5639 I MSHandlerLifeCycle: removeMultiSplitHandler: no exist. decor=DecorView@200df4b[InstrumentationActivityInvoker$EmptyActivity]
09-25 13:19:32.047  3108  3145 D InputMethodManagerService: checkDisplayOfStartInputAndUpdateKeyboard: displayId=0, mFocusedDisplayId=0
09-25 13:19:32.047  3108  3145 D InputTransport: Input channel constructed: 'ClientS', fd=1339
09-25 13:19:32.047  3108  3145 D InputTransport: Input channel destroyed: 'ClientS', fd=1339
09-25 13:19:32.048  1914  1914 I Layer   : id=162600 removedFromDrawingState com.example.dogglers/androidx.test.core.app.InstrumentationActivityInvoker$EmptyActivity$_5639#162600 (335)
09-25 13:19:32.048  1914  1914 I Layer   : id=162599 removedFromDrawingState ca1460a com.example.dogglers/androidx.test.core.app.InstrumentationActivityInvoker$EmptyActivity#162599 (335)
09-25 13:19:32.048  1914  1914 I SurfaceFlinger: id=162600 Removed com.example.dogglers/androidx.test.core.app.InstrumentationActivityInvoker$EmptyActivity$_5639#162600 (335)
09-25 13:19:32.048  1914  1914 I SurfaceFlinger: id=162599 Removed ca1460a com.example.dogglers/androidx.test.core.app.InstrumentationActivityInvoker$EmptyActivity#162599 (335)
09-25 13:19:32.048  6586  6586 I SAMSUNGWALLET: [Hint_PayHintService] Hint Status - already invisible, skip hide : [4000000] - 4000000
09-25 13:19:32.048  1914  1914 I Layer   : id=162599 Destroyed ca1460a com.example.dogglers/androidx.test.core.app.InstrumentationActivityInvoker$EmptyActivity#162599
09-25 13:19:32.048  5639  5639 D LifecycleMonitor: Lifecycle status change: androidx.test.core.app.InstrumentationActivityInvoker$EmptyActivity@3cda93c in: DESTROYED
09-25 13:19:32.048  1914  1914 I Layer   : id=162600 Destroyed com.example.dogglers/androidx.test.core.app.InstrumentationActivityInvoker$EmptyActivity$_5639#162600
09-25 13:19:32.048  6586  7522 I SAMSUNGWALLET: [ResetData] getSAResetDialogFlag : false
09-25 13:19:32.048  5639  5639 V ActivityScenario: Activity lifecycle changed event received but ignored because the intent does not match. startActivityIntent=Intent { act=android.intent.action.MAIN cat=[android.intent.category.LAUNCHER] cmp=com.example.dogglers/.VerticalListActivity }, activity.getIntent()=Intent { act=android.intent.action.MAIN cat=[android.intent.category.LAUNCHER] flg=0x10000000 cmp=com.example.dogglers/androidx.test.core.app.InstrumentationActivityInvoker$EmptyActivity }, activity=androidx.test.core.app.InstrumentationActivityInvoker$EmptyActivity@3cda93c
09-25 13:19:32.048  5639  5639 I MSHandlerLifeCycle: removeMultiSplitHandler: no exist. decor=DecorView@200df4b[InstrumentationActivityInvoker$EmptyActivity]
09-25 13:19:32.049  5369  5369 I BadgeRenderer: Invalid count : 0
09-25 13:19:32.050   586   586 I GoogleInputMethodService: GoogleInputMethodService.onFinishInput():3267
09-25 13:19:32.051   586   586 I GoogleInputMethodService: GoogleInputMethodService.updateDeviceLockedStatus():2097 repeatCheckTimes = 0, locked = false
09-25 13:19:32.051   586   586 D InputMethodService: checkFocusedDisplay() display Id 0last 0
09-25 13:19:32.052  1914  2139 I SurfaceFlinger: id=162609 createSurf, flag=24004, Surface(name=6a358c3 InputMethod)/@0x1a6cc79 - animation-leash of insets_animation#162609
09-25 13:19:32.052   586   586 I GoogleInputMethodService: GoogleInputMethodService.onStartInput():1889 onStartInput(EditorInfo{EditorInfo{packageName=com.sec.android.app.launcher, inputType=0, inputTypeString=NULL, enableLearning=false, autoCorrection=false, autoComplete=false, imeOptions=0, privateImeOptions=null, actionName=UNSPECIFIED, actionLabel=null, initialSelStart=-1, initialSelEnd=-1, initialCapsMode=0, label=null, fieldId=2131361996, fieldName=null, extras=Bundle[{displayId=0}], hintText=null, hintLocales=[]}}, false)
09-25 13:19:32.052  5759  6565 E pageboostd: prefetch start : app comquizletquizletandroid
09-25 13:19:32.052   586   586 I GoogleInputMethodService: GoogleInputMethodService.updateDeviceLockedStatus():2097 repeatCheckTimes = 1, locked = false
09-25 13:19:32.054  6586  7522 I SAMSUNGWALLET: [Hint_e] isHomePackageRunning topPkgName = com.sec.android.app.launcher, topClsName = com.android.launcher3.uioverrides.QuickstepLauncher, return true , se : true
09-25 13:19:32.054  6586  6586 I SAMSUNGWALLET: [Hint_PayHintService] Hint Status - already invisible, skip hide : [4000000] - 4000000
09-25 13:19:32.055  6586  7522 I SAMSUNGWALLET: [ResetData] getSAResetDialogFlag : false
09-25 13:19:32.056  3108  9815 D InputMethodManagerService: isImeSwitcherDisabledPackage : false
09-25 13:19:32.056  1914  1914 I Layer   : id=162596 removedFromDrawingState ActivityRecord{baab850 u0 com.example.dogglers/androidx.test.core.app.InstrumentationActivityInvoker$EmptyActivity} t7121}#162596 (334)
09-25 13:19:32.056  1914  1914 I Layer   : id=162597 removedFromDrawingState fd3ce13 ActivityRecordInputSink com.example.dogglers/androidx.test.core.app.InstrumentationActivityInvoker$EmptyActivity#162597 (334)
09-25 13:19:32.056  1914  1914 I Layer   : id=162598 removedFromDrawingState Surface(name=6a358c3 InputMethod)/@0x1a6cc79 - animation-leash of insets_animation#162598 (334)
09-25 13:19:32.056  1914  1914 I SurfaceFlinger: id=162596 Removed ActivityRecord{baab850 u0 com.example.dogglers/androidx.test.core.app.InstrumentationActivityInvoker$EmptyActivity} t7121}#162596 (334)
09-25 13:19:32.056  1914  1914 I Layer   : id=162596 Destroyed ActivityRecord{baab850 u0 com.example.dogglers/androidx.test.core.app.InstrumentationActivityInvoker$EmptyActivity} t7121}#162596
09-25 13:19:32.056  1914  1914 I Layer   : id=162597 Destroyed fd3ce13 ActivityRecordInputSink com.example.dogglers/androidx.test.core.app.InstrumentationActivityInvoker$EmptyActivity#162597
09-25 13:19:32.057  5639  5729 D OpenGLRenderer: setSurface called with nullptr
09-25 13:19:32.057  5639  5729 D OpenGLRenderer: setSurface() destroyed EGLSurface
09-25 13:19:32.057  5639  5729 D OpenGLRenderer: destroyEglSurface
09-25 13:19:32.057   586   586 I InputMethodService: removeImeSurface
09-25 13:19:32.057   586   586 I MSHandlerLifeCycle: check: return. pkg=com.google.android.inputmethod.latin isActivity=false callers=com.android.internal.policy.DecorView.setVisibility:4412 android.app.Dialog.hide:767 android.inputmethodservice.InputMethodService.removeImeSurface:1290 android.inputmethodservice.InputMethodService.scheduleImeSurfaceRemoval:1279 android.inputmethodservice.InputMethodService.-$$Nest$mscheduleImeSurfaceRemoval:0
09-25 13:19:32.057   586   586 I MSHandlerLifeCycle: removeMultiSplitHandler: no exist. decor=DecorView@3ddf8c7[InputMethod]
09-25 13:19:32.057  6586  7522 I SAMSUNGWALLET: [Hint_e] isHomePackageRunning topPkgName = com.sec.android.app.launcher, topClsName = com.android.launcher3.uioverrides.QuickstepLauncher, return true , se : true
09-25 13:19:32.058  6586  6586 I SAMSUNGWALLET: [Hint_PayHintService] Hint Status - already invisible, skip hide : [4000000] - 4000000
09-25 13:19:32.059  5639  5639 I ViewRootImpl@d3c1be6[InstrumentationActivityInvoker$EmptyActivity]: dispatchDetachedFromWindow
09-25 13:19:32.059  3108  6472 D InputTransport: Input channel destroyed: '5a4f17f', fd=1249
09-25 13:19:32.059  3108  6472 W InputManager-JNI: Input channel object '5a4f17f com.example.dogglers/androidx.test.core.app.InstrumentationActivityInvoker$EmptyActivity (client)' was disposed without first being removed with the input manager!
09-25 13:19:32.059  3108  6472 D InputTransport: Input channel destroyed: '5a4f17f', fd=1333
09-25 13:19:32.061  5639  5639 D InputTransport: Input channel destroyed: '5a4f17f', fd=121
09-25 13:19:32.062  1914  3193 I SurfaceFlinger: id=162598 Removed Surface(name=6a358c3 InputMethod)/@0x1a6cc79 - animation-leash of insets_animation#162598 (332)
09-25 13:19:32.062  5759  6565 E pageboostd: comquizletquizletandroid, amt 103333888 scnt 353 fcnt 42
09-25 13:19:32.062  5759  6565 E pageboostd: prefetch end : app comquizletquizletandroid data_amount 103333888
09-25 13:19:32.062  1914  3193 I SurfaceFlinger: id=162591 Removed 2d39d6d ActivityRecordInputSink com.example.dogglers/androidx.test.core.app.InstrumentationActivityInvoker$EmptyActivity#162591 (332)
09-25 13:19:32.062  5639  5639 I ViewRootImpl@54a77c4[VerticalListActivity]: stopped(true) old = false
09-25 13:19:32.062  5639  5639 I ViewRootImpl@54a77c4[VerticalListActivity]: WindowStopped on com.example.dogglers/com.example.dogglers.VerticalListActivity set to true
09-25 13:19:32.063  5639  5639 D LifecycleMonitor: Lifecycle status change: com.example.dogglers.VerticalListActivity@963682 in: STOPPED
09-25 13:19:32.063  5639  5639 V ActivityScenario: Update currentActivityStage to STOPPED, currentActivity=com.example.dogglers.VerticalListActivity@963682
09-25 13:19:32.064  5639  5639 I MSHandlerLifeCycle: removeMultiSplitHandler: no exist. decor=DecorView@d795ee8[VerticalListActivity]
09-25 13:19:32.064  1914  1914 I Layer   : id=162593 removedFromDrawingState com.example.dogglers/androidx.test.core.app.InstrumentationActivityInvoker$EmptyActivity$_5639#162593 (332)
09-25 13:19:32.064  1914  1914 I Layer   : id=162592 removedFromDrawingState 5a4f17f com.example.dogglers/androidx.test.core.app.InstrumentationActivityInvoker$EmptyActivity#162592 (332)
09-25 13:19:32.064  1914  1914 I SurfaceFlinger: id=162592 Removed 5a4f17f com.example.dogglers/androidx.test.core.app.InstrumentationActivityInvoker$EmptyActivity#162592 (332)
09-25 13:19:32.064  1914  1914 I SurfaceFlinger: id=162593 Removed com.example.dogglers/androidx.test.core.app.InstrumentationActivityInvoker$EmptyActivity$_5639#162593 (332)
09-25 13:19:32.064  5639  5639 D LifecycleMonitor: Lifecycle status change: com.example.dogglers.VerticalListActivity@963682 in: DESTROYED
09-25 13:19:32.064  1914  1914 I Layer   : id=162598 Destroyed Surface(name=6a358c3 InputMethod)/@0x1a6cc79 - animation-leash of insets_animation#162598
09-25 13:19:32.064  5639  5639 V ActivityScenario: Update currentActivityStage to DESTROYED, currentActivity=null
09-25 13:19:32.065  1914  1914 I Layer   : id=162592 Destroyed 5a4f17f com.example.dogglers/androidx.test.core.app.InstrumentationActivityInvoker$EmptyActivity#162592
09-25 13:19:32.065  1914  1914 I Layer   : id=162593 Destroyed com.example.dogglers/androidx.test.core.app.InstrumentationActivityInvoker$EmptyActivity$_5639#162593
09-25 13:19:32.065  5639  5703 I TestRunner: finished: vertical_scroll_content_at_last_position(com.example.dogglers.VerticalListTests)
