09-25 13:19:23.903  3108  4606 V InputMethodManagerService: getDisplayIdOfInputMethodWindowToBeAdded: displayId=0
09-25 13:19:23.904  3108  4606 D InputMethodManagerService: isImeSwitcherDisabledPackage : false
09-25 13:19:23.904  3108  4606 D InputMethodManagerService: checkDisplayOfStartInputAndUpdateKeyboard: displayId=0, mFocusedDisplayId=0
09-25 13:19:23.904  3108  4606 D InputTransport: Input channel constructed: 'ClientS', fd=1355
09-25 13:19:23.904  3108  4606 D InputTransport: Input channel destroyed: 'ClientS', fd=1355
09-25 13:19:23.904  1809  1855 I HYPER-HAL: [RequestManager.cpp]acquire(): Acquired ID : 4896906  [3108 / 21]    HINT : AMS_ACT_LAZY    list :
09-25 13:19:23.904   586   586 I MSHandlerLifeCycle: check: return. pkg=com.google.android.inputmethod.latin isActivity=false callers=com.android.internal.policy.DecorView.setVisibility:4412 android.inputmethodservice.InkWindow.hide:100 android.inputmethodservice.InputMethodService$InputMethodImpl.unbindInput:875 android.inputmethodservice.IInputMethodWrapper.executeMessage:198 com.android.internal.os.HandlerCaller$MyHandler.handleMessage:44
09-25 13:19:23.905  4768  4860 I ViewRootImpl@6705a21[dogglers]: mWNT: t=0xb4000077a0f77a00 mBlastBufferQueue=0xb400007705019c80 fn= 2 caller= android.view.SyncRtSurfaceTransactionApplier.applyTransaction:96 android.view.SyncRtSurfaceTransactionApplier.lambda$scheduleApply$0$android-view-SyncRtSurfaceTransactionApplier:69 android.view.SyncRtSurfaceTransactionApplier$$ExternalSyntheticLambda0.onFrameDraw:4
09-25 13:19:23.905  4768  4860 I ViewRootImpl@6705a21[dogglers]: mWNT: t=0xb4000077a0f94100 mBlastBufferQueue=0xb400007705019c80 fn= 2 caller= android.view.SyncRtSurfaceTransactionApplier.applyTransaction:96 android.view.SyncRtSurfaceTransactionApplier.lambda$scheduleApply$0$android-view-SyncRtSurfaceTransactionApplier:69 android.view.SyncRtSurfaceTransactionApplier$$ExternalSyntheticLambda0.onFrameDraw:4
09-25 13:19:23.905   586   586 I MSHandlerLifeCycle: removeMultiSplitHandler: no exist. decor=DecorView@722edec[]
09-25 13:19:23.905  5639  5639 I ViewInteraction: Checking 'MatchesViewAssertion{viewMatcher=(view has effective visibility <VISIBLE> and view.getGlobalVisibleRect() to return non-empty rectangle)}' assertion on view an instance of android.widget.TextView and view.getText() with or without transformation to match: is "Nox"
09-25 13:19:23.906  1809  1855 I HYPER-HAL: [RequestManager.cpp]releaseLocked(): Released ID : 4903169
09-25 13:19:23.906   586   586 I GoogleInputMethodService: GoogleInputMethodService.onFinishInput():3267
09-25 13:19:23.908   586   586 I GoogleInputMethodService: GoogleInputMethodService.updateDeviceLockedStatus():2097 repeatCheckTimes = 0, locked = false
09-25 13:19:23.908   586   586 D InputMethodService: checkFocusedDisplay() display Id 0last 0
09-25 13:19:23.908   586   586 I GoogleInputMethodService: GoogleInputMethodService.onStartInput():1889 onStartInput(EditorInfo{EditorInfo{packageName=com.example.dogglers, inputType=0, inputTypeString=NULL, enableLearning=false, autoCorrection=false, autoComplete=false, imeOptions=0, privateImeOptions=null, actionName=UNSPECIFIED, actionLabel=null, initialSelStart=-1, initialSelEnd=-1, initialCapsMode=0, label=null, fieldId=-1, fieldName=null, extras=Bundle[{displayId=0}], hintText=null, hintLocales=[]}}, false)
09-25 13:19:23.909   586   586 I GoogleInputMethodService: GoogleInputMethodService.updateDeviceLockedStatus():2097 repeatCheckTimes = 1, locked = false
09-25 13:19:23.910  1914  2139 I SurfaceFlinger: id=162245 createSurf, flag=24004, Surface(name=6a358c3 InputMethod)/@0x1a6cc79 - animation-leash of insets_animation#162245
09-25 13:19:23.914  4768  4861 I ViewRootImpl@6705a21[dogglers]: mWNT: t=0xb4000077a1010400 mBlastBufferQueue=0xb400007705019c80 fn= 3 caller= android.view.SyncRtSurfaceTransactionApplier.applyTransaction:96 android.view.SyncRtSurfaceTransactionApplier.lambda$scheduleApply$0$android-view-SyncRtSurfaceTransactionApplier:69 android.view.SyncRtSurfaceTransactionApplier$$ExternalSyntheticLambda0.onFrameDraw:4
09-25 13:19:23.915  3108  9815 D InputMethodManagerService: isImeSwitcherDisabledPackage : false
09-25 13:19:23.915  3108  3230 I ChimeraSystemEventListener: appLaunchIntent package name is: com.example.dogglers
09-25 13:19:23.916   586   586 I InputMethodService: removeImeSurface
09-25 13:19:23.917   586   586 I MSHandlerLifeCycle: check: return. pkg=com.google.android.inputmethod.latin isActivity=false callers=com.android.internal.policy.DecorView.setVisibility:4412 android.app.Dialog.hide:767 android.inputmethodservice.InputMethodService.removeImeSurface:1290 android.inputmethodservice.InputMethodService.scheduleImeSurfaceRemoval:1279 android.inputmethodservice.InputMethodService.-$$Nest$mscheduleImeSurfaceRemoval:0
09-25 13:19:23.917   586   586 I MSHandlerLifeCycle: removeMultiSplitHandler: no exist. decor=DecorView@3ddf8c7[InputMethod]
09-25 13:19:23.917  3108  4074 I SemDvfsHyPerManager: acquire hyper - AMS_ACT_START/3108@18, type = -999
09-25 13:19:23.917  1809  1855 I HYPER-HAL: [RequestManager.cpp]acquire(): Acquired ID : 4887519  [3108 / 18]    HINT : AMS_ACT_START    list :
09-25 13:19:23.918  1914  3199 I SurfaceFlinger: id=162246 createSurf, flag=80004, ActivityRecord{ba6b502 u0 com.example.dogglers/androidx.test.core.app.InstrumentationActivityInvoker$EmptyActivity} t7112}#162246
09-25 13:19:23.921  1914  1914 I Layer   : id=162229 removedFromDrawingState Surface(name=6a358c3 InputMethod)/@0x1a6cc79 - animation-leash of insets_animation#162229 (335)
09-25 13:19:23.922  1914  1914 I SurfaceFlinger: id=162229 Removed Surface(name=6a358c3 InputMethod)/@0x1a6cc79 - animation-leash of insets_animation#162229 (335)
09-25 13:19:23.922  1914  1914 I Layer   : id=162229 Destroyed Surface(name=6a358c3 InputMethod)/@0x1a6cc79 - animation-leash of insets_animation#162229
09-25 13:19:23.924  4768  4860 I ViewRootImpl@6705a21[dogglers]: mWNT: t=0xb4000077a0fcad00 mBlastBufferQueue=0xb400007705019c80 fn= 4 caller= android.view.SyncRtSurfaceTransactionApplier.applyTransaction:96 android.view.SyncRtSurfaceTransactionApplier.lambda$scheduleApply$0$android-view-SyncRtSurfaceTransactionApplier:69 android.view.SyncRtSurfaceTransactionApplier$$ExternalSyntheticLambda0.onFrameDraw:4
09-25 13:19:23.925  1797  1797 I sensors-hal: set_config:61, sample_period_ns is adjusted to 200000000 based on min/max delay_ns
09-25 13:19:23.925  1797  1797 I sensors-hal: batch:365, com.samsung.sensor.light_cct/1511, period=200000000, max_latency=0 request completed
09-25 13:19:23.925  1914  2139 I SurfaceFlinger: id=162247 createSurf, flag=80000, 7d7e64d ActivityRecordInputSink com.example.dogglers/androidx.test.core.app.InstrumentationActivityInvoker$EmptyActivity#162247
09-25 13:19:23.927  1797  1797 I sensors-hal: activate:281, com.samsung.sensor.light_cct/1511 en=1
09-25 13:19:23.927  1797  1797 I sensors-hal: acquire_ssc_interface:108, acquire_ssc_interface with sensor_id 13 , conn_type 3
09-25 13:19:23.928  5759  5759 E pageboostd: Received HALT command code 2
09-25 13:19:23.928  3108  3230 D PersonaActivityHelper: Activity not in resumed state, do not run immediate lock
09-25 13:19:23.928  5639  5639 D LifecycleMonitor: Lifecycle status change: com.example.dogglers.GridListActivity@ef834fd in: PAUSED
09-25 13:19:23.929  5639  5639 V ActivityScenario: Update currentActivityStage to PAUSED, currentActivity=com.example.dogglers.GridListActivity@ef834fd
09-25 13:19:23.929  1765  1977 E minksocket: MinkIPC_QRTR_Service: client with node 1 port 7d71 went down
09-25 13:19:23.929  1765  1963 E minksocket: MinkIPC_QRTR_Service: client with node 1 port 7d71 went down
09-25 13:19:23.930  1765  1963 E minksocket: MinkIPC_QRTR_Service: client with node 1 port 7d72 went down
09-25 13:19:23.930  1765  1977 E minksocket: MinkIPC_QRTR_Service: client with node 1 port 7d72 went down
09-25 13:19:23.930  4768  4861 I ViewRootImpl@6705a21[dogglers]: mWNT: t=0xb4000077a1011600 mBlastBufferQueue=0xb400007705019c80 fn= 5 caller= android.view.SyncRtSurfaceTransactionApplier.applyTransaction:96 android.view.SyncRtSurfaceTransactionApplier.lambda$scheduleApply$0$android-view-SyncRtSurfaceTransactionApplier:69 android.view.SyncRtSurfaceTransactionApplier$$ExternalSyntheticLambda0.onFrameDraw:4
09-25 13:19:23.930  3108  4074 D InputDispatcher: Focused application(0): ActivityRecord{ba6b502 u0 com.example.dogglers/androidx.test.core.app.InstrumentationActivityInvoker$EmptyActivity} t7112}
09-25 13:19:23.930  1765  1963 E minksocket: MinkIPC_QRTR_Service: client with node 1 port 7d73 went down
09-25 13:19:23.930  1765  1977 E minksocket: MinkIPC_QRTR_Service: client with node 1 port 7d73 went down
09-25 13:19:23.931  1797  1797 I sensors-hal: ssc_qmi:26, ssc_qmi
09-25 13:19:23.931  1797  1797 I sensors-hal: register_cb:295, register_cb start this=0xb4000078d28c1800x
09-25 13:19:23.931  1797  1797 I sensors-hal: register_cb:311, register_cb End with succes
09-25 13:19:23.931  1797  1797 I sensors-hal: send_sync_sensor_request:501, send sync request
09-25 13:19:23.931  1797  1797 I sensors-hal: send_sync_sensor_request:511, send_sync_sensor_request before send_request for light_cct with SUID low=17242558634497898280 high=6270869527188043453
09-25 13:19:23.931  1797  1797 I sensors-hal: send_request:320, send_request start this=0xb4000078d28c1800x
09-25 13:19:23.931  1797  1797 I sensors-hal: send_request:405, send_request completed, this=0xb4000078d28c1800x
09-25 13:19:23.931  1797  1797 I sensors-hal: send_sync_sensor_request:530, wait for notification of response
09-25 13:19:23.931  1765  1963 E minksocket: MinkIPC_QRTR_Service: client with node 1 port 7d74 went down
09-25 13:19:23.931  1765  1977 E minksocket: MinkIPC_QRTR_Service: client with node 1 port 7d74 went down
09-25 13:19:23.931  3108 29076 D RemoteAppTaskWatcher:  ****** RemoteAppTaskWatcher: Message Received 5 Task ID = 0
09-25 13:19:23.932  1797  6294 I sensors-hal: ssc_conn_resp_cb:915, resp_value = 0 for light_cct
09-25 13:19:23.932  1797  1797 I sensors-hal: send_sync_sensor_request:536, takes 1 ms to receive the response with 0
09-25 13:19:23.932  1797  1797 I sensors-hal: activate:299, com.samsung.sensor.light_cct/1511 en=1 completed
09-25 13:19:23.932  3108  5109 D SensorManager: registerListener :: 1511, TMD4913 Light CCT  Non-wakeup, 200000, 0, com.samsung.android.displaysolution.EyeComfortSolutionService$2@8c750a9
09-25 13:19:23.932  1797  6294 I sensors-hal: handle_resp_cb:507, handle_resp_cb Ended this=0xb4000078d28c1800x
09-25 13:19:23.937  5639  5639 D LifecycleMonitor: Lifecycle status change: androidx.test.core.app.InstrumentationActivityInvoker$EmptyActivity@85973b3 in: PRE_ON_CREATE
09-25 13:19:23.937  3108  3230 I SemPersonaManager: SecureFolder personaId = 150
09-25 13:19:23.937  5639  5639 V ActivityScenario: Activity lifecycle changed event received but ignored because the intent does not match. startActivityIntent=Intent { act=android.intent.action.MAIN cat=[android.intent.category.LAUNCHER] cmp=com.example.dogglers/.GridListActivity }, activity.getIntent()=Intent { act=android.intent.action.MAIN cat=[android.intent.category.LAUNCHER] flg=0x10000000 cmp=com.example.dogglers/androidx.test.core.app.InstrumentationActivityInvoker$EmptyActivity }, activity=androidx.test.core.app.InstrumentationActivityInvoker$EmptyActivity@85973b3
09-25 13:19:23.938 15715 15751 I WindowsLink: (TaskInfoManager) +++++++++++onRecentTaskStackUpdated
09-25 13:19:23.938  1914  1914 I SurfaceFlinger: [673e6a1 com.example.dogglers/com.example.dogglers.GridListActivity#162240] FrameRatePriority: -1
09-25 13:19:23.939  4768  4860 I ViewRootImpl@6705a21[dogglers]: mWNT: t=0xb4000077a0f77700 mBlastBufferQueue=0xb400007705019c80 fn= 6 caller= android.view.SyncRtSurfaceTransactionApplier.applyTransaction:96 android.view.SyncRtSurfaceTransactionApplier.lambda$scheduleApply$0$android-view-SyncRtSurfaceTransactionApplier:69 android.view.SyncRtSurfaceTransactionApplier$$ExternalSyntheticLambda0.onFrameDraw:4
09-25 13:19:23.941  5639  5639 I DecorView: [INFO] isPopOver=false config=true
09-25 13:19:23.941  5639  5639 I DecorView: updateCaptionType: isFloating=false isApplication=true hasWindowDecorCaption=false this=DecorView@da1696e[]
09-25 13:19:23.941  5639  5639 D DecorView: setCaptionType = 0, this = DecorView@da1696e[]
09-25 13:19:23.942  5639  5639 I DecorView: getCurrentDensityDpi: from real metrics. densityDpi=560 msg=resources_loaded
09-25 13:19:23.942  5639  5639 I DecorView: setWindowBackground: isPopOver=false color=ff010101 d=android.graphics.drawable.StateListDrawable@4ed980f
09-25 13:19:23.942  3108  3230 D EnterpriseDeviceManagerService: isMdmAdminPresentInternal() : MDM Admin Found - com.samsung.knox.securefolder
09-25 13:19:23.942  5639  5639 D LifecycleMonitor: Lifecycle status change: androidx.test.core.app.InstrumentationActivityInvoker$EmptyActivity@85973b3 in: CREATED
09-25 13:19:23.942  5639  5639 V ActivityScenario: Activity lifecycle changed event received but ignored because the intent does not match. startActivityIntent=Intent { act=android.intent.action.MAIN cat=[android.intent.category.LAUNCHER] cmp=com.example.dogglers/.GridListActivity }, activity.getIntent()=Intent { act=android.intent.action.MAIN cat=[android.intent.category.LAUNCHER] flg=0x10000000 cmp=com.example.dogglers/androidx.test.core.app.InstrumentationActivityInvoker$EmptyActivity }, activity=androidx.test.core.app.InstrumentationActivityInvoker$EmptyActivity@85973b3
09-25 13:19:23.943  5639  5639 D LifecycleMonitor: Lifecycle status change: androidx.test.core.app.InstrumentationActivityInvoker$EmptyActivity@85973b3 in: STARTED
09-25 13:19:23.943  5639  5639 V ActivityScenario: Activity lifecycle changed event received but ignored because the intent does not match. startActivityIntent=Intent { act=android.intent.action.MAIN cat=[android.intent.category.LAUNCHER] cmp=com.example.dogglers/.GridListActivity }, activity.getIntent()=Intent { act=android.intent.action.MAIN cat=[android.intent.category.LAUNCHER] flg=0x10000000 cmp=com.example.dogglers/androidx.test.core.app.InstrumentationActivityInvoker$EmptyActivity }, activity=androidx.test.core.app.InstrumentationActivityInvoker$EmptyActivity@85973b3
09-25 13:19:23.943  5639  5639 D LifecycleMonitor: Lifecycle status change: androidx.test.core.app.InstrumentationActivityInvoker$EmptyActivity@85973b3 in: RESUMED
09-25 13:19:23.943  5639  5639 V ActivityScenario: Activity lifecycle changed event received but ignored because the intent does not match. startActivityIntent=Intent { act=android.intent.action.MAIN cat=[android.intent.category.LAUNCHER] cmp=com.example.dogglers/.GridListActivity }, activity.getIntent()=Intent { act=android.intent.action.MAIN cat=[android.intent.category.LAUNCHER] flg=0x10000000 cmp=com.example.dogglers/androidx.test.core.app.InstrumentationActivityInvoker$EmptyActivity }, activity=androidx.test.core.app.InstrumentationActivityInvoker$EmptyActivity@85973b3
09-25 13:19:23.943  5639  5639 I MSHandlerLifeCycle: check: return. pkg=com.example.dogglers parent=null callers=com.android.internal.policy.DecorView.setVisibility:4412 android.app.ActivityThread.handleResumeActivity:5476 android.app.servertransaction.ResumeActivityItem.execute:54 android.app.servertransaction.ActivityTransactionItem.execute:45 android.app.servertransaction.TransactionExecutor.executeLifecycleState:176
09-25 13:19:23.943  5639  5639 I MSHandlerLifeCycle: removeMultiSplitHandler: no exist. decor=DecorView@da1696e[]
09-25 13:19:23.943  8423  8423 I ActivityUtils: HomePackage : com.sec.android.app.launcher, resumePackageName : com.example.dogglers
09-25 13:19:23.944  3108  6142 I MediaSessionMonitor: Media session stopped : controllerList empty
09-25 13:19:23.945  5639  5729 D NativeCustomFrequencyManager: [NativeCFMS] BpCustomFrequencyManager::BpCustomFrequencyManager()
09-25 13:19:23.947  3108  4074 D InputTransport: Input channel constructed: 'ab0a7b9', fd=1370
09-25 13:19:23.947  3108  4074 D InputTransport: Input channel constructed: 'ab0a7b9', fd=1373
09-25 13:19:23.947  3108  4074 D InputTransport: Input channel constructed: 'ab0a7b9', fd=1375
09-25 13:19:23.947  1914  4196 I SurfaceFlinger: id=162248 createSurf, flag=80004, ab0a7b9 com.example.dogglers/androidx.test.core.app.InstrumentationActivityInvoker$EmptyActivity#162248
09-25 13:19:23.948  3108  4606 D InputDispatcher: Focus left window (0): 673e6a1 com.example.dogglers/com.example.dogglers.GridListActivity
09-25 13:19:23.948  4768  4861 I ViewRootImpl@6705a21[dogglers]: mWNT: t=0xb400007731efa000 mBlastBufferQueue=0xb400007705019c80 fn= 7 caller= android.view.SyncRtSurfaceTransactionApplier.applyTransaction:96 android.view.SyncRtSurfaceTransactionApplier.lambda$scheduleApply$0$android-view-SyncRtSurfaceTransactionApplier:69 android.view.SyncRtSurfaceTransactionApplier$$ExternalSyntheticLambda0.onFrameDraw:4
09-25 13:19:23.950  3108  4074 D InputTransport: Input channel destroyed: 'ab0a7b9', fd=1375
09-25 13:19:23.951  5639  5639 D InsetsController: onStateChanged: InsetsState: {mDisplayFrame=Rect(0, 0 - 1440, 3088), mDisplayCutout=DisplayCutout{insets=Rect(0, 100 - 0, 0) waterfall=Insets{left=0, top=0, right=0, bottom=0} boundingRect={Bounds=[Rect(0, 0 - 0, 0), Rect(685, 0 - 756, 100), Rect(0, 0 - 0, 0), Rect(0, 0 - 0, 0)]} cutoutPathParserInfo={CutoutPathParserInfo{displayWidth=1440 displayHeight=3088 physicalDisplayWidth=1440 physicalDisplayHeight=3088 density={3.75} cutoutSpec={M 0,0 H -9.466666666666667 V 26.66666666666667‬ H 9.466666666666667 V 0 H 0 Z @dp} rotation={0} scale={1.0} physicalPixelDisplaySizeRatio={1.0}}}}, mRoundedCorners=RoundedCorners{[RoundedCorner{position=TopLeft, radius=14, center=Point(14, 14)}, RoundedCorner{position=TopRight, radius=14, center=Point(1426, 14)}, RoundedCorner{position=BottomRight, radius=14, center=Point(1426, 3074)}, RoundedCorner{position=BottomLeft, radius=14, center=Point(14, 3074)}]}  mRoundedCornerFrame=Rect(0, 0 - 1440, 3088), mPrivacyIndicatorBounds=PrivacyIndicatorBounds {static bounds=Rect(1286, 0 - 1440, 100) rotation=0}, mSources= { InsetsSource: {mType=ITYPE_STATUS_BAR, mFrame=[0,0][1440,100], mVisible=true, mInsetsRoundedCornerFrame=false}, InsetsSource: {mType=ITYPE_NAVIGATION_BAR, mFrame=[0,3088][1440,3088], mVisible=true, mInsetsRoundedCornerFrame=false}, InsetsSource: {mType=ITYPE_LEFT_GESTURES, mFrame=[0,0][0,3088], mVisible=true, mInsetsRoundedCornerFrame=false}, InsetsSource: {mType=ITYPE_RIGHT_GESTURES, mFrame=[1440,0][1440,3088], mVisible=true, mInsetsRoundedCornerFrame=false}, InsetsSource: {mType=ITYPE_TOP_MANDATORY_GESTURES, mFrame=[0,0][1440,142], mVisible=true, mInsetsRoundedCornerFrame=false}, InsetsSource: {mType=ITYPE_BOTTOM_MANDATORY_GESTURES, mFrame=[0,3018][1440,3088], mVisible=true, mInsetsRoundedCornerFrame=false}, InsetsSource: {mType=ITYPE_LEFT_DISPLAY_CUTOUT, mFrame=[0,0][-100000,3088], mVisible=true, mInsetsRoundedCornerFrame=false}, InsetsSource: {mType=ITYPE_TOP_DISPLAY_CUTOUT, mFrame=[0,0][1440,100], mVisible=true, mInsetsRoundedCornerFrame=false}, InsetsSource: {mType=ITYPE_RIGHT_DISPLAY_CUTOUT, mFrame=[100000,0][1440,3088], mVisible=true, mInsetsRoundedCornerFrame=false}, InsetsSource: {mType=ITYPE_BOTTOM_DISPLAY_CUTOUT, mFrame=[0,100000][1440,3088], mVisible=true, mInsetsRoundedCornerFrame=false}, InsetsSource: {mType=ITYPE_TOP_TAPPABLE_ELEMENT, mFrame=[0,0][1440,100], mVisible=true, mInsetsRoundedCornerFrame=false}, InsetsSource: {mType=ITYPE_BOTTOM_TAPPABLE_ELEMENT, mFrame=[0,0][0,0], mVisible=true, mInsetsRoundedCornerFrame=false} } host=com.example.dogglers/androidx.test.core.app.InstrumentationActivityInvoker$EmptyActivity from=android.view.ViewRootImpl.setView:1732
09-25 13:19:23.953  5639  5639 I ViewRootImpl@e467aa5[InstrumentationActivityInvoker$EmptyActivity]: setView = com.android.internal.policy.DecorView@da1696e TM=true
09-25 13:19:23.953  5639  5639 I MSHandlerLifeCycle: removeMultiSplitHandler: no exist. decor=DecorView@da1696e[InstrumentationActivityInvoker$EmptyActivity]
09-25 13:19:23.954  3108  3338 D AnalyticsContainerHandler: handleMessage : { when=0 what=1 target=com.android.server.knox.KnoxAnalyticsContainer$AnalyticsHandler }
09-25 13:19:23.955  4768  4851 D OpenGLRenderer: setSurface called with nullptr
09-25 13:19:23.955  4768  4851 D OpenGLRenderer: setSurface() destroyed EGLSurface
09-25 13:19:23.955  5639  5639 I ViewRootImpl@e467aa5[InstrumentationActivityInvoker$EmptyActivity]: performTraversals params={(0,0)(fillxfill) sim={adjust=pan forwardNavigation} ty=BASE_APPLICATION wanim=0x1030001
09-25 13:19:23.955  5639  5639 I ViewRootImpl@e467aa5[InstrumentationActivityInvoker$EmptyActivity]:   fl=1810100
09-25 13:19:23.955  5639  5639 I ViewRootImpl@e467aa5[InstrumentationActivityInvoker$EmptyActivity]:   pfl=12020040
09-25 13:19:23.955  5639  5639 I ViewRootImpl@e467aa5[InstrumentationActivityInvoker$EmptyActivity]:   bhv=DEFAULT
09-25 13:19:23.955  5639  5639 I ViewRootImpl@e467aa5[InstrumentationActivityInvoker$EmptyActivity]:   fitSides= naviIconColor=0}
09-25 13:19:23.955  5639  5639 I ViewRootImpl@e467aa5[InstrumentationActivityInvoker$EmptyActivity]: performTraversals mFirst=true windowShouldResize=true viewVisibilityChanged=false mForceNextWindowRelayout=false params={(0,0)(fillxfill) sim={adjust=pan forwardNavigation} ty=BASE_APPLICATION wanim=0x1030001
09-25 13:19:23.955  5639  5639 I ViewRootImpl@e467aa5[InstrumentationActivityInvoker$EmptyActivity]:   fl=1810100
09-25 13:19:23.955  5639  5639 I ViewRootImpl@e467aa5[InstrumentationActivityInvoker$EmptyActivity]:   pfl=12020040
09-25 13:19:23.955  5639  5639 I ViewRootImpl@e467aa5[InstrumentationActivityInvoker$EmptyActivity]:   bhv=DEFAULT
09-25 13:19:23.955  5639  5639 I ViewRootImpl@e467aa5[InstrumentationActivityInvoker$EmptyActivity]:   fitSides= naviIconColor=0}
09-25 13:19:23.955  2229  8085 I CameraService: onUidStateChanged: uid=10042, procState is changed. (1 -> 0)
09-25 13:19:23.956  3108  4074 V WindowManager: Relayout Window{ab0a7b9 u0 com.example.dogglers/androidx.test.core.app.InstrumentationActivityInvoker$EmptyActivity}: viewVisibility=0 req=1440x3088 d0
09-25 13:19:23.956  4768  4851 D OpenGLRenderer: destroyEglSurface
09-25 13:19:23.956  1914  2139 I SurfaceFlinger: id=162249 createSurf, flag=40004, com.example.dogglers/androidx.test.core.app.InstrumentationActivityInvoker$EmptyActivity$_5639#162249
09-25 13:19:23.957  4768  4843 I ViewRootImpl@6705a21[dogglers]: performTraversals params={(0,0)(fillxfill) sim={adjust=pan} ty=APPLICATION_STARTING fmt=TRANSLUCENT wanim=0x1030001 alpha=0.0
09-25 13:19:23.957  4768  4843 I ViewRootImpl@6705a21[dogglers]:   fl=81030118
09-25 13:19:23.957  4768  4843 I ViewRootImpl@6705a21[dogglers]:   pfl=16000010
09-25 13:19:23.957  4768  4843 I ViewRootImpl@6705a21[dogglers]:   bhv=DEFAULT
09-25 13:19:23.957  4768  4843 I ViewRootImpl@6705a21[dogglers]:   fitSides= naviIconColor=0}
09-25 13:19:23.957  4768  4843 I ViewRootImpl@6705a21[dogglers]: performTraversals mFirst=false windowShouldResize=false viewVisibilityChanged=true mForceNextWindowRelayout=false params={(0,0)(fillxfill) sim={adjust=pan} ty=APPLICATION_STARTING fmt=TRANSLUCENT wanim=0x1030001 alpha=0.0
09-25 13:19:23.957  4768  4843 I ViewRootImpl@6705a21[dogglers]:   fl=81030118
09-25 13:19:23.957  4768  4843 I ViewRootImpl@6705a21[dogglers]:   pfl=16000010
09-25 13:19:23.957  4768  4843 I ViewRootImpl@6705a21[dogglers]:   bhv=DEFAULT
09-25 13:19:23.957  4768  4843 I ViewRootImpl@6705a21[dogglers]:   fitSides= naviIconColor=0}
09-25 13:19:23.960  1914  4196 I SurfaceFlinger: id=162250 createSurf, flag=24000, Surface(name=4eb27f5 StatusBar)/@0x43fa543 - animation-leash of insets_animation#162250
09-25 13:19:23.962  1914  4196 I SurfaceFlinger: id=162251 createSurf, flag=24000, Surface(name=d110b4c NavigationBar0)/@0x8bdb781 - animation-leash of insets_animation#162251
09-25 13:19:23.963  3108  6456 V WindowManager: Relayout Window{b45c124 u0 Splash Screen com.example.dogglers}: viewVisibility=8 req=1440x3088 d0
09-25 13:19:23.963  3108  4074 V WindowManager: Relayout hash=ab0a7b9, pid=5639, syncId=-1: mAttrs={(0,0)(fillxfill) sim={adjust=pan forwardNavigation} ty=BASE_APPLICATION wanim=0x1030001
09-25 13:19:23.963  3108  4074 V WindowManager:   fl=1810100
09-25 13:19:23.963  3108  4074 V WindowManager:   pfl=12020040
09-25 13:19:23.963  3108  4074 V WindowManager:   bhv=DEFAULT
09-25 13:19:23.963  3108  4074 V WindowManager:   fitSides= naviIconColor=0}
09-25 13:19:23.964  5639  5639 D InsetsController: onStateChanged: InsetsState: {mDisplayFrame=Rect(0, 0 - 1440, 3088), mDisplayCutout=DisplayCutout{insets=Rect(0, 100 - 0, 0) waterfall=Insets{left=0, top=0, right=0, bottom=0} boundingRect={Bounds=[Rect(0, 0 - 0, 0), Rect(685, 0 - 756, 100), Rect(0, 0 - 0, 0), Rect(0, 0 - 0, 0)]} cutoutPathParserInfo={CutoutPathParserInfo{displayWidth=1440 displayHeight=3088 physicalDisplayWidth=1440 physicalDisplayHeight=3088 density={3.75} cutoutSpec={M 0,0 H -9.466666666666667 V 26.66666666666667‬ H 9.466666666666667 V 0 H 0 Z @dp} rotation={0} scale={1.0} physicalPixelDisplaySizeRatio={1.0}}}}, mRoundedCorners=RoundedCorners{[RoundedCorner{position=TopLeft, radius=14, center=Point(14, 14)}, RoundedCorner{position=TopRight, radius=14, center=Point(1426, 14)}, RoundedCorner{position=BottomRight, radius=14, center=Point(1426, 3074)}, RoundedCorner{position=BottomLeft, radius=14, center=Point(14, 3074)}]}  mRoundedCornerFrame=Rect(0, 0 - 1440, 3088), mPrivacyIndicatorBounds=PrivacyIndicatorBounds {static bounds=Rect(1286, 0 - 1440, 100) rotation=0}, mSources= { InsetsSource: {mType=ITYPE_STATUS_BAR, mFrame=[0,0][1440,100], mVisible=true, mInsetsRoundedCornerFrame=false}, InsetsSource: {mType=ITYPE_NAVIGATION_BAR, mFrame=[0,3088][1440,3088], mVisible=true, mInsetsRoundedCornerFrame=false}, InsetsSource: {mType=ITYPE_LEFT_GESTURES, mFrame=[0,0][0,3088], mVisible=true, mInsetsRoundedCornerFrame=false}, InsetsSource: {mType=ITYPE_RIGHT_GESTURES, mFrame=[1440,0][1440,3088], mVisible=true, mInsetsRoundedCornerFrame=false}, InsetsSource: {mType=ITYPE_TOP_MANDATORY_GESTURES, mFrame=[0,0][1440,142], mVisible=true, mInsetsRoundedCornerFrame=false}, InsetsSource: {mType=ITYPE_BOTTOM_MANDATORY_GESTURES, mFrame=[0,3018][1440,3088], mVisible=true, mInsetsRoundedCornerFrame=false}, InsetsSource: {mType=ITYPE_LEFT_DISPLAY_CUTOUT, mFrame=[0,0][-100000,3088], mVisible=true, mInsetsRoundedCornerFrame=false}, InsetsSource: {mType=ITYPE_TOP_DISPLAY_CUTOUT, mFrame=[0,0][1440,100], mVisible=true, mInsetsRoundedCornerFrame=false}, InsetsSource: {mType=ITYPE_RIGHT_DISPLAY_CUTOUT, mFrame=[100000,0][1440,3088], mVisible=true, mInsetsRoundedCornerFrame=false}, InsetsSource: {mType=ITYPE_BOTTOM_DISPLAY_CUTOUT, mFrame=[0,100000][1440,3088], mVisible=true, mInsetsRoundedCornerFrame=false}, InsetsSource: {mType=ITYPE_TOP_TAPPABLE_ELEMENT, mFrame=[0,0][1440,100], mVisible=true, mInsetsRoundedCornerFrame=false}, InsetsSource: {mType=ITYPE_BOTTOM_TAPPABLE_ELEMENT, mFrame=[0,0][0,0], mVisible=true, mInsetsRoundedCornerFrame=false}, InsetsSource: {mType=ITYPE_IME, mFrame=[0,0][0,0], mVisibleFrame=[0,3088][1440,3088], mVisible=false, mInsetsRoundedCornerFrame=false} } host=com.example.dogglers/androidx.test.core.app.InstrumentationActivityInvoker$EmptyActivity from=android.view.ViewRootImpl.relayoutWindow:9802
09-25 13:19:23.965  5639  5639 I ViewRootImpl@e467aa5[InstrumentationActivityInvoker$EmptyActivity]: updateBlastSurfaceIfNeeded mBlastBufferQueue=null isSameSurfaceControl=false
09-25 13:19:23.965  3108  6456 V WindowManager: Relayout hash=b45c124, pid=4768, syncId=-1: mAttrs={(0,0)(fillxfill) sim={adjust=pan} ty=APPLICATION_STARTING fmt=TRANSLUCENT wanim=0x1030001 alpha=0.0
09-25 13:19:23.965  3108  6456 V WindowManager:   fl=81030118
09-25 13:19:23.965  3108  6456 V WindowManager:   pfl=16000010
09-25 13:19:23.965  3108  6456 V WindowManager:   bhv=DEFAULT
09-25 13:19:23.965  3108  6456 V WindowManager:   fitSides= naviIconColor=0}
09-25 13:19:23.965  5639  5639 I BLASTBufferQueue: new BLASTBufferQueue, mName= ViewRootImpl@e467aa5[InstrumentationActivityInvoker$EmptyActivity] mNativeObject= 0xb4000077a1041500 sc.mNativeObject= 0xb40000774d33aba0 caller= android.view.ViewRootImpl.updateBlastSurfaceIfNeeded:2909 android.view.ViewRootImpl.relayoutWindow:9847 android.view.ViewRootImpl.performTraversals:3884 android.view.ViewRootImpl.doTraversal:3116 android.view.ViewRootImpl$TraversalRunnable.run:10885 android.view.Choreographer$CallbackRecord.run:1301 android.view.Choreographer$CallbackRecord.run:1309 android.view.Choreographer.doCallbacks:923 android.view.Choreographer.doFrame:852 android.view.Choreographer$FrameDisplayEventReceiver.run:1283
09-25 13:19:23.965  5639  5639 I BLASTBufferQueue: update, w= 1440 h= 3088 mName = ViewRootImpl@e467aa5[InstrumentationActivityInvoker$EmptyActivity] mNativeObject= 0xb4000077a1041500 sc.mNativeObject= 0xb40000774d33aba0 format= -1 caller= android.graphics.BLASTBufferQueue.<init>:84 android.view.ViewRootImpl.updateBlastSurfaceIfNeeded:2909 android.view.ViewRootImpl.relayoutWindow:9847 android.view.ViewRootImpl.performTraversals:3884 android.view.ViewRootImpl.doTraversal:3116 android.view.ViewRootImpl$TraversalRunnable.run:10885
09-25 13:19:23.965  5639  5639 I ViewRootImpl@e467aa5[InstrumentationActivityInvoker$EmptyActivity]: Relayout returned: old=(0,0,1440,3088) new=(0,0,1440,3088) req=(1440,3088)0 dur=10 res=0x3 s={true 0xb40000772b21f000} ch=true seqId=0
09-25 13:19:23.965  5639  5639 I ViewRootImpl@e467aa5[InstrumentationActivityInvoker$EmptyActivity]: performConfigurationChange setNightDimText nightDimLevel=0
09-25 13:19:23.966  4768  4843 I ViewRootImpl@6705a21[dogglers]: Relayout returned: old=(0,0,1440,3088) new=(0,0,1440,3088) req=(1440,3088)8 dur=8 res=0x2 s={false 0x0} ch=true seqId=0
09-25 13:19:23.966  5639  5639 I ViewRootImpl@e467aa5[InstrumentationActivityInvoker$EmptyActivity]: mThreadedRenderer.initialize() mSurface={isValid=true 0xb40000772b21f000} hwInitialized=true
09-25 13:19:23.966  5639  5729 D OpenGLRenderer: eglCreateWindowSurface
09-25 13:19:23.967  4768  4843 I ViewRootImpl@6705a21[dogglers]: dispatchDetachedFromWindow
09-25 13:19:23.967  5639  5639 I ViewRootImpl@e467aa5[InstrumentationActivityInvoker$EmptyActivity]: reportNextDraw android.view.ViewRootImpl.performTraversals:4438 android.view.ViewRootImpl.doTraversal:3116 android.view.ViewRootImpl$TraversalRunnable.run:10885 android.view.Choreographer$CallbackRecord.run:1301 android.view.Choreographer$CallbackRecord.run:1309
09-25 13:19:23.967  5639  5639 I ViewRootImpl@e467aa5[InstrumentationActivityInvoker$EmptyActivity]: Setup new sync id=0
09-25 13:19:23.967  5639  5639 I ViewRootImpl@e467aa5[InstrumentationActivityInvoker$EmptyActivity]: Setting syncFrameCallback
09-25 13:19:23.967  5639  5639 I ViewRootImpl@e467aa5[InstrumentationActivityInvoker$EmptyActivity]: registerCallbacksForSync syncBuffer=false
09-25 13:19:23.967  3108  4606 D InputTransport: Input channel destroyed: 'b45c124', fd=1249
09-25 13:19:23.967  3108  4606 W InputManager-JNI: Input channel object 'b45c124 Splash Screen com.example.dogglers (client)' was disposed without first being removed with the input manager!
09-25 13:19:23.967  3108  4606 D InputTransport: Input channel destroyed: 'b45c124', fd=1273
09-25 13:19:23.968  5639  5771 I ViewRootImpl@e467aa5[InstrumentationActivityInvoker$EmptyActivity]: Received frameDrawingCallback syncResult=0 frameNum=1.
09-25 13:19:23.968  5639  5771 I ViewRootImpl@e467aa5[InstrumentationActivityInvoker$EmptyActivity]: Setting up sync and frameCommitCallback
09-25 13:19:23.968  4768  4843 D InputTransport: Input channel destroyed: 'b45c124', fd=212
09-25 13:19:23.968  5639  5729 I BLASTBufferQueue: [ViewRootImpl@e467aa5[InstrumentationActivityInvoker$EmptyActivity]#25](f:0,a:0) onFrameAvailable the first frame is available
09-25 13:19:23.969  5639  5729 I ViewRootImpl@e467aa5[InstrumentationActivityInvoker$EmptyActivity]: Received frameCommittedCallback lastAttemptedDrawFrameNum=1 didProduceBuffer=true
09-25 13:19:23.969  5639  5729 D OpenGLRenderer: CFMS:: SetUp Pid : 5639    Tid : 5729
09-25 13:19:23.971  1914  1914 I Layer   : id=162242 removedFromDrawingState Surface(name=4eb27f5 StatusBar)/@0x43fa543 - animation-leash of insets_animation#162242 (339)
09-25 13:19:23.972  1914  1914 I Layer   : id=162243 removedFromDrawingState Surface(name=d110b4c NavigationBar0)/@0x8bdb781 - animation-leash of insets_animation#162243 (339)
09-25 13:19:23.972  1914  1914 I SurfaceFlinger: [ab0a7b9 com.example.dogglers/androidx.test.core.app.InstrumentationActivityInvoker$EmptyActivity#162248] FrameRatePriority: 1
09-25 13:19:23.972  1914  1914 I Layer   : id=162244 removedFromDrawingState Surface(name=673e6a1 com.example.dogglers/com.example.dogglers.GridListActivity)/@0xc2c017f - animation-leash of starting_reveal#162244 (339)
09-25 13:19:23.974  5639  5639 I ViewRootImpl@e467aa5[InstrumentationActivityInvoker$EmptyActivity]: onSyncComplete
09-25 13:19:23.974  5639  5639 I ViewRootImpl@e467aa5[InstrumentationActivityInvoker$EmptyActivity]: setupSync seqId=0 mSyncId=0 fn=1 caller=android.view.ViewRootImpl$$ExternalSyntheticLambda11.accept:6 android.window.SurfaceSyncer.lambda$setupSync$1$android-window-SurfaceSyncer:128 android.window.SurfaceSyncer$$ExternalSyntheticLambda1.accept:8 android.window.SurfaceSyncer$SyncSet.checkIfSyncIsComplete:382 android.window.SurfaceSyncer$SyncSet.markSyncReady:359 android.window.SurfaceSyncer.markSyncReady:151 android.view.ViewRootImpl.performTraversals:4503
09-25 13:19:23.974  5639  5639 I ViewRootImpl@e467aa5[InstrumentationActivityInvoker$EmptyActivity]: reportDrawFinished seqId=0 mSyncId=-1 fn=1 mSurfaceChangedTransaction=0xb40000772b294a00
09-25 13:19:23.974  3108  4606 D InputDispatcher: Focus request (0): ab0a7b9 com.example.dogglers/androidx.test.core.app.InstrumentationActivityInvoker$EmptyActivity but waiting because NO_WINDOW
09-25 13:19:23.975  5639  5639 I ViewRootImpl@c146108[GridListActivity]: MSG_WINDOW_FOCUS_CHANGED 0 0
09-25 13:19:23.975  1914  1914 D SurfaceFlinger: Display 4630947093241269891 HWC layers:
09-25 13:19:23.975  1914  1914 D SurfaceFlinger:      CLIENT | 0xb400007af6c13480 | 0100 | RGBx_8888    |  592.0    0.0 1628.0 2220.0 |    0    0 1440 3088 | Wallpaper BBQ wrapper#90
09-25 13:19:23.975  1914  1914 D SurfaceFlinger:      CLIENT | 0xb400007af6c11c80 | 0100 | RGBA_8888    |    0.0    0.0 1440.0 3088.0 |    0    0 1440 3088 | com.sec.android.app.launcher/com.sec[...]rActivity$_5369#162113 (blurRegions)
09-25 13:19:23.975  1914  1914 D SurfaceFlinger:      DEVICE | 0xb400007af6c11d80 | 0102 | RGBA_8888    |    0.0    0.0 1440.0 3088.0 |   26   56 1414 3032 | com.example.dogglers/com.example.dogglers.GridListActivity$_5639#162241
09-25 13:19:23.975  1914  1914 D SurfaceFlinger:      DEVICE | 0xb400007af6c14880 | 0100 | RGBA_8888    |    0.0    0.0 1440.0  100.0 |    0    0 1440  100 | StatusBar$_4768#95
09-25 13:19:23.975  1914  1914 D SurfaceFlinger:      DEVICE | 0xb400007af8705400 | 0100 | RGBA_8888    |    0.0    0.0   67.0  589.0 |    0  562   67 1151 | com.samsung.android.app.cocktailbars[...]vice.CocktailBarService$_8423#156853
09-25 13:19:23.975  1914  1914 D SurfaceFlinger:      DEVICE | 0xb400007af8705500 | 0100 | RGBA_8888    |    0.0    0.0  518.0   48.0 |  922 3040 1440 3088 | SGestureOverlayWindow$_5369#156268
09-25 13:19:23.975  1914  1914 D SurfaceFlinger:      DEVICE | 0xb40000
09-25 13:19:23.975  1914  1914 D SurfaceFlinger: 7af6c15880 | 0100 | RGBA_8888    |    0.0    0.0 1440.0  168.0 |    0 2920 1440 3088 | NavigationBar0$_4768#92
09-25 13:19:23.975  1914  1914 D SurfaceFlinger:
09-25 13:19:23.976  1914  2139 I SurfaceFlinger: id=162243 Removed Surface(name=d110b4c NavigationBar0)/@0x8bdb781 - animation-leash of insets_animation#162243 (339)
09-25 13:19:23.976  1914  2139 I SurfaceFlinger: id=162242 Removed Surface(name=4eb27f5 StatusBar)/@0x43fa543 - animation-leash of insets_animation#162242 (339)
09-25 13:19:23.977  6586  6586 I SAMSUNGWALLET-USBP: [AlertController] Boarding pass alert is not enabled
09-25 13:19:23.977  6586  6586 I SAMSUNGWALLET-USBP: [AlertController] dismiss alert: NO_ALERT
09-25 13:19:23.978  3108  3227 I ActivityTaskManager: Displayed com.example.dogglers/androidx.test.core.app.InstrumentationActivityInvoker$EmptyActivity: +62ms
09-25 13:19:23.978  5759  5759 E pageboostd: Received HALT command code 2
09-25 13:19:23.980  1914  1914 I Layer   : Layer [com.example.dogglers/androidx.test.core.app.InstrumentationActivityInvoker$EmptyActivity$_5639#162249] hidden!! flag(0)
09-25 13:19:23.980  1914  1914 I Layer   : id=162243 Destroyed Surface(name=d110b4c NavigationBar0)/@0x8bdb781 - animation-leash of insets_animation#162243
09-25 13:19:23.980  1914  1914 I Layer   : id=162242 Destroyed Surface(name=4eb27f5 StatusBar)/@0x43fa543 - animation-leash of insets_animation#162242
09-25 13:19:23.980  3108  4643 I SemWifiServiceDetector: Traff. tracking stopped
09-25 13:19:23.981  3108  4606 D InputDispatcher: Focus entered window (0): ab0a7b9 com.example.dogglers/androidx.test.core.app.InstrumentationActivityInvoker$EmptyActivity
09-25 13:19:23.982  5639  5639 I ViewRootImpl@e467aa5[InstrumentationActivityInvoker$EmptyActivity]: MSG_WINDOW_FOCUS_CHANGED 1 0
09-25 13:19:23.982  5639  5639 I ViewRootImpl@e467aa5[InstrumentationActivityInvoker$EmptyActivity]: mThreadedRenderer.initializeIfNeeded()#2 mSurface={isValid=true 0xb40000772b21f000}
09-25 13:19:23.982  5639  5639 D InputMethodManager: startInputInner - Id : 0
09-25 13:19:23.982  5639  5639 I InputMethodManager: startInputInner - mService.startInputOrWindowGainedFocus
09-25 13:19:23.982  3108  6456 I SemDvfsHyPerManager: acquire hyper - AMS_RESUME_TAIL/3108@20, type = -999
09-25 13:19:23.982  3108  6456 I SemDvfsHyPerManager: acquire hyper - AMS_ACT_LAZY/3108@21, type = -999
09-25 13:19:23.983  1809  1855 I HYPER-HAL: [RequestManager.cpp]acquire(): Acquired ID : 4893776  [3108 / 20]    HINT : AMS_RESUME_TAIL    list :
09-25 13:19:23.983  1914  1914 D SurfaceFlinger: Display 4630947093241269891 HWC layers:
09-25 13:19:23.983  1914  1914 D SurfaceFlinger:      CLIENT | 0xb400007af6c13480 | 0100 | RGBx_8888    |  592.0    0.0 1628.0 2220.0 |    0    0 1440 3088 | Wallpaper BBQ wrapper#90
09-25 13:19:23.983  1914  1914 D SurfaceFlinger:      CLIENT | 0xb400007af6c11c80 | 0100 | RGBA_8888    |    0.0    0.0 1440.0 3088.0 |    0    0 1440 3088 | com.sec.android.app.launcher/com.sec[...]rActivity$_5369#162113 (blurRegions)
09-25 13:19:23.983  1914  1914 D SurfaceFlinger:      DEVICE | 0xb400007af86f9100 | 0102 | RGBA_8888    |    0.0    0.0 1440.0 3088.0 |   24   50 1416 3038 | com.example.dogglers/androidx.test.c[...]tyInvoker$EmptyActivity$_5639#162249
09-25 13:19:23.983  1914  1914 D SurfaceFlinger:      DEVICE | 0xb400007af6c14880 | 0100 | RGBA_8888    |    0.0    0.0 1440.0  100.0 |    0    0 1440  100 | StatusBar$_4768#95
09-25 13:19:23.983  1914  1914 D SurfaceFlinger:      DEVICE | 0xb400007af8705400 | 0100 | RGBA_8888    |    0.0    0.0   67.0  589.0 |    0  562   67 1151 | com.samsung.android.app.cocktailbars[...]vice.CocktailBarService$_8423#156853
09-25 13:19:23.983  1914  1914 D SurfaceFlinger:      DEVICE | 0xb400007af8705500 | 0100 | RGBA_8888    |    0.0    0.0  518.0   48.0 |  922 3040 1440 3088 | SGestureOverlayWindow$_5369#156268
09-25 13:19:23.983  1914  1914 D SurfaceFlinger:      DEVICE | 0x
09-25 13:19:23.983  1914  1914 D SurfaceFlinger: b400007af6c15880 | 0100 | RGBA_8888    |    0.0    0.0 1440.0  168.0 |    0 2920 1440 3088 | NavigationBar0$_4768#92
09-25 13:19:23.983  1914  1914 D SurfaceFlinger:
09-25 13:19:23.983  1809  1855 I HYPER-HAL: [RequestManager.cpp]acquire(): Acquired ID : 4896906  [3108 / 21]    HINT : AMS_ACT_LAZY    list :
09-25 13:19:23.983  3108  4073 D InputMethodManagerService: DESKTOP MODE! : 2
09-25 13:19:23.983  3108  4073 D InputMethodManagerService: NOT IN KNOX DESKTOP MODE!
09-25 13:19:23.983  3108  4073 V InputMethodManagerService: getDisplayIdOfInputMethodWindowToBeAdded: displayId=0
09-25 13:19:23.983  3108  4073 D InputMethodManagerService: isImeSwitcherDisabledPackage : false
09-25 13:19:23.985  1809  1855 I HYPER-HAL: [RequestManager.cpp]releaseLocked(): Released ID : 4887519
09-25 13:19:23.986  3108  4073 D InputMethodManagerService: checkDisplayOfStartInputAndUpdateKeyboard: displayId=0, mFocusedDisplayId=0
09-25 13:19:23.986  3108  4073 D InputTransport: Input channel constructed: 'ClientS', fd=1249
09-25 13:19:23.986  3108  4073 D InputTransport: Input channel destroyed: 'ClientS', fd=1249
09-25 13:19:23.987   586   586 I GoogleInputMethodService: GoogleInputMethodService.onFinishInput():3267
09-25 13:19:23.987   586   586 I GoogleInputMethodService: GoogleInputMethodService.updateDeviceLockedStatus():2097 repeatCheckTimes = 0, locked = false
09-25 13:19:23.987  1914  2139 I SurfaceFlinger: id=162252 createSurf, flag=24004, Surface(name=6a358c3 InputMethod)/@0x1a6cc79 - animation-leash of insets_animation#162252
09-25 13:19:23.987   586   586 D InputMethodService: checkFocusedDisplay() display Id 0last 0
09-25 13:19:23.988   586   586 I GoogleInputMethodService: GoogleInputMethodService.onStartInput():1889 onStartInput(EditorInfo{EditorInfo{packageName=com.example.dogglers, inputType=0, inputTypeString=NULL, enableLearning=false, autoCorrection=false, autoComplete=false, imeOptions=0, privateImeOptions=null, actionName=UNSPECIFIED, actionLabel=null, initialSelStart=-1, initialSelEnd=-1, initialCapsMode=0, label=null, fieldId=-1, fieldName=null, extras=Bundle[{displayId=0}], hintText=null, hintLocales=[]}}, false)
09-25 13:19:23.988   586   586 I GoogleInputMethodService: GoogleInputMethodService.updateDeviceLockedStatus():2097 repeatCheckTimes = 1, locked = false
09-25 13:19:23.990  3108  3230 I ChimeraSystemEventListener: appLaunchIntent package name is: com.example.dogglers
09-25 13:19:23.992  1797  7515 I sensors-hal: handle_sns_std_sensor_event:359, [SSC_LIGHT] P: 6(6),m:13,c:0,b:67,c0:2422,l:6,f(r):86,u(bl):93,j:4
09-25 13:19:23.992  1797  6294 I sensors-hal: ssc_conn_event_cb:843, SCHED_FIFO(10) for qmi_cbk
09-25 13:19:23.992  1797  6294 I sensors-hal: handle_sns_std_sensor_event:90, light_cct: ts = 1370090144612842 ns; value = [6, 6, 55, 62, 4, 67, 4, 1, 2422, 0]
09-25 13:19:23.992  3108  5109 D SensorService: Calling activate off 1511
09-25 13:19:23.992  1797  1797 I sensors-hal: activate:281, com.samsung.sensor.light_cct/1511 en=0
09-25 13:19:23.993  1797  1797 I sensors-hal: ~ssc_qmi:53, ~ssc_qmi
09-25 13:19:23.993  3108  3145 I SemDvfsHyPerManager: acquire hyper - AMS_ACT_START/3108@18, type = -999
09-25 13:19:23.993  1797  1797 I sensors-hal: activate:299, com.samsung.sensor.light_cct/1511 en=0 completed
09-25 13:19:23.993  3108  5109 D SensorManager: unregisterListener :: com.samsung.android.displaysolution.EyeComfortSolutionService$2@8c750a9
09-25 13:19:23.993  1765  1963 E minksocket: MinkIPC_QRTR_Service: client with node 1 port 7d75 went down
09-25 13:19:23.993  1765  1977 E minksocket: MinkIPC_QRTR_Service: client with node 1 port 7d75 went down
09-25 13:19:23.993  1809  1855 I HYPER-HAL: [RequestManager.cpp]acquire(): Acquired ID : 4887519  [3108 / 18]    HINT : AMS_ACT_START    list :
09-25 13:19:23.994  1914  2139 I SurfaceFlinger: id=162253 createSurf, flag=80004, ActivityRecord{ccb76e5 u0 com.example.dogglers/androidx.test.core.app.InstrumentationActivityInvoker$EmptyActivity} t7112}#162253
09-25 13:19:23.996  1914  1914 I Layer   : id=162245 removedFromDrawingState Surface(name=6a358c3 InputMethod)/@0x1a6cc79 - animation-leash of insets_animation#162245 (339)
09-25 13:19:23.996  1914  1914 I Layer   : id=97070 removedFromDrawingState 6a358c3 InputMethod#97070 (339)
09-25 13:19:23.996  1914  1914 I Layer   : id=97070 addToCurrentState 6a358c3 InputMethod#97070 (339)
09-25 13:19:23.996  1914  1914 I SurfaceFlinger: id=162245 Removed Surface(name=6a358c3 InputMethod)/@0x1a6cc79 - animation-leash of insets_animation#162245 (339)
09-25 13:19:23.997  1914  1914 I Layer   : id=162245 Destroyed Surface(name=6a358c3 InputMethod)/@0x1a6cc79 - animation-leash of insets_animation#162245
09-25 13:19:24.000  1914  4196 I SurfaceFlinger: id=162254 createSurf, flag=80000, 5ec5dc ActivityRecordInputSink com.example.dogglers/androidx.test.core.app.InstrumentationActivityInvoker$EmptyActivity#162254
09-25 13:19:24.003  5759  5759 E pageboostd: Received HALT command code 2
09-25 13:19:24.003  3108  3230 D PersonaActivityHelper: Activity not in resumed state, do not run immediate lock
09-25 13:19:24.003  3108  6456 D InputMethodManagerService: isImeSwitcherDisabledPackage : false
09-25 13:19:24.003  5639  5639 D LifecycleMonitor: Lifecycle status change: androidx.test.core.app.InstrumentationActivityInvoker$EmptyActivity@85973b3 in: PAUSED
09-25 13:19:24.003  5639  5639 V ActivityScenario: Activity lifecycle changed event received but ignored because the intent does not match. startActivityIntent=Intent { act=android.intent.action.MAIN cat=[android.intent.category.LAUNCHER] cmp=com.example.dogglers/.GridListActivity }, activity.getIntent()=Intent { act=android.intent.action.MAIN cat=[android.intent.category.LAUNCHER] flg=0x10000000 cmp=com.example.dogglers/androidx.test.core.app.InstrumentationActivityInvoker$EmptyActivity }, activity=androidx.test.core.app.InstrumentationActivityInvoker$EmptyActivity@85973b3
09-25 13:19:24.004   586   586 I InputMethodService: removeImeSurface
09-25 13:19:24.004   586   586 I MSHandlerLifeCycle: check: return. pkg=com.google.android.inputmethod.latin isActivity=false callers=com.android.internal.policy.DecorView.setVisibility:4412 android.app.Dialog.hide:767 android.inputmethodservice.InputMethodService.removeImeSurface:1290 android.inputmethodservice.InputMethodService.scheduleImeSurfaceRemoval:1279 android.inputmethodservice.InputMethodService.-$$Nest$mscheduleImeSurfaceRemoval:0
09-25 13:19:24.004   586   586 I MSHandlerLifeCycle: removeMultiSplitHandler: no exist. decor=DecorView@3ddf8c7[InputMethod]
09-25 13:19:24.005  3108  6456 D InputDispatcher: Focused application(0): ActivityRecord{ccb76e5 u0 com.example.dogglers/androidx.test.core.app.InstrumentationActivityInvoker$EmptyActivity} t7112}
09-25 13:19:24.006  3108 29076 D RemoteAppTaskWatcher:  ****** RemoteAppTaskWatcher: Message Received 5 Task ID = 0
09-25 13:19:24.008  3108  3230 I SemPersonaManager: SecureFolder personaId = 150
09-25 13:19:24.009  5639  5639 D LifecycleMonitor: Lifecycle status change: androidx.test.core.app.InstrumentationActivityInvoker$EmptyActivity@f4b48cc in: PRE_ON_CREATE
09-25 13:19:24.009  5639  5639 V ActivityScenario: Activity lifecycle changed event received but ignored because the intent does not match. startActivityIntent=Intent { act=android.intent.action.MAIN cat=[android.intent.category.LAUNCHER] cmp=com.example.dogglers/.GridListActivity }, activity.getIntent()=Intent { act=android.intent.action.MAIN cat=[android.intent.category.LAUNCHER] flg=0x10000000 cmp=com.example.dogglers/androidx.test.core.app.InstrumentationActivityInvoker$EmptyActivity }, activity=androidx.test.core.app.InstrumentationActivityInvoker$EmptyActivity@f4b48cc
09-25 13:19:24.010 15715 15751 I WindowsLink: (TaskInfoManager) +++++++++++onRecentTaskStackUpdated
09-25 13:19:24.012  3108  3230 D EnterpriseDeviceManagerService: isMdmAdminPresentInternal() : MDM Admin Found - com.samsung.knox.securefolder
09-25 13:19:24.013  1914  1914 I SurfaceFlinger: [ab0a7b9 com.example.dogglers/androidx.test.core.app.InstrumentationActivityInvoker$EmptyActivity#162248] FrameRatePriority: -1
09-25 13:19:24.014  5639  5639 I DecorView: [INFO] isPopOver=false config=true
09-25 13:19:24.014  5639  5639 I DecorView: updateCaptionType: isFloating=false isApplication=true hasWindowDecorCaption=false this=DecorView@c50701b[]
09-25 13:19:24.014  5639  5639 D DecorView: setCaptionType = 0, this = DecorView@c50701b[]
09-25 13:19:24.015  5639  5639 I DecorView: getCurrentDensityDpi: from real metrics. densityDpi=560 msg=resources_loaded
09-25 13:19:24.015  5639  5639 I DecorView: setWindowBackground: isPopOver=false color=ff010101 d=android.graphics.drawable.StateListDrawable@4a25b8
09-25 13:19:24.015  5639  5639 D LifecycleMonitor: Lifecycle status change: androidx.test.core.app.InstrumentationActivityInvoker$EmptyActivity@f4b48cc in: CREATED
09-25 13:19:24.015  5639  5639 V ActivityScenario: Activity lifecycle changed event received but ignored because the intent does not match. startActivityIntent=Intent { act=android.intent.action.MAIN cat=[android.intent.category.LAUNCHER] cmp=com.example.dogglers/.GridListActivity }, activity.getIntent()=Intent { act=android.intent.action.MAIN cat=[android.intent.category.LAUNCHER] flg=0x10000000 cmp=com.example.dogglers/androidx.test.core.app.InstrumentationActivityInvoker$EmptyActivity }, activity=androidx.test.core.app.InstrumentationActivityInvoker$EmptyActivity@f4b48cc
09-25 13:19:24.015  5639  5639 D LifecycleMonitor: Lifecycle status change: androidx.test.core.app.InstrumentationActivityInvoker$EmptyActivity@f4b48cc in: STARTED
09-25 13:19:24.015  5639  5639 V ActivityScenario: Activity lifecycle changed event received but ignored because the intent does not match. startActivityIntent=Intent { act=android.intent.action.MAIN cat=[android.intent.category.LAUNCHER] cmp=com.example.dogglers/.GridListActivity }, activity.getIntent()=Intent { act=android.intent.action.MAIN cat=[android.intent.category.LAUNCHER] flg=0x10000000 cmp=com.example.dogglers/androidx.test.core.app.InstrumentationActivityInvoker$EmptyActivity }, activity=androidx.test.core.app.InstrumentationActivityInvoker$EmptyActivity@f4b48cc
09-25 13:19:24.016  5639  5639 D LifecycleMonitor: Lifecycle status change: androidx.test.core.app.InstrumentationActivityInvoker$EmptyActivity@f4b48cc in: RESUMED
