09-25 13:19:23.472  5369  5369 I Launcher.AppsViewCellLayout: com.android.homescreen.apptray.AppsViewCellLayout{118f2a4 V.ED..... ........ 15341,100-16679,2951}[a=1.0,v=0,sId=11] setAlpha : 1.0
09-25 13:19:23.473  5369  5583 I ViewRootImpl@7533534[LauncherActivity]: mWNT: t=0xb40000772b739300 mBlastBufferQueue=0xb400007720986880 fn= 156 caller= com.android.systemui.shared.launcher.ViewRootImplCompat.mergeWithNextTransaction:2 com.android.quickstep.util.SurfaceTransactionApplier.lambda$scheduleApply$0:2 com.android.quickstep.util.SurfaceTransactionApplier.b:0
09-25 13:19:23.480  5369  5369 I Launcher.AppsViewCellLayout: com.android.homescreen.apptray.AppsViewCellLayout{118f2a4 V.ED..... ........ 15341,100-16679,2951}[a=1.0,v=0,sId=11] setAlpha : 1.0
09-25 13:19:23.481  5369  5584 I ViewRootImpl@7533534[LauncherActivity]: mWNT: t=0xb40000772b7ddf00 mBlastBufferQueue=0xb400007720986880 fn= 157 caller= com.android.systemui.shared.launcher.ViewRootImplCompat.mergeWithNextTransaction:2 com.android.quickstep.util.SurfaceTransactionApplier.lambda$scheduleApply$0:2 com.android.quickstep.util.SurfaceTransactionApplier.b:0
09-25 13:19:23.486  3108  4643 D SemNscXgbMsL1: Probability - Cloud gaming: [0.108520426]
09-25 13:19:23.486  3108  4643 D SemNscXgbMsL1: Probability - Real time: [0.51557714]
09-25 13:19:23.486  3108  4643 D SemNscXgbMsL1: Probability - Non real time: [0.49356622]
09-25 13:19:23.486  3108  4643 D SemNscXgbMsL1: 1 sample inference time: 0.264062 msecs
09-25 13:19:23.487  3108  4643 D SemNscXgbL2Rt: L2 RT 1 sample inference time: 0.522552 msecs
09-25 13:19:23.487  3108  4643 D SemNscXgbL2Nrt: L2 NRT 1 sample inference time: 0.50677 msecs
09-25 13:19:23.488  5369  5369 I Launcher.AppsViewCellLayout: com.android.homescreen.apptray.AppsViewCellLayout{118f2a4 V.ED..... ........ 15341,100-16679,2951}[a=1.0,v=0,sId=11] setAlpha : 1.0
09-25 13:19:23.489  5369  5583 I ViewRootImpl@7533534[LauncherActivity]: mWNT: t=0xb40000772b829f00 mBlastBufferQueue=0xb400007720986880 fn= 158 caller= com.android.systemui.shared.launcher.ViewRootImplCompat.mergeWithNextTransaction:2 com.android.quickstep.util.SurfaceTransactionApplier.lambda$scheduleApply$0:2 com.android.quickstep.util.SurfaceTransactionApplier.b:0
09-25 13:19:23.497  5369  5369 I Launcher.AppsViewCellLayout: com.android.homescreen.apptray.AppsViewCellLayout{118f2a4 V.ED..... ........ 15341,100-16679,2951}[a=1.0,v=0,sId=11] setAlpha : 1.0
09-25 13:19:23.498  5369  5584 I ViewRootImpl@7533534[LauncherActivity]: mWNT: t=0xb40000772b9d4f00 mBlastBufferQueue=0xb400007720986880 fn= 159 caller= com.android.systemui.shared.launcher.ViewRootImplCompat.mergeWithNextTransaction:2 com.android.quickstep.util.SurfaceTransactionApplier.lambda$scheduleApply$0:2 com.android.quickstep.util.SurfaceTransactionApplier.b:0
09-25 13:19:23.505  5369  5369 I Launcher.AppsViewCellLayout: com.android.homescreen.apptray.AppsViewCellLayout{118f2a4 V.ED..... ........ 15341,100-16679,2951}[a=1.0,v=0,sId=11] setAlpha : 1.0
09-25 13:19:23.506  5369  5583 I ViewRootImpl@7533534[LauncherActivity]: mWNT: t=0xb40000772ba0c200 mBlastBufferQueue=0xb400007720986880 fn= 160 caller= com.android.systemui.shared.launcher.ViewRootImplCompat.mergeWithNextTransaction:2 com.android.quickstep.util.SurfaceTransactionApplier.lambda$scheduleApply$0:2 com.android.quickstep.util.SurfaceTransactionApplier.b:0
09-25 13:19:23.514  5369  5369 I Launcher.AppsViewCellLayout: com.android.homescreen.apptray.AppsViewCellLayout{118f2a4 V.ED..... ........ 15341,100-16679,2951}[a=1.0,v=0,sId=11] setAlpha : 1.0
09-25 13:19:23.514  5369  5369 I AppsSearchBar: mCurrentCellLayouts onAnimationEnd
09-25 13:19:23.514  5369  5369 I Launcher.AppsViewCellLayout: com.android.homescreen.apptray.AppsViewCellLayout{118f2a4 V.ED..... ........ 15341,100-16679,2951}[a=1.0,v=0,sId=11] setAlpha : 1.0
09-25 13:19:23.515  5369  5584 I ViewRootImpl@7533534[LauncherActivity]: mWNT: t=0xb40000772ba0cc00 mBlastBufferQueue=0xb400007720986880 fn= 161 caller= com.android.systemui.shared.launcher.ViewRootImplCompat.mergeWithNextTransaction:2 com.android.quickstep.util.SurfaceTransactionApplier.lambda$scheduleApply$0:2 com.android.quickstep.util.SurfaceTransactionApplier.b:0
09-25 13:19:23.521  6586  6586 I SAMSUNGWALLET-USBP: [AlertController] Boarding pass alert is not enabled
09-25 13:19:23.521  6586  6586 I SAMSUNGWALLET-USBP: [AlertController] dismiss alert: NO_ALERT
09-25 13:19:23.523  5369  5583 I ViewRootImpl@7533534[LauncherActivity]: mWNT: t=0xb40000772ba0cd00 mBlastBufferQueue=0xb400007720986880 fn= 162 caller= com.android.systemui.shared.launcher.ViewRootImplCompat.mergeWithNextTransaction:2 com.android.quickstep.util.SurfaceTransactionApplier.lambda$scheduleApply$0:2 com.android.quickstep.util.SurfaceTransactionApplier.b:0
09-25 13:19:23.531  5369  5584 I ViewRootImpl@7533534[LauncherActivity]: mWNT: t=0xb40000772ba89100 mBlastBufferQueue=0xb400007720986880 fn= 163 caller= com.android.systemui.shared.launcher.ViewRootImplCompat.mergeWithNextTransaction:2 com.android.quickstep.util.SurfaceTransactionApplier.lambda$scheduleApply$0:2 com.android.quickstep.util.SurfaceTransactionApplier.b:0
09-25 13:19:23.540  5369  5583 I ViewRootImpl@7533534[LauncherActivity]: mWNT: t=0xb40000772ba89200 mBlastBufferQueue=0xb400007720986880 fn= 164 caller= com.android.systemui.shared.launcher.ViewRootImplCompat.mergeWithNextTransaction:2 com.android.quickstep.util.SurfaceTransactionApplier.lambda$scheduleApply$0:2 com.android.quickstep.util.SurfaceTransactionApplier.b:0
09-25 13:19:23.548  5369  5584 I ViewRootImpl@7533534[LauncherActivity]: mWNT: t=0xb40000772ba9a800 mBlastBufferQueue=0xb400007720986880 fn= 165 caller= com.android.systemui.shared.launcher.ViewRootImplCompat.mergeWithNextTransaction:2 com.android.quickstep.util.SurfaceTransactionApplier.lambda$scheduleApply$0:2 com.android.quickstep.util.SurfaceTransactionApplier.b:0
09-25 13:19:23.556  5369  5583 I ViewRootImpl@7533534[LauncherActivity]: mWNT: t=0xb40000772ba9ae00 mBlastBufferQueue=0xb400007720986880 fn= 166 caller= com.android.systemui.shared.launcher.ViewRootImplCompat.mergeWithNextTransaction:2 com.android.quickstep.util.SurfaceTransactionApplier.lambda$scheduleApply$0:2 com.android.quickstep.util.SurfaceTransactionApplier.b:0
09-25 13:19:23.564  5369  5584 I ViewRootImpl@7533534[LauncherActivity]: mWNT: t=0xb40000772bab3000 mBlastBufferQueue=0xb400007720986880 fn= 167 caller= com.android.systemui.shared.launcher.ViewRootImplCompat.mergeWithNextTransaction:2 com.android.quickstep.util.SurfaceTransactionApplier.lambda$scheduleApply$0:2 com.android.quickstep.util.SurfaceTransactionApplier.b:0
09-25 13:19:23.572  5369  5584 I ViewRootImpl@7533534[LauncherActivity]: mWNT: t=0xb40000772bb64100 mBlastBufferQueue=0xb400007720986880 fn= 168 caller= com.android.systemui.shared.launcher.ViewRootImplCompat.mergeWithNextTransaction:2 com.android.quickstep.util.SurfaceTransactionApplier.lambda$scheduleApply$0:2 com.android.quickstep.util.SurfaceTransactionApplier.b:0
09-25 13:19:23.580  1797 29568 I sensors-hal: handle_sns_client_event:542, [0][85814] accel_sample [-0.048,  0.808,  9.887] 1370089627072009
09-25 13:19:23.581  5369  5584 I ViewRootImpl@7533534[LauncherActivity]: mWNT: t=0xb40000772bb64200 mBlastBufferQueue=0xb400007720986880 fn= 169 caller= com.android.systemui.shared.launcher.ViewRootImplCompat.mergeWithNextTransaction:2 com.android.quickstep.util.SurfaceTransactionApplier.lambda$scheduleApply$0:2 com.android.quickstep.util.SurfaceTransactionApplier.b:0
09-25 13:19:23.586  8423  8423 I Utils   : isCurrentUser current = 0, ownerId = 0
09-25 13:19:23.586  8423  8423 I TrayVisibilityController: getComputedTrayVisible : keyguardState = 1
09-25 13:19:23.586  8423  8423 I TrayVisibilityController: updateTrayVisible: State=1 visible=1 mCurrentVisible=1 specificMode=0
09-25 13:19:23.586  8423  8423 I TrayStateController: onNotifyUpdateTray: state=0
09-25 13:19:23.589  5369  5584 I ViewRootImpl@7533534[LauncherActivity]: mWNT: t=0xb40000772bb64700 mBlastBufferQueue=0xb400007720986880 fn= 170 caller= com.android.systemui.shared.launcher.ViewRootImplCompat.mergeWithNextTransaction:2 com.android.quickstep.util.SurfaceTransactionApplier.lambda$scheduleApply$0:2 com.android.quickstep.util.SurfaceTransactionApplier.b:0
09-25 13:19:23.598  5369  5584 I ViewRootImpl@7533534[LauncherActivity]: mWNT: t=0xb40000772bb64800 mBlastBufferQueue=0xb400007720986880 fn= 171 caller= com.android.systemui.shared.launcher.ViewRootImplCompat.mergeWithNextTransaction:2 com.android.quickstep.util.SurfaceTransactionApplier.lambda$scheduleApply$0:2 com.android.quickstep.util.SurfaceTransactionApplier.b:0
09-25 13:19:23.606  5369  5584 I ViewRootImpl@7533534[LauncherActivity]: mWNT: t=0xb40000772bb64900 mBlastBufferQueue=0xb400007720986880 fn= 172 caller= com.android.systemui.shared.launcher.ViewRootImplCompat.mergeWithNextTransaction:2 com.android.quickstep.util.SurfaceTransactionApplier.lambda$scheduleApply$0:2 com.android.quickstep.util.SurfaceTransactionApplier.b:0
09-25 13:19:23.614  5369  5583 I ViewRootImpl@7533534[LauncherActivity]: mWNT: t=0xb40000772bb64a00 mBlastBufferQueue=0xb400007720986880 fn= 173 caller= com.android.systemui.shared.launcher.ViewRootImplCompat.mergeWithNextTransaction:2 com.android.quickstep.util.SurfaceTransactionApplier.lambda$scheduleApply$0:2 com.android.quickstep.util.SurfaceTransactionApplier.b:0
09-25 13:19:23.622  1809  6258 I HYPER-HAL: [RequestManager.cpp]releaseLocked(): Released ID : 4893776
09-25 13:19:23.622  5369  5584 I ViewRootImpl@7533534[LauncherActivity]: mWNT: t=0xb40000772bb64b00 mBlastBufferQueue=0xb400007720986880 fn= 174 caller= com.android.systemui.shared.launcher.ViewRootImplCompat.mergeWithNextTransaction:2 com.android.quickstep.util.SurfaceTransactionApplier.lambda$scheduleApply$0:2 com.android.quickstep.util.SurfaceTransactionApplier.b:0
09-25 13:19:23.631  5369  5583 I ViewRootImpl@7533534[LauncherActivity]: mWNT: t=0xb40000772bb64c00 mBlastBufferQueue=0xb400007720986880 fn= 175 caller= com.android.systemui.shared.launcher.ViewRootImplCompat.mergeWithNextTransaction:2 com.android.quickstep.util.SurfaceTransactionApplier.lambda$scheduleApply$0:2 com.android.quickstep.util.SurfaceTransactionApplier.b:0
09-25 13:19:23.639  5369  5584 I ViewRootImpl@7533534[LauncherActivity]: mWNT: t=0xb40000772bb64e00 mBlastBufferQueue=0xb400007720986880 fn= 176 caller= com.android.systemui.shared.launcher.ViewRootImplCompat.mergeWithNextTransaction:2 com.android.quickstep.util.SurfaceTransactionApplier.lambda$scheduleApply$0:2 com.android.quickstep.util.SurfaceTransactionApplier.b:0
09-25 13:19:23.648  5369  5583 I ViewRootImpl@7533534[LauncherActivity]: mWNT: t=0xb400007737c13200 mBlastBufferQueue=0xb400007720986880 fn= 177 caller= com.android.systemui.shared.launcher.ViewRootImplCompat.mergeWithNextTransaction:2 com.android.quickstep.util.SurfaceTransactionApplier.lambda$scheduleApply$0:2 com.android.quickstep.util.SurfaceTransactionApplier.b:0
09-25 13:19:23.656  5369  5584 I ViewRootImpl@7533534[LauncherActivity]: mWNT: t=0xb40000772bb64f00 mBlastBufferQueue=0xb400007720986880 fn= 178 caller= com.android.systemui.shared.launcher.ViewRootImplCompat.mergeWithNextTransaction:2 com.android.quickstep.util.SurfaceTransactionApplier.lambda$scheduleApply$0:2 com.android.quickstep.util.SurfaceTransactionApplier.b:0
09-25 13:19:23.664  5369  5583 I ViewRootImpl@7533534[LauncherActivity]: mWNT: t=0xb40000772bbf8f00 mBlastBufferQueue=0xb400007720986880 fn= 179 caller= com.android.systemui.shared.launcher.ViewRootImplCompat.mergeWithNextTransaction:2 com.android.quickstep.util.SurfaceTransactionApplier.lambda$scheduleApply$0:2 com.android.quickstep.util.SurfaceTransactionApplier.b:0
09-25 13:19:23.666  1914  1914 D SurfaceFlinger: Display 4630947093241269891 HWC layers:
09-25 13:19:23.666  1914  1914 D SurfaceFlinger:      CLIENT | 0xb400007af6c13480 | 0100 | RGBx_8888    |  592.0    0.0 1628.0 2220.0 |    0    0 1440 3088 | Wallpaper BBQ wrapper#90
09-25 13:19:23.666  1914  1914 D SurfaceFlinger:      CLIENT | 0xb400007af6c11c80 | 0100 | RGBA_8888    |    0.0    0.0 1440.0 3088.0 |    0    0 1440 3088 | com.sec.android.app.launcher/com.sec[...]rActivity$_5369#162113 (blurRegions)
09-25 13:19:23.666  1914  1914 D SurfaceFlinger:      DEVICE | 0xb400007af6c14880 | 0100 | RGBA_8888    |    0.0    0.0 1440.0  100.0 |    0    0 1440  100 | StatusBar$_4768#95
09-25 13:19:23.666  1914  1914 D SurfaceFlinger:      DEVICE | 0xb400007af8705400 | 0100 | RGBA_8888    |    0.0    0.0   67.0  589.0 |    0  562   67 1151 | com.samsung.android.app.cocktailbars[...]vice.CocktailBarService$_8423#156853
09-25 13:19:23.666  1914  1914 D SurfaceFlinger:      DEVICE | 0xb400007af8705500 | 0100 | RGBA_8888    |    0.0    0.0  518.0   48.0 |  922 3040 1440 3088 | SGestureOverlayWindow$_5369#156268
09-25 13:19:23.666  1914  1914 D SurfaceFlinger:      DEVICE | 0xb400007af6c15880 | 0100 | RGBA_8888    |    0.0    0.0 1440.0  168.0 |    0 2920 1440 3088 | NavigationBar0$_4768#92
09-25 13:19:23.666  1914  1914 D SurfaceFlinger:
09-25 13:19:23.673  5369  5584 I ViewRootImpl@7533534[LauncherActivity]: mWNT: t=0xb40000774c721400 mBlastBufferQueue=0xb400007720986880 fn= 180 caller= com.android.systemui.shared.launcher.ViewRootImplCompat.mergeWithNextTransaction:2 com.android.quickstep.util.SurfaceTransactionApplier.lambda$scheduleApply$0:2 com.android.quickstep.util.SurfaceTransactionApplier.b:0
09-25 13:19:23.682  5369  5583 I ViewRootImpl@7533534[LauncherActivity]: mWNT: t=0xb40000774c72f400 mBlastBufferQueue=0xb400007720986880 fn= 181 caller= com.android.systemui.shared.launcher.ViewRootImplCompat.mergeWithNextTransaction:2 com.android.quickstep.util.SurfaceTransactionApplier.lambda$scheduleApply$0:2 com.android.quickstep.util.SurfaceTransactionApplier.b:0
09-25 13:19:23.689  5369  5584 I ViewRootImpl@7533534[LauncherActivity]: mWNT: t=0xb40000774c72f500 mBlastBufferQueue=0xb400007720986880 fn= 182 caller= com.android.systemui.shared.launcher.ViewRootImplCompat.mergeWithNextTransaction:2 com.android.quickstep.util.SurfaceTransactionApplier.lambda$scheduleApply$0:2 com.android.quickstep.util.SurfaceTransactionApplier.b:0
09-25 13:19:23.698  5369  5583 I ViewRootImpl@7533534[LauncherActivity]: mWNT: t=0xb40000774c72f600 mBlastBufferQueue=0xb400007720986880 fn= 183 caller= com.android.systemui.shared.launcher.ViewRootImplCompat.mergeWithNextTransaction:2 com.android.quickstep.util.SurfaceTransactionApplier.lambda$scheduleApply$0:2 com.android.quickstep.util.SurfaceTransactionApplier.b:0
09-25 13:19:23.706  5369  5369 W AppTransitionAnimatorImpl: onAnimationEnd - APP OUT, Execution time for each frame : Start-(0)-0-(0)-0-(3)-0-(8)-1-(8)-0-(8)-1-(7)-1-(8)-0-(8)-0-(8)-1-(8)-0-(8)-0-(8)-1-(8)-0-(8)-0-(8)-1-(8)-0-(8)-0-(8)-1-(8)-0-(8)-0-(9)-0-(8)-0-(8)-1-(8)-0-(8)-0-(8)-0-(8)-1-(8)-0-(8)-0-(8)-1-(8)-0-(8)-0-(8)-1-(8)-0-(8)-0-(8)-0-(9)-0-(8)-0-(8)-1-(8)-0-(8)-1-(7)-1-(8)-0-(8)-0-End
09-25 13:19:23.706  5369  5369 I AppTransitionAnimatorImpl: resetContentView
09-25 13:19:23.706  5369  5369 I AnimationResult: AnimationResult finish : onAnimationEnd
09-25 13:19:23.706  5369  5369 I AnimationResult: finish : false, null
09-25 13:19:23.706  5369  5741 I AnimationResult: finish callback : null
09-25 13:19:23.707  5369  5584 I ViewRootImpl@7533534[LauncherActivity]: mWNT: t=0xb40000774c72f900 mBlastBufferQueue=0xb400007720986880 fn= 184 caller= com.android.systemui.shared.launcher.ViewRootImplCompat.mergeWithNextTransaction:2 com.android.quickstep.util.SurfaceTransactionApplier.lambda$scheduleApply$0:2 com.android.quickstep.util.SurfaceTransactionApplier.b:0
09-25 13:19:23.708  5369  5369 W Launcher: onEnterAnimationComplete
09-25 13:19:23.709  5639  5639 I ViewRootImpl@11fd257[GridListActivity]: handleAppVisibility mAppVisible = true visible = false
09-25 13:19:23.713  1914  1914 I Layer   : id=162198 removedFromDrawingState Splash Screen com.example.dogglers$_4768#162198 (337)
09-25 13:19:23.713  1914  1914 I SurfaceFlinger: [c7375dc com.sec.android.app.launcher/com.sec.android.app.launcher.activities.LauncherActivity#176] FrameRatePriority: 1
09-25 13:19:23.713  1914  1914 I Layer   : id=162224 removedFromDrawingState Surface(name=Task=1)/@0xeddbc98 - animation-leash of app_transition#162224 (337)
09-25 13:19:23.713  1914  1914 I Layer   : id=162197 removedFromDrawingState f22f96f Splash Screen com.example.dogglers#162197 (337)
09-25 13:19:23.713  1914  1914 I Layer   : id=162223 removedFromDrawingState Surface(name=Task=7111)/@0xb3b1ae - animation-leash of app_transition#162223 (337)
09-25 13:19:23.713  1914  1914 I Layer   : Layer [Splash Screen com.example.dogglers$_4768#162198] hidden!! flag(1)
09-25 13:19:23.713  1914  1914 I Layer   : Layer [com.example.dogglers/com.example.dogglers.GridListActivity$_5639#162205] hidden!! flag(1)
09-25 13:19:23.713  1914  1914 I Layer   : Layer [com.example.dogglers/androidx.test.core.app.InstrumentationActivityInvoker$EmptyActivity$_5639#162213] hidden!! flag(1)
09-25 13:19:23.713  1914  1914 I Layer   : Layer [com.example.dogglers/androidx.test.core.app.InstrumentationActivityInvoker$EmptyActivity$_5639#162220] hidden!! flag(1)
09-25 13:19:23.713  1914  1914 I SurfaceFlinger: id=162197 Removed f22f96f Splash Screen com.example.dogglers#162197 (337)
09-25 13:19:23.713  1914  1914 I SurfaceFlinger: id=162198 Removed Splash Screen com.example.dogglers$_4768#162198 (337)
09-25 13:19:23.714  1914  1914 I Layer   : id=162197 Destroyed f22f96f Splash Screen com.example.dogglers#162197
09-25 13:19:23.714  1914  1914 I Layer   : id=162198 Destroyed Splash Screen com.example.dogglers$_4768#162198
09-25 13:19:23.714  5639  5729 D OpenGLRenderer: setSurface called with nullptr
09-25 13:19:23.714  5639  5729 D OpenGLRenderer: setSurface() destroyed EGLSurface
09-25 13:19:23.714  5639  5729 D OpenGLRenderer: destroyEglSurface
09-25 13:19:23.716  5639  5639 I ViewRootImpl@11fd257[GridListActivity]: performTraversals mFirst=false windowShouldResize=false viewVisibilityChanged=true mForceNextWindowRelayout=false params=null
09-25 13:19:23.718  3108  4074 V WindowManager: Relayout Window{e828fe5 u0 com.example.dogglers/com.example.dogglers.GridListActivity}: viewVisibility=8 req=1440x3088 d0
09-25 13:19:23.719  3108  4074 V WindowManager: Relayout hash=e828fe5, pid=5639, syncId=-1: mAttrs={(0,0)(fillxfill) sim={adjust=resize forwardNavigation} ty=BASE_APPLICATION wanim=0x1030309
09-25 13:19:23.719  3108  4074 V WindowManager:   fl=81810100
09-25 13:19:23.719  3108  4074 V WindowManager:   pfl=12020040
09-25 13:19:23.719  3108  4074 V WindowManager:   bhv=DEFAULT
09-25 13:19:23.719  3108  4074 V WindowManager:   fitSides= naviIconColor=0}
09-25 13:19:23.719  6586 25742 I SAMSUNGWALLET: [Hint_ProcessStatusChange] fg Change, pid : 5639 , isNotify : true , isForeground : false , fg list : []
09-25 13:19:23.720  6586 25742 I SAMSUNGWALLET: [ProcessStatusChange] fg Change, pid : 5639 , isNotify : true , isForeground : false , fg list : []
09-25 13:19:23.720  6586 10126 I SAMSUNGWALLET: [Hint_ProcessStatusChange] fg Change, pid : 5639 , isNotify : true , isForeground : false , fg list : []
09-25 13:19:23.720  6586 10126 I SAMSUNGWALLET: [ProcessStatusChange] fg Change, pid : 5639 , isNotify : true , isForeground : false , fg list : []
09-25 13:19:23.720  6586 10126 I SAMSUNGWALLET: [Hint_ProcessStatusChange] fg Change, pid : 5639 , isNotify : true , isForeground : false , fg list : []
09-25 13:19:23.721  6586 10126 I SAMSUNGWALLET: [ProcessStatusChange] fg Change, pid : 5639 , isNotify : true , isForeground : false , fg list : []
09-25 13:19:23.721  6586  7522 I SAMSUNGWALLET: [ResetData] getSAResetDialogFlag : false
09-25 13:19:23.721  5639  5639 I ViewRootImpl@11fd257[GridListActivity]: Relayout returned: old=(0,0,1440,3088) new=(0,0,1440,3088) req=(1440,3088)8 dur=4 res=0x2 s={false 0x0} ch=true seqId=0
09-25 13:19:23.721  5639  5639 I ViewRootImpl@543a692[InstrumentationActivityInvoker$EmptyActivity]: handleAppVisibility mAppVisible = true visible = false
09-25 13:19:23.721  1914  1914 I Layer   : id=162225 removedFromDrawingState Surface(name=WallpaperWindowToken{6241e01 token=android.os.Binder@ab19d0b})/@0xf3e0a44 - animation-leash of window_animation#162225 (335)
09-25 13:19:23.722  5639  5639 I ViewRootImpl@543a692[InstrumentationActivityInvoker$EmptyActivity]: stopped(true) old = false
09-25 13:19:23.722  5639  5639 I ViewRootImpl@543a692[InstrumentationActivityInvoker$EmptyActivity]: WindowStopped on com.example.dogglers/androidx.test.core.app.InstrumentationActivityInvoker$EmptyActivity set to true
09-25 13:19:23.723  3108  3145 D InputDispatcher: Focus entered window (0): c7375dc com.sec.android.app.launcher/com.sec.android.app.launcher.activities.LauncherActivity
09-25 13:19:23.723  5639  5639 D LifecycleMonitor: Lifecycle status change: androidx.test.core.app.InstrumentationActivityInvoker$EmptyActivity@3b52c48 in: STOPPED
09-25 13:19:23.723  5639  5639 V ActivityScenario: Activity lifecycle changed event received but ignored because the intent does not match. startActivityIntent=Intent { act=android.intent.action.MAIN cat=[android.intent.category.LAUNCHER] cmp=com.example.dogglers/.GridListActivity }, activity.getIntent()=Intent { act=android.intent.action.MAIN cat=[android.intent.category.LAUNCHER] flg=0x10000000 cmp=com.example.dogglers/androidx.test.core.app.InstrumentationActivityInvoker$EmptyActivity }, activity=androidx.test.core.app.InstrumentationActivityInvoker$EmptyActivity@3b52c48
09-25 13:19:23.724  5369  5369 I ViewRootImpl@7533534[LauncherActivity]: MSG_WINDOW_FOCUS_CHANGED 1 0
09-25 13:19:23.724  5369  5369 I ViewRootImpl@7533534[LauncherActivity]: mThreadedRenderer.initializeIfNeeded()#2 mSurface={isValid=true 0xb4000077206f5000}
09-25 13:19:23.724  5369  5369 I BaseActivity: addActivityFlags, flags : 8
09-25 13:19:23.725  5639  5639 I MSHandlerLifeCycle: removeMultiSplitHandler: no exist. decor=DecorView@1c956c7[InstrumentationActivityInvoker$EmptyActivity]
09-25 13:19:23.725  6586  7669 I SAMSUNGWALLET: [ProcessMonitor] App went to background.
09-25 13:19:23.725  5639  5639 D LifecycleMonitor: Lifecycle status change: androidx.test.core.app.InstrumentationActivityInvoker$EmptyActivity@3b52c48 in: DESTROYED
09-25 13:19:23.725  5639  5639 V ActivityScenario: Activity lifecycle changed event received but ignored because the intent does not match. startActivityIntent=Intent { act=android.intent.action.MAIN cat=[android.intent.category.LAUNCHER] cmp=com.example.dogglers/.GridListActivity }, activity.getIntent()=Intent { act=android.intent.action.MAIN cat=[android.intent.category.LAUNCHER] flg=0x10000000 cmp=com.example.dogglers/androidx.test.core.app.InstrumentationActivityInvoker$EmptyActivity }, activity=androidx.test.core.app.InstrumentationActivityInvoker$EmptyActivity@3b52c48
09-25 13:19:23.726  5639  5639 I MSHandlerLifeCycle: removeMultiSplitHandler: no exist. decor=DecorView@1c956c7[InstrumentationActivityInvoker$EmptyActivity]
09-25 13:19:23.726  6586  7522 I SAMSUNGWALLET: [Hint_e] isHomePackageRunning topPkgName = com.sec.android.app.launcher, topClsName = com.android.launcher3.uioverrides.QuickstepLauncher, return true , se : true
09-25 13:19:23.727  5369  5369 I InputMethodManager: startInputInner - mService.startInputOrWindowGainedFocus
09-25 13:19:23.727  6586  7669 I SAMSUNGWALLET: [ProcessMonitor] App went to background.
09-25 13:19:23.727  5639  5729 D OpenGLRenderer: setSurface called with nullptr
09-25 13:19:23.727  5639  5729 D OpenGLRenderer: setSurface() destroyed EGLSurface
09-25 13:19:23.727  5639  5729 D OpenGLRenderer: destroyEglSurface
09-25 13:19:23.728  6586  7522 I SAMSUNGWALLET: [ResetData] getSAResetDialogFlag : false
09-25 13:19:23.728  3108  3145 D InputMethodManagerService: DESKTOP MODE! : 2
09-25 13:19:23.728  3108  3145 D InputMethodManagerService: NOT IN KNOX DESKTOP MODE!
09-25 13:19:23.728  3108  3145 V InputMethodManagerService: getDisplayIdOfInputMethodWindowToBeAdded: displayId=0
09-25 13:19:23.728  6586  6586 I SAMSUNGWALLET: [Hint_PayHintService] Hint Status - already invisible, skip hide : [4000000] - 4000000
09-25 13:19:23.728  3108  3145 D InputMethodManagerService: isImeSwitcherDisabledPackage : false
09-25 13:19:23.729  3108  3145 D InputMethodManagerService: checkDisplayOfStartInputAndUpdateKeyboard: displayId=0, mFocusedDisplayId=0
09-25 13:19:23.729  3108  3145 D InputTransport: Input channel constructed: 'ClientS', fd=1337
09-25 13:19:23.729  3108  3145 D InputTransport: Input channel destroyed: 'ClientS', fd=1337
09-25 13:19:23.729  5639  5639 I ViewRootImpl@543a692[InstrumentationActivityInvoker$EmptyActivity]: dispatchDetachedFromWindow
09-25 13:19:23.729   586   586 I MSHandlerLifeCycle: check: return. pkg=com.google.android.inputmethod.latin isActivity=false callers=com.android.internal.policy.DecorView.setVisibility:4412 android.inputmethodservice.InkWindow.hide:100 android.inputmethodservice.InputMethodService$InputMethodImpl.unbindInput:875 android.inputmethodservice.IInputMethodWrapper.executeMessage:198 com.android.internal.os.HandlerCaller$MyHandler.handleMessage:44
09-25 13:19:23.729   586   586 I MSHandlerLifeCycle: removeMultiSplitHandler: no exist. decor=DecorView@722edec[]
09-25 13:19:23.729  3108  9815 D InputTransport: Input channel destroyed: '9702e93', fd=1322
09-25 13:19:23.729  3108  9815 W InputManager-JNI: Input channel object '9702e93 com.example.dogglers/androidx.test.core.app.InstrumentationActivityInvoker$EmptyActivity (client)' was disposed without first being removed with the input manager!
09-25 13:19:23.729  3108  9815 D InputTransport: Input channel destroyed: '9702e93', fd=1332
09-25 13:19:23.729  6586  7669 I SAMSUNGWALLET: [ProcessMonitor] App went to background.
09-25 13:19:23.729  6586  7522 I SAMSUNGWALLET: [Hint_e] isHomePackageRunning topPkgName = com.sec.android.app.launcher, topClsName = com.android.launcher3.uioverrides.QuickstepLauncher, return true , se : true
09-25 13:19:23.730   586   586 I GoogleInputMethodService: GoogleInputMethodService.onFinishInput():3267
09-25 13:19:23.730  6586  7522 I SAMSUNGWALLET: [ResetData] getSAResetDialogFlag : false
09-25 13:19:23.731  5369  5369 I BadgeRenderer: Invalid count : 0
09-25 13:19:23.731   586   586 I GoogleInputMethodService: GoogleInputMethodService.updateDeviceLockedStatus():2097 repeatCheckTimes = 0, locked = false
09-25 13:19:23.731   586   586 D InputMethodService: checkFocusedDisplay() display Id 0last 0
09-25 13:19:23.731  6586  6586 I SAMSUNGWALLET: [Hint_PayHintService] Hint Status - already invisible, skip hide : [4000000] - 4000000
09-25 13:19:23.731   586   586 I GoogleInputMethodService: GoogleInputMethodService.onStartInput():1889 onStartInput(EditorInfo{EditorInfo{packageName=com.sec.android.app.launcher, inputType=0, inputTypeString=NULL, enableLearning=false, autoCorrection=false, autoComplete=false, imeOptions=0, privateImeOptions=null, actionName=UNSPECIFIED, actionLabel=null, initialSelStart=-1, initialSelEnd=-1, initialCapsMode=0, label=null, fieldId=2131361996, fieldName=null, extras=Bundle[{displayId=0}], hintText=null, hintLocales=[]}}, false)
09-25 13:19:23.731  5639  5639 D InputTransport: Input channel destroyed: '9702e93', fd=152
09-25 13:19:23.732  5639  5639 I ViewRootImpl@165371[InstrumentationActivityInvoker$EmptyActivity]: stopped(true) old = false
09-25 13:19:23.733  5639  5639 I ViewRootImpl@165371[InstrumentationActivityInvoker$EmptyActivity]: WindowStopped on com.example.dogglers/androidx.test.core.app.InstrumentationActivityInvoker$EmptyActivity set to true
09-25 13:19:23.733   586   586 I GoogleInputMethodService: GoogleInputMethodService.updateDeviceLockedStatus():2097 repeatCheckTimes = 1, locked = false
09-25 13:19:23.734  5639  5639 D LifecycleMonitor: Lifecycle status change: androidx.test.core.app.InstrumentationActivityInvoker$EmptyActivity@3227ddf in: STOPPED
09-25 13:19:23.734  1914  2140 I SurfaceFlinger: id=162229 createSurf, flag=24004, Surface(name=6a358c3 InputMethod)/@0x1a6cc79 - animation-leash of insets_animation#162229
09-25 13:19:23.734  5759  6274 E pageboostd: prefetch start : app comquizletquizletandroid
09-25 13:19:23.734  5639  5639 V ActivityScenario: Activity lifecycle changed event received but ignored because the intent does not match. startActivityIntent=Intent { act=android.intent.action.MAIN cat=[android.intent.category.LAUNCHER] cmp=com.example.dogglers/.GridListActivity }, activity.getIntent()=Intent { act=android.intent.action.MAIN cat=[android.intent.category.LAUNCHER] flg=0x10000000 cmp=com.example.dogglers/androidx.test.core.app.InstrumentationActivityInvoker$EmptyActivity }, activity=androidx.test.core.app.InstrumentationActivityInvoker$EmptyActivity@3227ddf
09-25 13:19:23.736  1914  2140 I SurfaceFlinger: id=162217 Removed 6e8c588 ActivityRecordInputSink com.example.dogglers/androidx.test.core.app.InstrumentationActivityInvoker$EmptyActivity#162217 (336)
09-25 13:19:23.738  6586  7522 I SAMSUNGWALLET: [Hint_e] isHomePackageRunning topPkgName = com.sec.android.app.launcher, topClsName = com.android.launcher3.uioverrides.QuickstepLauncher, return true , se : true
09-25 13:19:23.738  1914  1914 I Layer   : id=162220 removedFromDrawingState com.example.dogglers/androidx.test.core.app.InstrumentationActivityInvoker$EmptyActivity$_5639#162220 (336)
09-25 13:19:23.738  1914  1914 I Layer   : id=162219 removedFromDrawingState 9702e93 com.example.dogglers/androidx.test.core.app.InstrumentationActivityInvoker$EmptyActivity#162219 (336)
09-25 13:19:23.738  1914  1914 I SurfaceFlinger: id=162220 Removed com.example.dogglers/androidx.test.core.app.InstrumentationActivityInvoker$EmptyActivity$_5639#162220 (336)
09-25 13:19:23.738  1914  1914 I SurfaceFlinger: id=162219 Removed 9702e93 com.example.dogglers/androidx.test.core.app.InstrumentationActivityInvoker$EmptyActivity#162219 (336)
09-25 13:19:23.738  6586  6586 I SAMSUNGWALLET: [Hint_PayHintService] Hint Status - already invisible, skip hide : [4000000] - 4000000
09-25 13:19:23.738  1914  1914 I Layer   : id=162219 Destroyed 9702e93 com.example.dogglers/androidx.test.core.app.InstrumentationActivityInvoker$EmptyActivity#162219
09-25 13:19:23.738  1914  1914 I Layer   : id=162220 Destroyed com.example.dogglers/androidx.test.core.app.InstrumentationActivityInvoker$EmptyActivity$_5639#162220
09-25 13:19:23.739  5639  5639 I MSHandlerLifeCycle: removeMultiSplitHandler: no exist. decor=DecorView@8b9ea8a[InstrumentationActivityInvoker$EmptyActivity]
09-25 13:19:23.740  5639  5639 D LifecycleMonitor: Lifecycle status change: androidx.test.core.app.InstrumentationActivityInvoker$EmptyActivity@3227ddf in: DESTROYED
09-25 13:19:23.740  3108  4074 D InputMethodManagerService: isImeSwitcherDisabledPackage : false
09-25 13:19:23.740  5639  5639 V ActivityScenario: Activity lifecycle changed event received but ignored because the intent does not match. startActivityIntent=Intent { act=android.intent.action.MAIN cat=[android.intent.category.LAUNCHER] cmp=com.example.dogglers/.GridListActivity }, activity.getIntent()=Intent { act=android.intent.action.MAIN cat=[android.intent.category.LAUNCHER] flg=0x10000000 cmp=com.example.dogglers/androidx.test.core.app.InstrumentationActivityInvoker$EmptyActivity }, activity=androidx.test.core.app.InstrumentationActivityInvoker$EmptyActivity@3227ddf
09-25 13:19:23.741  5639  5639 I MSHandlerLifeCycle: removeMultiSplitHandler: no exist. decor=DecorView@8b9ea8a[InstrumentationActivityInvoker$EmptyActivity]
09-25 13:19:23.742  5639  5729 D OpenGLRenderer: setSurface called with nullptr
09-25 13:19:23.742  5639  5729 D OpenGLRenderer: setSurface() destroyed EGLSurface
09-25 13:19:23.742  5639  5729 D OpenGLRenderer: destroyEglSurface
09-25 13:19:23.743  5639  5639 I ViewRootImpl@165371[InstrumentationActivityInvoker$EmptyActivity]: dispatchDetachedFromWindow
09-25 13:19:23.743   586   586 I InputMethodService: removeImeSurface
09-25 13:19:23.743  3108  4074 D InputTransport: Input channel destroyed: '67383b1', fd=1311
09-25 13:19:23.743  3108  4074 W InputManager-JNI: Input channel object '67383b1 com.example.dogglers/androidx.test.core.app.InstrumentationActivityInvoker$EmptyActivity (client)' was disposed without first being removed with the input manager!
09-25 13:19:23.743  3108  4074 D InputTransport: Input channel destroyed: '67383b1', fd=1315
09-25 13:19:23.743   586   586 I MSHandlerLifeCycle: check: return. pkg=com.google.android.inputmethod.latin isActivity=false callers=com.android.internal.policy.DecorView.setVisibility:4412 android.app.Dialog.hide:767 android.inputmethodservice.InputMethodService.removeImeSurface:1290 android.inputmethodservice.InputMethodService.scheduleImeSurfaceRemoval:1279 android.inputmethodservice.InputMethodService.-$$Nest$mscheduleImeSurfaceRemoval:0
09-25 13:19:23.744   586   586 I MSHandlerLifeCycle: removeMultiSplitHandler: no exist. decor=DecorView@3ddf8c7[InputMethod]
09-25 13:19:23.745  5639  5639 D InputTransport: Input channel destroyed: '67383b1', fd=137
09-25 13:19:23.747  1914  1914 I Layer   : id=162218 removedFromDrawingState Surface(name=6a358c3 InputMethod)/@0x1a6cc79 - animation-leash of insets_animation#162218 (334)
09-25 13:19:23.747  1914  1914 I Layer   : id=162216 removedFromDrawingState ActivityRecord{c7bbb21 u0 com.example.dogglers/androidx.test.core.app.InstrumentationActivityInvoker$EmptyActivity} t7111}#162216 (334)
09-25 13:19:23.747  1914  1914 I Layer   : id=162217 removedFromDrawingState 6e8c588 ActivityRecordInputSink com.example.dogglers/androidx.test.core.app.InstrumentationActivityInvoker$EmptyActivity#162217 (334)
09-25 13:19:23.747  1914  1914 I Layer   : id=162213 removedFromDrawingState com.example.dogglers/androidx.test.core.app.InstrumentationActivityInvoker$EmptyActivity$_5639#162213 (334)
09-25 13:19:23.747  1914  1914 I Layer   : id=162212 removedFromDrawingState 67383b1 com.example.dogglers/androidx.test.core.app.InstrumentationActivityInvoker$EmptyActivity#162212 (334)
09-25 13:19:23.747  1914  1914 I SurfaceFlinger: id=162213 Removed com.example.dogglers/androidx.test.core.app.InstrumentationActivityInvoker$EmptyActivity$_5639#162213 (334)
09-25 13:19:23.747  1914  1914 I SurfaceFlinger: id=162212 Removed 67383b1 com.example.dogglers/androidx.test.core.app.InstrumentationActivityInvoker$EmptyActivity#162212 (334)
09-25 13:19:23.747  1914  1914 I SurfaceFlinger: id=162218 Removed Surface(name=6a358c3 InputMethod)/@0x1a6cc79 - animation-leash of insets_animation#162218 (334)
09-25 13:19:23.747  1914  1914 I SurfaceFlinger: id=162216 Removed ActivityRecord{c7bbb21 u0 com.example.dogglers/androidx.test.core.app.InstrumentationActivityInvoker$EmptyActivity} t7111}#162216 (334)
09-25 13:19:23.747  1914  1914 I Layer   : id=162218 Destroyed Surface(name=6a358c3 InputMethod)/@0x1a6cc79 - animation-leash of insets_animation#162218
09-25 13:19:23.747  1914  1914 I Layer   : id=162212 Destroyed 67383b1 com.example.dogglers/androidx.test.core.app.InstrumentationActivityInvoker$EmptyActivity#162212
09-25 13:19:23.747  1914  1914 I Layer   : id=162213 Destroyed com.example.dogglers/androidx.test.core.app.InstrumentationActivityInvoker$EmptyActivity$_5639#162213
09-25 13:19:23.747  5759  6274 E pageboostd: comquizletquizletandroid, amt 103333888 scnt 353 fcnt 42
09-25 13:19:23.747  5759  6274 E pageboostd: prefetch end : app comquizletquizletandroid data_amount 103333888
09-25 13:19:23.747  1914  1914 I Layer   : id=162216 Destroyed ActivityRecord{c7bbb21 u0 com.example.dogglers/androidx.test.core.app.InstrumentationActivityInvoker$EmptyActivity} t7111}#162216
09-25 13:19:23.747  1914  1914 I Layer   : id=162217 Destroyed 6e8c588 ActivityRecordInputSink com.example.dogglers/androidx.test.core.app.InstrumentationActivityInvoker$EmptyActivity#162217
09-25 13:19:23.748  5639  5639 I ViewRootImpl@11fd257[GridListActivity]: stopped(true) old = false
09-25 13:19:23.748  5639  5639 I ViewRootImpl@11fd257[GridListActivity]: WindowStopped on com.example.dogglers/com.example.dogglers.GridListActivity set to true
09-25 13:19:23.748  1914  2139 I SurfaceFlinger: id=162211 Removed 959e4c5 ActivityRecordInputSink com.example.dogglers/androidx.test.core.app.InstrumentationActivityInvoker$EmptyActivity#162211 (329)
09-25 13:19:23.749  5639  5639 D LifecycleMonitor: Lifecycle status change: com.example.dogglers.GridListActivity@41dc750 in: STOPPED
09-25 13:19:23.749  5639  5639 V ActivityScenario: Update currentActivityStage to STOPPED, currentActivity=com.example.dogglers.GridListActivity@41dc750
09-25 13:19:23.749  5639  5639 I MSHandlerLifeCycle: removeMultiSplitHandler: no exist. decor=DecorView@b98126[GridListActivity]
09-25 13:19:23.750  5639  5639 D LifecycleMonitor: Lifecycle status change: com.example.dogglers.GridListActivity@41dc750 in: DESTROYED
09-25 13:19:23.750  5639  5639 V ActivityScenario: Update currentActivityStage to DESTROYED, currentActivity=null
09-25 13:19:23.750  5639  5703 I TestRunner: finished: recycler_view_item_count(com.example.dogglers.GridListTests)
