09-25 13:19:24.521  5639  5703 I TestRunner: started: vertical_scrolling(com.example.dogglers.GridListTests)
09-25 13:19:24.521  1914  3193 I SurfaceFlinger: id=162268 createSurf, flag=24004, Task=7112#162268
09-25 13:19:24.521  1914  2139 I SurfaceFlinger: id=162237 Removed b06c8c ActivityRecordInputSink com.example.dogglers/androidx.test.core.app.InstrumentationActivityInvoker$BootstrapActivity#162237 (329)
09-25 13:19:24.522  1914  1914 I Layer   : id=162246 removedFromDrawingState ActivityRecord{ba6b502 u0 com.example.dogglers/androidx.test.core.app.InstrumentationActivityInvoker$EmptyActivity} t7112}#162246 (329)
09-25 13:19:24.522  1914  1914 I Layer   : id=162247 removedFromDrawingState 7d7e64d ActivityRecordInputSink com.example.dogglers/androidx.test.core.app.InstrumentationActivityInvoker$EmptyActivity#162247 (329)
09-25 13:19:24.522  1914  1914 I Layer   : id=162241 removedFromDrawingState com.example.dogglers/com.example.dogglers.GridListActivity$_5639#162241 (329)
09-25 13:19:24.522  1914  1914 I Layer   : id=162240 removedFromDrawingState 673e6a1 com.example.dogglers/com.example.dogglers.GridListActivity#162240 (329)
09-25 13:19:24.522  1914  1914 I SurfaceFlinger: id=162241 Removed com.example.dogglers/com.example.dogglers.GridListActivity$_5639#162241 (329)
09-25 13:19:24.522  1914  1914 I SurfaceFlinger: id=162240 Removed 673e6a1 com.example.dogglers/com.example.dogglers.GridListActivity#162240 (329)
09-25 13:19:24.522  1914  1914 I SurfaceFlinger: id=162246 Removed ActivityRecord{ba6b502 u0 com.example.dogglers/androidx.test.core.app.InstrumentationActivityInvoker$EmptyActivity} t7112}#162246 (329)
09-25 13:19:24.523  1914  1914 I Layer   : id=162240 Destroyed 673e6a1 com.example.dogglers/com.example.dogglers.GridListActivity#162240
09-25 13:19:24.523  1914  1914 I Layer   : id=162241 Destroyed com.example.dogglers/com.example.dogglers.GridListActivity$_5639#162241
09-25 13:19:24.523  3108 29076 D RemoteAppTaskWatcher:  ****** RemoteAppTaskWatcher: Message Received 3 Task ID = 7112
09-25 13:19:24.523  1914  1914 I Layer   : id=162246 Destroyed ActivityRecord{ba6b502 u0 com.example.dogglers/androidx.test.core.app.InstrumentationActivityInvoker$EmptyActivity} t7112}#162246
09-25 13:19:24.523  1914  1914 I Layer   : id=162247 Destroyed 7d7e64d ActivityRecordInputSink com.example.dogglers/androidx.test.core.app.InstrumentationActivityInvoker$EmptyActivity#162247
09-25 13:19:24.525  3108 29076 D RemoteAppTaskWatcher:  ****** RemoteAppTaskWatcher: Message Received 3 Task ID = 7112
09-25 13:19:24.525  5369  5369 I RecentsView: onTaskRemoved() taskId : 7112
09-25 13:19:24.525  5369  5369 I TopTaskTracker: onTaskRemoved : taskId = 7112
09-25 13:19:24.526  5639  5703 W Settings: Setting always_finish_activities has moved from android.provider.Settings.System to android.provider.Settings.Global, returning read-only value.
09-25 13:19:24.528  5369  5369 I RecentsView: onTaskRemoved() taskId : 7112
09-25 13:19:24.528  5369  5369 I TopTaskTracker: onTaskRemoved : taskId = 7112
09-25 13:19:24.530  1914  1914 I Layer   : id=162238 removedFromDrawingState ActivityRecord{b4c8f4a u0 com.example.dogglers/.GridListActivity} t7112}#162238 (325)
09-25 13:19:24.530  1914  1914 I Layer   : id=162239 removedFromDrawingState 1af1cb5 ActivityRecordInputSink com.example.dogglers/.GridListActivity#162239 (325)
09-25 13:19:24.530  1914  1914 I Layer   : id=162232 removedFromDrawingState ActivityRecord{c790fd5 u0 com.example.dogglers/androidx.test.core.app.InstrumentationActivityInvoker$BootstrapActivity} t7112}#162232 (325)
09-25 13:19:24.530  1914  1914 I Layer   : id=162237 removedFromDrawingState b06c8c ActivityRecordInputSink com.example.dogglers/androidx.test.core.app.InstrumentationActivityInvoker$BootstrapActivity#162237 (325)
09-25 13:19:24.530  1914  1914 I Layer   : id=162231 removedFromDrawingState Task=7112#162231 (325)
09-25 13:19:24.530  1914  1914 I Layer   : id=162268 removedFromDrawingState Task=7112#162268 (325)
09-25 13:19:24.530  1914  1914 I SurfaceFlinger: id=162238 Removed ActivityRecord{b4c8f4a u0 com.example.dogglers/.GridListActivity} t7112}#162238 (325)
09-25 13:19:24.530  1914  1914 I SurfaceFlinger: id=162232 Removed ActivityRecord{c790fd5 u0 com.example.dogglers/androidx.test.core.app.InstrumentationActivityInvoker$BootstrapActivity} t7112}#162232 (325)
09-25 13:19:24.530  1914  1914 I SurfaceFlinger: id=162268 Removed Task=7112#162268 (325)
09-25 13:19:24.530  1914  1914 I Layer   : id=162232 Destroyed ActivityRecord{c790fd5 u0 com.example.dogglers/androidx.test.core.app.InstrumentationActivityInvoker$BootstrapActivity} t7112}#162232
09-25 13:19:24.530  1914  1914 I Layer   : id=162237 Destroyed b06c8c ActivityRecordInputSink com.example.dogglers/androidx.test.core.app.InstrumentationActivityInvoker$BootstrapActivity#162237
09-25 13:19:24.530  1914  1914 I Layer   : id=162238 Destroyed ActivityRecord{b4c8f4a u0 com.example.dogglers/.GridListActivity} t7112}#162238
09-25 13:19:24.530  1914  1914 I Layer   : id=162239 Destroyed 1af1cb5 ActivityRecordInputSink com.example.dogglers/.GridListActivity#162239
09-25 13:19:24.530  1914  1914 I Layer   : id=162268 Destroyed Task=7112#162268
09-25 13:19:24.531  3108  3230 I ChimeraSystemEventListener: appLaunchIntent package name is: com.example.dogglers
09-25 13:19:24.532  3108  5688 I SemDvfsHyPerManager: acquire hyper - AMS_APP_SWITCH/3108@23, type = -999
09-25 13:19:24.532  3108 29076 D RemoteAppTaskWatcher:  ****** RemoteAppTaskWatcher: Message Received 0 Task ID = 7113
09-25 13:19:24.532  1914  3199 I SurfaceFlinger: id=162269 createSurf, flag=24004, Task=7113#162269
09-25 13:19:24.532  1809  1855 I HYPER-HAL: [RequestManager.cpp]acquire(): Acquired ID : 4903169  [3108 / 23]    HINT : AMS_APP_SWITCH    list :
09-25 13:19:24.534  8328  8328 I SemDvfsHyPerManager: acquire hyper - APP_START_SHORT/8328@19, type = -999
09-25 13:19:24.534  1914  3199 I SurfaceFlinger: id=162270 createSurf, flag=80004, ActivityRecord{89bc591 u0 com.example.dogglers/androidx.test.core.app.InstrumentationActivityInvoker$BootstrapActivity} t7113}#162270
09-25 13:19:24.536  1809  1855 I HYPER-HAL: [RequestManager.cpp]acquire(): Acquired ID : 34840397  [8328 / 19]    HINT : APP_START_LOW_HEAT    list : [TIMEOUT / 1500]
09-25 13:19:24.537  2229  2229 I CameraService: onUidStateChanged: uid=10042, procState is changed. (0 -> 1)
09-25 13:19:24.538  4768  4851 D NativeCustomFrequencyManager: [NativeCFMS] BpCustomFrequencyManager::BpCustomFrequencyManager()
09-25 13:19:24.541  3108  9815 I SemDvfsHyPerManager: acquire hyper - AMS_APP_LAUNCH/3108@19, type = -999
09-25 13:19:24.541  5759  5759 E pageboostd: Received HALT command code 2
09-25 13:19:24.541  8328  8328 I SemDvfsHyPerManager: acquire hyper - APP_START/8328@21, type = -999
09-25 13:19:24.541  1809  1855 I HYPER-HAL: [RequestManager.cpp]acquire(): Acquired ID : 4890647  [3108 / 19]    HINT : AMS_APP_LAUNCH    list :
09-25 13:19:24.541  1809  1855 I HYPER-HAL: [RequestManager.cpp]acquire(): Acquired ID : 34857096  [8328 / 21]    HINT : APP_START_LOW_HEAT    list :
09-25 13:19:24.542  3108 29076 D RemoteAppTaskWatcher:  ****** RemoteAppTaskWatcher: Message Received 4 Task ID = 7113
09-25 13:19:24.542  3108 29076 D RemoteAppTaskWatcher:  ****** RemoteAppTaskWatcher: Message Received 0 Task ID = 7113
09-25 13:19:24.542  3108  8626 D InputTransport: Input channel constructed: 'ccb41d0', fd=1065
09-25 13:19:24.542  3108  8626 D InputTransport: Input channel constructed: 'ccb41d0', fd=1132
09-25 13:19:24.542  3108  8626 D InputTransport: Input channel constructed: 'ccb41d0', fd=1143
09-25 13:19:24.542  1914  4196 I SurfaceFlinger: id=162271 createSurf, flag=80004, ccb41d0 Splash Screen com.example.dogglers#162271
09-25 13:19:24.544  3108  8626 D InputTransport: Input channel destroyed: 'ccb41d0', fd=1143
09-25 13:19:24.544  5369  5369 I BaseActivity: removeActivityFlags, flags : 16
09-25 13:19:24.544  5369  5369 I BaseActivity: removeActivityFlags, flags : 6
09-25 13:19:24.544  5369  5369 I DragController: endDrag
09-25 13:19:24.544  5369  5369 W LauncherAppWidgetHost: setShouldListenFlag, mFlags:15 flag:resume on:false isFront:false
09-25 13:19:24.544  4768  4843 D InsetsController: onStateChanged: InsetsState: {mDisplayFrame=Rect(0, 0 - 1440, 3088), mDisplayCutout=DisplayCutout{insets=Rect(0, 100 - 0, 0) waterfall=Insets{left=0, top=0, right=0, bottom=0} boundingRect={Bounds=[Rect(0, 0 - 0, 0), Rect(685, 0 - 756, 100), Rect(0, 0 - 0, 0), Rect(0, 0 - 0, 0)]} cutoutPathParserInfo={CutoutPathParserInfo{displayWidth=1440 displayHeight=3088 physicalDisplayWidth=1440 physicalDisplayHeight=3088 density={3.75} cutoutSpec={M 0,0 H -9.466666666666667 V 26.66666666666667‬ H 9.466666666666667 V 0 H 0 Z @dp} rotation={0} scale={1.0} physicalPixelDisplaySizeRatio={1.0}}}}, mRoundedCorners=RoundedCorners{[RoundedCorner{position=TopLeft, radius=14, center=Point(14, 14)}, RoundedCorner{position=TopRight, radius=14, center=Point(1426, 14)}, RoundedCorner{position=BottomRight, radius=14, center=Point(1426, 3074)}, RoundedCorner{position=BottomLeft, radius=14, center=Point(14, 3074)}]}  mRoundedCornerFrame=Rect(0, 0 - 1440, 3088), mPrivacyIndicatorBounds=PrivacyIndicatorBounds {static bounds=Rect(1286, 0 - 1440, 100) rotation=0}, mSources= { InsetsSource: {mType=ITYPE_STATUS_BAR, mFrame=[0,0][1440,100], mVisible=true, mInsetsRoundedCornerFrame=false}, InsetsSource: {mType=ITYPE_NAVIGATION_BAR, mFrame=[0,3088][1440,3088], mVisible=true, mInsetsRoundedCornerFrame=false}, InsetsSource: {mType=ITYPE_LEFT_GESTURES, mFrame=[0,0][0,3088], mVisible=true, mInsetsRoundedCornerFrame=false}, InsetsSource: {mType=ITYPE_RIGHT_GESTURES, mFrame=[1440,0][1440,3088], mVisible=true, mInsetsRoundedCornerFrame=false}, InsetsSource: {mType=ITYPE_TOP_MANDATORY_GESTURES, mFrame=[0,0][1440,142], mVisible=true, mInsetsRoundedCornerFrame=false}, InsetsSource: {mType=ITYPE_BOTTOM_MANDATORY_GESTURES, mFrame=[0,3018][1440,3088], mVisible=true, mInsetsRoundedCornerFrame=false}, InsetsSource: {mType=ITYPE_LEFT_DISPLAY_CUTOUT, mFrame=[0,0][-100000,3088], mVisible=true, mInsetsRoundedCornerFrame=false}, InsetsSource: {mType=ITYPE_TOP_DISPLAY_CUTOUT, mFrame=[0,0][1440,100], mVisible=true, mInsetsRoundedCornerFrame=false}, InsetsSource: {mType=ITYPE_RIGHT_DISPLAY_CUTOUT, mFrame=[100000,0][1440,3088], mVisible=true, mInsetsRoundedCornerFrame=false}, InsetsSource: {mType=ITYPE_BOTTOM_DISPLAY_CUTOUT, mFrame=[0,100000][1440,3088], mVisible=true, mInsetsRoundedCornerFrame=false}, InsetsSource: {mType=ITYPE_TOP_TAPPABLE_ELEMENT, mFrame=[0,0][1440,100], mVisible=true, mInsetsRoundedCornerFrame=false}, InsetsSource: {mType=ITYPE_BOTTOM_TAPPABLE_ELEMENT, mFrame=[0,0][0,0], mVisible=true, mInsetsRoundedCornerFrame=false} } host=Splash Screen com.example.dogglers from=android.view.ViewRootImpl.setView:1732
09-25 13:19:24.544  5369  5369 I SPayUpdater: updateSpayHandler launcher activity is paused false
09-25 13:19:24.545  5369 11129 I WidgetRotationImpl: unsubscribeWidgetFocus 80
09-25 13:19:24.546  5369 11129 I IntelligentPlatformManagerImpl: unsubscribeWidgetFocus() id : 80
09-25 13:19:24.549  3108  4923 D InputDispatcher: Focused application(0): ActivityRecord{89bc591 u0 com.example.dogglers/androidx.test.core.app.InstrumentationActivityInvoker$BootstrapActivity} t7113}
09-25 13:19:24.552  3108 29076 D RemoteAppTaskWatcher:  ****** RemoteAppTaskWatcher: Message Received 5 Task ID = 0
09-25 13:19:24.553  5369  5369 I TopTaskTracker: onTaskMovedToFront : taskId = 7113
09-25 13:19:24.554  3108  4605 D AS.MultiSoundManager: mForegroundUid = 10577
09-25 13:19:24.555  1914  1914 I SurfaceFlinger: [c7375dc com.sec.android.app.launcher/com.sec.android.app.launcher.activities.LauncherActivity#176] FrameRatePriority: -1
09-25 13:19:24.556  6586 10126 I SAMSUNGWALLET: [Hint_ProcessStatusChange] fg Change, pid : 5639 , isNotify : false , isForeground : true , fg list : []
09-25 13:19:24.557  6586 10126 I SAMSUNGWALLET: [ProcessStatusChange] fg Change, pid : 5639 , isNotify : false , isForeground : true , fg list : []
09-25 13:19:24.557  5639  5639 D LifecycleMonitor: Lifecycle status change: androidx.test.core.app.InstrumentationActivityInvoker$BootstrapActivity@1316f94 in: PRE_ON_CREATE
09-25 13:19:24.557  5639  5639 V ActivityScenario: Activity lifecycle changed event received but ignored because the intent does not match. startActivityIntent=Intent { act=android.intent.action.MAIN cat=[android.intent.category.LAUNCHER] cmp=com.example.dogglers/.GridListActivity }, activity.getIntent()=Intent { act=android.intent.action.MAIN cat=[android.intent.category.LAUNCHER] flg=0x10008000 cmp=com.example.dogglers/androidx.test.core.app.InstrumentationActivityInvoker$BootstrapActivity (has extras) }, activity=androidx.test.core.app.InstrumentationActivityInvoker$BootstrapActivity@1316f94
09-25 13:19:24.560  6586 10126 I SAMSUNGWALLET: [Hint_ProcessStatusChange] fg Change, pid : 5639 , isNotify : false , isForeground : true , fg list : []
09-25 13:19:24.560  6586 10126 I SAMSUNGWALLET: [ProcessStatusChange] fg Change, pid : 5639 , isNotify : false , isForeground : true , fg list : []
09-25 13:19:24.560  4768  4843 I ViewRootImpl@fa524f6[dogglers]: setView = android.widget.FrameLayout@f769a82 TM=true
09-25 13:19:24.561  4768  4843 I ViewRootImpl@fa524f6[dogglers]: performTraversals params={(0,0)(fillxfill) sim={adjust=pan} ty=APPLICATION_STARTING fmt=TRANSLUCENT wanim=0x1030001
09-25 13:19:24.561  4768  4843 I ViewRootImpl@fa524f6[dogglers]:   fl=81030118
09-25 13:19:24.561  4768  4843 I ViewRootImpl@fa524f6[dogglers]:   pfl=16000010
09-25 13:19:24.561  4768  4843 I ViewRootImpl@fa524f6[dogglers]:   bhv=DEFAULT
09-25 13:19:24.561  4768  4843 I ViewRootImpl@fa524f6[dogglers]:   fitSides= naviIconColor=0}
09-25 13:19:24.561  4768  4843 I ViewRootImpl@fa524f6[dogglers]: performTraversals mFirst=true windowShouldResize=true viewVisibilityChanged=false mForceNextWindowRelayout=false params={(0,0)(fillxfill) sim={adjust=pan} ty=APPLICATION_STARTING fmt=TRANSLUCENT wanim=0x1030001
09-25 13:19:24.561  4768  4843 I ViewRootImpl@fa524f6[dogglers]:   fl=81030118
09-25 13:19:24.561  4768  4843 I ViewRootImpl@fa524f6[dogglers]:   pfl=16000010
09-25 13:19:24.561  4768  4843 I ViewRootImpl@fa524f6[dogglers]:   bhv=DEFAULT
09-25 13:19:24.561  4768  4843 I ViewRootImpl@fa524f6[dogglers]:   fitSides= naviIconColor=0}
09-25 13:19:24.561  3108  3230 I SemPersonaManager: SecureFolder personaId = 150
09-25 13:19:24.561  8130 22447 I [AirCmd]_ActivitySwitchDetector: onTaskFocusChanged : taskId 7113
09-25 13:19:24.561  3108  9815 V WindowManager: Relayout Window{ccb41d0 u0 Splash Screen com.example.dogglers}: viewVisibility=0 req=1440x3088 d0
09-25 13:19:24.561  5639  5639 I DecorView: [INFO] isPopOver=false config=true
09-25 13:19:24.561  5639  5639 I DecorView: updateCaptionType: isFloating=false isApplication=true hasWindowDecorCaption=false this=DecorView@82cbb83[]
09-25 13:19:24.561  5639  5639 D DecorView: setCaptionType = 0, this = DecorView@82cbb83[]
09-25 13:19:24.561  6586 10126 I SAMSUNGWALLET: [Hint_ProcessStatusChange] fg Change, pid : 5639 , isNotify : false , isForeground : true , fg list : []
09-25 13:19:24.561  1914  2139 I SurfaceFlinger: id=162272 createSurf, flag=40004, Splash Screen com.example.dogglers$_4768#162272
09-25 13:19:24.561  6586 10126 I SAMSUNGWALLET: [ProcessStatusChange] fg Change, pid : 5639 , isNotify : false , isForeground : true , fg list : []
09-25 13:19:24.562  5639  5639 I DecorView: getCurrentDensityDpi: from real metrics. densityDpi=560 msg=resources_loaded
09-25 13:19:24.562  5639  5639 I DecorView: setWindowBackground: isPopOver=false color=ff010101 d=android.graphics.drawable.StateListDrawable@67ff100
09-25 13:19:24.562  5639  5639 D LifecycleMonitor: Lifecycle status change: androidx.test.core.app.InstrumentationActivityInvoker$BootstrapActivity@1316f94 in: CREATED
09-25 13:19:24.562  5639  5639 V ActivityScenario: Activity lifecycle changed event received but ignored because the intent does not match. startActivityIntent=Intent { act=android.intent.action.MAIN cat=[android.intent.category.LAUNCHER] cmp=com.example.dogglers/.GridListActivity }, activity.getIntent()=Intent { act=android.intent.action.MAIN cat=[android.intent.category.LAUNCHER] flg=0x10008000 cmp=com.example.dogglers/androidx.test.core.app.InstrumentationActivityInvoker$BootstrapActivity (has extras) }, activity=androidx.test.core.app.InstrumentationActivityInvoker$BootstrapActivity@1316f94
09-25 13:19:24.563  5639  5639 D LifecycleMonitor: Lifecycle status change: androidx.test.core.app.InstrumentationActivityInvoker$BootstrapActivity@1316f94 in: STARTED
09-25 13:19:24.563  5639  5639 V ActivityScenario: Activity lifecycle changed event received but ignored because the intent does not match. startActivityIntent=Intent { act=android.intent.action.MAIN cat=[android.intent.category.LAUNCHER] cmp=com.example.dogglers/.GridListActivity }, activity.getIntent()=Intent { act=android.intent.action.MAIN cat=[android.intent.category.LAUNCHER] flg=0x10008000 cmp=com.example.dogglers/androidx.test.core.app.InstrumentationActivityInvoker$BootstrapActivity (has extras) }, activity=androidx.test.core.app.InstrumentationActivityInvoker$BootstrapActivity@1316f94
09-25 13:19:24.565  3108  3145 D InputDispatcher: Focus left window (0): c7375dc com.sec.android.app.launcher/com.sec.android.app.launcher.activities.LauncherActivity
09-25 13:19:24.565  5369  5369 I ViewRootImpl@7533534[LauncherActivity]: MSG_WINDOW_FOCUS_CHANGED 0 0
09-25 13:19:24.565  5369  5369 I BaseActivity: removeActivityFlags, flags : 8
09-25 13:19:24.565  4768  4864 D MobileStatusTracker(0/1): onSignalStrengthsChanged level=2, vendorLevel=2
09-25 13:19:24.565  4768  4864 D MobileSignalController(0/1): notifyListener: enabled=true, connected=true, dataConnected=false, networkType=IWLAN (LTE_ATT), emergencyOnly=false, roaming=false, isDefault=false, dataActivity=, level=2, ca=false, mmWave=false, disabledDataIcon=false, simCard=ETC
09-25 13:19:24.566  3108  3230 D EnterpriseDeviceManagerService: isMdmAdminPresentInternal() : MDM Admin Found - com.samsung.knox.securefolder
09-25 13:19:24.566  7272  7345 I EPDG -- SIM0 [SMARTCELLULAR]: onSignalStrengthsChanged: SignalStrength:{mCdma=Invalid,mGsm=Invalid,mWcdma=Invalid,mTdscdma=Invalid,mLte=CellSignalStrengthLte: rssi=-83 rsrp=-117 rsrq=-13 rssnr=-1 cqiTableIndex=2147483647 cqi=2147483647 ta=2147483647 level=2 parametersUseForLevel=0,mNr=Invalid,SignalBarInfo{ lteLevel=2 },rat=14,primary=CellSignalStrengthLte}
09-25 13:19:24.567  7272  7505 I EPDG -- SIM0 [SMARTCELLULAR]: lastLteRSRP is -116 currentLteRSRP is -117 lastLteRSRQ is -13 currentLteRSRQ is -13 lastLteSNR is 0 currentLteSNR is -1
09-25 13:19:24.567  4768  4864 D NetworkController: SignalStrength from intent slotId=0
09-25 13:19:24.567 15715 15751 I WindowsLink: (TaskInfoManager) +++++++++++onRecentTaskStackUpdated
09-25 13:19:24.569  3108  9815 V WindowManager: Relayout hash=ccb41d0, pid=4768, syncId=-1: mAttrs={(0,0)(fillxfill) sim={adjust=pan} ty=APPLICATION_STARTING fmt=TRANSLUCENT wanim=0x1030001
09-25 13:19:24.569  3108  9815 V WindowManager:   fl=81030118
09-25 13:19:24.569  3108  9815 V WindowManager:   pfl=16000010
09-25 13:19:24.569  3108  9815 V WindowManager:   bhv=DEFAULT
09-25 13:19:24.569  3108  9815 V WindowManager:   fitSides= naviIconColor=0}
09-25 13:19:24.569  4768  4843 D InsetsController: onStateChanged: InsetsState: {mDisplayFrame=Rect(0, 0 - 1440, 3088), mDisplayCutout=DisplayCutout{insets=Rect(0, 100 - 0, 0) waterfall=Insets{left=0, top=0, right=0, bottom=0} boundingRect={Bounds=[Rect(0, 0 - 0, 0), Rect(685, 0 - 756, 100), Rect(0, 0 - 0, 0), Rect(0, 0 - 0, 0)]} cutoutPathParserInfo={CutoutPathParserInfo{displayWidth=1440 displayHeight=3088 physicalDisplayWidth=1440 physicalDisplayHeight=3088 density={3.75} cutoutSpec={M 0,0 H -9.466666666666667 V 26.66666666666667‬ H 9.466666666666667 V 0 H 0 Z @dp} rotation={0} scale={1.0} physicalPixelDisplaySizeRatio={1.0}}}}, mRoundedCorners=RoundedCorners{[RoundedCorner{position=TopLeft, radius=14, center=Point(14, 14)}, RoundedCorner{position=TopRight, radius=14, center=Point(1426, 14)}, RoundedCorner{position=BottomRight, radius=14, center=Point(1426, 3074)}, RoundedCorner{position=BottomLeft, radius=14, center=Point(14, 3074)}]}  mRoundedCornerFrame=Rect(0, 0 - 1440, 3088), mPrivacyIndicatorBounds=PrivacyIndicatorBounds {static bounds=Rect(1286, 0 - 1440, 100) rotation=0}, mSources= { InsetsSource: {mType=ITYPE_STATUS_BAR, mFrame=[0,0][1440,100], mVisible=true, mInsetsRoundedCornerFrame=false}, InsetsSource: {mType=ITYPE_NAVIGATION_BAR, mFrame=[0,3088][1440,3088], mVisible=true, mInsetsRoundedCornerFrame=false}, InsetsSource: {mType=ITYPE_LEFT_GESTURES, mFrame=[0,0][0,3088], mVisible=true, mInsetsRoundedCornerFrame=false}, InsetsSource: {mType=ITYPE_RIGHT_GESTURES, mFrame=[1440,0][1440,3088], mVisible=true, mInsetsRoundedCornerFrame=false}, InsetsSource: {mType=ITYPE_TOP_MANDATORY_GESTURES, mFrame=[0,0][1440,142], mVisible=true, mInsetsRoundedCornerFrame=false}, InsetsSource: {mType=ITYPE_BOTTOM_MANDATORY_GESTURES, mFrame=[0,3018][1440,3088], mVisible=true, mInsetsRoundedCornerFrame=false}, InsetsSource: {mType=ITYPE_LEFT_DISPLAY_CUTOUT, mFrame=[0,0][-100000,3088], mVisible=true, mInsetsRoundedCornerFrame=false}, InsetsSource: {mType=ITYPE_TOP_DISPLAY_CUTOUT, mFrame=[0,0][1440,100], mVisible=true, mInsetsRoundedCornerFrame=false}, InsetsSource: {mType=ITYPE_RIGHT_DISPLAY_CUTOUT, mFrame=[100000,0][1440,3088], mVisible=true, mInsetsRoundedCornerFrame=false}, InsetsSource: {mType=ITYPE_BOTTOM_DISPLAY_CUTOUT, mFrame=[0,100000][1440,3088], mVisible=true, mInsetsRoundedCornerFrame=false}, InsetsSource: {mType=ITYPE_TOP_TAPPABLE_ELEMENT, mFrame=[0,0][1440,100], mVisible=true, mInsetsRoundedCornerFrame=false}, InsetsSource: {mType=ITYPE_BOTTOM_TAPPABLE_ELEMENT, mFrame=[0,0][0,0], mVisible=true, mInsetsRoundedCornerFrame=false}, InsetsSource: {mType=ITYPE_IME, mFrame=[0,0][0,0], mVisibleFrame=[0,3088][1440,3088], mVisible=false, mInsetsRoundedCornerFrame=false} } host=Splash Screen com.example.dogglers from=android.view.ViewRootImpl.relayoutWindow:9802
09-25 13:19:24.569  4768  4843 I ViewRootImpl@fa524f6[dogglers]: updateBlastSurfaceIfNeeded mBlastBufferQueue=null isSameSurfaceControl=false
09-25 13:19:24.570  4768  4843 I BLASTBufferQueue: new BLASTBufferQueue, mName= ViewRootImpl@fa524f6[dogglers] mNativeObject= 0xb400007705019c80 sc.mNativeObject= 0xb40000773222df60 caller= android.view.ViewRootImpl.updateBlastSurfaceIfNeeded:2909 android.view.ViewRootImpl.relayoutWindow:9847 android.view.ViewRootImpl.performTraversals:3884 android.view.ViewRootImpl.doTraversal:3116 android.view.ViewRootImpl$TraversalRunnable.run:10885 android.view.Choreographer$CallbackRecord.run:1301 android.view.Choreographer$CallbackRecord.run:1309 android.view.Choreographer.doCallbacks:923 android.view.Choreographer.doFrame:852 android.view.Choreographer$FrameDisplayEventReceiver.run:1283
09-25 13:19:24.570  4768  4843 I BLASTBufferQueue: update, w= 1440 h= 3088 mName = ViewRootImpl@fa524f6[dogglers] mNativeObject= 0xb400007705019c80 sc.mNativeObject= 0xb40000773222df60 format= -3 caller= android.graphics.BLASTBufferQueue.<init>:84 android.view.ViewRootImpl.updateBlastSurfaceIfNeeded:2909 android.view.ViewRootImpl.relayoutWindow:9847 android.view.ViewRootImpl.performTraversals:3884 android.view.ViewRootImpl.doTraversal:3116 android.view.ViewRootImpl$TraversalRunnable.run:10885
09-25 13:19:24.570  4768  4843 I ViewRootImpl@fa524f6[dogglers]: Relayout returned: old=(0,0,1440,3088) new=(0,0,1440,3088) req=(1440,3088)0 dur=8 res=0x3 s={true 0xb40000770091a000} ch=true seqId=0
09-25 13:19:24.570  4768  4843 I ViewRootImpl@fa524f6[dogglers]: performConfigurationChange setNightDimText nightDimLevel=0
09-25 13:19:24.570  4768  4843 I ViewRootImpl@fa524f6[dogglers]: mThreadedRenderer.initialize() mSurface={isValid=true 0xb40000770091a000} hwInitialized=true
09-25 13:19:24.570  4768  4851 D OpenGLRenderer: eglCreateWindowSurface
09-25 13:19:24.571  8130 22447 I [AirCmd]_ActivitySwitchDetector: onTaskFocusChanged : componentName - ComponentInfo{com.example.dogglers/androidx.test.core.app.InstrumentationActivityInvoker$BootstrapActivity}
09-25 13:19:24.571  8130 22447 I [AirCmd]_ActivitySwitchDetector: onTaskFocusChanged : mTopMostActivity - ComponentInfo{com.sec.android.app.launcher/com.android.launcher3.uioverrides.QuickstepLauncher}
09-25 13:19:24.571  1914  4196 I SurfaceFlinger: id=162273 createSurf, flag=80004, ActivityRecord{4e1bdbb u0 com.example.dogglers/.GridListActivity} t7113}#162273
09-25 13:19:24.572  8130 22447 I [AirCmd]_CallbackRepeater: stopRepeat : isWorking=false
09-25 13:19:24.572  8130 22447 I [AirCmd]_MediaControlStateMonitor: isForegroundAppSupportsMediaButton : mediaSession is empty
09-25 13:19:24.572  8130 22447 I [AirCmd]_MediaControlStateMonitor: active Notification List is null
09-25 13:19:24.572  8130 22447 I [AirCmd]_RemoteSpenMainController: hasGeneralAction : packageName is com.example.dogglers, activityName is androidx.test.core.app.InstrumentationActivityInvoker$BootstrapActivity, hasActions is false
09-25 13:19:24.572  8130 22447 I [AirCmd]_CameraAvailabilityMonitor: isCameraPreviewOn : mIsCameraPreviewOn is false
09-25 13:19:24.574  5369  5369 I BadgeRenderer: Invalid count : 0
09-25 13:19:24.576  5759  5759 E pageboostd: Received HALT command code 2
09-25 13:19:24.576  5639  5639 D LifecycleMonitor: Lifecycle status change: androidx.test.core.app.InstrumentationActivityInvoker$BootstrapActivity@1316f94 in: RESUMED
09-25 13:19:24.576  5639  5639 V ActivityScenario: Activity lifecycle changed event received but ignored because the intent does not match. startActivityIntent=Intent { act=android.intent.action.MAIN cat=[android.intent.category.LAUNCHER] cmp=com.example.dogglers/.GridListActivity }, activity.getIntent()=Intent { act=android.intent.action.MAIN cat=[android.intent.category.LAUNCHER] flg=0x10008000 cmp=com.example.dogglers/androidx.test.core.app.InstrumentationActivityInvoker$BootstrapActivity (has extras) }, activity=androidx.test.core.app.InstrumentationActivityInvoker$BootstrapActivity@1316f94
09-25 13:19:24.578  4768  4843 I ViewRootImpl@fa524f6[dogglers]: reportNextDraw android.view.ViewRootImpl.performTraversals:4438 android.view.ViewRootImpl.doTraversal:3116 android.view.ViewRootImpl$TraversalRunnable.run:10885 android.view.Choreographer$CallbackRecord.run:1301 android.view.Choreographer$CallbackRecord.run:1309
09-25 13:19:24.578  5639  5639 D LifecycleMonitor: Lifecycle status change: androidx.test.core.app.InstrumentationActivityInvoker$BootstrapActivity@1316f94 in: PAUSED
09-25 13:19:24.578  4768  4843 I ViewRootImpl@fa524f6[dogglers]: Setup new sync id=0
09-25 13:19:24.578  4768  4843 I ViewRootImpl@fa524f6[dogglers]: Setting syncFrameCallback
09-25 13:19:24.578  4768  4843 I ViewRootImpl@fa524f6[dogglers]: registerCallbacksForSync syncBuffer=false
09-25 13:19:24.578  5639  5639 V ActivityScenario: Activity lifecycle changed event received but ignored because the intent does not match. startActivityIntent=Intent { act=android.intent.action.MAIN cat=[android.intent.category.LAUNCHER] cmp=com.example.dogglers/.GridListActivity }, activity.getIntent()=Intent { act=android.intent.action.MAIN cat=[android.intent.category.LAUNCHER] flg=0x10008000 cmp=com.example.dogglers/androidx.test.core.app.InstrumentationActivityInvoker$BootstrapActivity (has extras) }, activity=androidx.test.core.app.InstrumentationActivityInvoker$BootstrapActivity@1316f94
09-25 13:19:24.579  4768  4860 I ViewRootImpl@fa524f6[dogglers]: Received frameDrawingCallback syncResult=0 frameNum=1.
09-25 13:19:24.579  4768  4860 I ViewRootImpl@fa524f6[dogglers]: Setting up sync and frameCommitCallback
09-25 13:19:24.579  8423  8423 I ActivityUtils: HomePackage : com.sec.android.app.launcher, resumePackageName : com.example.dogglers
09-25 13:19:24.579  3108  6142 I MediaSessionMonitor: Media session stopped : controllerList empty
09-25 13:19:24.580  4768  4851 I BLASTBufferQueue: [ViewRootImpl@fa524f6[dogglers]#3973](f:0,a:0) onFrameAvailable the first frame is available
09-25 13:19:24.580  3108  3145 D InputDispatcher: Focused application(0): ActivityRecord{4e1bdbb u0 com.example.dogglers/.GridListActivity} t7113}
09-25 13:19:24.580  4768  4851 I ViewRootImpl@fa524f6[dogglers]: Received frameCommittedCallback lastAttemptedDrawFrameNum=1 didProduceBuffer=true
09-25 13:19:24.581  4768  4851 D OpenGLRenderer: CFMS:: SetUp Pid : 4768    Tid : 4851
09-25 13:19:24.581  3108 29076 D RemoteAppTaskWatcher:  ****** RemoteAppTaskWatcher: Message Received 5 Task ID = 0
09-25 13:19:24.584  5639  5639 D LifecycleMonitor: Lifecycle status change: com.example.dogglers.GridListActivity@cf8ea71 in: PRE_ON_CREATE
09-25 13:19:24.584  5639  5639 V ActivityScenario: Activity lifecycle changed event received but ignored because the reported transition was not ON_CREATE while the last known transition was PRE_ON_CREATE
09-25 13:19:24.584  8130 22447 I [AirCmd]_CameraAvailabilityMonitor: isCameraPreviewOn : mIsCameraPreviewOn is false
09-25 13:19:24.585  4768  4843 I ViewRootImpl@fa524f6[dogglers]: onSyncComplete
09-25 13:19:24.585  8130 22447 I [AirCmd]_MediaControlStateMonitor: isForegroundAppSupportsMediaButton : mediaSession is empty
09-25 13:19:24.585  4768  4843 I ViewRootImpl@fa524f6[dogglers]: setupSync seqId=0 mSyncId=0 fn=1 caller=android.view.ViewRootImpl$$ExternalSyntheticLambda11.accept:6 android.window.SurfaceSyncer.lambda$setupSync$1$android-window-SurfaceSyncer:128 android.window.SurfaceSyncer$$ExternalSyntheticLambda1.accept:8 android.window.SurfaceSyncer$SyncSet.checkIfSyncIsComplete:382 android.window.SurfaceSyncer$SyncSet.markSyncReady:359 android.window.SurfaceSyncer.markSyncReady:151 android.view.ViewRootImpl.performTraversals:4503
09-25 13:19:24.585  4768  4843 I ViewRootImpl@fa524f6[dogglers]: reportDrawFinished seqId=0 mSyncId=-1 fn=1 mSurfaceChangedTransaction=0xb4000076d6a0f900
09-25 13:19:24.585  8130 22447 I [AirCmd]_MediaControlStateMonitor: active Notification List is null
09-25 13:19:24.585  8130 22447 I [AirCmd]_PenActionRule: getAction : get default action data from remote action because pen action data is null.
09-25 13:19:24.586  8130 22447 I [AirCmd]_ButtonActionDetector: enableDoubleClickDetection: enabled=true, doubleClickWaitInterval=300
09-25 13:19:24.586  8130 22447 I [AirCmd]_RemoteSpenMainController: onSwitch : package is com.example.dogglers   and activity is androidx.test.core.app.InstrumentationActivityInvoker$BootstrapActivity and isBleConnected is false and hasActions is false
09-25 13:19:24.587  5639  5639 I DecorView: [INFO] isPopOver=false config=true
09-25 13:19:24.587  5639  5639 I DecorView: updateCaptionType: isFloating=false isApplication=true hasWindowDecorCaption=false this=DecorView@b816bcf[]
09-25 13:19:24.587  5639  5639 D DecorView: setCaptionType = 0, this = DecorView@b816bcf[]
09-25 13:19:24.587 15715 15751 I WindowsLink: (TaskInfoManager) +++++++++++onRecentTaskStackUpdated
09-25 13:19:24.587  5639  5639 I DecorView: getCurrentDensityDpi: from real metrics. densityDpi=560 msg=resources_loaded
09-25 13:19:24.587  5639  5639 I DecorView: setWindowBackground: isPopOver=false color=ff121212 d=android.graphics.drawable.ColorDrawable@dc9d465
09-25 13:19:24.588  1914  3193 I SurfaceFlinger: id=162274 createSurf, flag=24000, Surface(name=Task=1)/@0xeddbc98 - animation-leash of app_transition#162274
09-25 13:19:24.590  5639  5639 D LifecycleMonitor: Lifecycle status change: com.example.dogglers.GridListActivity@cf8ea71 in: CREATED
09-25 13:19:24.590  5639  5639 V ActivityScenario: Update currentActivityStage to CREATED, currentActivity=com.example.dogglers.GridListActivity@cf8ea71
09-25 13:19:24.591  1914  3193 I SurfaceFlinger: id=162275 createSurf, flag=24004, Surface(name=Task=7113)/@0x68d44f0 - animation-leash of app_transition#162275
09-25 13:19:24.591  5639  5639 D LifecycleMonitor: Lifecycle status change: com.example.dogglers.GridListActivity@cf8ea71 in: STARTED
09-25 13:19:24.591  5639  5639 V ActivityScenario: Update currentActivityStage to STARTED, currentActivity=com.example.dogglers.GridListActivity@cf8ea71
09-25 13:19:24.591  5639  5639 D LifecycleMonitor: Lifecycle status change: com.example.dogglers.GridListActivity@cf8ea71 in: RESUMED
09-25 13:19:24.591  5639  5639 V ActivityScenario: Update currentActivityStage to RESUMED, currentActivity=com.example.dogglers.GridListActivity@cf8ea71
09-25 13:19:24.591  5639  5639 I MSHandlerLifeCycle: check: return. pkg=com.example.dogglers parent=null callers=com.android.internal.policy.DecorView.setVisibility:4412 android.app.ActivityThread.handleResumeActivity:5476 android.app.servertransaction.ResumeActivityItem.execute:54 android.app.servertransaction.ActivityTransactionItem.execute:45 android.app.servertransaction.TransactionExecutor.executeLifecycleState:176
09-25 13:19:24.591  5639  5639 I MSHandlerLifeCycle: removeMultiSplitHandler: no exist. decor=DecorView@b816bcf[]
09-25 13:19:24.593  5639  5729 D NativeCustomFrequencyManager: [NativeCFMS] BpCustomFrequencyManager::BpCustomFrequencyManager()
09-25 13:19:24.594  4768  4808 I ViewRootImpl@fa524f6[dogglers]: Resizing android.view.ViewRootImpl@b1f9593: frame = [0,0][1440,3088] reportDraw = false forceLayout = false syncSeqId = 0
09-25 13:19:24.594  4768  4843 I ViewRootImpl@fa524f6[dogglers]: handleResized, msg = 4 frames=ClientWindowFrames{frame=[0,0][1440,3088] display=[0,0][1440,3088] parentFrame=[0,0][0,0] parentClippedByDisplayCutout=false} forceNextWindowRelayout=false displayId=0 resizeMode=-1 frameChanged=false displayFrameChanged=false configChanged=false displayChanged=false
09-25 13:19:24.595  1914  3193 I SurfaceFlinger: id=162276 createSurf, flag=80000, 411b3b8 ActivityRecordInputSink com.example.dogglers/androidx.test.core.app.InstrumentationActivityInvoker$BootstrapActivity#162276
09-25 13:19:24.595  1914  3193 I SurfaceFlinger: id=162277 createSurf, flag=80000, 8d52a4a ActivityRecordInputSink com.example.dogglers/.GridListActivity#162277
09-25 13:19:24.596  1914  1914 I Layer   : Layer [Splash Screen com.example.dogglers$_4768#162272] hidden!! flag(0)
09-25 13:19:24.597  4768  4838 D Bubbles : onLocusVisibilityChanged: LocusId[17_chars] visible=false
09-25 13:19:24.598  3108  8626 D InputTransport: Input channel constructed: 'b6258f ', fd=1143
09-25 13:19:24.598  3108  8626 D InputTransport: Input channel constructed: 'b6258f ', fd=1249
09-25 13:19:24.598  3108  8626 D InputTransport: Input channel constructed: 'b6258f ', fd=1254
09-25 13:19:24.598  1914  3193 I SurfaceFlinger: id=162278 createSurf, flag=80004, b6258f com.example.dogglers/com.example.dogglers.GridListActivity#162278
09-25 13:19:24.601  3108  8626 D InputTransport: Input channel destroyed: 'b6258f ', fd=1254
09-25 13:19:24.601  5639  5639 D InsetsController: onStateChanged: InsetsState: {mDisplayFrame=Rect(0, 0 - 1440, 3088), mDisplayCutout=DisplayCutout{insets=Rect(0, 100 - 0, 0) waterfall=Insets{left=0, top=0, right=0, bottom=0} boundingRect={Bounds=[Rect(0, 0 - 0, 0), Rect(685, 0 - 756, 100), Rect(0, 0 - 0, 0), Rect(0, 0 - 0, 0)]} cutoutPathParserInfo={CutoutPathParserInfo{displayWidth=1440 displayHeight=3088 physicalDisplayWidth=1440 physicalDisplayHeight=3088 density={3.75} cutoutSpec={M 0,0 H -9.466666666666667 V 26.66666666666667‬ H 9.466666666666667 V 0 H 0 Z @dp} rotation={0} scale={1.0} physicalPixelDisplaySizeRatio={1.0}}}}, mRoundedCorners=RoundedCorners{[RoundedCorner{position=TopLeft, radius=14, center=Point(14, 14)}, RoundedCorner{position=TopRight, radius=14, center=Point(1426, 14)}, RoundedCorner{position=BottomRight, radius=14, center=Point(1426, 3074)}, RoundedCorner{position=BottomLeft, radius=14, center=Point(14, 3074)}]}  mRoundedCornerFrame=Rect(0, 0 - 1440, 3088), mPrivacyIndicatorBounds=PrivacyIndicatorBounds {static bounds=Rect(1286, 0 - 1440, 100) rotation=0}, mSources= { InsetsSource: {mType=ITYPE_STATUS_BAR, mFrame=[0,0][1440,100], mVisible=true, mInsetsRoundedCornerFrame=false}, InsetsSource: {mType=ITYPE_NAVIGATION_BAR, mFrame=[0,3088][1440,3088], mVisible=true, mInsetsRoundedCornerFrame=false}, InsetsSource: {mType=ITYPE_LEFT_GESTURES, mFrame=[0,0][0,3088], mVisible=true, mInsetsRoundedCornerFrame=false}, InsetsSource: {mType=ITYPE_RIGHT_GESTURES, mFrame=[1440,0][1440,3088], mVisible=true, mInsetsRoundedCornerFrame=false}, InsetsSource: {mType=ITYPE_TOP_MANDATORY_GESTURES, mFrame=[0,0][1440,142], mVisible=true, mInsetsRoundedCornerFrame=false}, InsetsSource: {mType=ITYPE_BOTTOM_MANDATORY_GESTURES, mFrame=[0,3018][1440,3088], mVisible=true, mInsetsRoundedCornerFrame=false}, InsetsSource: {mType=ITYPE_LEFT_DISPLAY_CUTOUT, mFrame=[0,0][-100000,3088], mVisible=true, mInsetsRoundedCornerFrame=false}, InsetsSource: {mType=ITYPE_TOP_DISPLAY_CUTOUT, mFrame=[0,0][1440,100], mVisible=true, mInsetsRoundedCornerFrame=false}, InsetsSource: {mType=ITYPE_RIGHT_DISPLAY_CUTOUT, mFrame=[100000,0][1440,3088], mVisible=true, mInsetsRoundedCornerFrame=false}, InsetsSource: {mType=ITYPE_BOTTOM_DISPLAY_CUTOUT, mFrame=[0,100000][1440,3088], mVisible=true, mInsetsRoundedCornerFrame=false}, InsetsSource: {mType=ITYPE_TOP_TAPPABLE_ELEMENT, mFrame=[0,0][1440,100], mVisible=true, mInsetsRoundedCornerFrame=false}, InsetsSource: {mType=ITYPE_BOTTOM_TAPPABLE_ELEMENT, mFrame=[0,0][0,0], mVisible=true, mInsetsRoundedCornerFrame=false}, InsetsSource: {mType=ITYPE_IME, mFrame=[0,0][0,0], mVisibleFrame=[0,3088][1440,3088], mVisible=false, mInsetsRoundedCornerFrame=false} } host=com.example.dogglers/com.example.dogglers.GridListActivity from=android.view.ViewRootImpl.setView:1732
09-25 13:19:24.602  3108  3230 I SemPersonaManager: SecureFolder personaId = 150
09-25 13:19:24.604  5639  5639 I ViewRootImpl@15ca18c[GridListActivity]: setView = com.android.internal.policy.DecorView@b816bcf TM=true
09-25 13:19:24.604  5639  5639 I MSHandlerLifeCycle: removeMultiSplitHandler: no exist. decor=DecorView@b816bcf[GridListActivity]
09-25 13:19:24.604  3108  3338 D AnalyticsContainerHandler: handleMessage : { when=0 what=1 target=com.android.server.knox.KnoxAnalyticsContainer$AnalyticsHandler }
09-25 13:19:24.605  3108  3230 D EnterpriseDeviceManagerService: isMdmAdminPresentInternal() : MDM Admin Found - com.samsung.knox.securefolder
09-25 13:19:24.606  5639  5639 I ViewRootImpl@15ca18c[GridListActivity]: performTraversals params={(0,0)(fillxfill) sim={adjust=resize forwardNavigation} ty=BASE_APPLICATION wanim=0x1030309
09-25 13:19:24.606  5639  5639 I ViewRootImpl@15ca18c[GridListActivity]:   fl=81810100
09-25 13:19:24.606  5639  5639 I ViewRootImpl@15ca18c[GridListActivity]:   pfl=12020040
09-25 13:19:24.606  5639  5639 I ViewRootImpl@15ca18c[GridListActivity]:   bhv=DEFAULT
09-25 13:19:24.606  5639  5639 I ViewRootImpl@15ca18c[GridListActivity]:   fitSides= naviIconColor=0}
09-25 13:19:24.607  5639  5639 I ViewRootImpl@15ca18c[GridListActivity]: performTraversals mFirst=true windowShouldResize=true viewVisibilityChanged=false mForceNextWindowRelayout=false params={(0,0)(fillxfill) sim={adjust=resize forwardNavigation} ty=BASE_APPLICATION wanim=0x1030309
09-25 13:19:24.607  5639  5639 I ViewRootImpl@15ca18c[GridListActivity]:   fl=81810100
09-25 13:19:24.607  5639  5639 I ViewRootImpl@15ca18c[GridListActivity]:   pfl=12020040
09-25 13:19:24.607  5639  5639 I ViewRootImpl@15ca18c[GridListActivity]:   bhv=DEFAULT
09-25 13:19:24.607  5639  5639 I ViewRootImpl@15ca18c[GridListActivity]:   fitSides= naviIconColor=0}
09-25 13:19:24.607  3108  6456 V WindowManager: Relayout Window{b6258f u0 com.example.dogglers/com.example.dogglers.GridListActivity}: viewVisibility=0 req=1440x3088 d0
09-25 13:19:24.607  1914  3193 I SurfaceFlinger: id=162279 createSurf, flag=40004, com.example.dogglers/com.example.dogglers.GridListActivity$_5639#162279
09-25 13:19:24.608  8423  8423 I ActivityUtils: HomePackage : com.sec.android.app.launcher, resumePackageName : com.example.dogglers
09-25 13:19:24.611  1914  3193 I SurfaceFlinger: id=162280 createSurf, flag=24000, Surface(name=4eb27f5 StatusBar)/@0x43fa543 - animation-leash of insets_animation#162280
09-25 13:19:24.611  1914  3193 I SurfaceFlinger: id=162281 createSurf, flag=24000, Surface(name=d110b4c NavigationBar0)/@0x8bdb781 - animation-leash of insets_animation#162281
09-25 13:19:24.612  5369 18503 I TouchInteractionService: onSystemUiStateChanged, stateFlags : 131120 |a11y_click|a11y_long_click|allow_gesture|
09-25 13:19:24.612  3108  6456 V WindowManager: Relayout hash=b6258f, pid=5639, syncId=-1: mAttrs={(0,0)(fillxfill) sim={adjust=resize forwardNavigation} ty=BASE_APPLICATION wanim=0x1030309
09-25 13:19:24.612  3108  6456 V WindowManager:   fl=81810100
09-25 13:19:24.612  3108  6456 V WindowManager:   pfl=12020040
09-25 13:19:24.612  3108  6456 V WindowManager:   bhv=DEFAULT
09-25 13:19:24.612  3108  6456 V WindowManager:   fitSides= naviIconColor=0}
09-25 13:19:24.612  5369  5369 I RecentsAnimationDeviceState: setSystemUiFlags, stateFlags : 131120
09-25 13:19:24.612  5369  5369 W SGestureOverlayWindow: setVisibilityGestureOverlayWindow, visibility = 0
09-25 13:19:24.612  5369  5369 I TouchInteractionService: onSystemUiFlagsChanged, lastSysUIFlags : 48
09-25 13:19:24.612  3108  6142 I MediaSessionMonitor: Media session stopped : controllerList empty
09-25 13:19:24.613  5639  5639 I ViewRootImpl@15ca18c[GridListActivity]: updateBlastSurfaceIfNeeded mBlastBufferQueue=null isSameSurfaceControl=false
09-25 13:19:24.613  5639  5639 I BLASTBufferQueue: new BLASTBufferQueue, mName= ViewRootImpl@15ca18c[GridListActivity] mNativeObject= 0xb4000077a1044d00 sc.mNativeObject= 0xb40000774d4bc7c0 caller= android.view.ViewRootImpl.updateBlastSurfaceIfNeeded:2909 android.view.ViewRootImpl.relayoutWindow:9847 android.view.ViewRootImpl.performTraversals:3884 android.view.ViewRootImpl.doTraversal:3116 android.view.ViewRootImpl$TraversalRunnable.run:10885 android.view.Choreographer$CallbackRecord.run:1301 android.view.Choreographer$CallbackRecord.run:1309 android.view.Choreographer.doCallbacks:923 android.view.Choreographer.doFrame:852 android.view.Choreographer$FrameDisplayEventReceiver.run:1283
09-25 13:19:24.613  5639  5639 I BLASTBufferQueue: update, w= 1440 h= 3088 mName = ViewRootImpl@15ca18c[GridListActivity] mNativeObject= 0xb4000077a1044d00 sc.mNativeObject= 0xb40000774d4bc7c0 format= -1 caller= android.graphics.BLASTBufferQueue.<init>:84 android.view.ViewRootImpl.updateBlastSurfaceIfNeeded:2909 android.view.ViewRootImpl.relayoutWindow:9847 android.view.ViewRootImpl.performTraversals:3884 android.view.ViewRootImpl.doTraversal:3116 android.view.ViewRootImpl$TraversalRunnable.run:10885
09-25 13:19:24.613  5639  5639 I ViewRootImpl@15ca18c[GridListActivity]: Relayout returned: old=(0,0,1440,3088) new=(0,0,1440,3088) req=(1440,3088)0 dur=6 res=0x3 s={true 0xb4000077185cc000} ch=true seqId=0
09-25 13:19:24.614  5639  5639 I ViewRootImpl@15ca18c[GridListActivity]: performConfigurationChange setNightDimText nightDimLevel=0
09-25 13:19:24.614  5639  5639 I ViewRootImpl@15ca18c[GridListActivity]: mThreadedRenderer.initialize() mSurface={isValid=true 0xb4000077185cc000} hwInitialized=true
09-25 13:19:24.615  5639  5729 D OpenGLRenderer: eglCreateWindowSurface
09-25 13:19:24.616  1914  1914 D SurfaceFlinger: Display 4630947093241269891 HWC layers:
09-25 13:19:24.616  1914  1914 D SurfaceFlinger:      CLIENT | 0xb400007af6c13480 | 0100 | RGBx_8888    |  592.0    0.0 1628.0 2220.0 |    0    0 1440 3088 | Wallpaper BBQ wrapper#90
09-25 13:19:24.616  1914  1914 D SurfaceFlinger:      CLIENT | 0xb400007af86b8680 | 0100 | RGBA_8888    |    0.0    0.0 1440.0 3088.0 |    0    0 1440 3088 | com.sec.android.app.launcher/com.sec[...]rActivity$_5369#162113 (blurRegions)
09-25 13:19:24.616  1914  1914 D SurfaceFlinger:      DEVICE | 0xb400007af86f4f00 | 0100 | RGBA_8888    |    0.0    0.0 1440.0 3088.0 |  105  225 1335 2863 | Splash Screen com.example.dogglers$_4768#162272
09-25 13:19:24.616  1914  1914 D SurfaceFlinger:      DEVICE | 0xb400007af6c14880 | 0100 | RGBA_8888    |    0.0    0.0 1440.0  100.0 |    0    0 1440  100 | StatusBar$_4768#95
09-25 13:19:24.616  1914  1914 D SurfaceFlinger:      DEVICE | 0xb400007af8705400 | 0100 | RGBA_8888    |    0.0    0.0   67.0  589.0 |    0  562   67 1151 | com.samsung.android.app.cocktailbars[...]vice.CocktailBarService$_8423#156853
09-25 13:19:24.616  1914  1914 D SurfaceFlinger:      DEVICE | 0xb400007af8705500 | 0100 | RGBA_8888    |    0.0    0.0  518.0   48.0 |  922 3040 1440 3088 | SGestureOverlayWindow$_5369#156268
09-25 13:19:24.616  1914  1914 D SurfaceFlinger:      DEVICE | 0xb400007af6c15880 | 0100 | RGBA
09-25 13:19:24.616  1914  1914 D SurfaceFlinger: _8888    |    0.0    0.0 1440.0  168.0 |    0 2920 1440 3088 | NavigationBar0$_4768#92
09-25 13:19:24.616  1914  1914 D SurfaceFlinger:
09-25 13:19:24.621  1914  1914 I Layer   : id=162265 removedFromDrawingState Surface(name=d110b4c NavigationBar0)/@0x8bdb781 - animation-leash of insets_animation#162265 (333)
09-25 13:19:24.621  1914  1914 I Layer   : id=77 removedFromDrawingState d110b4c NavigationBar0#77 (333)
09-25 13:19:24.621  1914  1914 I Layer   : id=92 removedFromDrawingState NavigationBar0$_4768#92 (333)
09-25 13:19:24.622  1914  1914 I Layer   : id=162264 removedFromDrawingState Surface(name=4eb27f5 StatusBar)/@0x43fa543 - animation-leash of insets_animation#162264 (333)
09-25 13:19:24.622  1914  1914 I Layer   : id=77 addToCurrentState d110b4c NavigationBar0#77 (333)
09-25 13:19:24.622  1914  1914 I Layer   : id=92 addToCurrentState NavigationBar0$_4768#92 (333)
09-25 13:19:24.622  1914  1914 I SurfaceFlinger: [b6258f com.example.dogglers/com.example.dogglers.GridListActivity#162278] FrameRatePriority: 1
09-25 13:19:24.622  1914  1914 I SurfaceFlinger: id=162265 Removed Surface(name=d110b4c NavigationBar0)/@0x8bdb781 - animation-leash of insets_animation#162265 (333)
09-25 13:19:24.622  1914  1914 I SurfaceFlinger: id=162264 Removed Surface(name=4eb27f5 StatusBar)/@0x43fa543 - animation-leash of insets_animation#162264 (333)
09-25 13:19:24.622  1914  1914 I Layer   : id=162264 Destroyed Surface(name=4eb27f5 StatusBar)/@0x43fa543 - animation-leash of insets_animation#162264
09-25 13:19:24.622  1914  1914 I Layer   : id=162265 Destroyed Surface(name=d110b4c NavigationBar0)/@0x8bdb781 - animation-leash of insets_animation#162265
09-25 13:19:24.623  3108  4923 D InputDispatcher: Focus request (0): b6258f com.example.dogglers/com.example.dogglers.GridListActivity but waiting because NO_WINDOW
09-25 13:19:24.627  5639  5639 I ViewRootImpl@15ca18c[GridListActivity]: reportNextDraw android.view.ViewRootImpl.performTraversals:4438 android.view.ViewRootImpl.doTraversal:3116 android.view.ViewRootImpl$TraversalRunnable.run:10885 android.view.Choreographer$CallbackRecord.run:1301 android.view.Choreographer$CallbackRecord.run:1309
09-25 13:19:24.627  5639  5639 I ViewRootImpl@15ca18c[GridListActivity]: Setup new sync id=0
09-25 13:19:24.627  5639  5639 I ViewRootImpl@15ca18c[GridListActivity]: Setting syncFrameCallback
09-25 13:19:24.627  5639  5639 I ViewRootImpl@15ca18c[GridListActivity]: registerCallbacksForSync syncBuffer=false
09-25 13:19:24.631  5639  5771 I ViewRootImpl@15ca18c[GridListActivity]: Received frameDrawingCallback syncResult=0 frameNum=1.
09-25 13:19:24.631  5639  5771 I ViewRootImpl@15ca18c[GridListActivity]: Setting up sync and frameCommitCallback
09-25 13:19:24.632  5639  5729 I BLASTBufferQueue: [ViewRootImpl@15ca18c[GridListActivity]#27](f:0,a:0) onFrameAvailable the first frame is available
09-25 13:19:24.632  5639  5729 I ViewRootImpl@15ca18c[GridListActivity]: Received frameCommittedCallback lastAttemptedDrawFrameNum=1 didProduceBuffer=true
09-25 13:19:24.633  5639  5729 D OpenGLRenderer: CFMS:: SetUp Pid : 5639    Tid : 5729
09-25 13:19:24.636  5639  5639 I ViewRootImpl@15ca18c[GridListActivity]: onSyncComplete
09-25 13:19:24.636  5639  5639 I ViewRootImpl@15ca18c[GridListActivity]: setupSync seqId=0 mSyncId=0 fn=1 caller=android.view.ViewRootImpl$$ExternalSyntheticLambda11.accept:6 android.window.SurfaceSyncer.lambda$setupSync$1$android-window-SurfaceSyncer:128 android.window.SurfaceSyncer$$ExternalSyntheticLambda1.accept:8 android.window.SurfaceSyncer$SyncSet.checkIfSyncIsComplete:382 android.window.SurfaceSyncer$SyncSet.markSyncReady:359 android.window.SurfaceSyncer.markSyncReady:151 android.view.ViewRootImpl.performTraversals:4503
09-25 13:19:24.636  5639  5639 I ViewRootImpl@15ca18c[GridListActivity]: reportDrawFinished seqId=0 mSyncId=-1 fn=1 mSurfaceChangedTransaction=0xb40000772b294600
09-25 13:19:24.640  3108  3227 W ziparchive: Unable to open '/data/app/~~ATcZRD0F-LmHTuxfrkuUPg==/com.example.dogglers-ejGvQ7nyEoA-Sr0nwgcZYw==/base.dm': No such file or directory
09-25 13:19:24.640  5639  5639 D RootViewPicker: Root not ready - waiting: 10ms for one to appear.
09-25 13:19:24.640  3108  3227 I PkgPredictorService-SecIpmManagerServiceImpl: reportToNAP uid:10577 com.example.dogglers/com.example.dogglers.GridListActivity thisTime:108
09-25 13:19:24.641  1914  3199 I SurfaceFlinger: id=162282 createSurf, flag=24000, Surface(name=b6258f com.example.dogglers/com.example.dogglers.GridListActivity)/@0xc93d111 - animation-leash of starting_reveal#162282
09-25 13:19:24.641  3108  3227 I ActivityTaskManager: Displayed com.example.dogglers/.GridListActivity: +108ms
09-25 13:19:24.642  5759  5759 E pageboostd: Received HALT command code 2
09-25 13:19:24.646  3108  8626 I SemDvfsHyPerManager: acquire hyper - AMS_RESUME_TAIL/3108@20, type = -999
09-25 13:19:24.646  3108  8626 I SemDvfsHyPerManager: acquire hyper - AMS_ACT_LAZY/3108@21, type = -999
09-25 13:19:24.646  1809  1855 I HYPER-HAL: [RequestManager.cpp]acquire(): Acquired ID : 4893776  [3108 / 20]    HINT : AMS_RESUME_TAIL    list :
